=== Mon Sep 21 15:54:36 CST 2026 === starting
=== Mon Sep 21 15:54:37 CST 2026 === amd64 crypto_kem/ntruplus768
=== Mon Sep 21 15:54:37 CST 2026 === sticky crypto_kem/ntruplus768/aarch64
=== Mon Sep 21 15:54:37 CST 2026 === amd64 crypto_kem/ntruplus768/avx2-gt32-clean constbranchindex
=== Mon Sep 21 15:54:37 CST 2026 === amd64 crypto_kem/ntruplus768/avx2-gt32-clean constbranchindex gcc -march=native -mtune=native -O3 -fwrapv -fPIC -fPIE -gdwarf-4 -Wall
=== Mon Sep 21 15:54:41 CST 2026 === amd64 crypto_kem/ntruplus768/avx2-gt32-clean constbranchindex gcc -march=native -mtune=native -Os -fwrapv -fPIC -fPIE -gdwarf-4 -Wall
=== Mon Sep 21 15:54:45 CST 2026 === amd64 crypto_kem/ntruplus768/avx2-gt32-clean constbranchindex gcc -march=native -mtune=native -O2 -fwrapv -fPIC -fPIE -gdwarf-4 -Wall
=== Mon Sep 21 15:54:50 CST 2026 === amd64 crypto_kem/ntruplus768/avx2-gt32-clean constbranchindex gcc -march=native -mtune=native -O -fwrapv -fPIC -fPIE -gdwarf-4 -Wall
=== Mon Sep 21 15:54:54 CST 2026 === sticky crypto_kem/ntruplus768/avx2-officialopt-fused-exp001
=== Mon Sep 21 15:54:54 CST 2026 === sticky crypto_kem/ntruplus768/avx2
=== Mon Sep 21 15:54:54 CST 2026 === sticky crypto_kem/ntruplus768/opt
=== Mon Sep 21 15:54:54 CST 2026 === sticky crypto_kem/ntruplus768/ref
=== Mon Sep 21 15:54:54 CST 2026 === amd64 crypto_kem/ntruplus768 constbranchindex measuring
=== Mon Sep 21 15:54:54 CST 2026 === sticky crypto_kem/ntruplus768/aarch64
=== Mon Sep 21 15:54:54 CST 2026 === sticky crypto_kem/ntruplus768/avx2-officialopt-fused-exp001
=== Mon Sep 21 15:54:54 CST 2026 === sticky crypto_kem/ntruplus768/avx2
=== Mon Sep 21 15:54:54 CST 2026 === sticky crypto_kem/ntruplus768/opt
=== Mon Sep 21 15:54:54 CST 2026 === sticky crypto_kem/ntruplus768/ref
=== Mon Sep 21 15:54:54 CST 2026 === finishing
=== Mon Sep 21 15:54:54 CST 2026 === database size for this run:    472   5672 114752 /tmp/ntruplus768-official-opt-campaign-20260921/bench/nucpromtlhcubinucai1ummsb209/data
