cpucycles tracesetup 0 amd64-perfpmcff precision 0 scaling 0.000000 only32 0
cpucycles tracesetup 1 amd64-perfpmc precision 0 scaling 0.000000 only32 0
cpucycles tracesetup 2 amd64-pmcff precision 0 scaling 0.000000 only32 0
cpucycles tracesetup 3 amd64-tsc precision 1016 scaling 0.467415 only32 0
cpucycles tracesetup 4 amd64-tscasm precision 1025 scaling 0.467415 only32 0
cpucycles tracesetup 5 default-perfevent precision 204 scaling 1.000000 only32 0
cpucycles tracesetup 6 default-mach precision 0 scaling 0.000000 only32 0
cpucycles tracesetup 7 default-monotonic precision 1075 scaling 1.400000 only32 0
cpucycles tracesetup 8 default-gettimeofday precision 2440 scaling 1400.000000 only32 0
cpucycles tracesetup 9 default-zero precision 0 scaling 0.000000 only32 0
region,variant,block,observation,cycles
0,0,0,0,1232
0,0,0,1,1168
0,0,0,2,1191
0,0,0,3,1162
0,0,0,4,1166
0,0,0,5,1273
0,0,0,6,1312
0,0,0,7,1212
0,0,0,8,1075
0,0,0,9,988
0,0,0,10,982
0,0,0,11,942
0,0,0,12,960
0,0,0,13,936
0,0,0,14,959
0,0,0,15,945
0,0,0,16,958
0,0,0,17,969
0,0,0,18,929
0,0,0,19,968
0,0,0,20,958
0,0,0,21,950
0,0,0,22,962
0,0,0,23,986
0,0,0,24,953
0,0,0,25,939
0,0,0,26,963
0,0,0,27,955
0,0,0,28,969
0,0,0,29,971
0,0,0,30,971
0,0,0,31,979
0,0,0,32,960
0,0,0,33,988
0,0,0,34,950
0,0,0,35,967
0,0,0,36,973
0,0,0,37,964
0,0,0,38,970
0,0,0,39,969
0,0,0,40,954
0,0,0,41,987
0,0,0,42,975
0,0,0,43,968
0,0,0,44,953
0,0,0,45,950
0,0,0,46,946
0,0,0,47,986
0,0,0,48,990
0,0,0,49,961
0,0,0,50,969
0,0,0,51,964
0,0,0,52,974
0,0,0,53,961
0,0,0,54,983
0,0,0,55,971
0,0,0,56,971
0,0,0,57,968
0,0,0,58,990
0,0,0,59,974
0,0,0,60,977
0,0,0,61,982
0,0,0,62,971
0,0,0,63,983
0,1,0,0,1039
0,1,0,1,1021
0,1,0,2,1011
0,1,0,3,997
0,1,0,4,1006
0,1,0,5,1013
0,1,0,6,999
0,1,0,7,1007
0,1,0,8,992
0,1,0,9,977
0,1,0,10,997
0,1,0,11,1013
0,1,0,12,972
0,1,0,13,993
0,1,0,14,1002
0,1,0,15,1002
0,1,0,16,999
0,1,0,17,996
0,1,0,18,1010
0,1,0,19,1017
0,1,0,20,1004
0,1,0,21,991
0,1,0,22,997
0,1,0,23,987
0,1,0,24,969
0,1,0,25,978
0,1,0,26,999
0,1,0,27,989
0,1,0,28,990
0,1,0,29,987
0,1,0,30,1004
0,1,0,31,990
0,1,0,32,974
0,1,0,33,1006
0,1,0,34,977
0,1,0,35,1000
0,1,0,36,985
0,1,0,37,1002
0,1,0,38,984
0,1,0,39,1006
0,1,0,40,1001
0,1,0,41,1014
0,1,0,42,1001
0,1,0,43,1007
0,1,0,44,1006
0,1,0,45,985
0,1,0,46,987
0,1,0,47,992
0,1,0,48,1002
0,1,0,49,1009
0,1,0,50,1001
0,1,0,51,1006
0,1,0,52,1017
0,1,0,53,1003
0,1,0,54,991
0,1,0,55,988
0,1,0,56,987
0,1,0,57,1001
0,1,0,58,993
0,1,0,59,974
0,1,0,60,1001
0,1,0,61,972
0,1,0,62,997
0,1,0,63,997
0,1,1,0,982
0,1,1,1,1003
0,1,1,2,1003
0,1,1,3,999
0,1,1,4,994
0,1,1,5,1007
0,1,1,6,995
0,1,1,7,1000
0,1,1,8,982
0,1,1,9,993
0,1,1,10,966
0,1,1,11,987
0,1,1,12,992
0,1,1,13,1003
0,1,1,14,983
0,1,1,15,989
0,1,1,16,999
0,1,1,17,1009
0,1,1,18,988
0,1,1,19,1006
0,1,1,20,1009
0,1,1,21,1014
0,1,1,22,1004
0,1,1,23,1005
0,1,1,24,1017
0,1,1,25,1002
0,1,1,26,1004
0,1,1,27,1007
0,1,1,28,1040
0,1,1,29,995
0,1,1,30,997
0,1,1,31,986
0,1,1,32,1008
0,1,1,33,990
0,1,1,34,975
0,1,1,35,1007
0,1,1,36,1007
0,1,1,37,1013
0,1,1,38,988
0,1,1,39,1012
0,1,1,40,1009
0,1,1,41,1012
0,1,1,42,994
0,1,1,43,1001
0,1,1,44,986
0,1,1,45,1013
0,1,1,46,998
0,1,1,47,995
0,1,1,48,993
0,1,1,49,992
0,1,1,50,997
0,1,1,51,997
0,1,1,52,1012
0,1,1,53,1034
0,1,1,54,1011
0,1,1,55,1020
0,1,1,56,995
0,1,1,57,1018
0,1,1,58,1000
0,1,1,59,1007
0,1,1,60,1000
0,1,1,61,992
0,1,1,62,1003
0,1,1,63,997
0,0,1,0,990
0,0,1,1,983
0,0,1,2,969
0,0,1,3,970
0,0,1,4,974
0,0,1,5,982
0,0,1,6,973
0,0,1,7,992
0,0,1,8,981
0,0,1,9,974
0,0,1,10,958
0,0,1,11,969
0,0,1,12,980
0,0,1,13,982
0,0,1,14,962
0,0,1,15,970
0,0,1,16,965
0,0,1,17,971
0,0,1,18,962
0,0,1,19,978
0,0,1,20,968
0,0,1,21,973
0,0,1,22,969
0,0,1,23,971
0,0,1,24,997
0,0,1,25,963
0,0,1,26,983
0,0,1,27,980
0,0,1,28,986
0,0,1,29,966
0,0,1,30,979
0,0,1,31,967
0,0,1,32,987
0,0,1,33,982
0,0,1,34,974
0,0,1,35,976
0,0,1,36,979
0,0,1,37,969
0,0,1,38,982
0,0,1,39,990
0,0,1,40,977
0,0,1,41,973
0,0,1,42,993
0,0,1,43,988
0,0,1,44,974
0,0,1,45,988
0,0,1,46,978
0,0,1,47,981
0,0,1,48,990
0,0,1,49,978
0,0,1,50,959
0,0,1,51,985
0,0,1,52,993
0,0,1,53,970
0,0,1,54,983
0,0,1,55,982
0,0,1,56,986
0,0,1,57,969
0,0,1,58,1302
0,0,1,59,1220
0,0,1,60,1311
0,0,1,61,1439
0,0,1,62,1335
0,0,1,63,1181
0,0,2,0,1014
0,0,2,1,969
0,0,2,2,967
0,0,2,3,969
0,0,2,4,987
0,0,2,5,982
0,0,2,6,978
0,0,2,7,977
0,0,2,8,969
0,0,2,9,970
0,0,2,10,977
0,0,2,11,971
0,0,2,12,983
0,0,2,13,969
0,0,2,14,976
0,0,2,15,978
0,0,2,16,965
0,0,2,17,979
0,0,2,18,986
0,0,2,19,972
0,0,2,20,962
0,0,2,21,966
0,0,2,22,967
0,0,2,23,966
0,0,2,24,978
0,0,2,25,989
0,0,2,26,980
0,0,2,27,968
0,0,2,28,985
0,0,2,29,982
0,0,2,30,986
0,0,2,31,973
0,0,2,32,967
0,0,2,33,956
0,0,2,34,973
0,0,2,35,961
0,0,2,36,972
0,0,2,37,987
0,0,2,38,989
0,0,2,39,981
0,0,2,40,968
0,0,2,41,968
0,0,2,42,965
0,0,2,43,989
0,0,2,44,983
0,0,2,45,954
0,0,2,46,956
0,0,2,47,972
0,0,2,48,966
0,0,2,49,979
0,0,2,50,989
0,0,2,51,971
0,0,2,52,963
0,0,2,53,968
0,0,2,54,983
0,0,2,55,968
0,0,2,56,964
0,0,2,57,978
0,0,2,58,964
0,0,2,59,983
0,0,2,60,971
0,0,2,61,973
0,0,2,62,979
0,0,2,63,976
0,1,2,0,975
0,1,2,1,1021
0,1,2,2,1022
0,1,2,3,1024
0,1,2,4,1032
0,1,2,5,1002
0,1,2,6,990
0,1,2,7,1012
0,1,2,8,1010
0,1,2,9,980
0,1,2,10,994
0,1,2,11,1022
0,1,2,12,997
0,1,2,13,1007
0,1,2,14,1026
0,1,2,15,1020
0,1,2,16,987
0,1,2,17,982
0,1,2,18,1002
0,1,2,19,1033
0,1,2,20,1000
0,1,2,21,1005
0,1,2,22,987
0,1,2,23,1004
0,1,2,24,1004
0,1,2,25,1008
0,1,2,26,997
0,1,2,27,1023
0,1,2,28,1001
0,1,2,29,994
0,1,2,30,1003
0,1,2,31,974
0,1,2,32,997
0,1,2,33,1017
0,1,2,34,992
0,1,2,35,1011
0,1,2,36,983
0,1,2,37,1006
0,1,2,38,980
0,1,2,39,1014
0,1,2,40,1004
0,1,2,41,1006
0,1,2,42,988
0,1,2,43,1010
0,1,2,44,985
0,1,2,45,1001
0,1,2,46,1002
0,1,2,47,1003
0,1,2,48,1023
0,1,2,49,987
0,1,2,50,1004
0,1,2,51,982
0,1,2,52,1002
0,1,2,53,1011
0,1,2,54,1004
0,1,2,55,981
0,1,2,56,985
0,1,2,57,1010
0,1,2,58,994
0,1,2,59,992
0,1,2,60,999
0,1,2,61,985
0,1,2,62,987
0,1,2,63,996
0,1,3,0,967
0,1,3,1,983
0,1,3,2,960
0,1,3,3,1020
0,1,3,4,998
0,1,3,5,1020
0,1,3,6,1004
0,1,3,7,1015
0,1,3,8,1004
0,1,3,9,1014
0,1,3,10,1008
0,1,3,11,1008
0,1,3,12,1014
0,1,3,13,1003
0,1,3,14,1012
0,1,3,15,984
0,1,3,16,989
0,1,3,17,998
0,1,3,18,994
0,1,3,19,987
0,1,3,20,993
0,1,3,21,1008
0,1,3,22,1007
0,1,3,23,985
0,1,3,24,1012
0,1,3,25,1011
0,1,3,26,1396
0,1,3,27,1000
0,1,3,28,1000
0,1,3,29,1004
0,1,3,30,994
0,1,3,31,1004
0,1,3,32,1012
0,1,3,33,1021
0,1,3,34,1015
0,1,3,35,995
0,1,3,36,1002
0,1,3,37,1003
0,1,3,38,988
0,1,3,39,1001
0,1,3,40,985
0,1,3,41,1002
0,1,3,42,991
0,1,3,43,1007
0,1,3,44,1016
0,1,3,45,1008
0,1,3,46,983
0,1,3,47,1019
0,1,3,48,993
0,1,3,49,991
0,1,3,50,1002
0,1,3,51,985
0,1,3,52,1019
0,1,3,53,1007
0,1,3,54,998
0,1,3,55,993
0,1,3,56,987
0,1,3,57,970
0,1,3,58,968
0,1,3,59,1014
0,1,3,60,995
0,1,3,61,993
0,1,3,62,1000
0,1,3,63,993
0,0,3,0,965
0,0,3,1,998
0,0,3,2,995
0,0,3,3,979
0,0,3,4,1004
0,0,3,5,969
0,0,3,6,980
0,0,3,7,981
0,0,3,8,1003
0,0,3,9,984
0,0,3,10,982
0,0,3,11,966
0,0,3,12,984
0,0,3,13,963
0,0,3,14,990
0,0,3,15,989
0,0,3,16,971
0,0,3,17,981
0,0,3,18,966
0,0,3,19,977
0,0,3,20,975
0,0,3,21,959
0,0,3,22,970
0,0,3,23,979
0,0,3,24,972
0,0,3,25,967
0,0,3,26,975
0,0,3,27,975
0,0,3,28,960
0,0,3,29,969
0,0,3,30,972
0,0,3,31,971
0,0,3,32,978
0,0,3,33,986
0,0,3,34,976
0,0,3,35,955
0,0,3,36,970
0,0,3,37,982
0,0,3,38,1003
0,0,3,39,982
0,0,3,40,978
0,0,3,41,973
0,0,3,42,969
0,0,3,43,981
0,0,3,44,992
0,0,3,45,966
0,0,3,46,951
0,0,3,47,968
0,0,3,48,951
0,0,3,49,978
0,0,3,50,970
0,0,3,51,976
0,0,3,52,949
0,0,3,53,974
0,0,3,54,959
0,0,3,55,977
0,0,3,56,975
0,0,3,57,968
0,0,3,58,969
0,0,3,59,961
0,0,3,60,964
0,0,3,61,982
0,0,3,62,969
0,0,3,63,966
0,0,4,0,972
0,0,4,1,958
0,0,4,2,944
0,0,4,3,979
0,0,4,4,960
0,0,4,5,974
0,0,4,6,956
0,0,4,7,963
0,0,4,8,997
0,0,4,9,980
0,0,4,10,978
0,0,4,11,982
0,0,4,12,952
0,0,4,13,967
0,0,4,14,967
0,0,4,15,957
0,0,4,16,946
0,0,4,17,962
0,0,4,18,955
0,0,4,19,966
0,0,4,20,985
0,0,4,21,975
0,0,4,22,982
0,0,4,23,966
0,0,4,24,972
0,0,4,25,939
0,0,4,26,974
0,0,4,27,971
0,0,4,28,965
0,0,4,29,976
0,0,4,30,963
0,0,4,31,963
0,0,4,32,968
0,0,4,33,968
0,0,4,34,984
0,0,4,35,972
0,0,4,36,987
0,0,4,37,992
0,0,4,38,962
0,0,4,39,972
0,0,4,40,966
0,0,4,41,994
0,0,4,42,982
0,0,4,43,962
0,0,4,44,971
0,0,4,45,956
0,0,4,46,983
0,0,4,47,975
0,0,4,48,945
0,0,4,49,986
0,0,4,50,977
0,0,4,51,1422
0,0,4,52,1193
0,0,4,53,1677
0,0,4,54,1527
0,0,4,55,1084
0,0,4,56,1154
0,0,4,57,975
0,0,4,58,971
0,0,4,59,951
0,0,4,60,969
0,0,4,61,974
0,0,4,62,962
0,0,4,63,962
0,1,4,0,974
0,1,4,1,1007
0,1,4,2,1000
0,1,4,3,1030
0,1,4,4,1007
0,1,4,5,991
0,1,4,6,1008
0,1,4,7,993
0,1,4,8,998
0,1,4,9,1004
0,1,4,10,1007
0,1,4,11,1010
0,1,4,12,983
0,1,4,13,1009
0,1,4,14,995
0,1,4,15,1005
0,1,4,16,998
0,1,4,17,1004
0,1,4,18,987
0,1,4,19,981
0,1,4,20,997
0,1,4,21,990
0,1,4,22,990
0,1,4,23,980
0,1,4,24,1016
0,1,4,25,993
0,1,4,26,983
0,1,4,27,976
0,1,4,28,981
0,1,4,29,1000
0,1,4,30,994
0,1,4,31,1000
0,1,4,32,997
0,1,4,33,1011
0,1,4,34,996
0,1,4,35,1011
0,1,4,36,1015
0,1,4,37,999
0,1,4,38,1002
0,1,4,39,1027
0,1,4,40,999
0,1,4,41,1003
0,1,4,42,981
0,1,4,43,991
0,1,4,44,984
0,1,4,45,991
0,1,4,46,983
0,1,4,47,1009
0,1,4,48,993
0,1,4,49,994
0,1,4,50,991
0,1,4,51,1001
0,1,4,52,1001
0,1,4,53,1023
0,1,4,54,999
0,1,4,55,1005
0,1,4,56,990
0,1,4,57,1006
0,1,4,58,998
0,1,4,59,999
0,1,4,60,1004
0,1,4,61,990
0,1,4,62,1015
0,1,4,63,991
0,1,5,0,983
0,1,5,1,996
0,1,5,2,988
0,1,5,3,983
0,1,5,4,994
0,1,5,5,983
0,1,5,6,980
0,1,5,7,966
0,1,5,8,988
0,1,5,9,971
0,1,5,10,986
0,1,5,11,988
0,1,5,12,993
0,1,5,13,987
0,1,5,14,977
0,1,5,15,979
0,1,5,16,991
0,1,5,17,966
0,1,5,18,979
0,1,5,19,1000
0,1,5,20,993
0,1,5,21,973
0,1,5,22,995
0,1,5,23,983
0,1,5,24,976
0,1,5,25,986
0,1,5,26,996
0,1,5,27,1002
0,1,5,28,984
0,1,5,29,996
0,1,5,30,973
0,1,5,31,1017
0,1,5,32,995
0,1,5,33,996
0,1,5,34,991
0,1,5,35,1001
0,1,5,36,993
0,1,5,37,993
0,1,5,38,978
0,1,5,39,980
0,1,5,40,989
0,1,5,41,1000
0,1,5,42,1003
0,1,5,43,1016
0,1,5,44,1008
0,1,5,45,997
0,1,5,46,1001
0,1,5,47,974
0,1,5,48,1007
0,1,5,49,1002
0,1,5,50,1002
0,1,5,51,984
0,1,5,52,995
0,1,5,53,979
0,1,5,54,985
0,1,5,55,997
0,1,5,56,989
0,1,5,57,1008
0,1,5,58,985
0,1,5,59,1009
0,1,5,60,1014
0,1,5,61,1011
0,1,5,62,1004
0,1,5,63,994
0,0,5,0,954
0,0,5,1,979
0,0,5,2,966
0,0,5,3,978
0,0,5,4,974
0,0,5,5,987
0,0,5,6,976
0,0,5,7,971
0,0,5,8,970
0,0,5,9,962
0,0,5,10,975
0,0,5,11,974
0,0,5,12,992
0,0,5,13,973
0,0,5,14,952
0,0,5,15,952
0,0,5,16,971
0,0,5,17,983
0,0,5,18,976
0,0,5,19,965
0,0,5,20,988
0,0,5,21,983
0,0,5,22,977
0,0,5,23,974
0,0,5,24,976
0,0,5,25,984
0,0,5,26,979
0,0,5,27,967
0,0,5,28,983
0,0,5,29,968
0,0,5,30,977
0,0,5,31,966
0,0,5,32,1000
0,0,5,33,979
0,0,5,34,973
0,0,5,35,971
0,0,5,36,962
0,0,5,37,973
0,0,5,38,982
0,0,5,39,967
0,0,5,40,977
0,0,5,41,986
0,0,5,42,976
0,0,5,43,976
0,0,5,44,970
0,0,5,45,966
0,0,5,46,973
0,0,5,47,970
0,0,5,48,975
0,0,5,49,997
0,0,5,50,978
0,0,5,51,974
0,0,5,52,980
0,0,5,53,986
0,0,5,54,979
0,0,5,55,979
0,0,5,56,978
0,0,5,57,978
0,0,5,58,984
0,0,5,59,968
0,0,5,60,985
0,0,5,61,989
0,0,5,62,982
0,0,5,63,995
0,0,6,0,962
0,0,6,1,979
0,0,6,2,950
0,0,6,3,968
0,0,6,4,965
0,0,6,5,967
0,0,6,6,968
0,0,6,7,943
0,0,6,8,971
0,0,6,9,955
0,0,6,10,964
0,0,6,11,962
0,0,6,12,961
0,0,6,13,973
0,0,6,14,977
0,0,6,15,966
0,0,6,16,966
0,0,6,17,967
0,0,6,18,940
0,0,6,19,983
0,0,6,20,971
0,0,6,21,966
0,0,6,22,985
0,0,6,23,980
0,0,6,24,974
0,0,6,25,954
0,0,6,26,963
0,0,6,27,967
0,0,6,28,976
0,0,6,29,970
0,0,6,30,983
0,0,6,31,958
0,0,6,32,984
0,0,6,33,963
0,0,6,34,973
0,0,6,35,964
0,0,6,36,953
0,0,6,37,957
0,0,6,38,980
0,0,6,39,981
0,0,6,40,968
0,0,6,41,991
0,0,6,42,983
0,0,6,43,968
0,0,6,44,979
0,0,6,45,950
0,0,6,46,958
0,0,6,47,970
0,0,6,48,971
0,0,6,49,968
0,0,6,50,976
0,0,6,51,975
0,0,6,52,959
0,0,6,53,950
0,0,6,54,955
0,0,6,55,957
0,0,6,56,985
0,0,6,57,961
0,0,6,58,972
0,0,6,59,972
0,0,6,60,964
0,0,6,61,971
0,0,6,62,971
0,0,6,63,978
0,1,6,0,974
0,1,6,1,1026
0,1,6,2,1022
0,1,6,3,998
0,1,6,4,1012
0,1,6,5,989
0,1,6,6,998
0,1,6,7,1014
0,1,6,8,1000
0,1,6,9,994
0,1,6,10,979
0,1,6,11,1006
0,1,6,12,984
0,1,6,13,1004
0,1,6,14,991
0,1,6,15,994
0,1,6,16,988
0,1,6,17,982
0,1,6,18,976
0,1,6,19,1005
0,1,6,20,990
0,1,6,21,994
0,1,6,22,977
0,1,6,23,996
0,1,6,24,1015
0,1,6,25,999
0,1,6,26,984
0,1,6,27,983
0,1,6,28,997
0,1,6,29,974
0,1,6,30,1008
0,1,6,31,985
0,1,6,32,992
0,1,6,33,967
0,1,6,34,986
0,1,6,35,981
0,1,6,36,992
0,1,6,37,994
0,1,6,38,991
0,1,6,39,1003
0,1,6,40,980
0,1,6,41,981
0,1,6,42,989
0,1,6,43,999
0,1,6,44,987
0,1,6,45,1535
0,1,6,46,1566
0,1,6,47,1706
0,1,6,48,1455
0,1,6,49,1156
0,1,6,50,1004
0,1,6,51,1007
0,1,6,52,989
0,1,6,53,990
0,1,6,54,971
0,1,6,55,987
0,1,6,56,1015
0,1,6,57,996
0,1,6,58,964
0,1,6,59,980
0,1,6,60,1002
0,1,6,61,1009
0,1,6,62,1014
0,1,6,63,994
0,1,7,0,970
0,1,7,1,998
0,1,7,2,1014
0,1,7,3,993
0,1,7,4,994
0,1,7,5,996
0,1,7,6,979
0,1,7,7,990
0,1,7,8,1000
0,1,7,9,1002
0,1,7,10,1006
0,1,7,11,1013
0,1,7,12,1000
0,1,7,13,968
0,1,7,14,1032
0,1,7,15,1007
0,1,7,16,987
0,1,7,17,994
0,1,7,18,1002
0,1,7,19,968
0,1,7,20,991
0,1,7,21,999
0,1,7,22,1010
0,1,7,23,1007
0,1,7,24,1010
0,1,7,25,999
0,1,7,26,994
0,1,7,27,995
0,1,7,28,984
0,1,7,29,1018
0,1,7,30,991
0,1,7,31,996
0,1,7,32,1014
0,1,7,33,1007
0,1,7,34,1007
0,1,7,35,1003
0,1,7,36,1015
0,1,7,37,997
0,1,7,38,1002
0,1,7,39,968
0,1,7,40,999
0,1,7,41,1000
0,1,7,42,993
0,1,7,43,992
0,1,7,44,1010
0,1,7,45,1018
0,1,7,46,1002
0,1,7,47,1008
0,1,7,48,1014
0,1,7,49,984
0,1,7,50,988
0,1,7,51,987
0,1,7,52,999
0,1,7,53,1023
0,1,7,54,991
0,1,7,55,997
0,1,7,56,976
0,1,7,57,1001
0,1,7,58,972
0,1,7,59,1006
0,1,7,60,1004
0,1,7,61,1007
0,1,7,62,1023
0,1,7,63,1016
0,0,7,0,960
0,0,7,1,990
0,0,7,2,989
0,0,7,3,1000
0,0,7,4,981
0,0,7,5,981
0,0,7,6,973
0,0,7,7,967
0,0,7,8,976
0,0,7,9,968
0,0,7,10,981
0,0,7,11,968
0,0,7,12,977
0,0,7,13,977
0,0,7,14,971
0,0,7,15,999
0,0,7,16,990
0,0,7,17,980
0,0,7,18,975
0,0,7,19,979
0,0,7,20,958
0,0,7,21,971
0,0,7,22,970
0,0,7,23,973
0,0,7,24,956
0,0,7,25,963
0,0,7,26,947
0,0,7,27,960
0,0,7,28,962
0,0,7,29,975
0,0,7,30,963
0,0,7,31,974
0,0,7,32,987
0,0,7,33,942
0,0,7,34,963
0,0,7,35,959
0,0,7,36,970
0,0,7,37,967
0,0,7,38,989
0,0,7,39,952
0,0,7,40,961
0,0,7,41,982
0,0,7,42,974
0,0,7,43,976
0,0,7,44,961
0,0,7,45,967
0,0,7,46,966
0,0,7,47,961
0,0,7,48,968
0,0,7,49,974
0,0,7,50,969
0,0,7,51,980
0,0,7,52,968
0,0,7,53,973
0,0,7,54,977
0,0,7,55,978
0,0,7,56,974
0,0,7,57,983
0,0,7,58,962
0,0,7,59,978
0,0,7,60,989
0,0,7,61,980
0,0,7,62,980
0,0,7,63,981
1,0,0,0,1175
1,0,0,1,1176
1,0,0,2,1181
1,0,0,3,1179
1,0,0,4,1181
1,0,0,5,1164
1,0,0,6,1173
1,0,0,7,1156
1,0,0,8,1174
1,0,0,9,1168
1,0,0,10,1174
1,0,0,11,1166
1,0,0,12,1153
1,0,0,13,1155
1,0,0,14,1166
1,0,0,15,1174
1,0,0,16,1181
1,0,0,17,1156
1,0,0,18,1168
1,0,0,19,1148
1,0,0,20,1153
1,0,0,21,1165
1,0,0,22,1154
1,0,0,23,1158
1,0,0,24,1165
1,0,0,25,1154
1,0,0,26,1159
1,0,0,27,1169
1,0,0,28,1158
1,0,0,29,1161
1,0,0,30,1160
1,0,0,31,1172
1,0,0,32,1165
1,0,0,33,1158
1,0,0,34,1170
1,0,0,35,1166
1,0,0,36,1180
1,0,0,37,1171
1,0,0,38,1171
1,0,0,39,1155
1,0,0,40,1165
1,0,0,41,1160
1,0,0,42,1170
1,0,0,43,1163
1,0,0,44,1158
1,0,0,45,1160
1,0,0,46,1169
1,0,0,47,1167
1,0,0,48,1150
1,0,0,49,1168
1,0,0,50,1170
1,0,0,51,1155
1,0,0,52,1159
1,0,0,53,1169
1,0,0,54,1172
1,0,0,55,1189
1,0,0,56,1174
1,0,0,57,1168
1,0,0,58,1165
1,0,0,59,1164
1,0,0,60,1170
1,0,0,61,1159
1,0,0,62,1175
1,0,0,63,1161
1,1,0,0,1208
1,1,0,1,1230
1,1,0,2,1232
1,1,0,3,1219
1,1,0,4,1217
1,1,0,5,1168
1,1,0,6,1189
1,1,0,7,1177
1,1,0,8,1208
1,1,0,9,1193
1,1,0,10,1186
1,1,0,11,1185
1,1,0,12,1216
1,1,0,13,1202
1,1,0,14,1183
1,1,0,15,1195
1,1,0,16,1191
1,1,0,17,1175
1,1,0,18,1202
1,1,0,19,1174
1,1,0,20,1204
1,1,0,21,1200
1,1,0,22,1206
1,1,0,23,1197
1,1,0,24,1190
1,1,0,25,1183
1,1,0,26,1196
1,1,0,27,1196
1,1,0,28,1205
1,1,0,29,1169
1,1,0,30,1196
1,1,0,31,1196
1,1,0,32,1182
1,1,0,33,1205
1,1,0,34,1193
1,1,0,35,1172
1,1,0,36,1210
1,1,0,37,1218
1,1,0,38,1203
1,1,0,39,1207
1,1,0,40,1180
1,1,0,41,1179
1,1,0,42,1209
1,1,0,43,1165
1,1,0,44,1192
1,1,0,45,1187
1,1,0,46,1196
1,1,0,47,1191
1,1,0,48,1195
1,1,0,49,1183
1,1,0,50,1181
1,1,0,51,1184
1,1,0,52,1180
1,1,0,53,1191
1,1,0,54,1186
1,1,0,55,1190
1,1,0,56,1176
1,1,0,57,1208
1,1,0,58,1199
1,1,0,59,1179
1,1,0,60,1223
1,1,0,61,1203
1,1,0,62,1193
1,1,0,63,1198
1,1,1,0,1182
1,1,1,1,1193
1,1,1,2,1179
1,1,1,3,1184
1,1,1,4,1164
1,1,1,5,1198
1,1,1,6,1199
1,1,1,7,1211
1,1,1,8,1191
1,1,1,9,1207
1,1,1,10,1182
1,1,1,11,1206
1,1,1,12,1204
1,1,1,13,1206
1,1,1,14,1170
1,1,1,15,1198
1,1,1,16,1172
1,1,1,17,1189
1,1,1,18,1198
1,1,1,19,1205
1,1,1,20,1183
1,1,1,21,1212
1,1,1,22,1215
1,1,1,23,1208
1,1,1,24,1194
1,1,1,25,1197
1,1,1,26,1190
1,1,1,27,1215
1,1,1,28,1221
1,1,1,29,1763
1,1,1,30,1609
1,1,1,31,2032
1,1,1,32,1719
1,1,1,33,1353
1,1,1,34,1193
1,1,1,35,1182
1,1,1,36,1196
1,1,1,37,1166
1,1,1,38,1204
1,1,1,39,1179
1,1,1,40,1181
1,1,1,41,1179
1,1,1,42,1217
1,1,1,43,1204
1,1,1,44,1198
1,1,1,45,1203
1,1,1,46,1184
1,1,1,47,1212
1,1,1,48,1190
1,1,1,49,1187
1,1,1,50,1182
1,1,1,51,1194
1,1,1,52,1171
1,1,1,53,1181
1,1,1,54,1175
1,1,1,55,1190
1,1,1,56,1191
1,1,1,57,1205
1,1,1,58,1193
1,1,1,59,1196
1,1,1,60,1206
1,1,1,61,1174
1,1,1,62,1203
1,1,1,63,1212
1,0,1,0,1161
1,0,1,1,1176
1,0,1,2,1170
1,0,1,3,1179
1,0,1,4,1169
1,0,1,5,1154
1,0,1,6,1172
1,0,1,7,1166
1,0,1,8,1135
1,0,1,9,1152
1,0,1,10,1154
1,0,1,11,1166
1,0,1,12,1164
1,0,1,13,1160
1,0,1,14,1162
1,0,1,15,1158
1,0,1,16,1149
1,0,1,17,1162
1,0,1,18,1167
1,0,1,19,1149
1,0,1,20,1150
1,0,1,21,1158
1,0,1,22,1151
1,0,1,23,1144
1,0,1,24,1158
1,0,1,25,1158
1,0,1,26,1157
1,0,1,27,1150
1,0,1,28,1167
1,0,1,29,1152
1,0,1,30,1147
1,0,1,31,1165
1,0,1,32,1165
1,0,1,33,1164
1,0,1,34,1175
1,0,1,35,1162
1,0,1,36,1165
1,0,1,37,1158
1,0,1,38,1153
1,0,1,39,1162
1,0,1,40,1164
1,0,1,41,1167
1,0,1,42,1140
1,0,1,43,1164
1,0,1,44,1170
1,0,1,45,1161
1,0,1,46,1150
1,0,1,47,1162
1,0,1,48,1172
1,0,1,49,1171
1,0,1,50,1135
1,0,1,51,1142
1,0,1,52,1148
1,0,1,53,1142
1,0,1,54,1163
1,0,1,55,1145
1,0,1,56,1166
1,0,1,57,1146
1,0,1,58,1167
1,0,1,59,1146
1,0,1,60,1166
1,0,1,61,1169
1,0,1,62,1166
1,0,1,63,1164
1,0,2,0,1158
1,0,2,1,1175
1,0,2,2,1159
1,0,2,3,1168
1,0,2,4,1168
1,0,2,5,1155
1,0,2,6,1162
1,0,2,7,1153
1,0,2,8,1172
1,0,2,9,1160
1,0,2,10,1142
1,0,2,11,1156
1,0,2,12,1165
1,0,2,13,1167
1,0,2,14,1169
1,0,2,15,1168
1,0,2,16,1164
1,0,2,17,1161
1,0,2,18,1178
1,0,2,19,1155
1,0,2,20,1159
1,0,2,21,1176
1,0,2,22,1177
1,0,2,23,1165
1,0,2,24,1142
1,0,2,25,1162
1,0,2,26,1161
1,0,2,27,1161
1,0,2,28,1159
1,0,2,29,1137
1,0,2,30,1161
1,0,2,31,1137
1,0,2,32,1145
1,0,2,33,1163
1,0,2,34,1157
1,0,2,35,1155
1,0,2,36,1155
1,0,2,37,1168
1,0,2,38,1156
1,0,2,39,1153
1,0,2,40,1145
1,0,2,41,1149
1,0,2,42,1139
1,0,2,43,1156
1,0,2,44,1146
1,0,2,45,1135
1,0,2,46,1147
1,0,2,47,1152
1,0,2,48,1152
1,0,2,49,1142
1,0,2,50,1143
1,0,2,51,1155
1,0,2,52,1162
1,0,2,53,1159
1,0,2,54,1156
1,0,2,55,1162
1,0,2,56,1175
1,0,2,57,1160
1,0,2,58,1173
1,0,2,59,1165
1,0,2,60,1163
1,0,2,61,1169
1,0,2,62,1141
1,0,2,63,1130
1,1,2,0,1211
1,1,2,1,1209
1,1,2,2,1208
1,1,2,3,1204
1,1,2,4,1206
1,1,2,5,1201
1,1,2,6,1191
1,1,2,7,1217
1,1,2,8,1199
1,1,2,9,1203
1,1,2,10,1164
1,1,2,11,1199
1,1,2,12,1199
1,1,2,13,1170
1,1,2,14,1178
1,1,2,15,1187
1,1,2,16,1197
1,1,2,17,1168
1,1,2,18,1195
1,1,2,19,1213
1,1,2,20,1186
1,1,2,21,1202
1,1,2,22,1191
1,1,2,23,1171
1,1,2,24,1209
1,1,2,25,1186
1,1,2,26,1189
1,1,2,27,1197
1,1,2,28,1182
1,1,2,29,1191
1,1,2,30,1198
1,1,2,31,1182
1,1,2,32,1202
1,1,2,33,1194
1,1,2,34,1192
1,1,2,35,1196
1,1,2,36,1207
1,1,2,37,1192
1,1,2,38,1205
1,1,2,39,1191
1,1,2,40,1197
1,1,2,41,1219
1,1,2,42,1212
1,1,2,43,1193
1,1,2,44,1187
1,1,2,45,1208
1,1,2,46,1198
1,1,2,47,1199
1,1,2,48,1201
1,1,2,49,1199
1,1,2,50,1206
1,1,2,51,1190
1,1,2,52,1177
1,1,2,53,1189
1,1,2,54,1200
1,1,2,55,1205
1,1,2,56,1187
1,1,2,57,1205
1,1,2,58,1203
1,1,2,59,1197
1,1,2,60,1175
1,1,2,61,1186
1,1,2,62,1656
1,1,2,63,1195
1,1,3,0,1157
1,1,3,1,1167
1,1,3,2,1176
1,1,3,3,1152
1,1,3,4,1191
1,1,3,5,1178
1,1,3,6,1195
1,1,3,7,1183
1,1,3,8,1158
1,1,3,9,1182
1,1,3,10,1195
1,1,3,11,1189
1,1,3,12,1203
1,1,3,13,1169
1,1,3,14,1194
1,1,3,15,1202
1,1,3,16,1178
1,1,3,17,1188
1,1,3,18,1192
1,1,3,19,1193
1,1,3,20,1200
1,1,3,21,1202
1,1,3,22,1174
1,1,3,23,1195
1,1,3,24,1172
1,1,3,25,1199
1,1,3,26,1187
1,1,3,27,1209
1,1,3,28,1189
1,1,3,29,1223
1,1,3,30,1194
1,1,3,31,1208
1,1,3,32,1173
1,1,3,33,1202
1,1,3,34,1196
1,1,3,35,1173
1,1,3,36,1177
1,1,3,37,1195
1,1,3,38,1179
1,1,3,39,1183
1,1,3,40,1185
1,1,3,41,1163
1,1,3,42,1176
1,1,3,43,1168
1,1,3,44,1177
1,1,3,45,1191
1,1,3,46,1196
1,1,3,47,1190
1,1,3,48,1178
1,1,3,49,1180
1,1,3,50,1189
1,1,3,51,1179
1,1,3,52,1205
1,1,3,53,1191
1,1,3,54,1195
1,1,3,55,1215
1,1,3,56,1179
1,1,3,57,1192
1,1,3,58,1201
1,1,3,59,1203
1,1,3,60,1198
1,1,3,61,1185
1,1,3,62,1193
1,1,3,63,1176
1,0,3,0,1157
1,0,3,1,1164
1,0,3,2,1182
1,0,3,3,1168
1,0,3,4,1702
1,0,3,5,1648
1,0,3,6,1431
1,0,3,7,1497
1,0,3,8,1361
1,0,3,9,1474
1,0,3,10,1751
1,0,3,11,1318
1,0,3,12,1303
1,0,3,13,1156
1,0,3,14,1161
1,0,3,15,1143
1,0,3,16,1167
1,0,3,17,1154
1,0,3,18,1152
1,0,3,19,1155
1,0,3,20,1162
1,0,3,21,1168
1,0,3,22,1169
1,0,3,23,1158
1,0,3,24,1154
1,0,3,25,1166
1,0,3,26,1151
1,0,3,27,1179
1,0,3,28,1158
1,0,3,29,1168
1,0,3,30,1182
1,0,3,31,1161
1,0,3,32,1185
1,0,3,33,1171
1,0,3,34,1153
1,0,3,35,1168
1,0,3,36,1164
1,0,3,37,1163
1,0,3,38,1166
1,0,3,39,1163
1,0,3,40,1177
1,0,3,41,1176
1,0,3,42,1166
1,0,3,43,1167
1,0,3,44,1177
1,0,3,45,1163
1,0,3,46,1166
1,0,3,47,1160
1,0,3,48,1164
1,0,3,49,1152
1,0,3,50,1162
1,0,3,51,1155
1,0,3,52,1164
1,0,3,53,1165
1,0,3,54,1154
1,0,3,55,1167
1,0,3,56,1156
1,0,3,57,1168
1,0,3,58,1175
1,0,3,59,1160
1,0,3,60,1158
1,0,3,61,1162
1,0,3,62,1166
1,0,3,63,1150
1,0,4,0,1158
1,0,4,1,1172
1,0,4,2,1155
1,0,4,3,1155
1,0,4,4,1157
1,0,4,5,1158
1,0,4,6,1148
1,0,4,7,1141
1,0,4,8,1133
1,0,4,9,1149
1,0,4,10,1143
1,0,4,11,1163
1,0,4,12,1160
1,0,4,13,1149
1,0,4,14,1168
1,0,4,15,1165
1,0,4,16,1150
1,0,4,17,1154
1,0,4,18,1152
1,0,4,19,1169
1,0,4,20,1168
1,0,4,21,1154
1,0,4,22,1167
1,0,4,23,1167
1,0,4,24,1151
1,0,4,25,1158
1,0,4,26,1138
1,0,4,27,1166
1,0,4,28,1146
1,0,4,29,1146
1,0,4,30,1135
1,0,4,31,1164
1,0,4,32,1146
1,0,4,33,1162
1,0,4,34,1135
1,0,4,35,1148
1,0,4,36,1151
1,0,4,37,1154
1,0,4,38,1164
1,0,4,39,1146
1,0,4,40,1141
1,0,4,41,1163
1,0,4,42,1173
1,0,4,43,1162
1,0,4,44,1151
1,0,4,45,1148
1,0,4,46,1152
1,0,4,47,1179
1,0,4,48,1180
1,0,4,49,1170
1,0,4,50,1168
1,0,4,51,1154
1,0,4,52,1157
1,0,4,53,1143
1,0,4,54,1164
1,0,4,55,1157
1,0,4,56,1171
1,0,4,57,1161
1,0,4,58,1155
1,0,4,59,1156
1,0,4,60,1150
1,0,4,61,1165
1,0,4,62,1163
1,0,4,63,1156
1,1,4,0,1172
1,1,4,1,1202
1,1,4,2,1209
1,1,4,3,1216
1,1,4,4,1217
1,1,4,5,1199
1,1,4,6,1208
1,1,4,7,1202
1,1,4,8,1160
1,1,4,9,1199
1,1,4,10,1167
1,1,4,11,1179
1,1,4,12,1184
1,1,4,13,1199
1,1,4,14,1212
1,1,4,15,1189
1,1,4,16,1197
1,1,4,17,1197
1,1,4,18,1208
1,1,4,19,1179
1,1,4,20,1197
1,1,4,21,1200
1,1,4,22,1189
1,1,4,23,1175
1,1,4,24,1176
1,1,4,25,1180
1,1,4,26,1189
1,1,4,27,1189
1,1,4,28,1194
1,1,4,29,1178
1,1,4,30,1176
1,1,4,31,1195
1,1,4,32,1216
1,1,4,33,1175
1,1,4,34,1196
1,1,4,35,1188
1,1,4,36,1191
1,1,4,37,1191
1,1,4,38,1197
1,1,4,39,1184
1,1,4,40,1197
1,1,4,41,1207
1,1,4,42,1202
1,1,4,43,1217
1,1,4,44,1229
1,1,4,45,1199
1,1,4,46,1209
1,1,4,47,1183
1,1,4,48,1202
1,1,4,49,1209
1,1,4,50,1199
1,1,4,51,1200
1,1,4,52,1192
1,1,4,53,1181
1,1,4,54,1189
1,1,4,55,1186
1,1,4,56,1205
1,1,4,57,1194
1,1,4,58,1182
1,1,4,59,1197
1,1,4,60,1192
1,1,4,61,1194
1,1,4,62,1216
1,1,4,63,1204
1,1,5,0,1152
1,1,5,1,1161
1,1,5,2,1187
1,1,5,3,1214
1,1,5,4,1200
1,1,5,5,1185
1,1,5,6,1164
1,1,5,7,1206
1,1,5,8,1196
1,1,5,9,1188
1,1,5,10,1192
1,1,5,11,1207
1,1,5,12,1200
1,1,5,13,1206
1,1,5,14,1164
1,1,5,15,1167
1,1,5,16,1162
1,1,5,17,1195
1,1,5,18,1194
1,1,5,19,1203
1,1,5,20,1202
1,1,5,21,1203
1,1,5,22,1200
1,1,5,23,1206
1,1,5,24,1184
1,1,5,25,1185
1,1,5,26,1195
1,1,5,27,1179
1,1,5,28,1210
1,1,5,29,1199
1,1,5,30,1189
1,1,5,31,1199
1,1,5,32,1189
1,1,5,33,1195
1,1,5,34,1177
1,1,5,35,1210
1,1,5,36,1186
1,1,5,37,1196
1,1,5,38,1193
1,1,5,39,1188
1,1,5,40,1181
1,1,5,41,1172
1,1,5,42,1187
1,1,5,43,1172
1,1,5,44,1179
1,1,5,45,1175
1,1,5,46,1195
1,1,5,47,1189
1,1,5,48,1196
1,1,5,49,1186
1,1,5,50,1191
1,1,5,51,1175
1,1,5,52,1195
1,1,5,53,1183
1,1,5,54,1213
1,1,5,55,1187
1,1,5,56,1168
1,1,5,57,1203
1,1,5,58,1196
1,1,5,59,1186
1,1,5,60,1178
1,1,5,61,1167
1,1,5,62,1189
1,1,5,63,1191
1,0,5,0,1170
1,0,5,1,1158
1,0,5,2,1177
1,0,5,3,1184
1,0,5,4,1172
1,0,5,5,1168
1,0,5,6,1172
1,0,5,7,1164
1,0,5,8,1147
1,0,5,9,1154
1,0,5,10,1164
1,0,5,11,1163
1,0,5,12,1156
1,0,5,13,1152
1,0,5,14,1172
1,0,5,15,1171
1,0,5,16,1150
1,0,5,17,1157
1,0,5,18,1169
1,0,5,19,1161
1,0,5,20,1156
1,0,5,21,1155
1,0,5,22,1163
1,0,5,23,1168
1,0,5,24,1161
1,0,5,25,1148
1,0,5,26,1147
1,0,5,27,1162
1,0,5,28,1158
1,0,5,29,1158
1,0,5,30,1156
1,0,5,31,1152
1,0,5,32,1155
1,0,5,33,1150
1,0,5,34,1153
1,0,5,35,1162
1,0,5,36,1158
1,0,5,37,1147
1,0,5,38,1177
1,0,5,39,1159
1,0,5,40,1157
1,0,5,41,1162
1,0,5,42,1144
1,0,5,43,1154
1,0,5,44,1860
1,0,5,45,1820
1,0,5,46,1758
1,0,5,47,1623
1,0,5,48,1811
1,0,5,49,1429
1,0,5,50,1750
1,0,5,51,1163
1,0,5,52,1164
1,0,5,53,1178
1,0,5,54,1164
1,0,5,55,1145
1,0,5,56,1177
1,0,5,57,1160
1,0,5,58,1176
1,0,5,59,1187
1,0,5,60,1151
1,0,5,61,1172
1,0,5,62,1174
1,0,5,63,1155
1,0,6,0,1145
1,0,6,1,1154
1,0,6,2,1155
1,0,6,3,1167
1,0,6,4,1168
1,0,6,5,1167
1,0,6,6,1167
1,0,6,7,1157
1,0,6,8,1156
1,0,6,9,1176
1,0,6,10,1152
1,0,6,11,1175
1,0,6,12,1176
1,0,6,13,1169
1,0,6,14,1159
1,0,6,15,1160
1,0,6,16,1166
1,0,6,17,1174
1,0,6,18,1156
1,0,6,19,1148
1,0,6,20,1173
1,0,6,21,1179
1,0,6,22,1161
1,0,6,23,1178
1,0,6,24,1169
1,0,6,25,1155
1,0,6,26,1188
1,0,6,27,1160
1,0,6,28,1174
1,0,6,29,1178
1,0,6,30,1174
1,0,6,31,1151
1,0,6,32,1159
1,0,6,33,1158
1,0,6,34,1170
1,0,6,35,1169
1,0,6,36,1142
1,0,6,37,1159
1,0,6,38,1178
1,0,6,39,1160
1,0,6,40,1157
1,0,6,41,1172
1,0,6,42,1135
1,0,6,43,1169
1,0,6,44,1158
1,0,6,45,1158
1,0,6,46,1182
1,0,6,47,1147
1,0,6,48,1148
1,0,6,49,1165
1,0,6,50,1153
1,0,6,51,1169
1,0,6,52,1175
1,0,6,53,1168
1,0,6,54,1152
1,0,6,55,1163
1,0,6,56,1158
1,0,6,57,1158
1,0,6,58,1160
1,0,6,59,1175
1,0,6,60,1154
1,0,6,61,1171
1,0,6,62,1154
1,0,6,63,1153
1,1,6,0,1180
1,1,6,1,1213
1,1,6,2,1204
1,1,6,3,1213
1,1,6,4,1214
1,1,6,5,1222
1,1,6,6,1213
1,1,6,7,1212
1,1,6,8,1177
1,1,6,9,1180
1,1,6,10,1201
1,1,6,11,1198
1,1,6,12,1200
1,1,6,13,1218
1,1,6,14,1188
1,1,6,15,1221
1,1,6,16,1192
1,1,6,17,1212
1,1,6,18,1193
1,1,6,19,1188
1,1,6,20,1196
1,1,6,21,1217
1,1,6,22,1188
1,1,6,23,1211
1,1,6,24,1211
1,1,6,25,1179
1,1,6,26,1166
1,1,6,27,1181
1,1,6,28,1194
1,1,6,29,1182
1,1,6,30,1194
1,1,6,31,1182
1,1,6,32,1157
1,1,6,33,1180
1,1,6,34,1183
1,1,6,35,1229
1,1,6,36,1204
1,1,6,37,1192
1,1,6,38,1180
1,1,6,39,1183
1,1,6,40,1195
1,1,6,41,1179
1,1,6,42,1196
1,1,6,43,1188
1,1,6,44,1201
1,1,6,45,1187
1,1,6,46,1175
1,1,6,47,1197
1,1,6,48,1203
1,1,6,49,1197
1,1,6,50,1201
1,1,6,51,1180
1,1,6,52,1220
1,1,6,53,1196
1,1,6,54,1186
1,1,6,55,1172
1,1,6,56,1198
1,1,6,57,1169
1,1,6,58,1184
1,1,6,59,1166
1,1,6,60,1173
1,1,6,61,1194
1,1,6,62,1174
1,1,6,63,1193
1,1,7,0,1166
1,1,7,1,1210
1,1,7,2,1171
1,1,7,3,1202
1,1,7,4,1205
1,1,7,5,1202
1,1,7,6,1197
1,1,7,7,1206
1,1,7,8,1199
1,1,7,9,1202
1,1,7,10,1197
1,1,7,11,1190
1,1,7,12,1208
1,1,7,13,1173
1,1,7,14,1171
1,1,7,15,1241
1,1,7,16,1192
1,1,7,17,1196
1,1,7,18,1182
1,1,7,19,1214
1,1,7,20,1207
1,1,7,21,1183
1,1,7,22,1179
1,1,7,23,1201
1,1,7,24,1205
1,1,7,25,1184
1,1,7,26,1219
1,1,7,27,1190
1,1,7,28,1208
1,1,7,29,1200
1,1,7,30,1225
1,1,7,31,1191
1,1,7,32,1204
1,1,7,33,1196
1,1,7,34,1196
1,1,7,35,1191
1,1,7,36,1193
1,1,7,37,1212
1,1,7,38,1205
1,1,7,39,1204
1,1,7,40,1188
1,1,7,41,1208
1,1,7,42,1210
1,1,7,43,1181
1,1,7,44,1197
1,1,7,45,1203
1,1,7,46,1212
1,1,7,47,1202
1,1,7,48,1203
1,1,7,49,1216
1,1,7,50,1207
1,1,7,51,1216
1,1,7,52,1199
1,1,7,53,1216
1,1,7,54,1190
1,1,7,55,1219
1,1,7,56,1184
1,1,7,57,1202
1,1,7,58,1197
1,1,7,59,1197
1,1,7,60,1203
1,1,7,61,1194
1,1,7,62,1201
1,1,7,63,1192
1,0,7,0,1178
1,0,7,1,1184
1,0,7,2,1182
1,0,7,3,1181
1,0,7,4,1176
1,0,7,5,1147
1,0,7,6,1173
1,0,7,7,1157
1,0,7,8,1152
1,0,7,9,1168
1,0,7,10,1165
1,0,7,11,1131
1,0,7,12,1160
1,0,7,13,1147
1,0,7,14,1163
1,0,7,15,1154
1,0,7,16,1173
1,0,7,17,1151
1,0,7,18,1157
1,0,7,19,1155
1,0,7,20,1161
1,0,7,21,1176
1,0,7,22,1169
1,0,7,23,1175
1,0,7,24,1154
1,0,7,25,1157
1,0,7,26,1147
1,0,7,27,1163
1,0,7,28,1130
1,0,7,29,1151
1,0,7,30,1148
1,0,7,31,1163
1,0,7,32,1172
1,0,7,33,1157
1,0,7,34,1154
1,0,7,35,1173
1,0,7,36,1168
1,0,7,37,1161
1,0,7,38,1175
1,0,7,39,1161
1,0,7,40,1155
1,0,7,41,1156
1,0,7,42,1157
1,0,7,43,1158
1,0,7,44,1152
1,0,7,45,1176
1,0,7,46,1148
1,0,7,47,1161
1,0,7,48,1160
1,0,7,49,1151
1,0,7,50,1171
1,0,7,51,1152
1,0,7,52,1157
1,0,7,53,1176
1,0,7,54,1162
1,0,7,55,1166
1,0,7,56,1151
1,0,7,57,1180
1,0,7,58,1165
1,0,7,59,1176
1,0,7,60,1166
1,0,7,61,1156
1,0,7,62,1166
1,0,7,63,1157
2,0,0,0,19667
2,0,0,1,19654
2,0,0,2,19570
2,0,0,3,19538
2,0,0,4,19384
2,0,0,5,19284
2,0,0,6,19667
2,0,0,7,19230
2,0,0,8,19334
2,0,0,9,19430
2,0,0,10,19321
2,0,0,11,19329
2,0,0,12,19216
2,0,0,13,19372
2,0,0,14,19380
2,0,0,15,19284
2,0,0,16,19245
2,0,0,17,19301
2,0,0,18,19344
2,0,0,19,25896
2,0,0,20,21425
2,0,0,21,19584
2,0,0,22,19585
2,0,0,23,19385
2,0,0,24,19282
2,0,0,25,19246
2,0,0,26,19307
2,0,0,27,19215
2,0,0,28,19404
2,0,0,29,19326
2,0,0,30,19257
2,0,0,31,19302
2,0,0,32,19623
2,0,0,33,19375
2,0,0,34,19325
2,0,0,35,19239
2,0,0,36,19286
2,0,0,37,19339
2,0,0,38,19585
2,0,0,39,19645
2,0,0,40,19308
2,0,0,41,19204
2,0,0,42,19298
2,0,0,43,19341
2,0,0,44,19288
2,0,0,45,19315
2,0,0,46,19545
2,0,0,47,19317
2,0,0,48,19273
2,0,0,49,19295
2,0,0,50,19342
2,0,0,51,19260
2,0,0,52,19563
2,0,0,53,19352
2,0,0,54,19197
2,0,0,55,19384
2,0,0,56,19262
2,0,0,57,19620
2,0,0,58,19462
2,0,0,59,20213
2,0,0,60,19531
2,0,0,61,19196
2,0,0,62,19492
2,0,0,63,19627
2,1,0,0,19413
2,1,0,1,19441
2,1,0,2,19720
2,1,0,3,19649
2,1,0,4,19295
2,1,0,5,19652
2,1,0,6,19339
2,1,0,7,19458
2,1,0,8,19476
2,1,0,9,19253
2,1,0,10,19355
2,1,0,11,19373
2,1,0,12,19667
2,1,0,13,19665
2,1,0,14,19677
2,1,0,15,19378
2,1,0,16,19309
2,1,0,17,19629
2,1,0,18,19743
2,1,0,19,19271
2,1,0,20,19612
2,1,0,21,19390
2,1,0,22,19408
2,1,0,23,19344
2,1,0,24,19289
2,1,0,25,19756
2,1,0,26,19528
2,1,0,27,19615
2,1,0,28,19317
2,1,0,29,19332
2,1,0,30,19333
2,1,0,31,19326
2,1,0,32,19405
2,1,0,33,19427
2,1,0,34,19489
2,1,0,35,19257
2,1,0,36,19437
2,1,0,37,19514
2,1,0,38,19356
2,1,0,39,19754
2,1,0,40,19853
2,1,0,41,19341
2,1,0,42,19451
2,1,0,43,19301
2,1,0,44,19580
2,1,0,45,19620
2,1,0,46,19584
2,1,0,47,19443
2,1,0,48,19432
2,1,0,49,19640
2,1,0,50,19223
2,1,0,51,19369
2,1,0,52,19652
2,1,0,53,19347
2,1,0,54,19319
2,1,0,55,19522
2,1,0,56,19501
2,1,0,57,19569
2,1,0,58,19318
2,1,0,59,19284
2,1,0,60,19469
2,1,0,61,19570
2,1,0,62,19312
2,1,0,63,19464
2,1,1,0,19326
2,1,1,1,19300
2,1,1,2,19685
2,1,1,3,19275
2,1,1,4,19379
2,1,1,5,19294
2,1,1,6,19360
2,1,1,7,19290
2,1,1,8,19454
2,1,1,9,19533
2,1,1,10,19449
2,1,1,11,19507
2,1,1,12,19496
2,1,1,13,19304
2,1,1,14,19776
2,1,1,15,20168
2,1,1,16,19318
2,1,1,17,19752
2,1,1,18,19316
2,1,1,19,19696
2,1,1,20,19564
2,1,1,21,19644
2,1,1,22,19580
2,1,1,23,19450
2,1,1,24,19299
2,1,1,25,19521
2,1,1,26,19281
2,1,1,27,19279
2,1,1,28,19608
2,1,1,29,19734
2,1,1,30,19776
2,1,1,31,19440
2,1,1,32,19309
2,1,1,33,19410
2,1,1,34,19309
2,1,1,35,19480
2,1,1,36,19680
2,1,1,37,19457
2,1,1,38,19292
2,1,1,39,19601
2,1,1,40,19302
2,1,1,41,19295
2,1,1,42,19531
2,1,1,43,19322
2,1,1,44,19494
2,1,1,45,19422
2,1,1,46,19303
2,1,1,47,19422
2,1,1,48,19780
2,1,1,49,19337
2,1,1,50,19392
2,1,1,51,19599
2,1,1,52,19398
2,1,1,53,19303
2,1,1,54,19486
2,1,1,55,19729
2,1,1,56,19298
2,1,1,57,19420
2,1,1,58,19389
2,1,1,59,19602
2,1,1,60,19384
2,1,1,61,19549
2,1,1,62,19442
2,1,1,63,19418
2,0,1,0,19239
2,0,1,1,19220
2,0,1,2,19411
2,0,1,3,19262
2,0,1,4,19428
2,0,1,5,19377
2,0,1,6,19296
2,0,1,7,19332
2,0,1,8,19237
2,0,1,9,19318
2,0,1,10,19422
2,0,1,11,19246
2,0,1,12,19239
2,0,1,13,19151
2,0,1,14,19548
2,0,1,15,19293
2,0,1,16,19332
2,0,1,17,19293
2,0,1,18,19257
2,0,1,19,19313
2,0,1,20,19283
2,0,1,21,19231
2,0,1,22,19251
2,0,1,23,19528
2,0,1,24,19240
2,0,1,25,19218
2,0,1,26,19538
2,0,1,27,19318
2,0,1,28,19533
2,0,1,29,19559
2,0,1,30,19548
2,0,1,31,19291
2,0,1,32,19413
2,0,1,33,19622
2,0,1,34,19272
2,0,1,35,19362
2,0,1,36,19659
2,0,1,37,19649
2,0,1,38,19227
2,0,1,39,19282
2,0,1,40,20071
2,0,1,41,19205
2,0,1,42,19166
2,0,1,43,19421
2,0,1,44,19251
2,0,1,45,19252
2,0,1,46,19509
2,0,1,47,19557
2,0,1,48,19300
2,0,1,49,19407
2,0,1,50,19330
2,0,1,51,19380
2,0,1,52,19189
2,0,1,53,19703
2,0,1,54,19607
2,0,1,55,19279
2,0,1,56,19236
2,0,1,57,19307
2,0,1,58,19430
2,0,1,59,19471
2,0,1,60,19588
2,0,1,61,19632
2,0,1,62,19289
2,0,1,63,19273
2,0,2,0,19275
2,0,2,1,19391
2,0,2,2,19195
2,0,2,3,19283
2,0,2,4,19323
2,0,2,5,19312
2,0,2,6,19246
2,0,2,7,19215
2,0,2,8,19390
2,0,2,9,19331
2,0,2,10,19480
2,0,2,11,19602
2,0,2,12,19307
2,0,2,13,19277
2,0,2,14,19297
2,0,2,15,19222
2,0,2,16,19608
2,0,2,17,19428
2,0,2,18,19428
2,0,2,19,19260
2,0,2,20,19425
2,0,2,21,19568
2,0,2,22,19217
2,0,2,23,19553
2,0,2,24,19295
2,0,2,25,19215
2,0,2,26,19594
2,0,2,27,19299
2,0,2,28,19375
2,0,2,29,19586
2,0,2,30,19275
2,0,2,31,19375
2,0,2,32,19459
2,0,2,33,19574
2,0,2,34,19362
2,0,2,35,19243
2,0,2,36,19232
2,0,2,37,19754
2,0,2,38,19464
2,0,2,39,24752
2,0,2,40,22276
2,0,2,41,19622
2,0,2,42,19401
2,0,2,43,19235
2,0,2,44,19582
2,0,2,45,19646
2,0,2,46,19346
2,0,2,47,19583
2,0,2,48,19455
2,0,2,49,19332
2,0,2,50,19249
2,0,2,51,19242
2,0,2,52,19290
2,0,2,53,19454
2,0,2,54,19483
2,0,2,55,19196
2,0,2,56,19544
2,0,2,57,19276
2,0,2,58,19340
2,0,2,59,19610
2,0,2,60,19334
2,0,2,61,19360
2,0,2,62,19241
2,0,2,63,19186
2,1,2,0,19565
2,1,2,1,19660
2,1,2,2,19661
2,1,2,3,19711
2,1,2,4,19354
2,1,2,5,19379
2,1,2,6,19296
2,1,2,7,19354
2,1,2,8,19352
2,1,2,9,19345
2,1,2,10,19200
2,1,2,11,19330
2,1,2,12,19522
2,1,2,13,19284
2,1,2,14,19475
2,1,2,15,19286
2,1,2,16,19380
2,1,2,17,19638
2,1,2,18,19525
2,1,2,19,19532
2,1,2,20,19606
2,1,2,21,19408
2,1,2,22,19567
2,1,2,23,19670
2,1,2,24,19257
2,1,2,25,19219
2,1,2,26,19531
2,1,2,27,20532
2,1,2,28,19715
2,1,2,29,19451
2,1,2,30,19632
2,1,2,31,19313
2,1,2,32,19244
2,1,2,33,19345
2,1,2,34,19405
2,1,2,35,19640
2,1,2,36,19223
2,1,2,37,19718
2,1,2,38,19418
2,1,2,39,19459
2,1,2,40,19702
2,1,2,41,19458
2,1,2,42,19412
2,1,2,43,19683
2,1,2,44,19346
2,1,2,45,19520
2,1,2,46,19616
2,1,2,47,19316
2,1,2,48,19599
2,1,2,49,19762
2,1,2,50,19259
2,1,2,51,19609
2,1,2,52,19673
2,1,2,53,19369
2,1,2,54,19443
2,1,2,55,19611
2,1,2,56,19828
2,1,2,57,19627
2,1,2,58,19556
2,1,2,59,19316
2,1,2,60,19358
2,1,2,61,19279
2,1,2,62,19288
2,1,2,63,19294
2,1,3,0,19314
2,1,3,1,19730
2,1,3,2,19705
2,1,3,3,19515
2,1,3,4,19301
2,1,3,5,19249
2,1,3,6,19347
2,1,3,7,19289
2,1,3,8,19701
2,1,3,9,19441
2,1,3,10,19329
2,1,3,11,19629
2,1,3,12,19521
2,1,3,13,19708
2,1,3,14,19560
2,1,3,15,19561
2,1,3,16,19379
2,1,3,17,19254
2,1,3,18,19606
2,1,3,19,19342
2,1,3,20,20145
2,1,3,21,19260
2,1,3,22,19401
2,1,3,23,19261
2,1,3,24,19621
2,1,3,25,19291
2,1,3,26,19373
2,1,3,27,19563
2,1,3,28,19453
2,1,3,29,19545
2,1,3,30,19341
2,1,3,31,19449
2,1,3,32,19746
2,1,3,33,19655
2,1,3,34,19297
2,1,3,35,19409
2,1,3,36,19220
2,1,3,37,19466
2,1,3,38,19378
2,1,3,39,19251
2,1,3,40,19316
2,1,3,41,19355
2,1,3,42,19393
2,1,3,43,19497
2,1,3,44,19725
2,1,3,45,19471
2,1,3,46,19319
2,1,3,47,19536
2,1,3,48,19545
2,1,3,49,19680
2,1,3,50,19381
2,1,3,51,19471
2,1,3,52,19318
2,1,3,53,19714
2,1,3,54,19701
2,1,3,55,19229
2,1,3,56,19504
2,1,3,57,19483
2,1,3,58,19697
2,1,3,59,19301
2,1,3,60,19366
2,1,3,61,19643
2,1,3,62,19339
2,1,3,63,19450
2,0,3,0,19297
2,0,3,1,19325
2,0,3,2,19252
2,0,3,3,19261
2,0,3,4,19566
2,0,3,5,19392
2,0,3,6,39932
2,0,3,7,19276
2,0,3,8,19688
2,0,3,9,19358
2,0,3,10,19245
2,0,3,11,19445
2,0,3,12,19655
2,0,3,13,19444
2,0,3,14,19463
2,0,3,15,19410
2,0,3,16,19792
2,0,3,17,19227
2,0,3,18,19552
2,0,3,19,19525
2,0,3,20,19747
2,0,3,21,19829
2,0,3,22,19642
2,0,3,23,19253
2,0,3,24,19639
2,0,3,25,19543
2,0,3,26,19289
2,0,3,27,19302
2,0,3,28,19529
2,0,3,29,19293
2,0,3,30,19300
2,0,3,31,19365
2,0,3,32,19213
2,0,3,33,19361
2,0,3,34,19318
2,0,3,35,19628
2,0,3,36,19573
2,0,3,37,19288
2,0,3,38,19255
2,0,3,39,19312
2,0,3,40,19272
2,0,3,41,19421
2,0,3,42,19372
2,0,3,43,21828
2,0,3,44,22867
2,0,3,45,19264
2,0,3,46,19624
2,0,3,47,19321
2,0,3,48,19679
2,0,3,49,19733
2,0,3,50,19573
2,0,3,51,19288
2,0,3,52,19329
2,0,3,53,19250
2,0,3,54,19689
2,0,3,55,19487
2,0,3,56,19301
2,0,3,57,19529
2,0,3,58,19526
2,0,3,59,19529
2,0,3,60,19575
2,0,3,61,19611
2,0,3,62,19319
2,0,3,63,19316
2,0,4,0,19571
2,0,4,1,19622
2,0,4,2,19279
2,0,4,3,19463
2,0,4,4,19380
2,0,4,5,19516
2,0,4,6,19360
2,0,4,7,19548
2,0,4,8,19354
2,0,4,9,19557
2,0,4,10,19683
2,0,4,11,19205
2,0,4,12,19355
2,0,4,13,19562
2,0,4,14,19722
2,0,4,15,19619
2,0,4,16,19592
2,0,4,17,19221
2,0,4,18,19288
2,0,4,19,19483
2,0,4,20,19403
2,0,4,21,19348
2,0,4,22,19414
2,0,4,23,19333
2,0,4,24,19312
2,0,4,25,19278
2,0,4,26,19308
2,0,4,27,19421
2,0,4,28,19520
2,0,4,29,19348
2,0,4,30,19252
2,0,4,31,19470
2,0,4,32,19237
2,0,4,33,19245
2,0,4,34,19696
2,0,4,35,19314
2,0,4,36,19309
2,0,4,37,19426
2,0,4,38,19484
2,0,4,39,19530
2,0,4,40,19527
2,0,4,41,19475
2,0,4,42,19613
2,0,4,43,19306
2,0,4,44,19163
2,0,4,45,19655
2,0,4,46,19246
2,0,4,47,19673
2,0,4,48,19439
2,0,4,49,19650
2,0,4,50,19716
2,0,4,51,19525
2,0,4,52,19282
2,0,4,53,19454
2,0,4,54,19532
2,0,4,55,19261
2,0,4,56,19286
2,0,4,57,19155
2,0,4,58,24159
2,0,4,59,21783
2,0,4,60,19543
2,0,4,61,19552
2,0,4,62,19470
2,0,4,63,19400
2,1,4,0,19559
2,1,4,1,19815
2,1,4,2,19541
2,1,4,3,19532
2,1,4,4,19394
2,1,4,5,19617
2,1,4,6,19705
2,1,4,7,19590
2,1,4,8,19689
2,1,4,9,19643
2,1,4,10,19628
2,1,4,11,19626
2,1,4,12,19722
2,1,4,13,19483
2,1,4,14,19348
2,1,4,15,19311
2,1,4,16,19448
2,1,4,17,19246
2,1,4,18,19490
2,1,4,19,19208
2,1,4,20,19830
2,1,4,21,19339
2,1,4,22,19392
2,1,4,23,19430
2,1,4,24,19386
2,1,4,25,19345
2,1,4,26,19217
2,1,4,27,19255
2,1,4,28,19427
2,1,4,29,19442
2,1,4,30,19338
2,1,4,31,19448
2,1,4,32,19423
2,1,4,33,19495
2,1,4,34,19380
2,1,4,35,19308
2,1,4,36,19405
2,1,4,37,19302
2,1,4,38,19393
2,1,4,39,19296
2,1,4,40,19760
2,1,4,41,19385
2,1,4,42,19565
2,1,4,43,19352
2,1,4,44,19218
2,1,4,45,19502
2,1,4,46,19377
2,1,4,47,19435
2,1,4,48,19355
2,1,4,49,19340
2,1,4,50,19418
2,1,4,51,19322
2,1,4,52,19234
2,1,4,53,19651
2,1,4,54,19723
2,1,4,55,19522
2,1,4,56,19433
2,1,4,57,19358
2,1,4,58,19398
2,1,4,59,19456
2,1,4,60,19317
2,1,4,61,19261
2,1,4,62,19328
2,1,4,63,19604
2,1,5,0,19509
2,1,5,1,19595
2,1,5,2,19684
2,1,5,3,19534
2,1,5,4,19660
2,1,5,5,19660
2,1,5,6,19627
2,1,5,7,19738
2,1,5,8,19601
2,1,5,9,19433
2,1,5,10,19340
2,1,5,11,19331
2,1,5,12,19365
2,1,5,13,19228
2,1,5,14,19314
2,1,5,15,19315
2,1,5,16,19244
2,1,5,17,19205
2,1,5,18,19574
2,1,5,19,19236
2,1,5,20,19320
2,1,5,21,19454
2,1,5,22,19208
2,1,5,23,33993
2,1,5,24,19764
2,1,5,25,19325
2,1,5,26,19394
2,1,5,27,19586
2,1,5,28,19251
2,1,5,29,19623
2,1,5,30,19783
2,1,5,31,19715
2,1,5,32,19323
2,1,5,33,19535
2,1,5,34,19280
2,1,5,35,19399
2,1,5,36,19218
2,1,5,37,19502
2,1,5,38,19307
2,1,5,39,19686
2,1,5,40,19509
2,1,5,41,19296
2,1,5,42,19293
2,1,5,43,19650
2,1,5,44,19318
2,1,5,45,19590
2,1,5,46,19390
2,1,5,47,19357
2,1,5,48,19678
2,1,5,49,19352
2,1,5,50,19636
2,1,5,51,19744
2,1,5,52,19320
2,1,5,53,19727
2,1,5,54,19294
2,1,5,55,19405
2,1,5,56,19445
2,1,5,57,19372
2,1,5,58,19289
2,1,5,59,19507
2,1,5,60,19383
2,1,5,61,19413
2,1,5,62,19268
2,1,5,63,19461
2,0,5,0,19433
2,0,5,1,19267
2,0,5,2,19294
2,0,5,3,19301
2,0,5,4,19336
2,0,5,5,19540
2,0,5,6,19375
2,0,5,7,19546
2,0,5,8,19424
2,0,5,9,19512
2,0,5,10,19301
2,0,5,11,19375
2,0,5,12,19272
2,0,5,13,19270
2,0,5,14,19706
2,0,5,15,19189
2,0,5,16,19242
2,0,5,17,19653
2,0,5,18,19595
2,0,5,19,19520
2,0,5,20,19302
2,0,5,21,19318
2,0,5,22,19326
2,0,5,23,19361
2,0,5,24,19604
2,0,5,25,19317
2,0,5,26,19438
2,0,5,27,19227
2,0,5,28,19264
2,0,5,29,19478
2,0,5,30,19409
2,0,5,31,19275
2,0,5,32,19137
2,0,5,33,19346
2,0,5,34,19309
2,0,5,35,19399
2,0,5,36,19291
2,0,5,37,19380
2,0,5,38,19318
2,0,5,39,19266
2,0,5,40,19338
2,0,5,41,19309
2,0,5,42,19309
2,0,5,43,19309
2,0,5,44,19350
2,0,5,45,19375
2,0,5,46,19432
2,0,5,47,27346
2,0,5,48,19618
2,0,5,49,19447
2,0,5,50,19521
2,0,5,51,19313
2,0,5,52,19487
2,0,5,53,19341
2,0,5,54,19611
2,0,5,55,19343
2,0,5,56,19440
2,0,5,57,19656
2,0,5,58,19275
2,0,5,59,19267
2,0,5,60,19244
2,0,5,61,19431
2,0,5,62,19432
2,0,5,63,19564
2,0,6,0,19290
2,0,6,1,19243
2,0,6,2,19411
2,0,6,3,19203
2,0,6,4,19420
2,0,6,5,19467
2,0,6,6,19640
2,0,6,7,19673
2,0,6,8,19508
2,0,6,9,19424
2,0,6,10,19400
2,0,6,11,19234
2,0,6,12,19305
2,0,6,13,19207
2,0,6,14,19289
2,0,6,15,19321
2,0,6,16,19322
2,0,6,17,19327
2,0,6,18,19356
2,0,6,19,19409
2,0,6,20,19705
2,0,6,21,19623
2,0,6,22,19442
2,0,6,23,19336
2,0,6,24,19407
2,0,6,25,19377
2,0,6,26,19474
2,0,6,27,19576
2,0,6,28,19270
2,0,6,29,19364
2,0,6,30,19593
2,0,6,31,19368
2,0,6,32,19241
2,0,6,33,19354
2,0,6,34,19528
2,0,6,35,19535
2,0,6,36,19216
2,0,6,37,19328
2,0,6,38,19332
2,0,6,39,19418
2,0,6,40,19307
2,0,6,41,19471
2,0,6,42,19554
2,0,6,43,19231
2,0,6,44,19306
2,0,6,45,19170
2,0,6,46,19538
2,0,6,47,19472
2,0,6,48,19325
2,0,6,49,19295
2,0,6,50,19580
2,0,6,51,19742
2,0,6,52,19332
2,0,6,53,19513
2,0,6,54,19764
2,0,6,55,19242
2,0,6,56,19263
2,0,6,57,19550
2,0,6,58,19635
2,0,6,59,19298
2,0,6,60,19301
2,0,6,61,19416
2,0,6,62,19265
2,0,6,63,19339
2,1,6,0,19425
2,1,6,1,19787
2,1,6,2,19355
2,1,6,3,22835
2,1,6,4,21258
2,1,6,5,20694
2,1,6,6,19342
2,1,6,7,19274
2,1,6,8,19432
2,1,6,9,19565
2,1,6,10,20766
2,1,6,11,19301
2,1,6,12,19275
2,1,6,13,19408
2,1,6,14,21193
2,1,6,15,27123
2,1,6,16,23154
2,1,6,17,26779
2,1,6,18,19456
2,1,6,19,19635
2,1,6,20,19233
2,1,6,21,67208
2,1,6,22,58330
2,1,6,23,49089
2,1,6,24,48660
2,1,6,25,64944
2,1,6,26,55092
2,1,6,27,60568
2,1,6,28,69027
2,1,6,29,45344
2,1,6,30,43954
2,1,6,31,61405
2,1,6,32,67003
2,1,6,33,48730
2,1,6,34,54448
2,1,6,35,44546
2,1,6,36,50727
2,1,6,37,60984
2,1,6,38,51547
2,1,6,39,52242
2,1,6,40,55329
2,1,6,41,45947
2,1,6,42,54543
2,1,6,43,51185
2,1,6,44,52859
2,1,6,45,61962
2,1,6,46,65310
2,1,6,47,46702
2,1,6,48,49281
2,1,6,49,46674
2,1,6,50,25702
2,1,6,51,19326
2,1,6,52,19311
2,1,6,53,19361
2,1,6,54,19608
2,1,6,55,19381
2,1,6,56,19286
2,1,6,57,19364
2,1,6,58,19459
2,1,6,59,19412
2,1,6,60,19313
2,1,6,61,19420
2,1,6,62,19260
2,1,6,63,19335
2,1,7,0,19711
2,1,7,1,19628
2,1,7,2,19572
2,1,7,3,19462
2,1,7,4,19613
2,1,7,5,19424
2,1,7,6,19294
2,1,7,7,19658
2,1,7,8,19598
2,1,7,9,19614
2,1,7,10,19315
2,1,7,11,19317
2,1,7,12,19675
2,1,7,13,19417
2,1,7,14,19587
2,1,7,15,19556
2,1,7,16,19689
2,1,7,17,19622
2,1,7,18,19649
2,1,7,19,19588
2,1,7,20,19389
2,1,7,21,19719
2,1,7,22,19742
2,1,7,23,19523
2,1,7,24,19475
2,1,7,25,19316
2,1,7,26,19647
2,1,7,27,19344
2,1,7,28,19368
2,1,7,29,19597
2,1,7,30,19415
2,1,7,31,19687
2,1,7,32,19608
2,1,7,33,19625
2,1,7,34,19641
2,1,7,35,19454
2,1,7,36,19457
2,1,7,37,19768
2,1,7,38,19299
2,1,7,39,19519
2,1,7,40,19413
2,1,7,41,19344
2,1,7,42,19557
2,1,7,43,19340
2,1,7,44,19337
2,1,7,45,19241
2,1,7,46,19342
2,1,7,47,19327
2,1,7,48,19773
2,1,7,49,19689
2,1,7,50,19339
2,1,7,51,19243
2,1,7,52,19346
2,1,7,53,19394
2,1,7,54,19252
2,1,7,55,19245
2,1,7,56,19502
2,1,7,57,19332
2,1,7,58,19248
2,1,7,59,19236
2,1,7,60,19756
2,1,7,61,19554
2,1,7,62,19301
2,1,7,63,19781
2,0,7,0,23862
2,0,7,1,19429
2,0,7,2,19632
2,0,7,3,19626
2,0,7,4,19297
2,0,7,5,19264
2,0,7,6,19209
2,0,7,7,19465
2,0,7,8,19658
2,0,7,9,19494
2,0,7,10,19383
2,0,7,11,19534
2,0,7,12,19239
2,0,7,13,19414
2,0,7,14,19277
2,0,7,15,19617
2,0,7,16,19311
2,0,7,17,19263
2,0,7,18,19267
2,0,7,19,19244
2,0,7,20,19389
2,0,7,21,19272
2,0,7,22,19234
2,0,7,23,19277
2,0,7,24,19309
2,0,7,25,19274
2,0,7,26,19320
2,0,7,27,19255
2,0,7,28,19223
2,0,7,29,19318
2,0,7,30,19192
2,0,7,31,19520
2,0,7,32,19535
2,0,7,33,19509
2,0,7,34,19235
2,0,7,35,19230
2,0,7,36,19271
2,0,7,37,19742
2,0,7,38,19513
2,0,7,39,19605
2,0,7,40,19749
2,0,7,41,19629
2,0,7,42,19240
2,0,7,43,19268
2,0,7,44,19223
2,0,7,45,19279
2,0,7,46,19419
2,0,7,47,19267
2,0,7,48,19186
2,0,7,49,19484
2,0,7,50,19233
2,0,7,51,19480
2,0,7,52,19686
2,0,7,53,19309
2,0,7,54,19390
2,0,7,55,19628
2,0,7,56,19510
2,0,7,57,19276
2,0,7,58,19557
2,0,7,59,19497
2,0,7,60,19217
2,0,7,61,19327
2,0,7,62,19433
2,0,7,63,19360
