SLOTHY version: 0.2.0
Instructions in body: 75
Perform internal binary search for minimal number of stalls...
Attempt optimization with max 0 stalls...
Setting timeout of 30 seconds...
Objective: minimize cycles
Invoking external constraint solver (OR-Tools CP-SAT v9.15.6755) ...
INFEASIBLE, wall time: 0.011514 s
Attempt optimization with max 1 stalls...
Setting timeout of 30 seconds...
Objective: minimize cycles
Invoking external constraint solver (OR-Tools CP-SAT v9.15.6755) ...
INFEASIBLE, wall time: 0.001764 s
Attempt optimization with max 2 stalls...
Setting timeout of 30 seconds...
Objective: minimize cycles
Invoking external constraint solver (OR-Tools CP-SAT v9.15.6755) ...
INFEASIBLE, wall time: 0.001715 s
Attempt optimization with max 4 stalls...
Setting timeout of 30 seconds...
Objective: minimize cycles
Invoking external constraint solver (OR-Tools CP-SAT v9.15.6755) ...
INFEASIBLE, wall time: 0.002564 s
Attempt optimization with max 8 stalls...
Setting timeout of 30 seconds...
Objective: minimize cycles
Invoking external constraint solver (OR-Tools CP-SAT v9.15.6755) ...
INFEASIBLE, wall time: 0.001908 s
Attempt optimization with max 16 stalls...
Setting timeout of 30 seconds...
Objective: minimize cycles
Invoking external constraint solver (OR-Tools CP-SAT v9.15.6755) ...
INFEASIBLE, wall time: 0.001909 s
Attempt optimization with max 32 stalls...
Setting timeout of 30 seconds...
Objective: minimize cycles
Invoking external constraint solver (OR-Tools CP-SAT v9.15.6755) ...
INFEASIBLE, wall time: 0.011051 s
Attempt optimization with max 64 stalls...
Setting timeout of 30 seconds...
Objective: minimize cycles
Invoking external constraint solver (OR-Tools CP-SAT v9.15.6755) ...
INFEASIBLE, wall time: 0.071398 s
Attempt optimization with max 128 stalls...
Setting timeout of 30 seconds...
Objective: minimize cycles
Invoking external constraint solver (OR-Tools CP-SAT v9.15.6755) ...
[0.1798s]: Found 1 solutions so far... objective (minimize cycles): currently  (Cycles ~ 108.0, IPC ~ 0.69), bound  (Cycles ~ 76.0, IPC ~ 0.99)
[0.1978s]: Found 2 solutions so far... objective (minimize cycles): currently  (Cycles ~ 103.0, IPC ~ 0.73), bound  (Cycles ~ 76.0, IPC ~ 0.99)
[0.2374s]: Found 3 solutions so far... objective (minimize cycles): currently  (Cycles ~ 100.0, IPC ~ 0.75), bound  (Cycles ~ 76.0, IPC ~ 0.99)
[0.2440s]: Found 4 solutions so far... objective (minimize cycles): currently  (Cycles ~ 98.0, IPC ~ 0.77), bound  (Cycles ~ 76.0, IPC ~ 0.99)
[0.3254s]: Found 5 solutions so far... objective (minimize cycles): currently  (Cycles ~ 97.0, IPC ~ 0.77), bound  (Cycles ~ 77.0, IPC ~ 0.97)
[0.3344s]: Found 6 solutions so far... objective (minimize cycles): currently  (Cycles ~ 96.0, IPC ~ 0.78), bound  (Cycles ~ 78.0, IPC ~ 0.96)
OPTIMAL, wall time: 0.535460 s
Booleans in result: 245
OK!
LLVM (llvm-mc, llvm-nm, llvm-readobj) not found, disabling selftest. Consider installing LLVM.
Minimum number of stalls: 77
SLOTHY version: 0.2.0
Instructions in body: 51
Perform internal binary search for minimal number of stalls...
Attempt optimization with max 0 stalls...
Setting timeout of 30 seconds...
Objective: minimize cycles
Invoking external constraint solver (OR-Tools CP-SAT v9.15.6755) ...
INFEASIBLE, wall time: 0.001080 s
Attempt optimization with max 1 stalls...
Setting timeout of 30 seconds...
Objective: minimize cycles
Invoking external constraint solver (OR-Tools CP-SAT v9.15.6755) ...
INFEASIBLE, wall time: 0.001326 s
Attempt optimization with max 2 stalls...
Setting timeout of 30 seconds...
Objective: minimize cycles
Invoking external constraint solver (OR-Tools CP-SAT v9.15.6755) ...
INFEASIBLE, wall time: 0.001275 s
Attempt optimization with max 4 stalls...
Setting timeout of 30 seconds...
Objective: minimize cycles
Invoking external constraint solver (OR-Tools CP-SAT v9.15.6755) ...
INFEASIBLE, wall time: 0.001416 s
Attempt optimization with max 8 stalls...
Setting timeout of 30 seconds...
Objective: minimize cycles
Invoking external constraint solver (OR-Tools CP-SAT v9.15.6755) ...
INFEASIBLE, wall time: 0.001291 s
Attempt optimization with max 16 stalls...
Setting timeout of 30 seconds...
Objective: minimize cycles
Invoking external constraint solver (OR-Tools CP-SAT v9.15.6755) ...
INFEASIBLE, wall time: 0.001631 s
Attempt optimization with max 32 stalls...
Setting timeout of 30 seconds...
Objective: minimize cycles
Invoking external constraint solver (OR-Tools CP-SAT v9.15.6755) ...
INFEASIBLE, wall time: 0.007077 s
Attempt optimization with max 64 stalls...
Setting timeout of 30 seconds...
Objective: minimize cycles
Invoking external constraint solver (OR-Tools CP-SAT v9.15.6755) ...
INFEASIBLE, wall time: 0.024883 s
Attempt optimization with max 128 stalls...
Setting timeout of 30 seconds...
Objective: minimize cycles
Invoking external constraint solver (OR-Tools CP-SAT v9.15.6755) ...
[0.0529s]: Found 1 solutions so far... objective (minimize cycles): currently  (Cycles ~ 92.0, IPC ~ 0.55), bound  (Cycles ~ 91.0, IPC ~ 0.56)
OPTIMAL, wall time: 0.058621 s
Booleans in result: 135
OK!
LLVM (llvm-mc, llvm-nm, llvm-readobj) not found, disabling selftest. Consider installing LLVM.
Minimum number of stalls: 79
SLOTHY version: 0.2.0
Instructions in body: 51
Perform internal binary search for minimal number of stalls...
Attempt optimization with max 0 stalls...
Setting timeout of 30 seconds...
Objective: minimize cycles
Invoking external constraint solver (OR-Tools CP-SAT v9.15.6755) ...
INFEASIBLE, wall time: 0.001695 s
Attempt optimization with max 1 stalls...
Setting timeout of 30 seconds...
Objective: minimize cycles
Invoking external constraint solver (OR-Tools CP-SAT v9.15.6755) ...
INFEASIBLE, wall time: 0.002544 s
Attempt optimization with max 2 stalls...
Setting timeout of 30 seconds...
Objective: minimize cycles
Invoking external constraint solver (OR-Tools CP-SAT v9.15.6755) ...
INFEASIBLE, wall time: 0.001395 s
Attempt optimization with max 4 stalls...
Setting timeout of 30 seconds...
Objective: minimize cycles
Invoking external constraint solver (OR-Tools CP-SAT v9.15.6755) ...
INFEASIBLE, wall time: 0.001961 s
Attempt optimization with max 8 stalls...
Setting timeout of 30 seconds...
Objective: minimize cycles
Invoking external constraint solver (OR-Tools CP-SAT v9.15.6755) ...
INFEASIBLE, wall time: 0.002301 s
Attempt optimization with max 16 stalls...
Setting timeout of 30 seconds...
Objective: minimize cycles
Invoking external constraint solver (OR-Tools CP-SAT v9.15.6755) ...
INFEASIBLE, wall time: 0.001837 s
Attempt optimization with max 32 stalls...
Setting timeout of 30 seconds...
Objective: minimize cycles
Invoking external constraint solver (OR-Tools CP-SAT v9.15.6755) ...
INFEASIBLE, wall time: 0.006308 s
Attempt optimization with max 64 stalls...
Setting timeout of 30 seconds...
Objective: minimize cycles
Invoking external constraint solver (OR-Tools CP-SAT v9.15.6755) ...
INFEASIBLE, wall time: 0.029450 s
Attempt optimization with max 128 stalls...
Setting timeout of 30 seconds...
Objective: minimize cycles
Invoking external constraint solver (OR-Tools CP-SAT v9.15.6755) ...
[0.0294s]: Found 1 solutions so far... objective (minimize cycles): currently  (Cycles ~ 99.0, IPC ~ 0.52), bound  (Cycles ~ 67.0, IPC ~ 0.76)
[0.0382s]: Found 2 solutions so far... objective (minimize cycles): currently  (Cycles ~ 96.0, IPC ~ 0.53), bound  (Cycles ~ 70.0, IPC ~ 0.73)
[0.0480s]: Found 3 solutions so far... objective (minimize cycles): currently  (Cycles ~ 93.0, IPC ~ 0.55), bound  (Cycles ~ 70.0, IPC ~ 0.73)
OPTIMAL, wall time: 0.143506 s
Booleans in result: 42
OK!
LLVM (llvm-mc, llvm-nm, llvm-readobj) not found, disabling selftest. Consider installing LLVM.
Minimum number of stalls: 80
SLOTHY version: 0.2.0
Instructions in body: 56
Perform internal binary search for minimal number of stalls...
Attempt optimization with max 0 stalls...
Setting timeout of 30 seconds...
Objective: minimize cycles
Invoking external constraint solver (OR-Tools CP-SAT v9.15.6755) ...
INFEASIBLE, wall time: 0.001348 s
Attempt optimization with max 1 stalls...
Setting timeout of 30 seconds...
Objective: minimize cycles
Invoking external constraint solver (OR-Tools CP-SAT v9.15.6755) ...
INFEASIBLE, wall time: 0.001355 s
Attempt optimization with max 2 stalls...
Setting timeout of 30 seconds...
Objective: minimize cycles
Invoking external constraint solver (OR-Tools CP-SAT v9.15.6755) ...
INFEASIBLE, wall time: 0.001617 s
Attempt optimization with max 4 stalls...
Setting timeout of 30 seconds...
Objective: minimize cycles
Invoking external constraint solver (OR-Tools CP-SAT v9.15.6755) ...
INFEASIBLE, wall time: 0.001450 s
Attempt optimization with max 8 stalls...
Setting timeout of 30 seconds...
Objective: minimize cycles
Invoking external constraint solver (OR-Tools CP-SAT v9.15.6755) ...
INFEASIBLE, wall time: 0.002713 s
Attempt optimization with max 16 stalls...
Setting timeout of 30 seconds...
Objective: minimize cycles
Invoking external constraint solver (OR-Tools CP-SAT v9.15.6755) ...
INFEASIBLE, wall time: 0.001855 s
Attempt optimization with max 32 stalls...
Setting timeout of 30 seconds...
Objective: minimize cycles
Invoking external constraint solver (OR-Tools CP-SAT v9.15.6755) ...
INFEASIBLE, wall time: 0.007731 s
Attempt optimization with max 64 stalls...
Setting timeout of 30 seconds...
Objective: minimize cycles
Invoking external constraint solver (OR-Tools CP-SAT v9.15.6755) ...
INFEASIBLE, wall time: 0.018590 s
Attempt optimization with max 128 stalls...
Setting timeout of 30 seconds...
Objective: minimize cycles
Invoking external constraint solver (OR-Tools CP-SAT v9.15.6755) ...
[0.1538s]: Found 1 solutions so far... objective (minimize cycles): currently  (Cycles ~ 97.0, IPC ~ 0.58), bound  (Cycles ~ 94.0, IPC ~ 0.60)
[0.1561s]: Found 2 solutions so far... objective (minimize cycles): currently  (Cycles ~ 96.0, IPC ~ 0.58), bound  (Cycles ~ 94.0, IPC ~ 0.60)
[0.1577s]: Found 3 solutions so far... objective (minimize cycles): currently  (Cycles ~ 94.0, IPC ~ 0.60), bound  (Cycles ~ 94.0, IPC ~ 0.60)
Closer than 0 stalls to theoretical optimum... stop
OPTIMAL, wall time: 0.163030 s
Booleans in result: 154
OK!
LLVM (llvm-mc, llvm-nm, llvm-readobj) not found, disabling selftest. Consider installing LLVM.
Minimum number of stalls: 80
SLOTHY version: 0.2.0
Instructions in body: 55
Perform internal binary search for minimal number of stalls...
Attempt optimization with max 0 stalls...
Setting timeout of 30 seconds...
Objective: minimize cycles
Invoking external constraint solver (OR-Tools CP-SAT v9.15.6755) ...
INFEASIBLE, wall time: 0.001856 s
Attempt optimization with max 1 stalls...
Setting timeout of 30 seconds...
Objective: minimize cycles
Invoking external constraint solver (OR-Tools CP-SAT v9.15.6755) ...
INFEASIBLE, wall time: 0.002926 s
Attempt optimization with max 2 stalls...
Setting timeout of 30 seconds...
Objective: minimize cycles
Invoking external constraint solver (OR-Tools CP-SAT v9.15.6755) ...
INFEASIBLE, wall time: 0.001711 s
Attempt optimization with max 4 stalls...
Setting timeout of 30 seconds...
Objective: minimize cycles
Invoking external constraint solver (OR-Tools CP-SAT v9.15.6755) ...
INFEASIBLE, wall time: 0.001469 s
Attempt optimization with max 8 stalls...
Setting timeout of 30 seconds...
Objective: minimize cycles
Invoking external constraint solver (OR-Tools CP-SAT v9.15.6755) ...
INFEASIBLE, wall time: 0.001406 s
Attempt optimization with max 16 stalls...
Setting timeout of 30 seconds...
Objective: minimize cycles
Invoking external constraint solver (OR-Tools CP-SAT v9.15.6755) ...
INFEASIBLE, wall time: 0.001689 s
Attempt optimization with max 32 stalls...
Setting timeout of 30 seconds...
Objective: minimize cycles
Invoking external constraint solver (OR-Tools CP-SAT v9.15.6755) ...
INFEASIBLE, wall time: 0.006992 s
Attempt optimization with max 64 stalls...
Setting timeout of 30 seconds...
Objective: minimize cycles
Invoking external constraint solver (OR-Tools CP-SAT v9.15.6755) ...
INFEASIBLE, wall time: 0.142886 s
Attempt optimization with max 128 stalls...
Setting timeout of 30 seconds...
Objective: minimize cycles
Invoking external constraint solver (OR-Tools CP-SAT v9.15.6755) ...
[0.0761s]: Found 1 solutions so far... objective (minimize cycles): currently  (Cycles ~ 142.0, IPC ~ 0.39), bound  (Cycles ~ 69.0, IPC ~ 0.80)
[0.1346s]: Found 2 solutions so far... objective (minimize cycles): currently  (Cycles ~ 141.0, IPC ~ 0.39), bound  (Cycles ~ 72.0, IPC ~ 0.76)
[0.1903s]: Found 3 solutions so far... objective (minimize cycles): currently  (Cycles ~ 98.0, IPC ~ 0.56), bound  (Cycles ~ 72.0, IPC ~ 0.76)
[0.1957s]: Found 4 solutions so far... objective (minimize cycles): currently  (Cycles ~ 96.0, IPC ~ 0.57), bound  (Cycles ~ 72.0, IPC ~ 0.76)
[0.2142s]: Found 5 solutions so far... objective (minimize cycles): currently  (Cycles ~ 91.0, IPC ~ 0.60), bound  (Cycles ~ 73.0, IPC ~ 0.75)
OPTIMAL, wall time: 0.397573 s
Booleans in result: 120
OK!
LLVM (llvm-mc, llvm-nm, llvm-readobj) not found, disabling selftest. Consider installing LLVM.
Minimum number of stalls: 77
SLOTHY version: 0.2.0
Instructions in body: 46
Perform internal binary search for minimal number of stalls...
Attempt optimization with max 0 stalls...
Setting timeout of 30 seconds...
Objective: minimize cycles
Invoking external constraint solver (OR-Tools CP-SAT v9.15.6755) ...
INFEASIBLE, wall time: 0.001686 s
Attempt optimization with max 1 stalls...
Setting timeout of 30 seconds...
Objective: minimize cycles
Invoking external constraint solver (OR-Tools CP-SAT v9.15.6755) ...
INFEASIBLE, wall time: 0.001391 s
Attempt optimization with max 2 stalls...
Setting timeout of 30 seconds...
Objective: minimize cycles
Invoking external constraint solver (OR-Tools CP-SAT v9.15.6755) ...
INFEASIBLE, wall time: 0.001246 s
Attempt optimization with max 4 stalls...
Setting timeout of 30 seconds...
Objective: minimize cycles
Invoking external constraint solver (OR-Tools CP-SAT v9.15.6755) ...
INFEASIBLE, wall time: 0.001316 s
Attempt optimization with max 8 stalls...
Setting timeout of 30 seconds...
Objective: minimize cycles
Invoking external constraint solver (OR-Tools CP-SAT v9.15.6755) ...
INFEASIBLE, wall time: 0.001212 s
Attempt optimization with max 16 stalls...
Setting timeout of 30 seconds...
Objective: minimize cycles
Invoking external constraint solver (OR-Tools CP-SAT v9.15.6755) ...
INFEASIBLE, wall time: 0.001285 s
Attempt optimization with max 32 stalls...
Setting timeout of 30 seconds...
Objective: minimize cycles
Invoking external constraint solver (OR-Tools CP-SAT v9.15.6755) ...
INFEASIBLE, wall time: 0.009909 s
Attempt optimization with max 64 stalls...
Setting timeout of 30 seconds...
Objective: minimize cycles
Invoking external constraint solver (OR-Tools CP-SAT v9.15.6755) ...
INFEASIBLE, wall time: 0.154974 s
Attempt optimization with max 128 stalls...
Setting timeout of 30 seconds...
Objective: minimize cycles
Invoking external constraint solver (OR-Tools CP-SAT v9.15.6755) ...
[0.0321s]: Found 1 solutions so far... objective (minimize cycles): currently  (Cycles ~ 124.0, IPC ~ 0.37), bound  (Cycles ~ 35.0, IPC ~ 1.31)
[0.1286s]: Found 2 solutions so far... objective (minimize cycles): currently  (Cycles ~ 89.0, IPC ~ 0.52), bound  (Cycles ~ 36.0, IPC ~ 1.28)
[0.1736s]: Found 3 solutions so far... objective (minimize cycles): currently  (Cycles ~ 88.0, IPC ~ 0.52), bound  (Cycles ~ 51.0, IPC ~ 0.90)
OPTIMAL, wall time: 0.658216 s
Booleans in result: 105
OK!
LLVM (llvm-mc, llvm-nm, llvm-readobj) not found, disabling selftest. Consider installing LLVM.
Minimum number of stalls: 76
SLOTHY version: 0.2.0
Instructions in body: 64
Perform internal binary search for minimal number of stalls...
Attempt optimization with max 0 stalls...
Setting timeout of 30 seconds...
Objective: minimize cycles
Invoking external constraint solver (OR-Tools CP-SAT v9.15.6755) ...
INFEASIBLE, wall time: 0.001189 s
Attempt optimization with max 1 stalls...
Setting timeout of 30 seconds...
Objective: minimize cycles
Invoking external constraint solver (OR-Tools CP-SAT v9.15.6755) ...
INFEASIBLE, wall time: 0.001577 s
Attempt optimization with max 2 stalls...
Setting timeout of 30 seconds...
Objective: minimize cycles
Invoking external constraint solver (OR-Tools CP-SAT v9.15.6755) ...
INFEASIBLE, wall time: 0.001714 s
Attempt optimization with max 4 stalls...
Setting timeout of 30 seconds...
Objective: minimize cycles
Invoking external constraint solver (OR-Tools CP-SAT v9.15.6755) ...
INFEASIBLE, wall time: 0.001687 s
Attempt optimization with max 8 stalls...
Setting timeout of 30 seconds...
Objective: minimize cycles
Invoking external constraint solver (OR-Tools CP-SAT v9.15.6755) ...
INFEASIBLE, wall time: 0.001814 s
Attempt optimization with max 16 stalls...
Setting timeout of 30 seconds...
Objective: minimize cycles
Invoking external constraint solver (OR-Tools CP-SAT v9.15.6755) ...
INFEASIBLE, wall time: 0.001811 s
Attempt optimization with max 32 stalls...
Setting timeout of 30 seconds...
Objective: minimize cycles
Invoking external constraint solver (OR-Tools CP-SAT v9.15.6755) ...
INFEASIBLE, wall time: 0.010530 s
Attempt optimization with max 64 stalls...
Setting timeout of 30 seconds...
Objective: minimize cycles
Invoking external constraint solver (OR-Tools CP-SAT v9.15.6755) ...
[0.1886s]: Found 1 solutions so far... objective (minimize cycles): currently  (Cycles ~ 80.0, IPC ~ 0.80), bound  (Cycles ~ 76.0, IPC ~ 0.84)
OPTIMAL, wall time: 0.193372 s
Booleans in result: 255
OK!
LLVM (llvm-mc, llvm-nm, llvm-readobj) not found, disabling selftest. Consider installing LLVM.
Minimum number of stalls: 64
SLOTHY version: 0.2.0
Instructions in body: 54
Perform internal binary search for minimal number of stalls...
Attempt optimization with max 0 stalls...
Setting timeout of 30 seconds...
Objective: minimize cycles
Invoking external constraint solver (OR-Tools CP-SAT v9.15.6755) ...
INFEASIBLE, wall time: 0.001786 s
Attempt optimization with max 1 stalls...
Setting timeout of 30 seconds...
Objective: minimize cycles
Invoking external constraint solver (OR-Tools CP-SAT v9.15.6755) ...
INFEASIBLE, wall time: 0.001352 s
Attempt optimization with max 2 stalls...
Setting timeout of 30 seconds...
Objective: minimize cycles
Invoking external constraint solver (OR-Tools CP-SAT v9.15.6755) ...
INFEASIBLE, wall time: 0.001412 s
Attempt optimization with max 4 stalls...
Setting timeout of 30 seconds...
Objective: minimize cycles
Invoking external constraint solver (OR-Tools CP-SAT v9.15.6755) ...
INFEASIBLE, wall time: 0.001422 s
Attempt optimization with max 8 stalls...
Setting timeout of 30 seconds...
Objective: minimize cycles
Invoking external constraint solver (OR-Tools CP-SAT v9.15.6755) ...
INFEASIBLE, wall time: 0.001418 s
Attempt optimization with max 16 stalls...
Setting timeout of 30 seconds...
Objective: minimize cycles
Invoking external constraint solver (OR-Tools CP-SAT v9.15.6755) ...
INFEASIBLE, wall time: 0.001383 s
Attempt optimization with max 32 stalls...
Setting timeout of 30 seconds...
Objective: minimize cycles
Invoking external constraint solver (OR-Tools CP-SAT v9.15.6755) ...
INFEASIBLE, wall time: 0.006854 s
Attempt optimization with max 64 stalls...
Setting timeout of 30 seconds...
Objective: minimize cycles
Invoking external constraint solver (OR-Tools CP-SAT v9.15.6755) ...
INFEASIBLE, wall time: 0.020549 s
Attempt optimization with max 128 stalls...
Setting timeout of 30 seconds...
Objective: minimize cycles
Invoking external constraint solver (OR-Tools CP-SAT v9.15.6755) ...
[0.1357s]: Found 1 solutions so far... objective (minimize cycles): currently  (Cycles ~ 100.0, IPC ~ 0.54), bound  (Cycles ~ 98.0, IPC ~ 0.55)
OPTIMAL, wall time: 0.139651 s
Booleans in result: 183
OK!
LLVM (llvm-mc, llvm-nm, llvm-readobj) not found, disabling selftest. Consider installing LLVM.
Minimum number of stalls: 86
SLOTHY version: 0.2.0
Instructions in body: 55
Perform internal binary search for minimal number of stalls...
Attempt optimization with max 0 stalls...
Setting timeout of 30 seconds...
Objective: minimize cycles
Invoking external constraint solver (OR-Tools CP-SAT v9.15.6755) ...
INFEASIBLE, wall time: 0.001070 s
Attempt optimization with max 1 stalls...
Setting timeout of 30 seconds...
Objective: minimize cycles
Invoking external constraint solver (OR-Tools CP-SAT v9.15.6755) ...
INFEASIBLE, wall time: 0.001394 s
Attempt optimization with max 2 stalls...
Setting timeout of 30 seconds...
Objective: minimize cycles
Invoking external constraint solver (OR-Tools CP-SAT v9.15.6755) ...
INFEASIBLE, wall time: 0.001389 s
Attempt optimization with max 4 stalls...
Setting timeout of 30 seconds...
Objective: minimize cycles
Invoking external constraint solver (OR-Tools CP-SAT v9.15.6755) ...
INFEASIBLE, wall time: 0.001393 s
Attempt optimization with max 8 stalls...
Setting timeout of 30 seconds...
Objective: minimize cycles
Invoking external constraint solver (OR-Tools CP-SAT v9.15.6755) ...
INFEASIBLE, wall time: 0.001393 s
Attempt optimization with max 16 stalls...
Setting timeout of 30 seconds...
Objective: minimize cycles
Invoking external constraint solver (OR-Tools CP-SAT v9.15.6755) ...
INFEASIBLE, wall time: 0.001541 s
Attempt optimization with max 32 stalls...
Setting timeout of 30 seconds...
Objective: minimize cycles
Invoking external constraint solver (OR-Tools CP-SAT v9.15.6755) ...
INFEASIBLE, wall time: 0.006761 s
Attempt optimization with max 64 stalls...
Setting timeout of 30 seconds...
Objective: minimize cycles
Invoking external constraint solver (OR-Tools CP-SAT v9.15.6755) ...
INFEASIBLE, wall time: 0.025922 s
Attempt optimization with max 128 stalls...
Setting timeout of 30 seconds...
Objective: minimize cycles
Invoking external constraint solver (OR-Tools CP-SAT v9.15.6755) ...
[0.0706s]: Found 1 solutions so far... objective (minimize cycles): currently  (Cycles ~ 101.0, IPC ~ 0.54), bound  (Cycles ~ 75.0, IPC ~ 0.73)
[0.1069s]: Found 2 solutions so far... objective (minimize cycles): currently  (Cycles ~ 100.0, IPC ~ 0.55), bound  (Cycles ~ 82.0, IPC ~ 0.67)
OPTIMAL, wall time: 0.172990 s
Booleans in result: 135
OK!
LLVM (llvm-mc, llvm-nm, llvm-readobj) not found, disabling selftest. Consider installing LLVM.
Minimum number of stalls: 86
SLOTHY version: 0.2.0
Instructions in body: 47
Perform internal binary search for minimal number of stalls...
Attempt optimization with max 0 stalls...
Setting timeout of 30 seconds...
Objective: minimize cycles
Invoking external constraint solver (OR-Tools CP-SAT v9.15.6755) ...
INFEASIBLE, wall time: 0.001146 s
Attempt optimization with max 1 stalls...
Setting timeout of 30 seconds...
Objective: minimize cycles
Invoking external constraint solver (OR-Tools CP-SAT v9.15.6755) ...
INFEASIBLE, wall time: 0.001384 s
Attempt optimization with max 2 stalls...
Setting timeout of 30 seconds...
Objective: minimize cycles
Invoking external constraint solver (OR-Tools CP-SAT v9.15.6755) ...
INFEASIBLE, wall time: 0.001412 s
Attempt optimization with max 4 stalls...
Setting timeout of 30 seconds...
Objective: minimize cycles
Invoking external constraint solver (OR-Tools CP-SAT v9.15.6755) ...
INFEASIBLE, wall time: 0.001402 s
Attempt optimization with max 8 stalls...
Setting timeout of 30 seconds...
Objective: minimize cycles
Invoking external constraint solver (OR-Tools CP-SAT v9.15.6755) ...
INFEASIBLE, wall time: 0.001285 s
Attempt optimization with max 16 stalls...
Setting timeout of 30 seconds...
Objective: minimize cycles
Invoking external constraint solver (OR-Tools CP-SAT v9.15.6755) ...
INFEASIBLE, wall time: 0.001364 s
Attempt optimization with max 32 stalls...
Setting timeout of 30 seconds...
Objective: minimize cycles
Invoking external constraint solver (OR-Tools CP-SAT v9.15.6755) ...
INFEASIBLE, wall time: 0.006240 s
Attempt optimization with max 64 stalls...
Setting timeout of 30 seconds...
Objective: minimize cycles
Invoking external constraint solver (OR-Tools CP-SAT v9.15.6755) ...
INFEASIBLE, wall time: 0.034512 s
Attempt optimization with max 128 stalls...
Setting timeout of 30 seconds...
Objective: minimize cycles
Invoking external constraint solver (OR-Tools CP-SAT v9.15.6755) ...
[0.0491s]: Found 1 solutions so far... objective (minimize cycles): currently  (Cycles ~ 92.0, IPC ~ 0.51), bound  (Cycles ~ 78.0, IPC ~ 0.60)
OPTIMAL, wall time: 0.177625 s
Booleans in result: 126
OK!
LLVM (llvm-mc, llvm-nm, llvm-readobj) not found, disabling selftest. Consider installing LLVM.
Minimum number of stalls: 80
SLOTHY version: 0.2.0
Instructions in body: 60
Perform internal binary search for minimal number of stalls...
Attempt optimization with max 0 stalls...
Setting timeout of 30 seconds...
Objective: minimize cycles
Invoking external constraint solver (OR-Tools CP-SAT v9.15.6755) ...
INFEASIBLE, wall time: 0.001296 s
Attempt optimization with max 1 stalls...
Setting timeout of 30 seconds...
Objective: minimize cycles
Invoking external constraint solver (OR-Tools CP-SAT v9.15.6755) ...
INFEASIBLE, wall time: 0.001651 s
Attempt optimization with max 2 stalls...
Setting timeout of 30 seconds...
Objective: minimize cycles
Invoking external constraint solver (OR-Tools CP-SAT v9.15.6755) ...
INFEASIBLE, wall time: 0.001619 s
Attempt optimization with max 4 stalls...
Setting timeout of 30 seconds...
Objective: minimize cycles
Invoking external constraint solver (OR-Tools CP-SAT v9.15.6755) ...
INFEASIBLE, wall time: 0.001466 s
Attempt optimization with max 8 stalls...
Setting timeout of 30 seconds...
Objective: minimize cycles
Invoking external constraint solver (OR-Tools CP-SAT v9.15.6755) ...
INFEASIBLE, wall time: 0.001743 s
Attempt optimization with max 16 stalls...
Setting timeout of 30 seconds...
Objective: minimize cycles
Invoking external constraint solver (OR-Tools CP-SAT v9.15.6755) ...
INFEASIBLE, wall time: 0.001617 s
Attempt optimization with max 32 stalls...
Setting timeout of 30 seconds...
Objective: minimize cycles
Invoking external constraint solver (OR-Tools CP-SAT v9.15.6755) ...
INFEASIBLE, wall time: 0.007933 s
Attempt optimization with max 64 stalls...
Setting timeout of 30 seconds...
Objective: minimize cycles
Invoking external constraint solver (OR-Tools CP-SAT v9.15.6755) ...
[0.1628s]: Found 1 solutions so far... objective (minimize cycles): currently  (Cycles ~ 79.0, IPC ~ 0.76), bound  (Cycles ~ 63.0, IPC ~ 0.95)
[0.1822s]: Found 2 solutions so far... objective (minimize cycles): currently  (Cycles ~ 78.0, IPC ~ 0.77), bound  (Cycles ~ 64.0, IPC ~ 0.94)
[0.1885s]: Found 3 solutions so far... objective (minimize cycles): currently  (Cycles ~ 77.0, IPC ~ 0.78), bound  (Cycles ~ 64.0, IPC ~ 0.94)
[0.2083s]: Found 4 solutions so far... objective (minimize cycles): currently  (Cycles ~ 76.0, IPC ~ 0.79), bound  (Cycles ~ 65.0, IPC ~ 0.92)
OPTIMAL, wall time: 0.287654 s
Booleans in result: 284
OK!
LLVM (llvm-mc, llvm-nm, llvm-readobj) not found, disabling selftest. Consider installing LLVM.
Minimum number of stalls: 61
SLOTHY version: 0.2.0
Instructions in body: 49
Perform internal binary search for minimal number of stalls...
Attempt optimization with max 0 stalls...
Setting timeout of 30 seconds...
Objective: minimize cycles
Invoking external constraint solver (OR-Tools CP-SAT v9.15.6755) ...
INFEASIBLE, wall time: 0.001012 s
Attempt optimization with max 1 stalls...
Setting timeout of 30 seconds...
Objective: minimize cycles
Invoking external constraint solver (OR-Tools CP-SAT v9.15.6755) ...
INFEASIBLE, wall time: 0.001437 s
Attempt optimization with max 2 stalls...
Setting timeout of 30 seconds...
Objective: minimize cycles
Invoking external constraint solver (OR-Tools CP-SAT v9.15.6755) ...
INFEASIBLE, wall time: 0.001349 s
Attempt optimization with max 4 stalls...
Setting timeout of 30 seconds...
Objective: minimize cycles
Invoking external constraint solver (OR-Tools CP-SAT v9.15.6755) ...
INFEASIBLE, wall time: 0.001385 s
Attempt optimization with max 8 stalls...
Setting timeout of 30 seconds...
Objective: minimize cycles
Invoking external constraint solver (OR-Tools CP-SAT v9.15.6755) ...
INFEASIBLE, wall time: 0.001285 s
Attempt optimization with max 16 stalls...
Setting timeout of 30 seconds...
Objective: minimize cycles
Invoking external constraint solver (OR-Tools CP-SAT v9.15.6755) ...
INFEASIBLE, wall time: 0.001627 s
Attempt optimization with max 32 stalls...
Setting timeout of 30 seconds...
Objective: minimize cycles
Invoking external constraint solver (OR-Tools CP-SAT v9.15.6755) ...
INFEASIBLE, wall time: 0.006774 s
Attempt optimization with max 64 stalls...
Setting timeout of 30 seconds...
Objective: minimize cycles
Invoking external constraint solver (OR-Tools CP-SAT v9.15.6755) ...
INFEASIBLE, wall time: 0.087264 s
Attempt optimization with max 128 stalls...
Setting timeout of 30 seconds...
Objective: minimize cycles
Invoking external constraint solver (OR-Tools CP-SAT v9.15.6755) ...
[0.0618s]: Found 1 solutions so far... objective (minimize cycles): currently  (Cycles ~ 97.0, IPC ~ 0.51), bound  (Cycles ~ 67.0, IPC ~ 0.73)
[0.0930s]: Found 2 solutions so far... objective (minimize cycles): currently  (Cycles ~ 91.0, IPC ~ 0.54), bound  (Cycles ~ 69.0, IPC ~ 0.71)
[0.1012s]: Found 3 solutions so far... objective (minimize cycles): currently  (Cycles ~ 86.0, IPC ~ 0.57), bound  (Cycles ~ 69.0, IPC ~ 0.71)
[0.1033s]: Found 4 solutions so far... objective (minimize cycles): currently  (Cycles ~ 85.0, IPC ~ 0.58), bound  (Cycles ~ 69.0, IPC ~ 0.71)
[0.1110s]: Found 5 solutions so far... objective (minimize cycles): currently  (Cycles ~ 84.0, IPC ~ 0.58), bound  (Cycles ~ 69.0, IPC ~ 0.71)
[0.1164s]: Found 6 solutions so far... objective (minimize cycles): currently  (Cycles ~ 83.0, IPC ~ 0.59), bound  (Cycles ~ 69.0, IPC ~ 0.71)
[0.1363s]: Found 7 solutions so far... objective (minimize cycles): currently  (Cycles ~ 82.0, IPC ~ 0.60), bound  (Cycles ~ 71.0, IPC ~ 0.69)
OPTIMAL, wall time: 0.256510 s
Booleans in result: 157
OK!
LLVM (llvm-mc, llvm-nm, llvm-readobj) not found, disabling selftest. Consider installing LLVM.
Minimum number of stalls: 69
SLOTHY version: 0.2.0
Instructions in body: 65
Perform internal binary search for minimal number of stalls...
Attempt optimization with max 0 stalls...
Setting timeout of 30 seconds...
Objective: minimize cycles
Invoking external constraint solver (OR-Tools CP-SAT v9.15.6755) ...
INFEASIBLE, wall time: 0.001189 s
Attempt optimization with max 1 stalls...
Setting timeout of 30 seconds...
Objective: minimize cycles
Invoking external constraint solver (OR-Tools CP-SAT v9.15.6755) ...
INFEASIBLE, wall time: 0.001477 s
Attempt optimization with max 2 stalls...
Setting timeout of 30 seconds...
Objective: minimize cycles
Invoking external constraint solver (OR-Tools CP-SAT v9.15.6755) ...
INFEASIBLE, wall time: 0.001597 s
Attempt optimization with max 4 stalls...
Setting timeout of 30 seconds...
Objective: minimize cycles
Invoking external constraint solver (OR-Tools CP-SAT v9.15.6755) ...
INFEASIBLE, wall time: 0.001608 s
Attempt optimization with max 8 stalls...
Setting timeout of 30 seconds...
Objective: minimize cycles
Invoking external constraint solver (OR-Tools CP-SAT v9.15.6755) ...
INFEASIBLE, wall time: 0.001574 s
Attempt optimization with max 16 stalls...
Setting timeout of 30 seconds...
Objective: minimize cycles
Invoking external constraint solver (OR-Tools CP-SAT v9.15.6755) ...
INFEASIBLE, wall time: 0.001523 s
Attempt optimization with max 32 stalls...
Setting timeout of 30 seconds...
Objective: minimize cycles
Invoking external constraint solver (OR-Tools CP-SAT v9.15.6755) ...
INFEASIBLE, wall time: 0.008361 s
Attempt optimization with max 64 stalls...
Setting timeout of 30 seconds...
Objective: minimize cycles
Invoking external constraint solver (OR-Tools CP-SAT v9.15.6755) ...
[0.0796s]: Found 1 solutions so far... objective (minimize cycles): currently  (Cycles ~ 81.0, IPC ~ 0.80), bound  (Cycles ~ 78.0, IPC ~ 0.83)
OPTIMAL, wall time: 0.092141 s
Booleans in result: 174
OK!
LLVM (llvm-mc, llvm-nm, llvm-readobj) not found, disabling selftest. Consider installing LLVM.
Minimum number of stalls: 64
SLOTHY version: 0.2.0
Instructions in body: 51
Perform internal binary search for minimal number of stalls...
Attempt optimization with max 0 stalls...
Setting timeout of 30 seconds...
Objective: minimize cycles
Invoking external constraint solver (OR-Tools CP-SAT v9.15.6755) ...
INFEASIBLE, wall time: 0.001070 s
Attempt optimization with max 1 stalls...
Setting timeout of 30 seconds...
Objective: minimize cycles
Invoking external constraint solver (OR-Tools CP-SAT v9.15.6755) ...
INFEASIBLE, wall time: 0.001461 s
Attempt optimization with max 2 stalls...
Setting timeout of 30 seconds...
Objective: minimize cycles
Invoking external constraint solver (OR-Tools CP-SAT v9.15.6755) ...
INFEASIBLE, wall time: 0.001725 s
Attempt optimization with max 4 stalls...
Setting timeout of 30 seconds...
Objective: minimize cycles
Invoking external constraint solver (OR-Tools CP-SAT v9.15.6755) ...
INFEASIBLE, wall time: 0.001724 s
Attempt optimization with max 8 stalls...
Setting timeout of 30 seconds...
Objective: minimize cycles
Invoking external constraint solver (OR-Tools CP-SAT v9.15.6755) ...
INFEASIBLE, wall time: 0.001365 s
Attempt optimization with max 16 stalls...
Setting timeout of 30 seconds...
Objective: minimize cycles
Invoking external constraint solver (OR-Tools CP-SAT v9.15.6755) ...
INFEASIBLE, wall time: 0.001448 s
Attempt optimization with max 32 stalls...
Setting timeout of 30 seconds...
Objective: minimize cycles
Invoking external constraint solver (OR-Tools CP-SAT v9.15.6755) ...
INFEASIBLE, wall time: 0.006374 s
Attempt optimization with max 64 stalls...
Setting timeout of 30 seconds...
Objective: minimize cycles
Invoking external constraint solver (OR-Tools CP-SAT v9.15.6755) ...
INFEASIBLE, wall time: 0.023656 s
Attempt optimization with max 128 stalls...
Setting timeout of 30 seconds...
Objective: minimize cycles
Invoking external constraint solver (OR-Tools CP-SAT v9.15.6755) ...
[0.0413s]: Found 1 solutions so far... objective (minimize cycles): currently  (Cycles ~ 95.0, IPC ~ 0.54), bound  (Cycles ~ 93.0, IPC ~ 0.55)
[0.0447s]: Found 2 solutions so far... objective (minimize cycles): currently  (Cycles ~ 94.0, IPC ~ 0.54), bound  (Cycles ~ 93.0, IPC ~ 0.55)
OPTIMAL, wall time: 0.048899 s
Booleans in result: 87
OK!
LLVM (llvm-mc, llvm-nm, llvm-readobj) not found, disabling selftest. Consider installing LLVM.
Minimum number of stalls: 81
SLOTHY version: 0.2.0
Instructions in body: 51
Perform internal binary search for minimal number of stalls...
Attempt optimization with max 0 stalls...
Setting timeout of 30 seconds...
Objective: minimize cycles
Invoking external constraint solver (OR-Tools CP-SAT v9.15.6755) ...
INFEASIBLE, wall time: 0.001089 s
Attempt optimization with max 1 stalls...
Setting timeout of 30 seconds...
Objective: minimize cycles
Invoking external constraint solver (OR-Tools CP-SAT v9.15.6755) ...
INFEASIBLE, wall time: 0.002743 s
Attempt optimization with max 2 stalls...
Setting timeout of 30 seconds...
Objective: minimize cycles
Invoking external constraint solver (OR-Tools CP-SAT v9.15.6755) ...
INFEASIBLE, wall time: 0.001723 s
Attempt optimization with max 4 stalls...
Setting timeout of 30 seconds...
Objective: minimize cycles
Invoking external constraint solver (OR-Tools CP-SAT v9.15.6755) ...
INFEASIBLE, wall time: 0.001306 s
Attempt optimization with max 8 stalls...
Setting timeout of 30 seconds...
Objective: minimize cycles
Invoking external constraint solver (OR-Tools CP-SAT v9.15.6755) ...
INFEASIBLE, wall time: 0.001310 s
Attempt optimization with max 16 stalls...
Setting timeout of 30 seconds...
Objective: minimize cycles
Invoking external constraint solver (OR-Tools CP-SAT v9.15.6755) ...
INFEASIBLE, wall time: 0.001448 s
Attempt optimization with max 32 stalls...
Setting timeout of 30 seconds...
Objective: minimize cycles
Invoking external constraint solver (OR-Tools CP-SAT v9.15.6755) ...
INFEASIBLE, wall time: 0.005746 s
Attempt optimization with max 64 stalls...
Setting timeout of 30 seconds...
Objective: minimize cycles
Invoking external constraint solver (OR-Tools CP-SAT v9.15.6755) ...
[0.0214s]: Found 1 solutions so far... objective (minimize cycles): currently  (Cycles ~ 64.0, IPC ~ 0.80), bound  (Cycles ~ 43.0, IPC ~ 1.19)
[0.0247s]: Found 2 solutions so far... objective (minimize cycles): currently  (Cycles ~ 61.0, IPC ~ 0.84), bound  (Cycles ~ 43.0, IPC ~ 1.19)
[0.0395s]: Found 3 solutions so far... objective (minimize cycles): currently  (Cycles ~ 60.0, IPC ~ 0.85), bound  (Cycles ~ 44.0, IPC ~ 1.16)
[0.0428s]: Found 4 solutions so far... objective (minimize cycles): currently  (Cycles ~ 59.0, IPC ~ 0.86), bound  (Cycles ~ 44.0, IPC ~ 1.16)
[0.0605s]: Found 5 solutions so far... objective (minimize cycles): currently  (Cycles ~ 58.0, IPC ~ 0.88), bound  (Cycles ~ 44.0, IPC ~ 1.16)
OPTIMAL, wall time: 0.116839 s
Booleans in result: 42
OK!
LLVM (llvm-mc, llvm-nm, llvm-readobj) not found, disabling selftest. Consider installing LLVM.
Minimum number of stalls: 45
SLOTHY version: 0.2.0
Instructions in body: 56
Perform internal binary search for minimal number of stalls...
Attempt optimization with max 0 stalls...
Setting timeout of 30 seconds...
Objective: minimize cycles
Invoking external constraint solver (OR-Tools CP-SAT v9.15.6755) ...
INFEASIBLE, wall time: 0.001049 s
Attempt optimization with max 1 stalls...
Setting timeout of 30 seconds...
Objective: minimize cycles
Invoking external constraint solver (OR-Tools CP-SAT v9.15.6755) ...
INFEASIBLE, wall time: 0.001455 s
Attempt optimization with max 2 stalls...
Setting timeout of 30 seconds...
Objective: minimize cycles
Invoking external constraint solver (OR-Tools CP-SAT v9.15.6755) ...
INFEASIBLE, wall time: 0.001446 s
Attempt optimization with max 4 stalls...
Setting timeout of 30 seconds...
Objective: minimize cycles
Invoking external constraint solver (OR-Tools CP-SAT v9.15.6755) ...
INFEASIBLE, wall time: 0.001786 s
Attempt optimization with max 8 stalls...
Setting timeout of 30 seconds...
Objective: minimize cycles
Invoking external constraint solver (OR-Tools CP-SAT v9.15.6755) ...
INFEASIBLE, wall time: 0.002401 s
Attempt optimization with max 16 stalls...
Setting timeout of 30 seconds...
Objective: minimize cycles
Invoking external constraint solver (OR-Tools CP-SAT v9.15.6755) ...
INFEASIBLE, wall time: 0.001399 s
Attempt optimization with max 32 stalls...
Setting timeout of 30 seconds...
Objective: minimize cycles
Invoking external constraint solver (OR-Tools CP-SAT v9.15.6755) ...
INFEASIBLE, wall time: 0.007348 s
Attempt optimization with max 64 stalls...
Setting timeout of 30 seconds...
Objective: minimize cycles
Invoking external constraint solver (OR-Tools CP-SAT v9.15.6755) ...
INFEASIBLE, wall time: 0.030450 s
Attempt optimization with max 128 stalls...
Setting timeout of 30 seconds...
Objective: minimize cycles
Invoking external constraint solver (OR-Tools CP-SAT v9.15.6755) ...
[0.1144s]: Found 1 solutions so far... objective (minimize cycles): currently  (Cycles ~ 91.0, IPC ~ 0.62), bound  (Cycles ~ 83.0, IPC ~ 0.67)
[0.1208s]: Found 2 solutions so far... objective (minimize cycles): currently  (Cycles ~ 90.0, IPC ~ 0.62), bound  (Cycles ~ 83.0, IPC ~ 0.67)
OPTIMAL, wall time: 0.156919 s
Booleans in result: 317
OK!
LLVM (llvm-mc, llvm-nm, llvm-readobj) not found, disabling selftest. Consider installing LLVM.
Minimum number of stalls: 76
SLOTHY version: 0.2.0
Instructions in body: 55
Perform internal binary search for minimal number of stalls...
Attempt optimization with max 0 stalls...
Setting timeout of 30 seconds...
Objective: minimize cycles
Invoking external constraint solver (OR-Tools CP-SAT v9.15.6755) ...
INFEASIBLE, wall time: 0.001154 s
Attempt optimization with max 1 stalls...
Setting timeout of 30 seconds...
Objective: minimize cycles
Invoking external constraint solver (OR-Tools CP-SAT v9.15.6755) ...
INFEASIBLE, wall time: 0.001533 s
Attempt optimization with max 2 stalls...
Setting timeout of 30 seconds...
Objective: minimize cycles
Invoking external constraint solver (OR-Tools CP-SAT v9.15.6755) ...
INFEASIBLE, wall time: 0.001446 s
Attempt optimization with max 4 stalls...
Setting timeout of 30 seconds...
Objective: minimize cycles
Invoking external constraint solver (OR-Tools CP-SAT v9.15.6755) ...
INFEASIBLE, wall time: 0.001450 s
Attempt optimization with max 8 stalls...
Setting timeout of 30 seconds...
Objective: minimize cycles
Invoking external constraint solver (OR-Tools CP-SAT v9.15.6755) ...
INFEASIBLE, wall time: 0.001404 s
Attempt optimization with max 16 stalls...
Setting timeout of 30 seconds...
Objective: minimize cycles
Invoking external constraint solver (OR-Tools CP-SAT v9.15.6755) ...
INFEASIBLE, wall time: 0.001500 s
Attempt optimization with max 32 stalls...
Setting timeout of 30 seconds...
Objective: minimize cycles
Invoking external constraint solver (OR-Tools CP-SAT v9.15.6755) ...
INFEASIBLE, wall time: 0.007059 s
Attempt optimization with max 64 stalls...
Setting timeout of 30 seconds...
Objective: minimize cycles
Invoking external constraint solver (OR-Tools CP-SAT v9.15.6755) ...
INFEASIBLE, wall time: 0.028585 s
Attempt optimization with max 128 stalls...
Setting timeout of 30 seconds...
Objective: minimize cycles
Invoking external constraint solver (OR-Tools CP-SAT v9.15.6755) ...
[0.3102s]: Found 1 solutions so far... objective (minimize cycles): currently  (Cycles ~ 126.0, IPC ~ 0.44), bound  (Cycles ~ 88.0, IPC ~ 0.62)
[0.3364s]: Found 2 solutions so far... objective (minimize cycles): currently  (Cycles ~ 125.0, IPC ~ 0.44), bound  (Cycles ~ 88.0, IPC ~ 0.62)
[0.3551s]: Found 3 solutions so far... objective (minimize cycles): currently  (Cycles ~ 123.0, IPC ~ 0.45), bound  (Cycles ~ 89.0, IPC ~ 0.62)
[0.4239s]: Found 4 solutions so far... objective (minimize cycles): currently  (Cycles ~ 93.0, IPC ~ 0.59), bound  (Cycles ~ 90.0, IPC ~ 0.61)
OPTIMAL, wall time: 0.453825 s
Booleans in result: 402
OK!
LLVM (llvm-mc, llvm-nm, llvm-readobj) not found, disabling selftest. Consider installing LLVM.
Minimum number of stalls: 79
SLOTHY version: 0.2.0
Instructions in body: 46
Perform internal binary search for minimal number of stalls...
Attempt optimization with max 0 stalls...
Setting timeout of 30 seconds...
Objective: minimize cycles
Invoking external constraint solver (OR-Tools CP-SAT v9.15.6755) ...
INFEASIBLE, wall time: 0.000945 s
Attempt optimization with max 1 stalls...
Setting timeout of 30 seconds...
Objective: minimize cycles
Invoking external constraint solver (OR-Tools CP-SAT v9.15.6755) ...
INFEASIBLE, wall time: 0.001333 s
Attempt optimization with max 2 stalls...
Setting timeout of 30 seconds...
Objective: minimize cycles
Invoking external constraint solver (OR-Tools CP-SAT v9.15.6755) ...
INFEASIBLE, wall time: 0.001202 s
Attempt optimization with max 4 stalls...
Setting timeout of 30 seconds...
Objective: minimize cycles
Invoking external constraint solver (OR-Tools CP-SAT v9.15.6755) ...
INFEASIBLE, wall time: 0.001173 s
Attempt optimization with max 8 stalls...
Setting timeout of 30 seconds...
Objective: minimize cycles
Invoking external constraint solver (OR-Tools CP-SAT v9.15.6755) ...
INFEASIBLE, wall time: 0.001284 s
Attempt optimization with max 16 stalls...
Setting timeout of 30 seconds...
Objective: minimize cycles
Invoking external constraint solver (OR-Tools CP-SAT v9.15.6755) ...
INFEASIBLE, wall time: 0.001435 s
Attempt optimization with max 32 stalls...
Setting timeout of 30 seconds...
Objective: minimize cycles
Invoking external constraint solver (OR-Tools CP-SAT v9.15.6755) ...
INFEASIBLE, wall time: 0.005555 s
Attempt optimization with max 64 stalls...
Setting timeout of 30 seconds...
Objective: minimize cycles
Invoking external constraint solver (OR-Tools CP-SAT v9.15.6755) ...
[0.0461s]: Found 1 solutions so far... objective (minimize cycles): currently  (Cycles ~ 70.0, IPC ~ 0.66), bound  (Cycles ~ 41.0, IPC ~ 1.12)
[0.0497s]: Found 2 solutions so far... objective (minimize cycles): currently  (Cycles ~ 69.0, IPC ~ 0.67), bound  (Cycles ~ 44.0, IPC ~ 1.05)
[0.0579s]: Found 3 solutions so far... objective (minimize cycles): currently  (Cycles ~ 68.0, IPC ~ 0.68), bound  (Cycles ~ 47.0, IPC ~ 0.98)
[0.0674s]: Found 4 solutions so far... objective (minimize cycles): currently  (Cycles ~ 67.0, IPC ~ 0.69), bound  (Cycles ~ 49.0, IPC ~ 0.94)
[0.0823s]: Found 5 solutions so far... objective (minimize cycles): currently  (Cycles ~ 66.0, IPC ~ 0.70), bound  (Cycles ~ 50.0, IPC ~ 0.92)
[0.0852s]: Found 6 solutions so far... objective (minimize cycles): currently  (Cycles ~ 65.0, IPC ~ 0.71), bound  (Cycles ~ 50.0, IPC ~ 0.92)
[0.0992s]: Found 7 solutions so far... objective (minimize cycles): currently  (Cycles ~ 64.0, IPC ~ 0.72), bound  (Cycles ~ 53.0, IPC ~ 0.87)
[0.1116s]: Found 8 solutions so far... objective (minimize cycles): currently  (Cycles ~ 62.0, IPC ~ 0.74), bound  (Cycles ~ 53.0, IPC ~ 0.87)
OPTIMAL, wall time: 0.172708 s
Booleans in result: 107
OK!
LLVM (llvm-mc, llvm-nm, llvm-readobj) not found, disabling selftest. Consider installing LLVM.
Minimum number of stalls: 50
