cpucycles tracesetup 0 amd64-perfpmcff precision 0 scaling 0.000000 only32 0
cpucycles tracesetup 1 amd64-perfpmc precision 0 scaling 0.000000 only32 0
cpucycles tracesetup 2 amd64-pmcff precision 0 scaling 0.000000 only32 0
cpucycles tracesetup 3 amd64-tsc precision 1016 scaling 0.467415 only32 0
cpucycles tracesetup 4 amd64-tscasm precision 1026 scaling 0.467415 only32 0
cpucycles tracesetup 5 default-perfevent precision 205 scaling 1.000000 only32 0
cpucycles tracesetup 6 default-mach precision 0 scaling 0.000000 only32 0
cpucycles tracesetup 7 default-monotonic precision 1076 scaling 1.400000 only32 0
cpucycles tracesetup 8 default-gettimeofday precision 2440 scaling 1400.000000 only32 0
cpucycles tracesetup 9 default-zero precision 0 scaling 0.000000 only32 0
region,variant,block,observation,cycles
0,0,0,0,863
0,0,0,1,781
0,0,0,2,776
0,0,0,3,793
0,0,0,4,780
0,0,0,5,806
0,0,0,6,811
0,0,0,7,806
0,0,0,8,828
0,0,0,9,794
0,0,0,10,820
0,0,0,11,875
0,0,0,12,829
0,0,0,13,830
0,0,0,14,790
0,0,0,15,826
0,0,0,16,814
0,0,0,17,805
0,0,0,18,785
0,0,0,19,797
0,0,0,20,797
0,0,0,21,800
0,0,0,22,777
0,0,0,23,804
0,0,0,24,812
0,0,0,25,795
0,0,0,26,832
0,0,0,27,803
0,0,0,28,789
0,0,0,29,812
0,0,0,30,810
0,0,0,31,781
0,1,0,0,840
0,1,0,1,801
0,1,0,2,778
0,1,0,3,798
0,1,0,4,785
0,1,0,5,825
0,1,0,6,790
0,1,0,7,789
0,1,0,8,805
0,1,0,9,781
0,1,0,10,803
0,1,0,11,804
0,1,0,12,851
0,1,0,13,821
0,1,0,14,798
0,1,0,15,836
0,1,0,16,827
0,1,0,17,817
0,1,0,18,826
0,1,0,19,805
0,1,0,20,822
0,1,0,21,840
0,1,0,22,800
0,1,0,23,831
0,1,0,24,819
0,1,0,25,797
0,1,0,26,837
0,1,0,27,802
0,1,0,28,831
0,1,0,29,817
0,1,0,30,799
0,1,0,31,833
0,2,0,0,794
0,2,0,1,757
0,2,0,2,765
0,2,0,3,776
0,2,0,4,771
0,2,0,5,750
0,2,0,6,735
0,2,0,7,731
0,2,0,8,753
0,2,0,9,751
0,2,0,10,748
0,2,0,11,764
0,2,0,12,754
0,2,0,13,761
0,2,0,14,752
0,2,0,15,761
0,2,0,16,766
0,2,0,17,756
0,2,0,18,750
0,2,0,19,772
0,2,0,20,747
0,2,0,21,746
0,2,0,22,751
0,2,0,23,749
0,2,0,24,773
0,2,0,25,753
0,2,0,26,774
0,2,0,27,761
0,2,0,28,742
0,2,0,29,763
0,2,0,30,755
0,2,0,31,744
0,3,0,0,790
0,3,0,1,767
0,3,0,2,773
0,3,0,3,781
0,3,0,4,766
0,3,0,5,782
0,3,0,6,767
0,3,0,7,773
0,3,0,8,779
0,3,0,9,764
0,3,0,10,770
0,3,0,11,765
0,3,0,12,750
0,3,0,13,756
0,3,0,14,757
0,3,0,15,782
0,3,0,16,779
0,3,0,17,757
0,3,0,18,747
0,3,0,19,763
0,3,0,20,776
0,3,0,21,758
0,3,0,22,736
0,3,0,23,776
0,3,0,24,756
0,3,0,25,766
0,3,0,26,767
0,3,0,27,753
0,3,0,28,867
0,3,0,29,794
0,3,0,30,768
0,3,0,31,769
0,3,1,0,742
0,3,1,1,739
0,3,1,2,769
0,3,1,3,750
0,3,1,4,758
0,3,1,5,778
0,3,1,6,761
0,3,1,7,773
0,3,1,8,777
0,3,1,9,757
0,3,1,10,787
0,3,1,11,773
0,3,1,12,745
0,3,1,13,765
0,3,1,14,752
0,3,1,15,741
0,3,1,16,760
0,3,1,17,739
0,3,1,18,764
0,3,1,19,770
0,3,1,20,749
0,3,1,21,755
0,3,1,22,743
0,3,1,23,760
0,3,1,24,763
0,3,1,25,760
0,3,1,26,773
0,3,1,27,829
0,3,1,28,760
0,3,1,29,772
0,3,1,30,758
0,3,1,31,766
0,2,1,0,769
0,2,1,1,769
0,2,1,2,791
0,2,1,3,766
0,2,1,4,782
0,2,1,5,767
0,2,1,6,759
0,2,1,7,745
0,2,1,8,767
0,2,1,9,762
0,2,1,10,767
0,2,1,11,898
0,2,1,12,758
0,2,1,13,773
0,2,1,14,766
0,2,1,15,764
0,2,1,16,774
0,2,1,17,744
0,2,1,18,761
0,2,1,19,754
0,2,1,20,742
0,2,1,21,759
0,2,1,22,759
0,2,1,23,764
0,2,1,24,747
0,2,1,25,746
0,2,1,26,755
0,2,1,27,818
0,2,1,28,804
0,2,1,29,748
0,2,1,30,748
0,2,1,31,757
0,1,1,0,822
0,1,1,1,798
0,1,1,2,827
0,1,1,3,820
0,1,1,4,816
0,1,1,5,821
0,1,1,6,791
0,1,1,7,817
0,1,1,8,823
0,1,1,9,803
0,1,1,10,848
0,1,1,11,856
0,1,1,12,833
0,1,1,13,834
0,1,1,14,798
0,1,1,15,808
0,1,1,16,845
0,1,1,17,808
0,1,1,18,812
0,1,1,19,794
0,1,1,20,814
0,1,1,21,826
0,1,1,22,820
0,1,1,23,789
0,1,1,24,817
0,1,1,25,807
0,1,1,26,828
0,1,1,27,828
0,1,1,28,800
0,1,1,29,810
0,1,1,30,799
0,1,1,31,799
0,0,1,0,811
0,0,1,1,807
0,0,1,2,808
0,0,1,3,827
0,0,1,4,799
0,0,1,5,820
0,0,1,6,808
0,0,1,7,801
0,0,1,8,820
0,0,1,9,794
0,0,1,10,816
0,0,1,11,879
0,0,1,12,781
0,0,1,13,840
0,0,1,14,807
0,0,1,15,808
0,0,1,16,797
0,0,1,17,799
0,0,1,18,804
0,0,1,19,791
0,0,1,20,795
0,0,1,21,835
0,0,1,22,798
0,0,1,23,799
0,0,1,24,834
0,0,1,25,803
0,0,1,26,828
0,0,1,27,782
0,0,1,28,804
0,0,1,29,815
0,0,1,30,788
0,0,1,31,836
0,0,2,0,776
0,0,2,1,795
0,0,2,2,778
0,0,2,3,835
0,0,2,4,803
0,0,2,5,826
0,0,2,6,800
0,0,2,7,800
0,0,2,8,816
0,0,2,9,797
0,0,2,10,835
0,0,2,11,813
0,0,2,12,811
0,0,2,13,824
0,0,2,14,780
0,0,2,15,824
0,0,2,16,801
0,0,2,17,804
0,0,2,18,798
0,0,2,19,796
0,0,2,20,796
0,0,2,21,813
0,0,2,22,788
0,0,2,23,792
0,0,2,24,788
0,0,2,25,785
0,0,2,26,819
0,0,2,27,828
0,0,2,28,902
0,0,2,29,805
0,0,2,30,783
0,0,2,31,818
0,1,2,0,802
0,1,2,1,800
0,1,2,2,820
0,1,2,3,813
0,1,2,4,822
0,1,2,5,841
0,1,2,6,797
0,1,2,7,816
0,1,2,8,815
0,1,2,9,814
0,1,2,10,837
0,1,2,11,886
0,1,2,12,805
0,1,2,13,856
0,1,2,14,808
0,1,2,15,803
0,1,2,16,843
0,1,2,17,806
0,1,2,18,827
0,1,2,19,808
0,1,2,20,822
0,1,2,21,813
0,1,2,22,808
0,1,2,23,835
0,1,2,24,810
0,1,2,25,811
0,1,2,26,830
0,1,2,27,845
0,1,2,28,808
0,1,2,29,847
0,1,2,30,803
0,1,2,31,844
0,2,2,0,782
0,2,2,1,761
0,2,2,2,776
0,2,2,3,774
0,2,2,4,761
0,2,2,5,754
0,2,2,6,750
0,2,2,7,749
0,2,2,8,771
0,2,2,9,744
0,2,2,10,771
0,2,2,11,909
0,2,2,12,752
0,2,2,13,760
0,2,2,14,748
0,2,2,15,754
0,2,2,16,760
0,2,2,17,768
0,2,2,18,760
0,2,2,19,749
0,2,2,20,748
0,2,2,21,740
0,2,2,22,748
0,2,2,23,737
0,2,2,24,769
0,2,2,25,758
0,2,2,26,765
0,2,2,27,888
0,2,2,28,772
0,2,2,29,760
0,2,2,30,750
0,2,2,31,761
0,3,2,0,763
0,3,2,1,786
0,3,2,2,769
0,3,2,3,794
0,3,2,4,790
0,3,2,5,777
0,3,2,6,760
0,3,2,7,784
0,3,2,8,770
0,3,2,9,752
0,3,2,10,784
0,3,2,11,826
0,3,2,12,758
0,3,2,13,777
0,3,2,14,766
0,3,2,15,777
0,3,2,16,779
0,3,2,17,761
0,3,2,18,783
0,3,2,19,772
0,3,2,20,743
0,3,2,21,768
0,3,2,22,770
0,3,2,23,780
0,3,2,24,777
0,3,2,25,761
0,3,2,26,788
0,3,2,27,954
0,3,2,28,790
0,3,2,29,774
0,3,2,30,757
0,3,2,31,769
0,3,3,0,760
0,3,3,1,754
0,3,3,2,762
0,3,3,3,759
0,3,3,4,752
0,3,3,5,778
0,3,3,6,761
0,3,3,7,783
0,3,3,8,783
0,3,3,9,753
0,3,3,10,796
0,3,3,11,772
0,3,3,12,827
0,3,3,13,783
0,3,3,14,744
0,3,3,15,784
0,3,3,16,778
0,3,3,17,769
0,3,3,18,774
0,3,3,19,767
0,3,3,20,747
0,3,3,21,773
0,3,3,22,756
0,3,3,23,775
0,3,3,24,781
0,3,3,25,767
0,3,3,26,792
0,3,3,27,778
0,3,3,28,751
0,3,3,29,767
0,3,3,30,769
0,3,3,31,769
0,2,3,0,753
0,2,3,1,793
0,2,3,2,774
0,2,3,3,782
0,2,3,4,774
0,2,3,5,768
0,2,3,6,741
0,2,3,7,751
0,2,3,8,760
0,2,3,9,762
0,2,3,10,775
0,2,3,11,766
0,2,3,12,753
0,2,3,13,763
0,2,3,14,745
0,2,3,15,769
0,2,3,16,777
0,2,3,17,761
0,2,3,18,767
0,2,3,19,772
0,2,3,20,762
0,2,3,21,766
0,2,3,22,756
0,2,3,23,756
0,2,3,24,761
0,2,3,25,773
0,2,3,26,785
0,2,3,27,769
0,2,3,28,755
0,2,3,29,780
0,2,3,30,752
0,2,3,31,763
0,1,3,0,793
0,1,3,1,807
0,1,3,2,808
0,1,3,3,819
0,1,3,4,836
0,1,3,5,838
0,1,3,6,811
0,1,3,7,809
0,1,3,8,830
0,1,3,9,772
0,1,3,10,824
0,1,3,11,805
0,1,3,12,897
0,1,3,13,821
0,1,3,14,812
0,1,3,15,846
0,1,3,16,834
0,1,3,17,817
0,1,3,18,820
0,1,3,19,801
0,1,3,20,801
0,1,3,21,836
0,1,3,22,812
0,1,3,23,826
0,1,3,24,800
0,1,3,25,817
0,1,3,26,833
0,1,3,27,829
0,1,3,28,842
0,1,3,29,908
0,1,3,30,813
0,1,3,31,803
0,0,3,0,791
0,0,3,1,792
0,0,3,2,800
0,0,3,3,809
0,0,3,4,826
0,0,3,5,816
0,0,3,6,799
0,0,3,7,814
0,0,3,8,830
0,0,3,9,798
0,0,3,10,827
0,0,3,11,819
0,0,3,12,806
0,0,3,13,822
0,0,3,14,794
0,0,3,15,810
0,0,3,16,774
0,0,3,17,784
0,0,3,18,799
0,0,3,19,793
0,0,3,20,779
0,0,3,21,811
0,0,3,22,788
0,0,3,23,801
0,0,3,24,798
0,0,3,25,811
0,0,3,26,816
0,0,3,27,795
0,0,3,28,818
0,0,3,29,805
0,0,3,30,800
0,0,3,31,822
0,0,4,0,782
0,0,4,1,783
0,0,4,2,772
0,0,4,3,773
0,0,4,4,813
0,0,4,5,847
0,0,4,6,792
0,0,4,7,804
0,0,4,8,792
0,0,4,9,783
0,0,4,10,789
0,0,4,11,879
0,0,4,12,790
0,0,4,13,804
0,0,4,14,799
0,0,4,15,823
0,0,4,16,802
0,0,4,17,795
0,0,4,18,797
0,0,4,19,793
0,0,4,20,801
0,0,4,21,813
0,0,4,22,811
0,0,4,23,816
0,0,4,24,806
0,0,4,25,817
0,0,4,26,797
0,0,4,27,788
0,0,4,28,815
0,0,4,29,814
0,0,4,30,787
0,0,4,31,810
0,1,4,0,809
0,1,4,1,801
0,1,4,2,833
0,1,4,3,822
0,1,4,4,844
0,1,4,5,832
0,1,4,6,805
0,1,4,7,825
0,1,4,8,839
0,1,4,9,820
0,1,4,10,829
0,1,4,11,857
0,1,4,12,806
0,1,4,13,844
0,1,4,14,818
0,1,4,15,798
0,1,4,16,784
0,1,4,17,789
0,1,4,18,784
0,1,4,19,821
0,1,4,20,813
0,1,4,21,828
0,1,4,22,799
0,1,4,23,846
0,1,4,24,834
0,1,4,25,818
0,1,4,26,822
0,1,4,27,872
0,1,4,28,811
0,1,4,29,847
0,1,4,30,801
0,1,4,31,842
0,2,4,0,762
0,2,4,1,772
0,2,4,2,752
0,2,4,3,762
0,2,4,4,779
0,2,4,5,767
0,2,4,6,762
0,2,4,7,760
0,2,4,8,773
0,2,4,9,768
0,2,4,10,779
0,2,4,11,771
0,2,4,12,762
0,2,4,13,772
0,2,4,14,761
0,2,4,15,750
0,2,4,16,765
0,2,4,17,747
0,2,4,18,749
0,2,4,19,770
0,2,4,20,769
0,2,4,21,773
0,2,4,22,753
0,2,4,23,760
0,2,4,24,747
0,2,4,25,757
0,2,4,26,770
0,2,4,27,775
0,2,4,28,871
0,2,4,29,769
0,2,4,30,749
0,2,4,31,757
0,3,4,0,757
0,3,4,1,777
0,3,4,2,802
0,3,4,3,784
0,3,4,4,776
0,3,4,5,759
0,3,4,6,744
0,3,4,7,761
0,3,4,8,771
0,3,4,9,749
0,3,4,10,771
0,3,4,11,767
0,3,4,12,769
0,3,4,13,775
0,3,4,14,753
0,3,4,15,739
0,3,4,16,763
0,3,4,17,762
0,3,4,18,773
0,3,4,19,765
0,3,4,20,777
0,3,4,21,784
0,3,4,22,765
0,3,4,23,780
0,3,4,24,782
0,3,4,25,770
0,3,4,26,795
0,3,4,27,841
0,3,4,28,839
0,3,4,29,784
0,3,4,30,748
0,3,4,31,771
0,3,5,0,757
0,3,5,1,745
0,3,5,2,764
0,3,5,3,763
0,3,5,4,756
0,3,5,5,764
0,3,5,6,753
0,3,5,7,766
0,3,5,8,771
0,3,5,9,758
0,3,5,10,764
0,3,5,11,757
0,3,5,12,768
0,3,5,13,765
0,3,5,14,753
0,3,5,15,767
0,3,5,16,774
0,3,5,17,743
0,3,5,18,754
0,3,5,19,762
0,3,5,20,764
0,3,5,21,781
0,3,5,22,757
0,3,5,23,780
0,3,5,24,783
0,3,5,25,764
0,3,5,26,769
0,3,5,27,769
0,3,5,28,764
0,3,5,29,775
0,3,5,30,745
0,3,5,31,784
0,2,5,0,763
0,2,5,1,777
0,2,5,2,787
0,2,5,3,777
0,2,5,4,776
0,2,5,5,751
0,2,5,6,755
0,2,5,7,749
0,2,5,8,768
0,2,5,9,748
0,2,5,10,766
0,2,5,11,761
0,2,5,12,756
0,2,5,13,764
0,2,5,14,742
0,2,5,15,760
0,2,5,16,762
0,2,5,17,756
0,2,5,18,763
0,2,5,19,743
0,2,5,20,755
0,2,5,21,759
0,2,5,22,747
0,2,5,23,740
0,2,5,24,755
0,2,5,25,748
0,2,5,26,771
0,2,5,27,768
0,2,5,28,743
0,2,5,29,772
0,2,5,30,741
0,2,5,31,762
0,1,5,0,798
0,1,5,1,811
0,1,5,2,827
0,1,5,3,818
0,1,5,4,821
0,1,5,5,813
0,1,5,6,785
0,1,5,7,817
0,1,5,8,810
0,1,5,9,806
0,1,5,10,834
0,1,5,11,802
0,1,5,12,842
0,1,5,13,801
0,1,5,14,801
0,1,5,15,841
0,1,5,16,799
0,1,5,17,828
0,1,5,18,842
0,1,5,19,817
0,1,5,20,820
0,1,5,21,833
0,1,5,22,811
0,1,5,23,818
0,1,5,24,818
0,1,5,25,825
0,1,5,26,813
0,1,5,27,825
0,1,5,28,895
0,1,5,29,828
0,1,5,30,819
0,1,5,31,813
0,0,5,0,807
0,0,5,1,797
0,0,5,2,844
0,0,5,3,798
0,0,5,4,819
0,0,5,5,828
0,0,5,6,803
0,0,5,7,795
0,0,5,8,812
0,0,5,9,792
0,0,5,10,814
0,0,5,11,783
0,0,5,12,819
0,0,5,13,790
0,0,5,14,796
0,0,5,15,812
0,0,5,16,831
0,0,5,17,799
0,0,5,18,813
0,0,5,19,788
0,0,5,20,806
0,0,5,21,829
0,0,5,22,789
0,0,5,23,830
0,0,5,24,808
0,0,5,25,781
0,0,5,26,803
0,0,5,27,784
0,0,5,28,809
0,0,5,29,817
0,0,5,30,799
0,0,5,31,815
0,0,6,0,774
0,0,6,1,770
0,0,6,2,788
0,0,6,3,782
0,0,6,4,777
0,0,6,5,829
0,0,6,6,803
0,0,6,7,809
0,0,6,8,826
0,0,6,9,807
0,0,6,10,809
0,0,6,11,797
0,0,6,12,861
0,0,6,13,811
0,0,6,14,784
0,0,6,15,804
0,0,6,16,796
0,0,6,17,795
0,0,6,18,811
0,0,6,19,803
0,0,6,20,824
0,0,6,21,839
0,0,6,22,803
0,0,6,23,809
0,0,6,24,820
0,0,6,25,792
0,0,6,26,813
0,0,6,27,870
0,0,6,28,818
0,0,6,29,805
0,0,6,30,790
0,0,6,31,824
0,1,6,0,827
0,1,6,1,803
0,1,6,2,815
0,1,6,3,820
0,1,6,4,817
0,1,6,5,822
0,1,6,6,792
0,1,6,7,829
0,1,6,8,825
0,1,6,9,825
0,1,6,10,849
0,1,6,11,859
0,1,6,12,801
0,1,6,13,811
0,1,6,14,794
0,1,6,15,826
0,1,6,16,824
0,1,6,17,801
0,1,6,18,793
0,1,6,19,806
0,1,6,20,810
0,1,6,21,829
0,1,6,22,792
0,1,6,23,810
0,1,6,24,841
0,1,6,25,801
0,1,6,26,808
0,1,6,27,838
0,1,6,28,815
0,1,6,29,918
0,1,6,30,800
0,1,6,31,1129
0,2,6,0,760
0,2,6,1,759
0,2,6,2,767
0,2,6,3,758
0,2,6,4,759
0,2,6,5,753
0,2,6,6,745
0,2,6,7,746
0,2,6,8,754
0,2,6,9,762
0,2,6,10,783
0,2,6,11,763
0,2,6,12,760
0,2,6,13,755
0,2,6,14,745
0,2,6,15,748
0,2,6,16,770
0,2,6,17,752
0,2,6,18,758
0,2,6,19,754
0,2,6,20,760
0,2,6,21,768
0,2,6,22,753
0,2,6,23,739
0,2,6,24,763
0,2,6,25,754
0,2,6,26,751
0,2,6,27,758
0,2,6,28,747
0,2,6,29,760
0,2,6,30,741
0,2,6,31,753
0,3,6,0,774
0,3,6,1,778
0,3,6,2,781
0,3,6,3,781
0,3,6,4,766
0,3,6,5,772
0,3,6,6,759
0,3,6,7,771
0,3,6,8,769
0,3,6,9,767
0,3,6,10,770
0,3,6,11,765
0,3,6,12,761
0,3,6,13,853
0,3,6,14,761
0,3,6,15,773
0,3,6,16,759
0,3,6,17,757
0,3,6,18,772
0,3,6,19,764
0,3,6,20,757
0,3,6,21,781
0,3,6,22,747
0,3,6,23,774
0,3,6,24,759
0,3,6,25,761
0,3,6,26,760
0,3,6,27,778
0,3,6,28,772
0,3,6,29,781
0,3,6,30,764
0,3,6,31,781
0,3,7,0,760
0,3,7,1,759
0,3,7,2,749
0,3,7,3,743
0,3,7,4,764
0,3,7,5,788
0,3,7,6,756
0,3,7,7,763
0,3,7,8,757
0,3,7,9,778
0,3,7,10,774
0,3,7,11,776
0,3,7,12,778
0,3,7,13,829
0,3,7,14,743
0,3,7,15,785
0,3,7,16,775
0,3,7,17,757
0,3,7,18,775
0,3,7,19,767
0,3,7,20,760
0,3,7,21,768
0,3,7,22,749
0,3,7,23,773
0,3,7,24,780
0,3,7,25,766
0,3,7,26,773
0,3,7,27,813
0,3,7,28,760
0,3,7,29,768
0,3,7,30,770
0,3,7,31,756
0,2,7,0,771
0,2,7,1,764
0,2,7,2,779
0,2,7,3,778
0,2,7,4,786
0,2,7,5,775
0,2,7,6,764
0,2,7,7,758
0,2,7,8,766
0,2,7,9,758
0,2,7,10,797
0,2,7,11,768
0,2,7,12,769
0,2,7,13,770
0,2,7,14,756
0,2,7,15,774
0,2,7,16,782
0,2,7,17,756
0,2,7,18,767
0,2,7,19,764
0,2,7,20,751
0,2,7,21,753
0,2,7,22,749
0,2,7,23,755
0,2,7,24,767
0,2,7,25,760
0,2,7,26,763
0,2,7,27,813
0,2,7,28,742
0,2,7,29,772
0,2,7,30,751
0,2,7,31,751
0,1,7,0,795
0,1,7,1,812
0,1,7,2,820
0,1,7,3,827
0,1,7,4,828
0,1,7,5,845
0,1,7,6,791
0,1,7,7,820
0,1,7,8,827
0,1,7,9,804
0,1,7,10,832
0,1,7,11,887
0,1,7,12,831
0,1,7,13,836
0,1,7,14,821
0,1,7,15,825
0,1,7,16,837
0,1,7,17,779
0,1,7,18,840
0,1,7,19,825
0,1,7,20,794
0,1,7,21,781
0,1,7,22,815
0,1,7,23,802
0,1,7,24,816
0,1,7,25,822
0,1,7,26,832
0,1,7,27,826
0,1,7,28,826
0,1,7,29,870
0,1,7,30,788
0,1,7,31,848
0,0,7,0,808
0,0,7,1,812
0,0,7,2,793
0,0,7,3,809
0,0,7,4,808
0,0,7,5,789
0,0,7,6,800
0,0,7,7,818
0,0,7,8,827
0,0,7,9,792
0,0,7,10,830
0,0,7,11,878
0,0,7,12,853
0,0,7,13,820
0,0,7,14,793
0,0,7,15,808
0,0,7,16,810
0,0,7,17,795
0,0,7,18,811
0,0,7,19,798
0,0,7,20,779
0,0,7,21,795
0,0,7,22,779
0,0,7,23,785
0,0,7,24,815
0,0,7,25,805
0,0,7,26,817
0,0,7,27,867
0,0,7,28,812
0,0,7,29,831
0,0,7,30,810
0,0,7,31,825
1,0,0,0,58939
1,0,0,1,58876
1,0,0,2,58986
1,0,0,3,59146
1,0,0,4,59057
1,0,0,5,58586
1,0,0,6,58727
1,0,0,7,58437
1,0,0,8,58861
1,0,0,9,59097
1,0,0,10,58883
1,0,0,11,59220
1,0,0,12,58589
1,0,0,13,59550
1,0,0,14,58742
1,0,0,15,58587
1,0,0,16,59094
1,0,0,17,59180
1,0,0,18,58980
1,0,0,19,59395
1,0,0,20,59570
1,0,0,21,59065
1,0,0,22,58417
1,0,0,23,58931
1,0,0,24,58779
1,0,0,25,59416
1,0,0,26,58396
1,0,0,27,59065
1,0,0,28,59217
1,0,0,29,58839
1,0,0,30,58907
1,0,0,31,58799
1,1,0,0,59260
1,1,0,1,59304
1,1,0,2,59073
1,1,0,3,58875
1,1,0,4,58717
1,1,0,5,59726
1,1,0,6,58689
1,1,0,7,59101
1,1,0,8,58761
1,1,0,9,58397
1,1,0,10,58740
1,1,0,11,59148
1,1,0,12,59106
1,1,0,13,58749
1,1,0,14,58571
1,1,0,15,59442
1,1,0,16,58913
1,1,0,17,58866
1,1,0,18,58833
1,1,0,19,58140
1,1,0,20,59262
1,1,0,21,58890
1,1,0,22,58881
1,1,0,23,58582
1,1,0,24,58805
1,1,0,25,58541
1,1,0,26,61918
1,1,0,27,58907
1,1,0,28,58486
1,1,0,29,58985
1,1,0,30,58625
1,1,0,31,59009
1,2,0,0,59309
1,2,0,1,59085
1,2,0,2,60246
1,2,0,3,58834
1,2,0,4,58784
1,2,0,5,59260
1,2,0,6,58599
1,2,0,7,58771
1,2,0,8,59357
1,2,0,9,58683
1,2,0,10,59053
1,2,0,11,59091
1,2,0,12,58785
1,2,0,13,60035
1,2,0,14,59651
1,2,0,15,58880
1,2,0,16,59302
1,2,0,17,58748
1,2,0,18,58597
1,2,0,19,58595
1,2,0,20,58631
1,2,0,21,58657
1,2,0,22,58825
1,2,0,23,59033
1,2,0,24,59427
1,2,0,25,59115
1,2,0,26,58926
1,2,0,27,59021
1,2,0,28,59451
1,2,0,29,59246
1,2,0,30,58537
1,2,0,31,59085
1,3,0,0,58675
1,3,0,1,59066
1,3,0,2,59144
1,3,0,3,58463
1,3,0,4,59195
1,3,0,5,59359
1,3,0,6,59021
1,3,0,7,59214
1,3,0,8,58987
1,3,0,9,59118
1,3,0,10,59271
1,3,0,11,60121
1,3,0,12,59577
1,3,0,13,59189
1,3,0,14,58362
1,3,0,15,59076
1,3,0,16,59052
1,3,0,17,58913
1,3,0,18,58940
1,3,0,19,58862
1,3,0,20,59473
1,3,0,21,58871
1,3,0,22,59399
1,3,0,23,58781
1,3,0,24,58345
1,3,0,25,59411
1,3,0,26,59062
1,3,0,27,59134
1,3,0,28,58562
1,3,0,29,58684
1,3,0,30,59227
1,3,0,31,58912
1,3,1,0,58341
1,3,1,1,58905
1,3,1,2,58412
1,3,1,3,59330
1,3,1,4,59363
1,3,1,5,59176
1,3,1,6,59358
1,3,1,7,59807
1,3,1,8,59351
1,3,1,9,58638
1,3,1,10,58805
1,3,1,11,59437
1,3,1,12,58525
1,3,1,13,58649
1,3,1,14,59773
1,3,1,15,58984
1,3,1,16,59036
1,3,1,17,59210
1,3,1,18,58964
1,3,1,19,59363
1,3,1,20,58601
1,3,1,21,69328
1,3,1,22,58755
1,3,1,23,58377
1,3,1,24,58999
1,3,1,25,59277
1,3,1,26,59258
1,3,1,27,58898
1,3,1,28,58467
1,3,1,29,59245
1,3,1,30,58814
1,3,1,31,61676
1,2,1,0,60465
1,2,1,1,59790
1,2,1,2,59414
1,2,1,3,59379
1,2,1,4,59219
1,2,1,5,58985
1,2,1,6,59208
1,2,1,7,59170
1,2,1,8,58952
1,2,1,9,59596
1,2,1,10,58700
1,2,1,11,59319
1,2,1,12,59619
1,2,1,13,58896
1,2,1,14,59786
1,2,1,15,59162
1,2,1,16,58799
1,2,1,17,58795
1,2,1,18,58963
1,2,1,19,59002
1,2,1,20,58805
1,2,1,21,61849
1,2,1,22,59001
1,2,1,23,59273
1,2,1,24,59295
1,2,1,25,58899
1,2,1,26,58829
1,2,1,27,59037
1,2,1,28,58708
1,2,1,29,58962
1,2,1,30,58934
1,2,1,31,59684
1,1,1,0,58823
1,1,1,1,59504
1,1,1,2,59109
1,1,1,3,58945
1,1,1,4,58770
1,1,1,5,58716
1,1,1,6,58880
1,1,1,7,58918
1,1,1,8,59016
1,1,1,9,59162
1,1,1,10,59272
1,1,1,11,58987
1,1,1,12,58670
1,1,1,13,59023
1,1,1,14,59017
1,1,1,15,60383
1,1,1,16,58527
1,1,1,17,58806
1,1,1,18,58862
1,1,1,19,59029
1,1,1,20,58922
1,1,1,21,59195
1,1,1,22,58493
1,1,1,23,58831
1,1,1,24,58839
1,1,1,25,60340
1,1,1,26,58575
1,1,1,27,59180
1,1,1,28,58606
1,1,1,29,59026
1,1,1,30,58596
1,1,1,31,58399
1,0,1,0,59015
1,0,1,1,59040
1,0,1,2,58609
1,0,1,3,59529
1,0,1,4,58677
1,0,1,5,58629
1,0,1,6,59802
1,0,1,7,60004
1,0,1,8,58776
1,0,1,9,59735
1,0,1,10,59266
1,0,1,11,59174
1,0,1,12,59494
1,0,1,13,58314
1,0,1,14,59633
1,0,1,15,59064
1,0,1,16,58812
1,0,1,17,59222
1,0,1,18,58677
1,0,1,19,58855
1,0,1,20,58903
1,0,1,21,58921
1,0,1,22,59093
1,0,1,23,58907
1,0,1,24,59076
1,0,1,25,59040
1,0,1,26,58761
1,0,1,27,58959
1,0,1,28,59293
1,0,1,29,58955
1,0,1,30,59084
1,0,1,31,58331
1,0,2,0,58479
1,0,2,1,58600
1,0,2,2,58543
1,0,2,3,58844
1,0,2,4,59089
1,0,2,5,58741
1,0,2,6,59218
1,0,2,7,58585
1,0,2,8,58740
1,0,2,9,58691
1,0,2,10,59448
1,0,2,11,58849
1,0,2,12,58462
1,0,2,13,59146
1,0,2,14,58905
1,0,2,15,59193
1,0,2,16,58796
1,0,2,17,59318
1,0,2,18,58275
1,0,2,19,58624
1,0,2,20,58718
1,0,2,21,59285
1,0,2,22,58652
1,0,2,23,59730
1,0,2,24,59718
1,0,2,25,59505
1,0,2,26,62511
1,0,2,27,58922
1,0,2,28,58734
1,0,2,29,59021
1,0,2,30,58718
1,0,2,31,58615
1,1,2,0,59179
1,1,2,1,58649
1,1,2,2,58113
1,1,2,3,59915
1,1,2,4,58901
1,1,2,5,59188
1,1,2,6,60220
1,1,2,7,60309
1,1,2,8,69527
1,1,2,9,58934
1,1,2,10,58924
1,1,2,11,58813
1,1,2,12,59041
1,1,2,13,58648
1,1,2,14,58967
1,1,2,15,58706
1,1,2,16,59104
1,1,2,17,58328
1,1,2,18,58535
1,1,2,19,59073
1,1,2,20,58924
1,1,2,21,59014
1,1,2,22,58828
1,1,2,23,58958
1,1,2,24,59088
1,1,2,25,58359
1,1,2,26,58449
1,1,2,27,58675
1,1,2,28,58593
1,1,2,29,59455
1,1,2,30,59096
1,1,2,31,58737
1,2,2,0,70114
1,2,2,1,59094
1,2,2,2,59188
1,2,2,3,59033
1,2,2,4,59514
1,2,2,5,58856
1,2,2,6,58812
1,2,2,7,59074
1,2,2,8,59532
1,2,2,9,58905
1,2,2,10,59528
1,2,2,11,58956
1,2,2,12,59014
1,2,2,13,59249
1,2,2,14,59186
1,2,2,15,58899
1,2,2,16,58598
1,2,2,17,58522
1,2,2,18,58908
1,2,2,19,59682
1,2,2,20,59456
1,2,2,21,58949
1,2,2,22,58873
1,2,2,23,58946
1,2,2,24,58810
1,2,2,25,58622
1,2,2,26,58907
1,2,2,27,58812
1,2,2,28,58854
1,2,2,29,58820
1,2,2,30,59502
1,2,2,31,59182
1,3,2,0,58980
1,3,2,1,58807
1,3,2,2,59418
1,3,2,3,58744
1,3,2,4,58661
1,3,2,5,58787
1,3,2,6,58856
1,3,2,7,58681
1,3,2,8,58987
1,3,2,9,58303
1,3,2,10,59350
1,3,2,11,58847
1,3,2,12,58678
1,3,2,13,58919
1,3,2,14,58735
1,3,2,15,58384
1,3,2,16,59312
1,3,2,17,58590
1,3,2,18,59065
1,3,2,19,59001
1,3,2,20,58814
1,3,2,21,58438
1,3,2,22,58871
1,3,2,23,59296
1,3,2,24,58967
1,3,2,25,59260
1,3,2,26,59184
1,3,2,27,59130
1,3,2,28,59031
1,3,2,29,58789
1,3,2,30,59138
1,3,2,31,62414
1,3,3,0,60133
1,3,3,1,58517
1,3,3,2,59205
1,3,3,3,59078
1,3,3,4,58725
1,3,3,5,59265
1,3,3,6,58507
1,3,3,7,59025
1,3,3,8,59864
1,3,3,9,59276
1,3,3,10,58573
1,3,3,11,58523
1,3,3,12,58990
1,3,3,13,58726
1,3,3,14,58677
1,3,3,15,58931
1,3,3,16,58374
1,3,3,17,58772
1,3,3,18,59392
1,3,3,19,58758
1,3,3,20,59177
1,3,3,21,58594
1,3,3,22,58630
1,3,3,23,59308
1,3,3,24,58673
1,3,3,25,58635
1,3,3,26,59002
1,3,3,27,59225
1,3,3,28,58868
1,3,3,29,59127
1,3,3,30,58511
1,3,3,31,59004
1,2,3,0,58992
1,2,3,1,59370
1,2,3,2,59115
1,2,3,3,59193
1,2,3,4,59896
1,2,3,5,69383
1,2,3,6,59038
1,2,3,7,59224
1,2,3,8,58962
1,2,3,9,59331
1,2,3,10,58778
1,2,3,11,58727
1,2,3,12,58882
1,2,3,13,58628
1,2,3,14,58850
1,2,3,15,58594
1,2,3,16,59134
1,2,3,17,59598
1,2,3,18,58848
1,2,3,19,59837
1,2,3,20,58981
1,2,3,21,58822
1,2,3,22,58848
1,2,3,23,58644
1,2,3,24,58932
1,2,3,25,59213
1,2,3,26,58881
1,2,3,27,59029
1,2,3,28,58830
1,2,3,29,59585
1,2,3,30,62132
1,2,3,31,59026
1,1,3,0,59177
1,1,3,1,59706
1,1,3,2,58696
1,1,3,3,58542
1,1,3,4,58738
1,1,3,5,58825
1,1,3,6,59426
1,1,3,7,58986
1,1,3,8,58490
1,1,3,9,58993
1,1,3,10,58982
1,1,3,11,58902
1,1,3,12,58782
1,1,3,13,58959
1,1,3,14,58563
1,1,3,15,58957
1,1,3,16,58940
1,1,3,17,58752
1,1,3,18,58766
1,1,3,19,58975
1,1,3,20,59056
1,1,3,21,59020
1,1,3,22,62163
1,1,3,23,59254
1,1,3,24,58887
1,1,3,25,58906
1,1,3,26,69684
1,1,3,27,58928
1,1,3,28,59405
1,1,3,29,59105
1,1,3,30,61989
1,1,3,31,59302
1,0,3,0,58747
1,0,3,1,58763
1,0,3,2,59192
1,0,3,3,58721
1,0,3,4,59105
1,0,3,5,59629
1,0,3,6,58660
1,0,3,7,59001
1,0,3,8,59515
1,0,3,9,59145
1,0,3,10,58624
1,0,3,11,58492
1,0,3,12,58763
1,0,3,13,59234
1,0,3,14,58990
1,0,3,15,58934
1,0,3,16,58931
1,0,3,17,59082
1,0,3,18,70252
1,0,3,19,59349
1,0,3,20,58541
1,0,3,21,58832
1,0,3,22,59263
1,0,3,23,59481
1,0,3,24,58660
1,0,3,25,58849
1,0,3,26,59133
1,0,3,27,59437
1,0,3,28,58480
1,0,3,29,59010
1,0,3,30,58844
1,0,3,31,58920
1,0,4,0,58487
1,0,4,1,58554
1,0,4,2,60076
1,0,4,3,58615
1,0,4,4,58428
1,0,4,5,58874
1,0,4,6,58868
1,0,4,7,61969
1,0,4,8,59318
1,0,4,9,58703
1,0,4,10,58488
1,0,4,11,59942
1,0,4,12,58739
1,0,4,13,59350
1,0,4,14,58901
1,0,4,15,59117
1,0,4,16,59243
1,0,4,17,58811
1,0,4,18,58573
1,0,4,19,58851
1,0,4,20,58648
1,0,4,21,59107
1,0,4,22,58663
1,0,4,23,58702
1,0,4,24,59568
1,0,4,25,58675
1,0,4,26,59175
1,0,4,27,59040
1,0,4,28,58324
1,0,4,29,58448
1,0,4,30,58920
1,0,4,31,58746
1,1,4,0,59255
1,1,4,1,59007
1,1,4,2,58796
1,1,4,3,59411
1,1,4,4,58893
1,1,4,5,58644
1,1,4,6,58395
1,1,4,7,58607
1,1,4,8,58704
1,1,4,9,58987
1,1,4,10,59073
1,1,4,11,59254
1,1,4,12,58998
1,1,4,13,58904
1,1,4,14,59204
1,1,4,15,58264
1,1,4,16,58599
1,1,4,17,59763
1,1,4,18,59012
1,1,4,19,59103
1,1,4,20,59244
1,1,4,21,58604
1,1,4,22,59170
1,1,4,23,59485
1,1,4,24,58897
1,1,4,25,58527
1,1,4,26,58181
1,1,4,27,58867
1,1,4,28,58891
1,1,4,29,58878
1,1,4,30,59803
1,1,4,31,59059
1,2,4,0,58753
1,2,4,1,58975
1,2,4,2,58614
1,2,4,3,59373
1,2,4,4,58519
1,2,4,5,59489
1,2,4,6,58913
1,2,4,7,58645
1,2,4,8,58933
1,2,4,9,59001
1,2,4,10,58783
1,2,4,11,59143
1,2,4,12,58453
1,2,4,13,58493
1,2,4,14,59942
1,2,4,15,58617
1,2,4,16,58940
1,2,4,17,59064
1,2,4,18,58604
1,2,4,19,59489
1,2,4,20,59803
1,2,4,21,59536
1,2,4,22,58912
1,2,4,23,59195
1,2,4,24,58744
1,2,4,25,58952
1,2,4,26,58625
1,2,4,27,58743
1,2,4,28,58342
1,2,4,29,58842
1,2,4,30,59038
1,2,4,31,58541
1,3,4,0,59186
1,3,4,1,59842
1,3,4,2,59276
1,3,4,3,58648
1,3,4,4,59216
1,3,4,5,58836
1,3,4,6,59216
1,3,4,7,59103
1,3,4,8,58550
1,3,4,9,58714
1,3,4,10,59053
1,3,4,11,58885
1,3,4,12,59004
1,3,4,13,59618
1,3,4,14,58344
1,3,4,15,58436
1,3,4,16,58853
1,3,4,17,58873
1,3,4,18,58399
1,3,4,19,58736
1,3,4,20,58598
1,3,4,21,59351
1,3,4,22,59157
1,3,4,23,59125
1,3,4,24,59097
1,3,4,25,58919
1,3,4,26,58605
1,3,4,27,58799
1,3,4,28,59419
1,3,4,29,58538
1,3,4,30,58814
1,3,4,31,58612
1,3,5,0,59113
1,3,5,1,58674
1,3,5,2,59039
1,3,5,3,59074
1,3,5,4,58345
1,3,5,5,59785
1,3,5,6,58485
1,3,5,7,58648
1,3,5,8,58481
1,3,5,9,59179
1,3,5,10,58682
1,3,5,11,59251
1,3,5,12,58910
1,3,5,13,59073
1,3,5,14,59060
1,3,5,15,58661
1,3,5,16,59102
1,3,5,17,59378
1,3,5,18,58343
1,3,5,19,58538
1,3,5,20,58291
1,3,5,21,58319
1,3,5,22,58400
1,3,5,23,58730
1,3,5,24,58457
1,3,5,25,59833
1,3,5,26,59141
1,3,5,27,58980
1,3,5,28,58613
1,3,5,29,58709
1,3,5,30,58848
1,3,5,31,59088
1,2,5,0,59070
1,2,5,1,58869
1,2,5,2,58929
1,2,5,3,59093
1,2,5,4,59123
1,2,5,5,58266
1,2,5,6,59307
1,2,5,7,58972
1,2,5,8,59211
1,2,5,9,58460
1,2,5,10,59294
1,2,5,11,59008
1,2,5,12,58599
1,2,5,13,58913
1,2,5,14,58563
1,2,5,15,60286
1,2,5,16,58242
1,2,5,17,59011
1,2,5,18,58763
1,2,5,19,59622
1,2,5,20,58356
1,2,5,21,59809
1,2,5,22,58561
1,2,5,23,58482
1,2,5,24,59499
1,2,5,25,59002
1,2,5,26,59198
1,2,5,27,58513
1,2,5,28,58682
1,2,5,29,58949
1,2,5,30,58961
1,2,5,31,59080
1,1,5,0,58558
1,1,5,1,58768
1,1,5,2,58541
1,1,5,3,58937
1,1,5,4,58754
1,1,5,5,59274
1,1,5,6,58766
1,1,5,7,59191
1,1,5,8,58763
1,1,5,9,58625
1,1,5,10,58773
1,1,5,11,58807
1,1,5,12,58547
1,1,5,13,58551
1,1,5,14,59230
1,1,5,15,59243
1,1,5,16,59055
1,1,5,17,58969
1,1,5,18,58691
1,1,5,19,58604
1,1,5,20,59350
1,1,5,21,58718
1,1,5,22,58803
1,1,5,23,59326
1,1,5,24,58871
1,1,5,25,58971
1,1,5,26,58971
1,1,5,27,58570
1,1,5,28,59208
1,1,5,29,59219
1,1,5,30,59032
1,1,5,31,58854
1,0,5,0,59147
1,0,5,1,59455
1,0,5,2,59047
1,0,5,3,58939
1,0,5,4,58747
1,0,5,5,59037
1,0,5,6,59016
1,0,5,7,59511
1,0,5,8,58647
1,0,5,9,58582
1,0,5,10,58767
1,0,5,11,58838
1,0,5,12,58630
1,0,5,13,58331
1,0,5,14,58814
1,0,5,15,58944
1,0,5,16,58877
1,0,5,17,59662
1,0,5,18,58336
1,0,5,19,58797
1,0,5,20,59150
1,0,5,21,58835
1,0,5,22,58919
1,0,5,23,58856
1,0,5,24,62060
1,0,5,25,59342
1,0,5,26,59010
1,0,5,27,58710
1,0,5,28,58995
1,0,5,29,58846
1,0,5,30,59344
1,0,5,31,59512
1,0,6,0,59098
1,0,6,1,59053
1,0,6,2,58915
1,0,6,3,58949
1,0,6,4,58704
1,0,6,5,59413
1,0,6,6,59186
1,0,6,7,58991
1,0,6,8,59147
1,0,6,9,58761
1,0,6,10,58588
1,0,6,11,58810
1,0,6,12,58916
1,0,6,13,59033
1,0,6,14,58935
1,0,6,15,58876
1,0,6,16,59477
1,0,6,17,58755
1,0,6,18,58838
1,0,6,19,59050
1,0,6,20,58721
1,0,6,21,59050
1,0,6,22,59360
1,0,6,23,58356
1,0,6,24,58894
1,0,6,25,59230
1,0,6,26,60238
1,0,6,27,58999
1,0,6,28,58623
1,0,6,29,59970
1,0,6,30,58791
1,0,6,31,59048
1,1,6,0,58544
1,1,6,1,59233
1,1,6,2,59147
1,1,6,3,58329
1,1,6,4,59129
1,1,6,5,58264
1,1,6,6,59094
1,1,6,7,59030
1,1,6,8,59139
1,1,6,9,59159
1,1,6,10,59096
1,1,6,11,58822
1,1,6,12,59304
1,1,6,13,58904
1,1,6,14,59001
1,1,6,15,58913
1,1,6,16,59190
1,1,6,17,59261
1,1,6,18,59008
1,1,6,19,58594
1,1,6,20,58767
1,1,6,21,58459
1,1,6,22,59406
1,1,6,23,61923
1,1,6,24,58398
1,1,6,25,70984
1,1,6,26,58850
1,1,6,27,58926
1,1,6,28,58750
1,1,6,29,58920
1,1,6,30,59483
1,1,6,31,59111
1,2,6,0,58883
1,2,6,1,58825
1,2,6,2,58763
1,2,6,3,59599
1,2,6,4,59016
1,2,6,5,58748
1,2,6,6,58818
1,2,6,7,58696
1,2,6,8,59202
1,2,6,9,59967
1,2,6,10,58963
1,2,6,11,59885
1,2,6,12,58565
1,2,6,13,59587
1,2,6,14,58896
1,2,6,15,59171
1,2,6,16,58830
1,2,6,17,58810
1,2,6,18,58517
1,2,6,19,58733
1,2,6,20,59105
1,2,6,21,58750
1,2,6,22,58819
1,2,6,23,58566
1,2,6,24,58504
1,2,6,25,58701
1,2,6,26,58996
1,2,6,27,59258
1,2,6,28,58673
1,2,6,29,58829
1,2,6,30,58765
1,2,6,31,58949
1,3,6,0,58925
1,3,6,1,58592
1,3,6,2,58774
1,3,6,3,59163
1,3,6,4,59204
1,3,6,5,58720
1,3,6,6,59497
1,3,6,7,58842
1,3,6,8,58318
1,3,6,9,59757
1,3,6,10,58751
1,3,6,11,59077
1,3,6,12,58418
1,3,6,13,59608
1,3,6,14,59011
1,3,6,15,58919
1,3,6,16,59092
1,3,6,17,59204
1,3,6,18,58795
1,3,6,19,58815
1,3,6,20,59409
1,3,6,21,58990
1,3,6,22,58754
1,3,6,23,58957
1,3,6,24,58892
1,3,6,25,58325
1,3,6,26,58757
1,3,6,27,58781
1,3,6,28,59385
1,3,6,29,59379
1,3,6,30,59003
1,3,6,31,58279
1,3,7,0,58516
1,3,7,1,59149
1,3,7,2,59632
1,3,7,3,58977
1,3,7,4,58689
1,3,7,5,59019
1,3,7,6,59084
1,3,7,7,58413
1,3,7,8,58693
1,3,7,9,58827
1,3,7,10,58889
1,3,7,11,59099
1,3,7,12,59173
1,3,7,13,58632
1,3,7,14,58945
1,3,7,15,58605
1,3,7,16,58893
1,3,7,17,58865
1,3,7,18,58422
1,3,7,19,58762
1,3,7,20,58680
1,3,7,21,58924
1,3,7,22,58369
1,3,7,23,58890
1,3,7,24,59123
1,3,7,25,58857
1,3,7,26,59475
1,3,7,27,59465
1,3,7,28,58397
1,3,7,29,59029
1,3,7,30,59101
1,3,7,31,59094
1,2,7,0,58734
1,2,7,1,58900
1,2,7,2,58804
1,2,7,3,58791
1,2,7,4,59356
1,2,7,5,59076
1,2,7,6,58782
1,2,7,7,58894
1,2,7,8,59204
1,2,7,9,59352
1,2,7,10,59039
1,2,7,11,59495
1,2,7,12,59376
1,2,7,13,59291
1,2,7,14,59053
1,2,7,15,58883
1,2,7,16,58800
1,2,7,17,59706
1,2,7,18,58931
1,2,7,19,59575
1,2,7,20,58456
1,2,7,21,59377
1,2,7,22,59347
1,2,7,23,58798
1,2,7,24,58810
1,2,7,25,58563
1,2,7,26,58803
1,2,7,27,58754
1,2,7,28,59042
1,2,7,29,58807
1,2,7,30,58793
1,2,7,31,58943
1,1,7,0,58738
1,1,7,1,58762
1,1,7,2,58641
1,1,7,3,59699
1,1,7,4,58444
1,1,7,5,58571
1,1,7,6,58859
1,1,7,7,58794
1,1,7,8,59003
1,1,7,9,59269
1,1,7,10,59018
1,1,7,11,58831
1,1,7,12,59123
1,1,7,13,58951
1,1,7,14,59229
1,1,7,15,59874
1,1,7,16,58027
1,1,7,17,58640
1,1,7,18,59342
1,1,7,19,59174
1,1,7,20,59001
1,1,7,21,58677
1,1,7,22,58703
1,1,7,23,58882
1,1,7,24,58491
1,1,7,25,59030
1,1,7,26,58983
1,1,7,27,59098
1,1,7,28,59166
1,1,7,29,59242
1,1,7,30,59225
1,1,7,31,58892
1,0,7,0,59010
1,0,7,1,58928
1,0,7,2,59122
1,0,7,3,59540
1,0,7,4,58880
1,0,7,5,58686
1,0,7,6,59210
1,0,7,7,58851
1,0,7,8,59337
1,0,7,9,58427
1,0,7,10,59270
1,0,7,11,59105
1,0,7,12,58727
1,0,7,13,59386
1,0,7,14,58515
1,0,7,15,58816
1,0,7,16,59047
1,0,7,17,60168
1,0,7,18,58360
1,0,7,19,58933
1,0,7,20,58995
1,0,7,21,59290
1,0,7,22,59667
1,0,7,23,59541
1,0,7,24,58952
1,0,7,25,58900
1,0,7,26,58633
1,0,7,27,59259
1,0,7,28,58666
1,0,7,29,58937
1,0,7,30,58948
1,0,7,31,59075
2,0,0,0,28209
2,0,0,1,27949
2,0,0,2,28423
2,0,0,3,28340
2,0,0,4,28425
2,0,0,5,28347
2,0,0,6,28489
2,0,0,7,28470
2,0,0,8,28398
2,0,0,9,28133
2,0,0,10,27955
2,0,0,11,28132
2,0,0,12,28373
2,0,0,13,28367
2,0,0,14,28234
2,0,0,15,28394
2,0,0,16,28243
2,0,0,17,28412
2,0,0,18,28124
2,0,0,19,28422
2,0,0,20,28370
2,0,0,21,28183
2,0,0,22,28274
2,0,0,23,28425
2,0,0,24,28440
2,0,0,25,28105
2,0,0,26,27979
2,0,0,27,28498
2,0,0,28,28269
2,0,0,29,28405
2,0,0,30,28404
2,0,0,31,28584
2,1,0,0,28246
2,1,0,1,28438
2,1,0,2,28647
2,1,0,3,28039
2,1,0,4,28102
2,1,0,5,28459
2,1,0,6,28130
2,1,0,7,28020
2,1,0,8,28238
2,1,0,9,28167
2,1,0,10,28541
2,1,0,11,28430
2,1,0,12,28197
2,1,0,13,28479
2,1,0,14,28376
2,1,0,15,28416
2,1,0,16,28501
2,1,0,17,28353
2,1,0,18,28321
2,1,0,19,28416
2,1,0,20,28436
2,1,0,21,28385
2,1,0,22,28506
2,1,0,23,28556
2,1,0,24,28513
2,1,0,25,28444
2,1,0,26,28483
2,1,0,27,28422
2,1,0,28,28495
2,1,0,29,28505
2,1,0,30,28427
2,1,0,31,28378
2,2,0,0,27994
2,2,0,1,27949
2,2,0,2,28340
2,2,0,3,28133
2,2,0,4,28463
2,2,0,5,28516
2,2,0,6,27889
2,2,0,7,27993
2,2,0,8,28495
2,2,0,9,28373
2,2,0,10,28342
2,2,0,11,28058
2,2,0,12,28556
2,2,0,13,28341
2,2,0,14,28403
2,2,0,15,28478
2,2,0,16,28106
2,2,0,17,28427
2,2,0,18,28328
2,2,0,19,28439
2,2,0,20,28500
2,2,0,21,28503
2,2,0,22,28366
2,2,0,23,28027
2,2,0,24,28375
2,2,0,25,28401
2,2,0,26,27974
2,2,0,27,27926
2,2,0,28,27963
2,2,0,29,28015
2,2,0,30,28438
2,2,0,31,28425
2,3,0,0,28456
2,3,0,1,28377
2,3,0,2,27950
2,3,0,3,28379
2,3,0,4,28485
2,3,0,5,28039
2,3,0,6,28402
2,3,0,7,27917
2,3,0,8,28429
2,3,0,9,28461
2,3,0,10,28381
2,3,0,11,28519
2,3,0,12,28001
2,3,0,13,28326
2,3,0,14,28262
2,3,0,15,28454
2,3,0,16,28358
2,3,0,17,28450
2,3,0,18,28034
2,3,0,19,28455
2,3,0,20,28076
2,3,0,21,28346
2,3,0,22,27994
2,3,0,23,28391
2,3,0,24,28294
2,3,0,25,28200
2,3,0,26,28432
2,3,0,27,28544
2,3,0,28,28284
2,3,0,29,27964
2,3,0,30,28003
2,3,0,31,28134
2,3,1,0,28357
2,3,1,1,28431
2,3,1,2,28131
2,3,1,3,28015
2,3,1,4,27988
2,3,1,5,28433
2,3,1,6,27979
2,3,1,7,28072
2,3,1,8,28406
2,3,1,9,28454
2,3,1,10,28149
2,3,1,11,27985
2,3,1,12,28017
2,3,1,13,27907
2,3,1,14,28248
2,3,1,15,28214
2,3,1,16,28365
2,3,1,17,28418
2,3,1,18,28269
2,3,1,19,28462
2,3,1,20,28476
2,3,1,21,28015
2,3,1,22,28483
2,3,1,23,28355
2,3,1,24,28447
2,3,1,25,28522
2,3,1,26,28295
2,3,1,27,28447
2,3,1,28,27836
2,3,1,29,28449
2,3,1,30,28558
2,3,1,31,28292
2,2,1,0,28478
2,2,1,1,28502
2,2,1,2,27856
2,2,1,3,28077
2,2,1,4,28045
2,2,1,5,28557
2,2,1,6,28379
2,2,1,7,28312
2,2,1,8,28436
2,2,1,9,28410
2,2,1,10,28483
2,2,1,11,28383
2,2,1,12,28221
2,2,1,13,28144
2,2,1,14,28310
2,2,1,15,28352
2,2,1,16,28021
2,2,1,17,28366
2,2,1,18,28394
2,2,1,19,28398
2,2,1,20,28243
2,2,1,21,28463
2,2,1,22,27912
2,2,1,23,28404
2,2,1,24,28079
2,2,1,25,27985
2,2,1,26,28221
2,2,1,27,28351
2,2,1,28,28416
2,2,1,29,28367
2,2,1,30,28500
2,2,1,31,28539
2,1,1,0,28376
2,1,1,1,28505
2,1,1,2,28515
2,1,1,3,28489
2,1,1,4,28363
2,1,1,5,28470
2,1,1,6,28117
2,1,1,7,28503
2,1,1,8,28283
2,1,1,9,28001
2,1,1,10,28335
2,1,1,11,28432
2,1,1,12,28051
2,1,1,13,28323
2,1,1,14,28004
2,1,1,15,28413
2,1,1,16,28405
2,1,1,17,28375
2,1,1,18,28343
2,1,1,19,27976
2,1,1,20,28653
2,1,1,21,28247
2,1,1,22,28279
2,1,1,23,28443
2,1,1,24,28240
2,1,1,25,28475
2,1,1,26,28417
2,1,1,27,28003
2,1,1,28,27927
2,1,1,29,28475
2,1,1,30,28475
2,1,1,31,27885
2,0,1,0,28346
2,0,1,1,28430
2,0,1,2,28342
2,0,1,3,28368
2,0,1,4,28470
2,0,1,5,28458
2,0,1,6,28474
2,0,1,7,28446
2,0,1,8,28413
2,0,1,9,28426
2,0,1,10,28492
2,0,1,11,28402
2,0,1,12,28471
2,0,1,13,28446
2,0,1,14,28456
2,0,1,15,28388
2,0,1,16,28386
2,0,1,17,28484
2,0,1,18,28412
2,0,1,19,28494
2,0,1,20,28399
2,0,1,21,28408
2,0,1,22,28315
2,0,1,23,28449
2,0,1,24,28374
2,0,1,25,28425
2,0,1,26,28317
2,0,1,27,28357
2,0,1,28,28318
2,0,1,29,28530
2,0,1,30,28144
2,0,1,31,28457
2,0,2,0,28321
2,0,2,1,28167
2,0,2,2,27930
2,0,2,3,28412
2,0,2,4,28210
2,0,2,5,28375
2,0,2,6,28273
2,0,2,7,28087
2,0,2,8,28486
2,0,2,9,28403
2,0,2,10,28449
2,0,2,11,28535
2,0,2,12,28404
2,0,2,13,28878
2,0,2,14,28249
2,0,2,15,28157
2,0,2,16,28475
2,0,2,17,28485
2,0,2,18,28414
2,0,2,19,28382
2,0,2,20,28213
2,0,2,21,28384
2,0,2,22,28351
2,0,2,23,28005
2,0,2,24,28346
2,0,2,25,28390
2,0,2,26,28466
2,0,2,27,28224
2,0,2,28,27967
2,0,2,29,27929
2,0,2,30,28247
2,0,2,31,28392
2,1,2,0,28310
2,1,2,1,28239
2,1,2,2,28478
2,1,2,3,28007
2,1,2,4,28093
2,1,2,5,28588
2,1,2,6,28634
2,1,2,7,28383
2,1,2,8,28404
2,1,2,9,28499
2,1,2,10,27994
2,1,2,11,28498
2,1,2,12,28082
2,1,2,13,28450
2,1,2,14,28399
2,1,2,15,27945
2,1,2,16,28379
2,1,2,17,28420
2,1,2,18,28042
2,1,2,19,28469
2,1,2,20,28409
2,1,2,21,28080
2,1,2,22,28456
2,1,2,23,28501
2,1,2,24,28450
2,1,2,25,28318
2,1,2,26,28468
2,1,2,27,28432
2,1,2,28,28518
2,1,2,29,28099
2,1,2,30,28335
2,1,2,31,27990
2,2,2,0,28283
2,2,2,1,28154
2,2,2,2,28057
2,2,2,3,28104
2,2,2,4,28042
2,2,2,5,28549
2,2,2,6,28354
2,2,2,7,28655
2,2,2,8,28407
2,2,2,9,28566
2,2,2,10,28333
2,2,2,11,27994
2,2,2,12,28157
2,2,2,13,28159
2,2,2,14,28005
2,2,2,15,28027
2,2,2,16,28346
2,2,2,17,28046
2,2,2,18,28437
2,2,2,19,28016
2,2,2,20,28401
2,2,2,21,28354
2,2,2,22,28387
2,2,2,23,28540
2,2,2,24,28321
2,2,2,25,28361
2,2,2,26,28146
2,2,2,27,28035
2,2,2,28,27894
2,2,2,29,28423
2,2,2,30,28512
2,2,2,31,28018
2,3,2,0,28414
2,3,2,1,28064
2,3,2,2,28430
2,3,2,3,28334
2,3,2,4,28344
2,3,2,5,28309
2,3,2,6,28418
2,3,2,7,27955
2,3,2,8,28257
2,3,2,9,28407
2,3,2,10,28343
2,3,2,11,28194
2,3,2,12,28360
2,3,2,13,28408
2,3,2,14,28458
2,3,2,15,28384
2,3,2,16,28083
2,3,2,17,28003
2,3,2,18,28268
2,3,2,19,28432
2,3,2,20,28215
2,3,2,21,27916
2,3,2,22,28032
2,3,2,23,28394
2,3,2,24,28352
2,3,2,25,28048
2,3,2,26,28156
2,3,2,27,28437
2,3,2,28,28391
2,3,2,29,28551
2,3,2,30,27962
2,3,2,31,28429
2,3,3,0,28369
2,3,3,1,28503
2,3,3,2,28355
2,3,3,3,28397
2,3,3,4,28450
2,3,3,5,28476
2,3,3,6,28335
2,3,3,7,28380
2,3,3,8,28389
2,3,3,9,28358
2,3,3,10,28454
2,3,3,11,28513
2,3,3,12,28381
2,3,3,13,28361
2,3,3,14,28415
2,3,3,15,28457
2,3,3,16,28289
2,3,3,17,28506
2,3,3,18,28392
2,3,3,19,28039
2,3,3,20,28335
2,3,3,21,28427
2,3,3,22,28519
2,3,3,23,28507
2,3,3,24,28240
2,3,3,25,28383
2,3,3,26,28366
2,3,3,27,28410
2,3,3,28,28499
2,3,3,29,28425
2,3,3,30,28356
2,3,3,31,28420
2,2,3,0,27990
2,2,3,1,28346
2,2,3,2,28378
2,2,3,3,28385
2,2,3,4,28422
2,2,3,5,28464
2,2,3,6,28514
2,2,3,7,28417
2,2,3,8,28373
2,2,3,9,27937
2,2,3,10,28496
2,2,3,11,28369
2,2,3,12,28305
2,2,3,13,28391
2,2,3,14,28392
2,2,3,15,28348
2,2,3,16,28325
2,2,3,17,28503
2,2,3,18,28388
2,2,3,19,28307
2,2,3,20,28269
2,2,3,21,28280
2,2,3,22,28279
2,2,3,23,28472
2,2,3,24,28366
2,2,3,25,28384
2,2,3,26,28335
2,2,3,27,28355
2,2,3,28,29648
2,2,3,29,28453
2,2,3,30,28768
2,2,3,31,30160
2,1,3,0,28330
2,1,3,1,28417
2,1,3,2,28382
2,1,3,3,28370
2,1,3,4,27936
2,1,3,5,32437
2,1,3,6,27979
2,1,3,7,28424
2,1,3,8,28435
2,1,3,9,27859
2,1,3,10,28579
2,1,3,11,28484
2,1,3,12,28379
2,1,3,13,28129
2,1,3,14,28436
2,1,3,15,27903
2,1,3,16,28378
2,1,3,17,28354
2,1,3,18,28001
2,1,3,19,28310
2,1,3,20,28490
2,1,3,21,28024
2,1,3,22,28479
2,1,3,23,28394
2,1,3,24,28381
2,1,3,25,28443
2,1,3,26,28383
2,1,3,27,27880
2,1,3,28,28539
2,1,3,29,28483
2,1,3,30,28356
2,1,3,31,28468
2,0,3,0,28339
2,0,3,1,28352
2,0,3,2,28247
2,0,3,3,28458
2,0,3,4,28363
2,0,3,5,28250
2,0,3,6,28312
2,0,3,7,28455
2,0,3,8,28195
2,0,3,9,28488
2,0,3,10,28503
2,0,3,11,28453
2,0,3,12,28439
2,0,3,13,28488
2,0,3,14,28473
2,0,3,15,28205
2,0,3,16,28450
2,0,3,17,28143
2,0,3,18,28009
2,0,3,19,28519
2,0,3,20,28443
2,0,3,21,28440
2,0,3,22,28488
2,0,3,23,28424
2,0,3,24,28744
2,0,3,25,28131
2,0,3,26,27997
2,0,3,27,28457
2,0,3,28,28481
2,0,3,29,28393
2,0,3,30,28505
2,0,3,31,28352
2,0,4,0,28262
2,0,4,1,28443
2,0,4,2,28359
2,0,4,3,28401
2,0,4,4,28574
2,0,4,5,28491
2,0,4,6,28257
2,0,4,7,28270
2,0,4,8,28406
2,0,4,9,28185
2,0,4,10,28412
2,0,4,11,28422
2,0,4,12,28454
2,0,4,13,28455
2,0,4,14,28403
2,0,4,15,28560
2,0,4,16,28124
2,0,4,17,28418
2,0,4,18,28419
2,0,4,19,28265
2,0,4,20,28449
2,0,4,21,28312
2,0,4,22,28415
2,0,4,23,28315
2,0,4,24,28152
2,0,4,25,28329
2,0,4,26,28423
2,0,4,27,28432
2,0,4,28,28437
2,0,4,29,28457
2,0,4,30,28380
2,0,4,31,28215
2,1,4,0,28299
2,1,4,1,28167
2,1,4,2,27907
2,1,4,3,28142
2,1,4,4,28548
2,1,4,5,28463
2,1,4,6,28435
2,1,4,7,28404
2,1,4,8,28350
2,1,4,9,28465
2,1,4,10,28477
2,1,4,11,28379
2,1,4,12,28404
2,1,4,13,28448
2,1,4,14,28473
2,1,4,15,28508
2,1,4,16,28447
2,1,4,17,28471
2,1,4,18,28750
2,1,4,19,28564
2,1,4,20,28414
2,1,4,21,28467
2,1,4,22,28491
2,1,4,23,28507
2,1,4,24,28490
2,1,4,25,28001
2,1,4,26,27941
2,1,4,27,28415
2,1,4,28,28402
2,1,4,29,28520
2,1,4,30,28286
2,1,4,31,28373
2,2,4,0,28355
2,2,4,1,28098
2,2,4,2,28082
2,2,4,3,28550
2,2,4,4,28321
2,2,4,5,28353
2,2,4,6,28071
2,2,4,7,28043
2,2,4,8,27889
2,2,4,9,28147
2,2,4,10,28325
2,2,4,11,28423
2,2,4,12,28015
2,2,4,13,28451
2,2,4,14,27968
2,2,4,15,28447
2,2,4,16,28285
2,2,4,17,28282
2,2,4,18,28391
2,2,4,19,28044
2,2,4,20,28344
2,2,4,21,28358
2,2,4,22,28364
2,2,4,23,28317
2,2,4,24,28274
2,2,4,25,28348
2,2,4,26,28317
2,2,4,27,28349
2,2,4,28,28068
2,2,4,29,28095
2,2,4,30,27950
2,2,4,31,28384
2,3,4,0,28463
2,3,4,1,28427
2,3,4,2,27892
2,3,4,3,28067
2,3,4,4,28462
2,3,4,5,28407
2,3,4,6,27929
2,3,4,7,28012
2,3,4,8,28061
2,3,4,9,28408
2,3,4,10,28466
2,3,4,11,28364
2,3,4,12,28847
2,3,4,13,28381
2,3,4,14,28435
2,3,4,15,28351
2,3,4,16,28335
2,3,4,17,28028
2,3,4,18,28362
2,3,4,19,28002
2,3,4,20,28448
2,3,4,21,27937
2,3,4,22,28446
2,3,4,23,28433
2,3,4,24,27910
2,3,4,25,28044
2,3,4,26,28397
2,3,4,27,27786
2,3,4,28,28254
2,3,4,29,28338
2,3,4,30,28395
2,3,4,31,28366
2,3,5,0,28372
2,3,5,1,28403
2,3,5,2,27968
2,3,5,3,28307
2,3,5,4,27978
2,3,5,5,28380
2,3,5,6,28464
2,3,5,7,28420
2,3,5,8,28320
2,3,5,9,28297
2,3,5,10,28129
2,3,5,11,28393
2,3,5,12,28413
2,3,5,13,28321
2,3,5,14,28277
2,3,5,15,27997
2,3,5,16,28360
2,3,5,17,28132
2,3,5,18,28187
2,3,5,19,28448
2,3,5,20,28368
2,3,5,21,28307
2,3,5,22,28427
2,3,5,23,28463
2,3,5,24,28341
2,3,5,25,28371
2,3,5,26,28374
2,3,5,27,28415
2,3,5,28,28463
2,3,5,29,28458
2,3,5,30,28408
2,3,5,31,28333
2,2,5,0,28456
2,2,5,1,28350
2,2,5,2,28067
2,2,5,3,28090
2,2,5,4,28412
2,2,5,5,28742
2,2,5,6,27999
2,2,5,7,28245
2,2,5,8,27946
2,2,5,9,28055
2,2,5,10,27972
2,2,5,11,27997
2,2,5,12,28341
2,2,5,13,28435
2,2,5,14,28318
2,2,5,15,28469
2,2,5,16,28475
2,2,5,17,28338
2,2,5,18,28098
2,2,5,19,28195
2,2,5,20,28287
2,2,5,21,28094
2,2,5,22,28364
2,2,5,23,28061
2,2,5,24,27976
2,2,5,25,28011
2,2,5,26,28062
2,2,5,27,28004
2,2,5,28,28370
2,2,5,29,27988
2,2,5,30,28372
2,2,5,31,28060
2,1,5,0,28264
2,1,5,1,28401
2,1,5,2,28490
2,1,5,3,28286
2,1,5,4,27860
2,1,5,5,28053
2,1,5,6,28555
2,1,5,7,28522
2,1,5,8,28469
2,1,5,9,28438
2,1,5,10,28447
2,1,5,11,28196
2,1,5,12,28421
2,1,5,13,27937
2,1,5,14,27950
2,1,5,15,28551
2,1,5,16,27863
2,1,5,17,28374
2,1,5,18,28501
2,1,5,19,28478
2,1,5,20,28460
2,1,5,21,28355
2,1,5,22,28317
2,1,5,23,28396
2,1,5,24,27953
2,1,5,25,28486
2,1,5,26,28372
2,1,5,27,27874
2,1,5,28,27912
2,1,5,29,27919
2,1,5,30,27952
2,1,5,31,28576
2,0,5,0,28471
2,0,5,1,28540
2,0,5,2,28320
2,0,5,3,28244
2,0,5,4,28560
2,0,5,5,28136
2,0,5,6,28468
2,0,5,7,28186
2,0,5,8,28379
2,0,5,9,28437
2,0,5,10,28410
2,0,5,11,28434
2,0,5,12,28278
2,0,5,13,28404
2,0,5,14,28360
2,0,5,15,28508
2,0,5,16,28284
2,0,5,17,28467
2,0,5,18,28237
2,0,5,19,28528
2,0,5,20,28482
2,0,5,21,28460
2,0,5,22,28482
2,0,5,23,28456
2,0,5,24,28413
2,0,5,25,28449
2,0,5,26,28386
2,0,5,27,28421
2,0,5,28,28415
2,0,5,29,28347
2,0,5,30,28436
2,0,5,31,28508
2,0,6,0,28300
2,0,6,1,28345
2,0,6,2,28085
2,0,6,3,28259
2,0,6,4,28398
2,0,6,5,28397
2,0,6,6,28518
2,0,6,7,28437
2,0,6,8,28412
2,0,6,9,28353
2,0,6,10,28483
2,0,6,11,28486
2,0,6,12,28444
2,0,6,13,28410
2,0,6,14,28580
2,0,6,15,28512
2,0,6,16,28391
2,0,6,17,28543
2,0,6,18,28084
2,0,6,19,28441
2,0,6,20,28183
2,0,6,21,28414
2,0,6,22,28566
2,0,6,23,28317
2,0,6,24,28456
2,0,6,25,28169
2,0,6,26,28426
2,0,6,27,28163
2,0,6,28,28531
2,0,6,29,29054
2,0,6,30,28172
2,0,6,31,28191
2,1,6,0,28333
2,1,6,1,27884
2,1,6,2,28489
2,1,6,3,28555
2,1,6,4,28456
2,1,6,5,28421
2,1,6,6,28309
2,1,6,7,28191
2,1,6,8,28288
2,1,6,9,28478
2,1,6,10,28368
2,1,6,11,28443
2,1,6,12,28465
2,1,6,13,28395
2,1,6,14,28310
2,1,6,15,28462
2,1,6,16,28490
2,1,6,17,28415
2,1,6,18,28138
2,1,6,19,28127
2,1,6,20,28340
2,1,6,21,28525
2,1,6,22,28472
2,1,6,23,27888
2,1,6,24,28467
2,1,6,25,28272
2,1,6,26,28447
2,1,6,27,28470
2,1,6,28,28117
2,1,6,29,28433
2,1,6,30,28086
2,1,6,31,28438
2,2,6,0,28326
2,2,6,1,28194
2,2,6,2,28382
2,2,6,3,28537
2,2,6,4,28500
2,2,6,5,28435
2,2,6,6,28407
2,2,6,7,28481
2,2,6,8,27995
2,2,6,9,28464
2,2,6,10,28364
2,2,6,11,28547
2,2,6,12,31244
2,2,6,13,28229
2,2,6,14,28362
2,2,6,15,28045
2,2,6,16,28437
2,2,6,17,28396
2,2,6,18,28132
2,2,6,19,28362
2,2,6,20,28444
2,2,6,21,28395
2,2,6,22,28962
2,2,6,23,28371
2,2,6,24,27893
2,2,6,25,28384
2,2,6,26,28301
2,2,6,27,28424
2,2,6,28,28314
2,2,6,29,28371
2,2,6,30,28443
2,2,6,31,28456
2,3,6,0,28292
2,3,6,1,28231
2,3,6,2,28026
2,3,6,3,28438
2,3,6,4,28114
2,3,6,5,28319
2,3,6,6,28369
2,3,6,7,28318
2,3,6,8,28391
2,3,6,9,28526
2,3,6,10,28352
2,3,6,11,27963
2,3,6,12,28323
2,3,6,13,28058
2,3,6,14,28311
2,3,6,15,28393
2,3,6,16,28428
2,3,6,17,28535
2,3,6,18,28398
2,3,6,19,28005
2,3,6,20,28391
2,3,6,21,28357
2,3,6,22,28624
2,3,6,23,28436
2,3,6,24,28445
2,3,6,25,28015
2,3,6,26,27977
2,3,6,27,28010
2,3,6,28,27984
2,3,6,29,27920
2,3,6,30,28008
2,3,6,31,27976
2,3,7,0,28433
2,3,7,1,28299
2,3,7,2,28356
2,3,7,3,27991
2,3,7,4,28305
2,3,7,5,28309
2,3,7,6,28436
2,3,7,7,28521
2,3,7,8,31796
2,3,7,9,28420
2,3,7,10,28548
2,3,7,11,28447
2,3,7,12,27787
2,3,7,13,27963
2,3,7,14,28419
2,3,7,15,28436
2,3,7,16,29024
2,3,7,17,28020
2,3,7,18,28254
2,3,7,19,28235
2,3,7,20,28350
2,3,7,21,28497
2,3,7,22,28352
2,3,7,23,28283
2,3,7,24,27953
2,3,7,25,28301
2,3,7,26,28256
2,3,7,27,28395
2,3,7,28,28285
2,3,7,29,28333
2,3,7,30,28317
2,3,7,31,28061
2,2,7,0,28385
2,2,7,1,28326
2,2,7,2,28381
2,2,7,3,28441
2,2,7,4,28196
2,2,7,5,28314
2,2,7,6,28371
2,2,7,7,28337
2,2,7,8,28446
2,2,7,9,28399
2,2,7,10,28388
2,2,7,11,28407
2,2,7,12,28374
2,2,7,13,28516
2,2,7,14,28419
2,2,7,15,28383
2,2,7,16,28438
2,2,7,17,28446
2,2,7,18,28319
2,2,7,19,27981
2,2,7,20,28466
2,2,7,21,28435
2,2,7,22,28343
2,2,7,23,28447
2,2,7,24,28490
2,2,7,25,28373
2,2,7,26,28389
2,2,7,27,28401
2,2,7,28,28403
2,2,7,29,27952
2,2,7,30,28088
2,2,7,31,28439
2,1,7,0,28440
2,1,7,1,28557
2,1,7,2,28480
2,1,7,3,28025
2,1,7,4,27957
2,1,7,5,28393
2,1,7,6,28965
2,1,7,7,27896
2,1,7,8,27928
2,1,7,9,28479
2,1,7,10,28410
2,1,7,11,28234
2,1,7,12,28432
2,1,7,13,28433
2,1,7,14,28398
2,1,7,15,28076
2,1,7,16,28446
2,1,7,17,28323
2,1,7,18,28320
2,1,7,19,28524
2,1,7,20,28393
2,1,7,21,28405
2,1,7,22,28386
2,1,7,23,28555
2,1,7,24,28528
2,1,7,25,28480
2,1,7,26,28517
2,1,7,27,28384
2,1,7,28,28460
2,1,7,29,28475
2,1,7,30,28401
2,1,7,31,28436
2,0,7,0,28126
2,0,7,1,28382
2,0,7,2,28387
2,0,7,3,28425
2,0,7,4,28527
2,0,7,5,28429
2,0,7,6,28394
2,0,7,7,28432
2,0,7,8,28506
2,0,7,9,28961
2,0,7,10,28441
2,0,7,11,28552
2,0,7,12,28453
2,0,7,13,28479
2,0,7,14,28380
2,0,7,15,28463
2,0,7,16,28470
2,0,7,17,28252
2,0,7,18,28319
2,0,7,19,28420
2,0,7,20,28436
2,0,7,21,28513
2,0,7,22,28103
2,0,7,23,28403
2,0,7,24,28399
2,0,7,25,28461
2,0,7,26,28462
2,0,7,27,28456
2,0,7,28,28380
2,0,7,29,28445
2,0,7,30,28397
2,0,7,31,28374
3,0,0,0,19419
3,0,0,1,20039
3,0,0,2,19370
3,0,0,3,19553
3,0,0,4,19625
3,0,0,5,19386
3,0,0,6,19512
3,0,0,7,19403
3,0,0,8,19547
3,0,0,9,19604
3,0,0,10,19629
3,0,0,11,19483
3,0,0,12,19596
3,0,0,13,19496
3,0,0,14,19484
3,0,0,15,19611
3,0,0,16,19533
3,0,0,17,19536
3,0,0,18,19553
3,0,0,19,19219
3,0,0,20,19246
3,0,0,21,19628
3,0,0,22,19384
3,0,0,23,19448
3,0,0,24,19521
3,0,0,25,19251
3,0,0,26,19596
3,0,0,27,19248
3,0,0,28,19651
3,0,0,29,19622
3,0,0,30,19248
3,0,0,31,19523
3,1,0,0,19671
3,1,0,1,19338
3,1,0,2,19375
3,1,0,3,19258
3,1,0,4,19339
3,1,0,5,19346
3,1,0,6,19366
3,1,0,7,19556
3,1,0,8,19493
3,1,0,9,19765
3,1,0,10,19571
3,1,0,11,19561
3,1,0,12,19511
3,1,0,13,19616
3,1,0,14,19464
3,1,0,15,19519
3,1,0,16,19631
3,1,0,17,19449
3,1,0,18,19213
3,1,0,19,19524
3,1,0,20,19610
3,1,0,21,19627
3,1,0,22,19434
3,1,0,23,19482
3,1,0,24,19400
3,1,0,25,19260
3,1,0,26,19527
3,1,0,27,19641
3,1,0,28,19620
3,1,0,29,19528
3,1,0,30,19640
3,1,0,31,19623
3,2,0,0,19260
3,2,0,1,19256
3,2,0,2,19244
3,2,0,3,19259
3,2,0,4,19354
3,2,0,5,19265
3,2,0,6,19468
3,2,0,7,19601
3,2,0,8,19460
3,2,0,9,19337
3,2,0,10,19238
3,2,0,11,19574
3,2,0,12,19448
3,2,0,13,19386
3,2,0,14,19244
3,2,0,15,19447
3,2,0,16,19655
3,2,0,17,19430
3,2,0,18,22600
3,2,0,19,19509
3,2,0,20,30453
3,2,0,21,19611
3,2,0,22,19356
3,2,0,23,19669
3,2,0,24,19739
3,2,0,25,19584
3,2,0,26,19368
3,2,0,27,19509
3,2,0,28,19435
3,2,0,29,19657
3,2,0,30,19313
3,2,0,31,19519
3,3,0,0,19654
3,3,0,1,19728
3,3,0,2,19742
3,3,0,3,19583
3,3,0,4,19466
3,3,0,5,19531
3,3,0,6,19596
3,3,0,7,19627
3,3,0,8,19629
3,3,0,9,19438
3,3,0,10,19611
3,3,0,11,19576
3,3,0,12,19530
3,3,0,13,19621
3,3,0,14,19515
3,3,0,15,19578
3,3,0,16,19327
3,3,0,17,19334
3,3,0,18,19493
3,3,0,19,19621
3,3,0,20,19343
3,3,0,21,19531
3,3,0,22,19419
3,3,0,23,19273
3,3,0,24,19438
3,3,0,25,19644
3,3,0,26,19538
3,3,0,27,19535
3,3,0,28,19507
3,3,0,29,19339
3,3,0,30,19537
3,3,0,31,19655
3,3,1,0,19534
3,3,1,1,19368
3,3,1,2,19639
3,3,1,3,19386
3,3,1,4,19386
3,3,1,5,19275
3,3,1,6,19180
3,3,1,7,19540
3,3,1,8,19637
3,3,1,9,19650
3,3,1,10,19285
3,3,1,11,19530
3,3,1,12,19481
3,3,1,13,19695
3,3,1,14,19596
3,3,1,15,19501
3,3,1,16,19323
3,3,1,17,19301
3,3,1,18,19498
3,3,1,19,19700
3,3,1,20,19559
3,3,1,21,19561
3,3,1,22,19525
3,3,1,23,19656
3,3,1,24,19547
3,3,1,25,19529
3,3,1,26,19622
3,3,1,27,19591
3,3,1,28,19643
3,3,1,29,19257
3,3,1,30,19659
3,3,1,31,19599
3,2,1,0,19262
3,2,1,1,19285
3,2,1,2,19565
3,2,1,3,19498
3,2,1,4,19502
3,2,1,5,19497
3,2,1,6,19816
3,2,1,7,19312
3,2,1,8,19207
3,2,1,9,19371
3,2,1,10,19303
3,2,1,11,19608
3,2,1,12,19622
3,2,1,13,19586
3,2,1,14,19605
3,2,1,15,19666
3,2,1,16,19685
3,2,1,17,19607
3,2,1,18,19528
3,2,1,19,19796
3,2,1,20,19402
3,2,1,21,19520
3,2,1,22,19565
3,2,1,23,19483
3,2,1,24,19606
3,2,1,25,19597
3,2,1,26,19563
3,2,1,27,19313
3,2,1,28,19295
3,2,1,29,19440
3,2,1,30,19467
3,2,1,31,19496
3,1,1,0,19550
3,1,1,1,19195
3,1,1,2,19245
3,1,1,3,19496
3,1,1,4,19243
3,1,1,5,19295
3,1,1,6,19631
3,1,1,7,19685
3,1,1,8,19703
3,1,1,9,19532
3,1,1,10,19731
3,1,1,11,19579
3,1,1,12,19193
3,1,1,13,19423
3,1,1,14,19539
3,1,1,15,19588
3,1,1,16,19591
3,1,1,17,19565
3,1,1,18,19540
3,1,1,19,19227
3,1,1,20,19267
3,1,1,21,19478
3,1,1,22,19316
3,1,1,23,19676
3,1,1,24,19575
3,1,1,25,19431
3,1,1,26,19226
3,1,1,27,19221
3,1,1,28,19289
3,1,1,29,19398
3,1,1,30,19387
3,1,1,31,19459
3,0,1,0,19622
3,0,1,1,19296
3,0,1,2,19569
3,0,1,3,19401
3,0,1,4,19635
3,0,1,5,19374
3,0,1,6,19264
3,0,1,7,19585
3,0,1,8,19272
3,0,1,9,19342
3,0,1,10,19295
3,0,1,11,19219
3,0,1,12,19273
3,0,1,13,19431
3,0,1,14,19245
3,0,1,15,19425
3,0,1,16,19419
3,0,1,17,19324
3,0,1,18,19519
3,0,1,19,19373
3,0,1,20,19387
3,0,1,21,19438
3,0,1,22,19383
3,0,1,23,19209
3,0,1,24,19425
3,0,1,25,19471
3,0,1,26,20081
3,0,1,27,19786
3,0,1,28,19513
3,0,1,29,19673
3,0,1,30,19454
3,0,1,31,30332
3,0,2,0,19229
3,0,2,1,19275
3,0,2,2,19231
3,0,2,3,19312
3,0,2,4,19318
3,0,2,5,19196
3,0,2,6,19406
3,0,2,7,19514
3,0,2,8,19402
3,0,2,9,19355
3,0,2,10,19182
3,0,2,11,19283
3,0,2,12,19194
3,0,2,13,19228
3,0,2,14,19201
3,0,2,15,19439
3,0,2,16,19515
3,0,2,17,19154
3,0,2,18,19557
3,0,2,19,19394
3,0,2,20,19546
3,0,2,21,19468
3,0,2,22,19265
3,0,2,23,19652
3,0,2,24,19309
3,0,2,25,19254
3,0,2,26,19224
3,0,2,27,19576
3,0,2,28,19503
3,0,2,29,19488
3,0,2,30,19483
3,0,2,31,19453
3,1,2,0,19484
3,1,2,1,19214
3,1,2,2,19555
3,1,2,3,19270
3,1,2,4,19609
3,1,2,5,19205
3,1,2,6,19281
3,1,2,7,19612
3,1,2,8,19549
3,1,2,9,19602
3,1,2,10,19617
3,1,2,11,19659
3,1,2,12,19285
3,1,2,13,19360
3,1,2,14,19663
3,1,2,15,19568
3,1,2,16,19604
3,1,2,17,19676
3,1,2,18,19587
3,1,2,19,19181
3,1,2,20,19397
3,1,2,21,19251
3,1,2,22,19560
3,1,2,23,19586
3,1,2,24,19633
3,1,2,25,19739
3,1,2,26,19608
3,1,2,27,19652
3,1,2,28,19202
3,1,2,29,19373
3,1,2,30,19530
3,1,2,31,19650
3,2,2,0,19584
3,2,2,1,19706
3,2,2,2,19630
3,2,2,3,19299
3,2,2,4,19397
3,2,2,5,19156
3,2,2,6,19272
3,2,2,7,19442
3,2,2,8,19644
3,2,2,9,19685
3,2,2,10,19180
3,2,2,11,19921
3,2,2,12,19519
3,2,2,13,19603
3,2,2,14,19690
3,2,2,15,19525
3,2,2,16,19615
3,2,2,17,19579
3,2,2,18,19338
3,2,2,19,19525
3,2,2,20,19385
3,2,2,21,19253
3,2,2,22,19216
3,2,2,23,19262
3,2,2,24,19230
3,2,2,25,19579
3,2,2,26,19611
3,2,2,27,19571
3,2,2,28,19579
3,2,2,29,19564
3,2,2,30,19557
3,2,2,31,19317
3,3,2,0,19503
3,3,2,1,19313
3,3,2,2,19502
3,3,2,3,19656
3,3,2,4,19395
3,3,2,5,19541
3,3,2,6,19247
3,3,2,7,19717
3,3,2,8,19371
3,3,2,9,19661
3,3,2,10,19349
3,3,2,11,19221
3,3,2,12,19323
3,3,2,13,19663
3,3,2,14,19455
3,3,2,15,19645
3,3,2,16,19289
3,3,2,17,19211
3,3,2,18,19430
3,3,2,19,19530
3,3,2,20,19437
3,3,2,21,19569
3,3,2,22,19519
3,3,2,23,19511
3,3,2,24,19540
3,3,2,25,19570
3,3,2,26,19665
3,3,2,27,19507
3,3,2,28,19585
3,3,2,29,19541
3,3,2,30,19656
3,3,2,31,19685
3,3,3,0,19514
3,3,3,1,19528
3,3,3,2,19221
3,3,3,3,19667
3,3,3,4,19546
3,3,3,5,19208
3,3,3,6,19762
3,3,3,7,19638
3,3,3,8,19432
3,3,3,9,19532
3,3,3,10,19679
3,3,3,11,19385
3,3,3,12,19410
3,3,3,13,19520
3,3,3,14,19617
3,3,3,15,19600
3,3,3,16,19556
3,3,3,17,19476
3,3,3,18,19239
3,3,3,19,19236
3,3,3,20,19636
3,3,3,21,19644
3,3,3,22,19591
3,3,3,23,19548
3,3,3,24,19365
3,3,3,25,19575
3,3,3,26,19474
3,3,3,27,19499
3,3,3,28,19516
3,3,3,29,19632
3,3,3,30,19527
3,3,3,31,19560
3,2,3,0,19560
3,2,3,1,19131
3,2,3,2,19588
3,2,3,3,19298
3,2,3,4,19270
3,2,3,5,19303
3,2,3,6,19214
3,2,3,7,19453
3,2,3,8,19315
3,2,3,9,19429
3,2,3,10,19329
3,2,3,11,19356
3,2,3,12,19241
3,2,3,13,19424
3,2,3,14,19247
3,2,3,15,19514
3,2,3,16,19406
3,2,3,17,19331
3,2,3,18,19523
3,2,3,19,19455
3,2,3,20,19478
3,2,3,21,19638
3,2,3,22,19566
3,2,3,23,19649
3,2,3,24,19674
3,2,3,25,19649
3,2,3,26,19189
3,2,3,27,19646
3,2,3,28,19393
3,2,3,29,19533
3,2,3,30,19216
3,2,3,31,19428
3,1,3,0,19396
3,1,3,1,19278
3,1,3,2,19592
3,1,3,3,19621
3,1,3,4,19456
3,1,3,5,19565
3,1,3,6,19525
3,1,3,7,19508
3,1,3,8,19747
3,1,3,9,19474
3,1,3,10,19526
3,1,3,11,19647
3,1,3,12,19579
3,1,3,13,19388
3,1,3,14,19501
3,1,3,15,19769
3,1,3,16,19319
3,1,3,17,19271
3,1,3,18,19233
3,1,3,19,19484
3,1,3,20,19498
3,1,3,21,19562
3,1,3,22,19566
3,1,3,23,19599
3,1,3,24,19677
3,1,3,25,19689
3,1,3,26,19535
3,1,3,27,19630
3,1,3,28,19603
3,1,3,29,19641
3,1,3,30,19397
3,1,3,31,19392
3,0,3,0,19149
3,0,3,1,19219
3,0,3,2,19553
3,0,3,3,19530
3,0,3,4,19569
3,0,3,5,19541
3,0,3,6,19537
3,0,3,7,19445
3,0,3,8,19548
3,0,3,9,19544
3,0,3,10,19582
3,0,3,11,19244
3,0,3,12,19224
3,0,3,13,19555
3,0,3,14,19574
3,0,3,15,19538
3,0,3,16,19453
3,0,3,17,20056
3,0,3,18,19345
3,0,3,19,19178
3,0,3,20,19158
3,0,3,21,19342
3,0,3,22,19548
3,0,3,23,19561
3,0,3,24,19618
3,0,3,25,19575
3,0,3,26,19644
3,0,3,27,19306
3,0,3,28,19562
3,0,3,29,19573
3,0,3,30,19666
3,0,3,31,19619
3,0,4,0,19542
3,0,4,1,19308
3,0,4,2,19558
3,0,4,3,19264
3,0,4,4,19222
3,0,4,5,19215
3,0,4,6,19633
3,0,4,7,19505
3,0,4,8,19645
3,0,4,9,19422
3,0,4,10,19608
3,0,4,11,19309
3,0,4,12,19604
3,0,4,13,19487
3,0,4,14,19545
3,0,4,15,19264
3,0,4,16,19333
3,0,4,17,19437
3,0,4,18,19485
3,0,4,19,19413
3,0,4,20,19529
3,0,4,21,19392
3,0,4,22,19605
3,0,4,23,19645
3,0,4,24,19605
3,0,4,25,19568
3,0,4,26,19253
3,0,4,27,19570
3,0,4,28,19583
3,0,4,29,19548
3,0,4,30,19574
3,0,4,31,19536
3,1,4,0,19556
3,1,4,1,19553
3,1,4,2,19528
3,1,4,3,19497
3,1,4,4,19359
3,1,4,5,19306
3,1,4,6,19573
3,1,4,7,19520
3,1,4,8,19188
3,1,4,9,19224
3,1,4,10,19323
3,1,4,11,19570
3,1,4,12,19529
3,1,4,13,19331
3,1,4,14,19197
3,1,4,15,19543
3,1,4,16,19528
3,1,4,17,19243
3,1,4,18,19247
3,1,4,19,19584
3,1,4,20,19251
3,1,4,21,19430
3,1,4,22,19541
3,1,4,23,19520
3,1,4,24,19574
3,1,4,25,19657
3,1,4,26,19558
3,1,4,27,19585
3,1,4,28,19596
3,1,4,29,19625
3,1,4,30,19592
3,1,4,31,19590
3,2,4,0,19421
3,2,4,1,19192
3,2,4,2,20057
3,2,4,3,19553
3,2,4,4,19572
3,2,4,5,19743
3,2,4,6,19491
3,2,4,7,19508
3,2,4,8,19599
3,2,4,9,19327
3,2,4,10,19460
3,2,4,11,19485
3,2,4,12,19734
3,2,4,13,19359
3,2,4,14,19546
3,2,4,15,19456
3,2,4,16,19519
3,2,4,17,19478
3,2,4,18,19839
3,2,4,19,19729
3,2,4,20,19576
3,2,4,21,19695
3,2,4,22,19554
3,2,4,23,19704
3,2,4,24,19597
3,2,4,25,19571
3,2,4,26,19568
3,2,4,27,19741
3,2,4,28,19574
3,2,4,29,19290
3,2,4,30,19310
3,2,4,31,19732
3,3,4,0,19600
3,3,4,1,19629
3,3,4,2,19197
3,3,4,3,19307
3,3,4,4,19351
3,3,4,5,19342
3,3,4,6,19550
3,3,4,7,19549
3,3,4,8,19359
3,3,4,9,19280
3,3,4,10,19233
3,3,4,11,19491
3,3,4,12,19275
3,3,4,13,19192
3,3,4,14,19218
3,3,4,15,19447
3,3,4,16,19245
3,3,4,17,19275
3,3,4,18,19514
3,3,4,19,19244
3,3,4,20,19280
3,3,4,21,19663
3,3,4,22,19180
3,3,4,23,19251
3,3,4,24,19570
3,3,4,25,19300
3,3,4,26,19233
3,3,4,27,19274
3,3,4,28,19275
3,3,4,29,19372
3,3,4,30,19547
3,3,4,31,19416
3,3,5,0,19279
3,3,5,1,19315
3,3,5,2,19230
3,3,5,3,19201
3,3,5,4,19607
3,3,5,5,19413
3,3,5,6,19634
3,3,5,7,19424
3,3,5,8,19589
3,3,5,9,19526
3,3,5,10,19302
3,3,5,11,19228
3,3,5,12,19587
3,3,5,13,19612
3,3,5,14,19149
3,3,5,15,19623
3,3,5,16,19317
3,3,5,17,19337
3,3,5,18,19330
3,3,5,19,19641
3,3,5,20,19792
3,3,5,21,19568
3,3,5,22,20174
3,3,5,23,19651
3,3,5,24,19378
3,3,5,25,19571
3,3,5,26,19620
3,3,5,27,19547
3,3,5,28,19265
3,3,5,29,19450
3,3,5,30,19228
3,3,5,31,19580
3,2,5,0,19589
3,2,5,1,19223
3,2,5,2,19595
3,2,5,3,19389
3,2,5,4,30455
3,2,5,5,19529
3,2,5,6,19661
3,2,5,7,19484
3,2,5,8,19575
3,2,5,9,19576
3,2,5,10,19341
3,2,5,11,19236
3,2,5,12,19701
3,2,5,13,19566
3,2,5,14,19607
3,2,5,15,19218
3,2,5,16,19701
3,2,5,17,19187
3,2,5,18,19230
3,2,5,19,19654
3,2,5,20,19591
3,2,5,21,19664
3,2,5,22,19584
3,2,5,23,19648
3,2,5,24,19623
3,2,5,25,19719
3,2,5,26,19535
3,2,5,27,19278
3,2,5,28,19429
3,2,5,29,19655
3,2,5,30,19507
3,2,5,31,19234
3,1,5,0,19284
3,1,5,1,19497
3,1,5,2,19476
3,1,5,3,19708
3,1,5,4,19350
3,1,5,5,19398
3,1,5,6,19420
3,1,5,7,19261
3,1,5,8,19271
3,1,5,9,19706
3,1,5,10,19555
3,1,5,11,19671
3,1,5,12,19597
3,1,5,13,19603
3,1,5,14,19703
3,1,5,15,19585
3,1,5,16,19646
3,1,5,17,19611
3,1,5,18,19532
3,1,5,19,19573
3,1,5,20,19749
3,1,5,21,19544
3,1,5,22,19252
3,1,5,23,19116
3,1,5,24,19585
3,1,5,25,19693
3,1,5,26,19638
3,1,5,27,19597
3,1,5,28,19488
3,1,5,29,19603
3,1,5,30,19673
3,1,5,31,19541
3,0,5,0,19559
3,0,5,1,19485
3,0,5,2,19622
3,0,5,3,19603
3,0,5,4,19247
3,0,5,5,19329
3,0,5,6,19601
3,0,5,7,20171
3,0,5,8,19644
3,0,5,9,19257
3,0,5,10,19732
3,0,5,11,19669
3,0,5,12,19568
3,0,5,13,19454
3,0,5,14,19496
3,0,5,15,19554
3,0,5,16,19365
3,0,5,17,19203
3,0,5,18,19189
3,0,5,19,19244
3,0,5,20,19353
3,0,5,21,19268
3,0,5,22,19595
3,0,5,23,19394
3,0,5,24,19362
3,0,5,25,19401
3,0,5,26,19505
3,0,5,27,19269
3,0,5,28,19541
3,0,5,29,19621
3,0,5,30,19538
3,0,5,31,19691
3,0,6,0,19183
3,0,6,1,19368
3,0,6,2,19302
3,0,6,3,19276
3,0,6,4,19278
3,0,6,5,19346
3,0,6,6,19230
3,0,6,7,19546
3,0,6,8,19294
3,0,6,9,19721
3,0,6,10,19596
3,0,6,11,19592
3,0,6,12,19178
3,0,6,13,19351
3,0,6,14,19499
3,0,6,15,19496
3,0,6,16,19517
3,0,6,17,19555
3,0,6,18,19639
3,0,6,19,19237
3,0,6,20,19545
3,0,6,21,19562
3,0,6,22,19571
3,0,6,23,19345
3,0,6,24,19404
3,0,6,25,19308
3,0,6,26,19209
3,0,6,27,19392
3,0,6,28,19525
3,0,6,29,19573
3,0,6,30,19569
3,0,6,31,19304
3,1,6,0,19505
3,1,6,1,19550
3,1,6,2,19681
3,1,6,3,19696
3,1,6,4,19534
3,1,6,5,19586
3,1,6,6,19409
3,1,6,7,19182
3,1,6,8,19308
3,1,6,9,19612
3,1,6,10,19585
3,1,6,11,19525
3,1,6,12,19720
3,1,6,13,19169
3,1,6,14,19233
3,1,6,15,19242
3,1,6,16,19360
3,1,6,17,19358
3,1,6,18,19312
3,1,6,19,19423
3,1,6,20,19531
3,1,6,21,19648
3,1,6,22,19554
3,1,6,23,19702
3,1,6,24,19559
3,1,6,25,19551
3,1,6,26,19749
3,1,6,27,19961
3,1,6,28,19715
3,1,6,29,19285
3,1,6,30,19618
3,1,6,31,19225
3,2,6,0,19471
3,2,6,1,19163
3,2,6,2,19487
3,2,6,3,19475
3,2,6,4,19312
3,2,6,5,19267
3,2,6,6,19315
3,2,6,7,19352
3,2,6,8,19399
3,2,6,9,19448
3,2,6,10,19352
3,2,6,11,19271
3,2,6,12,19635
3,2,6,13,19247
3,2,6,14,19264
3,2,6,15,30192
3,2,6,16,19182
3,2,6,17,19455
3,2,6,18,19174
3,2,6,19,19281
3,2,6,20,19199
3,2,6,21,19230
3,2,6,22,19587
3,2,6,23,19169
3,2,6,24,19541
3,2,6,25,19227
3,2,6,26,19557
3,2,6,27,19290
3,2,6,28,19669
3,2,6,29,19629
3,2,6,30,19630
3,2,6,31,19574
3,3,6,0,19391
3,3,6,1,19314
3,3,6,2,19236
3,3,6,3,19604
3,3,6,4,19260
3,3,6,5,19209
3,3,6,6,19650
3,3,6,7,19355
3,3,6,8,19697
3,3,6,9,19331
3,3,6,10,19231
3,3,6,11,19460
3,3,6,12,19375
3,3,6,13,19222
3,3,6,14,19482
3,3,6,15,19367
3,3,6,16,19462
3,3,6,17,19502
3,3,6,18,19528
3,3,6,19,19355
3,3,6,20,19301
3,3,6,21,19488
3,3,6,22,19610
3,3,6,23,19587
3,3,6,24,19324
3,3,6,25,19628
3,3,6,26,19571
3,3,6,27,19535
3,3,6,28,19663
3,3,6,29,19620
3,3,6,30,19293
3,3,6,31,19170
3,3,7,0,19223
3,3,7,1,19179
3,3,7,2,19677
3,3,7,3,19657
3,3,7,4,19476
3,3,7,5,19550
3,3,7,6,19523
3,3,7,7,19562
3,3,7,8,19233
3,3,7,9,19468
3,3,7,10,19534
3,3,7,11,19254
3,3,7,12,20075
3,3,7,13,19684
3,3,7,14,19311
3,3,7,15,19329
3,3,7,16,19763
3,3,7,17,19284
3,3,7,18,19261
3,3,7,19,19602
3,3,7,20,19422
3,3,7,21,19623
3,3,7,22,19213
3,3,7,23,19584
3,3,7,24,19493
3,3,7,25,19347
3,3,7,26,19590
3,3,7,27,19354
3,3,7,28,19229
3,3,7,29,19598
3,3,7,30,19789
3,3,7,31,19562
3,2,7,0,19455
3,2,7,1,19546
3,2,7,2,19674
3,2,7,3,19648
3,2,7,4,30472
3,2,7,5,19518
3,2,7,6,19573
3,2,7,7,19524
3,2,7,8,19264
3,2,7,9,19207
3,2,7,10,19518
3,2,7,11,19594
3,2,7,12,19602
3,2,7,13,19615
3,2,7,14,19642
3,2,7,15,19724
3,2,7,16,19656
3,2,7,17,19509
3,2,7,18,19515
3,2,7,19,19477
3,2,7,20,19353
3,2,7,21,19312
3,2,7,22,19178
3,2,7,23,19270
3,2,7,24,19689
3,2,7,25,19572
3,2,7,26,19295
3,2,7,27,19550
3,2,7,28,19455
3,2,7,29,19510
3,2,7,30,19214
3,2,7,31,19528
3,1,7,0,19414
3,1,7,1,19406
3,1,7,2,19515
3,1,7,3,19722
3,1,7,4,19480
3,1,7,5,19555
3,1,7,6,19602
3,1,7,7,19500
3,1,7,8,19364
3,1,7,9,19568
3,1,7,10,19719
3,1,7,11,19540
3,1,7,12,19555
3,1,7,13,19624
3,1,7,14,19728
3,1,7,15,19623
3,1,7,16,19558
3,1,7,17,19507
3,1,7,18,19554
3,1,7,19,19306
3,1,7,20,19344
3,1,7,21,19530
3,1,7,22,19308
3,1,7,23,19368
3,1,7,24,19235
3,1,7,25,19234
3,1,7,26,19483
3,1,7,27,19557
3,1,7,28,19671
3,1,7,29,19172
3,1,7,30,19523
3,1,7,31,19212
3,0,7,0,19465
3,0,7,1,19448
3,0,7,2,19239
3,0,7,3,19442
3,0,7,4,19518
3,0,7,5,19483
3,0,7,6,19280
3,0,7,7,19567
3,0,7,8,19335
3,0,7,9,19422
3,0,7,10,19423
3,0,7,11,19397
3,0,7,12,19444
3,0,7,13,19261
3,0,7,14,19545
3,0,7,15,19372
3,0,7,16,19255
3,0,7,17,19234
3,0,7,18,19241
3,0,7,19,19362
3,0,7,20,19235
3,0,7,21,19309
3,0,7,22,19325
3,0,7,23,19500
3,0,7,24,19423
3,0,7,25,19467
3,0,7,26,19383
3,0,7,27,19374
3,0,7,28,19594
3,0,7,29,19242
3,0,7,30,19437
3,0,7,31,19325
