cpucycles tracesetup 0 amd64-perfpmcff precision 0 scaling 0.000000 only32 0
cpucycles tracesetup 1 amd64-perfpmc precision 0 scaling 0.000000 only32 0
cpucycles tracesetup 2 amd64-pmcff precision 0 scaling 0.000000 only32 0
cpucycles tracesetup 3 amd64-tsc precision 1080 scaling 0.467415 only32 0
cpucycles tracesetup 4 amd64-tscasm precision 1090 scaling 0.467415 only32 0
cpucycles tracesetup 5 default-perfevent precision 204 scaling 1.000000 only32 0
cpucycles tracesetup 6 default-mach precision 0 scaling 0.000000 only32 0
cpucycles tracesetup 7 default-monotonic precision 1074 scaling 1.400000 only32 0
cpucycles tracesetup 8 default-gettimeofday precision 2440 scaling 1400.000000 only32 0
cpucycles tracesetup 9 default-zero precision 0 scaling 0.000000 only32 0
region,variant,block,observation,cycles
0,0,0,0,1018
0,0,0,1,960
0,0,0,2,966
0,0,0,3,943
0,0,0,4,961
0,0,0,5,971
0,0,0,6,969
0,0,0,7,967
0,0,0,8,977
0,0,0,9,965
0,0,0,10,984
0,0,0,11,959
0,0,0,12,988
0,0,0,13,970
0,0,0,14,958
0,0,0,15,969
0,0,0,16,949
0,0,0,17,963
0,0,0,18,976
0,0,0,19,981
0,0,0,20,973
0,0,0,21,974
0,0,0,22,968
0,0,0,23,978
0,0,0,24,981
0,0,0,25,969
0,0,0,26,997
0,0,0,27,994
0,0,0,28,962
0,0,0,29,977
0,0,0,30,983
0,0,0,31,977
0,0,0,32,953
0,0,0,33,948
0,0,0,34,979
0,0,0,35,959
0,0,0,36,969
0,0,0,37,960
0,0,0,38,964
0,0,0,39,969
0,0,0,40,972
0,0,0,41,950
0,0,0,42,966
0,0,0,43,969
0,0,0,44,976
0,0,0,45,976
0,0,0,46,969
0,0,0,47,964
0,0,0,48,980
0,0,0,49,981
0,0,0,50,986
0,0,0,51,982
0,0,0,52,952
0,0,0,53,975
0,0,0,54,977
0,0,0,55,966
0,0,0,56,976
0,0,0,57,982
0,0,0,58,962
0,0,0,59,974
0,0,0,60,998
0,0,0,61,980
0,0,0,62,980
0,0,0,63,978
0,1,0,0,1013
0,1,0,1,1035
0,1,0,2,1009
0,1,0,3,1006
0,1,0,4,1018
0,1,0,5,986
0,1,0,6,1009
0,1,0,7,1007
0,1,0,8,1010
0,1,0,9,997
0,1,0,10,981
0,1,0,11,1015
0,1,0,12,1000
0,1,0,13,1003
0,1,0,14,1001
0,1,0,15,1000
0,1,0,16,990
0,1,0,17,1016
0,1,0,18,983
0,1,0,19,986
0,1,0,20,1006
0,1,0,21,1009
0,1,0,22,971
0,1,0,23,978
0,1,0,24,1013
0,1,0,25,989
0,1,0,26,988
0,1,0,27,1000
0,1,0,28,1009
0,1,0,29,999
0,1,0,30,1018
0,1,0,31,1000
0,1,0,32,977
0,1,0,33,1006
0,1,0,34,989
0,1,0,35,1006
0,1,0,36,991
0,1,0,37,1002
0,1,0,38,983
0,1,0,39,1026
0,1,0,40,1019
0,1,0,41,1020
0,1,0,42,997
0,1,0,43,1003
0,1,0,44,1005
0,1,0,45,1009
0,1,0,46,1005
0,1,0,47,989
0,1,0,48,1015
0,1,0,49,998
0,1,0,50,1005
0,1,0,51,994
0,1,0,52,997
0,1,0,53,981
0,1,0,54,1005
0,1,0,55,1000
0,1,0,56,1016
0,1,0,57,985
0,1,0,58,1013
0,1,0,59,991
0,1,0,60,1008
0,1,0,61,1019
0,1,0,62,990
0,1,0,63,993
0,1,1,0,999
0,1,1,1,1009
0,1,1,2,998
0,1,1,3,995
0,1,1,4,1013
0,1,1,5,1021
0,1,1,6,994
0,1,1,7,1028
0,1,1,8,992
0,1,1,9,1010
0,1,1,10,996
0,1,1,11,993
0,1,1,12,997
0,1,1,13,983
0,1,1,14,1004
0,1,1,15,1005
0,1,1,16,987
0,1,1,17,998
0,1,1,18,1010
0,1,1,19,1002
0,1,1,20,992
0,1,1,21,1006
0,1,1,22,1026
0,1,1,23,1016
0,1,1,24,1020
0,1,1,25,998
0,1,1,26,1003
0,1,1,27,1009
0,1,1,28,999
0,1,1,29,998
0,1,1,30,992
0,1,1,31,1019
0,1,1,32,1013
0,1,1,33,1022
0,1,1,34,1004
0,1,1,35,1024
0,1,1,36,1012
0,1,1,37,1002
0,1,1,38,1013
0,1,1,39,1027
0,1,1,40,1017
0,1,1,41,1011
0,1,1,42,1004
0,1,1,43,1001
0,1,1,44,997
0,1,1,45,993
0,1,1,46,981
0,1,1,47,999
0,1,1,48,1002
0,1,1,49,1005
0,1,1,50,1006
0,1,1,51,1000
0,1,1,52,1012
0,1,1,53,1014
0,1,1,54,1007
0,1,1,55,1021
0,1,1,56,988
0,1,1,57,1008
0,1,1,58,1003
0,1,1,59,1004
0,1,1,60,1018
0,1,1,61,1008
0,1,1,62,968
0,1,1,63,1005
0,0,1,0,968
0,0,1,1,974
0,0,1,2,972
0,0,1,3,970
0,0,1,4,966
0,0,1,5,979
0,0,1,6,982
0,0,1,7,974
0,0,1,8,963
0,0,1,9,959
0,0,1,10,987
0,0,1,11,968
0,0,1,12,973
0,0,1,13,974
0,0,1,14,956
0,0,1,15,977
0,0,1,16,971
0,0,1,17,981
0,0,1,18,956
0,0,1,19,981
0,0,1,20,961
0,0,1,21,967
0,0,1,22,977
0,0,1,23,964
0,0,1,24,974
0,0,1,25,958
0,0,1,26,951
0,0,1,27,964
0,0,1,28,980
0,0,1,29,961
0,0,1,30,970
0,0,1,31,974
0,0,1,32,970
0,0,1,33,979
0,0,1,34,986
0,0,1,35,981
0,0,1,36,969
0,0,1,37,978
0,0,1,38,962
0,0,1,39,963
0,0,1,40,955
0,0,1,41,953
0,0,1,42,979
0,0,1,43,968
0,0,1,44,980
0,0,1,45,958
0,0,1,46,978
0,0,1,47,976
0,0,1,48,984
0,0,1,49,988
0,0,1,50,988
0,0,1,51,967
0,0,1,52,966
0,0,1,53,947
0,0,1,54,965
0,0,1,55,976
0,0,1,56,979
0,0,1,57,974
0,0,1,58,995
0,0,1,59,979
0,0,1,60,990
0,0,1,61,976
0,0,1,62,967
0,0,1,63,972
0,0,2,0,964
0,0,2,1,994
0,0,2,2,975
0,0,2,3,980
0,0,2,4,987
0,0,2,5,996
0,0,2,6,973
0,0,2,7,974
0,0,2,8,963
0,0,2,9,994
0,0,2,10,978
0,0,2,11,967
0,0,2,12,968
0,0,2,13,984
0,0,2,14,970
0,0,2,15,962
0,0,2,16,972
0,0,2,17,973
0,0,2,18,965
0,0,2,19,962
0,0,2,20,977
0,0,2,21,973
0,0,2,22,970
0,0,2,23,986
0,0,2,24,1001
0,0,2,25,986
0,0,2,26,980
0,0,2,27,968
0,0,2,28,971
0,0,2,29,938
0,0,2,30,975
0,0,2,31,967
0,0,2,32,965
0,0,2,33,969
0,0,2,34,948
0,0,2,35,983
0,0,2,36,991
0,0,2,37,988
0,0,2,38,966
0,0,2,39,973
0,0,2,40,964
0,0,2,41,963
0,0,2,42,963
0,0,2,43,971
0,0,2,44,972
0,0,2,45,977
0,0,2,46,966
0,0,2,47,1012
0,0,2,48,975
0,0,2,49,973
0,0,2,50,973
0,0,2,51,974
0,0,2,52,982
0,0,2,53,981
0,0,2,54,968
0,0,2,55,963
0,0,2,56,970
0,0,2,57,966
0,0,2,58,958
0,0,2,59,951
0,0,2,60,966
0,0,2,61,948
0,0,2,62,995
0,0,2,63,973
0,1,2,0,1008
0,1,2,1,1046
0,1,2,2,1013
0,1,2,3,1008
0,1,2,4,1032
0,1,2,5,984
0,1,2,6,1005
0,1,2,7,1013
0,1,2,8,1015
0,1,2,9,992
0,1,2,10,996
0,1,2,11,1004
0,1,2,12,994
0,1,2,13,997
0,1,2,14,979
0,1,2,15,988
0,1,2,16,986
0,1,2,17,1021
0,1,2,18,1019
0,1,2,19,995
0,1,2,20,1004
0,1,2,21,1029
0,1,2,22,1016
0,1,2,23,991
0,1,2,24,1012
0,1,2,25,1024
0,1,2,26,989
0,1,2,27,1030
0,1,2,28,1023
0,1,2,29,1018
0,1,2,30,998
0,1,2,31,981
0,1,2,32,997
0,1,2,33,990
0,1,2,34,1011
0,1,2,35,999
0,1,2,36,989
0,1,2,37,1003
0,1,2,38,991
0,1,2,39,1014
0,1,2,40,992
0,1,2,41,1004
0,1,2,42,981
0,1,2,43,1008
0,1,2,44,990
0,1,2,45,1009
0,1,2,46,1006
0,1,2,47,1002
0,1,2,48,1019
0,1,2,49,990
0,1,2,50,1001
0,1,2,51,1020
0,1,2,52,1050
0,1,2,53,1022
0,1,2,54,999
0,1,2,55,992
0,1,2,56,987
0,1,2,57,1013
0,1,2,58,996
0,1,2,59,1015
0,1,2,60,1012
0,1,2,61,1005
0,1,2,62,1013
0,1,2,63,1002
0,1,3,0,1003
0,1,3,1,991
0,1,3,2,1010
0,1,3,3,986
0,1,3,4,1004
0,1,3,5,1003
0,1,3,6,1006
0,1,3,7,1011
0,1,3,8,1003
0,1,3,9,997
0,1,3,10,1006
0,1,3,11,999
0,1,3,12,1007
0,1,3,13,998
0,1,3,14,985
0,1,3,15,994
0,1,3,16,1003
0,1,3,17,979
0,1,3,18,998
0,1,3,19,989
0,1,3,20,1002
0,1,3,21,1009
0,1,3,22,991
0,1,3,23,993
0,1,3,24,1012
0,1,3,25,984
0,1,3,26,1021
0,1,3,27,1009
0,1,3,28,997
0,1,3,29,1020
0,1,3,30,1005
0,1,3,31,966
0,1,3,32,980
0,1,3,33,1011
0,1,3,34,1003
0,1,3,35,1013
0,1,3,36,1003
0,1,3,37,995
0,1,3,38,1012
0,1,3,39,993
0,1,3,40,1005
0,1,3,41,999
0,1,3,42,1008
0,1,3,43,977
0,1,3,44,1001
0,1,3,45,1001
0,1,3,46,1014
0,1,3,47,1002
0,1,3,48,1009
0,1,3,49,1018
0,1,3,50,999
0,1,3,51,992
0,1,3,52,1003
0,1,3,53,1011
0,1,3,54,994
0,1,3,55,995
0,1,3,56,1008
0,1,3,57,1003
0,1,3,58,1000
0,1,3,59,1003
0,1,3,60,993
0,1,3,61,1006
0,1,3,62,1006
0,1,3,63,976
0,0,3,0,965
0,0,3,1,998
0,0,3,2,1012
0,0,3,3,1000
0,0,3,4,980
0,0,3,5,961
0,0,3,6,960
0,0,3,7,967
0,0,3,8,967
0,0,3,9,977
0,0,3,10,972
0,0,3,11,981
0,0,3,12,975
0,0,3,13,963
0,0,3,14,950
0,0,3,15,961
0,0,3,16,959
0,0,3,17,957
0,0,3,18,947
0,0,3,19,951
0,0,3,20,984
0,0,3,21,966
0,0,3,22,968
0,0,3,23,955
0,0,3,24,959
0,0,3,25,974
0,0,3,26,961
0,0,3,27,986
0,0,3,28,960
0,0,3,29,960
0,0,3,30,943
0,0,3,31,946
0,0,3,32,956
0,0,3,33,948
0,0,3,34,968
0,0,3,35,981
0,0,3,36,967
0,0,3,37,963
0,0,3,38,972
0,0,3,39,988
0,0,3,40,1001
0,0,3,41,989
0,0,3,42,970
0,0,3,43,997
0,0,3,44,973
0,0,3,45,993
0,0,3,46,980
0,0,3,47,990
0,0,3,48,989
0,0,3,49,997
0,0,3,50,991
0,0,3,51,962
0,0,3,52,1000
0,0,3,53,989
0,0,3,54,981
0,0,3,55,990
0,0,3,56,985
0,0,3,57,983
0,0,3,58,994
0,0,3,59,978
0,0,3,60,986
0,0,3,61,986
0,0,3,62,969
0,0,3,63,975
0,0,4,0,957
0,0,4,1,963
0,0,4,2,990
0,0,4,3,988
0,0,4,4,997
0,0,4,5,967
0,0,4,6,977
0,0,4,7,972
0,0,4,8,957
0,0,4,9,956
0,0,4,10,968
0,0,4,11,953
0,0,4,12,941
0,0,4,13,960
0,0,4,14,953
0,0,4,15,974
0,0,4,16,980
0,0,4,17,955
0,0,4,18,986
0,0,4,19,968
0,0,4,20,959
0,0,4,21,959
0,0,4,22,939
0,0,4,23,961
0,0,4,24,964
0,0,4,25,961
0,0,4,26,958
0,0,4,27,954
0,0,4,28,974
0,0,4,29,957
0,0,4,30,974
0,0,4,31,970
0,0,4,32,969
0,0,4,33,988
0,0,4,34,968
0,0,4,35,977
0,0,4,36,977
0,0,4,37,946
0,0,4,38,975
0,0,4,39,987
0,0,4,40,995
0,0,4,41,1007
0,0,4,42,983
0,0,4,43,972
0,0,4,44,977
0,0,4,45,977
0,0,4,46,993
0,0,4,47,985
0,0,4,48,977
0,0,4,49,953
0,0,4,50,969
0,0,4,51,993
0,0,4,52,968
0,0,4,53,984
0,0,4,54,971
0,0,4,55,954
0,0,4,56,962
0,0,4,57,981
0,0,4,58,965
0,0,4,59,976
0,0,4,60,950
0,0,4,61,954
0,0,4,62,974
0,0,4,63,950
0,1,4,0,970
0,1,4,1,1037
0,1,4,2,1008
0,1,4,3,1019
0,1,4,4,1041
0,1,4,5,1007
0,1,4,6,989
0,1,4,7,1005
0,1,4,8,1000
0,1,4,9,1010
0,1,4,10,1004
0,1,4,11,1015
0,1,4,12,1016
0,1,4,13,990
0,1,4,14,998
0,1,4,15,999
0,1,4,16,1006
0,1,4,17,992
0,1,4,18,988
0,1,4,19,1009
0,1,4,20,1003
0,1,4,21,999
0,1,4,22,979
0,1,4,23,1007
0,1,4,24,1012
0,1,4,25,999
0,1,4,26,992
0,1,4,27,1006
0,1,4,28,997
0,1,4,29,1001
0,1,4,30,993
0,1,4,31,990
0,1,4,32,998
0,1,4,33,992
0,1,4,34,1005
0,1,4,35,1000
0,1,4,36,1006
0,1,4,37,1008
0,1,4,38,991
0,1,4,39,1012
0,1,4,40,1018
0,1,4,41,996
0,1,4,42,982
0,1,4,43,999
0,1,4,44,1009
0,1,4,45,1027
0,1,4,46,1005
0,1,4,47,987
0,1,4,48,980
0,1,4,49,1007
0,1,4,50,1008
0,1,4,51,992
0,1,4,52,1005
0,1,4,53,991
0,1,4,54,1009
0,1,4,55,1017
0,1,4,56,1005
0,1,4,57,1020
0,1,4,58,1004
0,1,4,59,996
0,1,4,60,1024
0,1,4,61,1004
0,1,4,62,1001
0,1,4,63,1013
0,1,5,0,991
0,1,5,1,971
0,1,5,2,1019
0,1,5,3,1003
0,1,5,4,990
0,1,5,5,1012
0,1,5,6,991
0,1,5,7,1012
0,1,5,8,990
0,1,5,9,1005
0,1,5,10,995
0,1,5,11,1003
0,1,5,12,1017
0,1,5,13,1013
0,1,5,14,1012
0,1,5,15,976
0,1,5,16,984
0,1,5,17,1018
0,1,5,18,1019
0,1,5,19,1001
0,1,5,20,998
0,1,5,21,1003
0,1,5,22,996
0,1,5,23,996
0,1,5,24,1004
0,1,5,25,1003
0,1,5,26,1013
0,1,5,27,1007
0,1,5,28,1006
0,1,5,29,1001
0,1,5,30,993
0,1,5,31,993
0,1,5,32,996
0,1,5,33,993
0,1,5,34,1026
0,1,5,35,1024
0,1,5,36,981
0,1,5,37,1001
0,1,5,38,999
0,1,5,39,993
0,1,5,40,999
0,1,5,41,1009
0,1,5,42,999
0,1,5,43,999
0,1,5,44,1012
0,1,5,45,997
0,1,5,46,1007
0,1,5,47,1018
0,1,5,48,1015
0,1,5,49,1001
0,1,5,50,1021
0,1,5,51,1024
0,1,5,52,1015
0,1,5,53,998
0,1,5,54,999
0,1,5,55,1024
0,1,5,56,1012
0,1,5,57,1001
0,1,5,58,1002
0,1,5,59,1010
0,1,5,60,1003
0,1,5,61,1006
0,1,5,62,1028
0,1,5,63,987
0,0,5,0,968
0,0,5,1,983
0,0,5,2,1000
0,0,5,3,1009
0,0,5,4,983
0,0,5,5,983
0,0,5,6,960
0,0,5,7,955
0,0,5,8,968
0,0,5,9,966
0,0,5,10,941
0,0,5,11,949
0,0,5,12,965
0,0,5,13,953
0,0,5,14,953
0,0,5,15,971
0,0,5,16,966
0,0,5,17,968
0,0,5,18,954
0,0,5,19,973
0,0,5,20,973
0,0,5,21,973
0,0,5,22,979
0,0,5,23,969
0,0,5,24,976
0,0,5,25,986
0,0,5,26,976
0,0,5,27,974
0,0,5,28,960
0,0,5,29,983
0,0,5,30,992
0,0,5,31,983
0,0,5,32,961
0,0,5,33,947
0,0,5,34,971
0,0,5,35,971
0,0,5,36,976
0,0,5,37,981
0,0,5,38,972
0,0,5,39,1002
0,0,5,40,970
0,0,5,41,979
0,0,5,42,981
0,0,5,43,1002
0,0,5,44,966
0,0,5,45,955
0,0,5,46,952
0,0,5,47,978
0,0,5,48,976
0,0,5,49,978
0,0,5,50,975
0,0,5,51,964
0,0,5,52,969
0,0,5,53,961
0,0,5,54,977
0,0,5,55,957
0,0,5,56,951
0,0,5,57,963
0,0,5,58,972
0,0,5,59,997
0,0,5,60,955
0,0,5,61,967
0,0,5,62,988
0,0,5,63,965
0,0,6,0,968
0,0,6,1,969
0,0,6,2,951
0,0,6,3,968
0,0,6,4,958
0,0,6,5,971
0,0,6,6,977
0,0,6,7,974
0,0,6,8,979
0,0,6,9,976
0,0,6,10,985
0,0,6,11,961
0,0,6,12,957
0,0,6,13,959
0,0,6,14,957
0,0,6,15,994
0,0,6,16,982
0,0,6,17,956
0,0,6,18,982
0,0,6,19,997
0,0,6,20,971
0,0,6,21,976
0,0,6,22,952
0,0,6,23,965
0,0,6,24,975
0,0,6,25,987
0,0,6,26,988
0,0,6,27,965
0,0,6,28,976
0,0,6,29,973
0,0,6,30,988
0,0,6,31,983
0,0,6,32,993
0,0,6,33,986
0,0,6,34,980
0,0,6,35,962
0,0,6,36,970
0,0,6,37,985
0,0,6,38,991
0,0,6,39,985
0,0,6,40,965
0,0,6,41,967
0,0,6,42,949
0,0,6,43,959
0,0,6,44,960
0,0,6,45,987
0,0,6,46,974
0,0,6,47,973
0,0,6,48,972
0,0,6,49,956
0,0,6,50,984
0,0,6,51,964
0,0,6,52,973
0,0,6,53,983
0,0,6,54,955
0,0,6,55,957
0,0,6,56,966
0,0,6,57,968
0,0,6,58,983
0,0,6,59,990
0,0,6,60,993
0,0,6,61,983
0,0,6,62,979
0,0,6,63,960
0,1,6,0,1009
0,1,6,1,1034
0,1,6,2,1032
0,1,6,3,1011
0,1,6,4,1028
0,1,6,5,1000
0,1,6,6,1000
0,1,6,7,994
0,1,6,8,1013
0,1,6,9,975
0,1,6,10,991
0,1,6,11,977
0,1,6,12,999
0,1,6,13,1001
0,1,6,14,986
0,1,6,15,1011
0,1,6,16,984
0,1,6,17,985
0,1,6,18,978
0,1,6,19,984
0,1,6,20,1005
0,1,6,21,1005
0,1,6,22,995
0,1,6,23,987
0,1,6,24,1001
0,1,6,25,991
0,1,6,26,989
0,1,6,27,1018
0,1,6,28,987
0,1,6,29,977
0,1,6,30,983
0,1,6,31,993
0,1,6,32,1000
0,1,6,33,1014
0,1,6,34,999
0,1,6,35,1017
0,1,6,36,985
0,1,6,37,997
0,1,6,38,996
0,1,6,39,1028
0,1,6,40,1001
0,1,6,41,1035
0,1,6,42,998
0,1,6,43,1012
0,1,6,44,1013
0,1,6,45,997
0,1,6,46,992
0,1,6,47,1003
0,1,6,48,1001
0,1,6,49,974
0,1,6,50,998
0,1,6,51,1007
0,1,6,52,997
0,1,6,53,1004
0,1,6,54,1004
0,1,6,55,984
0,1,6,56,992
0,1,6,57,995
0,1,6,58,996
0,1,6,59,1008
0,1,6,60,996
0,1,6,61,1017
0,1,6,62,989
0,1,6,63,1025
0,1,7,0,973
0,1,7,1,990
0,1,7,2,1019
0,1,7,3,969
0,1,7,4,988
0,1,7,5,1061
0,1,7,6,1021
0,1,7,7,1009
0,1,7,8,991
0,1,7,9,989
0,1,7,10,993
0,1,7,11,1001
0,1,7,12,993
0,1,7,13,1023
0,1,7,14,1011
0,1,7,15,1025
0,1,7,16,997
0,1,7,17,1019
0,1,7,18,1027
0,1,7,19,1015
0,1,7,20,1012
0,1,7,21,1023
0,1,7,22,1010
0,1,7,23,1014
0,1,7,24,1000
0,1,7,25,1017
0,1,7,26,1018
0,1,7,27,986
0,1,7,28,991
0,1,7,29,1003
0,1,7,30,981
0,1,7,31,993
0,1,7,32,1001
0,1,7,33,1003
0,1,7,34,1015
0,1,7,35,993
0,1,7,36,1015
0,1,7,37,996
0,1,7,38,996
0,1,7,39,1017
0,1,7,40,1007
0,1,7,41,1006
0,1,7,42,990
0,1,7,43,1020
0,1,7,44,993
0,1,7,45,999
0,1,7,46,999
0,1,7,47,1029
0,1,7,48,1029
0,1,7,49,1003
0,1,7,50,1013
0,1,7,51,1014
0,1,7,52,1004
0,1,7,53,991
0,1,7,54,1005
0,1,7,55,995
0,1,7,56,996
0,1,7,57,1004
0,1,7,58,1015
0,1,7,59,1005
0,1,7,60,996
0,1,7,61,1004
0,1,7,62,1004
0,1,7,63,1008
0,0,7,0,964
0,0,7,1,997
0,0,7,2,987
0,0,7,3,1021
0,0,7,4,982
0,0,7,5,988
0,0,7,6,968
0,0,7,7,979
0,0,7,8,982
0,0,7,9,969
0,0,7,10,974
0,0,7,11,976
0,0,7,12,968
0,0,7,13,969
0,0,7,14,973
0,0,7,15,949
0,0,7,16,958
0,0,7,17,956
0,0,7,18,965
0,0,7,19,956
0,0,7,20,974
0,0,7,21,982
0,0,7,22,986
0,0,7,23,964
0,0,7,24,957
0,0,7,25,980
0,0,7,26,968
0,0,7,27,969
0,0,7,28,950
0,0,7,29,968
0,0,7,30,962
0,0,7,31,948
0,0,7,32,960
0,0,7,33,961
0,0,7,34,954
0,0,7,35,959
0,0,7,36,952
0,0,7,37,960
0,0,7,38,956
0,0,7,39,972
0,0,7,40,958
0,0,7,41,943
0,0,7,42,976
0,0,7,43,959
0,0,7,44,961
0,0,7,45,968
0,0,7,46,973
0,0,7,47,964
0,0,7,48,954
0,0,7,49,943
0,0,7,50,967
0,0,7,51,953
0,0,7,52,952
0,0,7,53,965
0,0,7,54,947
0,0,7,55,957
0,0,7,56,979
0,0,7,57,976
0,0,7,58,965
0,0,7,59,963
0,0,7,60,955
0,0,7,61,958
0,0,7,62,981
0,0,7,63,963
1,0,0,0,1145
1,0,0,1,1163
1,0,0,2,1186
1,0,0,3,1154
1,0,0,4,1186
1,0,0,5,1194
1,0,0,6,1187
1,0,0,7,1169
1,0,0,8,1161
1,0,0,9,1147
1,0,0,10,1150
1,0,0,11,1162
1,0,0,12,1158
1,0,0,13,1164
1,0,0,14,1159
1,0,0,15,1154
1,0,0,16,1171
1,0,0,17,1166
1,0,0,18,1162
1,0,0,19,1150
1,0,0,20,1153
1,0,0,21,1171
1,0,0,22,1150
1,0,0,23,1142
1,0,0,24,1169
1,0,0,25,1157
1,0,0,26,1160
1,0,0,27,1148
1,0,0,28,1150
1,0,0,29,1121
1,0,0,30,1138
1,0,0,31,1151
1,0,0,32,1139
1,0,0,33,1150
1,0,0,34,1151
1,0,0,35,1148
1,0,0,36,1165
1,0,0,37,1169
1,0,0,38,1173
1,0,0,39,1158
1,0,0,40,1158
1,0,0,41,1172
1,0,0,42,1159
1,0,0,43,1146
1,0,0,44,1175
1,0,0,45,1196
1,0,0,46,1176
1,0,0,47,1162
1,0,0,48,1186
1,0,0,49,1151
1,0,0,50,1148
1,0,0,51,1156
1,0,0,52,1158
1,0,0,53,1146
1,0,0,54,1172
1,0,0,55,1165
1,0,0,56,1165
1,0,0,57,1157
1,0,0,58,1171
1,0,0,59,1155
1,0,0,60,1165
1,0,0,61,1169
1,0,0,62,1147
1,0,0,63,1140
1,1,0,0,1191
1,1,0,1,1218
1,1,0,2,1210
1,1,0,3,1204
1,1,0,4,1208
1,1,0,5,1195
1,1,0,6,1198
1,1,0,7,1210
1,1,0,8,1185
1,1,0,9,1208
1,1,0,10,1198
1,1,0,11,1203
1,1,0,12,1192
1,1,0,13,1179
1,1,0,14,1182
1,1,0,15,1191
1,1,0,16,1210
1,1,0,17,1187
1,1,0,18,1184
1,1,0,19,1208
1,1,0,20,1207
1,1,0,21,1177
1,1,0,22,1196
1,1,0,23,1194
1,1,0,24,1201
1,1,0,25,1218
1,1,0,26,1183
1,1,0,27,1197
1,1,0,28,1193
1,1,0,29,1201
1,1,0,30,1171
1,1,0,31,1197
1,1,0,32,1175
1,1,0,33,1210
1,1,0,34,1198
1,1,0,35,1199
1,1,0,36,1203
1,1,0,37,1191
1,1,0,38,1202
1,1,0,39,1193
1,1,0,40,1193
1,1,0,41,1187
1,1,0,42,1188
1,1,0,43,1185
1,1,0,44,1186
1,1,0,45,1178
1,1,0,46,1187
1,1,0,47,1204
1,1,0,48,1204
1,1,0,49,1195
1,1,0,50,1176
1,1,0,51,1169
1,1,0,52,1215
1,1,0,53,1204
1,1,0,54,1195
1,1,0,55,1194
1,1,0,56,1189
1,1,0,57,1224
1,1,0,58,1190
1,1,0,59,1188
1,1,0,60,1193
1,1,0,61,1192
1,1,0,62,1195
1,1,0,63,1192
1,1,1,0,1155
1,1,1,1,1183
1,1,1,2,1195
1,1,1,3,1180
1,1,1,4,1168
1,1,1,5,1170
1,1,1,6,1185
1,1,1,7,1203
1,1,1,8,1197
1,1,1,9,1181
1,1,1,10,1180
1,1,1,11,1193
1,1,1,12,1193
1,1,1,13,1189
1,1,1,14,1186
1,1,1,15,1201
1,1,1,16,1181
1,1,1,17,1183
1,1,1,18,1188
1,1,1,19,1192
1,1,1,20,1197
1,1,1,21,1200
1,1,1,22,1174
1,1,1,23,1190
1,1,1,24,1186
1,1,1,25,1228
1,1,1,26,1190
1,1,1,27,1209
1,1,1,28,1201
1,1,1,29,1207
1,1,1,30,1213
1,1,1,31,1206
1,1,1,32,1180
1,1,1,33,1187
1,1,1,34,1200
1,1,1,35,1194
1,1,1,36,1203
1,1,1,37,1188
1,1,1,38,1190
1,1,1,39,1199
1,1,1,40,1191
1,1,1,41,1206
1,1,1,42,1213
1,1,1,43,1198
1,1,1,44,1211
1,1,1,45,1202
1,1,1,46,1196
1,1,1,47,1215
1,1,1,48,1196
1,1,1,49,1192
1,1,1,50,1212
1,1,1,51,1203
1,1,1,52,1193
1,1,1,53,1210
1,1,1,54,1189
1,1,1,55,1200
1,1,1,56,1194
1,1,1,57,1180
1,1,1,58,1173
1,1,1,59,1195
1,1,1,60,1185
1,1,1,61,1198
1,1,1,62,1194
1,1,1,63,1194
1,0,1,0,1155
1,0,1,1,1208
1,0,1,2,1179
1,0,1,3,1175
1,0,1,4,1171
1,0,1,5,1144
1,0,1,6,1160
1,0,1,7,1155
1,0,1,8,1201
1,0,1,9,1150
1,0,1,10,1180
1,0,1,11,1163
1,0,1,12,1179
1,0,1,13,1140
1,0,1,14,1144
1,0,1,15,1162
1,0,1,16,1168
1,0,1,17,1171
1,0,1,18,1173
1,0,1,19,1169
1,0,1,20,1152
1,0,1,21,1167
1,0,1,22,1149
1,0,1,23,1159
1,0,1,24,1146
1,0,1,25,1153
1,0,1,26,1167
1,0,1,27,1159
1,0,1,28,1170
1,0,1,29,1163
1,0,1,30,1166
1,0,1,31,1179
1,0,1,32,1196
1,0,1,33,1169
1,0,1,34,1143
1,0,1,35,1153
1,0,1,36,1168
1,0,1,37,1160
1,0,1,38,1149
1,0,1,39,1148
1,0,1,40,1164
1,0,1,41,1184
1,0,1,42,1170
1,0,1,43,1163
1,0,1,44,1179
1,0,1,45,1191
1,0,1,46,1166
1,0,1,47,1159
1,0,1,48,1175
1,0,1,49,1162
1,0,1,50,1146
1,0,1,51,1151
1,0,1,52,1179
1,0,1,53,1172
1,0,1,54,1176
1,0,1,55,1171
1,0,1,56,1190
1,0,1,57,1192
1,0,1,58,1179
1,0,1,59,1144
1,0,1,60,1148
1,0,1,61,1168
1,0,1,62,1145
1,0,1,63,1147
1,0,2,0,1146
1,0,2,1,1142
1,0,2,2,1166
1,0,2,3,1165
1,0,2,4,1169
1,0,2,5,1197
1,0,2,6,1163
1,0,2,7,1166
1,0,2,8,1163
1,0,2,9,1148
1,0,2,10,1153
1,0,2,11,1177
1,0,2,12,1159
1,0,2,13,1152
1,0,2,14,1148
1,0,2,15,1157
1,0,2,16,1152
1,0,2,17,1157
1,0,2,18,1158
1,0,2,19,1134
1,0,2,20,1168
1,0,2,21,1154
1,0,2,22,1153
1,0,2,23,1175
1,0,2,24,1172
1,0,2,25,1157
1,0,2,26,1160
1,0,2,27,1166
1,0,2,28,1159
1,0,2,29,1181
1,0,2,30,1177
1,0,2,31,1184
1,0,2,32,1178
1,0,2,33,1190
1,0,2,34,1172
1,0,2,35,1169
1,0,2,36,1163
1,0,2,37,1127
1,0,2,38,1158
1,0,2,39,1181
1,0,2,40,1182
1,0,2,41,1198
1,0,2,42,1167
1,0,2,43,1174
1,0,2,44,1172
1,0,2,45,1157
1,0,2,46,1165
1,0,2,47,1165
1,0,2,48,1164
1,0,2,49,1174
1,0,2,50,1179
1,0,2,51,1176
1,0,2,52,1183
1,0,2,53,1194
1,0,2,54,1179
1,0,2,55,1169
1,0,2,56,1179
1,0,2,57,1151
1,0,2,58,1169
1,0,2,59,1167
1,0,2,60,1157
1,0,2,61,1135
1,0,2,62,1176
1,0,2,63,1143
1,1,2,0,1203
1,1,2,1,1221
1,1,2,2,1221
1,1,2,3,1220
1,1,2,4,1218
1,1,2,5,1178
1,1,2,6,1148
1,1,2,7,1198
1,1,2,8,1182
1,1,2,9,1183
1,1,2,10,1190
1,1,2,11,1204
1,1,2,12,1189
1,1,2,13,1199
1,1,2,14,1194
1,1,2,15,1193
1,1,2,16,1190
1,1,2,17,1180
1,1,2,18,1182
1,1,2,19,1185
1,1,2,20,1157
1,1,2,21,1200
1,1,2,22,1201
1,1,2,23,1194
1,1,2,24,1183
1,1,2,25,1209
1,1,2,26,1211
1,1,2,27,1204
1,1,2,28,1207
1,1,2,29,1192
1,1,2,30,1185
1,1,2,31,1196
1,1,2,32,1181
1,1,2,33,1212
1,1,2,34,1198
1,1,2,35,1191
1,1,2,36,1211
1,1,2,37,1191
1,1,2,38,1206
1,1,2,39,1187
1,1,2,40,1198
1,1,2,41,1204
1,1,2,42,1192
1,1,2,43,1188
1,1,2,44,1205
1,1,2,45,1193
1,1,2,46,1201
1,1,2,47,1213
1,1,2,48,1200
1,1,2,49,1182
1,1,2,50,1191
1,1,2,51,1159
1,1,2,52,1191
1,1,2,53,1188
1,1,2,54,1174
1,1,2,55,1741
1,1,2,56,1233
1,1,2,57,1194
1,1,2,58,1185
1,1,2,59,1179
1,1,2,60,1177
1,1,2,61,1198
1,1,2,62,1185
1,1,2,63,1195
1,1,3,0,1172
1,1,3,1,1200
1,1,3,2,1219
1,1,3,3,1228
1,1,3,4,1214
1,1,3,5,1207
1,1,3,6,1177
1,1,3,7,1206
1,1,3,8,1187
1,1,3,9,1212
1,1,3,10,1189
1,1,3,11,1200
1,1,3,12,1223
1,1,3,13,1201
1,1,3,14,1199
1,1,3,15,1204
1,1,3,16,1184
1,1,3,17,1198
1,1,3,18,1194
1,1,3,19,1190
1,1,3,20,1183
1,1,3,21,1189
1,1,3,22,1202
1,1,3,23,1210
1,1,3,24,1184
1,1,3,25,1201
1,1,3,26,1206
1,1,3,27,1185
1,1,3,28,1205
1,1,3,29,1179
1,1,3,30,1201
1,1,3,31,1207
1,1,3,32,1200
1,1,3,33,1213
1,1,3,34,1194
1,1,3,35,1186
1,1,3,36,1199
1,1,3,37,1186
1,1,3,38,1221
1,1,3,39,1199
1,1,3,40,1190
1,1,3,41,1194
1,1,3,42,1198
1,1,3,43,1204
1,1,3,44,1178
1,1,3,45,1195
1,1,3,46,1202
1,1,3,47,1210
1,1,3,48,1202
1,1,3,49,1202
1,1,3,50,1158
1,1,3,51,1201
1,1,3,52,1199
1,1,3,53,1192
1,1,3,54,1213
1,1,3,55,1192
1,1,3,56,1191
1,1,3,57,1191
1,1,3,58,1194
1,1,3,59,1187
1,1,3,60,1209
1,1,3,61,1193
1,1,3,62,1190
1,1,3,63,1210
1,0,3,0,1185
1,0,3,1,1205
1,0,3,2,1164
1,0,3,3,1178
1,0,3,4,1156
1,0,3,5,1157
1,0,3,6,1157
1,0,3,7,1169
1,0,3,8,1152
1,0,3,9,1148
1,0,3,10,1172
1,0,3,11,1168
1,0,3,12,1185
1,0,3,13,1152
1,0,3,14,1157
1,0,3,15,1166
1,0,3,16,1145
1,0,3,17,1164
1,0,3,18,1157
1,0,3,19,1158
1,0,3,20,1133
1,0,3,21,1160
1,0,3,22,1148
1,0,3,23,1136
1,0,3,24,1145
1,0,3,25,1157
1,0,3,26,1153
1,0,3,27,1181
1,0,3,28,1163
1,0,3,29,1165
1,0,3,30,1153
1,0,3,31,1171
1,0,3,32,1180
1,0,3,33,1163
1,0,3,34,1152
1,0,3,35,1156
1,0,3,36,1161
1,0,3,37,1137
1,0,3,38,1168
1,0,3,39,1148
1,0,3,40,1160
1,0,3,41,1164
1,0,3,42,1146
1,0,3,43,1152
1,0,3,44,1148
1,0,3,45,1147
1,0,3,46,1154
1,0,3,47,1163
1,0,3,48,1142
1,0,3,49,1165
1,0,3,50,1166
1,0,3,51,1155
1,0,3,52,1147
1,0,3,53,1158
1,0,3,54,1160
1,0,3,55,1144
1,0,3,56,1138
1,0,3,57,1156
1,0,3,58,1171
1,0,3,59,1153
1,0,3,60,1150
1,0,3,61,1157
1,0,3,62,1152
1,0,3,63,1148
1,0,4,0,1158
1,0,4,1,1171
1,0,4,2,1162
1,0,4,3,1165
1,0,4,4,1156
1,0,4,5,1156
1,0,4,6,1147
1,0,4,7,1159
1,0,4,8,1149
1,0,4,9,1174
1,0,4,10,1151
1,0,4,11,1160
1,0,4,12,1154
1,0,4,13,1141
1,0,4,14,1172
1,0,4,15,1155
1,0,4,16,1169
1,0,4,17,1165
1,0,4,18,1140
1,0,4,19,1130
1,0,4,20,1135
1,0,4,21,1148
1,0,4,22,1148
1,0,4,23,1146
1,0,4,24,1122
1,0,4,25,1135
1,0,4,26,1165
1,0,4,27,1158
1,0,4,28,1182
1,0,4,29,1148
1,0,4,30,1156
1,0,4,31,1152
1,0,4,32,1164
1,0,4,33,1161
1,0,4,34,1161
1,0,4,35,1150
1,0,4,36,1168
1,0,4,37,1158
1,0,4,38,1157
1,0,4,39,1162
1,0,4,40,1153
1,0,4,41,1134
1,0,4,42,1150
1,0,4,43,1175
1,0,4,44,1148
1,0,4,45,1160
1,0,4,46,1162
1,0,4,47,1161
1,0,4,48,1153
1,0,4,49,1136
1,0,4,50,1175
1,0,4,51,1169
1,0,4,52,1179
1,0,4,53,1177
1,0,4,54,1164
1,0,4,55,1156
1,0,4,56,1151
1,0,4,57,1156
1,0,4,58,1189
1,0,4,59,1136
1,0,4,60,1142
1,0,4,61,1126
1,0,4,62,1158
1,0,4,63,1167
1,1,4,0,1204
1,1,4,1,1214
1,1,4,2,1208
1,1,4,3,1191
1,1,4,4,1220
1,1,4,5,1202
1,1,4,6,1201
1,1,4,7,1191
1,1,4,8,1204
1,1,4,9,1199
1,1,4,10,1201
1,1,4,11,1202
1,1,4,12,1196
1,1,4,13,1192
1,1,4,14,1170
1,1,4,15,1182
1,1,4,16,1195
1,1,4,17,1211
1,1,4,18,1178
1,1,4,19,1217
1,1,4,20,1187
1,1,4,21,1200
1,1,4,22,1197
1,1,4,23,1211
1,1,4,24,1195
1,1,4,25,1203
1,1,4,26,1202
1,1,4,27,1192
1,1,4,28,1179
1,1,4,29,1188
1,1,4,30,1217
1,1,4,31,1172
1,1,4,32,1202
1,1,4,33,1187
1,1,4,34,1217
1,1,4,35,1210
1,1,4,36,1181
1,1,4,37,1195
1,1,4,38,1193
1,1,4,39,1209
1,1,4,40,1203
1,1,4,41,1192
1,1,4,42,1199
1,1,4,43,1198
1,1,4,44,1189
1,1,4,45,1194
1,1,4,46,1182
1,1,4,47,1189
1,1,4,48,1195
1,1,4,49,1209
1,1,4,50,1196
1,1,4,51,1192
1,1,4,52,1191
1,1,4,53,1211
1,1,4,54,1197
1,1,4,55,1214
1,1,4,56,1203
1,1,4,57,1198
1,1,4,58,1207
1,1,4,59,1217
1,1,4,60,1189
1,1,4,61,1176
1,1,4,62,1215
1,1,4,63,1177
1,1,5,0,1196
1,1,5,1,1187
1,1,5,2,1190
1,1,5,3,1188
1,1,5,4,1213
1,1,5,5,1204
1,1,5,6,1197
1,1,5,7,1172
1,1,5,8,1178
1,1,5,9,1193
1,1,5,10,1190
1,1,5,11,1193
1,1,5,12,1186
1,1,5,13,1195
1,1,5,14,1183
1,1,5,15,1174
1,1,5,16,1187
1,1,5,17,1203
1,1,5,18,1205
1,1,5,19,1186
1,1,5,20,1189
1,1,5,21,1211
1,1,5,22,1184
1,1,5,23,1204
1,1,5,24,1199
1,1,5,25,1199
1,1,5,26,1193
1,1,5,27,1182
1,1,5,28,1201
1,1,5,29,1200
1,1,5,30,1177
1,1,5,31,1196
1,1,5,32,1191
1,1,5,33,1175
1,1,5,34,1190
1,1,5,35,1185
1,1,5,36,1175
1,1,5,37,1195
1,1,5,38,1188
1,1,5,39,1210
1,1,5,40,1171
1,1,5,41,1208
1,1,5,42,1214
1,1,5,43,1182
1,1,5,44,1200
1,1,5,45,1205
1,1,5,46,1214
1,1,5,47,1194
1,1,5,48,1196
1,1,5,49,1231
1,1,5,50,1187
1,1,5,51,1207
1,1,5,52,1189
1,1,5,53,1184
1,1,5,54,1189
1,1,5,55,1201
1,1,5,56,1177
1,1,5,57,1199
1,1,5,58,1190
1,1,5,59,1213
1,1,5,60,1204
1,1,5,61,1204
1,1,5,62,1190
1,1,5,63,1202
1,0,5,0,1178
1,0,5,1,1208
1,0,5,2,1192
1,0,5,3,1157
1,0,5,4,1177
1,0,5,5,1151
1,0,5,6,1170
1,0,5,7,1149
1,0,5,8,1160
1,0,5,9,1151
1,0,5,10,1151
1,0,5,11,1169
1,0,5,12,1166
1,0,5,13,1163
1,0,5,14,1152
1,0,5,15,1135
1,0,5,16,1163
1,0,5,17,1157
1,0,5,18,1153
1,0,5,19,1186
1,0,5,20,1183
1,0,5,21,1185
1,0,5,22,1192
1,0,5,23,1168
1,0,5,24,1168
1,0,5,25,1158
1,0,5,26,1157
1,0,5,27,1142
1,0,5,28,1158
1,0,5,29,1155
1,0,5,30,1144
1,0,5,31,1168
1,0,5,32,1170
1,0,5,33,1161
1,0,5,34,1181
1,0,5,35,1158
1,0,5,36,1178
1,0,5,37,1181
1,0,5,38,1171
1,0,5,39,1145
1,0,5,40,1182
1,0,5,41,1152
1,0,5,42,1151
1,0,5,43,1166
1,0,5,44,1148
1,0,5,45,1139
1,0,5,46,1146
1,0,5,47,1151
1,0,5,48,1157
1,0,5,49,1170
1,0,5,50,1161
1,0,5,51,1179
1,0,5,52,1156
1,0,5,53,1141
1,0,5,54,1161
1,0,5,55,1164
1,0,5,56,1173
1,0,5,57,1150
1,0,5,58,1160
1,0,5,59,1149
1,0,5,60,1158
1,0,5,61,1157
1,0,5,62,1158
1,0,5,63,1149
1,0,6,0,1188
1,0,6,1,1173
1,0,6,2,1145
1,0,6,3,1162
1,0,6,4,1167
1,0,6,5,1149
1,0,6,6,1151
1,0,6,7,1162
1,0,6,8,1165
1,0,6,9,1164
1,0,6,10,1167
1,0,6,11,1173
1,0,6,12,1167
1,0,6,13,1159
1,0,6,14,1155
1,0,6,15,1154
1,0,6,16,1167
1,0,6,17,1183
1,0,6,18,1170
1,0,6,19,1166
1,0,6,20,1141
1,0,6,21,1157
1,0,6,22,1159
1,0,6,23,1149
1,0,6,24,1155
1,0,6,25,1166
1,0,6,26,1156
1,0,6,27,1159
1,0,6,28,1177
1,0,6,29,1161
1,0,6,30,1169
1,0,6,31,1195
1,0,6,32,1161
1,0,6,33,1154
1,0,6,34,1161
1,0,6,35,1153
1,0,6,36,1157
1,0,6,37,1188
1,0,6,38,1168
1,0,6,39,1143
1,0,6,40,1168
1,0,6,41,1158
1,0,6,42,1150
1,0,6,43,1162
1,0,6,44,1157
1,0,6,45,1167
1,0,6,46,1148
1,0,6,47,1162
1,0,6,48,1142
1,0,6,49,1155
1,0,6,50,1131
1,0,6,51,1165
1,0,6,52,1137
1,0,6,53,1143
1,0,6,54,1145
1,0,6,55,1168
1,0,6,56,1158
1,0,6,57,1168
1,0,6,58,1173
1,0,6,59,1160
1,0,6,60,1155
1,0,6,61,1183
1,0,6,62,1175
1,0,6,63,1172
1,1,6,0,1190
1,1,6,1,1221
1,1,6,2,1215
1,1,6,3,1232
1,1,6,4,1220
1,1,6,5,1182
1,1,6,6,1216
1,1,6,7,1188
1,1,6,8,1190
1,1,6,9,1208
1,1,6,10,1224
1,1,6,11,1212
1,1,6,12,1211
1,1,6,13,1209
1,1,6,14,1199
1,1,6,15,1206
1,1,6,16,1185
1,1,6,17,1204
1,1,6,18,1204
1,1,6,19,1195
1,1,6,20,1198
1,1,6,21,1211
1,1,6,22,1199
1,1,6,23,1209
1,1,6,24,1206
1,1,6,25,1185
1,1,6,26,1190
1,1,6,27,1193
1,1,6,28,1172
1,1,6,29,1177
1,1,6,30,1175
1,1,6,31,1189
1,1,6,32,1189
1,1,6,33,1185
1,1,6,34,1204
1,1,6,35,1181
1,1,6,36,1179
1,1,6,37,1223
1,1,6,38,1187
1,1,6,39,1206
1,1,6,40,1216
1,1,6,41,2157
1,1,6,42,1186
1,1,6,43,1179
1,1,6,44,1207
1,1,6,45,1213
1,1,6,46,1199
1,1,6,47,1207
1,1,6,48,1193
1,1,6,49,1200
1,1,6,50,1225
1,1,6,51,1207
1,1,6,52,1176
1,1,6,53,1197
1,1,6,54,1211
1,1,6,55,1207
1,1,6,56,1206
1,1,6,57,1190
1,1,6,58,1194
1,1,6,59,1205
1,1,6,60,1215
1,1,6,61,1229
1,1,6,62,1188
1,1,6,63,1196
1,1,7,0,1145
1,1,7,1,1196
1,1,7,2,1180
1,1,7,3,1214
1,1,7,4,1207
1,1,7,5,1211
1,1,7,6,1208
1,1,7,7,1217
1,1,7,8,1207
1,1,7,9,1204
1,1,7,10,1198
1,1,7,11,1206
1,1,7,12,1201
1,1,7,13,1208
1,1,7,14,1194
1,1,7,15,1218
1,1,7,16,1202
1,1,7,17,1225
1,1,7,18,1199
1,1,7,19,1198
1,1,7,20,1223
1,1,7,21,1207
1,1,7,22,1194
1,1,7,23,1192
1,1,7,24,1178
1,1,7,25,1197
1,1,7,26,1194
1,1,7,27,1201
1,1,7,28,1190
1,1,7,29,1193
1,1,7,30,1208
1,1,7,31,1227
1,1,7,32,1215
1,1,7,33,1208
1,1,7,34,1199
1,1,7,35,1215
1,1,7,36,1184
1,1,7,37,1195
1,1,7,38,1211
1,1,7,39,1194
1,1,7,40,1189
1,1,7,41,1203
1,1,7,42,1183
1,1,7,43,1216
1,1,7,44,1202
1,1,7,45,1211
1,1,7,46,1165
1,1,7,47,1190
1,1,7,48,1196
1,1,7,49,1207
1,1,7,50,1174
1,1,7,51,1193
1,1,7,52,1196
1,1,7,53,1197
1,1,7,54,1193
1,1,7,55,1192
1,1,7,56,1203
1,1,7,57,1186
1,1,7,58,1186
1,1,7,59,1167
1,1,7,60,1191
1,1,7,61,1179
1,1,7,62,1201
1,1,7,63,1186
1,0,7,0,1164
1,0,7,1,1205
1,0,7,2,1170
1,0,7,3,1181
1,0,7,4,1161
1,0,7,5,1155
1,0,7,6,1168
1,0,7,7,1150
1,0,7,8,1143
1,0,7,9,1173
1,0,7,10,1165
1,0,7,11,1160
1,0,7,12,1169
1,0,7,13,1185
1,0,7,14,1171
1,0,7,15,1155
1,0,7,16,1158
1,0,7,17,1171
1,0,7,18,1170
1,0,7,19,1160
1,0,7,20,1147
1,0,7,21,1167
1,0,7,22,1148
1,0,7,23,1158
1,0,7,24,1164
1,0,7,25,1149
1,0,7,26,1143
1,0,7,27,1148
1,0,7,28,1136
1,0,7,29,1170
1,0,7,30,1164
1,0,7,31,1148
1,0,7,32,1137
1,0,7,33,1164
1,0,7,34,1174
1,0,7,35,1129
1,0,7,36,1146
1,0,7,37,1182
1,0,7,38,1164
1,0,7,39,1165
1,0,7,40,1141
1,0,7,41,1155
1,0,7,42,1154
1,0,7,43,1144
1,0,7,44,1159
1,0,7,45,1153
1,0,7,46,1147
1,0,7,47,1158
1,0,7,48,1166
1,0,7,49,1149
1,0,7,50,1150
1,0,7,51,1165
1,0,7,52,1175
1,0,7,53,1170
1,0,7,54,1142
1,0,7,55,1157
1,0,7,56,1161
1,0,7,57,1144
1,0,7,58,1158
1,0,7,59,1148
1,0,7,60,1159
1,0,7,61,1151
1,0,7,62,1150
1,0,7,63,1160
2,0,0,0,19656
2,0,0,1,19351
2,0,0,2,19595
2,0,0,3,19472
2,0,0,4,19331
2,0,0,5,19308
2,0,0,6,19291
2,0,0,7,19133
2,0,0,8,19612
2,0,0,9,19762
2,0,0,10,19409
2,0,0,11,19254
2,0,0,12,19281
2,0,0,13,19299
2,0,0,14,19252
2,0,0,15,19392
2,0,0,16,19420
2,0,0,17,19622
2,0,0,18,19190
2,0,0,19,19260
2,0,0,20,19288
2,0,0,21,19212
2,0,0,22,19528
2,0,0,23,19538
2,0,0,24,19249
2,0,0,25,19605
2,0,0,26,19237
2,0,0,27,19418
2,0,0,28,19584
2,0,0,29,19422
2,0,0,30,19233
2,0,0,31,19289
2,0,0,32,19212
2,0,0,33,19344
2,0,0,34,19586
2,0,0,35,19203
2,0,0,36,19369
2,0,0,37,19456
2,0,0,38,19366
2,0,0,39,19272
2,0,0,40,19300
2,0,0,41,19217
2,0,0,42,19221
2,0,0,43,19388
2,0,0,44,19879
2,0,0,45,19513
2,0,0,46,19469
2,0,0,47,19318
2,0,0,48,19602
2,0,0,49,19544
2,0,0,50,19346
2,0,0,51,19481
2,0,0,52,19489
2,0,0,53,19410
2,0,0,54,19700
2,0,0,55,19639
2,0,0,56,19478
2,0,0,57,19593
2,0,0,58,19389
2,0,0,59,19424
2,0,0,60,19746
2,0,0,61,19325
2,0,0,62,19601
2,0,0,63,19488
2,1,0,0,19372
2,1,0,1,19468
2,1,0,2,19626
2,1,0,3,19287
2,1,0,4,19539
2,1,0,5,19515
2,1,0,6,19339
2,1,0,7,19584
2,1,0,8,19527
2,1,0,9,19532
2,1,0,10,19517
2,1,0,11,19366
2,1,0,12,19328
2,1,0,13,19514
2,1,0,14,19367
2,1,0,15,19293
2,1,0,16,19483
2,1,0,17,19463
2,1,0,18,19580
2,1,0,19,19390
2,1,0,20,19403
2,1,0,21,19287
2,1,0,22,19295
2,1,0,23,19359
2,1,0,24,19494
2,1,0,25,19537
2,1,0,26,19532
2,1,0,27,19479
2,1,0,28,19520
2,1,0,29,19406
2,1,0,30,19523
2,1,0,31,19326
2,1,0,32,19419
2,1,0,33,19297
2,1,0,34,19467
2,1,0,35,19321
2,1,0,36,19470
2,1,0,37,19525
2,1,0,38,19481
2,1,0,39,19512
2,1,0,40,19501
2,1,0,41,19404
2,1,0,42,19483
2,1,0,43,19423
2,1,0,44,19292
2,1,0,45,19632
2,1,0,46,19554
2,1,0,47,19507
2,1,0,48,19405
2,1,0,49,19520
2,1,0,50,19446
2,1,0,51,19321
2,1,0,52,19235
2,1,0,53,19335
2,1,0,54,19512
2,1,0,55,19455
2,1,0,56,19315
2,1,0,57,19261
2,1,0,58,19378
2,1,0,59,19377
2,1,0,60,19273
2,1,0,61,19673
2,1,0,62,19331
2,1,0,63,19323
2,1,1,0,19190
2,1,1,1,19656
2,1,1,2,19301
2,1,1,3,19455
2,1,1,4,19614
2,1,1,5,19402
2,1,1,6,19424
2,1,1,7,19493
2,1,1,8,19495
2,1,1,9,19380
2,1,1,10,19536
2,1,1,11,19500
2,1,1,12,19464
2,1,1,13,19389
2,1,1,14,19377
2,1,1,15,19528
2,1,1,16,21683
2,1,1,17,20801
2,1,1,18,19470
2,1,1,19,19201
2,1,1,20,19363
2,1,1,21,19287
2,1,1,22,19297
2,1,1,23,19241
2,1,1,24,19433
2,1,1,25,19267
2,1,1,26,19284
2,1,1,27,19330
2,1,1,28,19379
2,1,1,29,19584
2,1,1,30,19298
2,1,1,31,19360
2,1,1,32,19277
2,1,1,33,19284
2,1,1,34,19314
2,1,1,35,19425
2,1,1,36,19248
2,1,1,37,19450
2,1,1,38,19398
2,1,1,39,19109
2,1,1,40,19310
2,1,1,41,19496
2,1,1,42,19311
2,1,1,43,19540
2,1,1,44,19228
2,1,1,45,19392
2,1,1,46,19522
2,1,1,47,19359
2,1,1,48,19403
2,1,1,49,19216
2,1,1,50,19267
2,1,1,51,19589
2,1,1,52,19534
2,1,1,53,19225
2,1,1,54,19305
2,1,1,55,19391
2,1,1,56,19444
2,1,1,57,19466
2,1,1,58,19554
2,1,1,59,19459
2,1,1,60,19389
2,1,1,61,19508
2,1,1,62,19412
2,1,1,63,19331
2,0,1,0,19399
2,0,1,1,19360
2,0,1,2,19473
2,0,1,3,19294
2,0,1,4,19542
2,0,1,5,19572
2,0,1,6,19479
2,0,1,7,19489
2,0,1,8,19406
2,0,1,9,19506
2,0,1,10,19603
2,0,1,11,19646
2,0,1,12,19345
2,0,1,13,19551
2,0,1,14,19494
2,0,1,15,19211
2,0,1,16,19302
2,0,1,17,19397
2,0,1,18,19419
2,0,1,19,19559
2,0,1,20,19323
2,0,1,21,19600
2,0,1,22,19332
2,0,1,23,19290
2,0,1,24,19439
2,0,1,25,19444
2,0,1,26,19438
2,0,1,27,19303
2,0,1,28,19428
2,0,1,29,19304
2,0,1,30,19298
2,0,1,31,19469
2,0,1,32,19467
2,0,1,33,19439
2,0,1,34,19388
2,0,1,35,19529
2,0,1,36,19418
2,0,1,37,19487
2,0,1,38,19699
2,0,1,39,19241
2,0,1,40,19696
2,0,1,41,19531
2,0,1,42,19474
2,0,1,43,19277
2,0,1,44,19237
2,0,1,45,19421
2,0,1,46,19548
2,0,1,47,19364
2,0,1,48,19487
2,0,1,49,19493
2,0,1,50,19516
2,0,1,51,19551
2,0,1,52,19519
2,0,1,53,19531
2,0,1,54,19268
2,0,1,55,19412
2,0,1,56,19442
2,0,1,57,19303
2,0,1,58,19313
2,0,1,59,19457
2,0,1,60,19363
2,0,1,61,19419
2,0,1,62,19275
2,0,1,63,19213
2,0,2,0,19287
2,0,2,1,19357
2,0,2,2,19410
2,0,2,3,19348
2,0,2,4,19479
2,0,2,5,19184
2,0,2,6,19230
2,0,2,7,19571
2,0,2,8,19260
2,0,2,9,19439
2,0,2,10,19318
2,0,2,11,19187
2,0,2,12,19512
2,0,2,13,19393
2,0,2,14,19639
2,0,2,15,19508
2,0,2,16,19486
2,0,2,17,19385
2,0,2,18,19350
2,0,2,19,19465
2,0,2,20,19234
2,0,2,21,19202
2,0,2,22,19403
2,0,2,23,19526
2,0,2,24,19298
2,0,2,25,19532
2,0,2,26,19388
2,0,2,27,19207
2,0,2,28,19484
2,0,2,29,19531
2,0,2,30,19573
2,0,2,31,19514
2,0,2,32,19381
2,0,2,33,19422
2,0,2,34,19307
2,0,2,35,19321
2,0,2,36,19380
2,0,2,37,19250
2,0,2,38,19525
2,0,2,39,19277
2,0,2,40,19225
2,0,2,41,19429
2,0,2,42,19153
2,0,2,43,19570
2,0,2,44,19499
2,0,2,45,19363
2,0,2,46,19508
2,0,2,47,19212
2,0,2,48,19603
2,0,2,49,19366
2,0,2,50,19226
2,0,2,51,19168
2,0,2,52,19616
2,0,2,53,19203
2,0,2,54,19433
2,0,2,55,19634
2,0,2,56,19323
2,0,2,57,19276
2,0,2,58,19178
2,0,2,59,19369
2,0,2,60,19537
2,0,2,61,19583
2,0,2,62,19235
2,0,2,63,19405
2,1,2,0,19614
2,1,2,1,19703
2,1,2,2,19563
2,1,2,3,19499
2,1,2,4,19346
2,1,2,5,19466
2,1,2,6,19633
2,1,2,7,19643
2,1,2,8,19521
2,1,2,9,19492
2,1,2,10,19392
2,1,2,11,19587
2,1,2,12,19435
2,1,2,13,19507
2,1,2,14,19601
2,1,2,15,19675
2,1,2,16,19274
2,1,2,17,19590
2,1,2,18,19494
2,1,2,19,19353
2,1,2,20,19528
2,1,2,21,19344
2,1,2,22,19396
2,1,2,23,19503
2,1,2,24,19334
2,1,2,25,19623
2,1,2,26,19687
2,1,2,27,19429
2,1,2,28,19558
2,1,2,29,19524
2,1,2,30,19504
2,1,2,31,19536
2,1,2,32,19300
2,1,2,33,19553
2,1,2,34,19655
2,1,2,35,19262
2,1,2,36,19378
2,1,2,37,19217
2,1,2,38,19480
2,1,2,39,19331
2,1,2,40,19411
2,1,2,41,19369
2,1,2,42,19312
2,1,2,43,19287
2,1,2,44,19328
2,1,2,45,19619
2,1,2,46,19328
2,1,2,47,19633
2,1,2,48,19296
2,1,2,49,19450
2,1,2,50,19540
2,1,2,51,19411
2,1,2,52,19352
2,1,2,53,19238
2,1,2,54,19407
2,1,2,55,19368
2,1,2,56,19216
2,1,2,57,19496
2,1,2,58,19357
2,1,2,59,19315
2,1,2,60,19441
2,1,2,61,19376
2,1,2,62,19342
2,1,2,63,19445
2,1,3,0,19302
2,1,3,1,19291
2,1,3,2,19331
2,1,3,3,19722
2,1,3,4,19268
2,1,3,5,19524
2,1,3,6,19509
2,1,3,7,19302
2,1,3,8,19399
2,1,3,9,19381
2,1,3,10,19606
2,1,3,11,19611
2,1,3,12,19520
2,1,3,13,19619
2,1,3,14,19509
2,1,3,15,19358
2,1,3,16,19276
2,1,3,17,19348
2,1,3,18,19473
2,1,3,19,19292
2,1,3,20,19268
2,1,3,21,19367
2,1,3,22,19777
2,1,3,23,19644
2,1,3,24,19672
2,1,3,25,19551
2,1,3,26,19305
2,1,3,27,19258
2,1,3,28,19426
2,1,3,29,19702
2,1,3,30,19412
2,1,3,31,19553
2,1,3,32,19479
2,1,3,33,19524
2,1,3,34,19555
2,1,3,35,19460
2,1,3,36,19563
2,1,3,37,19296
2,1,3,38,19455
2,1,3,39,19309
2,1,3,40,19404
2,1,3,41,19406
2,1,3,42,19459
2,1,3,43,19542
2,1,3,44,19364
2,1,3,45,19595
2,1,3,46,19539
2,1,3,47,19359
2,1,3,48,19574
2,1,3,49,19331
2,1,3,50,19316
2,1,3,51,19609
2,1,3,52,19470
2,1,3,53,19540
2,1,3,54,19709
2,1,3,55,19567
2,1,3,56,19613
2,1,3,57,19503
2,1,3,58,19338
2,1,3,59,19354
2,1,3,60,19353
2,1,3,61,19302
2,1,3,62,19447
2,1,3,63,19271
2,0,3,0,19461
2,0,3,1,19598
2,0,3,2,19517
2,0,3,3,19464
2,0,3,4,19570
2,0,3,5,19437
2,0,3,6,19523
2,0,3,7,19315
2,0,3,8,19238
2,0,3,9,19199
2,0,3,10,19481
2,0,3,11,19279
2,0,3,12,19641
2,0,3,13,19406
2,0,3,14,19602
2,0,3,15,19409
2,0,3,16,19466
2,0,3,17,19363
2,0,3,18,19363
2,0,3,19,19365
2,0,3,20,19396
2,0,3,21,19272
2,0,3,22,19285
2,0,3,23,19239
2,0,3,24,19321
2,0,3,25,19253
2,0,3,26,19295
2,0,3,27,19379
2,0,3,28,19263
2,0,3,29,19337
2,0,3,30,19310
2,0,3,31,19405
2,0,3,32,19346
2,0,3,33,19262
2,0,3,34,19405
2,0,3,35,19284
2,0,3,36,19270
2,0,3,37,19493
2,0,3,38,19338
2,0,3,39,19538
2,0,3,40,19214
2,0,3,41,19351
2,0,3,42,19196
2,0,3,43,19185
2,0,3,44,19186
2,0,3,45,19349
2,0,3,46,20172
2,0,3,47,19564
2,0,3,48,19321
2,0,3,49,19492
2,0,3,50,19464
2,0,3,51,19557
2,0,3,52,19397
2,0,3,53,19419
2,0,3,54,19654
2,0,3,55,19528
2,0,3,56,19321
2,0,3,57,19274
2,0,3,58,19400
2,0,3,59,19273
2,0,3,60,19506
2,0,3,61,19505
2,0,3,62,19577
2,0,3,63,19299
2,0,4,0,19388
2,0,4,1,19181
2,0,4,2,19517
2,0,4,3,19357
2,0,4,4,19490
2,0,4,5,19396
2,0,4,6,19343
2,0,4,7,19376
2,0,4,8,19203
2,0,4,9,19277
2,0,4,10,19326
2,0,4,11,19318
2,0,4,12,19318
2,0,4,13,19412
2,0,4,14,19309
2,0,4,15,19414
2,0,4,16,19377
2,0,4,17,19352
2,0,4,18,19281
2,0,4,19,19405
2,0,4,20,19618
2,0,4,21,19431
2,0,4,22,19322
2,0,4,23,19521
2,0,4,24,19286
2,0,4,25,19332
2,0,4,26,19273
2,0,4,27,19203
2,0,4,28,19223
2,0,4,29,19332
2,0,4,30,19433
2,0,4,31,19454
2,0,4,32,19386
2,0,4,33,19439
2,0,4,34,19281
2,0,4,35,19219
2,0,4,36,19195
2,0,4,37,19387
2,0,4,38,19409
2,0,4,39,19497
2,0,4,40,19244
2,0,4,41,19394
2,0,4,42,19270
2,0,4,43,19240
2,0,4,44,19265
2,0,4,45,19407
2,0,4,46,19326
2,0,4,47,19446
2,0,4,48,19473
2,0,4,49,19287
2,0,4,50,19451
2,0,4,51,19513
2,0,4,52,19631
2,0,4,53,19447
2,0,4,54,19400
2,0,4,55,19518
2,0,4,56,19317
2,0,4,57,19578
2,0,4,58,19224
2,0,4,59,19515
2,0,4,60,19294
2,0,4,61,19541
2,0,4,62,19274
2,0,4,63,19496
2,1,4,0,19498
2,1,4,1,19507
2,1,4,2,19234
2,1,4,3,20612
2,1,4,4,19678
2,1,4,5,19560
2,1,4,6,19345
2,1,4,7,19279
2,1,4,8,19269
2,1,4,9,19222
2,1,4,10,19311
2,1,4,11,19336
2,1,4,12,19404
2,1,4,13,19344
2,1,4,14,19321
2,1,4,15,19244
2,1,4,16,19397
2,1,4,17,19261
2,1,4,18,19506
2,1,4,19,19449
2,1,4,20,19427
2,1,4,21,19269
2,1,4,22,19345
2,1,4,23,19611
2,1,4,24,19503
2,1,4,25,19496
2,1,4,26,19691
2,1,4,27,19334
2,1,4,28,19325
2,1,4,29,19362
2,1,4,30,19338
2,1,4,31,19631
2,1,4,32,19400
2,1,4,33,19415
2,1,4,34,19512
2,1,4,35,19475
2,1,4,36,19433
2,1,4,37,19494
2,1,4,38,19512
2,1,4,39,19526
2,1,4,40,19480
2,1,4,41,19487
2,1,4,42,19374
2,1,4,43,19531
2,1,4,44,19719
2,1,4,45,19392
2,1,4,46,19339
2,1,4,47,19593
2,1,4,48,19581
2,1,4,49,19449
2,1,4,50,19660
2,1,4,51,19432
2,1,4,52,19286
2,1,4,53,19227
2,1,4,54,19522
2,1,4,55,19655
2,1,4,56,19548
2,1,4,57,19242
2,1,4,58,19314
2,1,4,59,19481
2,1,4,60,19312
2,1,4,61,19558
2,1,4,62,19280
2,1,4,63,19428
2,1,5,0,19658
2,1,5,1,19269
2,1,5,2,19411
2,1,5,3,19534
2,1,5,4,19640
2,1,5,5,19663
2,1,5,6,19575
2,1,5,7,19610
2,1,5,8,19427
2,1,5,9,19246
2,1,5,10,19373
2,1,5,11,19420
2,1,5,12,19324
2,1,5,13,19502
2,1,5,14,19588
2,1,5,15,19306
2,1,5,16,19394
2,1,5,17,19462
2,1,5,18,19296
2,1,5,19,19308
2,1,5,20,19340
2,1,5,21,19368
2,1,5,22,19258
2,1,5,23,19268
2,1,5,24,19285
2,1,5,25,19498
2,1,5,26,19676
2,1,5,27,21617
2,1,5,28,19460
2,1,5,29,19436
2,1,5,30,19696
2,1,5,31,19582
2,1,5,32,19532
2,1,5,33,19380
2,1,5,34,19405
2,1,5,35,19456
2,1,5,36,19356
2,1,5,37,19496
2,1,5,38,19546
2,1,5,39,19488
2,1,5,40,19389
2,1,5,41,19359
2,1,5,42,19327
2,1,5,43,19495
2,1,5,44,19208
2,1,5,45,19541
2,1,5,46,19593
2,1,5,47,19262
2,1,5,48,19221
2,1,5,49,19350
2,1,5,50,19446
2,1,5,51,19300
2,1,5,52,19277
2,1,5,53,19262
2,1,5,54,19424
2,1,5,55,19467
2,1,5,56,19484
2,1,5,57,19336
2,1,5,58,19392
2,1,5,59,19423
2,1,5,60,19529
2,1,5,61,19586
2,1,5,62,19442
2,1,5,63,19524
2,0,5,0,19549
2,0,5,1,19530
2,0,5,2,19433
2,0,5,3,19515
2,0,5,4,19267
2,0,5,5,19220
2,0,5,6,19341
2,0,5,7,19373
2,0,5,8,19332
2,0,5,9,19311
2,0,5,10,19624
2,0,5,11,19254
2,0,5,12,19283
2,0,5,13,19298
2,0,5,14,19345
2,0,5,15,19250
2,0,5,16,19515
2,0,5,17,19561
2,0,5,18,19523
2,0,5,19,19325
2,0,5,20,19275
2,0,5,21,19236
2,0,5,22,19459
2,0,5,23,19534
2,0,5,24,19346
2,0,5,25,19456
2,0,5,26,19333
2,0,5,27,19238
2,0,5,28,19242
2,0,5,29,19329
2,0,5,30,19579
2,0,5,31,19396
2,0,5,32,19221
2,0,5,33,19536
2,0,5,34,19318
2,0,5,35,19452
2,0,5,36,19580
2,0,5,37,19544
2,0,5,38,19460
2,0,5,39,19551
2,0,5,40,19406
2,0,5,41,19481
2,0,5,42,19418
2,0,5,43,19357
2,0,5,44,19310
2,0,5,45,19575
2,0,5,46,19517
2,0,5,47,19219
2,0,5,48,19355
2,0,5,49,19504
2,0,5,50,19250
2,0,5,51,20427
2,0,5,52,19610
2,0,5,53,19325
2,0,5,54,19419
2,0,5,55,19369
2,0,5,56,19578
2,0,5,57,19465
2,0,5,58,19247
2,0,5,59,19439
2,0,5,60,19511
2,0,5,61,19545
2,0,5,62,19436
2,0,5,63,19224
2,0,6,0,19219
2,0,6,1,19431
2,0,6,2,19204
2,0,6,3,19417
2,0,6,4,19307
2,0,6,5,19458
2,0,6,6,19212
2,0,6,7,19352
2,0,6,8,19237
2,0,6,9,19540
2,0,6,10,19406
2,0,6,11,19414
2,0,6,12,19350
2,0,6,13,19712
2,0,6,14,19414
2,0,6,15,19512
2,0,6,16,19235
2,0,6,17,19267
2,0,6,18,19642
2,0,6,19,19445
2,0,6,20,19647
2,0,6,21,19282
2,0,6,22,19247
2,0,6,23,19465
2,0,6,24,19469
2,0,6,25,19457
2,0,6,26,19310
2,0,6,27,19469
2,0,6,28,19549
2,0,6,29,19565
2,0,6,30,19288
2,0,6,31,19411
2,0,6,32,19249
2,0,6,33,19191
2,0,6,34,19376
2,0,6,35,19292
2,0,6,36,19256
2,0,6,37,19333
2,0,6,38,19448
2,0,6,39,19578
2,0,6,40,19429
2,0,6,41,19269
2,0,6,42,19509
2,0,6,43,19619
2,0,6,44,19361
2,0,6,45,19602
2,0,6,46,19250
2,0,6,47,19267
2,0,6,48,19321
2,0,6,49,19483
2,0,6,50,19420
2,0,6,51,19329
2,0,6,52,19266
2,0,6,53,19485
2,0,6,54,19448
2,0,6,55,19522
2,0,6,56,19380
2,0,6,57,19532
2,0,6,58,19563
2,0,6,59,19241
2,0,6,60,19498
2,0,6,61,19573
2,0,6,62,19542
2,0,6,63,19257
2,1,6,0,19509
2,1,6,1,19527
2,1,6,2,19226
2,1,6,3,19607
2,1,6,4,19326
2,1,6,5,19606
2,1,6,6,19311
2,1,6,7,19221
2,1,6,8,20027
2,1,6,9,19686
2,1,6,10,19527
2,1,6,11,19450
2,1,6,12,19452
2,1,6,13,19549
2,1,6,14,19575
2,1,6,15,19271
2,1,6,16,19340
2,1,6,17,19255
2,1,6,18,19453
2,1,6,19,19481
2,1,6,20,19421
2,1,6,21,19588
2,1,6,22,19309
2,1,6,23,19316
2,1,6,24,19560
2,1,6,25,19437
2,1,6,26,19230
2,1,6,27,19229
2,1,6,28,19300
2,1,6,29,19314
2,1,6,30,19210
2,1,6,31,19570
2,1,6,32,19486
2,1,6,33,19273
2,1,6,34,19442
2,1,6,35,19436
2,1,6,36,19356
2,1,6,37,19334
2,1,6,38,19339
2,1,6,39,19455
2,1,6,40,19290
2,1,6,41,19323
2,1,6,42,19351
2,1,6,43,19285
2,1,6,44,19322
2,1,6,45,19424
2,1,6,46,19399
2,1,6,47,19399
2,1,6,48,19256
2,1,6,49,19442
2,1,6,50,19334
2,1,6,51,19453
2,1,6,52,19288
2,1,6,53,19257
2,1,6,54,19237
2,1,6,55,19471
2,1,6,56,19391
2,1,6,57,19288
2,1,6,58,19465
2,1,6,59,19519
2,1,6,60,19416
2,1,6,61,19382
2,1,6,62,19435
2,1,6,63,19253
2,1,7,0,19208
2,1,7,1,19310
2,1,7,2,19465
2,1,7,3,19481
2,1,7,4,19317
2,1,7,5,19350
2,1,7,6,19539
2,1,7,7,19328
2,1,7,8,19637
2,1,7,9,19533
2,1,7,10,19351
2,1,7,11,19289
2,1,7,12,19393
2,1,7,13,19530
2,1,7,14,19574
2,1,7,15,19326
2,1,7,16,19319
2,1,7,17,19239
2,1,7,18,19281
2,1,7,19,19433
2,1,7,20,19337
2,1,7,21,19328
2,1,7,22,19568
2,1,7,23,19455
2,1,7,24,19543
2,1,7,25,19543
2,1,7,26,19504
2,1,7,27,19341
2,1,7,28,19658
2,1,7,29,19487
2,1,7,30,19351
2,1,7,31,19506
2,1,7,32,19848
2,1,7,33,19419
2,1,7,34,19432
2,1,7,35,19330
2,1,7,36,19507
2,1,7,37,19245
2,1,7,38,19702
2,1,7,39,19560
2,1,7,40,19289
2,1,7,41,19417
2,1,7,42,19274
2,1,7,43,19478
2,1,7,44,19511
2,1,7,45,19682
2,1,7,46,19353
2,1,7,47,19444
2,1,7,48,19334
2,1,7,49,19262
2,1,7,50,19303
2,1,7,51,19361
2,1,7,52,19636
2,1,7,53,45861
2,1,7,54,50139
2,1,7,55,57280
2,1,7,56,37063
2,1,7,57,50368
2,1,7,58,33479
2,1,7,59,36057
2,1,7,60,29965
2,1,7,61,33234
2,1,7,62,33647
2,1,7,63,41019
2,0,7,0,33852
2,0,7,1,23097
2,0,7,2,33015
2,0,7,3,21912
2,0,7,4,29684
2,0,7,5,35544
2,0,7,6,37392
2,0,7,7,26635
2,0,7,8,29366
2,0,7,9,35949
2,0,7,10,22491
2,0,7,11,29200
2,0,7,12,25991
2,0,7,13,29767
2,0,7,14,30998
2,0,7,15,35556
2,0,7,16,32717
2,0,7,17,24443
2,0,7,18,39441
2,0,7,19,33823
2,0,7,20,26154
2,0,7,21,23526
2,0,7,22,37599
2,0,7,23,25205
2,0,7,24,30048
2,0,7,25,38447
2,0,7,26,29494
2,0,7,27,52220
2,0,7,28,30189
2,0,7,29,32672
2,0,7,30,27346
2,0,7,31,23864
2,0,7,32,24155
2,0,7,33,22178
2,0,7,34,36288
2,0,7,35,19300
2,0,7,36,19451
2,0,7,37,19386
2,0,7,38,19502
2,0,7,39,19242
2,0,7,40,19375
2,0,7,41,19482
2,0,7,42,19272
2,0,7,43,19299
2,0,7,44,19245
2,0,7,45,19548
2,0,7,46,19198
2,0,7,47,19340
2,0,7,48,19495
2,0,7,49,19198
2,0,7,50,19438
2,0,7,51,19509
2,0,7,52,19579
2,0,7,53,19453
2,0,7,54,19297
2,0,7,55,19287
2,0,7,56,19310
2,0,7,57,19281
2,0,7,58,19279
2,0,7,59,19519
2,0,7,60,19274
2,0,7,61,19430
2,0,7,62,19514
2,0,7,63,19431
