SLOTHY version: 0.2.0
Instructions in body: 60
Perform internal binary search for minimal number of stalls...
Attempt optimization with max 0 stalls...
Setting timeout of 120 seconds...
Objective: minimize cycles
Invoking external constraint solver (OR-Tools CP-SAT v9.15.6755) ...
INFEASIBLE, wall time: 0.014590 s
Attempt optimization with max 1 stalls...
Setting timeout of 120 seconds...
Objective: minimize cycles
Invoking external constraint solver (OR-Tools CP-SAT v9.15.6755) ...
INFEASIBLE, wall time: 0.001616 s
Attempt optimization with max 2 stalls...
Setting timeout of 120 seconds...
Objective: minimize cycles
Invoking external constraint solver (OR-Tools CP-SAT v9.15.6755) ...
INFEASIBLE, wall time: 0.001623 s
Attempt optimization with max 4 stalls...
Setting timeout of 120 seconds...
Objective: minimize cycles
Invoking external constraint solver (OR-Tools CP-SAT v9.15.6755) ...
INFEASIBLE, wall time: 0.001528 s
Attempt optimization with max 8 stalls...
Setting timeout of 120 seconds...
Objective: minimize cycles
Invoking external constraint solver (OR-Tools CP-SAT v9.15.6755) ...
INFEASIBLE, wall time: 0.001512 s
Attempt optimization with max 16 stalls...
Setting timeout of 120 seconds...
Objective: minimize cycles
Invoking external constraint solver (OR-Tools CP-SAT v9.15.6755) ...
INFEASIBLE, wall time: 0.011307 s
Attempt optimization with max 32 stalls...
Setting timeout of 120 seconds...
Objective: minimize cycles
Invoking external constraint solver (OR-Tools CP-SAT v9.15.6755) ...
INFEASIBLE, wall time: 0.007735 s
Attempt optimization with max 64 stalls...
Setting timeout of 120 seconds...
Objective: minimize cycles
Invoking external constraint solver (OR-Tools CP-SAT v9.15.6755) ...
[0.0335s]: Found 1 solutions so far... objective (minimize cycles): currently  (Cycles ~ 63.0, IPC ~ 0.95), bound  (Cycles ~ 30.0, IPC ~ 2.00)
[0.0407s]: Found 2 solutions so far... objective (minimize cycles): currently  (Cycles ~ 62.0, IPC ~ 0.97), bound  (Cycles ~ 30.0, IPC ~ 2.00)
OPTIMAL, wall time: 0.049757 s
Booleans in result: 96
OK!
LLVM (llvm-mc, llvm-nm, llvm-readobj) not found, disabling selftest. Consider installing LLVM.
Minimum number of stalls: 47
