cpucycles tracesetup 0 amd64-perfpmcff precision 0 scaling 0.000000 only32 0
cpucycles tracesetup 1 amd64-perfpmc precision 0 scaling 0.000000 only32 0
cpucycles tracesetup 2 amd64-pmcff precision 0 scaling 0.000000 only32 0
cpucycles tracesetup 3 amd64-tsc precision 1016 scaling 0.467415 only32 0
cpucycles tracesetup 4 amd64-tscasm precision 1026 scaling 0.467415 only32 0
cpucycles tracesetup 5 default-perfevent precision 204 scaling 1.000000 only32 0
cpucycles tracesetup 6 default-mach precision 0 scaling 0.000000 only32 0
cpucycles tracesetup 7 default-monotonic precision 1077 scaling 1.400000 only32 0
cpucycles tracesetup 8 default-gettimeofday precision 2440 scaling 1400.000000 only32 0
cpucycles tracesetup 9 default-zero precision 0 scaling 0.000000 only32 0
region,variant,block,observation,cycles
0,0,0,0,1044
0,0,0,1,976
0,0,0,2,988
0,0,0,3,984
0,0,0,4,986
0,0,0,5,992
0,0,0,6,999
0,0,0,7,1007
0,0,0,8,993
0,0,0,9,1002
0,0,0,10,1004
0,0,0,11,995
0,0,0,12,991
0,0,0,13,1007
0,0,0,14,1015
0,0,0,15,1002
0,0,0,16,1008
0,0,0,17,1005
0,0,0,18,999
0,0,0,19,988
0,0,0,20,985
0,0,0,21,1003
0,0,0,22,995
0,0,0,23,996
0,0,0,24,1005
0,0,0,25,988
0,0,0,26,1001
0,0,0,27,991
0,0,0,28,966
0,0,0,29,962
0,0,0,30,989
0,0,0,31,990
0,0,0,32,992
0,0,0,33,999
0,0,0,34,1002
0,0,0,35,998
0,0,0,36,969
0,0,0,37,994
0,0,0,38,1015
0,0,0,39,998
0,0,0,40,983
0,0,0,41,989
0,0,0,42,1007
0,0,0,43,988
0,0,0,44,988
0,0,0,45,996
0,0,0,46,978
0,0,0,47,978
0,0,0,48,1011
0,0,0,49,990
0,0,0,50,994
0,0,0,51,998
0,0,0,52,992
0,0,0,53,1005
0,0,0,54,1000
0,0,0,55,984
0,0,0,56,990
0,0,0,57,997
0,0,0,58,981
0,0,0,59,999
0,0,0,60,979
0,0,0,61,960
0,0,0,62,987
0,0,0,63,976
0,1,0,0,1026
0,1,0,1,1002
0,1,0,2,1011
0,1,0,3,1041
0,1,0,4,1037
0,1,0,5,1032
0,1,0,6,1026
0,1,0,7,1038
0,1,0,8,1039
0,1,0,9,1056
0,1,0,10,1049
0,1,0,11,1044
0,1,0,12,1029
0,1,0,13,1015
0,1,0,14,1004
0,1,0,15,1029
0,1,0,16,1019
0,1,0,17,1027
0,1,0,18,1010
0,1,0,19,1021
0,1,0,20,1020
0,1,0,21,1009
0,1,0,22,1024
0,1,0,23,1013
0,1,0,24,1024
0,1,0,25,1028
0,1,0,26,1010
0,1,0,27,1026
0,1,0,28,1028
0,1,0,29,1026
0,1,0,30,1024
0,1,0,31,1012
0,1,0,32,1009
0,1,0,33,1013
0,1,0,34,1014
0,1,0,35,1014
0,1,0,36,1029
0,1,0,37,1017
0,1,0,38,1027
0,1,0,39,1030
0,1,0,40,1014
0,1,0,41,1047
0,1,0,42,1013
0,1,0,43,988
0,1,0,44,1005
0,1,0,45,994
0,1,0,46,995
0,1,0,47,1009
0,1,0,48,1007
0,1,0,49,1034
0,1,0,50,1018
0,1,0,51,1014
0,1,0,52,1033
0,1,0,53,1011
0,1,0,54,1028
0,1,0,55,1007
0,1,0,56,1021
0,1,0,57,1036
0,1,0,58,1019
0,1,0,59,1012
0,1,0,60,1017
0,1,0,61,1027
0,1,0,62,1017
0,1,0,63,1019
0,1,1,0,983
0,1,1,1,1002
0,1,1,2,1019
0,1,1,3,1023
0,1,1,4,1019
0,1,1,5,1017
0,1,1,6,999
0,1,1,7,1018
0,1,1,8,1026
0,1,1,9,1016
0,1,1,10,1003
0,1,1,11,1004
0,1,1,12,1021
0,1,1,13,1011
0,1,1,14,992
0,1,1,15,1029
0,1,1,16,1016
0,1,1,17,1087
0,1,1,18,1033
0,1,1,19,1010
0,1,1,20,1008
0,1,1,21,1022
0,1,1,22,1017
0,1,1,23,1030
0,1,1,24,1007
0,1,1,25,1008
0,1,1,26,1018
0,1,1,27,1023
0,1,1,28,1031
0,1,1,29,1026
0,1,1,30,1028
0,1,1,31,1027
0,1,1,32,1010
0,1,1,33,1021
0,1,1,34,1014
0,1,1,35,1003
0,1,1,36,1032
0,1,1,37,1018
0,1,1,38,1008
0,1,1,39,1014
0,1,1,40,1041
0,1,1,41,1021
0,1,1,42,1027
0,1,1,43,1024
0,1,1,44,1026
0,1,1,45,1026
0,1,1,46,1017
0,1,1,47,1010
0,1,1,48,1031
0,1,1,49,1025
0,1,1,50,1014
0,1,1,51,1010
0,1,1,52,1040
0,1,1,53,1031
0,1,1,54,1027
0,1,1,55,1020
0,1,1,56,1031
0,1,1,57,1030
0,1,1,58,1020
0,1,1,59,1027
0,1,1,60,1016
0,1,1,61,1023
0,1,1,62,1014
0,1,1,63,993
0,0,1,0,1037
0,0,1,1,1024
0,0,1,2,981
0,0,1,3,992
0,0,1,4,991
0,0,1,5,1001
0,0,1,6,1014
0,0,1,7,977
0,0,1,8,1008
0,0,1,9,997
0,0,1,10,985
0,0,1,11,1003
0,0,1,12,994
0,0,1,13,989
0,0,1,14,1010
0,0,1,15,992
0,0,1,16,1007
0,0,1,17,984
0,0,1,18,994
0,0,1,19,1002
0,0,1,20,991
0,0,1,21,984
0,0,1,22,998
0,0,1,23,999
0,0,1,24,989
0,0,1,25,984
0,0,1,26,996
0,0,1,27,971
0,0,1,28,995
0,0,1,29,993
0,0,1,30,980
0,0,1,31,1013
0,0,1,32,987
0,0,1,33,970
0,0,1,34,989
0,0,1,35,991
0,0,1,36,993
0,0,1,37,1013
0,0,1,38,993
0,0,1,39,999
0,0,1,40,990
0,0,1,41,995
0,0,1,42,994
0,0,1,43,995
0,0,1,44,992
0,0,1,45,1010
0,0,1,46,986
0,0,1,47,1004
0,0,1,48,1000
0,0,1,49,993
0,0,1,50,987
0,0,1,51,983
0,0,1,52,1012
0,0,1,53,988
0,0,1,54,1004
0,0,1,55,988
0,0,1,56,976
0,0,1,57,991
0,0,1,58,1019
0,0,1,59,991
0,0,1,60,984
0,0,1,61,970
0,0,1,62,989
0,0,1,63,995
0,0,2,0,961
0,0,2,1,1041
0,0,2,2,980
0,0,2,3,979
0,0,2,4,982
0,0,2,5,999
0,0,2,6,987
0,0,2,7,1000
0,0,2,8,982
0,0,2,9,1001
0,0,2,10,990
0,0,2,11,982
0,0,2,12,1006
0,0,2,13,998
0,0,2,14,963
0,0,2,15,990
0,0,2,16,998
0,0,2,17,979
0,0,2,18,999
0,0,2,19,1001
0,0,2,20,1004
0,0,2,21,976
0,0,2,22,968
0,0,2,23,998
0,0,2,24,997
0,0,2,25,987
0,0,2,26,977
0,0,2,27,971
0,0,2,28,984
0,0,2,29,991
0,0,2,30,996
0,0,2,31,985
0,0,2,32,1002
0,0,2,33,980
0,0,2,34,990
0,0,2,35,988
0,0,2,36,995
0,0,2,37,996
0,0,2,38,995
0,0,2,39,1001
0,0,2,40,1005
0,0,2,41,985
0,0,2,42,1000
0,0,2,43,991
0,0,2,44,978
0,0,2,45,988
0,0,2,46,977
0,0,2,47,968
0,0,2,48,991
0,0,2,49,1012
0,0,2,50,1001
0,0,2,51,1010
0,0,2,52,999
0,0,2,53,985
0,0,2,54,983
0,0,2,55,980
0,0,2,56,997
0,0,2,57,995
0,0,2,58,1000
0,0,2,59,998
0,0,2,60,1016
0,0,2,61,998
0,0,2,62,976
0,0,2,63,972
0,1,2,0,1003
0,1,2,1,1028
0,1,2,2,1043
0,1,2,3,1059
0,1,2,4,1024
0,1,2,5,1021
0,1,2,6,1029
0,1,2,7,1019
0,1,2,8,1018
0,1,2,9,1040
0,1,2,10,1031
0,1,2,11,1028
0,1,2,12,1017
0,1,2,13,1021
0,1,2,14,1003
0,1,2,15,1035
0,1,2,16,1013
0,1,2,17,1038
0,1,2,18,1030
0,1,2,19,1023
0,1,2,20,1033
0,1,2,21,1050
0,1,2,22,1007
0,1,2,23,1026
0,1,2,24,1019
0,1,2,25,1037
0,1,2,26,1027
0,1,2,27,1001
0,1,2,28,1031
0,1,2,29,1026
0,1,2,30,1016
0,1,2,31,1026
0,1,2,32,1025
0,1,2,33,1019
0,1,2,34,1022
0,1,2,35,1023
0,1,2,36,1031
0,1,2,37,1017
0,1,2,38,990
0,1,2,39,1005
0,1,2,40,1009
0,1,2,41,1030
0,1,2,42,1028
0,1,2,43,1021
0,1,2,44,1019
0,1,2,45,1017
0,1,2,46,1013
0,1,2,47,1065
0,1,2,48,1024
0,1,2,49,1025
0,1,2,50,1010
0,1,2,51,1032
0,1,2,52,1011
0,1,2,53,1015
0,1,2,54,1011
0,1,2,55,1034
0,1,2,56,1012
0,1,2,57,1037
0,1,2,58,1022
0,1,2,59,1013
0,1,2,60,1038
0,1,2,61,1023
0,1,2,62,1027
0,1,2,63,1029
0,1,3,0,990
0,1,3,1,989
0,1,3,2,1004
0,1,3,3,1016
0,1,3,4,1000
0,1,3,5,1027
0,1,3,6,1002
0,1,3,7,1022
0,1,3,8,1022
0,1,3,9,1043
0,1,3,10,998
0,1,3,11,1025
0,1,3,12,1030
0,1,3,13,1007
0,1,3,14,1006
0,1,3,15,1019
0,1,3,16,1032
0,1,3,17,1039
0,1,3,18,1028
0,1,3,19,1018
0,1,3,20,1005
0,1,3,21,1014
0,1,3,22,1034
0,1,3,23,1025
0,1,3,24,1007
0,1,3,25,1029
0,1,3,26,1029
0,1,3,27,1020
0,1,3,28,1018
0,1,3,29,1018
0,1,3,30,1015
0,1,3,31,1018
0,1,3,32,1016
0,1,3,33,1046
0,1,3,34,1028
0,1,3,35,1013
0,1,3,36,1020
0,1,3,37,1030
0,1,3,38,1018
0,1,3,39,1027
0,1,3,40,1030
0,1,3,41,1011
0,1,3,42,1032
0,1,3,43,1047
0,1,3,44,1022
0,1,3,45,1001
0,1,3,46,1009
0,1,3,47,1022
0,1,3,48,1014
0,1,3,49,1026
0,1,3,50,1021
0,1,3,51,1040
0,1,3,52,1027
0,1,3,53,1029
0,1,3,54,1016
0,1,3,55,1025
0,1,3,56,1023
0,1,3,57,1029
0,1,3,58,1022
0,1,3,59,1007
0,1,3,60,1016
0,1,3,61,1016
0,1,3,62,1028
0,1,3,63,1022
0,0,3,0,986
0,0,3,1,995
0,0,3,2,1028
0,0,3,3,988
0,0,3,4,1019
0,0,3,5,998
0,0,3,6,997
0,0,3,7,987
0,0,3,8,979
0,0,3,9,980
0,0,3,10,992
0,0,3,11,1002
0,0,3,12,997
0,0,3,13,1000
0,0,3,14,976
0,0,3,15,1016
0,0,3,16,981
0,0,3,17,1000
0,0,3,18,995
0,0,3,19,985
0,0,3,20,984
0,0,3,21,991
0,0,3,22,991
0,0,3,23,993
0,0,3,24,982
0,0,3,25,994
0,0,3,26,998
0,0,3,27,993
0,0,3,28,1000
0,0,3,29,987
0,0,3,30,984
0,0,3,31,988
0,0,3,32,1002
0,0,3,33,1012
0,0,3,34,976
0,0,3,35,981
0,0,3,36,999
0,0,3,37,982
0,0,3,38,1016
0,0,3,39,1011
0,0,3,40,980
0,0,3,41,1000
0,0,3,42,1003
0,0,3,43,983
0,0,3,44,987
0,0,3,45,987
0,0,3,46,998
0,0,3,47,989
0,0,3,48,996
0,0,3,49,1006
0,0,3,50,1000
0,0,3,51,987
0,0,3,52,1012
0,0,3,53,996
0,0,3,54,993
0,0,3,55,983
0,0,3,56,1004
0,0,3,57,995
0,0,3,58,991
0,0,3,59,987
0,0,3,60,986
0,0,3,61,994
0,0,3,62,993
0,0,3,63,992
0,0,4,0,968
0,0,4,1,983
0,0,4,2,987
0,0,4,3,1004
0,0,4,4,1002
0,0,4,5,984
0,0,4,6,985
0,0,4,7,995
0,0,4,8,989
0,0,4,9,1004
0,0,4,10,986
0,0,4,11,992
0,0,4,12,989
0,0,4,13,990
0,0,4,14,1003
0,0,4,15,986
0,0,4,16,978
0,0,4,17,1042
0,0,4,18,984
0,0,4,19,990
0,0,4,20,987
0,0,4,21,979
0,0,4,22,1005
0,0,4,23,983
0,0,4,24,989
0,0,4,25,976
0,0,4,26,997
0,0,4,27,972
0,0,4,28,1007
0,0,4,29,1003
0,0,4,30,990
0,0,4,31,1005
0,0,4,32,985
0,0,4,33,986
0,0,4,34,979
0,0,4,35,984
0,0,4,36,988
0,0,4,37,990
0,0,4,38,985
0,0,4,39,982
0,0,4,40,988
0,0,4,41,998
0,0,4,42,991
0,0,4,43,1005
0,0,4,44,995
0,0,4,45,982
0,0,4,46,998
0,0,4,47,994
0,0,4,48,980
0,0,4,49,990
0,0,4,50,1002
0,0,4,51,980
0,0,4,52,982
0,0,4,53,984
0,0,4,54,971
0,0,4,55,996
0,0,4,56,977
0,0,4,57,996
0,0,4,58,1001
0,0,4,59,998
0,0,4,60,987
0,0,4,61,995
0,0,4,62,994
0,0,4,63,986
0,1,4,0,997
0,1,4,1,1036
0,1,4,2,1023
0,1,4,3,1036
0,1,4,4,1055
0,1,4,5,1027
0,1,4,6,1015
0,1,4,7,1031
0,1,4,8,1029
0,1,4,9,1026
0,1,4,10,1027
0,1,4,11,1020
0,1,4,12,1029
0,1,4,13,1012
0,1,4,14,1020
0,1,4,15,1018
0,1,4,16,1036
0,1,4,17,1029
0,1,4,18,1017
0,1,4,19,1022
0,1,4,20,1044
0,1,4,21,1013
0,1,4,22,1031
0,1,4,23,1021
0,1,4,24,1015
0,1,4,25,1025
0,1,4,26,1026
0,1,4,27,1019
0,1,4,28,1019
0,1,4,29,1032
0,1,4,30,1020
0,1,4,31,1021
0,1,4,32,1023
0,1,4,33,1028
0,1,4,34,1035
0,1,4,35,1033
0,1,4,36,1018
0,1,4,37,1009
0,1,4,38,1032
0,1,4,39,1028
0,1,4,40,1038
0,1,4,41,1016
0,1,4,42,1008
0,1,4,43,1020
0,1,4,44,1021
0,1,4,45,1033
0,1,4,46,1032
0,1,4,47,1035
0,1,4,48,1014
0,1,4,49,1026
0,1,4,50,1025
0,1,4,51,1024
0,1,4,52,1030
0,1,4,53,1025
0,1,4,54,1018
0,1,4,55,1015
0,1,4,56,1024
0,1,4,57,1031
0,1,4,58,1032
0,1,4,59,1035
0,1,4,60,1028
0,1,4,61,1007
0,1,4,62,1018
0,1,4,63,1014
0,1,5,0,993
0,1,5,1,1029
0,1,5,2,1018
0,1,5,3,1018
0,1,5,4,1017
0,1,5,5,1008
0,1,5,6,1018
0,1,5,7,1022
0,1,5,8,1034
0,1,5,9,1031
0,1,5,10,1021
0,1,5,11,1017
0,1,5,12,1045
0,1,5,13,1028
0,1,5,14,1015
0,1,5,15,1031
0,1,5,16,1025
0,1,5,17,1035
0,1,5,18,1014
0,1,5,19,1021
0,1,5,20,1041
0,1,5,21,1007
0,1,5,22,1002
0,1,5,23,1015
0,1,5,24,1029
0,1,5,25,1047
0,1,5,26,1046
0,1,5,27,1030
0,1,5,28,1013
0,1,5,29,1033
0,1,5,30,1022
0,1,5,31,1004
0,1,5,32,1033
0,1,5,33,1017
0,1,5,34,1008
0,1,5,35,1021
0,1,5,36,1023
0,1,5,37,1039
0,1,5,38,1042
0,1,5,39,1021
0,1,5,40,992
0,1,5,41,1036
0,1,5,42,1031
0,1,5,43,1020
0,1,5,44,999
0,1,5,45,1031
0,1,5,46,1018
0,1,5,47,1048
0,1,5,48,1032
0,1,5,49,1021
0,1,5,50,1028
0,1,5,51,1005
0,1,5,52,1014
0,1,5,53,992
0,1,5,54,1039
0,1,5,55,1010
0,1,5,56,1014
0,1,5,57,1024
0,1,5,58,1024
0,1,5,59,1018
0,1,5,60,1026
0,1,5,61,1021
0,1,5,62,1037
0,1,5,63,1033
0,0,5,0,975
0,0,5,1,994
0,0,5,2,1016
0,0,5,3,1019
0,0,5,4,1031
0,0,5,5,991
0,0,5,6,977
0,0,5,7,989
0,0,5,8,1007
0,0,5,9,987
0,0,5,10,999
0,0,5,11,991
0,0,5,12,1006
0,0,5,13,993
0,0,5,14,1006
0,0,5,15,1002
0,0,5,16,980
0,0,5,17,1008
0,0,5,18,1004
0,0,5,19,1009
0,0,5,20,991
0,0,5,21,999
0,0,5,22,979
0,0,5,23,972
0,0,5,24,995
0,0,5,25,1016
0,0,5,26,984
0,0,5,27,1000
0,0,5,28,998
0,0,5,29,996
0,0,5,30,1013
0,0,5,31,1015
0,0,5,32,982
0,0,5,33,988
0,0,5,34,1015
0,0,5,35,992
0,0,5,36,985
0,0,5,37,993
0,0,5,38,1010
0,0,5,39,996
0,0,5,40,993
0,0,5,41,988
0,0,5,42,984
0,0,5,43,987
0,0,5,44,992
0,0,5,45,980
0,0,5,46,988
0,0,5,47,1012
0,0,5,48,978
0,0,5,49,1004
0,0,5,50,1005
0,0,5,51,983
0,0,5,52,987
0,0,5,53,997
0,0,5,54,998
0,0,5,55,993
0,0,5,56,985
0,0,5,57,977
0,0,5,58,1004
0,0,5,59,996
0,0,5,60,996
0,0,5,61,1003
0,0,5,62,985
0,0,5,63,985
0,0,6,0,991
0,0,6,1,976
0,0,6,2,964
0,0,6,3,983
0,0,6,4,980
0,0,6,5,984
0,0,6,6,976
0,0,6,7,993
0,0,6,8,981
0,0,6,9,980
0,0,6,10,993
0,0,6,11,999
0,0,6,12,980
0,0,6,13,998
0,0,6,14,990
0,0,6,15,995
0,0,6,16,975
0,0,6,17,992
0,0,6,18,1014
0,0,6,19,975
0,0,6,20,992
0,0,6,21,982
0,0,6,22,998
0,0,6,23,1006
0,0,6,24,983
0,0,6,25,976
0,0,6,26,988
0,0,6,27,981
0,0,6,28,981
0,0,6,29,989
0,0,6,30,987
0,0,6,31,987
0,0,6,32,992
0,0,6,33,1000
0,0,6,34,988
0,0,6,35,985
0,0,6,36,981
0,0,6,37,991
0,0,6,38,986
0,0,6,39,998
0,0,6,40,998
0,0,6,41,991
0,0,6,42,993
0,0,6,43,997
0,0,6,44,999
0,0,6,45,996
0,0,6,46,978
0,0,6,47,973
0,0,6,48,986
0,0,6,49,1042
0,0,6,50,1003
0,0,6,51,980
0,0,6,52,1001
0,0,6,53,991
0,0,6,54,992
0,0,6,55,982
0,0,6,56,998
0,0,6,57,1002
0,0,6,58,994
0,0,6,59,997
0,0,6,60,977
0,0,6,61,988
0,0,6,62,980
0,0,6,63,1002
0,1,6,0,996
0,1,6,1,1031
0,1,6,2,1055
0,1,6,3,1054
0,1,6,4,1052
0,1,6,5,1018
0,1,6,6,1016
0,1,6,7,1016
0,1,6,8,1021
0,1,6,9,1006
0,1,6,10,1035
0,1,6,11,1044
0,1,6,12,1023
0,1,6,13,1011
0,1,6,14,1019
0,1,6,15,1009
0,1,6,16,1006
0,1,6,17,1024
0,1,6,18,1015
0,1,6,19,1008
0,1,6,20,1028
0,1,6,21,1032
0,1,6,22,997
0,1,6,23,1017
0,1,6,24,1011
0,1,6,25,1014
0,1,6,26,1000
0,1,6,27,1049
0,1,6,28,1039
0,1,6,29,1026
0,1,6,30,1012
0,1,6,31,1045
0,1,6,32,1017
0,1,6,33,1027
0,1,6,34,1016
0,1,6,35,1053
0,1,6,36,1024
0,1,6,37,1028
0,1,6,38,1012
0,1,6,39,1043
0,1,6,40,1015
0,1,6,41,1027
0,1,6,42,1022
0,1,6,43,1448
0,1,6,44,1062
0,1,6,45,996
0,1,6,46,1022
0,1,6,47,1000
0,1,6,48,1000
0,1,6,49,1033
0,1,6,50,1026
0,1,6,51,1016
0,1,6,52,1031
0,1,6,53,1037
0,1,6,54,1010
0,1,6,55,1025
0,1,6,56,1033
0,1,6,57,1031
0,1,6,58,1033
0,1,6,59,1017
0,1,6,60,1041
0,1,6,61,1015
0,1,6,62,1021
0,1,6,63,1033
0,1,7,0,1012
0,1,7,1,1024
0,1,7,2,1029
0,1,7,3,999
0,1,7,4,1028
0,1,7,5,1017
0,1,7,6,1018
0,1,7,7,1016
0,1,7,8,1025
0,1,7,9,1017
0,1,7,10,1019
0,1,7,11,1014
0,1,7,12,1048
0,1,7,13,1049
0,1,7,14,1032
0,1,7,15,1015
0,1,7,16,1037
0,1,7,17,1045
0,1,7,18,1025
0,1,7,19,1047
0,1,7,20,1022
0,1,7,21,1034
0,1,7,22,1021
0,1,7,23,1009
0,1,7,24,1034
0,1,7,25,1023
0,1,7,26,1019
0,1,7,27,1030
0,1,7,28,1036
0,1,7,29,1025
0,1,7,30,1050
0,1,7,31,1036
0,1,7,32,1020
0,1,7,33,1008
0,1,7,34,1024
0,1,7,35,1016
0,1,7,36,1039
0,1,7,37,1018
0,1,7,38,1015
0,1,7,39,1009
0,1,7,40,1006
0,1,7,41,1023
0,1,7,42,1028
0,1,7,43,1011
0,1,7,44,1024
0,1,7,45,1025
0,1,7,46,1025
0,1,7,47,1000
0,1,7,48,1020
0,1,7,49,1021
0,1,7,50,1031
0,1,7,51,1029
0,1,7,52,1012
0,1,7,53,1026
0,1,7,54,1011
0,1,7,55,1045
0,1,7,56,1028
0,1,7,57,1034
0,1,7,58,1003
0,1,7,59,1047
0,1,7,60,1016
0,1,7,61,1010
0,1,7,62,1011
0,1,7,63,1042
0,0,7,0,991
0,0,7,1,1004
0,0,7,2,983
0,0,7,3,989
0,0,7,4,1011
0,0,7,5,1000
0,0,7,6,1000
0,0,7,7,986
0,0,7,8,1009
0,0,7,9,993
0,0,7,10,998
0,0,7,11,979
0,0,7,12,1003
0,0,7,13,994
0,0,7,14,991
0,0,7,15,990
0,0,7,16,1003
0,0,7,17,1002
0,0,7,18,979
0,0,7,19,981
0,0,7,20,992
0,0,7,21,1009
0,0,7,22,998
0,0,7,23,992
0,0,7,24,984
0,0,7,25,998
0,0,7,26,987
0,0,7,27,1008
0,0,7,28,987
0,0,7,29,988
0,0,7,30,1006
0,0,7,31,977
0,0,7,32,988
0,0,7,33,1044
0,0,7,34,987
0,0,7,35,986
0,0,7,36,994
0,0,7,37,991
0,0,7,38,982
0,0,7,39,999
0,0,7,40,997
0,0,7,41,979
0,0,7,42,1000
0,0,7,43,985
0,0,7,44,990
0,0,7,45,989
0,0,7,46,985
0,0,7,47,987
0,0,7,48,990
0,0,7,49,984
0,0,7,50,975
0,0,7,51,989
0,0,7,52,972
0,0,7,53,993
0,0,7,54,997
0,0,7,55,988
0,0,7,56,976
0,0,7,57,997
0,0,7,58,983
0,0,7,59,986
0,0,7,60,999
0,0,7,61,1002
0,0,7,62,996
0,0,7,63,969
1,0,0,0,1176
1,0,0,1,1197
1,0,0,2,1188
1,0,0,3,1196
1,0,0,4,1205
1,0,0,5,1179
1,0,0,6,1162
1,0,0,7,1199
1,0,0,8,1188
1,0,0,9,1173
1,0,0,10,1163
1,0,0,11,1196
1,0,0,12,1173
1,0,0,13,1175
1,0,0,14,1175
1,0,0,15,1164
1,0,0,16,1193
1,0,0,17,1178
1,0,0,18,1177
1,0,0,19,1187
1,0,0,20,1181
1,0,0,21,1186
1,0,0,22,1182
1,0,0,23,1206
1,0,0,24,1176
1,0,0,25,1184
1,0,0,26,1199
1,0,0,27,1186
1,0,0,28,1180
1,0,0,29,1167
1,0,0,30,1174
1,0,0,31,1179
1,0,0,32,1190
1,0,0,33,1189
1,0,0,34,1188
1,0,0,35,1179
1,0,0,36,1191
1,0,0,37,1187
1,0,0,38,1183
1,0,0,39,1186
1,0,0,40,1195
1,0,0,41,1192
1,0,0,42,1177
1,0,0,43,1166
1,0,0,44,1170
1,0,0,45,1184
1,0,0,46,1179
1,0,0,47,1162
1,0,0,48,1169
1,0,0,49,1186
1,0,0,50,1182
1,0,0,51,1176
1,0,0,52,1180
1,0,0,53,1188
1,0,0,54,1157
1,0,0,55,1164
1,0,0,56,1171
1,0,0,57,1167
1,0,0,58,1161
1,0,0,59,1181
1,0,0,60,1178
1,0,0,61,1201
1,0,0,62,1181
1,0,0,63,1194
1,1,0,0,1206
1,1,0,1,1217
1,1,0,2,1211
1,1,0,3,1216
1,1,0,4,1241
1,1,0,5,1221
1,1,0,6,1215
1,1,0,7,1199
1,1,0,8,1217
1,1,0,9,1220
1,1,0,10,1221
1,1,0,11,1217
1,1,0,12,1209
1,1,0,13,1200
1,1,0,14,1217
1,1,0,15,1219
1,1,0,16,1211
1,1,0,17,1227
1,1,0,18,1229
1,1,0,19,1214
1,1,0,20,1207
1,1,0,21,1221
1,1,0,22,1187
1,1,0,23,1193
1,1,0,24,1230
1,1,0,25,1199
1,1,0,26,1195
1,1,0,27,1203
1,1,0,28,1216
1,1,0,29,1212
1,1,0,30,1204
1,1,0,31,1246
1,1,0,32,1204
1,1,0,33,1232
1,1,0,34,1213
1,1,0,35,1197
1,1,0,36,1213
1,1,0,37,1209
1,1,0,38,1206
1,1,0,39,1217
1,1,0,40,1215
1,1,0,41,1221
1,1,0,42,1198
1,1,0,43,1201
1,1,0,44,1202
1,1,0,45,1219
1,1,0,46,1197
1,1,0,47,1207
1,1,0,48,1229
1,1,0,49,1207
1,1,0,50,1200
1,1,0,51,1196
1,1,0,52,1212
1,1,0,53,1200
1,1,0,54,1216
1,1,0,55,1221
1,1,0,56,1220
1,1,0,57,1232
1,1,0,58,1193
1,1,0,59,1209
1,1,0,60,1219
1,1,0,61,1201
1,1,0,62,1189
1,1,0,63,1223
1,1,1,0,1205
1,1,1,1,1221
1,1,1,2,1215
1,1,1,3,1226
1,1,1,4,1234
1,1,1,5,1201
1,1,1,6,1228
1,1,1,7,2474
1,1,1,8,1212
1,1,1,9,1206
1,1,1,10,1227
1,1,1,11,1203
1,1,1,12,1188
1,1,1,13,1193
1,1,1,14,1216
1,1,1,15,1216
1,1,1,16,1214
1,1,1,17,1207
1,1,1,18,1231
1,1,1,19,1203
1,1,1,20,1191
1,1,1,21,1206
1,1,1,22,1211
1,1,1,23,1229
1,1,1,24,1193
1,1,1,25,1208
1,1,1,26,1205
1,1,1,27,1213
1,1,1,28,1215
1,1,1,29,1204
1,1,1,30,1200
1,1,1,31,1196
1,1,1,32,1199
1,1,1,33,1213
1,1,1,34,1218
1,1,1,35,1213
1,1,1,36,1192
1,1,1,37,1201
1,1,1,38,1223
1,1,1,39,1204
1,1,1,40,1194
1,1,1,41,1216
1,1,1,42,1216
1,1,1,43,1181
1,1,1,44,1223
1,1,1,45,1203
1,1,1,46,1222
1,1,1,47,1233
1,1,1,48,1215
1,1,1,49,1199
1,1,1,50,1225
1,1,1,51,1210
1,1,1,52,1223
1,1,1,53,1211
1,1,1,54,1221
1,1,1,55,1200
1,1,1,56,1213
1,1,1,57,1195
1,1,1,58,1201
1,1,1,59,1193
1,1,1,60,1219
1,1,1,61,1198
1,1,1,62,1214
1,1,1,63,1209
1,0,1,0,1188
1,0,1,1,1185
1,0,1,2,1205
1,0,1,3,1201
1,0,1,4,1180
1,0,1,5,1176
1,0,1,6,1162
1,0,1,7,1180
1,0,1,8,1190
1,0,1,9,1167
1,0,1,10,1165
1,0,1,11,1189
1,0,1,12,1173
1,0,1,13,1159
1,0,1,14,1177
1,0,1,15,1171
1,0,1,16,1193
1,0,1,17,1175
1,0,1,18,1179
1,0,1,19,1183
1,0,1,20,1190
1,0,1,21,1199
1,0,1,22,1185
1,0,1,23,1182
1,0,1,24,1187
1,0,1,25,1196
1,0,1,26,1183
1,0,1,27,1180
1,0,1,28,1181
1,0,1,29,1186
1,0,1,30,1181
1,0,1,31,1184
1,0,1,32,1184
1,0,1,33,1160
1,0,1,34,1179
1,0,1,35,1193
1,0,1,36,1189
1,0,1,37,1193
1,0,1,38,1179
1,0,1,39,1171
1,0,1,40,1195
1,0,1,41,1190
1,0,1,42,1151
1,0,1,43,1167
1,0,1,44,1162
1,0,1,45,1154
1,0,1,46,1187
1,0,1,47,1163
1,0,1,48,1186
1,0,1,49,1186
1,0,1,50,1192
1,0,1,51,1186
1,0,1,52,1177
1,0,1,53,1166
1,0,1,54,1165
1,0,1,55,1187
1,0,1,56,1160
1,0,1,57,1163
1,0,1,58,1190
1,0,1,59,1177
1,0,1,60,1172
1,0,1,61,1189
1,0,1,62,1190
1,0,1,63,1198
1,0,2,0,1181
1,0,2,1,1189
1,0,2,2,1170
1,0,2,3,1203
1,0,2,4,1191
1,0,2,5,1190
1,0,2,6,1180
1,0,2,7,1153
1,0,2,8,1159
1,0,2,9,1201
1,0,2,10,1193
1,0,2,11,1161
1,0,2,12,1172
1,0,2,13,1162
1,0,2,14,1169
1,0,2,15,1160
1,0,2,16,1186
1,0,2,17,1162
1,0,2,18,1184
1,0,2,19,1204
1,0,2,20,1186
1,0,2,21,1163
1,0,2,22,1184
1,0,2,23,1177
1,0,2,24,1195
1,0,2,25,1183
1,0,2,26,1189
1,0,2,27,1177
1,0,2,28,1180
1,0,2,29,1185
1,0,2,30,1182
1,0,2,31,1159
1,0,2,32,1198
1,0,2,33,1154
1,0,2,34,1176
1,0,2,35,1185
1,0,2,36,1185
1,0,2,37,1176
1,0,2,38,1199
1,0,2,39,1165
1,0,2,40,1184
1,0,2,41,1183
1,0,2,42,1189
1,0,2,43,1183
1,0,2,44,1191
1,0,2,45,1174
1,0,2,46,1212
1,0,2,47,1175
1,0,2,48,1194
1,0,2,49,1194
1,0,2,50,1177
1,0,2,51,1189
1,0,2,52,1157
1,0,2,53,1187
1,0,2,54,1170
1,0,2,55,1153
1,0,2,56,1175
1,0,2,57,1188
1,0,2,58,1182
1,0,2,59,1186
1,0,2,60,1180
1,0,2,61,1182
1,0,2,62,1174
1,0,2,63,1185
1,1,2,0,1208
1,1,2,1,1232
1,1,2,2,1240
1,1,2,3,1231
1,1,2,4,1242
1,1,2,5,1227
1,1,2,6,1211
1,1,2,7,1195
1,1,2,8,1193
1,1,2,9,1197
1,1,2,10,1199
1,1,2,11,1203
1,1,2,12,1199
1,1,2,13,1213
1,1,2,14,1207
1,1,2,15,1215
1,1,2,16,1201
1,1,2,17,1215
1,1,2,18,1196
1,1,2,19,1191
1,1,2,20,1214
1,1,2,21,1208
1,1,2,22,1220
1,1,2,23,1218
1,1,2,24,1211
1,1,2,25,1229
1,1,2,26,1221
1,1,2,27,1222
1,1,2,28,1209
1,1,2,29,1195
1,1,2,30,1203
1,1,2,31,1237
1,1,2,32,1208
1,1,2,33,1200
1,1,2,34,1210
1,1,2,35,1217
1,1,2,36,1196
1,1,2,37,1211
1,1,2,38,1233
1,1,2,39,1212
1,1,2,40,1211
1,1,2,41,1217
1,1,2,42,1190
1,1,2,43,1202
1,1,2,44,1212
1,1,2,45,1196
1,1,2,46,1219
1,1,2,47,1208
1,1,2,48,1209
1,1,2,49,1217
1,1,2,50,1191
1,1,2,51,1212
1,1,2,52,1212
1,1,2,53,1207
1,1,2,54,1215
1,1,2,55,1200
1,1,2,56,1225
1,1,2,57,1206
1,1,2,58,1222
1,1,2,59,1203
1,1,2,60,1222
1,1,2,61,1216
1,1,2,62,1205
1,1,2,63,1220
1,1,3,0,1200
1,1,3,1,1216
1,1,3,2,1206
1,1,3,3,1213
1,1,3,4,1196
1,1,3,5,1210
1,1,3,6,1215
1,1,3,7,1182
1,1,3,8,1213
1,1,3,9,1200
1,1,3,10,1211
1,1,3,11,1201
1,1,3,12,1207
1,1,3,13,1219
1,1,3,14,1208
1,1,3,15,1202
1,1,3,16,1225
1,1,3,17,1196
1,1,3,18,1205
1,1,3,19,1205
1,1,3,20,1205
1,1,3,21,1207
1,1,3,22,1218
1,1,3,23,1218
1,1,3,24,1216
1,1,3,25,1211
1,1,3,26,1198
1,1,3,27,1201
1,1,3,28,1222
1,1,3,29,1204
1,1,3,30,1207
1,1,3,31,1219
1,1,3,32,1216
1,1,3,33,1202
1,1,3,34,1211
1,1,3,35,1195
1,1,3,36,1189
1,1,3,37,1201
1,1,3,38,1202
1,1,3,39,1199
1,1,3,40,1194
1,1,3,41,1216
1,1,3,42,1187
1,1,3,43,1216
1,1,3,44,1198
1,1,3,45,1208
1,1,3,46,1202
1,1,3,47,1213
1,1,3,48,1211
1,1,3,49,1211
1,1,3,50,1210
1,1,3,51,2078
1,1,3,52,2776
1,1,3,53,1276
1,1,3,54,1218
1,1,3,55,1219
1,1,3,56,1195
1,1,3,57,1218
1,1,3,58,1214
1,1,3,59,1218
1,1,3,60,1202
1,1,3,61,1207
1,1,3,62,1187
1,1,3,63,1206
1,0,3,0,1198
1,0,3,1,1212
1,0,3,2,1198
1,0,3,3,1201
1,0,3,4,1215
1,0,3,5,1194
1,0,3,6,1175
1,0,3,7,1170
1,0,3,8,1199
1,0,3,9,1184
1,0,3,10,1188
1,0,3,11,1168
1,0,3,12,1184
1,0,3,13,1173
1,0,3,14,1179
1,0,3,15,1160
1,0,3,16,1183
1,0,3,17,1190
1,0,3,18,1156
1,0,3,19,1168
1,0,3,20,1192
1,0,3,21,1190
1,0,3,22,1187
1,0,3,23,1189
1,0,3,24,1165
1,0,3,25,1188
1,0,3,26,1183
1,0,3,27,1154
1,0,3,28,1182
1,0,3,29,1168
1,0,3,30,1156
1,0,3,31,1183
1,0,3,32,1172
1,0,3,33,1201
1,0,3,34,1198
1,0,3,35,1169
1,0,3,36,1172
1,0,3,37,1180
1,0,3,38,1192
1,0,3,39,1171
1,0,3,40,1164
1,0,3,41,1177
1,0,3,42,1169
1,0,3,43,1179
1,0,3,44,1161
1,0,3,45,1170
1,0,3,46,1167
1,0,3,47,1195
1,0,3,48,1161
1,0,3,49,1194
1,0,3,50,1173
1,0,3,51,1188
1,0,3,52,1183
1,0,3,53,1180
1,0,3,54,1184
1,0,3,55,1173
1,0,3,56,1154
1,0,3,57,1171
1,0,3,58,1187
1,0,3,59,1187
1,0,3,60,1184
1,0,3,61,1167
1,0,3,62,1155
1,0,3,63,1162
1,0,4,0,1191
1,0,4,1,1176
1,0,4,2,1160
1,0,4,3,1188
1,0,4,4,1174
1,0,4,5,1173
1,0,4,6,1186
1,0,4,7,1178
1,0,4,8,1158
1,0,4,9,1182
1,0,4,10,1154
1,0,4,11,1201
1,0,4,12,1161
1,0,4,13,1172
1,0,4,14,1168
1,0,4,15,1188
1,0,4,16,1181
1,0,4,17,1180
1,0,4,18,1179
1,0,4,19,1185
1,0,4,20,1185
1,0,4,21,1185
1,0,4,22,1168
1,0,4,23,1172
1,0,4,24,1184
1,0,4,25,1166
1,0,4,26,1202
1,0,4,27,1171
1,0,4,28,1186
1,0,4,29,1177
1,0,4,30,1164
1,0,4,31,1191
1,0,4,32,1174
1,0,4,33,1175
1,0,4,34,1165
1,0,4,35,1191
1,0,4,36,1153
1,0,4,37,1177
1,0,4,38,1187
1,0,4,39,1180
1,0,4,40,1185
1,0,4,41,1180
1,0,4,42,1166
1,0,4,43,1189
1,0,4,44,1174
1,0,4,45,1164
1,0,4,46,1163
1,0,4,47,1185
1,0,4,48,1181
1,0,4,49,1179
1,0,4,50,1180
1,0,4,51,1166
1,0,4,52,1168
1,0,4,53,1179
1,0,4,54,1185
1,0,4,55,1176
1,0,4,56,1203
1,0,4,57,1189
1,0,4,58,1185
1,0,4,59,1174
1,0,4,60,1161
1,0,4,61,1162
1,0,4,62,1174
1,0,4,63,1166
1,1,4,0,1219
1,1,4,1,1219
1,1,4,2,1211
1,1,4,3,1249
1,1,4,4,1233
1,1,4,5,1210
1,1,4,6,1216
1,1,4,7,1201
1,1,4,8,1212
1,1,4,9,1211
1,1,4,10,1189
1,1,4,11,1213
1,1,4,12,1223
1,1,4,13,1183
1,1,4,14,1214
1,1,4,15,1225
1,1,4,16,1215
1,1,4,17,1213
1,1,4,18,1200
1,1,4,19,1204
1,1,4,20,1210
1,1,4,21,1192
1,1,4,22,1228
1,1,4,23,1231
1,1,4,24,1200
1,1,4,25,1213
1,1,4,26,1207
1,1,4,27,1209
1,1,4,28,1218
1,1,4,29,1221
1,1,4,30,1218
1,1,4,31,1214
1,1,4,32,1196
1,1,4,33,1204
1,1,4,34,1180
1,1,4,35,1218
1,1,4,36,1207
1,1,4,37,1217
1,1,4,38,1186
1,1,4,39,1212
1,1,4,40,1214
1,1,4,41,1222
1,1,4,42,1197
1,1,4,43,1210
1,1,4,44,1217
1,1,4,45,1218
1,1,4,46,1189
1,1,4,47,1210
1,1,4,48,1207
1,1,4,49,1208
1,1,4,50,1189
1,1,4,51,1193
1,1,4,52,1231
1,1,4,53,1207
1,1,4,54,1204
1,1,4,55,1222
1,1,4,56,1203
1,1,4,57,1229
1,1,4,58,1201
1,1,4,59,1218
1,1,4,60,1202
1,1,4,61,1201
1,1,4,62,1207
1,1,4,63,1208
1,1,5,0,1172
1,1,5,1,1208
1,1,5,2,1199
1,1,5,3,1219
1,1,5,4,1189
1,1,5,5,1213
1,1,5,6,1214
1,1,5,7,1203
1,1,5,8,1204
1,1,5,9,1213
1,1,5,10,1208
1,1,5,11,1194
1,1,5,12,1209
1,1,5,13,1222
1,1,5,14,1213
1,1,5,15,1191
1,1,5,16,1193
1,1,5,17,1240
1,1,5,18,1213
1,1,5,19,1207
1,1,5,20,1209
1,1,5,21,1198
1,1,5,22,1202
1,1,5,23,1223
1,1,5,24,1218
1,1,5,25,1224
1,1,5,26,1200
1,1,5,27,1199
1,1,5,28,1221
1,1,5,29,1203
1,1,5,30,1218
1,1,5,31,1200
1,1,5,32,1207
1,1,5,33,1215
1,1,5,34,1207
1,1,5,35,1238
1,1,5,36,1201
1,1,5,37,1215
1,1,5,38,1198
1,1,5,39,1207
1,1,5,40,1213
1,1,5,41,1211
1,1,5,42,1207
1,1,5,43,1208
1,1,5,44,1218
1,1,5,45,1202
1,1,5,46,1195
1,1,5,47,1206
1,1,5,48,1209
1,1,5,49,1215
1,1,5,50,1206
1,1,5,51,1217
1,1,5,52,1205
1,1,5,53,1214
1,1,5,54,1222
1,1,5,55,1201
1,1,5,56,1205
1,1,5,57,1212
1,1,5,58,1203
1,1,5,59,1203
1,1,5,60,1223
1,1,5,61,1224
1,1,5,62,1210
1,1,5,63,1211
1,0,5,0,1186
1,0,5,1,1209
1,0,5,2,1216
1,0,5,3,1202
1,0,5,4,1197
1,0,5,5,1186
1,0,5,6,1178
1,0,5,7,1202
1,0,5,8,1172
1,0,5,9,1170
1,0,5,10,1199
1,0,5,11,1186
1,0,5,12,1184
1,0,5,13,1183
1,0,5,14,1169
1,0,5,15,1177
1,0,5,16,1176
1,0,5,17,1203
1,0,5,18,1193
1,0,5,19,1198
1,0,5,20,1187
1,0,5,21,1196
1,0,5,22,1172
1,0,5,23,1199
1,0,5,24,2186
1,0,5,25,1182
1,0,5,26,1172
1,0,5,27,1186
1,0,5,28,1161
1,0,5,29,1152
1,0,5,30,1175
1,0,5,31,1180
1,0,5,32,1174
1,0,5,33,1168
1,0,5,34,1187
1,0,5,35,1173
1,0,5,36,1178
1,0,5,37,1178
1,0,5,38,1154
1,0,5,39,1175
1,0,5,40,1183
1,0,5,41,1179
1,0,5,42,1196
1,0,5,43,1171
1,0,5,44,1173
1,0,5,45,1187
1,0,5,46,1185
1,0,5,47,1164
1,0,5,48,1178
1,0,5,49,1172
1,0,5,50,1178
1,0,5,51,1179
1,0,5,52,1199
1,0,5,53,1200
1,0,5,54,1182
1,0,5,55,1192
1,0,5,56,1175
1,0,5,57,1159
1,0,5,58,1187
1,0,5,59,1164
1,0,5,60,1166
1,0,5,61,1184
1,0,5,62,1188
1,0,5,63,1173
1,0,6,0,1177
1,0,6,1,1176
1,0,6,2,1198
1,0,6,3,1168
1,0,6,4,1178
1,0,6,5,1187
1,0,6,6,1183
1,0,6,7,1178
1,0,6,8,1175
1,0,6,9,1169
1,0,6,10,1162
1,0,6,11,1191
1,0,6,12,1170
1,0,6,13,1183
1,0,6,14,1188
1,0,6,15,1189
1,0,6,16,1175
1,0,6,17,1160
1,0,6,18,1185
1,0,6,19,1201
1,0,6,20,1179
1,0,6,21,1158
1,0,6,22,1191
1,0,6,23,1184
1,0,6,24,1171
1,0,6,25,1197
1,0,6,26,1186
1,0,6,27,1166
1,0,6,28,1209
1,0,6,29,1182
1,0,6,30,1192
1,0,6,31,1180
1,0,6,32,1178
1,0,6,33,1176
1,0,6,34,1180
1,0,6,35,1173
1,0,6,36,1177
1,0,6,37,1170
1,0,6,38,1190
1,0,6,39,1196
1,0,6,40,1197
1,0,6,41,1187
1,0,6,42,1175
1,0,6,43,1184
1,0,6,44,1203
1,0,6,45,1167
1,0,6,46,1173
1,0,6,47,1182
1,0,6,48,1176
1,0,6,49,1181
1,0,6,50,1167
1,0,6,51,1170
1,0,6,52,1188
1,0,6,53,1187
1,0,6,54,1174
1,0,6,55,1201
1,0,6,56,1174
1,0,6,57,1209
1,0,6,58,1188
1,0,6,59,1183
1,0,6,60,1195
1,0,6,61,1209
1,0,6,62,1191
1,0,6,63,1206
1,1,6,0,1184
1,1,6,1,1261
1,1,6,2,1235
1,1,6,3,1249
1,1,6,4,1234
1,1,6,5,1201
1,1,6,6,1210
1,1,6,7,1239
1,1,6,8,1200
1,1,6,9,1200
1,1,6,10,1285
1,1,6,11,1236
1,1,6,12,1188
1,1,6,13,1196
1,1,6,14,1174
1,1,6,15,1216
1,1,6,16,1770
1,1,6,17,1223
1,1,6,18,1209
1,1,6,19,1214
1,1,6,20,1198
1,1,6,21,1175
1,1,6,22,1191
1,1,6,23,1228
1,1,6,24,1206
1,1,6,25,1218
1,1,6,26,1205
1,1,6,27,1204
1,1,6,28,1219
1,1,6,29,1222
1,1,6,30,1216
1,1,6,31,1197
1,1,6,32,1198
1,1,6,33,1231
1,1,6,34,1224
1,1,6,35,1204
1,1,6,36,1218
1,1,6,37,1209
1,1,6,38,1198
1,1,6,39,1215
1,1,6,40,1213
1,1,6,41,1212
1,1,6,42,1225
1,1,6,43,1209
1,1,6,44,1205
1,1,6,45,1208
1,1,6,46,1212
1,1,6,47,1230
1,1,6,48,1225
1,1,6,49,1219
1,1,6,50,1192
1,1,6,51,1197
1,1,6,52,1211
1,1,6,53,1214
1,1,6,54,1206
1,1,6,55,1182
1,1,6,56,1204
1,1,6,57,1207
1,1,6,58,1202
1,1,6,59,1222
1,1,6,60,1232
1,1,6,61,1220
1,1,6,62,1212
1,1,6,63,1203
1,1,7,0,1200
1,1,7,1,1215
1,1,7,2,1177
1,1,7,3,1198
1,1,7,4,1180
1,1,7,5,1202
1,1,7,6,1212
1,1,7,7,1223
1,1,7,8,1218
1,1,7,9,1204
1,1,7,10,1216
1,1,7,11,1211
1,1,7,12,1204
1,1,7,13,1200
1,1,7,14,1206
1,1,7,15,1220
1,1,7,16,1198
1,1,7,17,1217
1,1,7,18,1200
1,1,7,19,1193
1,1,7,20,1197
1,1,7,21,1201
1,1,7,22,1196
1,1,7,23,1192
1,1,7,24,1210
1,1,7,25,1190
1,1,7,26,1222
1,1,7,27,1212
1,1,7,28,1204
1,1,7,29,1222
1,1,7,30,1205
1,1,7,31,1186
1,1,7,32,1209
1,1,7,33,1211
1,1,7,34,1206
1,1,7,35,1210
1,1,7,36,1197
1,1,7,37,1215
1,1,7,38,1192
1,1,7,39,1223
1,1,7,40,1196
1,1,7,41,1199
1,1,7,42,1191
1,1,7,43,1196
1,1,7,44,1221
1,1,7,45,1201
1,1,7,46,1207
1,1,7,47,1205
1,1,7,48,1198
1,1,7,49,1213
1,1,7,50,1212
1,1,7,51,1209
1,1,7,52,1232
1,1,7,53,1221
1,1,7,54,1206
1,1,7,55,1219
1,1,7,56,1217
1,1,7,57,1180
1,1,7,58,1198
1,1,7,59,1215
1,1,7,60,1210
1,1,7,61,1217
1,1,7,62,1213
1,1,7,63,1191
1,0,7,0,1167
1,0,7,1,1213
1,0,7,2,1175
1,0,7,3,1200
1,0,7,4,1208
1,0,7,5,1171
1,0,7,6,1186
1,0,7,7,1195
1,0,7,8,1191
1,0,7,9,1165
1,0,7,10,1201
1,0,7,11,1191
1,0,7,12,1175
1,0,7,13,1185
1,0,7,14,1174
1,0,7,15,1180
1,0,7,16,1184
1,0,7,17,1194
1,0,7,18,1177
1,0,7,19,1190
1,0,7,20,1164
1,0,7,21,1189
1,0,7,22,1179
1,0,7,23,1196
1,0,7,24,1181
1,0,7,25,1181
1,0,7,26,1176
1,0,7,27,1182
1,0,7,28,1176
1,0,7,29,1197
1,0,7,30,1170
1,0,7,31,1199
1,0,7,32,1179
1,0,7,33,1183
1,0,7,34,1143
1,0,7,35,1205
1,0,7,36,1174
1,0,7,37,1166
1,0,7,38,1182
1,0,7,39,1171
1,0,7,40,1178
1,0,7,41,1192
1,0,7,42,1186
1,0,7,43,1189
1,0,7,44,1182
1,0,7,45,1185
1,0,7,46,1177
1,0,7,47,1179
1,0,7,48,1196
1,0,7,49,1179
1,0,7,50,1193
1,0,7,51,1193
1,0,7,52,1195
1,0,7,53,1178
1,0,7,54,1195
1,0,7,55,1194
1,0,7,56,1166
1,0,7,57,1165
1,0,7,58,1225
1,0,7,59,1199
1,0,7,60,1178
1,0,7,61,1177
1,0,7,62,1199
1,0,7,63,2343
2,0,0,0,19353
2,0,0,1,19613
2,0,0,2,19772
2,0,0,3,19859
2,0,0,4,19402
2,0,0,5,19377
2,0,0,6,19542
2,0,0,7,19394
2,0,0,8,19298
2,0,0,9,19360
2,0,0,10,19529
2,0,0,11,19344
2,0,0,12,19631
2,0,0,13,19648
2,0,0,14,19704
2,0,0,15,19276
2,0,0,16,19246
2,0,0,17,19471
2,0,0,18,19389
2,0,0,19,19406
2,0,0,20,19702
2,0,0,21,19531
2,0,0,22,19615
2,0,0,23,19486
2,0,0,24,19576
2,0,0,25,19427
2,0,0,26,19587
2,0,0,27,19417
2,0,0,28,19529
2,0,0,29,19401
2,0,0,30,19638
2,0,0,31,19378
2,0,0,32,19564
2,0,0,33,19553
2,0,0,34,19468
2,0,0,35,19528
2,0,0,36,19505
2,0,0,37,19597
2,0,0,38,19538
2,0,0,39,19599
2,0,0,40,19452
2,0,0,41,19491
2,0,0,42,19475
2,0,0,43,19520
2,0,0,44,19464
2,0,0,45,19487
2,0,0,46,19298
2,0,0,47,19271
2,0,0,48,19276
2,0,0,49,19403
2,0,0,50,19680
2,0,0,51,19478
2,0,0,52,19389
2,0,0,53,20490
2,0,0,54,19318
2,0,0,55,19349
2,0,0,56,19842
2,0,0,57,19667
2,0,0,58,19651
2,0,0,59,19570
2,0,0,60,19507
2,0,0,61,19473
2,0,0,62,19638
2,0,0,63,19360
2,1,0,0,19782
2,1,0,1,19742
2,1,0,2,19812
2,1,0,3,19844
2,1,0,4,19511
2,1,0,5,19409
2,1,0,6,19445
2,1,0,7,19405
2,1,0,8,19335
2,1,0,9,19450
2,1,0,10,19519
2,1,0,11,19511
2,1,0,12,19380
2,1,0,13,19392
2,1,0,14,19403
2,1,0,15,19429
2,1,0,16,19780
2,1,0,17,19525
2,1,0,18,19486
2,1,0,19,19400
2,1,0,20,19437
2,1,0,21,19316
2,1,0,22,19659
2,1,0,23,19538
2,1,0,24,19458
2,1,0,25,19413
2,1,0,26,19735
2,1,0,27,19333
2,1,0,28,19321
2,1,0,29,19388
2,1,0,30,19452
2,1,0,31,19410
2,1,0,32,19483
2,1,0,33,19357
2,1,0,34,19492
2,1,0,35,19416
2,1,0,36,19669
2,1,0,37,19315
2,1,0,38,19486
2,1,0,39,19734
2,1,0,40,19729
2,1,0,41,19444
2,1,0,42,19690
2,1,0,43,19572
2,1,0,44,19724
2,1,0,45,19865
2,1,0,46,19533
2,1,0,47,19368
2,1,0,48,19448
2,1,0,49,19703
2,1,0,50,19337
2,1,0,51,19503
2,1,0,52,19468
2,1,0,53,19367
2,1,0,54,19409
2,1,0,55,19398
2,1,0,56,19349
2,1,0,57,19630
2,1,0,58,19595
2,1,0,59,19693
2,1,0,60,19424
2,1,0,61,19388
2,1,0,62,19501
2,1,0,63,19281
2,1,1,0,19334
2,1,1,1,19605
2,1,1,2,19416
2,1,1,3,19515
2,1,1,4,19356
2,1,1,5,19365
2,1,1,6,19713
2,1,1,7,19613
2,1,1,8,19389
2,1,1,9,19398
2,1,1,10,19866
2,1,1,11,19550
2,1,1,12,19392
2,1,1,13,19674
2,1,1,14,19494
2,1,1,15,19466
2,1,1,16,19614
2,1,1,17,19355
2,1,1,18,19590
2,1,1,19,19384
2,1,1,20,19781
2,1,1,21,19700
2,1,1,22,19579
2,1,1,23,19546
2,1,1,24,19448
2,1,1,25,19460
2,1,1,26,19538
2,1,1,27,19536
2,1,1,28,19473
2,1,1,29,19411
2,1,1,30,19462
2,1,1,31,19534
2,1,1,32,19431
2,1,1,33,19357
2,1,1,34,19467
2,1,1,35,19694
2,1,1,36,19512
2,1,1,37,19343
2,1,1,38,19403
2,1,1,39,19411
2,1,1,40,19310
2,1,1,41,19550
2,1,1,42,19660
2,1,1,43,19532
2,1,1,44,19756
2,1,1,45,19477
2,1,1,46,19459
2,1,1,47,19401
2,1,1,48,19538
2,1,1,49,19483
2,1,1,50,19587
2,1,1,51,19585
2,1,1,52,19356
2,1,1,53,19388
2,1,1,54,19483
2,1,1,55,19391
2,1,1,56,19467
2,1,1,57,19317
2,1,1,58,19505
2,1,1,59,19439
2,1,1,60,19425
2,1,1,61,19533
2,1,1,62,19474
2,1,1,63,19341
2,0,1,0,19376
2,0,1,1,19541
2,0,1,2,19753
2,0,1,3,19411
2,0,1,4,19614
2,0,1,5,19358
2,0,1,6,19393
2,0,1,7,19703
2,0,1,8,19342
2,0,1,9,19577
2,0,1,10,19379
2,0,1,11,19657
2,0,1,12,19987
2,0,1,13,19533
2,0,1,14,19808
2,0,1,15,19422
2,0,1,16,19278
2,0,1,17,19491
2,0,1,18,19468
2,0,1,19,19705
2,0,1,20,19383
2,0,1,21,19404
2,0,1,22,19488
2,0,1,23,19557
2,0,1,24,19486
2,0,1,25,19311
2,0,1,26,19330
2,0,1,27,19624
2,0,1,28,19539
2,0,1,29,19429
2,0,1,30,19490
2,0,1,31,19451
2,0,1,32,19432
2,0,1,33,19960
2,0,1,34,19586
2,0,1,35,19379
2,0,1,36,19426
2,0,1,37,19477
2,0,1,38,19311
2,0,1,39,19491
2,0,1,40,19559
2,0,1,41,19669
2,0,1,42,19463
2,0,1,43,19438
2,0,1,44,19409
2,0,1,45,19775
2,0,1,46,19376
2,0,1,47,19339
2,0,1,48,19472
2,0,1,49,19290
2,0,1,50,19483
2,0,1,51,19498
2,0,1,52,19323
2,0,1,53,19444
2,0,1,54,19253
2,0,1,55,19693
2,0,1,56,19335
2,0,1,57,19322
2,0,1,58,19590
2,0,1,59,19405
2,0,1,60,19460
2,0,1,61,19481
2,0,1,62,19677
2,0,1,63,19797
2,0,2,0,19427
2,0,2,1,19466
2,0,2,2,19533
2,0,2,3,19684
2,0,2,4,19447
2,0,2,5,19343
2,0,2,6,19382
2,0,2,7,19402
2,0,2,8,19678
2,0,2,9,19632
2,0,2,10,19664
2,0,2,11,19561
2,0,2,12,19306
2,0,2,13,19341
2,0,2,14,19465
2,0,2,15,21337
2,0,2,16,21455
2,0,2,17,19281
2,0,2,18,19460
2,0,2,19,19444
2,0,2,20,19283
2,0,2,21,19425
2,0,2,22,19530
2,0,2,23,19305
2,0,2,24,19441
2,0,2,25,19381
2,0,2,26,19495
2,0,2,27,19870
2,0,2,28,19351
2,0,2,29,19389
2,0,2,30,19426
2,0,2,31,19519
2,0,2,32,19754
2,0,2,33,19585
2,0,2,34,19362
2,0,2,35,19352
2,0,2,36,19502
2,0,2,37,19403
2,0,2,38,19467
2,0,2,39,19619
2,0,2,40,19278
2,0,2,41,19576
2,0,2,42,19656
2,0,2,43,19545
2,0,2,44,19740
2,0,2,45,19463
2,0,2,46,19691
2,0,2,47,19625
2,0,2,48,19480
2,0,2,49,19586
2,0,2,50,19349
2,0,2,51,19472
2,0,2,52,19258
2,0,2,53,19306
2,0,2,54,19395
2,0,2,55,19541
2,0,2,56,19334
2,0,2,57,23475
2,0,2,58,19688
2,0,2,59,19770
2,0,2,60,19720
2,0,2,61,19715
2,0,2,62,19407
2,0,2,63,19363
2,1,2,0,19488
2,1,2,1,19549
2,1,2,2,19372
2,1,2,3,19409
2,1,2,4,19547
2,1,2,5,19481
2,1,2,6,19298
2,1,2,7,19303
2,1,2,8,19532
2,1,2,9,19484
2,1,2,10,19421
2,1,2,11,19579
2,1,2,12,19664
2,1,2,13,19390
2,1,2,14,19384
2,1,2,15,19453
2,1,2,16,19659
2,1,2,17,19440
2,1,2,18,19647
2,1,2,19,19385
2,1,2,20,19438
2,1,2,21,19337
2,1,2,22,19553
2,1,2,23,19359
2,1,2,24,19403
2,1,2,25,19391
2,1,2,26,19467
2,1,2,27,19364
2,1,2,28,19434
2,1,2,29,19374
2,1,2,30,19649
2,1,2,31,19420
2,1,2,32,19421
2,1,2,33,19426
2,1,2,34,19665
2,1,2,35,19956
2,1,2,36,19593
2,1,2,37,19569
2,1,2,38,19487
2,1,2,39,19632
2,1,2,40,19343
2,1,2,41,19577
2,1,2,42,19468
2,1,2,43,19380
2,1,2,44,19488
2,1,2,45,19490
2,1,2,46,19354
2,1,2,47,19482
2,1,2,48,19346
2,1,2,49,19698
2,1,2,50,19522
2,1,2,51,19578
2,1,2,52,19350
2,1,2,53,19599
2,1,2,54,19594
2,1,2,55,19436
2,1,2,56,19674
2,1,2,57,19559
2,1,2,58,19437
2,1,2,59,19444
2,1,2,60,19775
2,1,2,61,19497
2,1,2,62,19458
2,1,2,63,19736
2,1,3,0,19694
2,1,3,1,19536
2,1,3,2,19389
2,1,3,3,19588
2,1,3,4,19373
2,1,3,5,19482
2,1,3,6,19367
2,1,3,7,19360
2,1,3,8,19440
2,1,3,9,19363
2,1,3,10,19557
2,1,3,11,19382
2,1,3,12,19352
2,1,3,13,20251
2,1,3,14,19721
2,1,3,15,19705
2,1,3,16,19808
2,1,3,17,19419
2,1,3,18,19430
2,1,3,19,19814
2,1,3,20,19670
2,1,3,21,19440
2,1,3,22,19757
2,1,3,23,19356
2,1,3,24,19558
2,1,3,25,19729
2,1,3,26,19577
2,1,3,27,19502
2,1,3,28,19592
2,1,3,29,19586
2,1,3,30,19455
2,1,3,31,19410
2,1,3,32,19343
2,1,3,33,19555
2,1,3,34,19511
2,1,3,35,19657
2,1,3,36,19320
2,1,3,37,19735
2,1,3,38,19421
2,1,3,39,19419
2,1,3,40,19772
2,1,3,41,19491
2,1,3,42,19588
2,1,3,43,19701
2,1,3,44,19422
2,1,3,45,19379
2,1,3,46,19442
2,1,3,47,19363
2,1,3,48,19423
2,1,3,49,19333
2,1,3,50,19416
2,1,3,51,19584
2,1,3,52,19738
2,1,3,53,19416
2,1,3,54,19373
2,1,3,55,19534
2,1,3,56,19425
2,1,3,57,19320
2,1,3,58,19497
2,1,3,59,19495
2,1,3,60,19594
2,1,3,61,19747
2,1,3,62,19484
2,1,3,63,19455
2,0,3,0,19459
2,0,3,1,19738
2,0,3,2,19342
2,0,3,3,19498
2,0,3,4,19447
2,0,3,5,19370
2,0,3,6,19380
2,0,3,7,19443
2,0,3,8,19483
2,0,3,9,19528
2,0,3,10,19522
2,0,3,11,19380
2,0,3,12,19404
2,0,3,13,19442
2,0,3,14,19590
2,0,3,15,19336
2,0,3,16,19378
2,0,3,17,19535
2,0,3,18,19297
2,0,3,19,19845
2,0,3,20,19242
2,0,3,21,19479
2,0,3,22,19354
2,0,3,23,19677
2,0,3,24,19712
2,0,3,25,19535
2,0,3,26,19414
2,0,3,27,19410
2,0,3,28,19684
2,0,3,29,19617
2,0,3,30,19619
2,0,3,31,19465
2,0,3,32,19466
2,0,3,33,19404
2,0,3,34,19453
2,0,3,35,19481
2,0,3,36,19383
2,0,3,37,22004
2,0,3,38,19451
2,0,3,39,19641
2,0,3,40,19574
2,0,3,41,19315
2,0,3,42,19523
2,0,3,43,19598
2,0,3,44,19745
2,0,3,45,19651
2,0,3,46,19579
2,0,3,47,19468
2,0,3,48,19523
2,0,3,49,19345
2,0,3,50,19578
2,0,3,51,19371
2,0,3,52,19385
2,0,3,53,19639
2,0,3,54,19336
2,0,3,55,19515
2,0,3,56,19637
2,0,3,57,19493
2,0,3,58,19540
2,0,3,59,19541
2,0,3,60,19592
2,0,3,61,19656
2,0,3,62,19588
2,0,3,63,19491
2,0,4,0,19306
2,0,4,1,19481
2,0,4,2,19356
2,0,4,3,19474
2,0,4,4,19456
2,0,4,5,19509
2,0,4,6,19588
2,0,4,7,19382
2,0,4,8,19589
2,0,4,9,19692
2,0,4,10,19348
2,0,4,11,19356
2,0,4,12,19504
2,0,4,13,19702
2,0,4,14,19543
2,0,4,15,19628
2,0,4,16,19470
2,0,4,17,19700
2,0,4,18,19609
2,0,4,19,19671
2,0,4,20,19690
2,0,4,21,19588
2,0,4,22,19570
2,0,4,23,19655
2,0,4,24,19793
2,0,4,25,19346
2,0,4,26,19672
2,0,4,27,19659
2,0,4,28,19776
2,0,4,29,19464
2,0,4,30,19655
2,0,4,31,19493
2,0,4,32,19685
2,0,4,33,19810
2,0,4,34,19707
2,0,4,35,19578
2,0,4,36,19371
2,0,4,37,19587
2,0,4,38,19450
2,0,4,39,19502
2,0,4,40,19393
2,0,4,41,19466
2,0,4,42,19562
2,0,4,43,19319
2,0,4,44,19624
2,0,4,45,19434
2,0,4,46,19511
2,0,4,47,19463
2,0,4,48,19511
2,0,4,49,19529
2,0,4,50,19649
2,0,4,51,19712
2,0,4,52,19544
2,0,4,53,19471
2,0,4,54,19685
2,0,4,55,19361
2,0,4,56,19498
2,0,4,57,19471
2,0,4,58,19363
2,0,4,59,19548
2,0,4,60,21764
2,0,4,61,24648
2,0,4,62,21526
2,0,4,63,19518
2,1,4,0,19748
2,1,4,1,19727
2,1,4,2,19426
2,1,4,3,19559
2,1,4,4,19442
2,1,4,5,19353
2,1,4,6,19632
2,1,4,7,19545
2,1,4,8,19583
2,1,4,9,19638
2,1,4,10,19726
2,1,4,11,19873
2,1,4,12,19329
2,1,4,13,19421
2,1,4,14,19363
2,1,4,15,19554
2,1,4,16,19452
2,1,4,17,19282
2,1,4,18,19493
2,1,4,19,19428
2,1,4,20,19603
2,1,4,21,19396
2,1,4,22,19620
2,1,4,23,19492
2,1,4,24,19341
2,1,4,25,19513
2,1,4,26,19408
2,1,4,27,19393
2,1,4,28,19546
2,1,4,29,19417
2,1,4,30,19471
2,1,4,31,19347
2,1,4,32,19477
2,1,4,33,19557
2,1,4,34,19599
2,1,4,35,19398
2,1,4,36,19494
2,1,4,37,19556
2,1,4,38,19397
2,1,4,39,19747
2,1,4,40,19490
2,1,4,41,19420
2,1,4,42,19415
2,1,4,43,19404
2,1,4,44,19782
2,1,4,45,19371
2,1,4,46,19454
2,1,4,47,19463
2,1,4,48,19293
2,1,4,49,19518
2,1,4,50,19423
2,1,4,51,19360
2,1,4,52,19629
2,1,4,53,19402
2,1,4,54,19388
2,1,4,55,19373
2,1,4,56,19428
2,1,4,57,19411
2,1,4,58,19439
2,1,4,59,19449
2,1,4,60,19287
2,1,4,61,19532
2,1,4,62,19447
2,1,4,63,19324
2,1,5,0,19601
2,1,5,1,19694
2,1,5,2,19604
2,1,5,3,19725
2,1,5,4,19697
2,1,5,5,19462
2,1,5,6,19378
2,1,5,7,19685
2,1,5,8,19561
2,1,5,9,19569
2,1,5,10,19513
2,1,5,11,19728
2,1,5,12,19460
2,1,5,13,19515
2,1,5,14,19625
2,1,5,15,19674
2,1,5,16,23537
2,1,5,17,19516
2,1,5,18,19475
2,1,5,19,19485
2,1,5,20,19500
2,1,5,21,19604
2,1,5,22,19535
2,1,5,23,19596
2,1,5,24,19346
2,1,5,25,19503
2,1,5,26,19390
2,1,5,27,19300
2,1,5,28,19423
2,1,5,29,19549
2,1,5,30,19618
2,1,5,31,19446
2,1,5,32,19498
2,1,5,33,19474
2,1,5,34,19585
2,1,5,35,19589
2,1,5,36,19565
2,1,5,37,19771
2,1,5,38,19385
2,1,5,39,19660
2,1,5,40,19593
2,1,5,41,19656
2,1,5,42,19510
2,1,5,43,19357
2,1,5,44,19423
2,1,5,45,19371
2,1,5,46,19625
2,1,5,47,19529
2,1,5,48,19525
2,1,5,49,19578
2,1,5,50,19448
2,1,5,51,19328
2,1,5,52,19479
2,1,5,53,19562
2,1,5,54,19524
2,1,5,55,19643
2,1,5,56,19359
2,1,5,57,19447
2,1,5,58,19548
2,1,5,59,19366
2,1,5,60,19495
2,1,5,61,19441
2,1,5,62,19713
2,1,5,63,19408
2,0,5,0,19395
2,0,5,1,19595
2,0,5,2,19374
2,0,5,3,19632
2,0,5,4,19474
2,0,5,5,19503
2,0,5,6,19570
2,0,5,7,19455
2,0,5,8,19537
2,0,5,9,19380
2,0,5,10,19637
2,0,5,11,19540
2,0,5,12,19675
2,0,5,13,19453
2,0,5,14,19516
2,0,5,15,19669
2,0,5,16,19607
2,0,5,17,19438
2,0,5,18,19478
2,0,5,19,19604
2,0,5,20,19653
2,0,5,21,19777
2,0,5,22,19573
2,0,5,23,19564
2,0,5,24,19434
2,0,5,25,19500
2,0,5,26,19453
2,0,5,27,19481
2,0,5,28,19490
2,0,5,29,19494
2,0,5,30,19417
2,0,5,31,19362
2,0,5,32,19480
2,0,5,33,19393
2,0,5,34,19377
2,0,5,35,19740
2,0,5,36,19614
2,0,5,37,19429
2,0,5,38,19670
2,0,5,39,19438
2,0,5,40,19848
2,0,5,41,19781
2,0,5,42,19749
2,0,5,43,19631
2,0,5,44,19623
2,0,5,45,19627
2,0,5,46,19330
2,0,5,47,19774
2,0,5,48,19553
2,0,5,49,19410
2,0,5,50,19450
2,0,5,51,19629
2,0,5,52,19518
2,0,5,53,19505
2,0,5,54,19672
2,0,5,55,19316
2,0,5,56,19374
2,0,5,57,19726
2,0,5,58,19648
2,0,5,59,19525
2,0,5,60,19656
2,0,5,61,19625
2,0,5,62,19358
2,0,5,63,19297
2,0,6,0,19432
2,0,6,1,19700
2,0,6,2,19554
2,0,6,3,19308
2,0,6,4,19501
2,0,6,5,19676
2,0,6,6,19787
2,0,6,7,19557
2,0,6,8,19634
2,0,6,9,19287
2,0,6,10,19571
2,0,6,11,19474
2,0,6,12,19329
2,0,6,13,19511
2,0,6,14,19427
2,0,6,15,19637
2,0,6,16,19523
2,0,6,17,19649
2,0,6,18,19587
2,0,6,19,19555
2,0,6,20,19296
2,0,6,21,19459
2,0,6,22,19509
2,0,6,23,19444
2,0,6,24,19318
2,0,6,25,19641
2,0,6,26,19336
2,0,6,27,19615
2,0,6,28,19561
2,0,6,29,19428
2,0,6,30,19429
2,0,6,31,19397
2,0,6,32,19522
2,0,6,33,19424
2,0,6,34,19532
2,0,6,35,19449
2,0,6,36,19384
2,0,6,37,19725
2,0,6,38,19614
2,0,6,39,19744
2,0,6,40,19525
2,0,6,41,19421
2,0,6,42,19831
2,0,6,43,19362
2,0,6,44,19515
2,0,6,45,19405
2,0,6,46,19377
2,0,6,47,19299
2,0,6,48,19749
2,0,6,49,19708
2,0,6,50,19730
2,0,6,51,19400
2,0,6,52,19671
2,0,6,53,19504
2,0,6,54,19385
2,0,6,55,19819
2,0,6,56,19588
2,0,6,57,19698
2,0,6,58,19781
2,0,6,59,19571
2,0,6,60,19466
2,0,6,61,19506
2,0,6,62,19403
2,0,6,63,20126
2,1,6,0,19626
2,1,6,1,24634
2,1,6,2,19886
2,1,6,3,19454
2,1,6,4,19716
2,1,6,5,19714
2,1,6,6,19342
2,1,6,7,19695
2,1,6,8,19681
2,1,6,9,19526
2,1,6,10,19427
2,1,6,11,19356
2,1,6,12,19501
2,1,6,13,19543
2,1,6,14,19422
2,1,6,15,19749
2,1,6,16,19728
2,1,6,17,19462
2,1,6,18,19480
2,1,6,19,19563
2,1,6,20,19746
2,1,6,21,19630
2,1,6,22,19402
2,1,6,23,19690
2,1,6,24,19457
2,1,6,25,19469
2,1,6,26,19403
2,1,6,27,19314
2,1,6,28,19577
2,1,6,29,19478
2,1,6,30,19594
2,1,6,31,19468
2,1,6,32,19414
2,1,6,33,19699
2,1,6,34,19496
2,1,6,35,19870
2,1,6,36,19683
2,1,6,37,19599
2,1,6,38,19426
2,1,6,39,19458
2,1,6,40,19728
2,1,6,41,19511
2,1,6,42,19409
2,1,6,43,19436
2,1,6,44,19311
2,1,6,45,19372
2,1,6,46,19645
2,1,6,47,19350
2,1,6,48,19441
2,1,6,49,19270
2,1,6,50,19403
2,1,6,51,19748
2,1,6,52,19739
2,1,6,53,19713
2,1,6,54,19769
2,1,6,55,19616
2,1,6,56,19300
2,1,6,57,19639
2,1,6,58,19605
2,1,6,59,19314
2,1,6,60,19325
2,1,6,61,19444
2,1,6,62,19462
2,1,6,63,19371
2,1,7,0,19380
2,1,7,1,19478
2,1,7,2,19438
2,1,7,3,19557
2,1,7,4,19449
2,1,7,5,19363
2,1,7,6,19849
2,1,7,7,19689
2,1,7,8,19707
2,1,7,9,19443
2,1,7,10,19394
2,1,7,11,19515
2,1,7,12,19564
2,1,7,13,19441
2,1,7,14,19597
2,1,7,15,19597
2,1,7,16,19379
2,1,7,17,19641
2,1,7,18,19729
2,1,7,19,20099
2,1,7,20,19839
2,1,7,21,19719
2,1,7,22,19502
2,1,7,23,19585
2,1,7,24,19456
2,1,7,25,19695
2,1,7,26,19454
2,1,7,27,19318
2,1,7,28,19565
2,1,7,29,19747
2,1,7,30,19694
2,1,7,31,19483
2,1,7,32,19377
2,1,7,33,19713
2,1,7,34,19713
2,1,7,35,19456
2,1,7,36,19703
2,1,7,37,19456
2,1,7,38,19652
2,1,7,39,19354
2,1,7,40,19394
2,1,7,41,19746
2,1,7,42,19681
2,1,7,43,19312
2,1,7,44,19426
2,1,7,45,19506
2,1,7,46,19523
2,1,7,47,19464
2,1,7,48,19505
2,1,7,49,19574
2,1,7,50,19637
2,1,7,51,19579
2,1,7,52,19375
2,1,7,53,19470
2,1,7,54,19562
2,1,7,55,19359
2,1,7,56,19434
2,1,7,57,19579
2,1,7,58,19378
2,1,7,59,19576
2,1,7,60,19741
2,1,7,61,19508
2,1,7,62,19478
2,1,7,63,19320
2,0,7,0,19490
2,0,7,1,19624
2,0,7,2,19705
2,0,7,3,19486
2,0,7,4,19395
2,0,7,5,19335
2,0,7,6,19769
2,0,7,7,19339
2,0,7,8,19618
2,0,7,9,19537
2,0,7,10,19552
2,0,7,11,19531
2,0,7,12,19366
2,0,7,13,19477
2,0,7,14,19705
2,0,7,15,19318
2,0,7,16,19486
2,0,7,17,19350
2,0,7,18,19381
2,0,7,19,19584
2,0,7,20,19415
2,0,7,21,19758
2,0,7,22,19417
2,0,7,23,19569
2,0,7,24,19426
2,0,7,25,19472
2,0,7,26,19602
2,0,7,27,19542
2,0,7,28,19552
2,0,7,29,19535
2,0,7,30,19581
2,0,7,31,19713
2,0,7,32,19487
2,0,7,33,19594
2,0,7,34,19465
2,0,7,35,19519
2,0,7,36,19558
2,0,7,37,19310
2,0,7,38,19562
2,0,7,39,19423
2,0,7,40,19407
2,0,7,41,19718
2,0,7,42,19411
2,0,7,43,20198
2,0,7,44,19772
2,0,7,45,19754
2,0,7,46,19789
2,0,7,47,19685
2,0,7,48,19760
2,0,7,49,19505
2,0,7,50,19634
2,0,7,51,19671
2,0,7,52,19478
2,0,7,53,19358
2,0,7,54,19486
2,0,7,55,19558
2,0,7,56,19609
2,0,7,57,19770
2,0,7,58,19357
2,0,7,59,19309
2,0,7,60,19372
2,0,7,61,19535
2,0,7,62,19520
2,0,7,63,19348
