cpucycles tracesetup 0 amd64-perfpmcff precision 0 scaling 0.000000 only32 0
cpucycles tracesetup 1 amd64-perfpmc precision 0 scaling 0.000000 only32 0
cpucycles tracesetup 2 amd64-pmcff precision 0 scaling 0.000000 only32 0
cpucycles tracesetup 3 amd64-tsc precision 1016 scaling 0.467415 only32 0
cpucycles tracesetup 4 amd64-tscasm precision 1025 scaling 0.467415 only32 0
cpucycles tracesetup 5 default-perfevent precision 204 scaling 1.000000 only32 0
cpucycles tracesetup 6 default-mach precision 0 scaling 0.000000 only32 0
cpucycles tracesetup 7 default-monotonic precision 1076 scaling 1.400000 only32 0
cpucycles tracesetup 8 default-gettimeofday precision 2440 scaling 1400.000000 only32 0
cpucycles tracesetup 9 default-zero precision 0 scaling 0.000000 only32 0
region,variant,block,observation,cycles
0,0,0,0,1027
0,0,0,1,970
0,0,0,2,970
0,0,0,3,969
0,0,0,4,981
0,0,0,5,962
0,0,0,6,960
0,0,0,7,964
0,0,0,8,990
0,0,0,9,986
0,0,0,10,973
0,0,0,11,987
0,0,0,12,937
0,0,0,13,982
0,0,0,14,976
0,0,0,15,972
0,0,0,16,978
0,0,0,17,976
0,0,0,18,979
0,0,0,19,980
0,0,0,20,977
0,0,0,21,986
0,0,0,22,957
0,0,0,23,971
0,0,0,24,997
0,0,0,25,990
0,0,0,26,945
0,0,0,27,961
0,0,0,28,960
0,0,0,29,976
0,0,0,30,972
0,0,0,31,968
0,0,0,32,966
0,0,0,33,954
0,0,0,34,957
0,0,0,35,977
0,0,0,36,976
0,0,0,37,966
0,0,0,38,956
0,0,0,39,962
0,0,0,40,966
0,0,0,41,948
0,0,0,42,954
0,0,0,43,968
0,0,0,44,973
0,0,0,45,960
0,0,0,46,981
0,0,0,47,988
0,0,0,48,955
0,0,0,49,990
0,0,0,50,972
0,0,0,51,982
0,0,0,52,981
0,0,0,53,979
0,0,0,54,986
0,0,0,55,987
0,0,0,56,989
0,0,0,57,956
0,0,0,58,958
0,0,0,59,976
0,0,0,60,976
0,0,0,61,969
0,0,0,62,986
0,0,0,63,975
0,1,0,0,1013
0,1,0,1,1007
0,1,0,2,1000
0,1,0,3,1008
0,1,0,4,1025
0,1,0,5,1019
0,1,0,6,1008
0,1,0,7,1017
0,1,0,8,1000
0,1,0,9,1014
0,1,0,10,1008
0,1,0,11,1005
0,1,0,12,1006
0,1,0,13,1006
0,1,0,14,1011
0,1,0,15,1020
0,1,0,16,1017
0,1,0,17,995
0,1,0,18,1018
0,1,0,19,1005
0,1,0,20,996
0,1,0,21,1035
0,1,0,22,1018
0,1,0,23,1014
0,1,0,24,1028
0,1,0,25,1024
0,1,0,26,1030
0,1,0,27,1002
0,1,0,28,1023
0,1,0,29,992
0,1,0,30,1004
0,1,0,31,996
0,1,0,32,1014
0,1,0,33,1045
0,1,0,34,1041
0,1,0,35,1029
0,1,0,36,1017
0,1,0,37,1026
0,1,0,38,1019
0,1,0,39,1008
0,1,0,40,1000
0,1,0,41,1020
0,1,0,42,1016
0,1,0,43,1001
0,1,0,44,1019
0,1,0,45,1011
0,1,0,46,1011
0,1,0,47,1019
0,1,0,48,1014
0,1,0,49,1007
0,1,0,50,1019
0,1,0,51,1013
0,1,0,52,1011
0,1,0,53,1016
0,1,0,54,1004
0,1,0,55,1014
0,1,0,56,1018
0,1,0,57,1024
0,1,0,58,1019
0,1,0,59,1032
0,1,0,60,1024
0,1,0,61,1018
0,1,0,62,1007
0,1,0,63,1033
0,1,1,0,1001
0,1,1,1,1035
0,1,1,2,1019
0,1,1,3,1016
0,1,1,4,1001
0,1,1,5,1009
0,1,1,6,1022
0,1,1,7,1019
0,1,1,8,1013
0,1,1,9,1019
0,1,1,10,1014
0,1,1,11,1027
0,1,1,12,1008
0,1,1,13,1015
0,1,1,14,1044
0,1,1,15,1023
0,1,1,16,1018
0,1,1,17,1010
0,1,1,18,1026
0,1,1,19,1016
0,1,1,20,1008
0,1,1,21,1023
0,1,1,22,1006
0,1,1,23,1015
0,1,1,24,1013
0,1,1,25,1008
0,1,1,26,1018
0,1,1,27,1016
0,1,1,28,1003
0,1,1,29,1021
0,1,1,30,1031
0,1,1,31,1013
0,1,1,32,1012
0,1,1,33,1005
0,1,1,34,999
0,1,1,35,992
0,1,1,36,1001
0,1,1,37,1028
0,1,1,38,1024
0,1,1,39,1028
0,1,1,40,1029
0,1,1,41,1014
0,1,1,42,1012
0,1,1,43,1010
0,1,1,44,1022
0,1,1,45,1003
0,1,1,46,1035
0,1,1,47,1020
0,1,1,48,1018
0,1,1,49,1029
0,1,1,50,1032
0,1,1,51,1002
0,1,1,52,1010
0,1,1,53,1011
0,1,1,54,1009
0,1,1,55,1001
0,1,1,56,1017
0,1,1,57,1041
0,1,1,58,1015
0,1,1,59,1022
0,1,1,60,1024
0,1,1,61,1013
0,1,1,62,1007
0,1,1,63,1007
0,0,1,0,971
0,0,1,1,961
0,0,1,2,962
0,0,1,3,975
0,0,1,4,974
0,0,1,5,959
0,0,1,6,972
0,0,1,7,963
0,0,1,8,945
0,0,1,9,976
0,0,1,10,981
0,0,1,11,983
0,0,1,12,961
0,0,1,13,953
0,0,1,14,950
0,0,1,15,979
0,0,1,16,985
0,0,1,17,967
0,0,1,18,987
0,0,1,19,974
0,0,1,20,976
0,0,1,21,967
0,0,1,22,968
0,0,1,23,989
0,0,1,24,969
0,0,1,25,963
0,0,1,26,978
0,0,1,27,982
0,0,1,28,949
0,0,1,29,985
0,0,1,30,968
0,0,1,31,992
0,0,1,32,980
0,0,1,33,978
0,0,1,34,960
0,0,1,35,958
0,0,1,36,954
0,0,1,37,960
0,0,1,38,976
0,0,1,39,983
0,0,1,40,972
0,0,1,41,954
0,0,1,42,959
0,0,1,43,993
0,0,1,44,983
0,0,1,45,976
0,0,1,46,965
0,0,1,47,971
0,0,1,48,978
0,0,1,49,980
0,0,1,50,970
0,0,1,51,980
0,0,1,52,970
0,0,1,53,977
0,0,1,54,975
0,0,1,55,1013
0,0,1,56,967
0,0,1,57,951
0,0,1,58,975
0,0,1,59,971
0,0,1,60,982
0,0,1,61,971
0,0,1,62,971
0,0,1,63,977
0,0,2,0,977
0,0,2,1,967
0,0,2,2,975
0,0,2,3,973
0,0,2,4,972
0,0,2,5,974
0,0,2,6,965
0,0,2,7,989
0,0,2,8,977
0,0,2,9,1007
0,0,2,10,980
0,0,2,11,956
0,0,2,12,974
0,0,2,13,944
0,0,2,14,957
0,0,2,15,970
0,0,2,16,972
0,0,2,17,965
0,0,2,18,979
0,0,2,19,970
0,0,2,20,969
0,0,2,21,973
0,0,2,22,965
0,0,2,23,963
0,0,2,24,966
0,0,2,25,968
0,0,2,26,978
0,0,2,27,994
0,0,2,28,966
0,0,2,29,975
0,0,2,30,996
0,0,2,31,978
0,0,2,32,984
0,0,2,33,982
0,0,2,34,991
0,0,2,35,975
0,0,2,36,962
0,0,2,37,965
0,0,2,38,979
0,0,2,39,983
0,0,2,40,970
0,0,2,41,985
0,0,2,42,978
0,0,2,43,966
0,0,2,44,989
0,0,2,45,994
0,0,2,46,982
0,0,2,47,975
0,0,2,48,973
0,0,2,49,974
0,0,2,50,988
0,0,2,51,987
0,0,2,52,991
0,0,2,53,990
0,0,2,54,965
0,0,2,55,968
0,0,2,56,975
0,0,2,57,980
0,0,2,58,972
0,0,2,59,990
0,0,2,60,980
0,0,2,61,961
0,0,2,62,980
0,0,2,63,969
0,1,2,0,1034
0,1,2,1,1021
0,1,2,2,1042
0,1,2,3,1027
0,1,2,4,1009
0,1,2,5,1006
0,1,2,6,1022
0,1,2,7,1030
0,1,2,8,1012
0,1,2,9,1014
0,1,2,10,1028
0,1,2,11,1000
0,1,2,12,1020
0,1,2,13,1003
0,1,2,14,1007
0,1,2,15,1020
0,1,2,16,1011
0,1,2,17,996
0,1,2,18,1036
0,1,2,19,1021
0,1,2,20,999
0,1,2,21,1031
0,1,2,22,1032
0,1,2,23,1023
0,1,2,24,1034
0,1,2,25,1022
0,1,2,26,1007
0,1,2,27,1009
0,1,2,28,1003
0,1,2,29,1024
0,1,2,30,1009
0,1,2,31,1013
0,1,2,32,1035
0,1,2,33,1019
0,1,2,34,1019
0,1,2,35,1008
0,1,2,36,1008
0,1,2,37,1024
0,1,2,38,1021
0,1,2,39,1032
0,1,2,40,1031
0,1,2,41,1023
0,1,2,42,1013
0,1,2,43,1018
0,1,2,44,1006
0,1,2,45,1012
0,1,2,46,1030
0,1,2,47,996
0,1,2,48,1046
0,1,2,49,997
0,1,2,50,991
0,1,2,51,1018
0,1,2,52,1022
0,1,2,53,1003
0,1,2,54,1013
0,1,2,55,1012
0,1,2,56,1028
0,1,2,57,1009
0,1,2,58,1010
0,1,2,59,1030
0,1,2,60,1030
0,1,2,61,1017
0,1,2,62,1034
0,1,2,63,1023
0,1,3,0,983
0,1,3,1,1017
0,1,3,2,997
0,1,3,3,1004
0,1,3,4,1015
0,1,3,5,1018
0,1,3,6,1016
0,1,3,7,1023
0,1,3,8,1017
0,1,3,9,1006
0,1,3,10,998
0,1,3,11,1020
0,1,3,12,1002
0,1,3,13,1007
0,1,3,14,1017
0,1,3,15,1006
0,1,3,16,1027
0,1,3,17,1012
0,1,3,18,1024
0,1,3,19,1029
0,1,3,20,1008
0,1,3,21,1019
0,1,3,22,1006
0,1,3,23,1007
0,1,3,24,1011
0,1,3,25,992
0,1,3,26,1044
0,1,3,27,1032
0,1,3,28,1017
0,1,3,29,1003
0,1,3,30,1015
0,1,3,31,1008
0,1,3,32,995
0,1,3,33,1020
0,1,3,34,1024
0,1,3,35,1007
0,1,3,36,1030
0,1,3,37,1008
0,1,3,38,996
0,1,3,39,1010
0,1,3,40,1017
0,1,3,41,1022
0,1,3,42,994
0,1,3,43,1027
0,1,3,44,1006
0,1,3,45,1002
0,1,3,46,990
0,1,3,47,1034
0,1,3,48,1010
0,1,3,49,1008
0,1,3,50,1001
0,1,3,51,1013
0,1,3,52,1027
0,1,3,53,1026
0,1,3,54,1032
0,1,3,55,1013
0,1,3,56,1003
0,1,3,57,1035
0,1,3,58,1023
0,1,3,59,1004
0,1,3,60,1035
0,1,3,61,998
0,1,3,62,1025
0,1,3,63,1021
0,0,3,0,990
0,0,3,1,988
0,0,3,2,984
0,0,3,3,992
0,0,3,4,986
0,0,3,5,983
0,0,3,6,976
0,0,3,7,972
0,0,3,8,969
0,0,3,9,967
0,0,3,10,980
0,0,3,11,982
0,0,3,12,964
0,0,3,13,960
0,0,3,14,957
0,0,3,15,968
0,0,3,16,959
0,0,3,17,967
0,0,3,18,976
0,0,3,19,983
0,0,3,20,974
0,0,3,21,972
0,0,3,22,975
0,0,3,23,974
0,0,3,24,975
0,0,3,25,980
0,0,3,26,978
0,0,3,27,973
0,0,3,28,977
0,0,3,29,972
0,0,3,30,960
0,0,3,31,975
0,0,3,32,983
0,0,3,33,962
0,0,3,34,996
0,0,3,35,976
0,0,3,36,957
0,0,3,37,977
0,0,3,38,970
0,0,3,39,970
0,0,3,40,970
0,0,3,41,956
0,0,3,42,969
0,0,3,43,965
0,0,3,44,970
0,0,3,45,976
0,0,3,46,956
0,0,3,47,974
0,0,3,48,986
0,0,3,49,967
0,0,3,50,975
0,0,3,51,979
0,0,3,52,980
0,0,3,53,974
0,0,3,54,965
0,0,3,55,959
0,0,3,56,977
0,0,3,57,978
0,0,3,58,977
0,0,3,59,970
0,0,3,60,980
0,0,3,61,972
0,0,3,62,975
0,0,3,63,961
0,0,4,0,993
0,0,4,1,989
0,0,4,2,986
0,0,4,3,978
0,0,4,4,985
0,0,4,5,988
0,0,4,6,977
0,0,4,7,996
0,0,4,8,993
0,0,4,9,967
0,0,4,10,964
0,0,4,11,971
0,0,4,12,972
0,0,4,13,968
0,0,4,14,984
0,0,4,15,992
0,0,4,16,993
0,0,4,17,974
0,0,4,18,984
0,0,4,19,966
0,0,4,20,957
0,0,4,21,976
0,0,4,22,968
0,0,4,23,961
0,0,4,24,968
0,0,4,25,970
0,0,4,26,967
0,0,4,27,990
0,0,4,28,953
0,0,4,29,981
0,0,4,30,980
0,0,4,31,985
0,0,4,32,984
0,0,4,33,983
0,0,4,34,975
0,0,4,35,985
0,0,4,36,967
0,0,4,37,968
0,0,4,38,962
0,0,4,39,994
0,0,4,40,974
0,0,4,41,965
0,0,4,42,1001
0,0,4,43,982
0,0,4,44,980
0,0,4,45,973
0,0,4,46,959
0,0,4,47,970
0,0,4,48,975
0,0,4,49,962
0,0,4,50,978
0,0,4,51,967
0,0,4,52,957
0,0,4,53,967
0,0,4,54,961
0,0,4,55,976
0,0,4,56,952
0,0,4,57,990
0,0,4,58,970
0,0,4,59,979
0,0,4,60,967
0,0,4,61,981
0,0,4,62,956
0,0,4,63,965
0,1,4,0,1012
0,1,4,1,1029
0,1,4,2,1021
0,1,4,3,1036
0,1,4,4,1040
0,1,4,5,1033
0,1,4,6,1019
0,1,4,7,1002
0,1,4,8,1018
0,1,4,9,1017
0,1,4,10,999
0,1,4,11,1013
0,1,4,12,1008
0,1,4,13,998
0,1,4,14,1017
0,1,4,15,1022
0,1,4,16,992
0,1,4,17,996
0,1,4,18,1030
0,1,4,19,1007
0,1,4,20,1017
0,1,4,21,1008
0,1,4,22,1027
0,1,4,23,1018
0,1,4,24,1031
0,1,4,25,1012
0,1,4,26,1030
0,1,4,27,1013
0,1,4,28,1018
0,1,4,29,1018
0,1,4,30,1015
0,1,4,31,1033
0,1,4,32,1013
0,1,4,33,1013
0,1,4,34,1004
0,1,4,35,1011
0,1,4,36,1015
0,1,4,37,1020
0,1,4,38,1006
0,1,4,39,1012
0,1,4,40,1024
0,1,4,41,1044
0,1,4,42,1018
0,1,4,43,1033
0,1,4,44,995
0,1,4,45,1010
0,1,4,46,1003
0,1,4,47,1023
0,1,4,48,1014
0,1,4,49,1007
0,1,4,50,1025
0,1,4,51,1008
0,1,4,52,1017
0,1,4,53,1016
0,1,4,54,1021
0,1,4,55,1001
0,1,4,56,1040
0,1,4,57,1027
0,1,4,58,1012
0,1,4,59,1027
0,1,4,60,1002
0,1,4,61,1007
0,1,4,62,990
0,1,4,63,1019
0,1,5,0,986
0,1,5,1,1018
0,1,5,2,1024
0,1,5,3,1019
0,1,5,4,1030
0,1,5,5,1027
0,1,5,6,1007
0,1,5,7,1016
0,1,5,8,1018
0,1,5,9,1036
0,1,5,10,1037
0,1,5,11,1017
0,1,5,12,1019
0,1,5,13,1002
0,1,5,14,1021
0,1,5,15,1001
0,1,5,16,1015
0,1,5,17,1010
0,1,5,18,1025
0,1,5,19,1013
0,1,5,20,1012
0,1,5,21,1000
0,1,5,22,1031
0,1,5,23,1011
0,1,5,24,1005
0,1,5,25,1012
0,1,5,26,1017
0,1,5,27,1017
0,1,5,28,1019
0,1,5,29,1007
0,1,5,30,1033
0,1,5,31,1022
0,1,5,32,997
0,1,5,33,986
0,1,5,34,1000
0,1,5,35,1047
0,1,5,36,1001
0,1,5,37,1001
0,1,5,38,1018
0,1,5,39,1029
0,1,5,40,1022
0,1,5,41,1003
0,1,5,42,1012
0,1,5,43,1030
0,1,5,44,1027
0,1,5,45,998
0,1,5,46,1018
0,1,5,47,1029
0,1,5,48,1016
0,1,5,49,994
0,1,5,50,1022
0,1,5,51,1030
0,1,5,52,1011
0,1,5,53,1013
0,1,5,54,1032
0,1,5,55,1004
0,1,5,56,1031
0,1,5,57,1021
0,1,5,58,1021
0,1,5,59,1012
0,1,5,60,1006
0,1,5,61,1017
0,1,5,62,1026
0,1,5,63,1022
0,0,5,0,951
0,0,5,1,981
0,0,5,2,984
0,0,5,3,980
0,0,5,4,988
0,0,5,5,967
0,0,5,6,971
0,0,5,7,974
0,0,5,8,999
0,0,5,9,980
0,0,5,10,994
0,0,5,11,969
0,0,5,12,976
0,0,5,13,961
0,0,5,14,991
0,0,5,15,980
0,0,5,16,987
0,0,5,17,985
0,0,5,18,961
0,0,5,19,962
0,0,5,20,988
0,0,5,21,965
0,0,5,22,976
0,0,5,23,984
0,0,5,24,975
0,0,5,25,976
0,0,5,26,980
0,0,5,27,958
0,0,5,28,969
0,0,5,29,981
0,0,5,30,980
0,0,5,31,964
0,0,5,32,970
0,0,5,33,950
0,0,5,34,974
0,0,5,35,962
0,0,5,36,964
0,0,5,37,960
0,0,5,38,977
0,0,5,39,975
0,0,5,40,982
0,0,5,41,974
0,0,5,42,987
0,0,5,43,974
0,0,5,44,982
0,0,5,45,964
0,0,5,46,964
0,0,5,47,977
0,0,5,48,972
0,0,5,49,974
0,0,5,50,976
0,0,5,51,972
0,0,5,52,969
0,0,5,53,969
0,0,5,54,976
0,0,5,55,975
0,0,5,56,965
0,0,5,57,975
0,0,5,58,975
0,0,5,59,968
0,0,5,60,976
0,0,5,61,973
0,0,5,62,949
0,0,5,63,956
0,0,6,0,948
0,0,6,1,976
0,0,6,2,968
0,0,6,3,977
0,0,6,4,983
0,0,6,5,972
0,0,6,6,968
0,0,6,7,957
0,0,6,8,966
0,0,6,9,972
0,0,6,10,982
0,0,6,11,973
0,0,6,12,945
0,0,6,13,969
0,0,6,14,987
0,0,6,15,976
0,0,6,16,968
0,0,6,17,972
0,0,6,18,979
0,0,6,19,984
0,0,6,20,975
0,0,6,21,982
0,0,6,22,970
0,0,6,23,976
0,0,6,24,967
0,0,6,25,979
0,0,6,26,965
0,0,6,27,997
0,0,6,28,974
0,0,6,29,984
0,0,6,30,977
0,0,6,31,959
0,0,6,32,971
0,0,6,33,967
0,0,6,34,959
0,0,6,35,949
0,0,6,36,965
0,0,6,37,963
0,0,6,38,958
0,0,6,39,976
0,0,6,40,958
0,0,6,41,964
0,0,6,42,958
0,0,6,43,963
0,0,6,44,974
0,0,6,45,961
0,0,6,46,957
0,0,6,47,980
0,0,6,48,959
0,0,6,49,989
0,0,6,50,988
0,0,6,51,972
0,0,6,52,973
0,0,6,53,964
0,0,6,54,955
0,0,6,55,967
0,0,6,56,985
0,0,6,57,961
0,0,6,58,991
0,0,6,59,974
0,0,6,60,954
0,0,6,61,947
0,0,6,62,975
0,0,6,63,967
0,1,6,0,997
0,1,6,1,1049
0,1,6,2,1055
0,1,6,3,1028
0,1,6,4,1032
0,1,6,5,1047
0,1,6,6,1012
0,1,6,7,1009
0,1,6,8,1003
0,1,6,9,1024
0,1,6,10,1017
0,1,6,11,1024
0,1,6,12,1018
0,1,6,13,1023
0,1,6,14,997
0,1,6,15,1006
0,1,6,16,1013
0,1,6,17,1010
0,1,6,18,1014
0,1,6,19,1012
0,1,6,20,1015
0,1,6,21,1008
0,1,6,22,1026
0,1,6,23,1033
0,1,6,24,1005
0,1,6,25,1023
0,1,6,26,1013
0,1,6,27,1026
0,1,6,28,1023
0,1,6,29,1011
0,1,6,30,1023
0,1,6,31,992
0,1,6,32,1031
0,1,6,33,1029
0,1,6,34,1017
0,1,6,35,1024
0,1,6,36,996
0,1,6,37,1002
0,1,6,38,1005
0,1,6,39,1006
0,1,6,40,1018
0,1,6,41,1033
0,1,6,42,1027
0,1,6,43,1424
0,1,6,44,1004
0,1,6,45,992
0,1,6,46,1006
0,1,6,47,1020
0,1,6,48,1028
0,1,6,49,1028
0,1,6,50,1004
0,1,6,51,1025
0,1,6,52,1031
0,1,6,53,1018
0,1,6,54,1010
0,1,6,55,1029
0,1,6,56,1011
0,1,6,57,1009
0,1,6,58,1040
0,1,6,59,1041
0,1,6,60,1017
0,1,6,61,1012
0,1,6,62,1006
0,1,6,63,1013
0,1,7,0,990
0,1,7,1,1009
0,1,7,2,1006
0,1,7,3,1018
0,1,7,4,1019
0,1,7,5,1004
0,1,7,6,1022
0,1,7,7,1016
0,1,7,8,1032
0,1,7,9,1030
0,1,7,10,1008
0,1,7,11,1027
0,1,7,12,1012
0,1,7,13,1011
0,1,7,14,1023
0,1,7,15,1017
0,1,7,16,1047
0,1,7,17,1012
0,1,7,18,1000
0,1,7,19,1030
0,1,7,20,1022
0,1,7,21,1033
0,1,7,22,1022
0,1,7,23,1021
0,1,7,24,1025
0,1,7,25,996
0,1,7,26,1012
0,1,7,27,995
0,1,7,28,1030
0,1,7,29,1006
0,1,7,30,1004
0,1,7,31,1016
0,1,7,32,996
0,1,7,33,1004
0,1,7,34,1007
0,1,7,35,1017
0,1,7,36,1034
0,1,7,37,1008
0,1,7,38,996
0,1,7,39,1007
0,1,7,40,982
0,1,7,41,1038
0,1,7,42,1011
0,1,7,43,1002
0,1,7,44,1008
0,1,7,45,1000
0,1,7,46,1013
0,1,7,47,1006
0,1,7,48,1010
0,1,7,49,993
0,1,7,50,1005
0,1,7,51,1017
0,1,7,52,1012
0,1,7,53,1009
0,1,7,54,1020
0,1,7,55,1011
0,1,7,56,996
0,1,7,57,1003
0,1,7,58,996
0,1,7,59,1029
0,1,7,60,1036
0,1,7,61,1021
0,1,7,62,1025
0,1,7,63,1023
0,0,7,0,968
0,0,7,1,972
0,0,7,2,995
0,0,7,3,993
0,0,7,4,997
0,0,7,5,965
0,0,7,6,969
0,0,7,7,973
0,0,7,8,976
0,0,7,9,983
0,0,7,10,968
0,0,7,11,941
0,0,7,12,959
0,0,7,13,978
0,0,7,14,966
0,0,7,15,984
0,0,7,16,968
0,0,7,17,977
0,0,7,18,976
0,0,7,19,989
0,0,7,20,986
0,0,7,21,957
0,0,7,22,979
0,0,7,23,963
0,0,7,24,963
0,0,7,25,963
0,0,7,26,947
0,0,7,27,974
0,0,7,28,972
0,0,7,29,984
0,0,7,30,963
0,0,7,31,968
0,0,7,32,967
0,0,7,33,970
0,0,7,34,970
0,0,7,35,974
0,0,7,36,962
0,0,7,37,969
0,0,7,38,959
0,0,7,39,968
0,0,7,40,971
0,0,7,41,973
0,0,7,42,977
0,0,7,43,978
0,0,7,44,959
0,0,7,45,983
0,0,7,46,973
0,0,7,47,971
0,0,7,48,967
0,0,7,49,984
0,0,7,50,968
0,0,7,51,952
0,0,7,52,963
0,0,7,53,956
0,0,7,54,985
0,0,7,55,967
0,0,7,56,970
0,0,7,57,966
0,0,7,58,962
0,0,7,59,967
0,0,7,60,972
0,0,7,61,967
0,0,7,62,946
0,0,7,63,970
1,0,0,0,1160
1,0,0,1,1178
1,0,0,2,1200
1,0,0,3,1171
1,0,0,4,1186
1,0,0,5,1163
1,0,0,6,1163
1,0,0,7,1164
1,0,0,8,1164
1,0,0,9,1170
1,0,0,10,1158
1,0,0,11,1152
1,0,0,12,1159
1,0,0,13,1155
1,0,0,14,1168
1,0,0,15,1162
1,0,0,16,1171
1,0,0,17,1149
1,0,0,18,1163
1,0,0,19,1170
1,0,0,20,1142
1,0,0,21,1168
1,0,0,22,1164
1,0,0,23,1154
1,0,0,24,1162
1,0,0,25,1160
1,0,0,26,1146
1,0,0,27,1171
1,0,0,28,1146
1,0,0,29,1146
1,0,0,30,1165
1,0,0,31,1150
1,0,0,32,1157
1,0,0,33,1157
1,0,0,34,1150
1,0,0,35,1151
1,0,0,36,1147
1,0,0,37,1161
1,0,0,38,1163
1,0,0,39,1158
1,0,0,40,1161
1,0,0,41,1147
1,0,0,42,1167
1,0,0,43,1162
1,0,0,44,1166
1,0,0,45,1141
1,0,0,46,1155
1,0,0,47,1153
1,0,0,48,1158
1,0,0,49,1161
1,0,0,50,1145
1,0,0,51,1134
1,0,0,52,1147
1,0,0,53,1145
1,0,0,54,1135
1,0,0,55,1154
1,0,0,56,1162
1,0,0,57,1165
1,0,0,58,1167
1,0,0,59,1151
1,0,0,60,1169
1,0,0,61,1157
1,0,0,62,1157
1,0,0,63,1144
1,1,0,0,1213
1,1,0,1,1229
1,1,0,2,1227
1,1,0,3,1246
1,1,0,4,1238
1,1,0,5,1201
1,1,0,6,1219
1,1,0,7,1208
1,1,0,8,1225
1,1,0,9,1210
1,1,0,10,1194
1,1,0,11,1225
1,1,0,12,1222
1,1,0,13,1208
1,1,0,14,1250
1,1,0,15,1225
1,1,0,16,1210
1,1,0,17,1216
1,1,0,18,1201
1,1,0,19,1204
1,1,0,20,1204
1,1,0,21,1214
1,1,0,22,1214
1,1,0,23,1221
1,1,0,24,1216
1,1,0,25,1205
1,1,0,26,1216
1,1,0,27,1206
1,1,0,28,1203
1,1,0,29,1210
1,1,0,30,1213
1,1,0,31,1180
1,1,0,32,1183
1,1,0,33,1215
1,1,0,34,1211
1,1,0,35,1205
1,1,0,36,1220
1,1,0,37,1210
1,1,0,38,1190
1,1,0,39,1189
1,1,0,40,1211
1,1,0,41,1218
1,1,0,42,1208
1,1,0,43,1204
1,1,0,44,1210
1,1,0,45,1225
1,1,0,46,1226
1,1,0,47,1232
1,1,0,48,1201
1,1,0,49,1212
1,1,0,50,1234
1,1,0,51,1211
1,1,0,52,1210
1,1,0,53,1210
1,1,0,54,1203
1,1,0,55,1198
1,1,0,56,1215
1,1,0,57,1185
1,1,0,58,1218
1,1,0,59,1219
1,1,0,60,1221
1,1,0,61,1215
1,1,0,62,1212
1,1,0,63,1206
1,1,1,0,1178
1,1,1,1,1211
1,1,1,2,1193
1,1,1,3,1205
1,1,1,4,1191
1,1,1,5,1191
1,1,1,6,1202
1,1,1,7,1205
1,1,1,8,1192
1,1,1,9,1240
1,1,1,10,1231
1,1,1,11,1231
1,1,1,12,1234
1,1,1,13,1191
1,1,1,14,1254
1,1,1,15,1226
1,1,1,16,1216
1,1,1,17,1220
1,1,1,18,1205
1,1,1,19,1237
1,1,1,20,1206
1,1,1,21,1213
1,1,1,22,1219
1,1,1,23,1183
1,1,1,24,1214
1,1,1,25,1194
1,1,1,26,1210
1,1,1,27,1213
1,1,1,28,1218
1,1,1,29,1211
1,1,1,30,1209
1,1,1,31,1205
1,1,1,32,1222
1,1,1,33,1191
1,1,1,34,1206
1,1,1,35,1217
1,1,1,36,1188
1,1,1,37,1199
1,1,1,38,1208
1,1,1,39,1215
1,1,1,40,1213
1,1,1,41,1220
1,1,1,42,1216
1,1,1,43,1218
1,1,1,44,1222
1,1,1,45,1203
1,1,1,46,1199
1,1,1,47,1222
1,1,1,48,1219
1,1,1,49,1201
1,1,1,50,1210
1,1,1,51,1215
1,1,1,52,1212
1,1,1,53,1188
1,1,1,54,1206
1,1,1,55,1196
1,1,1,56,1192
1,1,1,57,1208
1,1,1,58,1218
1,1,1,59,1202
1,1,1,60,1203
1,1,1,61,1208
1,1,1,62,1215
1,1,1,63,1197
1,0,1,0,1161
1,0,1,1,1173
1,0,1,2,1184
1,0,1,3,1195
1,0,1,4,1179
1,0,1,5,1151
1,0,1,6,1157
1,0,1,7,1137
1,0,1,8,1164
1,0,1,9,1166
1,0,1,10,1159
1,0,1,11,1173
1,0,1,12,1151
1,0,1,13,1175
1,0,1,14,1151
1,0,1,15,1177
1,0,1,16,1178
1,0,1,17,1168
1,0,1,18,1160
1,0,1,19,1165
1,0,1,20,1162
1,0,1,21,1185
1,0,1,22,1173
1,0,1,23,1160
1,0,1,24,1176
1,0,1,25,1186
1,0,1,26,1155
1,0,1,27,1143
1,0,1,28,1158
1,0,1,29,1164
1,0,1,30,1175
1,0,1,31,1170
1,0,1,32,1156
1,0,1,33,1159
1,0,1,34,1179
1,0,1,35,1169
1,0,1,36,1162
1,0,1,37,1154
1,0,1,38,1169
1,0,1,39,1170
1,0,1,40,1172
1,0,1,41,1180
1,0,1,42,1166
1,0,1,43,1153
1,0,1,44,1168
1,0,1,45,1162
1,0,1,46,1169
1,0,1,47,1177
1,0,1,48,1144
1,0,1,49,1158
1,0,1,50,1163
1,0,1,51,1152
1,0,1,52,1183
1,0,1,53,1143
1,0,1,54,1151
1,0,1,55,1162
1,0,1,56,1143
1,0,1,57,1172
1,0,1,58,1162
1,0,1,59,1158
1,0,1,60,1160
1,0,1,61,1163
1,0,1,62,1152
1,0,1,63,1160
1,0,2,0,1188
1,0,2,1,1162
1,0,2,2,1194
1,0,2,3,1135
1,0,2,4,1158
1,0,2,5,1153
1,0,2,6,1157
1,0,2,7,1150
1,0,2,8,1178
1,0,2,9,1172
1,0,2,10,1154
1,0,2,11,1166
1,0,2,12,1174
1,0,2,13,1163
1,0,2,14,1172
1,0,2,15,1147
1,0,2,16,1170
1,0,2,17,1155
1,0,2,18,1181
1,0,2,19,1169
1,0,2,20,1146
1,0,2,21,1157
1,0,2,22,1171
1,0,2,23,1188
1,0,2,24,1168
1,0,2,25,1152
1,0,2,26,1159
1,0,2,27,1167
1,0,2,28,1168
1,0,2,29,1144
1,0,2,30,1157
1,0,2,31,1153
1,0,2,32,1176
1,0,2,33,1151
1,0,2,34,1146
1,0,2,35,1165
1,0,2,36,1146
1,0,2,37,1162
1,0,2,38,1141
1,0,2,39,1160
1,0,2,40,1173
1,0,2,41,1156
1,0,2,42,1166
1,0,2,43,1140
1,0,2,44,1152
1,0,2,45,1152
1,0,2,46,1166
1,0,2,47,1165
1,0,2,48,1179
1,0,2,49,1171
1,0,2,50,1171
1,0,2,51,1166
1,0,2,52,1169
1,0,2,53,1155
1,0,2,54,1161
1,0,2,55,1160
1,0,2,56,1175
1,0,2,57,1157
1,0,2,58,1168
1,0,2,59,1176
1,0,2,60,1163
1,0,2,61,1178
1,0,2,62,1164
1,0,2,63,1149
1,1,2,0,1216
1,1,2,1,1215
1,1,2,2,1246
1,1,2,3,1226
1,1,2,4,1243
1,1,2,5,1225
1,1,2,6,1224
1,1,2,7,1205
1,1,2,8,1222
1,1,2,9,1231
1,1,2,10,1224
1,1,2,11,1224
1,1,2,12,1225
1,1,2,13,1221
1,1,2,14,1213
1,1,2,15,1199
1,1,2,16,1224
1,1,2,17,1208
1,1,2,18,1207
1,1,2,19,1197
1,1,2,20,1209
1,1,2,21,1195
1,1,2,22,1195
1,1,2,23,1192
1,1,2,24,1562
1,1,2,25,1226
1,1,2,26,1214
1,1,2,27,1216
1,1,2,28,1206
1,1,2,29,1211
1,1,2,30,1224
1,1,2,31,1235
1,1,2,32,1219
1,1,2,33,1209
1,1,2,34,1201
1,1,2,35,1183
1,1,2,36,1230
1,1,2,37,1208
1,1,2,38,1224
1,1,2,39,1200
1,1,2,40,1209
1,1,2,41,1210
1,1,2,42,1193
1,1,2,43,1207
1,1,2,44,1209
1,1,2,45,1216
1,1,2,46,1202
1,1,2,47,1211
1,1,2,48,1194
1,1,2,49,1211
1,1,2,50,1221
1,1,2,51,1207
1,1,2,52,1214
1,1,2,53,1199
1,1,2,54,1187
1,1,2,55,1215
1,1,2,56,1216
1,1,2,57,1224
1,1,2,58,1217
1,1,2,59,1227
1,1,2,60,1217
1,1,2,61,1211
1,1,2,62,1218
1,1,2,63,1211
1,1,3,0,1189
1,1,3,1,1206
1,1,3,2,1221
1,1,3,3,1212
1,1,3,4,1200
1,1,3,5,1194
1,1,3,6,1218
1,1,3,7,1204
1,1,3,8,1205
1,1,3,9,1226
1,1,3,10,1208
1,1,3,11,1198
1,1,3,12,1224
1,1,3,13,1228
1,1,3,14,1228
1,1,3,15,1221
1,1,3,16,1196
1,1,3,17,1230
1,1,3,18,1227
1,1,3,19,1220
1,1,3,20,1216
1,1,3,21,1198
1,1,3,22,1218
1,1,3,23,1211
1,1,3,24,1215
1,1,3,25,1222
1,1,3,26,1227
1,1,3,27,1207
1,1,3,28,1199
1,1,3,29,1209
1,1,3,30,1211
1,1,3,31,1231
1,1,3,32,1202
1,1,3,33,1206
1,1,3,34,1214
1,1,3,35,1209
1,1,3,36,1215
1,1,3,37,1215
1,1,3,38,1202
1,1,3,39,1210
1,1,3,40,1187
1,1,3,41,1211
1,1,3,42,1200
1,1,3,43,1209
1,1,3,44,1214
1,1,3,45,1224
1,1,3,46,1204
1,1,3,47,1205
1,1,3,48,1223
1,1,3,49,1215
1,1,3,50,1206
1,1,3,51,1230
1,1,3,52,1215
1,1,3,53,1234
1,1,3,54,1202
1,1,3,55,1231
1,1,3,56,1212
1,1,3,57,1203
1,1,3,58,1199
1,1,3,59,1207
1,1,3,60,1224
1,1,3,61,1228
1,1,3,62,1207
1,1,3,63,1200
1,0,3,0,1169
1,0,3,1,1171
1,0,3,2,1195
1,0,3,3,1180
1,0,3,4,1176
1,0,3,5,1154
1,0,3,6,1175
1,0,3,7,1164
1,0,3,8,1167
1,0,3,9,1175
1,0,3,10,1167
1,0,3,11,1153
1,0,3,12,1161
1,0,3,13,1172
1,0,3,14,1177
1,0,3,15,1168
1,0,3,16,1184
1,0,3,17,1178
1,0,3,18,1161
1,0,3,19,1158
1,0,3,20,1151
1,0,3,21,1160
1,0,3,22,1154
1,0,3,23,1169
1,0,3,24,1153
1,0,3,25,1164
1,0,3,26,1170
1,0,3,27,1182
1,0,3,28,1168
1,0,3,29,1175
1,0,3,30,1168
1,0,3,31,1178
1,0,3,32,1154
1,0,3,33,1157
1,0,3,34,1159
1,0,3,35,1160
1,0,3,36,1168
1,0,3,37,1166
1,0,3,38,1162
1,0,3,39,1176
1,0,3,40,1181
1,0,3,41,1179
1,0,3,42,1179
1,0,3,43,1153
1,0,3,44,1155
1,0,3,45,1179
1,0,3,46,1174
1,0,3,47,1156
1,0,3,48,1174
1,0,3,49,1158
1,0,3,50,1145
1,0,3,51,1154
1,0,3,52,1156
1,0,3,53,1174
1,0,3,54,1166
1,0,3,55,1172
1,0,3,56,1165
1,0,3,57,1179
1,0,3,58,1154
1,0,3,59,1154
1,0,3,60,1167
1,0,3,61,1151
1,0,3,62,1198
1,0,3,63,1183
1,0,4,0,1178
1,0,4,1,1183
1,0,4,2,1170
1,0,4,3,1177
1,0,4,4,1164
1,0,4,5,1170
1,0,4,6,1151
1,0,4,7,1164
1,0,4,8,1156
1,0,4,9,1167
1,0,4,10,1173
1,0,4,11,1166
1,0,4,12,1180
1,0,4,13,1172
1,0,4,14,1166
1,0,4,15,1169
1,0,4,16,1167
1,0,4,17,1164
1,0,4,18,1182
1,0,4,19,1165
1,0,4,20,1171
1,0,4,21,1168
1,0,4,22,1153
1,0,4,23,1171
1,0,4,24,1171
1,0,4,25,1166
1,0,4,26,1160
1,0,4,27,1169
1,0,4,28,1146
1,0,4,29,1170
1,0,4,30,1159
1,0,4,31,1167
1,0,4,32,1168
1,0,4,33,1145
1,0,4,34,1175
1,0,4,35,1181
1,0,4,36,1167
1,0,4,37,1152
1,0,4,38,1163
1,0,4,39,1137
1,0,4,40,1180
1,0,4,41,1158
1,0,4,42,1180
1,0,4,43,1169
1,0,4,44,1163
1,0,4,45,1174
1,0,4,46,1158
1,0,4,47,1166
1,0,4,48,1185
1,0,4,49,1165
1,0,4,50,1172
1,0,4,51,1188
1,0,4,52,1165
1,0,4,53,1166
1,0,4,54,1177
1,0,4,55,1163
1,0,4,56,1157
1,0,4,57,1143
1,0,4,58,1156
1,0,4,59,1168
1,0,4,60,1163
1,0,4,61,1180
1,0,4,62,1169
1,0,4,63,1182
1,1,4,0,1197
1,1,4,1,1247
1,1,4,2,1212
1,1,4,3,1221
1,1,4,4,1217
1,1,4,5,1220
1,1,4,6,1200
1,1,4,7,1225
1,1,4,8,1222
1,1,4,9,1219
1,1,4,10,1215
1,1,4,11,1234
1,1,4,12,1205
1,1,4,13,1221
1,1,4,14,1206
1,1,4,15,1206
1,1,4,16,1236
1,1,4,17,1214
1,1,4,18,1204
1,1,4,19,1217
1,1,4,20,1216
1,1,4,21,1207
1,1,4,22,1211
1,1,4,23,1214
1,1,4,24,1207
1,1,4,25,1210
1,1,4,26,1209
1,1,4,27,1211
1,1,4,28,1216
1,1,4,29,1214
1,1,4,30,1216
1,1,4,31,1210
1,1,4,32,1184
1,1,4,33,1203
1,1,4,34,1208
1,1,4,35,1222
1,1,4,36,1223
1,1,4,37,1204
1,1,4,38,1233
1,1,4,39,1202
1,1,4,40,1180
1,1,4,41,1228
1,1,4,42,1232
1,1,4,43,1220
1,1,4,44,1206
1,1,4,45,1213
1,1,4,46,1220
1,1,4,47,1215
1,1,4,48,1215
1,1,4,49,1200
1,1,4,50,1211
1,1,4,51,1219
1,1,4,52,1202
1,1,4,53,1236
1,1,4,54,1204
1,1,4,55,1203
1,1,4,56,1228
1,1,4,57,1220
1,1,4,58,1200
1,1,4,59,1205
1,1,4,60,1214
1,1,4,61,1200
1,1,4,62,1217
1,1,4,63,1224
1,1,5,0,1204
1,1,5,1,1222
1,1,5,2,1212
1,1,5,3,1213
1,1,5,4,1221
1,1,5,5,1220
1,1,5,6,1195
1,1,5,7,1207
1,1,5,8,1235
1,1,5,9,1242
1,1,5,10,1227
1,1,5,11,1206
1,1,5,12,1216
1,1,5,13,1223
1,1,5,14,1210
1,1,5,15,1191
1,1,5,16,1202
1,1,5,17,1188
1,1,5,18,1219
1,1,5,19,1218
1,1,5,20,1194
1,1,5,21,1206
1,1,5,22,1198
1,1,5,23,1192
1,1,5,24,1204
1,1,5,25,1227
1,1,5,26,1219
1,1,5,27,1224
1,1,5,28,1210
1,1,5,29,1201
1,1,5,30,1227
1,1,5,31,1214
1,1,5,32,1220
1,1,5,33,1218
1,1,5,34,1217
1,1,5,35,1180
1,1,5,36,1209
1,1,5,37,1232
1,1,5,38,1209
1,1,5,39,1217
1,1,5,40,1202
1,1,5,41,1206
1,1,5,42,1216
1,1,5,43,1206
1,1,5,44,1200
1,1,5,45,1229
1,1,5,46,1200
1,1,5,47,1238
1,1,5,48,1237
1,1,5,49,1206
1,1,5,50,1210
1,1,5,51,1207
1,1,5,52,1224
1,1,5,53,1205
1,1,5,54,1220
1,1,5,55,1191
1,1,5,56,1229
1,1,5,57,1230
1,1,5,58,1200
1,1,5,59,1218
1,1,5,60,1226
1,1,5,61,1225
1,1,5,62,1199
1,1,5,63,1222
1,0,5,0,1179
1,0,5,1,1186
1,0,5,2,1191
1,0,5,3,1198
1,0,5,4,1165
1,0,5,5,1161
1,0,5,6,1167
1,0,5,7,1168
1,0,5,8,1162
1,0,5,9,1181
1,0,5,10,1164
1,0,5,11,1168
1,0,5,12,1163
1,0,5,13,1171
1,0,5,14,1169
1,0,5,15,1157
1,0,5,16,1169
1,0,5,17,1171
1,0,5,18,1171
1,0,5,19,1158
1,0,5,20,1166
1,0,5,21,1179
1,0,5,22,1177
1,0,5,23,1174
1,0,5,24,1177
1,0,5,25,1167
1,0,5,26,1168
1,0,5,27,1169
1,0,5,28,1155
1,0,5,29,1170
1,0,5,30,1177
1,0,5,31,1178
1,0,5,32,1162
1,0,5,33,1169
1,0,5,34,1155
1,0,5,35,1150
1,0,5,36,1175
1,0,5,37,1165
1,0,5,38,1162
1,0,5,39,1140
1,0,5,40,1177
1,0,5,41,1187
1,0,5,42,1157
1,0,5,43,1168
1,0,5,44,1167
1,0,5,45,1172
1,0,5,46,1157
1,0,5,47,1159
1,0,5,48,1161
1,0,5,49,1154
1,0,5,50,1180
1,0,5,51,1155
1,0,5,52,1146
1,0,5,53,1151
1,0,5,54,1179
1,0,5,55,1151
1,0,5,56,1158
1,0,5,57,1167
1,0,5,58,1162
1,0,5,59,1161
1,0,5,60,1171
1,0,5,61,1177
1,0,5,62,1157
1,0,5,63,1150
1,0,6,0,1183
1,0,6,1,1173
1,0,6,2,1189
1,0,6,3,1163
1,0,6,4,1177
1,0,6,5,1164
1,0,6,6,1170
1,0,6,7,1154
1,0,6,8,1156
1,0,6,9,1165
1,0,6,10,1166
1,0,6,11,1183
1,0,6,12,1165
1,0,6,13,1168
1,0,6,14,1150
1,0,6,15,1161
1,0,6,16,1138
1,0,6,17,1153
1,0,6,18,1159
1,0,6,19,1159
1,0,6,20,1177
1,0,6,21,1175
1,0,6,22,1151
1,0,6,23,1149
1,0,6,24,1178
1,0,6,25,1157
1,0,6,26,1152
1,0,6,27,1155
1,0,6,28,1167
1,0,6,29,1168
1,0,6,30,1170
1,0,6,31,1168
1,0,6,32,1162
1,0,6,33,1156
1,0,6,34,1160
1,0,6,35,1161
1,0,6,36,1173
1,0,6,37,1162
1,0,6,38,1158
1,0,6,39,1189
1,0,6,40,1171
1,0,6,41,1171
1,0,6,42,1186
1,0,6,43,1172
1,0,6,44,1150
1,0,6,45,1166
1,0,6,46,1173
1,0,6,47,1158
1,0,6,48,1178
1,0,6,49,1184
1,0,6,50,1173
1,0,6,51,1170
1,0,6,52,1175
1,0,6,53,1178
1,0,6,54,1177
1,0,6,55,1159
1,0,6,56,1157
1,0,6,57,1213
1,0,6,58,1149
1,0,6,59,1152
1,0,6,60,1172
1,0,6,61,1160
1,0,6,62,1178
1,0,6,63,1178
1,1,6,0,1228
1,1,6,1,1232
1,1,6,2,1227
1,1,6,3,1227
1,1,6,4,1241
1,1,6,5,1194
1,1,6,6,1206
1,1,6,7,1200
1,1,6,8,1218
1,1,6,9,1206
1,1,6,10,1200
1,1,6,11,1213
1,1,6,12,1203
1,1,6,13,1194
1,1,6,14,1207
1,1,6,15,1211
1,1,6,16,1233
1,1,6,17,1206
1,1,6,18,1222
1,1,6,19,1187
1,1,6,20,1217
1,1,6,21,1227
1,1,6,22,1223
1,1,6,23,1226
1,1,6,24,1193
1,1,6,25,1225
1,1,6,26,1211
1,1,6,27,1200
1,1,6,28,1229
1,1,6,29,1210
1,1,6,30,1230
1,1,6,31,1208
1,1,6,32,1228
1,1,6,33,1207
1,1,6,34,1202
1,1,6,35,1207
1,1,6,36,1195
1,1,6,37,1224
1,1,6,38,1211
1,1,6,39,1196
1,1,6,40,1195
1,1,6,41,1219
1,1,6,42,1217
1,1,6,43,1213
1,1,6,44,1208
1,1,6,45,1222
1,1,6,46,1212
1,1,6,47,1231
1,1,6,48,1192
1,1,6,49,1217
1,1,6,50,1237
1,1,6,51,1214
1,1,6,52,1201
1,1,6,53,1210
1,1,6,54,1227
1,1,6,55,1223
1,1,6,56,1217
1,1,6,57,1229
1,1,6,58,1205
1,1,6,59,1223
1,1,6,60,1205
1,1,6,61,1194
1,1,6,62,1231
1,1,6,63,1228
1,1,7,0,1182
1,1,7,1,1203
1,1,7,2,1188
1,1,7,3,1197
1,1,7,4,1217
1,1,7,5,1196
1,1,7,6,1228
1,1,7,7,1225
1,1,7,8,1219
1,1,7,9,1221
1,1,7,10,1213
1,1,7,11,1231
1,1,7,12,1215
1,1,7,13,1216
1,1,7,14,1218
1,1,7,15,1211
1,1,7,16,1208
1,1,7,17,1224
1,1,7,18,1203
1,1,7,19,1213
1,1,7,20,1209
1,1,7,21,1196
1,1,7,22,1207
1,1,7,23,1227
1,1,7,24,1223
1,1,7,25,1208
1,1,7,26,1230
1,1,7,27,1193
1,1,7,28,1212
1,1,7,29,1216
1,1,7,30,1223
1,1,7,31,1211
1,1,7,32,1214
1,1,7,33,1221
1,1,7,34,1215
1,1,7,35,1223
1,1,7,36,1219
1,1,7,37,1222
1,1,7,38,1225
1,1,7,39,1218
1,1,7,40,1198
1,1,7,41,1203
1,1,7,42,1214
1,1,7,43,1208
1,1,7,44,1204
1,1,7,45,1217
1,1,7,46,1221
1,1,7,47,1215
1,1,7,48,1203
1,1,7,49,1234
1,1,7,50,1208
1,1,7,51,1203
1,1,7,52,1220
1,1,7,53,1218
1,1,7,54,1219
1,1,7,55,1217
1,1,7,56,1204
1,1,7,57,1225
1,1,7,58,1228
1,1,7,59,1207
1,1,7,60,1229
1,1,7,61,1205
1,1,7,62,1220
1,1,7,63,1216
1,0,7,0,1177
1,0,7,1,1174
1,0,7,2,1184
1,0,7,3,1189
1,0,7,4,1194
1,0,7,5,1158
1,0,7,6,1163
1,0,7,7,1154
1,0,7,8,1150
1,0,7,9,1161
1,0,7,10,1157
1,0,7,11,1156
1,0,7,12,1162
1,0,7,13,1164
1,0,7,14,1159
1,0,7,15,1185
1,0,7,16,1140
1,0,7,17,1145
1,0,7,18,1157
1,0,7,19,1147
1,0,7,20,1156
1,0,7,21,1170
1,0,7,22,1142
1,0,7,23,1149
1,0,7,24,1177
1,0,7,25,1164
1,0,7,26,1169
1,0,7,27,1136
1,0,7,28,1160
1,0,7,29,1146
1,0,7,30,1182
1,0,7,31,1148
1,0,7,32,1177
1,0,7,33,1152
1,0,7,34,1133
1,0,7,35,1160
1,0,7,36,1161
1,0,7,37,1130
1,0,7,38,1148
1,0,7,39,1166
1,0,7,40,1158
1,0,7,41,1176
1,0,7,42,1161
1,0,7,43,1148
1,0,7,44,1162
1,0,7,45,1152
1,0,7,46,1154
1,0,7,47,1171
1,0,7,48,1148
1,0,7,49,1162
1,0,7,50,1157
1,0,7,51,1166
1,0,7,52,1173
1,0,7,53,1172
1,0,7,54,1172
1,0,7,55,1165
1,0,7,56,1155
1,0,7,57,1167
1,0,7,58,1184
1,0,7,59,1173
1,0,7,60,1159
1,0,7,61,1158
1,0,7,62,1160
1,0,7,63,1153
2,0,0,0,19920
2,0,0,1,19403
2,0,0,2,19372
2,0,0,3,19536
2,0,0,4,19453
2,0,0,5,19140
2,0,0,6,19356
2,0,0,7,19600
2,0,0,8,19581
2,0,0,9,19638
2,0,0,10,19564
2,0,0,11,19453
2,0,0,12,19350
2,0,0,13,19657
2,0,0,14,19525
2,0,0,15,19254
2,0,0,16,19502
2,0,0,17,19388
2,0,0,18,19355
2,0,0,19,19352
2,0,0,20,19296
2,0,0,21,19604
2,0,0,22,19395
2,0,0,23,19489
2,0,0,24,19430
2,0,0,25,19320
2,0,0,26,19424
2,0,0,27,19334
2,0,0,28,19250
2,0,0,29,19398
2,0,0,30,19366
2,0,0,31,19704
2,0,0,32,19588
2,0,0,33,19455
2,0,0,34,19717
2,0,0,35,19349
2,0,0,36,19582
2,0,0,37,19328
2,0,0,38,19266
2,0,0,39,19651
2,0,0,40,19395
2,0,0,41,19300
2,0,0,42,19475
2,0,0,43,19361
2,0,0,44,19544
2,0,0,45,19670
2,0,0,46,19255
2,0,0,47,19568
2,0,0,48,19601
2,0,0,49,19224
2,0,0,50,19390
2,0,0,51,19980
2,0,0,52,19177
2,0,0,53,19437
2,0,0,54,19435
2,0,0,55,19447
2,0,0,56,19425
2,0,0,57,19236
2,0,0,58,19625
2,0,0,59,19614
2,0,0,60,19422
2,0,0,61,19732
2,0,0,62,19347
2,0,0,63,19385
2,1,0,0,19733
2,1,0,1,19557
2,1,0,2,19588
2,1,0,3,19290
2,1,0,4,19712
2,1,0,5,19701
2,1,0,6,19431
2,1,0,7,19487
2,1,0,8,19420
2,1,0,9,19423
2,1,0,10,19489
2,1,0,11,19204
2,1,0,12,19449
2,1,0,13,19484
2,1,0,14,19391
2,1,0,15,19602
2,1,0,16,19656
2,1,0,17,19400
2,1,0,18,19371
2,1,0,19,19515
2,1,0,20,19477
2,1,0,21,19736
2,1,0,22,19593
2,1,0,23,19499
2,1,0,24,19259
2,1,0,25,19699
2,1,0,26,19604
2,1,0,27,19549
2,1,0,28,19666
2,1,0,29,19377
2,1,0,30,19324
2,1,0,31,19336
2,1,0,32,19456
2,1,0,33,19369
2,1,0,34,19283
2,1,0,35,19703
2,1,0,36,19607
2,1,0,37,19432
2,1,0,38,19544
2,1,0,39,19689
2,1,0,40,19624
2,1,0,41,19604
2,1,0,42,19323
2,1,0,43,19541
2,1,0,44,19438
2,1,0,45,19656
2,1,0,46,19583
2,1,0,47,19598
2,1,0,48,19306
2,1,0,49,19375
2,1,0,50,19238
2,1,0,51,19661
2,1,0,52,19471
2,1,0,53,19665
2,1,0,54,19407
2,1,0,55,19655
2,1,0,56,19664
2,1,0,57,19678
2,1,0,58,19660
2,1,0,59,19472
2,1,0,60,19422
2,1,0,61,19772
2,1,0,62,19466
2,1,0,63,19571
2,1,1,0,19565
2,1,1,1,19611
2,1,1,2,19781
2,1,1,3,19622
2,1,1,4,19567
2,1,1,5,19642
2,1,1,6,19505
2,1,1,7,20114
2,1,1,8,19678
2,1,1,9,19405
2,1,1,10,19410
2,1,1,11,19600
2,1,1,12,19389
2,1,1,13,19794
2,1,1,14,19473
2,1,1,15,19473
2,1,1,16,19442
2,1,1,17,19665
2,1,1,18,19550
2,1,1,19,19438
2,1,1,20,19301
2,1,1,21,19582
2,1,1,22,19780
2,1,1,23,19423
2,1,1,24,19390
2,1,1,25,19668
2,1,1,26,19582
2,1,1,27,19364
2,1,1,28,19766
2,1,1,29,19515
2,1,1,30,19592
2,1,1,31,19355
2,1,1,32,19647
2,1,1,33,19326
2,1,1,34,19281
2,1,1,35,19398
2,1,1,36,19462
2,1,1,37,19382
2,1,1,38,19640
2,1,1,39,19614
2,1,1,40,19547
2,1,1,41,19317
2,1,1,42,19430
2,1,1,43,19684
2,1,1,44,19681
2,1,1,45,19584
2,1,1,46,19679
2,1,1,47,19487
2,1,1,48,19781
2,1,1,49,19334
2,1,1,50,19669
2,1,1,51,19408
2,1,1,52,19655
2,1,1,53,19317
2,1,1,54,19304
2,1,1,55,19403
2,1,1,56,19453
2,1,1,57,19387
2,1,1,58,19573
2,1,1,59,19573
2,1,1,60,19444
2,1,1,61,19563
2,1,1,62,19774
2,1,1,63,19636
2,0,1,0,19474
2,0,1,1,19609
2,0,1,2,19507
2,0,1,3,19490
2,0,1,4,19551
2,0,1,5,19350
2,0,1,6,19355
2,0,1,7,19435
2,0,1,8,19344
2,0,1,9,19520
2,0,1,10,19540
2,0,1,11,19365
2,0,1,12,19548
2,0,1,13,19666
2,0,1,14,19522
2,0,1,15,19554
2,0,1,16,19231
2,0,1,17,19549
2,0,1,18,19541
2,0,1,19,19635
2,0,1,20,19295
2,0,1,21,19562
2,0,1,22,19504
2,0,1,23,19485
2,0,1,24,19430
2,0,1,25,19242
2,0,1,26,19350
2,0,1,27,19391
2,0,1,28,19324
2,0,1,29,19328
2,0,1,30,19273
2,0,1,31,20184
2,0,1,32,19378
2,0,1,33,19435
2,0,1,34,19482
2,0,1,35,19396
2,0,1,36,19396
2,0,1,37,19262
2,0,1,38,19344
2,0,1,39,19332
2,0,1,40,19620
2,0,1,41,19548
2,0,1,42,19528
2,0,1,43,19381
2,0,1,44,19386
2,0,1,45,19339
2,0,1,46,19446
2,0,1,47,19329
2,0,1,48,19724
2,0,1,49,19515
2,0,1,50,19554
2,0,1,51,19548
2,0,1,52,19452
2,0,1,53,19309
2,0,1,54,19741
2,0,1,55,19290
2,0,1,56,19354
2,0,1,57,19476
2,0,1,58,19303
2,0,1,59,19223
2,0,1,60,19318
2,0,1,61,19282
2,0,1,62,19510
2,0,1,63,19537
2,0,2,0,19376
2,0,2,1,19221
2,0,2,2,19341
2,0,2,3,19435
2,0,2,4,19316
2,0,2,5,19513
2,0,2,6,19558
2,0,2,7,19409
2,0,2,8,19376
2,0,2,9,19420
2,0,2,10,19605
2,0,2,11,19644
2,0,2,12,19267
2,0,2,13,19395
2,0,2,14,19621
2,0,2,15,19327
2,0,2,16,19384
2,0,2,17,19377
2,0,2,18,19450
2,0,2,19,19434
2,0,2,20,19498
2,0,2,21,19509
2,0,2,22,19568
2,0,2,23,19446
2,0,2,24,19445
2,0,2,25,19715
2,0,2,26,19471
2,0,2,27,19352
2,0,2,28,19449
2,0,2,29,19502
2,0,2,30,19383
2,0,2,31,19284
2,0,2,32,19445
2,0,2,33,19663
2,0,2,34,19455
2,0,2,35,19557
2,0,2,36,19290
2,0,2,37,19224
2,0,2,38,19602
2,0,2,39,19259
2,0,2,40,19290
2,0,2,41,19445
2,0,2,42,19605
2,0,2,43,19186
2,0,2,44,19209
2,0,2,45,19260
2,0,2,46,19386
2,0,2,47,19311
2,0,2,48,19330
2,0,2,49,19551
2,0,2,50,19378
2,0,2,51,19232
2,0,2,52,19314
2,0,2,53,19166
2,0,2,54,19526
2,0,2,55,19667
2,0,2,56,19459
2,0,2,57,19535
2,0,2,58,19521
2,0,2,59,19351
2,0,2,60,19310
2,0,2,61,19438
2,0,2,62,19429
2,0,2,63,19329
2,1,2,0,19442
2,1,2,1,19809
2,1,2,2,19654
2,1,2,3,19608
2,1,2,4,19808
2,1,2,5,19632
2,1,2,6,19627
2,1,2,7,19666
2,1,2,8,19599
2,1,2,9,19700
2,1,2,10,19531
2,1,2,11,19734
2,1,2,12,19653
2,1,2,13,19747
2,1,2,14,19583
2,1,2,15,19757
2,1,2,16,19628
2,1,2,17,19483
2,1,2,18,19731
2,1,2,19,19523
2,1,2,20,19730
2,1,2,21,19613
2,1,2,22,19669
2,1,2,23,19631
2,1,2,24,19608
2,1,2,25,19537
2,1,2,26,19273
2,1,2,27,19639
2,1,2,28,19646
2,1,2,29,19666
2,1,2,30,19431
2,1,2,31,19433
2,1,2,32,19446
2,1,2,33,19483
2,1,2,34,19465
2,1,2,35,19281
2,1,2,36,19381
2,1,2,37,19632
2,1,2,38,19573
2,1,2,39,19708
2,1,2,40,19347
2,1,2,41,19439
2,1,2,42,19655
2,1,2,43,19639
2,1,2,44,19457
2,1,2,45,19788
2,1,2,46,19693
2,1,2,47,19405
2,1,2,48,19706
2,1,2,49,19555
2,1,2,50,19661
2,1,2,51,19636
2,1,2,52,19733
2,1,2,53,19375
2,1,2,54,19608
2,1,2,55,19388
2,1,2,56,19714
2,1,2,57,19331
2,1,2,58,19518
2,1,2,59,19547
2,1,2,60,19549
2,1,2,61,19669
2,1,2,62,19414
2,1,2,63,19626
2,1,3,0,19503
2,1,3,1,19631
2,1,3,2,19467
2,1,3,3,19343
2,1,3,4,19395
2,1,3,5,19574
2,1,3,6,19412
2,1,3,7,19306
2,1,3,8,19281
2,1,3,9,19304
2,1,3,10,19441
2,1,3,11,19451
2,1,3,12,20159
2,1,3,13,19424
2,1,3,14,19424
2,1,3,15,19328
2,1,3,16,19652
2,1,3,17,19740
2,1,3,18,19553
2,1,3,19,19453
2,1,3,20,19789
2,1,3,21,19541
2,1,3,22,19454
2,1,3,23,19605
2,1,3,24,19567
2,1,3,25,19755
2,1,3,26,19643
2,1,3,27,19423
2,1,3,28,19352
2,1,3,29,19446
2,1,3,30,19609
2,1,3,31,19538
2,1,3,32,19374
2,1,3,33,19305
2,1,3,34,19666
2,1,3,35,19225
2,1,3,36,19627
2,1,3,37,19629
2,1,3,38,19428
2,1,3,39,19538
2,1,3,40,19734
2,1,3,41,19318
2,1,3,42,19475
2,1,3,43,19444
2,1,3,44,19397
2,1,3,45,19484
2,1,3,46,19664
2,1,3,47,19411
2,1,3,48,19451
2,1,3,49,19499
2,1,3,50,19342
2,1,3,51,19503
2,1,3,52,19462
2,1,3,53,19324
2,1,3,54,19431
2,1,3,55,19353
2,1,3,56,19601
2,1,3,57,19378
2,1,3,58,19474
2,1,3,59,19511
2,1,3,60,19304
2,1,3,61,19418
2,1,3,62,19342
2,1,3,63,19602
2,0,3,0,19221
2,0,3,1,19442
2,0,3,2,19599
2,0,3,3,19470
2,0,3,4,19251
2,0,3,5,19303
2,0,3,6,19447
2,0,3,7,19436
2,0,3,8,19504
2,0,3,9,19566
2,0,3,10,19405
2,0,3,11,19479
2,0,3,12,19547
2,0,3,13,19734
2,0,3,14,19490
2,0,3,15,19288
2,0,3,16,19610
2,0,3,17,19524
2,0,3,18,19442
2,0,3,19,19374
2,0,3,20,19460
2,0,3,21,19599
2,0,3,22,19460
2,0,3,23,19223
2,0,3,24,19342
2,0,3,25,19390
2,0,3,26,19382
2,0,3,27,19485
2,0,3,28,19404
2,0,3,29,19651
2,0,3,30,19512
2,0,3,31,19230
2,0,3,32,19364
2,0,3,33,19520
2,0,3,34,19370
2,0,3,35,19425
2,0,3,36,19899
2,0,3,37,19316
2,0,3,38,19592
2,0,3,39,19554
2,0,3,40,19730
2,0,3,41,19474
2,0,3,42,19345
2,0,3,43,19279
2,0,3,44,19319
2,0,3,45,19540
2,0,3,46,19406
2,0,3,47,19313
2,0,3,48,19292
2,0,3,49,19405
2,0,3,50,19350
2,0,3,51,19516
2,0,3,52,19572
2,0,3,53,19520
2,0,3,54,19556
2,0,3,55,19352
2,0,3,56,19432
2,0,3,57,19457
2,0,3,58,19358
2,0,3,59,19337
2,0,3,60,19404
2,0,3,61,19748
2,0,3,62,19533
2,0,3,63,19365
2,0,4,0,19366
2,0,4,1,19479
2,0,4,2,19304
2,0,4,3,19391
2,0,4,4,19205
2,0,4,5,19555
2,0,4,6,19454
2,0,4,7,19554
2,0,4,8,19313
2,0,4,9,19211
2,0,4,10,19584
2,0,4,11,19612
2,0,4,12,19568
2,0,4,13,19606
2,0,4,14,19509
2,0,4,15,19549
2,0,4,16,19339
2,0,4,17,19279
2,0,4,18,19404
2,0,4,19,19614
2,0,4,20,19519
2,0,4,21,19436
2,0,4,22,19250
2,0,4,23,19440
2,0,4,24,19527
2,0,4,25,19374
2,0,4,26,19427
2,0,4,27,19429
2,0,4,28,19545
2,0,4,29,19410
2,0,4,30,19361
2,0,4,31,19501
2,0,4,32,19355
2,0,4,33,19602
2,0,4,34,19341
2,0,4,35,19621
2,0,4,36,19575
2,0,4,37,19461
2,0,4,38,19532
2,0,4,39,19390
2,0,4,40,19578
2,0,4,41,19436
2,0,4,42,19410
2,0,4,43,19445
2,0,4,44,19299
2,0,4,45,19820
2,0,4,46,19170
2,0,4,47,19399
2,0,4,48,19529
2,0,4,49,19301
2,0,4,50,19298
2,0,4,51,19558
2,0,4,52,19345
2,0,4,53,19391
2,0,4,54,19379
2,0,4,55,47287
2,0,4,56,20463
2,0,4,57,19396
2,0,4,58,19549
2,0,4,59,31434
2,0,4,60,21100
2,0,4,61,19498
2,0,4,62,19575
2,0,4,63,19298
2,1,4,0,19637
2,1,4,1,19327
2,1,4,2,19326
2,1,4,3,19472
2,1,4,4,19463
2,1,4,5,19415
2,1,4,6,19517
2,1,4,7,19618
2,1,4,8,19476
2,1,4,9,19724
2,1,4,10,19384
2,1,4,11,19426
2,1,4,12,19306
2,1,4,13,19480
2,1,4,14,19435
2,1,4,15,19354
2,1,4,16,19420
2,1,4,17,19507
2,1,4,18,19348
2,1,4,19,19447
2,1,4,20,19433
2,1,4,21,19482
2,1,4,22,19351
2,1,4,23,19466
2,1,4,24,19425
2,1,4,25,19505
2,1,4,26,19601
2,1,4,27,19513
2,1,4,28,19672
2,1,4,29,19485
2,1,4,30,19349
2,1,4,31,19391
2,1,4,32,19454
2,1,4,33,19479
2,1,4,34,19432
2,1,4,35,19425
2,1,4,36,19285
2,1,4,37,19613
2,1,4,38,19592
2,1,4,39,19536
2,1,4,40,19606
2,1,4,41,19523
2,1,4,42,19611
2,1,4,43,19416
2,1,4,44,19421
2,1,4,45,19500
2,1,4,46,19763
2,1,4,47,19620
2,1,4,48,19632
2,1,4,49,19433
2,1,4,50,19632
2,1,4,51,19595
2,1,4,52,19559
2,1,4,53,19353
2,1,4,54,19656
2,1,4,55,19389
2,1,4,56,19461
2,1,4,57,19407
2,1,4,58,19406
2,1,4,59,19548
2,1,4,60,19268
2,1,4,61,19579
2,1,4,62,19474
2,1,4,63,49333
2,1,5,0,32102
2,1,5,1,52157
2,1,5,2,60232
2,1,5,3,51189
2,1,5,4,34991
2,1,5,5,19217
2,1,5,6,19485
2,1,5,7,19765
2,1,5,8,19690
2,1,5,9,19387
2,1,5,10,19709
2,1,5,11,19371
2,1,5,12,19618
2,1,5,13,19427
2,1,5,14,19527
2,1,5,15,19383
2,1,5,16,19663
2,1,5,17,56087
2,1,5,18,28267
2,1,5,19,26573
2,1,5,20,27589
2,1,5,21,21002
2,1,5,22,29727
2,1,5,23,19477
2,1,5,24,28275
2,1,5,25,22602
2,1,5,26,28163
2,1,5,27,26237
2,1,5,28,32989
2,1,5,29,19357
2,1,5,30,26351
2,1,5,31,27369
2,1,5,32,22357
2,1,5,33,44205
2,1,5,34,20953
2,1,5,35,22685
2,1,5,36,23622
2,1,5,37,24439
2,1,5,38,27614
2,1,5,39,21325
2,1,5,40,21882
2,1,5,41,22354
2,1,5,42,22778
2,1,5,43,25842
2,1,5,44,31899
2,1,5,45,31268
2,1,5,46,32853
2,1,5,47,21274
2,1,5,48,20771
2,1,5,49,25953
2,1,5,50,20571
2,1,5,51,24892
2,1,5,52,31755
2,1,5,53,23990
2,1,5,54,20036
2,1,5,55,21037
2,1,5,56,20726
2,1,5,57,29773
2,1,5,58,30477
2,1,5,59,25178
2,1,5,60,25770
2,1,5,61,20898
2,1,5,62,20929
2,1,5,63,27107
2,0,5,0,24031
2,0,5,1,19474
2,0,5,2,22621
2,0,5,3,23260
2,0,5,4,41228
2,0,5,5,30980
2,0,5,6,40082
2,0,5,7,29058
2,0,5,8,28078
2,0,5,9,26617
2,0,5,10,30346
2,0,5,11,31185
2,0,5,12,28205
2,0,5,13,27205
2,0,5,14,38037
2,0,5,15,38244
2,0,5,16,28557
2,0,5,17,25308
2,0,5,18,24287
2,0,5,19,20782
2,0,5,20,19642
2,0,5,21,23809
2,0,5,22,24933
2,0,5,23,20792
2,0,5,24,30579
2,0,5,25,31659
2,0,5,26,22349
2,0,5,27,20752
2,0,5,28,19370
2,0,5,29,27416
2,0,5,30,27808
2,0,5,31,22564
2,0,5,32,36653
2,0,5,33,35434
2,0,5,34,31942
2,0,5,35,34557
2,0,5,36,26169
2,0,5,37,27194
2,0,5,38,33539
2,0,5,39,30415
2,0,5,40,28340
2,0,5,41,20735
2,0,5,42,32748
2,0,5,43,28879
2,0,5,44,19522
2,0,5,45,28106
2,0,5,46,33111
2,0,5,47,31937
2,0,5,48,36022
2,0,5,49,19428
2,0,5,50,32247
2,0,5,51,27234
2,0,5,52,25716
2,0,5,53,26295
2,0,5,54,32551
2,0,5,55,43358
2,0,5,56,23469
2,0,5,57,29469
2,0,5,58,24036
2,0,5,59,24983
2,0,5,60,34067
2,0,5,61,38391
2,0,5,62,34590
2,0,5,63,19445
2,0,6,0,19262
2,0,6,1,19331
2,0,6,2,19312
2,0,6,3,19401
2,0,6,4,19894
2,0,6,5,19348
2,0,6,6,19455
2,0,6,7,19466
2,0,6,8,19383
2,0,6,9,19446
2,0,6,10,19442
2,0,6,11,19302
2,0,6,12,19208
2,0,6,13,19609
2,0,6,14,19385
2,0,6,15,19220
2,0,6,16,19465
2,0,6,17,19688
2,0,6,18,19318
2,0,6,19,19418
2,0,6,20,19199
2,0,6,21,19614
2,0,6,22,19189
2,0,6,23,19391
2,0,6,24,19696
2,0,6,25,19479
2,0,6,26,19290
2,0,6,27,19343
2,0,6,28,19249
2,0,6,29,19328
2,0,6,30,19516
2,0,6,31,19495
2,0,6,32,19566
2,0,6,33,19559
2,0,6,34,19511
2,0,6,35,19256
2,0,6,36,19539
2,0,6,37,19475
2,0,6,38,19475
2,0,6,39,19555
2,0,6,40,19368
2,0,6,41,19569
2,0,6,42,19520
2,0,6,43,19650
2,0,6,44,19639
2,0,6,45,19664
2,0,6,46,19559
2,0,6,47,19337
2,0,6,48,19510
2,0,6,49,19285
2,0,6,50,19521
2,0,6,51,19248
2,0,6,52,19521
2,0,6,53,19503
2,0,6,54,19649
2,0,6,55,19512
2,0,6,56,19432
2,0,6,57,19269
2,0,6,58,19442
2,0,6,59,19436
2,0,6,60,19219
2,0,6,61,19351
2,0,6,62,19523
2,0,6,63,19687
2,1,6,0,19310
2,1,6,1,19674
2,1,6,2,19581
2,1,6,3,19503
2,1,6,4,19319
2,1,6,5,19664
2,1,6,6,19348
2,1,6,7,19694
2,1,6,8,19616
2,1,6,9,19341
2,1,6,10,19772
2,1,6,11,19596
2,1,6,12,19547
2,1,6,13,19615
2,1,6,14,19480
2,1,6,15,19272
2,1,6,16,19435
2,1,6,17,19520
2,1,6,18,19419
2,1,6,19,19476
2,1,6,20,19634
2,1,6,21,19688
2,1,6,22,19671
2,1,6,23,19413
2,1,6,24,19374
2,1,6,25,19519
2,1,6,26,19586
2,1,6,27,19565
2,1,6,28,20304
2,1,6,29,19771
2,1,6,30,19430
2,1,6,31,19470
2,1,6,32,19474
2,1,6,33,19768
2,1,6,34,19580
2,1,6,35,19394
2,1,6,36,19390
2,1,6,37,19505
2,1,6,38,19283
2,1,6,39,19600
2,1,6,40,19490
2,1,6,41,19863
2,1,6,42,19317
2,1,6,43,19630
2,1,6,44,19686
2,1,6,45,19574
2,1,6,46,19416
2,1,6,47,19457
2,1,6,48,19399
2,1,6,49,19545
2,1,6,50,19388
2,1,6,51,19533
2,1,6,52,19439
2,1,6,53,19330
2,1,6,54,19602
2,1,6,55,19635
2,1,6,56,19411
2,1,6,57,19349
2,1,6,58,19545
2,1,6,59,19550
2,1,6,60,19302
2,1,6,61,19561
2,1,6,62,19316
2,1,6,63,19688
2,1,7,0,19634
2,1,7,1,19585
2,1,7,2,19520
2,1,7,3,19383
2,1,7,4,19476
2,1,7,5,19428
2,1,7,6,19354
2,1,7,7,19669
2,1,7,8,19293
2,1,7,9,19427
2,1,7,10,19609
2,1,7,11,19579
2,1,7,12,19499
2,1,7,13,19523
2,1,7,14,19493
2,1,7,15,19458
2,1,7,16,19669
2,1,7,17,19306
2,1,7,18,19428
2,1,7,19,19710
2,1,7,20,19536
2,1,7,21,19331
2,1,7,22,19429
2,1,7,23,19578
2,1,7,24,19289
2,1,7,25,19508
2,1,7,26,19631
2,1,7,27,19691
2,1,7,28,19347
2,1,7,29,19665
2,1,7,30,19510
2,1,7,31,19339
2,1,7,32,19697
2,1,7,33,19443
2,1,7,34,19591
2,1,7,35,19375
2,1,7,36,19326
2,1,7,37,19313
2,1,7,38,19303
2,1,7,39,19570
2,1,7,40,19671
2,1,7,41,19668
2,1,7,42,19559
2,1,7,43,19342
2,1,7,44,19381
2,1,7,45,19744
2,1,7,46,19634
2,1,7,47,19709
2,1,7,48,19487
2,1,7,49,19486
2,1,7,50,19669
2,1,7,51,19518
2,1,7,52,20157
2,1,7,53,19388
2,1,7,54,19464
2,1,7,55,19417
2,1,7,56,19616
2,1,7,57,19528
2,1,7,58,19288
2,1,7,59,19781
2,1,7,60,19331
2,1,7,61,19387
2,1,7,62,19727
2,1,7,63,19408
2,0,7,0,19509
2,0,7,1,19437
2,0,7,2,19200
2,0,7,3,19264
2,0,7,4,19294
2,0,7,5,19617
2,0,7,6,19706
2,0,7,7,19527
2,0,7,8,19377
2,0,7,9,19447
2,0,7,10,19242
2,0,7,11,19518
2,0,7,12,19392
2,0,7,13,19575
2,0,7,14,19252
2,0,7,15,19549
2,0,7,16,19374
2,0,7,17,19256
2,0,7,18,19573
2,0,7,19,19338
2,0,7,20,19498
2,0,7,21,19400
2,0,7,22,19349
2,0,7,23,19489
2,0,7,24,19520
2,0,7,25,19546
2,0,7,26,19313
2,0,7,27,19398
2,0,7,28,19242
2,0,7,29,19345
2,0,7,30,19277
2,0,7,31,19542
2,0,7,32,19341
2,0,7,33,19470
2,0,7,34,19694
2,0,7,35,19499
2,0,7,36,19293
2,0,7,37,19530
2,0,7,38,19601
2,0,7,39,19425
2,0,7,40,19490
2,0,7,41,19613
2,0,7,42,19373
2,0,7,43,19455
2,0,7,44,19549
2,0,7,45,19521
2,0,7,46,19493
2,0,7,47,19472
2,0,7,48,19480
2,0,7,49,19531
2,0,7,50,19553
2,0,7,51,19184
2,0,7,52,19510
2,0,7,53,19553
2,0,7,54,19316
2,0,7,55,19288
2,0,7,56,19354
2,0,7,57,19219
2,0,7,58,19436
2,0,7,59,19254
2,0,7,60,19361
2,0,7,61,19728
2,0,7,62,19456
2,0,7,63,19244
