cpucycles tracesetup 0 amd64-perfpmcff precision 0 scaling 0.000000 only32 0
cpucycles tracesetup 1 amd64-perfpmc precision 0 scaling 0.000000 only32 0
cpucycles tracesetup 2 amd64-pmcff precision 0 scaling 0.000000 only32 0
cpucycles tracesetup 3 amd64-tsc precision 1080 scaling 0.467415 only32 0
cpucycles tracesetup 4 amd64-tscasm precision 1090 scaling 0.467415 only32 0
cpucycles tracesetup 5 default-perfevent precision 203 scaling 1.000000 only32 0
cpucycles tracesetup 6 default-mach precision 0 scaling 0.000000 only32 0
cpucycles tracesetup 7 default-monotonic precision 1074 scaling 1.400000 only32 0
cpucycles tracesetup 8 default-gettimeofday precision 2440 scaling 1400.000000 only32 0
cpucycles tracesetup 9 default-zero precision 0 scaling 0.000000 only32 0
region,variant,block,observation,cycles
0,0,0,0,1038
0,0,0,1,963
0,0,0,2,1008
0,0,0,3,959
0,0,0,4,995
0,0,0,5,984
0,0,0,6,996
0,0,0,7,1013
0,0,0,8,999
0,0,0,9,995
0,0,0,10,979
0,0,0,11,987
0,0,0,12,1012
0,0,0,13,999
0,0,0,14,1009
0,0,0,15,987
0,0,0,16,1002
0,0,0,17,992
0,0,0,18,999
0,0,0,19,981
0,0,0,20,991
0,0,0,21,983
0,0,0,22,998
0,0,0,23,989
0,0,0,24,979
0,0,0,25,991
0,0,0,26,986
0,0,0,27,1003
0,0,0,28,1000
0,0,0,29,1024
0,0,0,30,1002
0,0,0,31,1002
0,0,0,32,1004
0,0,0,33,1019
0,0,0,34,1006
0,0,0,35,1005
0,0,0,36,995
0,0,0,37,1004
0,0,0,38,1024
0,0,0,39,1003
0,0,0,40,3210
0,0,0,41,3438
0,0,0,42,3130
0,0,0,43,1880
0,0,0,44,987
0,0,0,45,1021
0,0,0,46,1027
0,0,0,47,991
0,0,0,48,989
0,0,0,49,1013
0,0,0,50,1006
0,0,0,51,1011
0,0,0,52,1019
0,0,0,53,999
0,0,0,54,1010
0,0,0,55,1004
0,0,0,56,1018
0,0,0,57,1000
0,0,0,58,1009
0,0,0,59,996
0,0,0,60,991
0,0,0,61,1006
0,0,0,62,985
0,0,0,63,991
0,1,0,0,1032
0,1,0,1,1012
0,1,0,2,1023
0,1,0,3,1024
0,1,0,4,1026
0,1,0,5,1002
0,1,0,6,1019
0,1,0,7,1008
0,1,0,8,1020
0,1,0,9,1012
0,1,0,10,1008
0,1,0,11,989
0,1,0,12,1018
0,1,0,13,1010
0,1,0,14,1000
0,1,0,15,1007
0,1,0,16,1012
0,1,0,17,997
0,1,0,18,991
0,1,0,19,993
0,1,0,20,1008
0,1,0,21,1010
0,1,0,22,1028
0,1,0,23,1017
0,1,0,24,1003
0,1,0,25,1028
0,1,0,26,1018
0,1,0,27,1022
0,1,0,28,1015
0,1,0,29,1002
0,1,0,30,1009
0,1,0,31,1026
0,1,0,32,984
0,1,0,33,1004
0,1,0,34,1001
0,1,0,35,1023
0,1,0,36,1010
0,1,0,37,1015
0,1,0,38,1007
0,1,0,39,1022
0,1,0,40,1017
0,1,0,41,1011
0,1,0,42,1016
0,1,0,43,989
0,1,0,44,1001
0,1,0,45,1017
0,1,0,46,1015
0,1,0,47,1004
0,1,0,48,1032
0,1,0,49,1013
0,1,0,50,1012
0,1,0,51,1012
0,1,0,52,1016
0,1,0,53,1007
0,1,0,54,999
0,1,0,55,1018
0,1,0,56,1016
0,1,0,57,1010
0,1,0,58,1008
0,1,0,59,1011
0,1,0,60,1022
0,1,0,61,1005
0,1,0,62,1016
0,1,0,63,1014
0,1,1,0,962
0,1,1,1,1016
0,1,1,2,1040
0,1,1,3,1020
0,1,1,4,996
0,1,1,5,980
0,1,1,6,971
0,1,1,7,983
0,1,1,8,1154
0,1,1,9,1210
0,1,1,10,1006
0,1,1,11,1223
0,1,1,12,985
0,1,1,13,991
0,1,1,14,994
0,1,1,15,1013
0,1,1,16,1015
0,1,1,17,996
0,1,1,18,1023
0,1,1,19,1008
0,1,1,20,986
0,1,1,21,1019
0,1,1,22,1013
0,1,1,23,988
0,1,1,24,991
0,1,1,25,1006
0,1,1,26,1013
0,1,1,27,981
0,1,1,28,1010
0,1,1,29,1010
0,1,1,30,1008
0,1,1,31,997
0,1,1,32,981
0,1,1,33,987
0,1,1,34,1000
0,1,1,35,1020
0,1,1,36,1005
0,1,1,37,1019
0,1,1,38,1002
0,1,1,39,1008
0,1,1,40,992
0,1,1,41,1010
0,1,1,42,992
0,1,1,43,999
0,1,1,44,989
0,1,1,45,1007
0,1,1,46,990
0,1,1,47,1020
0,1,1,48,1005
0,1,1,49,1012
0,1,1,50,1011
0,1,1,51,1007
0,1,1,52,988
0,1,1,53,1001
0,1,1,54,1006
0,1,1,55,1011
0,1,1,56,1010
0,1,1,57,1028
0,1,1,58,1010
0,1,1,59,1014
0,1,1,60,1017
0,1,1,61,1001
0,1,1,62,998
0,1,1,63,1012
0,0,1,0,1031
0,0,1,1,1000
0,0,1,2,1008
0,0,1,3,1008
0,0,1,4,1008
0,0,1,5,983
0,0,1,6,987
0,0,1,7,1008
0,0,1,8,987
0,0,1,9,994
0,0,1,10,1012
0,0,1,11,997
0,0,1,12,987
0,0,1,13,1005
0,0,1,14,993
0,0,1,15,1000
0,0,1,16,1008
0,0,1,17,1005
0,0,1,18,990
0,0,1,19,997
0,0,1,20,1014
0,0,1,21,987
0,0,1,22,991
0,0,1,23,997
0,0,1,24,988
0,0,1,25,988
0,0,1,26,1006
0,0,1,27,980
0,0,1,28,995
0,0,1,29,1010
0,0,1,30,977
0,0,1,31,972
0,0,1,32,984
0,0,1,33,999
0,0,1,34,988
0,0,1,35,1003
0,0,1,36,996
0,0,1,37,987
0,0,1,38,993
0,0,1,39,995
0,0,1,40,984
0,0,1,41,1009
0,0,1,42,987
0,0,1,43,1324
0,0,1,44,1018
0,0,1,45,1010
0,0,1,46,1003
0,0,1,47,1006
0,0,1,48,991
0,0,1,49,1008
0,0,1,50,990
0,0,1,51,981
0,0,1,52,1018
0,0,1,53,1020
0,0,1,54,992
0,0,1,55,993
0,0,1,56,999
0,0,1,57,1007
0,0,1,58,1005
0,0,1,59,1001
0,0,1,60,998
0,0,1,61,977
0,0,1,62,1006
0,0,1,63,998
0,0,2,0,989
0,0,2,1,986
0,0,2,2,1007
0,0,2,3,1008
0,0,2,4,1003
0,0,2,5,1000
0,0,2,6,984
0,0,2,7,1003
0,0,2,8,999
0,0,2,9,996
0,0,2,10,1006
0,0,2,11,1002
0,0,2,12,1021
0,0,2,13,1013
0,0,2,14,993
0,0,2,15,989
0,0,2,16,996
0,0,2,17,976
0,0,2,18,996
0,0,2,19,992
0,0,2,20,987
0,0,2,21,1011
0,0,2,22,1006
0,0,2,23,968
0,0,2,24,1000
0,0,2,25,987
0,0,2,26,982
0,0,2,27,983
0,0,2,28,1004
0,0,2,29,971
0,0,2,30,985
0,0,2,31,1016
0,0,2,32,999
0,0,2,33,989
0,0,2,34,987
0,0,2,35,1001
0,0,2,36,974
0,0,2,37,1015
0,0,2,38,996
0,0,2,39,980
0,0,2,40,981
0,0,2,41,998
0,0,2,42,999
0,0,2,43,1006
0,0,2,44,1013
0,0,2,45,987
0,0,2,46,993
0,0,2,47,975
0,0,2,48,1024
0,0,2,49,982
0,0,2,50,1010
0,0,2,51,1009
0,0,2,52,998
0,0,2,53,1016
0,0,2,54,1003
0,0,2,55,998
0,0,2,56,1010
0,0,2,57,989
0,0,2,58,1008
0,0,2,59,1008
0,0,2,60,996
0,0,2,61,1015
0,0,2,62,1020
0,0,2,63,1015
0,1,2,0,991
0,1,2,1,1018
0,1,2,2,990
0,1,2,3,995
0,1,2,4,1008
0,1,2,5,995
0,1,2,6,1031
0,1,2,7,1016
0,1,2,8,1011
0,1,2,9,1006
0,1,2,10,1009
0,1,2,11,1017
0,1,2,12,1002
0,1,2,13,1041
0,1,2,14,999
0,1,2,15,966
0,1,2,16,994
0,1,2,17,3169
0,1,2,18,3127
0,1,2,19,3196
0,1,2,20,1003
0,1,2,21,1561
0,1,2,22,994
0,1,2,23,1011
0,1,2,24,1008
0,1,2,25,1017
0,1,2,26,1015
0,1,2,27,1002
0,1,2,28,994
0,1,2,29,994
0,1,2,30,1004
0,1,2,31,1007
0,1,2,32,997
0,1,2,33,1003
0,1,2,34,1000
0,1,2,35,998
0,1,2,36,1006
0,1,2,37,998
0,1,2,38,1027
0,1,2,39,993
0,1,2,40,995
0,1,2,41,1014
0,1,2,42,1000
0,1,2,43,1014
0,1,2,44,1023
0,1,2,45,1007
0,1,2,46,993
0,1,2,47,985
0,1,2,48,1017
0,1,2,49,999
0,1,2,50,1015
0,1,2,51,1010
0,1,2,52,1008
0,1,2,53,1028
0,1,2,54,1000
0,1,2,55,997
0,1,2,56,1005
0,1,2,57,1019
0,1,2,58,1005
0,1,2,59,994
0,1,2,60,987
0,1,2,61,1018
0,1,2,62,990
0,1,2,63,996
0,1,3,0,974
0,1,3,1,982
0,1,3,2,994
0,1,3,3,1011
0,1,3,4,994
0,1,3,5,991
0,1,3,6,1013
0,1,3,7,1000
0,1,3,8,1016
0,1,3,9,1019
0,1,3,10,1008
0,1,3,11,1014
0,1,3,12,1035
0,1,3,13,1003
0,1,3,14,1018
0,1,3,15,997
0,1,3,16,1000
0,1,3,17,1008
0,1,3,18,1013
0,1,3,19,1004
0,1,3,20,1021
0,1,3,21,1010
0,1,3,22,999
0,1,3,23,1028
0,1,3,24,999
0,1,3,25,1010
0,1,3,26,998
0,1,3,27,1004
0,1,3,28,1015
0,1,3,29,1006
0,1,3,30,1020
0,1,3,31,985
0,1,3,32,1020
0,1,3,33,1014
0,1,3,34,991
0,1,3,35,1009
0,1,3,36,989
0,1,3,37,1011
0,1,3,38,1011
0,1,3,39,1006
0,1,3,40,1008
0,1,3,41,1008
0,1,3,42,999
0,1,3,43,1015
0,1,3,44,994
0,1,3,45,1002
0,1,3,46,995
0,1,3,47,995
0,1,3,48,999
0,1,3,49,3177
0,1,3,50,3120
0,1,3,51,3026
0,1,3,52,1386
0,1,3,53,1641
0,1,3,54,1028
0,1,3,55,995
0,1,3,56,1020
0,1,3,57,993
0,1,3,58,1026
0,1,3,59,1007
0,1,3,60,1004
0,1,3,61,1020
0,1,3,62,1012
0,1,3,63,1016
0,0,3,0,953
0,0,3,1,1022
0,0,3,2,1025
0,0,3,3,1008
0,0,3,4,1029
0,0,3,5,1004
0,0,3,6,1004
0,0,3,7,995
0,0,3,8,1010
0,0,3,9,1002
0,0,3,10,1004
0,0,3,11,1001
0,0,3,12,987
0,0,3,13,996
0,0,3,14,1003
0,0,3,15,995
0,0,3,16,1000
0,0,3,17,993
0,0,3,18,1006
0,0,3,19,987
0,0,3,20,997
0,0,3,21,1000
0,0,3,22,988
0,0,3,23,1017
0,0,3,24,977
0,0,3,25,1005
0,0,3,26,1006
0,0,3,27,981
0,0,3,28,1016
0,0,3,29,989
0,0,3,30,1000
0,0,3,31,986
0,0,3,32,1002
0,0,3,33,990
0,0,3,34,989
0,0,3,35,1007
0,0,3,36,982
0,0,3,37,978
0,0,3,38,1003
0,0,3,39,982
0,0,3,40,982
0,0,3,41,998
0,0,3,42,989
0,0,3,43,1015
0,0,3,44,1005
0,0,3,45,1008
0,0,3,46,1016
0,0,3,47,989
0,0,3,48,986
0,0,3,49,984
0,0,3,50,996
0,0,3,51,978
0,0,3,52,996
0,0,3,53,1011
0,0,3,54,999
0,0,3,55,994
0,0,3,56,1008
0,0,3,57,1017
0,0,3,58,1004
0,0,3,59,1015
0,0,3,60,1001
0,0,3,61,1008
0,0,3,62,1000
0,0,3,63,996
0,0,4,0,993
0,0,4,1,992
0,0,4,2,1002
0,0,4,3,1003
0,0,4,4,996
0,0,4,5,1006
0,0,4,6,996
0,0,4,7,1007
0,0,4,8,1001
0,0,4,9,1004
0,0,4,10,1015
0,0,4,11,1412
0,0,4,12,1010
0,0,4,13,997
0,0,4,14,1006
0,0,4,15,1025
0,0,4,16,989
0,0,4,17,1189
0,0,4,18,1000
0,0,4,19,992
0,0,4,20,979
0,0,4,21,1011
0,0,4,22,991
0,0,4,23,993
0,0,4,24,987
0,0,4,25,999
0,0,4,26,978
0,0,4,27,980
0,0,4,28,1014
0,0,4,29,977
0,0,4,30,1004
0,0,4,31,995
0,0,4,32,1004
0,0,4,33,989
0,0,4,34,1009
0,0,4,35,1005
0,0,4,36,1002
0,0,4,37,1003
0,0,4,38,1224
0,0,4,39,1008
0,0,4,40,1021
0,0,4,41,1003
0,0,4,42,993
0,0,4,43,993
0,0,4,44,991
0,0,4,45,994
0,0,4,46,1008
0,0,4,47,975
0,0,4,48,990
0,0,4,49,981
0,0,4,50,1013
0,0,4,51,993
0,0,4,52,997
0,0,4,53,1007
0,0,4,54,1003
0,0,4,55,999
0,0,4,56,1007
0,0,4,57,1015
0,0,4,58,1000
0,0,4,59,1004
0,0,4,60,987
0,0,4,61,983
0,0,4,62,981
0,0,4,63,998
0,1,4,0,995
0,1,4,1,1039
0,1,4,2,1033
0,1,4,3,1004
0,1,4,4,1042
0,1,4,5,1008
0,1,4,6,1003
0,1,4,7,1006
0,1,4,8,1023
0,1,4,9,997
0,1,4,10,1018
0,1,4,11,1012
0,1,4,12,998
0,1,4,13,998
0,1,4,14,998
0,1,4,15,987
0,1,4,16,1001
0,1,4,17,1006
0,1,4,18,1011
0,1,4,19,1007
0,1,4,20,1005
0,1,4,21,1006
0,1,4,22,1021
0,1,4,23,1010
0,1,4,24,1004
0,1,4,25,1014
0,1,4,26,1013
0,1,4,27,1017
0,1,4,28,1015
0,1,4,29,1010
0,1,4,30,1015
0,1,4,31,996
0,1,4,32,1011
0,1,4,33,1008
0,1,4,34,1032
0,1,4,35,1017
0,1,4,36,1002
0,1,4,37,1008
0,1,4,38,1002
0,1,4,39,1007
0,1,4,40,1023
0,1,4,41,1007
0,1,4,42,1008
0,1,4,43,1026
0,1,4,44,1030
0,1,4,45,1012
0,1,4,46,1010
0,1,4,47,994
0,1,4,48,998
0,1,4,49,999
0,1,4,50,1004
0,1,4,51,1001
0,1,4,52,1013
0,1,4,53,1024
0,1,4,54,1006
0,1,4,55,998
0,1,4,56,1010
0,1,4,57,1007
0,1,4,58,1001
0,1,4,59,1033
0,1,4,60,1022
0,1,4,61,1000
0,1,4,62,989
0,1,4,63,1010
0,1,5,0,973
0,1,5,1,999
0,1,5,2,1010
0,1,5,3,1008
0,1,5,4,1019
0,1,5,5,1014
0,1,5,6,1017
0,1,5,7,1010
0,1,5,8,1019
0,1,5,9,1005
0,1,5,10,1019
0,1,5,11,1008
0,1,5,12,1020
0,1,5,13,999
0,1,5,14,1011
0,1,5,15,1002
0,1,5,16,1018
0,1,5,17,1022
0,1,5,18,1027
0,1,5,19,1012
0,1,5,20,1005
0,1,5,21,1018
0,1,5,22,1019
0,1,5,23,1001
0,1,5,24,1012
0,1,5,25,989
0,1,5,26,1014
0,1,5,27,1018
0,1,5,28,1001
0,1,5,29,1004
0,1,5,30,1020
0,1,5,31,1001
0,1,5,32,1018
0,1,5,33,1003
0,1,5,34,1012
0,1,5,35,1006
0,1,5,36,1015
0,1,5,37,1011
0,1,5,38,1011
0,1,5,39,1003
0,1,5,40,1016
0,1,5,41,1014
0,1,5,42,1019
0,1,5,43,1025
0,1,5,44,1014
0,1,5,45,1006
0,1,5,46,1001
0,1,5,47,1009
0,1,5,48,1018
0,1,5,49,1002
0,1,5,50,1003
0,1,5,51,998
0,1,5,52,1024
0,1,5,53,1032
0,1,5,54,1006
0,1,5,55,995
0,1,5,56,993
0,1,5,57,998
0,1,5,58,1022
0,1,5,59,998
0,1,5,60,1026
0,1,5,61,1017
0,1,5,62,1007
0,1,5,63,1000
0,0,5,0,982
0,0,5,1,1027
0,0,5,2,1013
0,0,5,3,1031
0,0,5,4,1034
0,0,5,5,994
0,0,5,6,997
0,0,5,7,987
0,0,5,8,994
0,0,5,9,999
0,0,5,10,999
0,0,5,11,1002
0,0,5,12,1022
0,0,5,13,990
0,0,5,14,991
0,0,5,15,1008
0,0,5,16,1011
0,0,5,17,1008
0,0,5,18,981
0,0,5,19,1081
0,0,5,20,1010
0,0,5,21,977
0,0,5,22,1002
0,0,5,23,987
0,0,5,24,1151
0,0,5,25,2661
0,0,5,26,2166
0,0,5,27,2334
0,0,5,28,1136
0,0,5,29,1010
0,0,5,30,1002
0,0,5,31,1000
0,0,5,32,1019
0,0,5,33,1021
0,0,5,34,988
0,0,5,35,1022
0,0,5,36,1000
0,0,5,37,998
0,0,5,38,989
0,0,5,39,1002
0,0,5,40,997
0,0,5,41,1018
0,0,5,42,997
0,0,5,43,997
0,0,5,44,1005
0,0,5,45,1008
0,0,5,46,1030
0,0,5,47,1004
0,0,5,48,982
0,0,5,49,1012
0,0,5,50,987
0,0,5,51,1018
0,0,5,52,1000
0,0,5,53,991
0,0,5,54,988
0,0,5,55,998
0,0,5,56,999
0,0,5,57,988
0,0,5,58,993
0,0,5,59,993
0,0,5,60,1016
0,0,5,61,989
0,0,5,62,993
0,0,5,63,999
0,0,6,0,992
0,0,6,1,993
0,0,6,2,1005
0,0,6,3,990
0,0,6,4,1008
0,0,6,5,1000
0,0,6,6,977
0,0,6,7,995
0,0,6,8,1009
0,0,6,9,989
0,0,6,10,999
0,0,6,11,1002
0,0,6,12,996
0,0,6,13,1009
0,0,6,14,990
0,0,6,15,1000
0,0,6,16,993
0,0,6,17,1000
0,0,6,18,999
0,0,6,19,1012
0,0,6,20,1003
0,0,6,21,981
0,0,6,22,1005
0,0,6,23,998
0,0,6,24,1004
0,0,6,25,973
0,0,6,26,1011
0,0,6,27,1002
0,0,6,28,996
0,0,6,29,1008
0,0,6,30,1013
0,0,6,31,979
0,0,6,32,1002
0,0,6,33,1012
0,0,6,34,996
0,0,6,35,992
0,0,6,36,1023
0,0,6,37,1012
0,0,6,38,1011
0,0,6,39,1017
0,0,6,40,1001
0,0,6,41,1001
0,0,6,42,995
0,0,6,43,991
0,0,6,44,1012
0,0,6,45,1007
0,0,6,46,1004
0,0,6,47,1002
0,0,6,48,1004
0,0,6,49,1000
0,0,6,50,984
0,0,6,51,1010
0,0,6,52,998
0,0,6,53,995
0,0,6,54,1034
0,0,6,55,1003
0,0,6,56,1006
0,0,6,57,981
0,0,6,58,3210
0,0,6,59,3186
0,0,6,60,2926
0,0,6,61,991
0,0,6,62,2120
0,0,6,63,980
0,1,6,0,976
0,1,6,1,1027
0,1,6,2,1032
0,1,6,3,1016
0,1,6,4,1017
0,1,6,5,1006
0,1,6,6,1030
0,1,6,7,1005
0,1,6,8,1012
0,1,6,9,1001
0,1,6,10,986
0,1,6,11,1017
0,1,6,12,1012
0,1,6,13,1041
0,1,6,14,1008
0,1,6,15,1027
0,1,6,16,1014
0,1,6,17,996
0,1,6,18,1018
0,1,6,19,1016
0,1,6,20,1057
0,1,6,21,986
0,1,6,22,1009
0,1,6,23,1001
0,1,6,24,1023
0,1,6,25,1007
0,1,6,26,1005
0,1,6,27,1005
0,1,6,28,1021
0,1,6,29,1003
0,1,6,30,1013
0,1,6,31,1015
0,1,6,32,1032
0,1,6,33,1012
0,1,6,34,1022
0,1,6,35,1003
0,1,6,36,1008
0,1,6,37,1020
0,1,6,38,1011
0,1,6,39,1026
0,1,6,40,1009
0,1,6,41,1007
0,1,6,42,1025
0,1,6,43,1016
0,1,6,44,1002
0,1,6,45,1008
0,1,6,46,1020
0,1,6,47,1022
0,1,6,48,1009
0,1,6,49,1003
0,1,6,50,1018
0,1,6,51,1004
0,1,6,52,1010
0,1,6,53,1030
0,1,6,54,999
0,1,6,55,1015
0,1,6,56,1019
0,1,6,57,1008
0,1,6,58,1024
0,1,6,59,1012
0,1,6,60,1018
0,1,6,61,1010
0,1,6,62,998
0,1,6,63,1005
0,1,7,0,999
0,1,7,1,1005
0,1,7,2,1032
0,1,7,3,1015
0,1,7,4,1024
0,1,7,5,1019
0,1,7,6,1007
0,1,7,7,980
0,1,7,8,1019
0,1,7,9,1024
0,1,7,10,1004
0,1,7,11,1007
0,1,7,12,1014
0,1,7,13,1010
0,1,7,14,1013
0,1,7,15,1010
0,1,7,16,1023
0,1,7,17,1021
0,1,7,18,1030
0,1,7,19,1007
0,1,7,20,1035
0,1,7,21,1023
0,1,7,22,1017
0,1,7,23,1018
0,1,7,24,1010
0,1,7,25,998
0,1,7,26,1009
0,1,7,27,992
0,1,7,28,996
0,1,7,29,1002
0,1,7,30,1218
0,1,7,31,1044
0,1,7,32,1006
0,1,7,33,1003
0,1,7,34,1010
0,1,7,35,1020
0,1,7,36,1013
0,1,7,37,1020
0,1,7,38,1009
0,1,7,39,1007
0,1,7,40,1008
0,1,7,41,1011
0,1,7,42,1000
0,1,7,43,1001
0,1,7,44,1014
0,1,7,45,1006
0,1,7,46,1014
0,1,7,47,1017
0,1,7,48,1007
0,1,7,49,990
0,1,7,50,1024
0,1,7,51,989
0,1,7,52,1018
0,1,7,53,1025
0,1,7,54,1008
0,1,7,55,1009
0,1,7,56,1018
0,1,7,57,1015
0,1,7,58,1001
0,1,7,59,1016
0,1,7,60,992
0,1,7,61,1006
0,1,7,62,1000
0,1,7,63,1010
0,0,7,0,1005
0,0,7,1,1044
0,0,7,2,1029
0,0,7,3,1012
0,0,7,4,1030
0,0,7,5,987
0,0,7,6,1002
0,0,7,7,997
0,0,7,8,1000
0,0,7,9,1004
0,0,7,10,1002
0,0,7,11,1002
0,0,7,12,991
0,0,7,13,988
0,0,7,14,986
0,0,7,15,987
0,0,7,16,993
0,0,7,17,1005
0,0,7,18,973
0,0,7,19,992
0,0,7,20,983
0,0,7,21,1011
0,0,7,22,981
0,0,7,23,1009
0,0,7,24,995
0,0,7,25,998
0,0,7,26,1009
0,0,7,27,1001
0,0,7,28,987
0,0,7,29,1005
0,0,7,30,1007
0,0,7,31,1011
0,0,7,32,976
0,0,7,33,1023
0,0,7,34,1008
0,0,7,35,987
0,0,7,36,1000
0,0,7,37,997
0,0,7,38,995
0,0,7,39,1009
0,0,7,40,1003
0,0,7,41,993
0,0,7,42,1016
0,0,7,43,1001
0,0,7,44,991
0,0,7,45,992
0,0,7,46,1015
0,0,7,47,1007
0,0,7,48,1007
0,0,7,49,984
0,0,7,50,987
0,0,7,51,989
0,0,7,52,994
0,0,7,53,1007
0,0,7,54,992
0,0,7,55,987
0,0,7,56,990
0,0,7,57,1009
0,0,7,58,1012
0,0,7,59,999
0,0,7,60,1019
0,0,7,61,987
0,0,7,62,1005
0,0,7,63,1015
1,0,0,0,1197
1,0,0,1,1192
1,0,0,2,1210
1,0,0,3,1220
1,0,0,4,1221
1,0,0,5,1196
1,0,0,6,1171
1,0,0,7,1179
1,0,0,8,1186
1,0,0,9,1180
1,0,0,10,1201
1,0,0,11,1199
1,0,0,12,1180
1,0,0,13,1191
1,0,0,14,1187
1,0,0,15,1195
1,0,0,16,1192
1,0,0,17,1204
1,0,0,18,1213
1,0,0,19,1184
1,0,0,20,1187
1,0,0,21,1194
1,0,0,22,1208
1,0,0,23,1189
1,0,0,24,1190
1,0,0,25,1185
1,0,0,26,1188
1,0,0,27,1178
1,0,0,28,1173
1,0,0,29,1203
1,0,0,30,1187
1,0,0,31,1192
1,0,0,32,1196
1,0,0,33,1217
1,0,0,34,1183
1,0,0,35,1210
1,0,0,36,1209
1,0,0,37,1163
1,0,0,38,1205
1,0,0,39,1191
1,0,0,40,1193
1,0,0,41,1186
1,0,0,42,1159
1,0,0,43,1191
1,0,0,44,1179
1,0,0,45,1199
1,0,0,46,1203
1,0,0,47,1183
1,0,0,48,1184
1,0,0,49,1167
1,0,0,50,1193
1,0,0,51,1180
1,0,0,52,1202
1,0,0,53,1191
1,0,0,54,1195
1,0,0,55,1170
1,0,0,56,1212
1,0,0,57,1207
1,0,0,58,1178
1,0,0,59,1194
1,0,0,60,1169
1,0,0,61,1202
1,0,0,62,1178
1,0,0,63,1186
1,1,0,0,1220
1,1,0,1,1206
1,1,0,2,1218
1,1,0,3,1221
1,1,0,4,1214
1,1,0,5,1219
1,1,0,6,1201
1,1,0,7,1188
1,1,0,8,1204
1,1,0,9,1187
1,1,0,10,1212
1,1,0,11,1210
1,1,0,12,1185
1,1,0,13,1174
1,1,0,14,1212
1,1,0,15,1214
1,1,0,16,1184
1,1,0,17,1224
1,1,0,18,1195
1,1,0,19,1195
1,1,0,20,1204
1,1,0,21,1221
1,1,0,22,1203
1,1,0,23,1208
1,1,0,24,1215
1,1,0,25,1201
1,1,0,26,1188
1,1,0,27,1195
1,1,0,28,1207
1,1,0,29,1210
1,1,0,30,1206
1,1,0,31,1204
1,1,0,32,1222
1,1,0,33,1191
1,1,0,34,1180
1,1,0,35,1206
1,1,0,36,1212
1,1,0,37,1200
1,1,0,38,1180
1,1,0,39,1205
1,1,0,40,1211
1,1,0,41,1181
1,1,0,42,1187
1,1,0,43,1193
1,1,0,44,1196
1,1,0,45,1183
1,1,0,46,1197
1,1,0,47,1202
1,1,0,48,1191
1,1,0,49,1218
1,1,0,50,1213
1,1,0,51,1206
1,1,0,52,1201
1,1,0,53,1210
1,1,0,54,1194
1,1,0,55,1209
1,1,0,56,1187
1,1,0,57,1175
1,1,0,58,1217
1,1,0,59,1204
1,1,0,60,1215
1,1,0,61,1204
1,1,0,62,1218
1,1,0,63,1220
1,1,1,0,1174
1,1,1,1,1190
1,1,1,2,1202
1,1,1,3,1197
1,1,1,4,1193
1,1,1,5,1197
1,1,1,6,1194
1,1,1,7,1199
1,1,1,8,1198
1,1,1,9,1182
1,1,1,10,1203
1,1,1,11,1194
1,1,1,12,1190
1,1,1,13,1212
1,1,1,14,1197
1,1,1,15,1194
1,1,1,16,1207
1,1,1,17,1204
1,1,1,18,1201
1,1,1,19,1218
1,1,1,20,1210
1,1,1,21,1192
1,1,1,22,1190
1,1,1,23,1191
1,1,1,24,1192
1,1,1,25,1203
1,1,1,26,1197
1,1,1,27,1201
1,1,1,28,1196
1,1,1,29,1211
1,1,1,30,1204
1,1,1,31,1194
1,1,1,32,1214
1,1,1,33,1204
1,1,1,34,1194
1,1,1,35,1199
1,1,1,36,1193
1,1,1,37,1216
1,1,1,38,1207
1,1,1,39,1202
1,1,1,40,1211
1,1,1,41,1203
1,1,1,42,1193
1,1,1,43,1203
1,1,1,44,1191
1,1,1,45,1196
1,1,1,46,1199
1,1,1,47,1196
1,1,1,48,1195
1,1,1,49,1176
1,1,1,50,1197
1,1,1,51,1199
1,1,1,52,1193
1,1,1,53,1200
1,1,1,54,1186
1,1,1,55,1203
1,1,1,56,1181
1,1,1,57,1196
1,1,1,58,1173
1,1,1,59,1208
1,1,1,60,1180
1,1,1,61,1203
1,1,1,62,1220
1,1,1,63,1251
1,0,1,0,1177
1,0,1,1,1223
1,0,1,2,1183
1,0,1,3,1196
1,0,1,4,1214
1,0,1,5,1200
1,0,1,6,1186
1,0,1,7,1208
1,0,1,8,1232
1,0,1,9,1180
1,0,1,10,1178
1,0,1,11,1177
1,0,1,12,1186
1,0,1,13,1208
1,0,1,14,1166
1,0,1,15,1206
1,0,1,16,1169
1,0,1,17,1168
1,0,1,18,1173
1,0,1,19,1188
1,0,1,20,1190
1,0,1,21,1185
1,0,1,22,1201
1,0,1,23,1212
1,0,1,24,1192
1,0,1,25,1194
1,0,1,26,1190
1,0,1,27,1208
1,0,1,28,1188
1,0,1,29,1195
1,0,1,30,1188
1,0,1,31,1188
1,0,1,32,1202
1,0,1,33,1183
1,0,1,34,1188
1,0,1,35,1172
1,0,1,36,1187
1,0,1,37,1195
1,0,1,38,1184
1,0,1,39,1202
1,0,1,40,1185
1,0,1,41,1174
1,0,1,42,1189
1,0,1,43,1186
1,0,1,44,1202
1,0,1,45,1202
1,0,1,46,1178
1,0,1,47,1197
1,0,1,48,1171
1,0,1,49,1183
1,0,1,50,1214
1,0,1,51,1208
1,0,1,52,1182
1,0,1,53,1178
1,0,1,54,1176
1,0,1,55,1175
1,0,1,56,1183
1,0,1,57,1207
1,0,1,58,1189
1,0,1,59,1185
1,0,1,60,1178
1,0,1,61,1184
1,0,1,62,1197
1,0,1,63,1184
1,0,2,0,1211
1,0,2,1,1195
1,0,2,2,1186
1,0,2,3,1171
1,0,2,4,1192
1,0,2,5,1195
1,0,2,6,1188
1,0,2,7,1174
1,0,2,8,1206
1,0,2,9,1200
1,0,2,10,1204
1,0,2,11,1214
1,0,2,12,1194
1,0,2,13,1208
1,0,2,14,1196
1,0,2,15,1185
1,0,2,16,1201
1,0,2,17,1189
1,0,2,18,1189
1,0,2,19,1171
1,0,2,20,1224
1,0,2,21,1205
1,0,2,22,1186
1,0,2,23,1191
1,0,2,24,1169
1,0,2,25,1179
1,0,2,26,1224
1,0,2,27,1215
1,0,2,28,1210
1,0,2,29,1198
1,0,2,30,1207
1,0,2,31,1198
1,0,2,32,1204
1,0,2,33,1204
1,0,2,34,1197
1,0,2,35,1178
1,0,2,36,1225
1,0,2,37,1216
1,0,2,38,1171
1,0,2,39,1201
1,0,2,40,1187
1,0,2,41,1195
1,0,2,42,1197
1,0,2,43,1194
1,0,2,44,1179
1,0,2,45,1171
1,0,2,46,1173
1,0,2,47,1190
1,0,2,48,1183
1,0,2,49,1180
1,0,2,50,1185
1,0,2,51,1175
1,0,2,52,1178
1,0,2,53,1201
1,0,2,54,1202
1,0,2,55,1168
1,0,2,56,1168
1,0,2,57,1181
1,0,2,58,1165
1,0,2,59,1180
1,0,2,60,1176
1,0,2,61,1181
1,0,2,62,1183
1,0,2,63,1204
1,1,2,0,1188
1,1,2,1,1231
1,1,2,2,1219
1,1,2,3,1221
1,1,2,4,1220
1,1,2,5,1210
1,1,2,6,1187
1,1,2,7,1194
1,1,2,8,1172
1,1,2,9,1218
1,1,2,10,1170
1,1,2,11,1188
1,1,2,12,1187
1,1,2,13,1179
1,1,2,14,1199
1,1,2,15,1173
1,1,2,16,1179
1,1,2,17,1203
1,1,2,18,1201
1,1,2,19,1179
1,1,2,20,1203
1,1,2,21,1201
1,1,2,22,1204
1,1,2,23,1188
1,1,2,24,1197
1,1,2,25,1183
1,1,2,26,1196
1,1,2,27,1185
1,1,2,28,1191
1,1,2,29,1172
1,1,2,30,1176
1,1,2,31,1191
1,1,2,32,1193
1,1,2,33,1186
1,1,2,34,1199
1,1,2,35,1183
1,1,2,36,1201
1,1,2,37,1191
1,1,2,38,1178
1,1,2,39,1191
1,1,2,40,1215
1,1,2,41,1192
1,1,2,42,1191
1,1,2,43,1186
1,1,2,44,1200
1,1,2,45,1201
1,1,2,46,1225
1,1,2,47,1197
1,1,2,48,1192
1,1,2,49,1219
1,1,2,50,1197
1,1,2,51,1207
1,1,2,52,1193
1,1,2,53,1202
1,1,2,54,1191
1,1,2,55,1202
1,1,2,56,1208
1,1,2,57,1188
1,1,2,58,1216
1,1,2,59,1181
1,1,2,60,1180
1,1,2,61,1175
1,1,2,62,1185
1,1,2,63,1190
1,1,3,0,1166
1,1,3,1,1194
1,1,3,2,1189
1,1,3,3,1181
1,1,3,4,1199
1,1,3,5,1179
1,1,3,6,1215
1,1,3,7,1195
1,1,3,8,1204
1,1,3,9,1201
1,1,3,10,1186
1,1,3,11,1178
1,1,3,12,1183
1,1,3,13,1203
1,1,3,14,1181
1,1,3,15,1191
1,1,3,16,1207
1,1,3,17,1196
1,1,3,18,1197
1,1,3,19,1204
1,1,3,20,1174
1,1,3,21,1177
1,1,3,22,1190
1,1,3,23,1199
1,1,3,24,1211
1,1,3,25,1209
1,1,3,26,1199
1,1,3,27,1207
1,1,3,28,1188
1,1,3,29,1207
1,1,3,30,1188
1,1,3,31,1206
1,1,3,32,1189
1,1,3,33,1203
1,1,3,34,1200
1,1,3,35,1195
1,1,3,36,1183
1,1,3,37,1206
1,1,3,38,1198
1,1,3,39,1229
1,1,3,40,1193
1,1,3,41,1196
1,1,3,42,1188
1,1,3,43,1194
1,1,3,44,1220
1,1,3,45,1185
1,1,3,46,1192
1,1,3,47,1212
1,1,3,48,1213
1,1,3,49,1192
1,1,3,50,1211
1,1,3,51,1201
1,1,3,52,1201
1,1,3,53,1196
1,1,3,54,1194
1,1,3,55,1209
1,1,3,56,1203
1,1,3,57,1203
1,1,3,58,1197
1,1,3,59,1196
1,1,3,60,1189
1,1,3,61,1199
1,1,3,62,1209
1,1,3,63,1208
1,0,3,0,1174
1,0,3,1,1237
1,0,3,2,1203
1,0,3,3,1212
1,0,3,4,1234
1,0,3,5,1186
1,0,3,6,1186
1,0,3,7,1170
1,0,3,8,1182
1,0,3,9,1191
1,0,3,10,1176
1,0,3,11,1174
1,0,3,12,1198
1,0,3,13,1199
1,0,3,14,1201
1,0,3,15,1203
1,0,3,16,1184
1,0,3,17,1205
1,0,3,18,1181
1,0,3,19,1203
1,0,3,20,1179
1,0,3,21,1197
1,0,3,22,1212
1,0,3,23,1199
1,0,3,24,1171
1,0,3,25,1167
1,0,3,26,1192
1,0,3,27,1193
1,0,3,28,1202
1,0,3,29,1179
1,0,3,30,1197
1,0,3,31,1219
1,0,3,32,1215
1,0,3,33,1202
1,0,3,34,1197
1,0,3,35,1177
1,0,3,36,1181
1,0,3,37,1204
1,0,3,38,1176
1,0,3,39,1207
1,0,3,40,1190
1,0,3,41,1186
1,0,3,42,1193
1,0,3,43,1190
1,0,3,44,1181
1,0,3,45,1170
1,0,3,46,1161
1,0,3,47,1193
1,0,3,48,1188
1,0,3,49,1190
1,0,3,50,1200
1,0,3,51,1185
1,0,3,52,1232
1,0,3,53,1200
1,0,3,54,1184
1,0,3,55,1190
1,0,3,56,1197
1,0,3,57,1174
1,0,3,58,1201
1,0,3,59,1194
1,0,3,60,1179
1,0,3,61,1194
1,0,3,62,1207
1,0,3,63,1192
1,0,4,0,1189
1,0,4,1,1191
1,0,4,2,1194
1,0,4,3,1188
1,0,4,4,1184
1,0,4,5,1187
1,0,4,6,1201
1,0,4,7,1166
1,0,4,8,1243
1,0,4,9,1186
1,0,4,10,1191
1,0,4,11,1173
1,0,4,12,1176
1,0,4,13,1174
1,0,4,14,1189
1,0,4,15,1183
1,0,4,16,1214
1,0,4,17,1188
1,0,4,18,1179
1,0,4,19,1174
1,0,4,20,1175
1,0,4,21,1198
1,0,4,22,1203
1,0,4,23,1196
1,0,4,24,1183
1,0,4,25,1186
1,0,4,26,1198
1,0,4,27,1169
1,0,4,28,1193
1,0,4,29,1181
1,0,4,30,1184
1,0,4,31,1190
1,0,4,32,1170
1,0,4,33,1171
1,0,4,34,1204
1,0,4,35,1159
1,0,4,36,1199
1,0,4,37,1177
1,0,4,38,1190
1,0,4,39,1185
1,0,4,40,1205
1,0,4,41,1181
1,0,4,42,1206
1,0,4,43,1200
1,0,4,44,1217
1,0,4,45,1206
1,0,4,46,1180
1,0,4,47,1199
1,0,4,48,1186
1,0,4,49,1179
1,0,4,50,1192
1,0,4,51,1175
1,0,4,52,1188
1,0,4,53,1215
1,0,4,54,1217
1,0,4,55,1182
1,0,4,56,1205
1,0,4,57,1177
1,0,4,58,1181
1,0,4,59,1194
1,0,4,60,1188
1,0,4,61,1202
1,0,4,62,1193
1,0,4,63,1194
1,1,4,0,1200
1,1,4,1,1207
1,1,4,2,1211
1,1,4,3,1225
1,1,4,4,1200
1,1,4,5,1214
1,1,4,6,1187
1,1,4,7,1206
1,1,4,8,1208
1,1,4,9,1198
1,1,4,10,1192
1,1,4,11,1200
1,1,4,12,1570
1,1,4,13,1224
1,1,4,14,1179
1,1,4,15,1208
1,1,4,16,1183
1,1,4,17,1199
1,1,4,18,1201
1,1,4,19,1206
1,1,4,20,1203
1,1,4,21,1191
1,1,4,22,1225
1,1,4,23,1197
1,1,4,24,1198
1,1,4,25,1164
1,1,4,26,1184
1,1,4,27,1193
1,1,4,28,1163
1,1,4,29,1176
1,1,4,30,1214
1,1,4,31,1214
1,1,4,32,1181
1,1,4,33,1196
1,1,4,34,1183
1,1,4,35,1204
1,1,4,36,1206
1,1,4,37,1192
1,1,4,38,1204
1,1,4,39,1184
1,1,4,40,1193
1,1,4,41,1178
1,1,4,42,1192
1,1,4,43,1183
1,1,4,44,1194
1,1,4,45,1206
1,1,4,46,1191
1,1,4,47,1192
1,1,4,48,1211
1,1,4,49,1211
1,1,4,50,1214
1,1,4,51,1204
1,1,4,52,1218
1,1,4,53,1189
1,1,4,54,1193
1,1,4,55,1201
1,1,4,56,1193
1,1,4,57,1189
1,1,4,58,1217
1,1,4,59,1206
1,1,4,60,1193
1,1,4,61,1175
1,1,4,62,1189
1,1,4,63,1190
1,1,5,0,1151
1,1,5,1,1215
1,1,5,2,1195
1,1,5,3,1202
1,1,5,4,1197
1,1,5,5,1197
1,1,5,6,1205
1,1,5,7,1195
1,1,5,8,1182
1,1,5,9,1192
1,1,5,10,1209
1,1,5,11,1214
1,1,5,12,1220
1,1,5,13,1189
1,1,5,14,1191
1,1,5,15,1197
1,1,5,16,1191
1,1,5,17,1198
1,1,5,18,1191
1,1,5,19,1218
1,1,5,20,1193
1,1,5,21,1187
1,1,5,22,1182
1,1,5,23,1184
1,1,5,24,1186
1,1,5,25,1177
1,1,5,26,1199
1,1,5,27,1198
1,1,5,28,1193
1,1,5,29,1211
1,1,5,30,1183
1,1,5,31,1198
1,1,5,32,1189
1,1,5,33,1177
1,1,5,34,1193
1,1,5,35,1196
1,1,5,36,1191
1,1,5,37,1201
1,1,5,38,1178
1,1,5,39,1189
1,1,5,40,1196
1,1,5,41,1206
1,1,5,42,1204
1,1,5,43,1177
1,1,5,44,1213
1,1,5,45,1215
1,1,5,46,1210
1,1,5,47,1180
1,1,5,48,1198
1,1,5,49,1197
1,1,5,50,1187
1,1,5,51,1226
1,1,5,52,1199
1,1,5,53,1183
1,1,5,54,1204
1,1,5,55,1192
1,1,5,56,1223
1,1,5,57,1201
1,1,5,58,1193
1,1,5,59,1201
1,1,5,60,1193
1,1,5,61,1229
1,1,5,62,1197
1,1,5,63,1205
1,0,5,0,1197
1,0,5,1,1235
1,0,5,2,1205
1,0,5,3,1214
1,0,5,4,1200
1,0,5,5,1216
1,0,5,6,1196
1,0,5,7,1176
1,0,5,8,1195
1,0,5,9,1194
1,0,5,10,1173
1,0,5,11,1198
1,0,5,12,1210
1,0,5,13,1191
1,0,5,14,1181
1,0,5,15,1171
1,0,5,16,1183
1,0,5,17,1197
1,0,5,18,1205
1,0,5,19,1184
1,0,5,20,1190
1,0,5,21,1197
1,0,5,22,1204
1,0,5,23,1173
1,0,5,24,1176
1,0,5,25,1197
1,0,5,26,1168
1,0,5,27,1189
1,0,5,28,1179
1,0,5,29,1175
1,0,5,30,1182
1,0,5,31,1210
1,0,5,32,1213
1,0,5,33,1191
1,0,5,34,1186
1,0,5,35,1184
1,0,5,36,1192
1,0,5,37,1176
1,0,5,38,1177
1,0,5,39,1191
1,0,5,40,1190
1,0,5,41,1188
1,0,5,42,1178
1,0,5,43,1204
1,0,5,44,1183
1,0,5,45,1222
1,0,5,46,1187
1,0,5,47,1164
1,0,5,48,1207
1,0,5,49,1205
1,0,5,50,1185
1,0,5,51,1185
1,0,5,52,1197
1,0,5,53,1189
1,0,5,54,1195
1,0,5,55,1196
1,0,5,56,1196
1,0,5,57,1209
1,0,5,58,1202
1,0,5,59,1214
1,0,5,60,1198
1,0,5,61,1168
1,0,5,62,1178
1,0,5,63,1197
1,0,6,0,1190
1,0,6,1,1185
1,0,6,2,1199
1,0,6,3,1175
1,0,6,4,1181
1,0,6,5,1183
1,0,6,6,1196
1,0,6,7,1164
1,0,6,8,1202
1,0,6,9,1188
1,0,6,10,1196
1,0,6,11,1167
1,0,6,12,1177
1,0,6,13,1190
1,0,6,14,1187
1,0,6,15,1209
1,0,6,16,1172
1,0,6,17,1206
1,0,6,18,1191
1,0,6,19,1179
1,0,6,20,1169
1,0,6,21,1185
1,0,6,22,1181
1,0,6,23,1200
1,0,6,24,1189
1,0,6,25,1201
1,0,6,26,1179
1,0,6,27,1206
1,0,6,28,1208
1,0,6,29,1186
1,0,6,30,1198
1,0,6,31,1174
1,0,6,32,1180
1,0,6,33,1176
1,0,6,34,1207
1,0,6,35,1184
1,0,6,36,1191
1,0,6,37,1213
1,0,6,38,1186
1,0,6,39,1199
1,0,6,40,1205
1,0,6,41,1188
1,0,6,42,1199
1,0,6,43,1188
1,0,6,44,1182
1,0,6,45,1190
1,0,6,46,1204
1,0,6,47,1192
1,0,6,48,1191
1,0,6,49,1192
1,0,6,50,1194
1,0,6,51,1207
1,0,6,52,1203
1,0,6,53,1192
1,0,6,54,1170
1,0,6,55,1189
1,0,6,56,1218
1,0,6,57,1208
1,0,6,58,1198
1,0,6,59,1173
1,0,6,60,1184
1,0,6,61,1196
1,0,6,62,1202
1,0,6,63,1176
1,1,6,0,1181
1,1,6,1,1237
1,1,6,2,1232
1,1,6,3,1211
1,1,6,4,1210
1,1,6,5,1195
1,1,6,6,1187
1,1,6,7,1184
1,1,6,8,1199
1,1,6,9,1204
1,1,6,10,1182
1,1,6,11,1203
1,1,6,12,1189
1,1,6,13,1200
1,1,6,14,1213
1,1,6,15,1191
1,1,6,16,1190
1,1,6,17,1202
1,1,6,18,1194
1,1,6,19,1183
1,1,6,20,1193
1,1,6,21,1157
1,1,6,22,1187
1,1,6,23,1194
1,1,6,24,1212
1,1,6,25,1213
1,1,6,26,1201
1,1,6,27,1186
1,1,6,28,1191
1,1,6,29,1199
1,1,6,30,1211
1,1,6,31,1205
1,1,6,32,1216
1,1,6,33,1183
1,1,6,34,1197
1,1,6,35,1203
1,1,6,36,1200
1,1,6,37,1196
1,1,6,38,1208
1,1,6,39,1228
1,1,6,40,1201
1,1,6,41,1197
1,1,6,42,1217
1,1,6,43,1189
1,1,6,44,1208
1,1,6,45,1198
1,1,6,46,1200
1,1,6,47,1209
1,1,6,48,1197
1,1,6,49,1206
1,1,6,50,1213
1,1,6,51,1187
1,1,6,52,1174
1,1,6,53,1199
1,1,6,54,1187
1,1,6,55,1194
1,1,6,56,1187
1,1,6,57,1205
1,1,6,58,1208
1,1,6,59,1208
1,1,6,60,1190
1,1,6,61,1191
1,1,6,62,1196
1,1,6,63,1213
1,1,7,0,1199
1,1,7,1,1195
1,1,7,2,1179
1,1,7,3,1166
1,1,7,4,1164
1,1,7,5,1192
1,1,7,6,1212
1,1,7,7,1185
1,1,7,8,1194
1,1,7,9,1197
1,1,7,10,1194
1,1,7,11,1190
1,1,7,12,1193
1,1,7,13,1218
1,1,7,14,1190
1,1,7,15,1185
1,1,7,16,1201
1,1,7,17,1189
1,1,7,18,1228
1,1,7,19,1182
1,1,7,20,1213
1,1,7,21,1184
1,1,7,22,1180
1,1,7,23,1194
1,1,7,24,1199
1,1,7,25,1196
1,1,7,26,1187
1,1,7,27,1212
1,1,7,28,1180
1,1,7,29,1183
1,1,7,30,1203
1,1,7,31,1196
1,1,7,32,1192
1,1,7,33,1201
1,1,7,34,1216
1,1,7,35,1214
1,1,7,36,1200
1,1,7,37,1206
1,1,7,38,1179
1,1,7,39,1189
1,1,7,40,1182
1,1,7,41,1191
1,1,7,42,1193
1,1,7,43,1190
1,1,7,44,1194
1,1,7,45,1183
1,1,7,46,1184
1,1,7,47,1169
1,1,7,48,1199
1,1,7,49,1181
1,1,7,50,1209
1,1,7,51,1209
1,1,7,52,1190
1,1,7,53,1178
1,1,7,54,1202
1,1,7,55,1233
1,1,7,56,1211
1,1,7,57,1214
1,1,7,58,1189
1,1,7,59,1198
1,1,7,60,1194
1,1,7,61,1199
1,1,7,62,1192
1,1,7,63,1205
1,0,7,0,1214
1,0,7,1,1206
1,0,7,2,1189
1,0,7,3,1200
1,0,7,4,1193
1,0,7,5,1190
1,0,7,6,1193
1,0,7,7,1208
1,0,7,8,1199
1,0,7,9,1210
1,0,7,10,1185
1,0,7,11,1200
1,0,7,12,1183
1,0,7,13,1188
1,0,7,14,1189
1,0,7,15,1229
1,0,7,16,1174
1,0,7,17,1192
1,0,7,18,1209
1,0,7,19,1179
1,0,7,20,1193
1,0,7,21,1196
1,0,7,22,1196
1,0,7,23,1189
1,0,7,24,1187
1,0,7,25,1186
1,0,7,26,1189
1,0,7,27,1200
1,0,7,28,1204
1,0,7,29,1166
1,0,7,30,1195
1,0,7,31,1183
1,0,7,32,1196
1,0,7,33,1170
1,0,7,34,1179
1,0,7,35,1186
1,0,7,36,1180
1,0,7,37,1184
1,0,7,38,1175
1,0,7,39,1181
1,0,7,40,1177
1,0,7,41,1175
1,0,7,42,1181
1,0,7,43,1177
1,0,7,44,1177
1,0,7,45,1207
1,0,7,46,1194
1,0,7,47,1201
1,0,7,48,1196
1,0,7,49,1166
1,0,7,50,1189
1,0,7,51,1167
1,0,7,52,1193
1,0,7,53,1197
1,0,7,54,1189
1,0,7,55,1256
1,0,7,56,1200
1,0,7,57,1188
1,0,7,58,1176
1,0,7,59,1181
1,0,7,60,1190
1,0,7,61,1202
1,0,7,62,1195
1,0,7,63,1177
2,0,0,0,19812
2,0,0,1,19667
2,0,0,2,19692
2,0,0,3,19581
2,0,0,4,19320
2,0,0,5,20096
2,0,0,6,19693
2,0,0,7,19502
2,0,0,8,19442
2,0,0,9,19546
2,0,0,10,19767
2,0,0,11,19682
2,0,0,12,19592
2,0,0,13,19846
2,0,0,14,19676
2,0,0,15,19609
2,0,0,16,19715
2,0,0,17,19630
2,0,0,18,19563
2,0,0,19,19584
2,0,0,20,19444
2,0,0,21,19538
2,0,0,22,19690
2,0,0,23,20300
2,0,0,24,19456
2,0,0,25,19665
2,0,0,26,19819
2,0,0,27,19580
2,0,0,28,19505
2,0,0,29,19617
2,0,0,30,19469
2,0,0,31,19499
2,0,0,32,19416
2,0,0,33,19545
2,0,0,34,19606
2,0,0,35,19639
2,0,0,36,19518
2,0,0,37,19519
2,0,0,38,19374
2,0,0,39,19484
2,0,0,40,19482
2,0,0,41,20125
2,0,0,42,19444
2,0,0,43,19611
2,0,0,44,19459
2,0,0,45,19350
2,0,0,46,19334
2,0,0,47,19644
2,0,0,48,19871
2,0,0,49,19800
2,0,0,50,19625
2,0,0,51,19704
2,0,0,52,19742
2,0,0,53,19844
2,0,0,54,19574
2,0,0,55,19232
2,0,0,56,19442
2,0,0,57,19616
2,0,0,58,19637
2,0,0,59,20077
2,0,0,60,19552
2,0,0,61,19753
2,0,0,62,19593
2,0,0,63,19492
2,1,0,0,19603
2,1,0,1,19352
2,1,0,2,19812
2,1,0,3,19669
2,1,0,4,19551
2,1,0,5,19559
2,1,0,6,19645
2,1,0,7,19606
2,1,0,8,19582
2,1,0,9,19511
2,1,0,10,20150
2,1,0,11,19440
2,1,0,12,19286
2,1,0,13,19358
2,1,0,14,19684
2,1,0,15,19282
2,1,0,16,19446
2,1,0,17,19443
2,1,0,18,19489
2,1,0,19,19368
2,1,0,20,19483
2,1,0,21,19589
2,1,0,22,19597
2,1,0,23,19549
2,1,0,24,19626
2,1,0,25,19568
2,1,0,26,19574
2,1,0,27,19608
2,1,0,28,20086
2,1,0,29,19406
2,1,0,30,19682
2,1,0,31,19677
2,1,0,32,19705
2,1,0,33,19690
2,1,0,34,19629
2,1,0,35,19700
2,1,0,36,19760
2,1,0,37,19372
2,1,0,38,19521
2,1,0,39,19565
2,1,0,40,19714
2,1,0,41,19583
2,1,0,42,19446
2,1,0,43,19698
2,1,0,44,19384
2,1,0,45,19445
2,1,0,46,20198
2,1,0,47,19518
2,1,0,48,19755
2,1,0,49,19419
2,1,0,50,19336
2,1,0,51,19368
2,1,0,52,19776
2,1,0,53,19717
2,1,0,54,19631
2,1,0,55,19584
2,1,0,56,19781
2,1,0,57,19494
2,1,0,58,19605
2,1,0,59,19346
2,1,0,60,19543
2,1,0,61,19710
2,1,0,62,19486
2,1,0,63,19613
2,1,1,0,19305
2,1,1,1,19730
2,1,1,2,19277
2,1,1,3,19352
2,1,1,4,19318
2,1,1,5,19412
2,1,1,6,19670
2,1,1,7,19306
2,1,1,8,19326
2,1,1,9,19393
2,1,1,10,19409
2,1,1,11,19454
2,1,1,12,19497
2,1,1,13,19611
2,1,1,14,19650
2,1,1,15,19675
2,1,1,16,19554
2,1,1,17,19636
2,1,1,18,19596
2,1,1,19,19585
2,1,1,20,19423
2,1,1,21,19299
2,1,1,22,19546
2,1,1,23,19385
2,1,1,24,19414
2,1,1,25,19342
2,1,1,26,19666
2,1,1,27,19427
2,1,1,28,19374
2,1,1,29,19322
2,1,1,30,19351
2,1,1,31,19705
2,1,1,32,19497
2,1,1,33,19980
2,1,1,34,19494
2,1,1,35,19374
2,1,1,36,19358
2,1,1,37,19533
2,1,1,38,19518
2,1,1,39,19396
2,1,1,40,19476
2,1,1,41,19604
2,1,1,42,19275
2,1,1,43,19635
2,1,1,44,19317
2,1,1,45,19370
2,1,1,46,19466
2,1,1,47,19283
2,1,1,48,19407
2,1,1,49,19484
2,1,1,50,19539
2,1,1,51,19652
2,1,1,52,19462
2,1,1,53,19359
2,1,1,54,19738
2,1,1,55,19329
2,1,1,56,19474
2,1,1,57,19559
2,1,1,58,19517
2,1,1,59,19569
2,1,1,60,19637
2,1,1,61,19306
2,1,1,62,19660
2,1,1,63,19440
2,0,1,0,19543
2,0,1,1,19369
2,0,1,2,20031
2,0,1,3,19518
2,0,1,4,19886
2,0,1,5,19647
2,0,1,6,19578
2,0,1,7,19580
2,0,1,8,19754
2,0,1,9,19423
2,0,1,10,19656
2,0,1,11,19671
2,0,1,12,19441
2,0,1,13,19515
2,0,1,14,19620
2,0,1,15,19441
2,0,1,16,19787
2,0,1,17,19653
2,0,1,18,19282
2,0,1,19,19497
2,0,1,20,20101
2,0,1,21,19647
2,0,1,22,19647
2,0,1,23,19727
2,0,1,24,19380
2,0,1,25,19535
2,0,1,26,19585
2,0,1,27,19323
2,0,1,28,19408
2,0,1,29,19435
2,0,1,30,19462
2,0,1,31,19645
2,0,1,32,19443
2,0,1,33,19359
2,0,1,34,19333
2,0,1,35,19496
2,0,1,36,19512
2,0,1,37,19462
2,0,1,38,19798
2,0,1,39,19614
2,0,1,40,19644
2,0,1,41,19555
2,0,1,42,19668
2,0,1,43,19528
2,0,1,44,19252
2,0,1,45,19637
2,0,1,46,19828
2,0,1,47,19407
2,0,1,48,19678
2,0,1,49,19749
2,0,1,50,19572
2,0,1,51,19692
2,0,1,52,19539
2,0,1,53,19713
2,0,1,54,19616
2,0,1,55,19678
2,0,1,56,20127
2,0,1,57,19309
2,0,1,58,19694
2,0,1,59,19602
2,0,1,60,19635
2,0,1,61,19625
2,0,1,62,19608
2,0,1,63,19597
2,0,2,0,19654
2,0,2,1,19687
2,0,2,2,19289
2,0,2,3,19515
2,0,2,4,19729
2,0,2,5,19600
2,0,2,6,19723
2,0,2,7,19859
2,0,2,8,19606
2,0,2,9,19628
2,0,2,10,19693
2,0,2,11,19442
2,0,2,12,19728
2,0,2,13,19620
2,0,2,14,19483
2,0,2,15,19486
2,0,2,16,19563
2,0,2,17,19651
2,0,2,18,19571
2,0,2,19,19675
2,0,2,20,19658
2,0,2,21,19709
2,0,2,22,19819
2,0,2,23,19535
2,0,2,24,19691
2,0,2,25,20071
2,0,2,26,19632
2,0,2,27,19540
2,0,2,28,19585
2,0,2,29,19331
2,0,2,30,19672
2,0,2,31,19646
2,0,2,32,19669
2,0,2,33,24404
2,0,2,34,19801
2,0,2,35,19628
2,0,2,36,19582
2,0,2,37,19652
2,0,2,38,19660
2,0,2,39,19474
2,0,2,40,19359
2,0,2,41,19546
2,0,2,42,19653
2,0,2,43,20010
2,0,2,44,19744
2,0,2,45,19351
2,0,2,46,19670
2,0,2,47,19616
2,0,2,48,19677
2,0,2,49,19631
2,0,2,50,19706
2,0,2,51,19524
2,0,2,52,19685
2,0,2,53,19774
2,0,2,54,19653
2,0,2,55,19644
2,0,2,56,19645
2,0,2,57,19618
2,0,2,58,19734
2,0,2,59,19576
2,0,2,60,19573
2,0,2,61,19683
2,0,2,62,19688
2,0,2,63,19774
2,1,2,0,19668
2,1,2,1,19608
2,1,2,2,19565
2,1,2,3,19644
2,1,2,4,19445
2,1,2,5,19434
2,1,2,6,19453
2,1,2,7,19640
2,1,2,8,19268
2,1,2,9,19448
2,1,2,10,19332
2,1,2,11,19867
2,1,2,12,19603
2,1,2,13,19780
2,1,2,14,19461
2,1,2,15,19622
2,1,2,16,19375
2,1,2,17,19386
2,1,2,18,19356
2,1,2,19,19379
2,1,2,20,19517
2,1,2,21,19429
2,1,2,22,19333
2,1,2,23,19190
2,1,2,24,19324
2,1,2,25,19430
2,1,2,26,19308
2,1,2,27,19424
2,1,2,28,19423
2,1,2,29,19453
2,1,2,30,19377
2,1,2,31,19645
2,1,2,32,19277
2,1,2,33,19508
2,1,2,34,19457
2,1,2,35,19298
2,1,2,36,19240
2,1,2,37,19208
2,1,2,38,19709
2,1,2,39,19644
2,1,2,40,19765
2,1,2,41,19410
2,1,2,42,19364
2,1,2,43,19219
2,1,2,44,19378
2,1,2,45,19289
2,1,2,46,19315
2,1,2,47,19635
2,1,2,48,19882
2,1,2,49,19313
2,1,2,50,19544
2,1,2,51,19321
2,1,2,52,19587
2,1,2,53,19611
2,1,2,54,19503
2,1,2,55,19456
2,1,2,56,19600
2,1,2,57,19530
2,1,2,58,19866
2,1,2,59,19384
2,1,2,60,19666
2,1,2,61,19648
2,1,2,62,19579
2,1,2,63,19394
2,1,3,0,19524
2,1,3,1,19385
2,1,3,2,19384
2,1,3,3,19307
2,1,3,4,19684
2,1,3,5,19827
2,1,3,6,19550
2,1,3,7,19656
2,1,3,8,19660
2,1,3,9,19286
2,1,3,10,19704
2,1,3,11,19465
2,1,3,12,19269
2,1,3,13,19379
2,1,3,14,19299
2,1,3,15,19723
2,1,3,16,19332
2,1,3,17,19311
2,1,3,18,19372
2,1,3,19,19566
2,1,3,20,19574
2,1,3,21,19685
2,1,3,22,19561
2,1,3,23,19673
2,1,3,24,19425
2,1,3,25,19583
2,1,3,26,19839
2,1,3,27,19305
2,1,3,28,19298
2,1,3,29,19347
2,1,3,30,19752
2,1,3,31,19670
2,1,3,32,19334
2,1,3,33,19461
2,1,3,34,19347
2,1,3,35,20019
2,1,3,36,19397
2,1,3,37,19282
2,1,3,38,19496
2,1,3,39,19393
2,1,3,40,19328
2,1,3,41,19507
2,1,3,42,19724
2,1,3,43,19659
2,1,3,44,19773
2,1,3,45,19522
2,1,3,46,19482
2,1,3,47,19681
2,1,3,48,19520
2,1,3,49,19515
2,1,3,50,19397
2,1,3,51,19404
2,1,3,52,19286
2,1,3,53,19797
2,1,3,54,19587
2,1,3,55,19662
2,1,3,56,19670
2,1,3,57,19721
2,1,3,58,19644
2,1,3,59,19470
2,1,3,60,19530
2,1,3,61,19627
2,1,3,62,19575
2,1,3,63,19518
2,0,3,0,19490
2,0,3,1,19452
2,0,3,2,19651
2,0,3,3,19527
2,0,3,4,19704
2,0,3,5,19583
2,0,3,6,19588
2,0,3,7,19665
2,0,3,8,19654
2,0,3,9,19566
2,0,3,10,19765
2,0,3,11,19222
2,0,3,12,19687
2,0,3,13,19733
2,0,3,14,19842
2,0,3,15,19798
2,0,3,16,19650
2,0,3,17,19617
2,0,3,18,19568
2,0,3,19,19815
2,0,3,20,19549
2,0,3,21,19332
2,0,3,22,19794
2,0,3,23,19641
2,0,3,24,19862
2,0,3,25,19745
2,0,3,26,19720
2,0,3,27,19705
2,0,3,28,19596
2,0,3,29,19726
2,0,3,30,19600
2,0,3,31,19678
2,0,3,32,19678
2,0,3,33,19283
2,0,3,34,19550
2,0,3,35,19769
2,0,3,36,19598
2,0,3,37,19789
2,0,3,38,19641
2,0,3,39,19616
2,0,3,40,19960
2,0,3,41,19778
2,0,3,42,19705
2,0,3,43,19517
2,0,3,44,19428
2,0,3,45,19640
2,0,3,46,19526
2,0,3,47,19698
2,0,3,48,19622
2,0,3,49,19601
2,0,3,50,19640
2,0,3,51,19747
2,0,3,52,19643
2,0,3,53,19773
2,0,3,54,19611
2,0,3,55,19625
2,0,3,56,19629
2,0,3,57,19667
2,0,3,58,19714
2,0,3,59,19260
2,0,3,60,19726
2,0,3,61,19359
2,0,3,62,19580
2,0,3,63,19614
2,0,4,0,19327
2,0,4,1,19631
2,0,4,2,19370
2,0,4,3,19672
2,0,4,4,19727
2,0,4,5,19629
2,0,4,6,19631
2,0,4,7,19530
2,0,4,8,19929
2,0,4,9,19650
2,0,4,10,19593
2,0,4,11,19508
2,0,4,12,19374
2,0,4,13,19772
2,0,4,14,19433
2,0,4,15,19489
2,0,4,16,19807
2,0,4,17,19614
2,0,4,18,19441
2,0,4,19,19611
2,0,4,20,19497
2,0,4,21,19328
2,0,4,22,19433
2,0,4,23,19546
2,0,4,24,19612
2,0,4,25,19351
2,0,4,26,19959
2,0,4,27,19519
2,0,4,28,19740
2,0,4,29,19450
2,0,4,30,19760
2,0,4,31,19385
2,0,4,32,19726
2,0,4,33,19601
2,0,4,34,19633
2,0,4,35,19304
2,0,4,36,19609
2,0,4,37,19685
2,0,4,38,19693
2,0,4,39,19598
2,0,4,40,19599
2,0,4,41,24385
2,0,4,42,19638
2,0,4,43,19632
2,0,4,44,19765
2,0,4,45,19782
2,0,4,46,19246
2,0,4,47,19629
2,0,4,48,19613
2,0,4,49,19621
2,0,4,50,19612
2,0,4,51,19777
2,0,4,52,19528
2,0,4,53,19580
2,0,4,54,19707
2,0,4,55,19395
2,0,4,56,19557
2,0,4,57,19582
2,0,4,58,19675
2,0,4,59,19792
2,0,4,60,24132
2,0,4,61,19598
2,0,4,62,19805
2,0,4,63,19541
2,1,4,0,19480
2,1,4,1,19343
2,1,4,2,19525
2,1,4,3,19445
2,1,4,4,19275
2,1,4,5,19352
2,1,4,6,19527
2,1,4,7,19479
2,1,4,8,19370
2,1,4,9,19363
2,1,4,10,19624
2,1,4,11,19292
2,1,4,12,19561
2,1,4,13,19554
2,1,4,14,19614
2,1,4,15,19679
2,1,4,16,19498
2,1,4,17,19429
2,1,4,18,19278
2,1,4,19,19525
2,1,4,20,19548
2,1,4,21,19580
2,1,4,22,19639
2,1,4,23,19654
2,1,4,24,19383
2,1,4,25,19767
2,1,4,26,19418
2,1,4,27,19589
2,1,4,28,19496
2,1,4,29,19303
2,1,4,30,24395
2,1,4,31,19408
2,1,4,32,19440
2,1,4,33,19300
2,1,4,34,19294
2,1,4,35,19476
2,1,4,36,19551
2,1,4,37,19595
2,1,4,38,19741
2,1,4,39,19649
2,1,4,40,19688
2,1,4,41,19461
2,1,4,42,19575
2,1,4,43,19326
2,1,4,44,19472
2,1,4,45,19308
2,1,4,46,19648
2,1,4,47,19692
2,1,4,48,19285
2,1,4,49,24585
2,1,4,50,19402
2,1,4,51,19331
2,1,4,52,19416
2,1,4,53,19477
2,1,4,54,19592
2,1,4,55,19469
2,1,4,56,19647
2,1,4,57,19473
2,1,4,58,19337
2,1,4,59,19602
2,1,4,60,19587
2,1,4,61,19542
2,1,4,62,19608
2,1,4,63,19683
2,1,5,0,19667
2,1,5,1,19490
2,1,5,2,19736
2,1,5,3,19576
2,1,5,4,19321
2,1,5,5,19751
2,1,5,6,19292
2,1,5,7,19613
2,1,5,8,19431
2,1,5,9,19610
2,1,5,10,19570
2,1,5,11,19574
2,1,5,12,19573
2,1,5,13,19473
2,1,5,14,19499
2,1,5,15,19675
2,1,5,16,19667
2,1,5,17,19942
2,1,5,18,19680
2,1,5,19,19733
2,1,5,20,19549
2,1,5,21,19511
2,1,5,22,19462
2,1,5,23,19591
2,1,5,24,19611
2,1,5,25,19351
2,1,5,26,19523
2,1,5,27,19281
2,1,5,28,19533
2,1,5,29,19599
2,1,5,30,19625
2,1,5,31,19658
2,1,5,32,19614
2,1,5,33,19331
2,1,5,34,19601
2,1,5,35,19883
2,1,5,36,19392
2,1,5,37,19499
2,1,5,38,19499
2,1,5,39,19283
2,1,5,40,19529
2,1,5,41,19431
2,1,5,42,19396
2,1,5,43,19544
2,1,5,44,19349
2,1,5,45,19494
2,1,5,46,19271
2,1,5,47,19471
2,1,5,48,19333
2,1,5,49,19407
2,1,5,50,19593
2,1,5,51,19625
2,1,5,52,19256
2,1,5,53,19365
2,1,5,54,19815
2,1,5,55,19651
2,1,5,56,19570
2,1,5,57,19588
2,1,5,58,19727
2,1,5,59,19585
2,1,5,60,19675
2,1,5,61,19822
2,1,5,62,19665
2,1,5,63,19567
2,0,5,0,19260
2,0,5,1,19430
2,0,5,2,19592
2,0,5,3,19422
2,0,5,4,19894
2,0,5,5,19628
2,0,5,6,19626
2,0,5,7,19667
2,0,5,8,19564
2,0,5,9,19716
2,0,5,10,19661
2,0,5,11,19696
2,0,5,12,19692
2,0,5,13,19605
2,0,5,14,19661
2,0,5,15,19605
2,0,5,16,19637
2,0,5,17,19754
2,0,5,18,19613
2,0,5,19,19612
2,0,5,20,19632
2,0,5,21,19720
2,0,5,22,20139
2,0,5,23,19407
2,0,5,24,19589
2,0,5,25,19381
2,0,5,26,19668
2,0,5,27,19821
2,0,5,28,19640
2,0,5,29,19600
2,0,5,30,19691
2,0,5,31,19575
2,0,5,32,19579
2,0,5,33,19806
2,0,5,34,19626
2,0,5,35,19878
2,0,5,36,19707
2,0,5,37,19674
2,0,5,38,19461
2,0,5,39,19594
2,0,5,40,20144
2,0,5,41,19566
2,0,5,42,19726
2,0,5,43,19567
2,0,5,44,19687
2,0,5,45,19655
2,0,5,46,19686
2,0,5,47,19592
2,0,5,48,19754
2,0,5,49,19593
2,0,5,50,19749
2,0,5,51,19550
2,0,5,52,19649
2,0,5,53,19655
2,0,5,54,19788
2,0,5,55,19599
2,0,5,56,19779
2,0,5,57,19636
2,0,5,58,19949
2,0,5,59,19436
2,0,5,60,19550
2,0,5,61,19665
2,0,5,62,19683
2,0,5,63,19775
2,0,6,0,19500
2,0,6,1,19466
2,0,6,2,19593
2,0,6,3,19647
2,0,6,4,19379
2,0,6,5,19762
2,0,6,6,19779
2,0,6,7,19614
2,0,6,8,19578
2,0,6,9,19986
2,0,6,10,19688
2,0,6,11,19773
2,0,6,12,19652
2,0,6,13,19608
2,0,6,14,19323
2,0,6,15,19521
2,0,6,16,19479
2,0,6,17,19485
2,0,6,18,19383
2,0,6,19,19334
2,0,6,20,19387
2,0,6,21,19651
2,0,6,22,19358
2,0,6,23,19275
2,0,6,24,19519
2,0,6,25,19523
2,0,6,26,19577
2,0,6,27,19896
2,0,6,28,19502
2,0,6,29,19648
2,0,6,30,19694
2,0,6,31,19506
2,0,6,32,19628
2,0,6,33,19592
2,0,6,34,19618
2,0,6,35,19687
2,0,6,36,19489
2,0,6,37,19695
2,0,6,38,19626
2,0,6,39,19791
2,0,6,40,19433
2,0,6,41,19572
2,0,6,42,19702
2,0,6,43,19622
2,0,6,44,19622
2,0,6,45,20175
2,0,6,46,19483
2,0,6,47,19696
2,0,6,48,19786
2,0,6,49,19772
2,0,6,50,19596
2,0,6,51,19774
2,0,6,52,19663
2,0,6,53,19700
2,0,6,54,19527
2,0,6,55,19744
2,0,6,56,19850
2,0,6,57,19675
2,0,6,58,19673
2,0,6,59,19673
2,0,6,60,19594
2,0,6,61,19527
2,0,6,62,19718
2,0,6,63,19851
2,1,6,0,19534
2,1,6,1,19622
2,1,6,2,19415
2,1,6,3,19677
2,1,6,4,19341
2,1,6,5,19694
2,1,6,6,19629
2,1,6,7,19187
2,1,6,8,19461
2,1,6,9,19659
2,1,6,10,19558
2,1,6,11,19422
2,1,6,12,19332
2,1,6,13,19412
2,1,6,14,19901
2,1,6,15,19472
2,1,6,16,19698
2,1,6,17,19788
2,1,6,18,19656
2,1,6,19,19735
2,1,6,20,19455
2,1,6,21,19640
2,1,6,22,19412
2,1,6,23,19603
2,1,6,24,19506
2,1,6,25,19520
2,1,6,26,19513
2,1,6,27,19359
2,1,6,28,19737
2,1,6,29,19640
2,1,6,30,19325
2,1,6,31,19582
2,1,6,32,19726
2,1,6,33,19739
2,1,6,34,19846
2,1,6,35,19666
2,1,6,36,19773
2,1,6,37,19788
2,1,6,38,19621
2,1,6,39,24394
2,1,6,40,19453
2,1,6,41,19440
2,1,6,42,19600
2,1,6,43,19351
2,1,6,44,19672
2,1,6,45,19646
2,1,6,46,19635
2,1,6,47,19718
2,1,6,48,19736
2,1,6,49,19688
2,1,6,50,19777
2,1,6,51,19656
2,1,6,52,19471
2,1,6,53,19362
2,1,6,54,19294
2,1,6,55,19764
2,1,6,56,19646
2,1,6,57,24314
2,1,6,58,19616
2,1,6,59,19710
2,1,6,60,19410
2,1,6,61,19304
2,1,6,62,19307
2,1,6,63,19677
2,1,7,0,19901
2,1,7,1,19572
2,1,7,2,19701
2,1,7,3,19615
2,1,7,4,19699
2,1,7,5,19573
2,1,7,6,19753
2,1,7,7,19306
2,1,7,8,19645
2,1,7,9,19663
2,1,7,10,19461
2,1,7,11,19374
2,1,7,12,19494
2,1,7,13,19272
2,1,7,14,19689
2,1,7,15,19395
2,1,7,16,19333
2,1,7,17,19399
2,1,7,18,20082
2,1,7,19,19536
2,1,7,20,19354
2,1,7,21,19321
2,1,7,22,19309
2,1,7,23,19772
2,1,7,24,19626
2,1,7,25,19595
2,1,7,26,19287
2,1,7,27,19307
2,1,7,28,19719
2,1,7,29,19297
2,1,7,30,19638
2,1,7,31,19789
2,1,7,32,19541
2,1,7,33,19665
2,1,7,34,19411
2,1,7,35,19367
2,1,7,36,19829
2,1,7,37,19402
2,1,7,38,19731
2,1,7,39,19329
2,1,7,40,19600
2,1,7,41,19302
2,1,7,42,19632
2,1,7,43,19624
2,1,7,44,19736
2,1,7,45,19684
2,1,7,46,19395
2,1,7,47,19653
2,1,7,48,19642
2,1,7,49,19671
2,1,7,50,19683
2,1,7,51,19711
2,1,7,52,19330
2,1,7,53,19672
2,1,7,54,19446
2,1,7,55,19548
2,1,7,56,19580
2,1,7,57,19688
2,1,7,58,19837
2,1,7,59,19621
2,1,7,60,19762
2,1,7,61,19740
2,1,7,62,19633
2,1,7,63,19742
2,0,7,0,19588
2,0,7,1,19790
2,0,7,2,19767
2,0,7,3,19691
2,0,7,4,19641
2,0,7,5,20181
2,0,7,6,19595
2,0,7,7,19703
2,0,7,8,19681
2,0,7,9,19748
2,0,7,10,19596
2,0,7,11,19255
2,0,7,12,19668
2,0,7,13,19547
2,0,7,14,19714
2,0,7,15,19642
2,0,7,16,19682
2,0,7,17,19682
2,0,7,18,19663
2,0,7,19,19630
2,0,7,20,19675
2,0,7,21,19859
2,0,7,22,19584
2,0,7,23,20124
2,0,7,24,19740
2,0,7,25,19399
2,0,7,26,19706
2,0,7,27,19630
2,0,7,28,19725
2,0,7,29,19728
2,0,7,30,19602
2,0,7,31,19383
2,0,7,32,19410
2,0,7,33,19603
2,0,7,34,19568
2,0,7,35,19394
2,0,7,36,22291
2,0,7,37,19547
2,0,7,38,19662
2,0,7,39,19345
2,0,7,40,19604
2,0,7,41,19914
2,0,7,42,19327
2,0,7,43,19477
2,0,7,44,19726
2,0,7,45,19826
2,0,7,46,19701
2,0,7,47,19661
2,0,7,48,19813
2,0,7,49,19602
2,0,7,50,19506
2,0,7,51,19781
2,0,7,52,19701
2,0,7,53,19641
2,0,7,54,19428
2,0,7,55,19394
2,0,7,56,19677
2,0,7,57,19672
2,0,7,58,19836
2,0,7,59,19872
2,0,7,60,19745
2,0,7,61,19454
2,0,7,62,19553
2,0,7,63,19494
