cpucycles tracesetup 0 amd64-perfpmcff precision 0 scaling 0.000000 only32 0
cpucycles tracesetup 1 amd64-perfpmc precision 0 scaling 0.000000 only32 0
cpucycles tracesetup 2 amd64-pmcff precision 0 scaling 0.000000 only32 0
cpucycles tracesetup 3 amd64-tsc precision 1016 scaling 0.467415 only32 0
cpucycles tracesetup 4 amd64-tscasm precision 1026 scaling 0.467415 only32 0
cpucycles tracesetup 5 default-perfevent precision 205 scaling 1.000000 only32 0
cpucycles tracesetup 6 default-mach precision 0 scaling 0.000000 only32 0
cpucycles tracesetup 7 default-monotonic precision 1076 scaling 1.400000 only32 0
cpucycles tracesetup 8 default-gettimeofday precision 2440 scaling 1400.000000 only32 0
cpucycles tracesetup 9 default-zero precision 0 scaling 0.000000 only32 0
region,variant,block,observation,cycles
0,0,0,0,1036
0,0,0,1,988
0,0,0,2,962
0,0,0,3,956
0,0,0,4,967
0,0,0,5,947
0,0,0,6,962
0,0,0,7,985
0,0,0,8,952
0,0,0,9,958
0,0,0,10,943
0,0,0,11,938
0,0,0,12,941
0,0,0,13,972
0,0,0,14,956
0,0,0,15,971
0,0,0,16,952
0,0,0,17,937
0,0,0,18,956
0,0,0,19,949
0,0,0,20,958
0,0,0,21,934
0,0,0,22,922
0,0,0,23,944
0,0,0,24,963
0,0,0,25,951
0,0,0,26,932
0,0,0,27,938
0,0,0,28,964
0,0,0,29,963
0,0,0,30,962
0,0,0,31,953
0,1,0,0,988
0,1,0,1,1033
0,1,0,2,964
0,1,0,3,987
0,1,0,4,945
0,1,0,5,967
0,1,0,6,968
0,1,0,7,974
0,1,0,8,943
0,1,0,9,933
0,1,0,10,951
0,1,0,11,942
0,1,0,12,974
0,1,0,13,966
0,1,0,14,959
0,1,0,15,948
0,1,0,16,955
0,1,0,17,928
0,1,0,18,956
0,1,0,19,944
0,1,0,20,934
0,1,0,21,939
0,1,0,22,939
0,1,0,23,963
0,1,0,24,950
0,1,0,25,942
0,1,0,26,950
0,1,0,27,947
0,1,0,28,971
0,1,0,29,950
0,1,0,30,946
0,1,0,31,967
0,2,0,0,963
0,2,0,1,980
0,2,0,2,985
0,2,0,3,977
0,2,0,4,962
0,2,0,5,969
0,2,0,6,967
0,2,0,7,955
0,2,0,8,975
0,2,0,9,966
0,2,0,10,975
0,2,0,11,944
0,2,0,12,969
0,2,0,13,944
0,2,0,14,951
0,2,0,15,961
0,2,0,16,953
0,2,0,17,932
0,2,0,18,956
0,2,0,19,974
0,2,0,20,940
0,2,0,21,956
0,2,0,22,947
0,2,0,23,955
0,2,0,24,950
0,2,0,25,959
0,2,0,26,967
0,2,0,27,967
0,2,0,28,981
0,2,0,29,938
0,2,0,30,970
0,2,0,31,943
0,3,0,0,961
0,3,0,1,973
0,3,0,2,995
0,3,0,3,965
0,3,0,4,993
0,3,0,5,954
0,3,0,6,953
0,3,0,7,943
0,3,0,8,953
0,3,0,9,946
0,3,0,10,961
0,3,0,11,948
0,3,0,12,954
0,3,0,13,941
0,3,0,14,973
0,3,0,15,928
0,3,0,16,937
0,3,0,17,958
0,3,0,18,973
0,3,0,19,951
0,3,0,20,976
0,3,0,21,946
0,3,0,22,962
0,3,0,23,951
0,3,0,24,946
0,3,0,25,961
0,3,0,26,939
0,3,0,27,957
0,3,0,28,967
0,3,0,29,936
0,3,0,30,969
0,3,0,31,940
0,4,0,0,957
0,4,0,1,985
0,4,0,2,989
0,4,0,3,991
0,4,0,4,992
0,4,0,5,972
0,4,0,6,948
0,4,0,7,955
0,4,0,8,966
0,4,0,9,968
0,4,0,10,957
0,4,0,11,943
0,4,0,12,956
0,4,0,13,976
0,4,0,14,947
0,4,0,15,946
0,4,0,16,950
0,4,0,17,944
0,4,0,18,977
0,4,0,19,939
0,4,0,20,961
0,4,0,21,982
0,4,0,22,972
0,4,0,23,966
0,4,0,24,958
0,4,0,25,961
0,4,0,26,953
0,4,0,27,972
0,4,0,28,958
0,4,0,29,952
0,4,0,30,951
0,4,0,31,956
0,4,1,0,927
0,4,1,1,947
0,4,1,2,975
0,4,1,3,946
0,4,1,4,961
0,4,1,5,941
0,4,1,6,954
0,4,1,7,958
0,4,1,8,947
0,4,1,9,936
0,4,1,10,954
0,4,1,11,943
0,4,1,12,967
0,4,1,13,966
0,4,1,14,952
0,4,1,15,951
0,4,1,16,947
0,4,1,17,940
0,4,1,18,967
0,4,1,19,961
0,4,1,20,952
0,4,1,21,961
0,4,1,22,981
0,4,1,23,972
0,4,1,24,956
0,4,1,25,969
0,4,1,26,956
0,4,1,27,958
0,4,1,28,953
0,4,1,29,940
0,4,1,30,951
0,4,1,31,957
0,3,1,0,934
0,3,1,1,980
0,3,1,2,982
0,3,1,3,972
0,3,1,4,943
0,3,1,5,956
0,3,1,6,961
0,3,1,7,933
0,3,1,8,962
0,3,1,9,966
0,3,1,10,971
0,3,1,11,955
0,3,1,12,957
0,3,1,13,961
0,3,1,14,967
0,3,1,15,964
0,3,1,16,937
0,3,1,17,952
0,3,1,18,955
0,3,1,19,939
0,3,1,20,971
0,3,1,21,960
0,3,1,22,964
0,3,1,23,949
0,3,1,24,941
0,3,1,25,967
0,3,1,26,951
0,3,1,27,945
0,3,1,28,940
0,3,1,29,963
0,3,1,30,957
0,3,1,31,949
0,2,1,0,976
0,2,1,1,974
0,2,1,2,970
0,2,1,3,971
0,2,1,4,972
0,2,1,5,966
0,2,1,6,947
0,2,1,7,957
0,2,1,8,937
0,2,1,9,962
0,2,1,10,963
0,2,1,11,967
0,2,1,12,960
0,2,1,13,963
0,2,1,14,953
0,2,1,15,964
0,2,1,16,943
0,2,1,17,942
0,2,1,18,943
0,2,1,19,957
0,2,1,20,987
0,2,1,21,969
0,2,1,22,950
0,2,1,23,950
0,2,1,24,965
0,2,1,25,948
0,2,1,26,968
0,2,1,27,967
0,2,1,28,959
0,2,1,29,938
0,2,1,30,932
0,2,1,31,947
0,1,1,0,952
0,1,1,1,992
0,1,1,2,999
0,1,1,3,975
0,1,1,4,938
0,1,1,5,953
0,1,1,6,942
0,1,1,7,976
0,1,1,8,943
0,1,1,9,946
0,1,1,10,938
0,1,1,11,942
0,1,1,12,956
0,1,1,13,968
0,1,1,14,966
0,1,1,15,946
0,1,1,16,954
0,1,1,17,958
0,1,1,18,954
0,1,1,19,950
0,1,1,20,967
0,1,1,21,978
0,1,1,22,984
0,1,1,23,950
0,1,1,24,954
0,1,1,25,951
0,1,1,26,948
0,1,1,27,937
0,1,1,28,950
0,1,1,29,952
0,1,1,30,952
0,1,1,31,948
0,0,1,0,986
0,0,1,1,988
0,0,1,2,949
0,0,1,3,972
0,0,1,4,959
0,0,1,5,941
0,0,1,6,951
0,0,1,7,941
0,0,1,8,954
0,0,1,9,937
0,0,1,10,975
0,0,1,11,941
0,0,1,12,968
0,0,1,13,957
0,0,1,14,949
0,0,1,15,959
0,0,1,16,946
0,0,1,17,946
0,0,1,18,950
0,0,1,19,957
0,0,1,20,951
0,0,1,21,959
0,0,1,22,968
0,0,1,23,996
0,0,1,24,929
0,0,1,25,962
0,0,1,26,941
0,0,1,27,944
0,0,1,28,948
0,0,1,29,934
0,0,1,30,961
0,0,1,31,963
0,0,2,0,939
0,0,2,1,945
0,0,2,2,940
0,0,2,3,948
0,0,2,4,947
0,0,2,5,953
0,0,2,6,970
0,0,2,7,956
0,0,2,8,949
0,0,2,9,961
0,0,2,10,941
0,0,2,11,941
0,0,2,12,955
0,0,2,13,954
0,0,2,14,957
0,0,2,15,941
0,0,2,16,948
0,0,2,17,974
0,0,2,18,939
0,0,2,19,947
0,0,2,20,970
0,0,2,21,949
0,0,2,22,927
0,0,2,23,945
0,0,2,24,943
0,0,2,25,936
0,0,2,26,940
0,0,2,27,958
0,0,2,28,934
0,0,2,29,951
0,0,2,30,948
0,0,2,31,968
0,1,2,0,977
0,1,2,1,975
0,1,2,2,979
0,1,2,3,958
0,1,2,4,958
0,1,2,5,945
0,1,2,6,972
0,1,2,7,936
0,1,2,8,947
0,1,2,9,948
0,1,2,10,982
0,1,2,11,971
0,1,2,12,950
0,1,2,13,975
0,1,2,14,947
0,1,2,15,978
0,1,2,16,965
0,1,2,17,953
0,1,2,18,963
0,1,2,19,962
0,1,2,20,982
0,1,2,21,977
0,1,2,22,948
0,1,2,23,977
0,1,2,24,955
0,1,2,25,978
0,1,2,26,950
0,1,2,27,953
0,1,2,28,961
0,1,2,29,943
0,1,2,30,960
0,1,2,31,964
0,2,2,0,953
0,2,2,1,981
0,2,2,2,995
0,2,2,3,969
0,2,2,4,967
0,2,2,5,956
0,2,2,6,934
0,2,2,7,932
0,2,2,8,951
0,2,2,9,957
0,2,2,10,947
0,2,2,11,962
0,2,2,12,965
0,2,2,13,950
0,2,2,14,971
0,2,2,15,928
0,2,2,16,966
0,2,2,17,939
0,2,2,18,948
0,2,2,19,957
0,2,2,20,968
0,2,2,21,950
0,2,2,22,953
0,2,2,23,932
0,2,2,24,945
0,2,2,25,966
0,2,2,26,934
0,2,2,27,979
0,2,2,28,960
0,2,2,29,944
0,2,2,30,945
0,2,2,31,973
0,3,2,0,978
0,3,2,1,994
0,3,2,2,978
0,3,2,3,972
0,3,2,4,968
0,3,2,5,946
0,3,2,6,950
0,3,2,7,941
0,3,2,8,949
0,3,2,9,957
0,3,2,10,933
0,3,2,11,945
0,3,2,12,955
0,3,2,13,953
0,3,2,14,933
0,3,2,15,940
0,3,2,16,933
0,3,2,17,945
0,3,2,18,961
0,3,2,19,981
0,3,2,20,961
0,3,2,21,976
0,3,2,22,958
0,3,2,23,948
0,3,2,24,950
0,3,2,25,974
0,3,2,26,950
0,3,2,27,973
0,3,2,28,952
0,3,2,29,954
0,3,2,30,944
0,3,2,31,948
0,4,2,0,932
0,4,2,1,980
0,4,2,2,975
0,4,2,3,957
0,4,2,4,958
0,4,2,5,951
0,4,2,6,956
0,4,2,7,963
0,4,2,8,957
0,4,2,9,964
0,4,2,10,953
0,4,2,11,962
0,4,2,12,936
0,4,2,13,949
0,4,2,14,955
0,4,2,15,970
0,4,2,16,949
0,4,2,17,983
0,4,2,18,960
0,4,2,19,964
0,4,2,20,934
0,4,2,21,957
0,4,2,22,975
0,4,2,23,960
0,4,2,24,952
0,4,2,25,978
0,4,2,26,965
0,4,2,27,970
0,4,2,28,955
0,4,2,29,953
0,4,2,30,945
0,4,2,31,935
0,4,3,0,934
0,4,3,1,944
0,4,3,2,951
0,4,3,3,946
0,4,3,4,963
0,4,3,5,960
0,4,3,6,962
0,4,3,7,944
0,4,3,8,950
0,4,3,9,969
0,4,3,10,960
0,4,3,11,972
0,4,3,12,938
0,4,3,13,963
0,4,3,14,974
0,4,3,15,957
0,4,3,16,996
0,4,3,17,980
0,4,3,18,972
0,4,3,19,968
0,4,3,20,972
0,4,3,21,958
0,4,3,22,967
0,4,3,23,982
0,4,3,24,963
0,4,3,25,992
0,4,3,26,992
0,4,3,27,978
0,4,3,28,943
0,4,3,29,950
0,4,3,30,974
0,4,3,31,951
0,3,3,0,952
0,3,3,1,965
0,3,3,2,969
0,3,3,3,1003
0,3,3,4,982
0,3,3,5,935
0,3,3,6,951
0,3,3,7,959
0,3,3,8,946
0,3,3,9,950
0,3,3,10,949
0,3,3,11,945
0,3,3,12,934
0,3,3,13,978
0,3,3,14,966
0,3,3,15,946
0,3,3,16,965
0,3,3,17,963
0,3,3,18,952
0,3,3,19,946
0,3,3,20,951
0,3,3,21,955
0,3,3,22,941
0,3,3,23,961
0,3,3,24,946
0,3,3,25,942
0,3,3,26,951
0,3,3,27,958
0,3,3,28,958
0,3,3,29,945
0,3,3,30,954
0,3,3,31,983
0,2,3,0,971
0,2,3,1,967
0,2,3,2,945
0,2,3,3,991
0,2,3,4,970
0,2,3,5,946
0,2,3,6,945
0,2,3,7,956
0,2,3,8,944
0,2,3,9,929
0,2,3,10,935
0,2,3,11,970
0,2,3,12,953
0,2,3,13,961
0,2,3,14,950
0,2,3,15,944
0,2,3,16,914
0,2,3,17,946
0,2,3,18,933
0,2,3,19,948
0,2,3,20,956
0,2,3,21,932
0,2,3,22,932
0,2,3,23,959
0,2,3,24,955
0,2,3,25,964
0,2,3,26,941
0,2,3,27,955
0,2,3,28,944
0,2,3,29,955
0,2,3,30,953
0,2,3,31,954
0,1,3,0,936
0,1,3,1,989
0,1,3,2,969
0,1,3,3,997
0,1,3,4,988
0,1,3,5,954
0,1,3,6,973
0,1,3,7,950
0,1,3,8,954
0,1,3,9,958
0,1,3,10,973
0,1,3,11,945
0,1,3,12,984
0,1,3,13,937
0,1,3,14,952
0,1,3,15,949
0,1,3,16,928
0,1,3,17,964
0,1,3,18,963
0,1,3,19,968
0,1,3,20,969
0,1,3,21,946
0,1,3,22,934
0,1,3,23,952
0,1,3,24,930
0,1,3,25,945
0,1,3,26,940
0,1,3,27,956
0,1,3,28,938
0,1,3,29,969
0,1,3,30,975
0,1,3,31,938
0,0,3,0,958
0,0,3,1,971
0,0,3,2,969
0,0,3,3,950
0,0,3,4,975
0,0,3,5,951
0,0,3,6,955
0,0,3,7,947
0,0,3,8,946
0,0,3,9,974
0,0,3,10,957
0,0,3,11,946
0,0,3,12,947
0,0,3,13,947
0,0,3,14,932
0,0,3,15,941
0,0,3,16,962
0,0,3,17,945
0,0,3,18,946
0,0,3,19,964
0,0,3,20,923
0,0,3,21,947
0,0,3,22,948
0,0,3,23,971
0,0,3,24,946
0,0,3,25,933
0,0,3,26,941
0,0,3,27,969
0,0,3,28,933
0,0,3,29,947
0,0,3,30,939
0,0,3,31,938
0,0,4,0,952
0,0,4,1,966
0,0,4,2,976
0,0,4,3,962
0,0,4,4,962
0,0,4,5,942
0,0,4,6,951
0,0,4,7,931
0,0,4,8,962
0,0,4,9,939
0,0,4,10,947
0,0,4,11,931
0,0,4,12,952
0,0,4,13,971
0,0,4,14,974
0,0,4,15,950
0,0,4,16,969
0,0,4,17,954
0,0,4,18,954
0,0,4,19,964
0,0,4,20,946
0,0,4,21,953
0,0,4,22,948
0,0,4,23,950
0,0,4,24,942
0,0,4,25,922
0,0,4,26,963
0,0,4,27,944
0,0,4,28,963
0,0,4,29,948
0,0,4,30,967
0,0,4,31,947
0,1,4,0,964
0,1,4,1,973
0,1,4,2,979
0,1,4,3,938
0,1,4,4,11886
0,1,4,5,951
0,1,4,6,947
0,1,4,7,953
0,1,4,8,953
0,1,4,9,952
0,1,4,10,960
0,1,4,11,970
0,1,4,12,948
0,1,4,13,939
0,1,4,14,968
0,1,4,15,934
0,1,4,16,945
0,1,4,17,945
0,1,4,18,965
0,1,4,19,966
0,1,4,20,925
0,1,4,21,948
0,1,4,22,956
0,1,4,23,936
0,1,4,24,944
0,1,4,25,978
0,1,4,26,955
0,1,4,27,958
0,1,4,28,938
0,1,4,29,964
0,1,4,30,920
0,1,4,31,968
0,2,4,0,968
0,2,4,1,980
0,2,4,2,982
0,2,4,3,967
0,2,4,4,976
0,2,4,5,950
0,2,4,6,944
0,2,4,7,945
0,2,4,8,944
0,2,4,9,944
0,2,4,10,937
0,2,4,11,963
0,2,4,12,952
0,2,4,13,941
0,2,4,14,944
0,2,4,15,955
0,2,4,16,946
0,2,4,17,947
0,2,4,18,954
0,2,4,19,970
0,2,4,20,944
0,2,4,21,933
0,2,4,22,940
0,2,4,23,938
0,2,4,24,963
0,2,4,25,972
0,2,4,26,963
0,2,4,27,936
0,2,4,28,968
0,2,4,29,974
0,2,4,30,954
0,2,4,31,965
0,3,4,0,935
0,3,4,1,959
0,3,4,2,981
0,3,4,3,945
0,3,4,4,959
0,3,4,5,930
0,3,4,6,964
0,3,4,7,935
0,3,4,8,948
0,3,4,9,961
0,3,4,10,974
0,3,4,11,979
0,3,4,12,943
0,3,4,13,948
0,3,4,14,973
0,3,4,15,957
0,3,4,16,957
0,3,4,17,958
0,3,4,18,944
0,3,4,19,940
0,3,4,20,969
0,3,4,21,968
0,3,4,22,950
0,3,4,23,963
0,3,4,24,934
0,3,4,25,946
0,3,4,26,959
0,3,4,27,956
0,3,4,28,927
0,3,4,29,970
0,3,4,30,946
0,3,4,31,940
0,4,4,0,960
0,4,4,1,975
0,4,4,2,989
0,4,4,3,969
0,4,4,4,966
0,4,4,5,982
0,4,4,6,955
0,4,4,7,954
0,4,4,8,954
0,4,4,9,960
0,4,4,10,963
0,4,4,11,956
0,4,4,12,940
0,4,4,13,960
0,4,4,14,958
0,4,4,15,963
0,4,4,16,952
0,4,4,17,959
0,4,4,18,963
0,4,4,19,960
0,4,4,20,964
0,4,4,21,946
0,4,4,22,974
0,4,4,23,951
0,4,4,24,968
0,4,4,25,980
0,4,4,26,964
0,4,4,27,969
0,4,4,28,964
0,4,4,29,970
0,4,4,30,928
0,4,4,31,947
0,4,5,0,935
0,4,5,1,949
0,4,5,2,959
0,4,5,3,938
0,4,5,4,940
0,4,5,5,963
0,4,5,6,942
0,4,5,7,950
0,4,5,8,960
0,4,5,9,951
0,4,5,10,981
0,4,5,11,965
0,4,5,12,977
0,4,5,13,944
0,4,5,14,966
0,4,5,15,958
0,4,5,16,952
0,4,5,17,967
0,4,5,18,971
0,4,5,19,951
0,4,5,20,949
0,4,5,21,956
0,4,5,22,955
0,4,5,23,966
0,4,5,24,951
0,4,5,25,985
0,4,5,26,962
0,4,5,27,955
0,4,5,28,982
0,4,5,29,944
0,4,5,30,959
0,4,5,31,998
0,3,5,0,953
0,3,5,1,965
0,3,5,2,981
0,3,5,3,988
0,3,5,4,987
0,3,5,5,956
0,3,5,6,947
0,3,5,7,972
0,3,5,8,956
0,3,5,9,951
0,3,5,10,961
0,3,5,11,949
0,3,5,12,961
0,3,5,13,960
0,3,5,14,973
0,3,5,15,952
0,3,5,16,942
0,3,5,17,956
0,3,5,18,936
0,3,5,19,954
0,3,5,20,950
0,3,5,21,951
0,3,5,22,926
0,3,5,23,965
0,3,5,24,955
0,3,5,25,952
0,3,5,26,956
0,3,5,27,959
0,3,5,28,973
0,3,5,29,953
0,3,5,30,934
0,3,5,31,936
0,2,5,0,984
0,2,5,1,974
0,2,5,2,990
0,2,5,3,979
0,2,5,4,969
0,2,5,5,943
0,2,5,6,969
0,2,5,7,953
0,2,5,8,946
0,2,5,9,925
0,2,5,10,954
0,2,5,11,956
0,2,5,12,958
0,2,5,13,959
0,2,5,14,964
0,2,5,15,943
0,2,5,16,950
0,2,5,17,957
0,2,5,18,957
0,2,5,19,962
0,2,5,20,952
0,2,5,21,976
0,2,5,22,937
0,2,5,23,960
0,2,5,24,941
0,2,5,25,940
0,2,5,26,966
0,2,5,27,938
0,2,5,28,977
0,2,5,29,945
0,2,5,30,955
0,2,5,31,942
0,1,5,0,963
0,1,5,1,984
0,1,5,2,973
0,1,5,3,986
0,1,5,4,970
0,1,5,5,945
0,1,5,6,939
0,1,5,7,952
0,1,5,8,967
0,1,5,9,968
0,1,5,10,956
0,1,5,11,950
0,1,5,12,936
0,1,5,13,967
0,1,5,14,949
0,1,5,15,938
0,1,5,16,953
0,1,5,17,936
0,1,5,18,981
0,1,5,19,950
0,1,5,20,944
0,1,5,21,972
0,1,5,22,948
0,1,5,23,962
0,1,5,24,942
0,1,5,25,965
0,1,5,26,959
0,1,5,27,958
0,1,5,28,953
0,1,5,29,969
0,1,5,30,937
0,1,5,31,947
0,0,5,0,940
0,0,5,1,968
0,0,5,2,981
0,0,5,3,961
0,0,5,4,959
0,0,5,5,946
0,0,5,6,969
0,0,5,7,956
0,0,5,8,962
0,0,5,9,953
0,0,5,10,947
0,0,5,11,921
0,0,5,12,946
0,0,5,13,955
0,0,5,14,936
0,0,5,15,963
0,0,5,16,971
0,0,5,17,944
0,0,5,18,928
0,0,5,19,942
0,0,5,20,959
0,0,5,21,984
0,0,5,22,947
0,0,5,23,937
0,0,5,24,952
0,0,5,25,963
0,0,5,26,954
0,0,5,27,956
0,0,5,28,937
0,0,5,29,952
0,0,5,30,969
0,0,5,31,961
0,0,6,0,928
0,0,6,1,958
0,0,6,2,958
0,0,6,3,938
0,0,6,4,937
0,0,6,5,954
0,0,6,6,955
0,0,6,7,943
0,0,6,8,944
0,0,6,9,950
0,0,6,10,955
0,0,6,11,930
0,0,6,12,951
0,0,6,13,964
0,0,6,14,951
0,0,6,15,990
0,0,6,16,969
0,0,6,17,944
0,0,6,18,971
0,0,6,19,944
0,0,6,20,954
0,0,6,21,970
0,0,6,22,953
0,0,6,23,958
0,0,6,24,974
0,0,6,25,977
0,0,6,26,959
0,0,6,27,942
0,0,6,28,965
0,0,6,29,968
0,0,6,30,943
0,0,6,31,966
0,1,6,0,968
0,1,6,1,963
0,1,6,2,994
0,1,6,3,976
0,1,6,4,994
0,1,6,5,950
0,1,6,6,971
0,1,6,7,972
0,1,6,8,976
0,1,6,9,959
0,1,6,10,987
0,1,6,11,952
0,1,6,12,947
0,1,6,13,958
0,1,6,14,961
0,1,6,15,944
0,1,6,16,959
0,1,6,17,960
0,1,6,18,950
0,1,6,19,965
0,1,6,20,933
0,1,6,21,962
0,1,6,22,960
0,1,6,23,947
0,1,6,24,975
0,1,6,25,950
0,1,6,26,972
0,1,6,27,962
0,1,6,28,975
0,1,6,29,946
0,1,6,30,945
0,1,6,31,955
0,2,6,0,958
0,2,6,1,954
0,2,6,2,963
0,2,6,3,967
0,2,6,4,980
0,2,6,5,976
0,2,6,6,965
0,2,6,7,963
0,2,6,8,962
0,2,6,9,963
0,2,6,10,941
0,2,6,11,962
0,2,6,12,954
0,2,6,13,991
0,2,6,14,946
0,2,6,15,935
0,2,6,16,943
0,2,6,17,928
0,2,6,18,957
0,2,6,19,954
0,2,6,20,935
0,2,6,21,969
0,2,6,22,947
0,2,6,23,978
0,2,6,24,949
0,2,6,25,950
0,2,6,26,972
0,2,6,27,964
0,2,6,28,954
0,2,6,29,922
0,2,6,30,941
0,2,6,31,947
0,3,6,0,969
0,3,6,1,959
0,3,6,2,965
0,3,6,3,991
0,3,6,4,986
0,3,6,5,948
0,3,6,6,980
0,3,6,7,958
0,3,6,8,925
0,3,6,9,949
0,3,6,10,964
0,3,6,11,947
0,3,6,12,951
0,3,6,13,963
0,3,6,14,971
0,3,6,15,944
0,3,6,16,971
0,3,6,17,978
0,3,6,18,946
0,3,6,19,941
0,3,6,20,945
0,3,6,21,947
0,3,6,22,970
0,3,6,23,954
0,3,6,24,963
0,3,6,25,951
0,3,6,26,959
0,3,6,27,976
0,3,6,28,973
0,3,6,29,947
0,3,6,30,963
0,3,6,31,963
0,4,6,0,946
0,4,6,1,967
0,4,6,2,977
0,4,6,3,972
0,4,6,4,986
0,4,6,5,974
0,4,6,6,974
0,4,6,7,972
0,4,6,8,972
0,4,6,9,979
0,4,6,10,965
0,4,6,11,955
0,4,6,12,959
0,4,6,13,951
0,4,6,14,969
0,4,6,15,985
0,4,6,16,971
0,4,6,17,934
0,4,6,18,961
0,4,6,19,949
0,4,6,20,965
0,4,6,21,948
0,4,6,22,946
0,4,6,23,950
0,4,6,24,972
0,4,6,25,956
0,4,6,26,957
0,4,6,27,961
0,4,6,28,950
0,4,6,29,958
0,4,6,30,959
0,4,6,31,953
0,4,7,0,958
0,4,7,1,962
0,4,7,2,948
0,4,7,3,970
0,4,7,4,944
0,4,7,5,969
0,4,7,6,956
0,4,7,7,970
0,4,7,8,981
0,4,7,9,945
0,4,7,10,965
0,4,7,11,953
0,4,7,12,967
0,4,7,13,943
0,4,7,14,925
0,4,7,15,952
0,4,7,16,958
0,4,7,17,987
0,4,7,18,937
0,4,7,19,960
0,4,7,20,972
0,4,7,21,917
0,4,7,22,941
0,4,7,23,958
0,4,7,24,953
0,4,7,25,955
0,4,7,26,985
0,4,7,27,940
0,4,7,28,956
0,4,7,29,963
0,4,7,30,964
0,4,7,31,952
0,3,7,0,933
0,3,7,1,967
0,3,7,2,986
0,3,7,3,962
0,3,7,4,975
0,3,7,5,944
0,3,7,6,973
0,3,7,7,969
0,3,7,8,939
0,3,7,9,960
0,3,7,10,944
0,3,7,11,967
0,3,7,12,940
0,3,7,13,967
0,3,7,14,953
0,3,7,15,947
0,3,7,16,967
0,3,7,17,941
0,3,7,18,951
0,3,7,19,947
0,3,7,20,935
0,3,7,21,955
0,3,7,22,940
0,3,7,23,967
0,3,7,24,960
0,3,7,25,960
0,3,7,26,969
0,3,7,27,964
0,3,7,28,976
0,3,7,29,971
0,3,7,30,927
0,3,7,31,952
0,2,7,0,962
0,2,7,1,977
0,2,7,2,983
0,2,7,3,969
0,2,7,4,961
0,2,7,5,953
0,2,7,6,961
0,2,7,7,964
0,2,7,8,954
0,2,7,9,957
0,2,7,10,953
0,2,7,11,971
0,2,7,12,949
0,2,7,13,952
0,2,7,14,939
0,2,7,15,981
0,2,7,16,944
0,2,7,17,966
0,2,7,18,962
0,2,7,19,954
0,2,7,20,962
0,2,7,21,980
0,2,7,22,958
0,2,7,23,951
0,2,7,24,958
0,2,7,25,946
0,2,7,26,947
0,2,7,27,946
0,2,7,28,955
0,2,7,29,964
0,2,7,30,965
0,2,7,31,973
0,1,7,0,969
0,1,7,1,989
0,1,7,2,987
0,1,7,3,961
0,1,7,4,986
0,1,7,5,953
0,1,7,6,943
0,1,7,7,957
0,1,7,8,928
0,1,7,9,946
0,1,7,10,954
0,1,7,11,961
0,1,7,12,976
0,1,7,13,948
0,1,7,14,964
0,1,7,15,948
0,1,7,16,991
0,1,7,17,975
0,1,7,18,932
0,1,7,19,948
0,1,7,20,938
0,1,7,21,945
0,1,7,22,986
0,1,7,23,960
0,1,7,24,941
0,1,7,25,943
0,1,7,26,972
0,1,7,27,955
0,1,7,28,962
0,1,7,29,964
0,1,7,30,965
0,1,7,31,941
0,0,7,0,940
0,0,7,1,955
0,0,7,2,947
0,0,7,3,969
0,0,7,4,984
0,0,7,5,949
0,0,7,6,971
0,0,7,7,951
0,0,7,8,952
0,0,7,9,971
0,0,7,10,949
0,0,7,11,952
0,0,7,12,978
0,0,7,13,958
0,0,7,14,966
0,0,7,15,944
0,0,7,16,936
0,0,7,17,957
0,0,7,18,963
0,0,7,19,958
0,0,7,20,960
0,0,7,21,933
0,0,7,22,939
0,0,7,23,945
0,0,7,24,953
0,0,7,25,956
0,0,7,26,987
0,0,7,27,951
0,0,7,28,933
0,0,7,29,998
0,0,7,30,2904
0,0,7,31,961
1,0,0,0,872
1,0,0,1,789
1,0,0,2,809
1,0,0,3,792
1,0,0,4,791
1,0,0,5,865
1,0,0,6,809
1,0,0,7,818
1,0,0,8,815
1,0,0,9,809
1,0,0,10,828
1,0,0,11,817
1,0,0,12,828
1,0,0,13,837
1,0,0,14,798
1,0,0,15,812
1,0,0,16,825
1,0,0,17,790
1,0,0,18,806
1,0,0,19,817
1,0,0,20,821
1,0,0,21,836
1,0,0,22,830
1,0,0,23,836
1,0,0,24,800
1,0,0,25,790
1,0,0,26,815
1,0,0,27,793
1,0,0,28,823
1,0,0,29,838
1,0,0,30,795
1,0,0,31,846
1,1,0,0,829
1,1,0,1,786
1,1,0,2,781
1,1,0,3,806
1,1,0,4,808
1,1,0,5,838
1,1,0,6,821
1,1,0,7,818
1,1,0,8,821
1,1,0,9,794
1,1,0,10,843
1,1,0,11,824
1,1,0,12,803
1,1,0,13,842
1,1,0,14,810
1,1,0,15,807
1,1,0,16,818
1,1,0,17,800
1,1,0,18,820
1,1,0,19,792
1,1,0,20,794
1,1,0,21,830
1,1,0,22,797
1,1,0,23,801
1,1,0,24,815
1,1,0,25,782
1,1,0,26,815
1,1,0,27,784
1,1,0,28,818
1,1,0,29,812
1,1,0,30,787
1,1,0,31,813
1,2,0,0,758
1,2,0,1,781
1,2,0,2,773
1,2,0,3,786
1,2,0,4,763
1,2,0,5,789
1,2,0,6,763
1,2,0,7,762
1,2,0,8,766
1,2,0,9,757
1,2,0,10,781
1,2,0,11,752
1,2,0,12,758
1,2,0,13,760
1,2,0,14,734
1,2,0,15,764
1,2,0,16,788
1,2,0,17,767
1,2,0,18,747
1,2,0,19,764
1,2,0,20,763
1,2,0,21,766
1,2,0,22,754
1,2,0,23,744
1,2,0,24,760
1,2,0,25,762
1,2,0,26,775
1,2,0,27,753
1,2,0,28,753
1,2,0,29,768
1,2,0,30,755
1,2,0,31,757
1,3,0,0,774
1,3,0,1,768
1,3,0,2,769
1,3,0,3,795
1,3,0,4,779
1,3,0,5,761
1,3,0,6,737
1,3,0,7,740
1,3,0,8,769
1,3,0,9,759
1,3,0,10,751
1,3,0,11,759
1,3,0,12,733
1,3,0,13,763
1,3,0,14,744
1,3,0,15,758
1,3,0,16,767
1,3,0,17,740
1,3,0,18,756
1,3,0,19,764
1,3,0,20,757
1,3,0,21,758
1,3,0,22,751
1,3,0,23,752
1,3,0,24,772
1,3,0,25,745
1,3,0,26,762
1,3,0,27,748
1,3,0,28,750
1,3,0,29,764
1,3,0,30,756
1,3,0,31,759
1,4,0,0,802
1,4,0,1,802
1,4,0,2,826
1,4,0,3,813
1,4,0,4,819
1,4,0,5,811
1,4,0,6,795
1,4,0,7,820
1,4,0,8,813
1,4,0,9,798
1,4,0,10,814
1,4,0,11,807
1,4,0,12,789
1,4,0,13,808
1,4,0,14,791
1,4,0,15,816
1,4,0,16,820
1,4,0,17,796
1,4,0,18,815
1,4,0,19,796
1,4,0,20,784
1,4,0,21,810
1,4,0,22,791
1,4,0,23,785
1,4,0,24,806
1,4,0,25,777
1,4,0,26,810
1,4,0,27,801
1,4,0,28,799
1,4,0,29,808
1,4,0,30,809
1,4,0,31,828
1,4,1,0,771
1,4,1,1,779
1,4,1,2,777
1,4,1,3,781
1,4,1,4,791
1,4,1,5,817
1,4,1,6,785
1,4,1,7,782
1,4,1,8,781
1,4,1,9,786
1,4,1,10,810
1,4,1,11,779
1,4,1,12,802
1,4,1,13,833
1,4,1,14,804
1,4,1,15,799
1,4,1,16,795
1,4,1,17,785
1,4,1,18,810
1,4,1,19,809
1,4,1,20,792
1,4,1,21,804
1,4,1,22,783
1,4,1,23,811
1,4,1,24,813
1,4,1,25,789
1,4,1,26,818
1,4,1,27,811
1,4,1,28,816
1,4,1,29,829
1,4,1,30,795
1,4,1,31,817
1,3,1,0,756
1,3,1,1,781
1,3,1,2,770
1,3,1,3,776
1,3,1,4,782
1,3,1,5,776
1,3,1,6,755
1,3,1,7,766
1,3,1,8,766
1,3,1,9,752
1,3,1,10,770
1,3,1,11,762
1,3,1,12,763
1,3,1,13,783
1,3,1,14,756
1,3,1,15,763
1,3,1,16,774
1,3,1,17,771
1,3,1,18,762
1,3,1,19,769
1,3,1,20,757
1,3,1,21,777
1,3,1,22,752
1,3,1,23,756
1,3,1,24,761
1,3,1,25,737
1,3,1,26,763
1,3,1,27,762
1,3,1,28,764
1,3,1,29,774
1,3,1,30,772
1,3,1,31,754
1,2,1,0,759
1,2,1,1,774
1,2,1,2,789
1,2,1,3,776
1,2,1,4,762
1,2,1,5,785
1,2,1,6,762
1,2,1,7,770
1,2,1,8,760
1,2,1,9,751
1,2,1,10,767
1,2,1,11,781
1,2,1,12,773
1,2,1,13,790
1,2,1,14,744
1,2,1,15,771
1,2,1,16,788
1,2,1,17,775
1,2,1,18,776
1,2,1,19,759
1,2,1,20,794
1,2,1,21,769
1,2,1,22,776
1,2,1,23,782
1,2,1,24,777
1,2,1,25,783
1,2,1,26,770
1,2,1,27,780
1,2,1,28,768
1,2,1,29,805
1,2,1,30,754
1,2,1,31,764
1,1,1,0,781
1,1,1,1,791
1,1,1,2,793
1,1,1,3,807
1,1,1,4,816
1,1,1,5,824
1,1,1,6,781
1,1,1,7,806
1,1,1,8,806
1,1,1,9,788
1,1,1,10,823
1,1,1,11,787
1,1,1,12,802
1,1,1,13,834
1,1,1,14,800
1,1,1,15,805
1,1,1,16,815
1,1,1,17,809
1,1,1,18,805
1,1,1,19,793
1,1,1,20,786
1,1,1,21,823
1,1,1,22,787
1,1,1,23,817
1,1,1,24,822
1,1,1,25,796
1,1,1,26,825
1,1,1,27,805
1,1,1,28,796
1,1,1,29,836
1,1,1,30,787
1,1,1,31,811
1,0,1,0,812
1,0,1,1,793
1,0,1,2,831
1,0,1,3,812
1,0,1,4,814
1,0,1,5,818
1,0,1,6,791
1,0,1,7,796
1,0,1,8,800
1,0,1,9,795
1,0,1,10,799
1,0,1,11,797
1,0,1,12,794
1,0,1,13,823
1,0,1,14,778
1,0,1,15,810
1,0,1,16,789
1,0,1,17,791
1,0,1,18,806
1,0,1,19,791
1,0,1,20,779
1,0,1,21,820
1,0,1,22,789
1,0,1,23,794
1,0,1,24,805
1,0,1,25,788
1,0,1,26,810
1,0,1,27,796
1,0,1,28,784
1,0,1,29,798
1,0,1,30,803
1,0,1,31,794
1,0,2,0,786
1,0,2,1,789
1,0,2,2,767
1,0,2,3,779
1,0,2,4,796
1,0,2,5,783
1,0,2,6,801
1,0,2,7,800
1,0,2,8,789
1,0,2,9,795
1,0,2,10,797
1,0,2,11,805
1,0,2,12,781
1,0,2,13,831
1,0,2,14,798
1,0,2,15,826
1,0,2,16,818
1,0,2,17,788
1,0,2,18,816
1,0,2,19,810
1,0,2,20,797
1,0,2,21,841
1,0,2,22,789
1,0,2,23,795
1,0,2,24,787
1,0,2,25,792
1,0,2,26,779
1,0,2,27,798
1,0,2,28,794
1,0,2,29,815
1,0,2,30,791
1,0,2,31,830
1,1,2,0,796
1,1,2,1,798
1,1,2,2,798
1,1,2,3,806
1,1,2,4,804
1,1,2,5,827
1,1,2,6,814
1,1,2,7,826
1,1,2,8,817
1,1,2,9,807
1,1,2,10,832
1,1,2,11,809
1,1,2,12,791
1,1,2,13,821
1,1,2,14,789
1,1,2,15,825
1,1,2,16,809
1,1,2,17,803
1,1,2,18,836
1,1,2,19,799
1,1,2,20,815
1,1,2,21,834
1,1,2,22,810
1,1,2,23,830
1,1,2,24,824
1,1,2,25,799
1,1,2,26,816
1,1,2,27,809
1,1,2,28,827
1,1,2,29,833
1,1,2,30,797
1,1,2,31,841
1,2,2,0,742
1,2,2,1,784
1,2,2,2,771
1,2,2,3,787
1,2,2,4,786
1,2,2,5,771
1,2,2,6,768
1,2,2,7,765
1,2,2,8,770
1,2,2,9,779
1,2,2,10,797
1,2,2,11,777
1,2,2,12,764
1,2,2,13,773
1,2,2,14,765
1,2,2,15,760
1,2,2,16,781
1,2,2,17,761
1,2,2,18,779
1,2,2,19,778
1,2,2,20,781
1,2,2,21,766
1,2,2,22,766
1,2,2,23,792
1,2,2,24,773
1,2,2,25,765
1,2,2,26,780
1,2,2,27,760
1,2,2,28,743
1,2,2,29,779
1,2,2,30,761
1,2,2,31,768
1,3,2,0,752
1,3,2,1,803
1,3,2,2,775
1,3,2,3,778
1,3,2,4,780
1,3,2,5,757
1,3,2,6,755
1,3,2,7,754
1,3,2,8,758
1,3,2,9,745
1,3,2,10,749
1,3,2,11,758
1,3,2,12,748
1,3,2,13,780
1,3,2,14,749
1,3,2,15,769
1,3,2,16,769
1,3,2,17,758
1,3,2,18,759
1,3,2,19,751
1,3,2,20,750
1,3,2,21,771
1,3,2,22,750
1,3,2,23,754
1,3,2,24,760
1,3,2,25,752
1,3,2,26,757
1,3,2,27,756
1,3,2,28,752
1,3,2,29,767
1,3,2,30,750
1,3,2,31,756
1,4,2,0,814
1,4,2,1,802
1,4,2,2,811
1,4,2,3,818
1,4,2,4,803
1,4,2,5,811
1,4,2,6,786
1,4,2,7,810
1,4,2,8,820
1,4,2,9,792
1,4,2,10,808
1,4,2,11,794
1,4,2,12,802
1,4,2,13,813
1,4,2,14,791
1,4,2,15,814
1,4,2,16,800
1,4,2,17,801
1,4,2,18,829
1,4,2,19,810
1,4,2,20,812
1,4,2,21,850
1,4,2,22,809
1,4,2,23,819
1,4,2,24,810
1,4,2,25,802
1,4,2,26,816
1,4,2,27,806
1,4,2,28,819
1,4,2,29,835
1,4,2,30,800
1,4,2,31,827
1,4,3,0,813
1,4,3,1,776
1,4,3,2,815
1,4,3,3,782
1,4,3,4,789
1,4,3,5,836
1,4,3,6,805
1,4,3,7,796
1,4,3,8,818
1,4,3,9,798
1,4,3,10,817
1,4,3,11,816
1,4,3,12,801
1,4,3,13,822
1,4,3,14,787
1,4,3,15,808
1,4,3,16,816
1,4,3,17,789
1,4,3,18,815
1,4,3,19,785
1,4,3,20,824
1,4,3,21,835
1,4,3,22,795
1,4,3,23,798
1,4,3,24,805
1,4,3,25,788
1,4,3,26,789
1,4,3,27,802
1,4,3,28,786
1,4,3,29,790
1,4,3,30,794
1,4,3,31,828
1,3,3,0,757
1,3,3,1,773
1,3,3,2,778
1,3,3,3,774
1,3,3,4,772
1,3,3,5,775
1,3,3,6,762
1,3,3,7,756
1,3,3,8,768
1,3,3,9,765
1,3,3,10,761
1,3,3,11,769
1,3,3,12,756
1,3,3,13,757
1,3,3,14,755
1,3,3,15,760
1,3,3,16,770
1,3,3,17,754
1,3,3,18,755
1,3,3,19,751
1,3,3,20,753
1,3,3,21,765
1,3,3,22,778
1,3,3,23,773
1,3,3,24,763
1,3,3,25,763
1,3,3,26,773
1,3,3,27,764
1,3,3,28,759
1,3,3,29,770
1,3,3,30,773
1,3,3,31,763
1,2,3,0,759
1,2,3,1,783
1,2,3,2,799
1,2,3,3,800
1,2,3,4,791
1,2,3,5,785
1,2,3,6,770
1,2,3,7,780
1,2,3,8,775
1,2,3,9,767
1,2,3,10,797
1,2,3,11,774
1,2,3,12,782
1,2,3,13,791
1,2,3,14,774
1,2,3,15,792
1,2,3,16,783
1,2,3,17,2511
1,2,3,18,794
1,2,3,19,777
1,2,3,20,761
1,2,3,21,783
1,2,3,22,768
1,2,3,23,742
1,2,3,24,774
1,2,3,25,766
1,2,3,26,782
1,2,3,27,779
1,2,3,28,775
1,2,3,29,787
1,2,3,30,764
1,2,3,31,770
1,1,3,0,784
1,1,3,1,804
1,1,3,2,828
1,1,3,3,805
1,1,3,4,808
1,1,3,5,814
1,1,3,6,798
1,1,3,7,845
1,1,3,8,833
1,1,3,9,783
1,1,3,10,825
1,1,3,11,805
1,1,3,12,789
1,1,3,13,830
1,1,3,14,816
1,1,3,15,835
1,1,3,16,811
1,1,3,17,836
1,1,3,18,836
1,1,3,19,814
1,1,3,20,816
1,1,3,21,829
1,1,3,22,806
1,1,3,23,829
1,1,3,24,819
1,1,3,25,807
1,1,3,26,837
1,1,3,27,802
1,1,3,28,810
1,1,3,29,814
1,1,3,30,804
1,1,3,31,824
1,0,3,0,816
1,0,3,1,788
1,0,3,2,813
1,0,3,3,809
1,0,3,4,828
1,0,3,5,842
1,0,3,6,789
1,0,3,7,788
1,0,3,8,805
1,0,3,9,790
1,0,3,10,822
1,0,3,11,803
1,0,3,12,793
1,0,3,13,822
1,0,3,14,800
1,0,3,15,806
1,0,3,16,791
1,0,3,17,780
1,0,3,18,810
1,0,3,19,786
1,0,3,20,791
1,0,3,21,824
1,0,3,22,789
1,0,3,23,817
1,0,3,24,799
1,0,3,25,798
1,0,3,26,814
1,0,3,27,803
1,0,3,28,796
1,0,3,29,830
1,0,3,30,799
1,0,3,31,800
1,0,4,0,799
1,0,4,1,790
1,0,4,2,815
1,0,4,3,791
1,0,4,4,802
1,0,4,5,817
1,0,4,6,794
1,0,4,7,817
1,0,4,8,817
1,0,4,9,792
1,0,4,10,811
1,0,4,11,803
1,0,4,12,805
1,0,4,13,831
1,0,4,14,790
1,0,4,15,832
1,0,4,16,818
1,0,4,17,807
1,0,4,18,815
1,0,4,19,796
1,0,4,20,805
1,0,4,21,841
1,0,4,22,782
1,0,4,23,830
1,0,4,24,801
1,0,4,25,785
1,0,4,26,806
1,0,4,27,781
1,0,4,28,814
1,0,4,29,842
1,0,4,30,787
1,0,4,31,817
1,1,4,0,778
1,1,4,1,802
1,1,4,2,826
1,1,4,3,809
1,1,4,4,834
1,1,4,5,830
1,1,4,6,809
1,1,4,7,817
1,1,4,8,806
1,1,4,9,810
1,1,4,10,814
1,1,4,11,786
1,1,4,12,799
1,1,4,13,828
1,1,4,14,800
1,1,4,15,841
1,1,4,16,803
1,1,4,17,794
1,1,4,18,825
1,1,4,19,821
1,1,4,20,821
1,1,4,21,824
1,1,4,22,795
1,1,4,23,806
1,1,4,24,812
1,1,4,25,797
1,1,4,26,844
1,1,4,27,801
1,1,4,28,798
1,1,4,29,814
1,1,4,30,788
1,1,4,31,868
1,2,4,0,790
1,2,4,1,765
1,2,4,2,785
1,2,4,3,794
1,2,4,4,777
1,2,4,5,782
1,2,4,6,759
1,2,4,7,771
1,2,4,8,776
1,2,4,9,774
1,2,4,10,767
1,2,4,11,774
1,2,4,12,769
1,2,4,13,767
1,2,4,14,757
1,2,4,15,751
1,2,4,16,777
1,2,4,17,753
1,2,4,18,770
1,2,4,19,771
1,2,4,20,770
1,2,4,21,772
1,2,4,22,755
1,2,4,23,762
1,2,4,24,765
1,2,4,25,782
1,2,4,26,785
1,2,4,27,772
1,2,4,28,774
1,2,4,29,792
1,2,4,30,754
1,2,4,31,785
1,3,4,0,753
1,3,4,1,774
1,3,4,2,773
1,3,4,3,784
1,3,4,4,771
1,3,4,5,744
1,3,4,6,754
1,3,4,7,752
1,3,4,8,770
1,3,4,9,750
1,3,4,10,748
1,3,4,11,768
1,3,4,12,750
1,3,4,13,756
1,3,4,14,765
1,3,4,15,736
1,3,4,16,774
1,3,4,17,757
1,3,4,18,767
1,3,4,19,749
1,3,4,20,754
1,3,4,21,775
1,3,4,22,759
1,3,4,23,748
1,3,4,24,764
1,3,4,25,738
1,3,4,26,766
1,3,4,27,772
1,3,4,28,757
1,3,4,29,758
1,3,4,30,738
1,3,4,31,754
1,4,4,0,782
1,4,4,1,797
1,4,4,2,802
1,4,4,3,813
1,4,4,4,822
1,4,4,5,833
1,4,4,6,797
1,4,4,7,798
1,4,4,8,788
1,4,4,9,787
1,4,4,10,821
1,4,4,11,828
1,4,4,12,784
1,4,4,13,802
1,4,4,14,784
1,4,4,15,796
1,4,4,16,793
1,4,4,17,808
1,4,4,18,803
1,4,4,19,794
1,4,4,20,811
1,4,4,21,841
1,4,4,22,800
1,4,4,23,798
1,4,4,24,798
1,4,4,25,808
1,4,4,26,797
1,4,4,27,809
1,4,4,28,792
1,4,4,29,808
1,4,4,30,796
1,4,4,31,794
1,4,5,0,783
1,4,5,1,759
1,4,5,2,781
1,4,5,3,782
1,4,5,4,786
1,4,5,5,804
1,4,5,6,778
1,4,5,7,787
1,4,5,8,801
1,4,5,9,791
1,4,5,10,831
1,4,5,11,814
1,4,5,12,782
1,4,5,13,815
1,4,5,14,797
1,4,5,15,825
1,4,5,16,822
1,4,5,17,815
1,4,5,18,822
1,4,5,19,797
1,4,5,20,810
1,4,5,21,825
1,4,5,22,812
1,4,5,23,804
1,4,5,24,799
1,4,5,25,784
1,4,5,26,801
1,4,5,27,796
1,4,5,28,820
1,4,5,29,801
1,4,5,30,800
1,4,5,31,809
1,3,5,0,750
1,3,5,1,761
1,3,5,2,782
1,3,5,3,790
1,3,5,4,799
1,3,5,5,767
1,3,5,6,767
1,3,5,7,757
1,3,5,8,773
1,3,5,9,760
1,3,5,10,767
1,3,5,11,760
1,3,5,12,767
1,3,5,13,775
1,3,5,14,737
1,3,5,15,747
1,3,5,16,767
1,3,5,17,764
1,3,5,18,767
1,3,5,19,760
1,3,5,20,768
1,3,5,21,765
1,3,5,22,746
1,3,5,23,749
1,3,5,24,765
1,3,5,25,763
1,3,5,26,769
1,3,5,27,757
1,3,5,28,762
1,3,5,29,765
1,3,5,30,751
1,3,5,31,760
1,2,5,0,758
1,2,5,1,777
1,2,5,2,785
1,2,5,3,785
1,2,5,4,785
1,2,5,5,776
1,2,5,6,768
1,2,5,7,764
1,2,5,8,775
1,2,5,9,760
1,2,5,10,788
1,2,5,11,778
1,2,5,12,770
1,2,5,13,781
1,2,5,14,761
1,2,5,15,792
1,2,5,16,783
1,2,5,17,766
1,2,5,18,787
1,2,5,19,774
1,2,5,20,772
1,2,5,21,822
1,2,5,22,763
1,2,5,23,786
1,2,5,24,781
1,2,5,25,771
1,2,5,26,774
1,2,5,27,776
1,2,5,28,778
1,2,5,29,781
1,2,5,30,757
1,2,5,31,772
1,1,5,0,814
1,1,5,1,805
1,1,5,2,817
1,1,5,3,797
1,1,5,4,829
1,1,5,5,817
1,1,5,6,795
1,1,5,7,815
1,1,5,8,817
1,1,5,9,802
1,1,5,10,833
1,1,5,11,805
1,1,5,12,812
1,1,5,13,829
1,1,5,14,781
1,1,5,15,833
1,1,5,16,818
1,1,5,17,798
1,1,5,18,854
1,1,5,19,814
1,1,5,20,837
1,1,5,21,851
1,1,5,22,805
1,1,5,23,803
1,1,5,24,820
1,1,5,25,802
1,1,5,26,845
1,1,5,27,808
1,1,5,28,809
1,1,5,29,832
1,1,5,30,806
1,1,5,31,810
1,0,5,0,798
1,0,5,1,803
1,0,5,2,807
1,0,5,3,804
1,0,5,4,827
1,0,5,5,827
1,0,5,6,795
1,0,5,7,825
1,0,5,8,813
1,0,5,9,784
1,0,5,10,823
1,0,5,11,825
1,0,5,12,805
1,0,5,13,824
1,0,5,14,791
1,0,5,15,819
1,0,5,16,807
1,0,5,17,787
1,0,5,18,794
1,0,5,19,772
1,0,5,20,807
1,0,5,21,808
1,0,5,22,795
1,0,5,23,794
1,0,5,24,833
1,0,5,25,823
1,0,5,26,831
1,0,5,27,785
1,0,5,28,797
1,0,5,29,834
1,0,5,30,776
1,0,5,31,805
1,0,6,0,774
1,0,6,1,792
1,0,6,2,804
1,0,6,3,803
1,0,6,4,821
1,0,6,5,847
1,0,6,6,799
1,0,6,7,806
1,0,6,8,801
1,0,6,9,797
1,0,6,10,806
1,0,6,11,807
1,0,6,12,792
1,0,6,13,817
1,0,6,14,777
1,0,6,15,821
1,0,6,16,806
1,0,6,17,794
1,0,6,18,828
1,0,6,19,787
1,0,6,20,826
1,0,6,21,859
1,0,6,22,799
1,0,6,23,796
1,0,6,24,812
1,0,6,25,802
1,0,6,26,821
1,0,6,27,787
1,0,6,28,811
1,0,6,29,822
1,0,6,30,797
1,0,6,31,848
1,1,6,0,770
1,1,6,1,814
1,1,6,2,803
1,1,6,3,809
1,1,6,4,797
1,1,6,5,831
1,1,6,6,813
1,1,6,7,797
1,1,6,8,791
1,1,6,9,784
1,1,6,10,827
1,1,6,11,802
1,1,6,12,808
1,1,6,13,853
1,1,6,14,802
1,1,6,15,823
1,1,6,16,809
1,1,6,17,818
1,1,6,18,842
1,1,6,19,810
1,1,6,20,809
1,1,6,21,830
1,1,6,22,825
1,1,6,23,837
1,1,6,24,821
1,1,6,25,794
1,1,6,26,843
1,1,6,27,802
1,1,6,28,799
1,1,6,29,830
1,1,6,30,800
1,1,6,31,849
1,2,6,0,760
1,2,6,1,764
1,2,6,2,801
1,2,6,3,789
1,2,6,4,778
1,2,6,5,769
1,2,6,6,762
1,2,6,7,764
1,2,6,8,775
1,2,6,9,760
1,2,6,10,796
1,2,6,11,767
1,2,6,12,776
1,2,6,13,781
1,2,6,14,768
1,2,6,15,763
1,2,6,16,791
1,2,6,17,764
1,2,6,18,773
1,2,6,19,778
1,2,6,20,767
1,2,6,21,790
1,2,6,22,766
1,2,6,23,777
1,2,6,24,788
1,2,6,25,765
1,2,6,26,798
1,2,6,27,772
1,2,6,28,755
1,2,6,29,778
1,2,6,30,767
1,2,6,31,794
1,3,6,0,766
1,3,6,1,787
1,3,6,2,792
1,3,6,3,776
1,3,6,4,794
1,3,6,5,743
1,3,6,6,763
1,3,6,7,759
1,3,6,8,751
1,3,6,9,744
1,3,6,10,773
1,3,6,11,770
1,3,6,12,756
1,3,6,13,766
1,3,6,14,758
1,3,6,15,760
1,3,6,16,763
1,3,6,17,768
1,3,6,18,771
1,3,6,19,766
1,3,6,20,756
1,3,6,21,769
1,3,6,22,777
1,3,6,23,752
1,3,6,24,741
1,3,6,25,766
1,3,6,26,803
1,3,6,27,752
1,3,6,28,765
1,3,6,29,770
1,3,6,30,770
1,3,6,31,756
1,4,6,0,785
1,4,6,1,792
1,4,6,2,825
1,4,6,3,820
1,4,6,4,839
1,4,6,5,827
1,4,6,6,782
1,4,6,7,789
1,4,6,8,816
1,4,6,9,790
1,4,6,10,815
1,4,6,11,814
1,4,6,12,812
1,4,6,13,823
1,4,6,14,807
1,4,6,15,816
1,4,6,16,816
1,4,6,17,805
1,4,6,18,819
1,4,6,19,794
1,4,6,20,811
1,4,6,21,854
1,4,6,22,797
1,4,6,23,793
1,4,6,24,804
1,4,6,25,798
1,4,6,26,837
1,4,6,27,794
1,4,6,28,809
1,4,6,29,834
1,4,6,30,785
1,4,6,31,838
1,4,7,0,783
1,4,7,1,783
1,4,7,2,785
1,4,7,3,794
1,4,7,4,801
1,4,7,5,839
1,4,7,6,796
1,4,7,7,794
1,4,7,8,798
1,4,7,9,793
1,4,7,10,824
1,4,7,11,815
1,4,7,12,796
1,4,7,13,820
1,4,7,14,803
1,4,7,15,807
1,4,7,16,801
1,4,7,17,798
1,4,7,18,817
1,4,7,19,824
1,4,7,20,788
1,4,7,21,835
1,4,7,22,812
1,4,7,23,787
1,4,7,24,815
1,4,7,25,796
1,4,7,26,805
1,4,7,27,819
1,4,7,28,800
1,4,7,29,806
1,4,7,30,798
1,4,7,31,850
1,3,7,0,753
1,3,7,1,778
1,3,7,2,787
1,3,7,3,780
1,3,7,4,764
1,3,7,5,752
1,3,7,6,762
1,3,7,7,755
1,3,7,8,773
1,3,7,9,753
1,3,7,10,773
1,3,7,11,770
1,3,7,12,768
1,3,7,13,776
1,3,7,14,756
1,3,7,15,743
1,3,7,16,773
1,3,7,17,761
1,3,7,18,770
1,3,7,19,775
1,3,7,20,752
1,3,7,21,776
1,3,7,22,772
1,3,7,23,749
1,3,7,24,770
1,3,7,25,761
1,3,7,26,774
1,3,7,27,754
1,3,7,28,748
1,3,7,29,769
1,3,7,30,754
1,3,7,31,760
1,2,7,0,772
1,2,7,1,782
1,2,7,2,788
1,2,7,3,774
1,2,7,4,791
1,2,7,5,762
1,2,7,6,776
1,2,7,7,769
1,2,7,8,783
1,2,7,9,754
1,2,7,10,763
1,2,7,11,767
1,2,7,12,769
1,2,7,13,800
1,2,7,14,764
1,2,7,15,771
1,2,7,16,775
1,2,7,17,757
1,2,7,18,768
1,2,7,19,764
1,2,7,20,775
1,2,7,21,789
1,2,7,22,760
1,2,7,23,772
1,2,7,24,766
1,2,7,25,765
1,2,7,26,767
1,2,7,27,774
1,2,7,28,787
1,2,7,29,787
1,2,7,30,774
1,2,7,31,790
1,1,7,0,789
1,1,7,1,799
1,1,7,2,816
1,1,7,3,813
1,1,7,4,802
1,1,7,5,797
1,1,7,6,796
1,1,7,7,799
1,1,7,8,798
1,1,7,9,795
1,1,7,10,836
1,1,7,11,806
1,1,7,12,808
1,1,7,13,847
1,1,7,14,816
1,1,7,15,833
1,1,7,16,805
1,1,7,17,826
1,1,7,18,800
1,1,7,19,804
1,1,7,20,831
1,1,7,21,859
1,1,7,22,819
1,1,7,23,839
1,1,7,24,794
1,1,7,25,795
1,1,7,26,808
1,1,7,27,791
1,1,7,28,806
1,1,7,29,848
1,1,7,30,801
1,1,7,31,838
1,0,7,0,809
1,0,7,1,811
1,0,7,2,822
1,0,7,3,816
1,0,7,4,797
1,0,7,5,834
1,0,7,6,800
1,0,7,7,801
1,0,7,8,803
1,0,7,9,789
1,0,7,10,814
1,0,7,11,804
1,0,7,12,771
1,0,7,13,826
1,0,7,14,796
1,0,7,15,818
1,0,7,16,823
1,0,7,17,779
1,0,7,18,829
1,0,7,19,796
1,0,7,20,820
1,0,7,21,841
1,0,7,22,792
1,0,7,23,810
1,0,7,24,809
1,0,7,25,803
1,0,7,26,830
1,0,7,27,802
1,0,7,28,821
1,0,7,29,819
1,0,7,30,795
1,0,7,31,828
2,0,0,0,59332
2,0,0,1,58898
2,0,0,2,58546
2,0,0,3,58519
2,0,0,4,58679
2,0,0,5,58836
2,0,0,6,58936
2,0,0,7,58403
2,0,0,8,59116
2,0,0,9,58566
2,0,0,10,58790
2,0,0,11,58892
2,0,0,12,58687
2,0,0,13,59353
2,0,0,14,59073
2,0,0,15,59006
2,0,0,16,58785
2,0,0,17,57968
2,0,0,18,58507
2,0,0,19,58996
2,0,0,20,58748
2,0,0,21,58695
2,0,0,22,58832
2,0,0,23,58849
2,0,0,24,58577
2,0,0,25,58978
2,0,0,26,60006
2,0,0,27,58632
2,0,0,28,58620
2,0,0,29,58809
2,0,0,30,58760
2,0,0,31,58521
2,1,0,0,59196
2,1,0,1,58668
2,1,0,2,59100
2,1,0,3,58604
2,1,0,4,58672
2,1,0,5,60028
2,1,0,6,66283
2,1,0,7,58841
2,1,0,8,58523
2,1,0,9,59370
2,1,0,10,58531
2,1,0,11,59155
2,1,0,12,58608
2,1,0,13,58869
2,1,0,14,58654
2,1,0,15,58855
2,1,0,16,58650
2,1,0,17,58734
2,1,0,18,58855
2,1,0,19,58396
2,1,0,20,58637
2,1,0,21,58485
2,1,0,22,58783
2,1,0,23,58731
2,1,0,24,58828
2,1,0,25,59163
2,1,0,26,58854
2,1,0,27,58930
2,1,0,28,59205
2,1,0,29,58716
2,1,0,30,58842
2,1,0,31,58876
2,2,0,0,59174
2,2,0,1,58595
2,2,0,2,58827
2,2,0,3,58484
2,2,0,4,59043
2,2,0,5,58635
2,2,0,6,58294
2,2,0,7,59056
2,2,0,8,58961
2,2,0,9,58800
2,2,0,10,58863
2,2,0,11,58551
2,2,0,12,58735
2,2,0,13,58620
2,2,0,14,58287
2,2,0,15,58625
2,2,0,16,58803
2,2,0,17,58864
2,2,0,18,58532
2,2,0,19,58894
2,2,0,20,59117
2,2,0,21,58596
2,2,0,22,58658
2,2,0,23,58597
2,2,0,24,59617
2,2,0,25,57753
2,2,0,26,58221
2,2,0,27,59092
2,2,0,28,58945
2,2,0,29,59010
2,2,0,30,58674
2,2,0,31,58207
2,3,0,0,58388
2,3,0,1,59171
2,3,0,2,59099
2,3,0,3,58676
2,3,0,4,59033
2,3,0,5,58639
2,3,0,6,58423
2,3,0,7,58893
2,3,0,8,58692
2,3,0,9,58302
2,3,0,10,58378
2,3,0,11,58666
2,3,0,12,58167
2,3,0,13,58504
2,3,0,14,58828
2,3,0,15,58964
2,3,0,16,58520
2,3,0,17,58919
2,3,0,18,58885
2,3,0,19,58663
2,3,0,20,58586
2,3,0,21,58627
2,3,0,22,58860
2,3,0,23,59072
2,3,0,24,58586
2,3,0,25,59154
2,3,0,26,58388
2,3,0,27,59146
2,3,0,28,58677
2,3,0,29,58508
2,3,0,30,58596
2,3,0,31,58803
2,4,0,0,58681
2,4,0,1,58660
2,4,0,2,59254
2,4,0,3,59170
2,4,0,4,59059
2,4,0,5,58881
2,4,0,6,58630
2,4,0,7,59882
2,4,0,8,58674
2,4,0,9,58657
2,4,0,10,58442
2,4,0,11,58487
2,4,0,12,59855
2,4,0,13,58870
2,4,0,14,58534
2,4,0,15,58812
2,4,0,16,58422
2,4,0,17,58651
2,4,0,18,58431
2,4,0,19,58736
2,4,0,20,57985
2,4,0,21,58987
2,4,0,22,58194
2,4,0,23,58531
2,4,0,24,58945
2,4,0,25,58414
2,4,0,26,58786
2,4,0,27,58640
2,4,0,28,58396
2,4,0,29,59050
2,4,0,30,58428
2,4,0,31,58790
2,4,1,0,58464
2,4,1,1,58507
2,4,1,2,58721
2,4,1,3,58390
2,4,1,4,59113
2,4,1,5,58990
2,4,1,6,58763
2,4,1,7,58792
2,4,1,8,58586
2,4,1,9,58531
2,4,1,10,58634
2,4,1,11,58830
2,4,1,12,59526
2,4,1,13,58964
2,4,1,14,58926
2,4,1,15,58524
2,4,1,16,58929
2,4,1,17,58670
2,4,1,18,58323
2,4,1,19,58843
2,4,1,20,58582
2,4,1,21,58686
2,4,1,22,58391
2,4,1,23,58571
2,4,1,24,58928
2,4,1,25,58525
2,4,1,26,59795
2,4,1,27,58868
2,4,1,28,58827
2,4,1,29,58548
2,4,1,30,58682
2,4,1,31,59348
2,3,1,0,58823
2,3,1,1,59014
2,3,1,2,59296
2,3,1,3,58302
2,3,1,4,58460
2,3,1,5,58962
2,3,1,6,59035
2,3,1,7,58760
2,3,1,8,58670
2,3,1,9,59055
2,3,1,10,59168
2,3,1,11,58444
2,3,1,12,58497
2,3,1,13,58395
2,3,1,14,58465
2,3,1,15,58569
2,3,1,16,59367
2,3,1,17,59145
2,3,1,18,58948
2,3,1,19,58692
2,3,1,20,58222
2,3,1,21,58647
2,3,1,22,58818
2,3,1,23,58784
2,3,1,24,58786
2,3,1,25,58870
2,3,1,26,58852
2,3,1,27,58527
2,3,1,28,59266
2,3,1,29,58772
2,3,1,30,58898
2,3,1,31,59101
2,2,1,0,58591
2,2,1,1,58515
2,2,1,2,58420
2,2,1,3,58780
2,2,1,4,58405
2,2,1,5,59178
2,2,1,6,58409
2,2,1,7,59010
2,2,1,8,58601
2,2,1,9,59397
2,2,1,10,58473
2,2,1,11,58926
2,2,1,12,58268
2,2,1,13,58304
2,2,1,14,59089
2,2,1,15,58424
2,2,1,16,58561
2,2,1,17,58220
2,2,1,18,59191
2,2,1,19,58623
2,2,1,20,58981
2,2,1,21,58632
2,2,1,22,59155
2,2,1,23,58208
2,2,1,24,58812
2,2,1,25,59010
2,2,1,26,58470
2,2,1,27,58759
2,2,1,28,58914
2,2,1,29,58582
2,2,1,30,58742
2,2,1,31,58922
2,1,1,0,58589
2,1,1,1,59949
2,1,1,2,59085
2,1,1,3,58503
2,1,1,4,58900
2,1,1,5,58904
2,1,1,6,58785
2,1,1,7,58683
2,1,1,8,58592
2,1,1,9,58676
2,1,1,10,58480
2,1,1,11,58663
2,1,1,12,58614
2,1,1,13,58784
2,1,1,14,58750
2,1,1,15,58648
2,1,1,16,59070
2,1,1,17,58782
2,1,1,18,58717
2,1,1,19,58685
2,1,1,20,58294
2,1,1,21,59319
2,1,1,22,58456
2,1,1,23,58303
2,1,1,24,58772
2,1,1,25,59154
2,1,1,26,58473
2,1,1,27,59112
2,1,1,28,59248
2,1,1,29,59768
2,1,1,30,58496
2,1,1,31,58781
2,0,1,0,58966
2,0,1,1,58517
2,0,1,2,58582
2,0,1,3,59584
2,0,1,4,58530
2,0,1,5,58133
2,0,1,6,58926
2,0,1,7,58292
2,0,1,8,58600
2,0,1,9,58745
2,0,1,10,58649
2,0,1,11,59739
2,0,1,12,58243
2,0,1,13,58789
2,0,1,14,58636
2,0,1,15,58947
2,0,1,16,58916
2,0,1,17,58786
2,0,1,18,58571
2,0,1,19,58284
2,0,1,20,58958
2,0,1,21,58616
2,0,1,22,58407
2,0,1,23,58700
2,0,1,24,58263
2,0,1,25,58568
2,0,1,26,58442
2,0,1,27,58612
2,0,1,28,59098
2,0,1,29,58486
2,0,1,30,58517
2,0,1,31,58729
2,0,2,0,58614
2,0,2,1,58280
2,0,2,2,58899
2,0,2,3,59487
2,0,2,4,58420
2,0,2,5,58264
2,0,2,6,59231
2,0,2,7,58897
2,0,2,8,58926
2,0,2,9,58603
2,0,2,10,58470
2,0,2,11,58358
2,0,2,12,59799
2,0,2,13,58622
2,0,2,14,59002
2,0,2,15,58381
2,0,2,16,58984
2,0,2,17,58648
2,0,2,18,58585
2,0,2,19,58619
2,0,2,20,58648
2,0,2,21,58670
2,0,2,22,58644
2,0,2,23,58380
2,0,2,24,59096
2,0,2,25,61932
2,0,2,26,58587
2,0,2,27,58997
2,0,2,28,58736
2,0,2,29,58670
2,0,2,30,58532
2,0,2,31,59082
2,1,2,0,59132
2,1,2,1,58585
2,1,2,2,58982
2,1,2,3,59010
2,1,2,4,59318
2,1,2,5,58854
2,1,2,6,58390
2,1,2,7,58909
2,1,2,8,58695
2,1,2,9,59184
2,1,2,10,58725
2,1,2,11,59304
2,1,2,12,58847
2,1,2,13,59004
2,1,2,14,59025
2,1,2,15,58593
2,1,2,16,60297
2,1,2,17,60035
2,1,2,18,58429
2,1,2,19,58506
2,1,2,20,59319
2,1,2,21,58783
2,1,2,22,58442
2,1,2,23,58571
2,1,2,24,58508
2,1,2,25,58720
2,1,2,26,58435
2,1,2,27,58942
2,1,2,28,58777
2,1,2,29,58466
2,1,2,30,58596
2,1,2,31,59286
2,2,2,0,58302
2,2,2,1,58697
2,2,2,2,59116
2,2,2,3,58914
2,2,2,4,58354
2,2,2,5,59168
2,2,2,6,58347
2,2,2,7,58556
2,2,2,8,58499
2,2,2,9,58931
2,2,2,10,59111
2,2,2,11,58298
2,2,2,12,58687
2,2,2,13,58654
2,2,2,14,58419
2,2,2,15,58387
2,2,2,16,58993
2,2,2,17,58314
2,2,2,18,59414
2,2,2,19,58423
2,2,2,20,58839
2,2,2,21,58620
2,2,2,22,58399
2,2,2,23,59314
2,2,2,24,61905
2,2,2,25,58846
2,2,2,26,58439
2,2,2,27,58392
2,2,2,28,58237
2,2,2,29,58543
2,2,2,30,58414
2,2,2,31,58818
2,3,2,0,58787
2,3,2,1,58428
2,3,2,2,59052
2,3,2,3,58964
2,3,2,4,58746
2,3,2,5,58677
2,3,2,6,58939
2,3,2,7,58613
2,3,2,8,59497
2,3,2,9,58685
2,3,2,10,57849
2,3,2,11,58484
2,3,2,12,58920
2,3,2,13,59032
2,3,2,14,58347
2,3,2,15,59098
2,3,2,16,58968
2,3,2,17,58661
2,3,2,18,58749
2,3,2,19,58882
2,3,2,20,59118
2,3,2,21,59102
2,3,2,22,58819
2,3,2,23,58284
2,3,2,24,58304
2,3,2,25,58542
2,3,2,26,58923
2,3,2,27,58655
2,3,2,28,58686
2,3,2,29,58710
2,3,2,30,58600
2,3,2,31,62782
2,4,2,0,58594
2,4,2,1,58878
2,4,2,2,58784
2,4,2,3,58383
2,4,2,4,58831
2,4,2,5,58542
2,4,2,6,59894
2,4,2,7,58879
2,4,2,8,58516
2,4,2,9,58941
2,4,2,10,58567
2,4,2,11,59011
2,4,2,12,59142
2,4,2,13,58454
2,4,2,14,58258
2,4,2,15,58505
2,4,2,16,59168
2,4,2,17,58316
2,4,2,18,59133
2,4,2,19,58539
2,4,2,20,58305
2,4,2,21,58733
2,4,2,22,58213
2,4,2,23,58508
2,4,2,24,58510
2,4,2,25,58547
2,4,2,26,58227
2,4,2,27,59012
2,4,2,28,58772
2,4,2,29,58617
2,4,2,30,58944
2,4,2,31,58759
2,4,3,0,58865
2,4,3,1,58904
2,4,3,2,58202
2,4,3,3,58955
2,4,3,4,58614
2,4,3,5,58048
2,4,3,6,58798
2,4,3,7,58541
2,4,3,8,58531
2,4,3,9,59050
2,4,3,10,58767
2,4,3,11,58766
2,4,3,12,60039
2,4,3,13,58681
2,4,3,14,58561
2,4,3,15,58412
2,4,3,16,61810
2,4,3,17,58591
2,4,3,18,58569
2,4,3,19,58347
2,4,3,20,58779
2,4,3,21,58946
2,4,3,22,59133
2,4,3,23,58250
2,4,3,24,58603
2,4,3,25,59011
2,4,3,26,58664
2,4,3,27,58875
2,4,3,28,58786
2,4,3,29,58640
2,4,3,30,58564
2,4,3,31,58702
2,3,3,0,58458
2,3,3,1,58928
2,3,3,2,69558
2,3,3,3,58377
2,3,3,4,58657
2,3,3,5,58280
2,3,3,6,58695
2,3,3,7,58186
2,3,3,8,58830
2,3,3,9,58961
2,3,3,10,58672
2,3,3,11,58715
2,3,3,12,59147
2,3,3,13,58976
2,3,3,14,58975
2,3,3,15,58625
2,3,3,16,58683
2,3,3,17,59535
2,3,3,18,58424
2,3,3,19,58720
2,3,3,20,58901
2,3,3,21,58639
2,3,3,22,58911
2,3,3,23,58212
2,3,3,24,58496
2,3,3,25,58753
2,3,3,26,58792
2,3,3,27,58903
2,3,3,28,58903
2,3,3,29,58368
2,3,3,30,69564
2,3,3,31,59093
2,2,3,0,58841
2,2,3,1,58708
2,2,3,2,58823
2,2,3,3,58669
2,2,3,4,58758
2,2,3,5,58712
2,2,3,6,58890
2,2,3,7,58693
2,2,3,8,59378
2,2,3,9,58786
2,2,3,10,58429
2,2,3,11,59001
2,2,3,12,58833
2,2,3,13,58430
2,2,3,14,58266
2,2,3,15,58862
2,2,3,16,59078
2,2,3,17,58763
2,2,3,18,59016
2,2,3,19,58716
2,2,3,20,58778
2,2,3,21,58903
2,2,3,22,58709
2,2,3,23,58792
2,2,3,24,58470
2,2,3,25,58762
2,2,3,26,58508
2,2,3,27,58981
2,2,3,28,58377
2,2,3,29,58800
2,2,3,30,59638
2,2,3,31,58560
2,1,3,0,59454
2,1,3,1,58375
2,1,3,2,59016
2,1,3,3,58673
2,1,3,4,58511
2,1,3,5,59124
2,1,3,6,58931
2,1,3,7,57707
2,1,3,8,58692
2,1,3,9,58872
2,1,3,10,58362
2,1,3,11,59171
2,1,3,12,58591
2,1,3,13,59228
2,1,3,14,58692
2,1,3,15,59111
2,1,3,16,59347
2,1,3,17,58389
2,1,3,18,58993
2,1,3,19,58709
2,1,3,20,59018
2,1,3,21,59363
2,1,3,22,58528
2,1,3,23,58749
2,1,3,24,59300
2,1,3,25,58521
2,1,3,26,58934
2,1,3,27,58044
2,1,3,28,58629
2,1,3,29,58550
2,1,3,30,59256
2,1,3,31,58802
2,0,3,0,58549
2,0,3,1,58790
2,0,3,2,59004
2,0,3,3,58735
2,0,3,4,58919
2,0,3,5,58826
2,0,3,6,59052
2,0,3,7,69207
2,0,3,8,58883
2,0,3,9,58421
2,0,3,10,58412
2,0,3,11,58113
2,0,3,12,58994
2,0,3,13,58572
2,0,3,14,58524
2,0,3,15,58912
2,0,3,16,59421
2,0,3,17,58865
2,0,3,18,58725
2,0,3,19,59280
2,0,3,20,58454
2,0,3,21,58349
2,0,3,22,58693
2,0,3,23,59085
2,0,3,24,58388
2,0,3,25,58846
2,0,3,26,58652
2,0,3,27,59007
2,0,3,28,59012
2,0,3,29,58996
2,0,3,30,58762
2,0,3,31,58973
2,0,4,0,58729
2,0,4,1,58566
2,0,4,2,58825
2,0,4,3,58981
2,0,4,4,59293
2,0,4,5,58775
2,0,4,6,58403
2,0,4,7,58911
2,0,4,8,58862
2,0,4,9,58305
2,0,4,10,58436
2,0,4,11,58594
2,0,4,12,58548
2,0,4,13,58595
2,0,4,14,59035
2,0,4,15,59564
2,0,4,16,58790
2,0,4,17,58669
2,0,4,18,58611
2,0,4,19,58551
2,0,4,20,58099
2,0,4,21,58550
2,0,4,22,58370
2,0,4,23,58738
2,0,4,24,59118
2,0,4,25,58744
2,0,4,26,58740
2,0,4,27,58417
2,0,4,28,58134
2,0,4,29,59003
2,0,4,30,58857
2,0,4,31,59230
2,1,4,0,58714
2,1,4,1,58739
2,1,4,2,58909
2,1,4,3,58695
2,1,4,4,58400
2,1,4,5,59010
2,1,4,6,58848
2,1,4,7,58595
2,1,4,8,58818
2,1,4,9,58735
2,1,4,10,58800
2,1,4,11,58572
2,1,4,12,59006
2,1,4,13,58299
2,1,4,14,58212
2,1,4,15,59068
2,1,4,16,58533
2,1,4,17,58233
2,1,4,18,58725
2,1,4,19,58422
2,1,4,20,69799
2,1,4,21,58565
2,1,4,22,58827
2,1,4,23,59253
2,1,4,24,59265
2,1,4,25,58616
2,1,4,26,58721
2,1,4,27,58735
2,1,4,28,58767
2,1,4,29,58341
2,1,4,30,59700
2,1,4,31,58422
2,2,4,0,58639
2,2,4,1,58883
2,2,4,2,58976
2,2,4,3,58747
2,2,4,4,58917
2,2,4,5,58594
2,2,4,6,58732
2,2,4,7,58305
2,2,4,8,58814
2,2,4,9,58097
2,2,4,10,58647
2,2,4,11,58654
2,2,4,12,58387
2,2,4,13,58775
2,2,4,14,58775
2,2,4,15,58560
2,2,4,16,58788
2,2,4,17,58357
2,2,4,18,58817
2,2,4,19,58123
2,2,4,20,58662
2,2,4,21,58985
2,2,4,22,59261
2,2,4,23,58783
2,2,4,24,58912
2,2,4,25,58649
2,2,4,26,58222
2,2,4,27,58943
2,2,4,28,58608
2,2,4,29,58691
2,2,4,30,59348
2,2,4,31,58713
2,3,4,0,58682
2,3,4,1,59177
2,3,4,2,58765
2,3,4,3,59045
2,3,4,4,58711
2,3,4,5,58760
2,3,4,6,58896
2,3,4,7,59314
2,3,4,8,58701
2,3,4,9,58798
2,3,4,10,58569
2,3,4,11,59091
2,3,4,12,58278
2,3,4,13,59443
2,3,4,14,58453
2,3,4,15,59054
2,3,4,16,58531
2,3,4,17,59329
2,3,4,18,59431
2,3,4,19,58710
2,3,4,20,58268
2,3,4,21,58663
2,3,4,22,58403
2,3,4,23,59321
2,3,4,24,59451
2,3,4,25,59005
2,3,4,26,58847
2,3,4,27,58713
2,3,4,28,58303
2,3,4,29,59570
2,3,4,30,58535
2,3,4,31,58828
2,4,4,0,58986
2,4,4,1,58517
2,4,4,2,58303
2,4,4,3,58326
2,4,4,4,59446
2,4,4,5,59202
2,4,4,6,58423
2,4,4,7,58499
2,4,4,8,58574
2,4,4,9,58685
2,4,4,10,58762
2,4,4,11,58449
2,4,4,12,59002
2,4,4,13,58425
2,4,4,14,58414
2,4,4,15,58677
2,4,4,16,58713
2,4,4,17,58739
2,4,4,18,58772
2,4,4,19,58902
2,4,4,20,58802
2,4,4,21,58815
2,4,4,22,58529
2,4,4,23,58589
2,4,4,24,58964
2,4,4,25,58682
2,4,4,26,58480
2,4,4,27,58507
2,4,4,28,58452
2,4,4,29,58921
2,4,4,30,59126
2,4,4,31,58595
2,4,5,0,58633
2,4,5,1,58979
2,4,5,2,58704
2,4,5,3,64588
2,4,5,4,62108
2,4,5,5,59255
2,4,5,6,80676
2,4,5,7,58795
2,4,5,8,58671
2,4,5,9,59949
2,4,5,10,58530
2,4,5,11,58853
2,4,5,12,58401
2,4,5,13,58105
2,4,5,14,58888
2,4,5,15,58747
2,4,5,16,59138
2,4,5,17,69784
2,4,5,18,58959
2,4,5,19,58627
2,4,5,20,58765
2,4,5,21,58913
2,4,5,22,58176
2,4,5,23,60584
2,4,5,24,58747
2,4,5,25,62662
2,4,5,26,58477
2,4,5,27,58633
2,4,5,28,58686
2,4,5,29,58577
2,4,5,30,59016
2,4,5,31,58989
2,3,5,0,58669
2,3,5,1,58545
2,3,5,2,58667
2,3,5,3,58873
2,3,5,4,58506
2,3,5,5,59049
2,3,5,6,59301
2,3,5,7,58352
2,3,5,8,60009
2,3,5,9,70281
2,3,5,10,58641
2,3,5,11,58610
2,3,5,12,58651
2,3,5,13,58858
2,3,5,14,60062
2,3,5,15,58510
2,3,5,16,59241
2,3,5,17,61651
2,3,5,18,58794
2,3,5,19,58749
2,3,5,20,58598
2,3,5,21,58719
2,3,5,22,58653
2,3,5,23,58583
2,3,5,24,58846
2,3,5,25,57970
2,3,5,26,58520
2,3,5,27,58508
2,3,5,28,58822
2,3,5,29,58819
2,3,5,30,58697
2,3,5,31,58831
2,2,5,0,58809
2,2,5,1,58594
2,2,5,2,58765
2,2,5,3,58853
2,2,5,4,58711
2,2,5,5,58550
2,2,5,6,59602
2,2,5,7,58846
2,2,5,8,58487
2,2,5,9,58552
2,2,5,10,58659
2,2,5,11,58737
2,2,5,12,59006
2,2,5,13,59010
2,2,5,14,59409
2,2,5,15,58382
2,2,5,16,58642
2,2,5,17,59044
2,2,5,18,58294
2,2,5,19,58569
2,2,5,20,59483
2,2,5,21,59222
2,2,5,22,58752
2,2,5,23,58355
2,2,5,24,58518
2,2,5,25,59004
2,2,5,26,58399
2,2,5,27,58266
2,2,5,28,58691
2,2,5,29,58676
2,2,5,30,58340
2,2,5,31,58849
2,1,5,0,58747
2,1,5,1,59018
2,1,5,2,58637
2,1,5,3,58741
2,1,5,4,58674
2,1,5,5,58950
2,1,5,6,58585
2,1,5,7,58550
2,1,5,8,58802
2,1,5,9,58444
2,1,5,10,58735
2,1,5,11,58582
2,1,5,12,58612
2,1,5,13,58395
2,1,5,14,59434
2,1,5,15,58993
2,1,5,16,58719
2,1,5,17,58604
2,1,5,18,58823
2,1,5,19,58909
2,1,5,20,58968
2,1,5,21,58925
2,1,5,22,69507
2,1,5,23,58251
2,1,5,24,58654
2,1,5,25,59302
2,1,5,26,59446
2,1,5,27,58509
2,1,5,28,59120
2,1,5,29,58256
2,1,5,30,62267
2,1,5,31,59049
2,0,5,0,58563
2,0,5,1,59432
2,0,5,2,58876
2,0,5,3,58592
2,0,5,4,59735
2,0,5,5,58937
2,0,5,6,59105
2,0,5,7,58733
2,0,5,8,59158
2,0,5,9,58475
2,0,5,10,58269
2,0,5,11,58610
2,0,5,12,58677
2,0,5,13,58867
2,0,5,14,58851
2,0,5,15,58281
2,0,5,16,59134
2,0,5,17,59139
2,0,5,18,58716
2,0,5,19,58739
2,0,5,20,59125
2,0,5,21,58490
2,0,5,22,58699
2,0,5,23,59127
2,0,5,24,58536
2,0,5,25,58490
2,0,5,26,59087
2,0,5,27,58791
2,0,5,28,58719
2,0,5,29,58752
2,0,5,30,58793
2,0,5,31,58674
2,0,6,0,58610
2,0,6,1,58504
2,0,6,2,58921
2,0,6,3,58496
2,0,6,4,59269
2,0,6,5,58700
2,0,6,6,59157
2,0,6,7,58620
2,0,6,8,59653
2,0,6,9,58825
2,0,6,10,59221
2,0,6,11,58953
2,0,6,12,58605
2,0,6,13,58812
2,0,6,14,59007
2,0,6,15,58854
2,0,6,16,58569
2,0,6,17,58685
2,0,6,18,58380
2,0,6,19,58721
2,0,6,20,58401
2,0,6,21,58666
2,0,6,22,58916
2,0,6,23,58527
2,0,6,24,58860
2,0,6,25,58425
2,0,6,26,58196
2,0,6,27,58454
2,0,6,28,58878
2,0,6,29,58915
2,0,6,30,58108
2,0,6,31,58580
2,1,6,0,59097
2,1,6,1,59630
2,1,6,2,58293
2,1,6,3,58401
2,1,6,4,58537
2,1,6,5,59358
2,1,6,6,58669
2,1,6,7,58578
2,1,6,8,58863
2,1,6,9,58641
2,1,6,10,58552
2,1,6,11,58833
2,1,6,12,58695
2,1,6,13,59362
2,1,6,14,58903
2,1,6,15,58514
2,1,6,16,58406
2,1,6,17,58735
2,1,6,18,58410
2,1,6,19,58850
2,1,6,20,59040
2,1,6,21,58898
2,1,6,22,58556
2,1,6,23,58643
2,1,6,24,58923
2,1,6,25,58940
2,1,6,26,58729
2,1,6,27,59315
2,1,6,28,58683
2,1,6,29,58480
2,1,6,30,58668
2,1,6,31,58597
2,2,6,0,92686
2,2,6,1,72873
2,2,6,2,58619
2,2,6,3,58863
2,2,6,4,59302
2,2,6,5,58787
2,2,6,6,58873
2,2,6,7,58609
2,2,6,8,58828
2,2,6,9,58431
2,2,6,10,58525
2,2,6,11,58842
2,2,6,12,58800
2,2,6,13,58299
2,2,6,14,58776
2,2,6,15,58958
2,2,6,16,58519
2,2,6,17,59438
2,2,6,18,59425
2,2,6,19,58707
2,2,6,20,58760
2,2,6,21,58533
2,2,6,22,58962
2,2,6,23,58825
2,2,6,24,58641
2,2,6,25,58949
2,2,6,26,58474
2,2,6,27,62391
2,2,6,28,58693
2,2,6,29,58672
2,2,6,30,58919
2,2,6,31,58748
2,3,6,0,59273
2,3,6,1,58401
2,3,6,2,58886
2,3,6,3,58243
2,3,6,4,58499
2,3,6,5,58918
2,3,6,6,59195
2,3,6,7,58466
2,3,6,8,58434
2,3,6,9,59270
2,3,6,10,58750
2,3,6,11,58728
2,3,6,12,58503
2,3,6,13,59101
2,3,6,14,58424
2,3,6,15,58545
2,3,6,16,58772
2,3,6,17,58349
2,3,6,18,58672
2,3,6,19,59539
2,3,6,20,58662
2,3,6,21,58723
2,3,6,22,58860
2,3,6,23,58348
2,3,6,24,59117
2,3,6,25,58273
2,3,6,26,58539
2,3,6,27,58482
2,3,6,28,58447
2,3,6,29,58662
2,3,6,30,58297
2,3,6,31,58435
2,4,6,0,58563
2,4,6,1,59713
2,4,6,2,58593
2,4,6,3,69461
2,4,6,4,58710
2,4,6,5,58504
2,4,6,6,58462
2,4,6,7,59008
2,4,6,8,58575
2,4,6,9,58681
2,4,6,10,58999
2,4,6,11,59603
2,4,6,12,58656
2,4,6,13,58407
2,4,6,14,58755
2,4,6,15,58800
2,4,6,16,58399
2,4,6,17,58472
2,4,6,18,58605
2,4,6,19,58521
2,4,6,20,58455
2,4,6,21,58708
2,4,6,22,58454
2,4,6,23,58662
2,4,6,24,58515
2,4,6,25,58446
2,4,6,26,58493
2,4,6,27,58826
2,4,6,28,58613
2,4,6,29,58662
2,4,6,30,58225
2,4,6,31,58877
2,4,7,0,58353
2,4,7,1,58988
2,4,7,2,58645
2,4,7,3,58840
2,4,7,4,58727
2,4,7,5,58892
2,4,7,6,59202
2,4,7,7,59176
2,4,7,8,59067
2,4,7,9,58940
2,4,7,10,59312
2,4,7,11,58782
2,4,7,12,59032
2,4,7,13,58869
2,4,7,14,58705
2,4,7,15,58552
2,4,7,16,58951
2,4,7,17,58829
2,4,7,18,58186
2,4,7,19,58465
2,4,7,20,59619
2,4,7,21,59123
2,4,7,22,58367
2,4,7,23,58466
2,4,7,24,58756
2,4,7,25,58717
2,4,7,26,58573
2,4,7,27,58438
2,4,7,28,58883
2,4,7,29,58546
2,4,7,30,58900
2,4,7,31,59044
2,3,7,0,58648
2,3,7,1,58420
2,3,7,2,58864
2,3,7,3,58965
2,3,7,4,58848
2,3,7,5,58992
2,3,7,6,58683
2,3,7,7,58835
2,3,7,8,58953
2,3,7,9,58933
2,3,7,10,58758
2,3,7,11,58809
2,3,7,12,59483
2,3,7,13,59124
2,3,7,14,58797
2,3,7,15,58528
2,3,7,16,58963
2,3,7,17,58006
2,3,7,18,58661
2,3,7,19,59542
2,3,7,20,58659
2,3,7,21,58374
2,3,7,22,59256
2,3,7,23,59109
2,3,7,24,58878
2,3,7,25,58953
2,3,7,26,58743
2,3,7,27,58930
2,3,7,28,59099
2,3,7,29,58482
2,3,7,30,58346
2,3,7,31,58469
2,2,7,0,58748
2,2,7,1,58895
2,2,7,2,58820
2,2,7,3,58985
2,2,7,4,58329
2,2,7,5,59095
2,2,7,6,58701
2,2,7,7,58908
2,2,7,8,58222
2,2,7,9,58442
2,2,7,10,58874
2,2,7,11,58488
2,2,7,12,59517
2,2,7,13,58787
2,2,7,14,58776
2,2,7,15,58380
2,2,7,16,58531
2,2,7,17,58547
2,2,7,18,58578
2,2,7,19,58456
2,2,7,20,58942
2,2,7,21,59341
2,2,7,22,58860
2,2,7,23,58553
2,2,7,24,58594
2,2,7,25,58641
2,2,7,26,58374
2,2,7,27,59062
2,2,7,28,59015
2,2,7,29,58597
2,2,7,30,58742
2,2,7,31,59916
2,1,7,0,58635
2,1,7,1,59086
2,1,7,2,58600
2,1,7,3,58896
2,1,7,4,59119
2,1,7,5,58688
2,1,7,6,58719
2,1,7,7,58532
2,1,7,8,59172
2,1,7,9,58540
2,1,7,10,58857
2,1,7,11,58748
2,1,7,12,58906
2,1,7,13,58758
2,1,7,14,58582
2,1,7,15,58666
2,1,7,16,58597
2,1,7,17,58483
2,1,7,18,58380
2,1,7,19,58627
2,1,7,20,58913
2,1,7,21,58522
2,1,7,22,59436
2,1,7,23,58625
2,1,7,24,58662
2,1,7,25,59377
2,1,7,26,58502
2,1,7,27,58381
2,1,7,28,58630
2,1,7,29,58960
2,1,7,30,58405
2,1,7,31,58593
2,0,7,0,58648
2,0,7,1,58549
2,0,7,2,58901
2,0,7,3,61649
2,0,7,4,58491
2,0,7,5,58803
2,0,7,6,58351
2,0,7,7,58609
2,0,7,8,58881
2,0,7,9,59110
2,0,7,10,58603
2,0,7,11,58535
2,0,7,12,58461
2,0,7,13,58434
2,0,7,14,59278
2,0,7,15,58979
2,0,7,16,58524
2,0,7,17,58464
2,0,7,18,59088
2,0,7,19,58452
2,0,7,20,58564
2,0,7,21,69742
2,0,7,22,58569
2,0,7,23,59239
2,0,7,24,58667
2,0,7,25,58819
2,0,7,26,58809
2,0,7,27,59122
2,0,7,28,58091
2,0,7,29,58535
2,0,7,30,58672
2,0,7,31,58622
3,0,0,0,27935
3,0,0,1,28170
3,0,0,2,27930
3,0,0,3,27961
3,0,0,4,27971
3,0,0,5,27821
3,0,0,6,27955
3,0,0,7,28344
3,0,0,8,28217
3,0,0,9,28095
3,0,0,10,27938
3,0,0,11,28179
3,0,0,12,27963
3,0,0,13,27940
3,0,0,14,28042
3,0,0,15,28061
3,0,0,16,28087
3,0,0,17,27929
3,0,0,18,27828
3,0,0,19,28015
3,0,0,20,28738
3,0,0,21,27946
3,0,0,22,28040
3,0,0,23,27943
3,0,0,24,28084
3,0,0,25,28244
3,0,0,26,27881
3,0,0,27,27913
3,0,0,28,27873
3,0,0,29,27851
3,0,0,30,28140
3,0,0,31,28207
3,1,0,0,28364
3,1,0,1,28286
3,1,0,2,27926
3,1,0,3,27979
3,1,0,4,27862
3,1,0,5,27811
3,1,0,6,27954
3,1,0,7,27818
3,1,0,8,27939
3,1,0,9,27980
3,1,0,10,27865
3,1,0,11,27921
3,1,0,12,28016
3,1,0,13,27874
3,1,0,14,28164
3,1,0,15,27987
3,1,0,16,28198
3,1,0,17,28312
3,1,0,18,28365
3,1,0,19,27991
3,1,0,20,27891
3,1,0,21,27855
3,1,0,22,28220
3,1,0,23,27983
3,1,0,24,27948
3,1,0,25,28025
3,1,0,26,27861
3,1,0,27,27970
3,1,0,28,28051
3,1,0,29,28455
3,1,0,30,27980
3,1,0,31,28037
3,2,0,0,27919
3,2,0,1,27869
3,2,0,2,27866
3,2,0,3,27974
3,2,0,4,27883
3,2,0,5,27818
3,2,0,6,28131
3,2,0,7,28134
3,2,0,8,28062
3,2,0,9,27908
3,2,0,10,27896
3,2,0,11,27954
3,2,0,12,27816
3,2,0,13,27944
3,2,0,14,28540
3,2,0,15,28477
3,2,0,16,28041
3,2,0,17,27919
3,2,0,18,27810
3,2,0,19,27850
3,2,0,20,27850
3,2,0,21,27953
3,2,0,22,27875
3,2,0,23,27971
3,2,0,24,27918
3,2,0,25,27826
3,2,0,26,27882
3,2,0,27,27932
3,2,0,28,27958
3,2,0,29,27986
3,2,0,30,28074
3,2,0,31,28010
3,3,0,0,27849
3,3,0,1,28115
3,3,0,2,27981
3,3,0,3,28099
3,3,0,4,27787
3,3,0,5,28004
3,3,0,6,27857
3,3,0,7,27908
3,3,0,8,27797
3,3,0,9,27882
3,3,0,10,27940
3,3,0,11,27993
3,3,0,12,28001
3,3,0,13,28009
3,3,0,14,27921
3,3,0,15,27931
3,3,0,16,27862
3,3,0,17,27961
3,3,0,18,27949
3,3,0,19,28101
3,3,0,20,27850
3,3,0,21,27914
3,3,0,22,27779
3,3,0,23,27903
3,3,0,24,28175
3,3,0,25,27910
3,3,0,26,28036
3,3,0,27,28155
3,3,0,28,28349
3,3,0,29,28056
3,3,0,30,27932
3,3,0,31,28006
3,4,0,0,27994
3,4,0,1,28280
3,4,0,2,27877
3,4,0,3,28161
3,4,0,4,27937
3,4,0,5,28062
3,4,0,6,28281
3,4,0,7,28038
3,4,0,8,28643
3,4,0,9,27917
3,4,0,10,27881
3,4,0,11,27818
3,4,0,12,28023
3,4,0,13,28173
3,4,0,14,28135
3,4,0,15,28339
3,4,0,16,28107
3,4,0,17,28042
3,4,0,18,28041
3,4,0,19,28058
3,4,0,20,28063
3,4,0,21,28033
3,4,0,22,31704
3,4,0,23,28187
3,4,0,24,28018
3,4,0,25,28408
3,4,0,26,28385
3,4,0,27,28005
3,4,0,28,28415
3,4,0,29,28199
3,4,0,30,28258
3,4,0,31,28222
3,4,1,0,27949
3,4,1,1,27899
3,4,1,2,28009
3,4,1,3,27894
3,4,1,4,28085
3,4,1,5,28300
3,4,1,6,28418
3,4,1,7,28314
3,4,1,8,28331
3,4,1,9,28071
3,4,1,10,28063
3,4,1,11,28107
3,4,1,12,27898
3,4,1,13,28341
3,4,1,14,28149
3,4,1,15,28132
3,4,1,16,27977
3,4,1,17,28063
3,4,1,18,28024
3,4,1,19,27916
3,4,1,20,28005
3,4,1,21,28455
3,4,1,22,28089
3,4,1,23,28414
3,4,1,24,27966
3,4,1,25,28093
3,4,1,26,27861
3,4,1,27,28124
3,4,1,28,27984
3,4,1,29,27951
3,4,1,30,28364
3,4,1,31,27891
3,3,1,0,27807
3,3,1,1,27932
3,3,1,2,28441
3,3,1,3,28525
3,3,1,4,27842
3,3,1,5,27742
3,3,1,6,27908
3,3,1,7,27859
3,3,1,8,27837
3,3,1,9,27934
3,3,1,10,28335
3,3,1,11,27904
3,3,1,12,27821
3,3,1,13,28331
3,3,1,14,28183
3,3,1,15,28371
3,3,1,16,28287
3,3,1,17,28366
3,3,1,18,28556
3,3,1,19,28467
3,3,1,20,28345
3,3,1,21,28430
3,3,1,22,28452
3,3,1,23,28371
3,3,1,24,28313
3,3,1,25,28415
3,3,1,26,28359
3,3,1,27,28339
3,3,1,28,28282
3,3,1,29,28447
3,3,1,30,27945
3,3,1,31,28533
3,2,1,0,28312
3,2,1,1,28366
3,2,1,2,28392
3,2,1,3,27854
3,2,1,4,27981
3,2,1,5,27867
3,2,1,6,27971
3,2,1,7,27751
3,2,1,8,27826
3,2,1,9,27867
3,2,1,10,27895
3,2,1,11,28031
3,2,1,12,28017
3,2,1,13,27881
3,2,1,14,27854
3,2,1,15,27757
3,2,1,16,27875
3,2,1,17,28360
3,2,1,18,27991
3,2,1,19,27925
3,2,1,20,28090
3,2,1,21,27935
3,2,1,22,28088
3,2,1,23,27977
3,2,1,24,28092
3,2,1,25,27895
3,2,1,26,28001
3,2,1,27,28100
3,2,1,28,28028
3,2,1,29,28283
3,2,1,30,28171
3,2,1,31,28264
3,1,1,0,28456
3,1,1,1,27992
3,1,1,2,28113
3,1,1,3,27912
3,1,1,4,27991
3,1,1,5,27862
3,1,1,6,28066
3,1,1,7,28002
3,1,1,8,27917
3,1,1,9,27939
3,1,1,10,27972
3,1,1,11,27920
3,1,1,12,27869
3,1,1,13,27886
3,1,1,14,27901
3,1,1,15,28218
3,1,1,16,28132
3,1,1,17,27887
3,1,1,18,27999
3,1,1,19,28017
3,1,1,20,27991
3,1,1,21,28034
3,1,1,22,27945
3,1,1,23,28010
3,1,1,24,28106
3,1,1,25,27947
3,1,1,26,28173
3,1,1,27,27983
3,1,1,28,28035
3,1,1,29,27946
3,1,1,30,27899
3,1,1,31,27868
3,0,1,0,27860
3,0,1,1,27880
3,0,1,2,28007
3,0,1,3,28082
3,0,1,4,27917
3,0,1,5,28080
3,0,1,6,28041
3,0,1,7,27878
3,0,1,8,28013
3,0,1,9,27927
3,0,1,10,27994
3,0,1,11,28369
3,0,1,12,27876
3,0,1,13,27890
3,0,1,14,28044
3,0,1,15,28312
3,0,1,16,27928
3,0,1,17,28271
3,0,1,18,27963
3,0,1,19,27836
3,0,1,20,27916
3,0,1,21,27866
3,0,1,22,28091
3,0,1,23,27832
3,0,1,24,28051
3,0,1,25,27913
3,0,1,26,27938
3,0,1,27,28727
3,0,1,28,28404
3,0,1,29,28395
3,0,1,30,27978
3,0,1,31,28463
3,0,2,0,27913
3,0,2,1,27973
3,0,2,2,28323
3,0,2,3,27859
3,0,2,4,27897
3,0,2,5,28040
3,0,2,6,28068
3,0,2,7,28430
3,0,2,8,28021
3,0,2,9,27938
3,0,2,10,27813
3,0,2,11,27908
3,0,2,12,27821
3,0,2,13,28086
3,0,2,14,27963
3,0,2,15,27970
3,0,2,16,27958
3,0,2,17,28190
3,0,2,18,28025
3,0,2,19,28111
3,0,2,20,27957
3,0,2,21,27882
3,0,2,22,27888
3,0,2,23,28105
3,0,2,24,27929
3,0,2,25,27886
3,0,2,26,28049
3,0,2,27,27847
3,0,2,28,28254
3,0,2,29,28400
3,0,2,30,27911
3,0,2,31,28053
3,1,2,0,28281
3,1,2,1,27975
3,1,2,2,27945
3,1,2,3,27968
3,1,2,4,28039
3,1,2,5,28179
3,1,2,6,28476
3,1,2,7,28400
3,1,2,8,28399
3,1,2,9,28376
3,1,2,10,28272
3,1,2,11,28135
3,1,2,12,27913
3,1,2,13,27891
3,1,2,14,28132
3,1,2,15,28277
3,1,2,16,27920
3,1,2,17,28142
3,1,2,18,27907
3,1,2,19,28170
3,1,2,20,27806
3,1,2,21,28781
3,1,2,22,27954
3,1,2,23,28351
3,1,2,24,28365
3,1,2,25,28197
3,1,2,26,28189
3,1,2,27,28069
3,1,2,28,27971
3,1,2,29,28012
3,1,2,30,28136
3,1,2,31,28054
3,2,2,0,27818
3,2,2,1,27858
3,2,2,2,27769
3,2,2,3,27810
3,2,2,4,28221
3,2,2,5,27907
3,2,2,6,27998
3,2,2,7,27789
3,2,2,8,28030
3,2,2,9,27909
3,2,2,10,27865
3,2,2,11,28165
3,2,2,12,28251
3,2,2,13,27862
3,2,2,14,28152
3,2,2,15,27911
3,2,2,16,28020
3,2,2,17,28114
3,2,2,18,27879
3,2,2,19,27929
3,2,2,20,28075
3,2,2,21,28126
3,2,2,22,27952
3,2,2,23,27948
3,2,2,24,27840
3,2,2,25,27945
3,2,2,26,28335
3,2,2,27,28013
3,2,2,28,27875
3,2,2,29,27968
3,2,2,30,28094
3,2,2,31,28094
3,3,2,0,28231
3,3,2,1,27874
3,3,2,2,27906
3,3,2,3,27944
3,3,2,4,28159
3,3,2,5,27873
3,3,2,6,28143
3,3,2,7,27933
3,3,2,8,28282
3,3,2,9,27831
3,3,2,10,27895
3,3,2,11,28150
3,3,2,12,28075
3,3,2,13,27929
3,3,2,14,27853
3,3,2,15,28714
3,3,2,16,28589
3,3,2,17,28405
3,3,2,18,28324
3,3,2,19,28382
3,3,2,20,28484
3,3,2,21,28418
3,3,2,22,28459
3,3,2,23,28361
3,3,2,24,28318
3,3,2,25,27868
3,3,2,26,28351
3,3,2,27,27841
3,3,2,28,28543
3,3,2,29,28002
3,3,2,30,27949
3,3,2,31,27979
3,4,2,0,27843
3,4,2,1,28348
3,4,2,2,27795
3,4,2,3,27985
3,4,2,4,28059
3,4,2,5,28138
3,4,2,6,27997
3,4,2,7,27856
3,4,2,8,27905
3,4,2,9,28316
3,4,2,10,28179
3,4,2,11,28303
3,4,2,12,27959
3,4,2,13,28251
3,4,2,14,28453
3,4,2,15,28176
3,4,2,16,28066
3,4,2,17,27916
3,4,2,18,28035
3,4,2,19,28273
3,4,2,20,28094
3,4,2,21,27924
3,4,2,22,27996
3,4,2,23,27840
3,4,2,24,28341
3,4,2,25,28317
3,4,2,26,28158
3,4,2,27,28231
3,4,2,28,27855
3,4,2,29,28074
3,4,2,30,28080
3,4,2,31,28071
3,4,3,0,27875
3,4,3,1,28053
3,4,3,2,28017
3,4,3,3,28011
3,4,3,4,27944
3,4,3,5,27965
3,4,3,6,28154
3,4,3,7,28145
3,4,3,8,28098
3,4,3,9,28561
3,4,3,10,28502
3,4,3,11,28055
3,4,3,12,28062
3,4,3,13,27893
3,4,3,14,28187
3,4,3,15,28130
3,4,3,16,28402
3,4,3,17,28267
3,4,3,18,28411
3,4,3,19,28399
3,4,3,20,28360
3,4,3,21,28493
3,4,3,22,28319
3,4,3,23,28300
3,4,3,24,28234
3,4,3,25,28287
3,4,3,26,28383
3,4,3,27,28404
3,4,3,28,28322
3,4,3,29,28336
3,4,3,30,28137
3,4,3,31,28345
3,3,3,0,28219
3,3,3,1,28024
3,3,3,2,27864
3,3,3,3,27917
3,3,3,4,27997
3,3,3,5,27940
3,3,3,6,28065
3,3,3,7,28006
3,3,3,8,27887
3,3,3,9,28002
3,3,3,10,28078
3,3,3,11,28294
3,3,3,12,27848
3,3,3,13,28117
3,3,3,14,28084
3,3,3,15,28065
3,3,3,16,28083
3,3,3,17,28004
3,3,3,18,28285
3,3,3,19,28117
3,3,3,20,27898
3,3,3,21,27887
3,3,3,22,28026
3,3,3,23,28397
3,3,3,24,27803
3,3,3,25,27969
3,3,3,26,28034
3,3,3,27,28110
3,3,3,28,28312
3,3,3,29,27991
3,3,3,30,28142
3,3,3,31,27975
3,2,3,0,27802
3,2,3,1,28292
3,2,3,2,28081
3,2,3,3,28529
3,2,3,4,27844
3,2,3,5,27898
3,2,3,6,28124
3,2,3,7,27961
3,2,3,8,27932
3,2,3,9,28060
3,2,3,10,28049
3,2,3,11,27960
3,2,3,12,27749
3,2,3,13,28149
3,2,3,14,28078
3,2,3,15,27892
3,2,3,16,27853
3,2,3,17,28048
3,2,3,18,27993
3,2,3,19,28115
3,2,3,20,27834
3,2,3,21,28532
3,2,3,22,27854
3,2,3,23,28133
3,2,3,24,28034
3,2,3,25,27918
3,2,3,26,27912
3,2,3,27,27823
3,2,3,28,27882
3,2,3,29,27834
3,2,3,30,27853
3,2,3,31,28114
3,1,3,0,27789
3,1,3,1,28004
3,1,3,2,27878
3,1,3,3,27930
3,1,3,4,27871
3,1,3,5,28362
3,1,3,6,28176
3,1,3,7,28282
3,1,3,8,28396
3,1,3,9,27924
3,1,3,10,27911
3,1,3,11,27934
3,1,3,12,27881
3,1,3,13,28169
3,1,3,14,28324
3,1,3,15,28428
3,1,3,16,28303
3,1,3,17,27905
3,1,3,18,28227
3,1,3,19,28368
3,1,3,20,28195
3,1,3,21,28155
3,1,3,22,28418
3,1,3,23,28216
3,1,3,24,28451
3,1,3,25,28425
3,1,3,26,28361
3,1,3,27,28355
3,1,3,28,28208
3,1,3,29,28324
3,1,3,30,28366
3,1,3,31,28075
3,0,3,0,27784
3,0,3,1,27921
3,0,3,2,27852
3,0,3,3,27835
3,0,3,4,28074
3,0,3,5,28198
3,0,3,6,27875
3,0,3,7,27940
3,0,3,8,27814
3,0,3,9,27919
3,0,3,10,27888
3,0,3,11,28006
3,0,3,12,28321
3,0,3,13,27984
3,0,3,14,27923
3,0,3,15,27954
3,0,3,16,27813
3,0,3,17,27955
3,0,3,18,27870
3,0,3,19,27821
3,0,3,20,28280
3,0,3,21,27960
3,0,3,22,27892
3,0,3,23,28068
3,0,3,24,27852
3,0,3,25,27950
3,0,3,26,28051
3,0,3,27,28410
3,0,3,28,28259
3,0,3,29,28416
3,0,3,30,28377
3,0,3,31,27899
3,0,4,0,28046
3,0,4,1,28100
3,0,4,2,27830
3,0,4,3,27893
3,0,4,4,27882
3,0,4,5,28326
3,0,4,6,28123
3,0,4,7,27853
3,0,4,8,28304
3,0,4,9,28295
3,0,4,10,28289
3,0,4,11,28388
3,0,4,12,28410
3,0,4,13,28384
3,0,4,14,28224
3,0,4,15,28311
3,0,4,16,28279
3,0,4,17,28313
3,0,4,18,28297
3,0,4,19,28353
3,0,4,20,28290
3,0,4,21,28293
3,0,4,22,28418
3,0,4,23,27883
3,0,4,24,27905
3,0,4,25,28501
3,0,4,26,28357
3,0,4,27,27804
3,0,4,28,28479
3,0,4,29,28051
3,0,4,30,27945
3,0,4,31,28003
3,1,4,0,28062
3,1,4,1,28065
3,1,4,2,28148
3,1,4,3,28068
3,1,4,4,27978
3,1,4,5,27965
3,1,4,6,28079
3,1,4,7,27956
3,1,4,8,27881
3,1,4,9,27943
3,1,4,10,27827
3,1,4,11,27994
3,1,4,12,27903
3,1,4,13,27975
3,1,4,14,27910
3,1,4,15,27917
3,1,4,16,27971
3,1,4,17,27900
3,1,4,18,27967
3,1,4,19,28013
3,1,4,20,27980
3,1,4,21,27910
3,1,4,22,27919
3,1,4,23,28147
3,1,4,24,28307
3,1,4,25,28364
3,1,4,26,27781
3,1,4,27,27891
3,1,4,28,27962
3,1,4,29,27986
3,1,4,30,27974
3,1,4,31,27909
3,2,4,0,27847
3,2,4,1,27904
3,2,4,2,28152
3,2,4,3,27885
3,2,4,4,27850
3,2,4,5,28043
3,2,4,6,27929
3,2,4,7,27861
3,2,4,8,27799
3,2,4,9,27835
3,2,4,10,27817
3,2,4,11,27913
3,2,4,12,27963
3,2,4,13,27800
3,2,4,14,28128
3,2,4,15,27891
3,2,4,16,28017
3,2,4,17,27945
3,2,4,18,27960
3,2,4,19,27931
3,2,4,20,27846
3,2,4,21,27896
3,2,4,22,28331
3,2,4,23,27872
3,2,4,24,27856
3,2,4,25,27934
3,2,4,26,28055
3,2,4,27,28018
3,2,4,28,28056
3,2,4,29,28086
3,2,4,30,28151
3,2,4,31,27915
3,3,4,0,28247
3,3,4,1,28033
3,3,4,2,27937
3,3,4,3,28035
3,3,4,4,27903
3,3,4,5,28115
3,3,4,6,28381
3,3,4,7,27980
3,3,4,8,28044
3,3,4,9,28121
3,3,4,10,27886
3,3,4,11,27920
3,3,4,12,28150
3,3,4,13,28227
3,3,4,14,28037
3,3,4,15,28034
3,3,4,16,27832
3,3,4,17,27905
3,3,4,18,27937
3,3,4,19,28222
3,3,4,20,27876
3,3,4,21,27861
3,3,4,22,28161
3,3,4,23,27909
3,3,4,24,28006
3,3,4,25,27894
3,3,4,26,28071
3,3,4,27,28011
3,3,4,28,28193
3,3,4,29,27885
3,3,4,30,27986
3,3,4,31,27863
3,4,4,0,28045
3,4,4,1,28349
3,4,4,2,27942
3,4,4,3,28309
3,4,4,4,28178
3,4,4,5,28072
3,4,4,6,28052
3,4,4,7,28483
3,4,4,8,28342
3,4,4,9,28343
3,4,4,10,27948
3,4,4,11,28138
3,4,4,12,27866
3,4,4,13,28162
3,4,4,14,28064
3,4,4,15,28186
3,4,4,16,28385
3,4,4,17,28991
3,4,4,18,31698
3,4,4,19,28280
3,4,4,20,28264
3,4,4,21,28325
3,4,4,22,28426
3,4,4,23,28365
3,4,4,24,28347
3,4,4,25,28413
3,4,4,26,28356
3,4,4,27,28413
3,4,4,28,28322
3,4,4,29,28540
3,4,4,30,28430
3,4,4,31,28423
3,4,5,0,27887
3,4,5,1,28151
3,4,5,2,28129
3,4,5,3,28048
3,4,5,4,28138
3,4,5,5,28051
3,4,5,6,27898
3,4,5,7,28144
3,4,5,8,28076
3,4,5,9,28136
3,4,5,10,28052
3,4,5,11,28069
3,4,5,12,27989
3,4,5,13,28058
3,4,5,14,28022
3,4,5,15,28064
3,4,5,16,27966
3,4,5,17,27967
3,4,5,18,28231
3,4,5,19,28102
3,4,5,20,28053
3,4,5,21,27969
3,4,5,22,28144
3,4,5,23,27894
3,4,5,24,28128
3,4,5,25,27901
3,4,5,26,28081
3,4,5,27,28296
3,4,5,28,27973
3,4,5,29,27923
3,4,5,30,27886
3,4,5,31,28099
3,3,5,0,27858
3,3,5,1,27956
3,3,5,2,27935
3,3,5,3,27922
3,3,5,4,28013
3,3,5,5,28145
3,3,5,6,28018
3,3,5,7,27978
3,3,5,8,28015
3,3,5,9,27841
3,3,5,10,27827
3,3,5,11,28665
3,3,5,12,28368
3,3,5,13,28404
3,3,5,14,27826
3,3,5,15,27880
3,3,5,16,27948
3,3,5,17,28156
3,3,5,18,28133
3,3,5,19,28120
3,3,5,20,28134
3,3,5,21,28213
3,3,5,22,28084
3,3,5,23,27952
3,3,5,24,28020
3,3,5,25,28112
3,3,5,26,27829
3,3,5,27,31464
3,3,5,28,36294
3,3,5,29,28436
3,3,5,30,28351
3,3,5,31,28371
3,2,5,0,27926
3,2,5,1,27721
3,2,5,2,27856
3,2,5,3,27794
3,2,5,4,27771
3,2,5,5,27803
3,2,5,6,27863
3,2,5,7,28128
3,2,5,8,27936
3,2,5,9,27885
3,2,5,10,28050
3,2,5,11,27861
3,2,5,12,28035
3,2,5,13,28046
3,2,5,14,27850
3,2,5,15,28106
3,2,5,16,27893
3,2,5,17,27963
3,2,5,18,27831
3,2,5,19,27853
3,2,5,20,28000
3,2,5,21,27846
3,2,5,22,27956
3,2,5,23,27988
3,2,5,24,27852
3,2,5,25,28014
3,2,5,26,27988
3,2,5,27,28115
3,2,5,28,28237
3,2,5,29,28081
3,2,5,30,27984
3,2,5,31,28114
3,1,5,0,27922
3,1,5,1,27914
3,1,5,2,28039
3,1,5,3,27980
3,1,5,4,28080
3,1,5,5,28648
3,1,5,6,27900
3,1,5,7,28029
3,1,5,8,27964
3,1,5,9,27966
3,1,5,10,31353
3,1,5,11,27997
3,1,5,12,27939
3,1,5,13,27968
3,1,5,14,28106
3,1,5,15,27884
3,1,5,16,27962
3,1,5,17,27877
3,1,5,18,28128
3,1,5,19,28395
3,1,5,20,27855
3,1,5,21,27897
3,1,5,22,28029
3,1,5,23,27924
3,1,5,24,27886
3,1,5,25,27982
3,1,5,26,27996
3,1,5,27,28088
3,1,5,28,28398
3,1,5,29,27978
3,1,5,30,27989
3,1,5,31,28007
3,0,5,0,27811
3,0,5,1,28100
3,0,5,2,28296
3,0,5,3,27898
3,0,5,4,27937
3,0,5,5,28413
3,0,5,6,28262
3,0,5,7,27888
3,0,5,8,28175
3,0,5,9,27928
3,0,5,10,27985
3,0,5,11,28063
3,0,5,12,28017
3,0,5,13,27947
3,0,5,14,27970
3,0,5,15,28332
3,0,5,16,28084
3,0,5,17,28217
3,0,5,18,27829
3,0,5,19,27966
3,0,5,20,27960
3,0,5,21,27870
3,0,5,22,28079
3,0,5,23,27873
3,0,5,24,27984
3,0,5,25,27867
3,0,5,26,28100
3,0,5,27,28025
3,0,5,28,27790
3,0,5,29,27840
3,0,5,30,27932
3,0,5,31,28087
3,0,6,0,28359
3,0,6,1,27953
3,0,6,2,27844
3,0,6,3,27910
3,0,6,4,27944
3,0,6,5,27940
3,0,6,6,27895
3,0,6,7,27875
3,0,6,8,27855
3,0,6,9,28452
3,0,6,10,27990
3,0,6,11,27908
3,0,6,12,27894
3,0,6,13,28240
3,0,6,14,27907
3,0,6,15,28358
3,0,6,16,27989
3,0,6,17,28097
3,0,6,18,28072
3,0,6,19,27867
3,0,6,20,28203
3,0,6,21,28302
3,0,6,22,27918
3,0,6,23,27852
3,0,6,24,27879
3,0,6,25,28034
3,0,6,26,27919
3,0,6,27,28143
3,0,6,28,27864
3,0,6,29,27972
3,0,6,30,27799
3,0,6,31,27882
3,1,6,0,27850
3,1,6,1,27985
3,1,6,2,27923
3,1,6,3,28139
3,1,6,4,27923
3,1,6,5,27902
3,1,6,6,28257
3,1,6,7,28337
3,1,6,8,27960
3,1,6,9,27988
3,1,6,10,28000
3,1,6,11,28314
3,1,6,12,27951
3,1,6,13,27990
3,1,6,14,27937
3,1,6,15,28009
3,1,6,16,28149
3,1,6,17,27926
3,1,6,18,27952
3,1,6,19,27876
3,1,6,20,27958
3,1,6,21,28103
3,1,6,22,27911
3,1,6,23,27935
3,1,6,24,27922
3,1,6,25,28017
3,1,6,26,28051
3,1,6,27,28416
3,1,6,28,28073
3,1,6,29,28288
3,1,6,30,27998
3,1,6,31,28083
3,2,6,0,27794
3,2,6,1,27895
3,2,6,2,28152
3,2,6,3,27818
3,2,6,4,28021
3,2,6,5,28085
3,2,6,6,28034
3,2,6,7,28122
3,2,6,8,27911
3,2,6,9,28132
3,2,6,10,27786
3,2,6,11,28050
3,2,6,12,27926
3,2,6,13,28049
3,2,6,14,27888
3,2,6,15,27842
3,2,6,16,28014
3,2,6,17,27978
3,2,6,18,27956
3,2,6,19,28217
3,2,6,20,27865
3,2,6,21,27839
3,2,6,22,27934
3,2,6,23,28098
3,2,6,24,27874
3,2,6,25,28409
3,2,6,26,27888
3,2,6,27,28120
3,2,6,28,27951
3,2,6,29,27843
3,2,6,30,28130
3,2,6,31,28055
3,3,6,0,27827
3,3,6,1,31457
3,3,6,2,27871
3,3,6,3,28152
3,3,6,4,28148
3,3,6,5,27797
3,3,6,6,27920
3,3,6,7,27862
3,3,6,8,27922
3,3,6,9,28090
3,3,6,10,27959
3,3,6,11,27890
3,3,6,12,27926
3,3,6,13,27965
3,3,6,14,27863
3,3,6,15,27911
3,3,6,16,28186
3,3,6,17,28070
3,3,6,18,27907
3,3,6,19,28005
3,3,6,20,27797
3,3,6,21,27863
3,3,6,22,27972
3,3,6,23,27874
3,3,6,24,28831
3,3,6,25,28482
3,3,6,26,27842
3,3,6,27,28110
3,3,6,28,27876
3,3,6,29,27887
3,3,6,30,28140
3,3,6,31,27908
3,4,6,0,27815
3,4,6,1,28214
3,4,6,2,28217
3,4,6,3,27960
3,4,6,4,28078
3,4,6,5,28433
3,4,6,6,28379
3,4,6,7,28140
3,4,6,8,28435
3,4,6,9,28310
3,4,6,10,28434
3,4,6,11,27945
3,4,6,12,27958
3,4,6,13,28096
3,4,6,14,27913
3,4,6,15,28012
3,4,6,16,27958
3,4,6,17,27986
3,4,6,18,27908
3,4,6,19,28108
3,4,6,20,28127
3,4,6,21,28208
3,4,6,22,27963
3,4,6,23,27954
3,4,6,24,27984
3,4,6,25,28060
3,4,6,26,28020
3,4,6,27,28002
3,4,6,28,27908
3,4,6,29,28107
3,4,6,30,28162
3,4,6,31,27871
3,4,7,0,27975
3,4,7,1,28119
3,4,7,2,28137
3,4,7,3,28118
3,4,7,4,27912
3,4,7,5,28127
3,4,7,6,28129
3,4,7,7,28069
3,4,7,8,28019
3,4,7,9,28162
3,4,7,10,28080
3,4,7,11,27959
3,4,7,12,28028
3,4,7,13,28299
3,4,7,14,28106
3,4,7,15,27982
3,4,7,16,27912
3,4,7,17,28126
3,4,7,18,28396
3,4,7,19,28381
3,4,7,20,28348
3,4,7,21,28234
3,4,7,22,28309
3,4,7,23,28411
3,4,7,24,28168
3,4,7,25,28396
3,4,7,26,28424
3,4,7,27,28369
3,4,7,28,28288
3,4,7,29,28353
3,4,7,30,28307
3,4,7,31,28442
3,3,7,0,27802
3,3,7,1,28131
3,3,7,2,27911
3,3,7,3,27974
3,3,7,4,27924
3,3,7,5,28021
3,3,7,6,28083
3,3,7,7,28007
3,3,7,8,28130
3,3,7,9,28026
3,3,7,10,28423
3,3,7,11,28051
3,3,7,12,28041
3,3,7,13,28225
3,3,7,14,27864
3,3,7,15,27977
3,3,7,16,28183
3,3,7,17,28258
3,3,7,18,28034
3,3,7,19,28075
3,3,7,20,27922
3,3,7,21,27992
3,3,7,22,27845
3,3,7,23,27906
3,3,7,24,27831
3,3,7,25,28126
3,3,7,26,27883
3,3,7,27,28082
3,3,7,28,27925
3,3,7,29,28046
3,3,7,30,28124
3,3,7,31,27991
3,2,7,0,27865
3,2,7,1,28080
3,2,7,2,27950
3,2,7,3,27850
3,2,7,4,27815
3,2,7,5,27964
3,2,7,6,27985
3,2,7,7,27927
3,2,7,8,28138
3,2,7,9,27879
3,2,7,10,28313
3,2,7,11,28081
3,2,7,12,28465
3,2,7,13,27925
3,2,7,14,27893
3,2,7,15,28230
3,2,7,16,27876
3,2,7,17,28056
3,2,7,18,27951
3,2,7,19,27954
3,2,7,20,27830
3,2,7,21,27876
3,2,7,22,28060
3,2,7,23,27823
3,2,7,24,27906
3,2,7,25,27961
3,2,7,26,27845
3,2,7,27,27852
3,2,7,28,27988
3,2,7,29,28097
3,2,7,30,27805
3,2,7,31,27954
3,1,7,0,27896
3,1,7,1,27936
3,1,7,2,27761
3,1,7,3,28024
3,1,7,4,27988
3,1,7,5,28158
3,1,7,6,28064
3,1,7,7,27997
3,1,7,8,27905
3,1,7,9,28066
3,1,7,10,27928
3,1,7,11,27888
3,1,7,12,28034
3,1,7,13,28025
3,1,7,14,28025
3,1,7,15,28200
3,1,7,16,27812
3,1,7,17,28012
3,1,7,18,28227
3,1,7,19,27985
3,1,7,20,27925
3,1,7,21,27927
3,1,7,22,27989
3,1,7,23,27944
3,1,7,24,27887
3,1,7,25,28500
3,1,7,26,27970
3,1,7,27,28135
3,1,7,28,27874
3,1,7,29,27924
3,1,7,30,38738
3,1,7,31,28002
3,0,7,0,27858
3,0,7,1,27922
3,0,7,2,28092
3,0,7,3,28049
3,0,7,4,28219
3,0,7,5,27954
3,0,7,6,28323
3,0,7,7,28456
3,0,7,8,28175
3,0,7,9,27871
3,0,7,10,28162
3,0,7,11,28438
3,0,7,12,28379
3,0,7,13,28401
3,0,7,14,28251
3,0,7,15,65906
3,0,7,16,28441
3,0,7,17,28373
3,0,7,18,42863
3,0,7,19,72606
3,0,7,20,27830
3,0,7,21,27880
3,0,7,22,60443
3,0,7,23,46346
3,0,7,24,28362
3,0,7,25,29082
3,0,7,26,69862
3,0,7,27,27797
3,0,7,28,27875
3,0,7,29,51852
3,0,7,30,98405
3,0,7,31,27730
4,0,0,0,73914
4,0,0,1,54353
4,0,0,2,19417
4,0,0,3,19368
4,0,0,4,19280
4,0,0,5,19668
4,0,0,6,19564
4,0,0,7,19614
4,0,0,8,19400
4,0,0,9,19487
4,0,0,10,19268
4,0,0,11,19303
4,0,0,12,19336
4,0,0,13,19247
4,0,0,14,22677
4,0,0,15,19277
4,0,0,16,19254
4,0,0,17,19302
4,0,0,18,30614
4,0,0,19,19359
4,0,0,20,19451
4,0,0,21,19349
4,0,0,22,19656
4,0,0,23,19638
4,0,0,24,19259
4,0,0,25,19301
4,0,0,26,19275
4,0,0,27,19347
4,0,0,28,19222
4,0,0,29,19305
4,0,0,30,19309
4,0,0,31,32095
4,1,0,0,19282
4,1,0,1,19608
4,1,0,2,52538
4,1,0,3,23314
4,1,0,4,19235
4,1,0,5,19513
4,1,0,6,71269
4,1,0,7,26174
4,1,0,8,19250
4,1,0,9,19432
4,1,0,10,19245
4,1,0,11,19258
4,1,0,12,19340
4,1,0,13,19230
4,1,0,14,19458
4,1,0,15,19290
4,1,0,16,19391
4,1,0,17,19226
4,1,0,18,19560
4,1,0,19,19341
4,1,0,20,19234
4,1,0,21,19222
4,1,0,22,19202
4,1,0,23,19248
4,1,0,24,46484
4,1,0,25,66989
4,1,0,26,20842
4,1,0,27,19331
4,1,0,28,19326
4,1,0,29,19340
4,1,0,30,19279
4,1,0,31,19185
4,2,0,0,19596
4,2,0,1,19320
4,2,0,2,19578
4,2,0,3,19679
4,2,0,4,19760
4,2,0,5,19287
4,2,0,6,19334
4,2,0,7,19651
4,2,0,8,19494
4,2,0,9,19364
4,2,0,10,19257
4,2,0,11,23476
4,2,0,12,19298
4,2,0,13,19362
4,2,0,14,19358
4,2,0,15,19372
4,2,0,16,19379
4,2,0,17,19395
4,2,0,18,19635
4,2,0,19,19434
4,2,0,20,19300
4,2,0,21,19354
4,2,0,22,19431
4,2,0,23,19322
4,2,0,24,19505
4,2,0,25,19324
4,2,0,26,19309
4,2,0,27,19529
4,2,0,28,19414
4,2,0,29,19328
4,2,0,30,19717
4,2,0,31,19473
4,3,0,0,19203
4,3,0,1,19237
4,3,0,2,23638
4,3,0,3,19314
4,3,0,4,19470
4,3,0,5,19365
4,3,0,6,19258
4,3,0,7,20119
4,3,0,8,19334
4,3,0,9,19303
4,3,0,10,19368
4,3,0,11,19437
4,3,0,12,19408
4,3,0,13,19262
4,3,0,14,27432
4,3,0,15,19295
4,3,0,16,19267
4,3,0,17,19244
4,3,0,18,19409
4,3,0,19,19322
4,3,0,20,19296
4,3,0,21,19209
4,3,0,22,19236
4,3,0,23,19328
4,3,0,24,19227
4,3,0,25,19290
4,3,0,26,19196
4,3,0,27,19293
4,3,0,28,19226
4,3,0,29,19345
4,3,0,30,19264
4,3,0,31,19246
4,4,0,0,19404
4,4,0,1,22361
4,4,0,2,20278
4,4,0,3,19642
4,4,0,4,19298
4,4,0,5,19587
4,4,0,6,19525
4,4,0,7,19468
4,4,0,8,19429
4,4,0,9,19214
4,4,0,10,19545
4,4,0,11,19286
4,4,0,12,19418
4,4,0,13,19291
4,4,0,14,19226
4,4,0,15,19327
4,4,0,16,19642
4,4,0,17,19608
4,4,0,18,19600
4,4,0,19,19631
4,4,0,20,19354
4,4,0,21,19380
4,4,0,22,19264
4,4,0,23,19559
4,4,0,24,19520
4,4,0,25,32209
4,4,0,26,19240
4,4,0,27,19176
4,4,0,28,19560
4,4,0,29,19224
4,4,0,30,19221
4,4,0,31,19195
4,4,1,0,19104
4,4,1,1,19366
4,4,1,2,19197
4,4,1,3,19429
4,4,1,4,19196
4,4,1,5,19589
4,4,1,6,19256
4,4,1,7,19229
4,4,1,8,19186
4,4,1,9,19352
4,4,1,10,19342
4,4,1,11,19385
4,4,1,12,19217
4,4,1,13,19200
4,4,1,14,24746
4,4,1,15,19255
4,4,1,16,19437
4,4,1,17,19192
4,4,1,18,19145
4,4,1,19,19336
4,4,1,20,19328
4,4,1,21,19293
4,4,1,22,19197
4,4,1,23,19125
4,4,1,24,19291
4,4,1,25,19259
4,4,1,26,20001
4,4,1,27,19561
4,4,1,28,19561
4,4,1,29,19585
4,4,1,30,35782
4,4,1,31,31572
4,3,1,0,19631
4,3,1,1,22283
4,3,1,2,19331
4,3,1,3,19274
4,3,1,4,19280
4,3,1,5,19327
4,3,1,6,19236
4,3,1,7,19273
4,3,1,8,19300
4,3,1,9,19381
4,3,1,10,19189
4,3,1,11,19361
4,3,1,12,19352
4,3,1,13,19408
4,3,1,14,19256
4,3,1,15,19230
4,3,1,16,20354
4,3,1,17,19367
4,3,1,18,19234
4,3,1,19,19294
4,3,1,20,19361
4,3,1,21,19700
4,3,1,22,19215
4,3,1,23,19258
4,3,1,24,19376
4,3,1,25,19341
4,3,1,26,19212
4,3,1,27,19389
4,3,1,28,19193
4,3,1,29,19275
4,3,1,30,19388
4,3,1,31,19192
4,2,1,0,19224
4,2,1,1,19476
4,2,1,2,19791
4,2,1,3,19264
4,2,1,4,19268
4,2,1,5,19683
4,2,1,6,19455
4,2,1,7,19369
4,2,1,8,19470
4,2,1,9,19381
4,2,1,10,19417
4,2,1,11,19551
4,2,1,12,19593
4,2,1,13,19353
4,2,1,14,19477
4,2,1,15,19395
4,2,1,16,19494
4,2,1,17,19502
4,2,1,18,19481
4,2,1,19,19576
4,2,1,20,19492
4,2,1,21,19223
4,2,1,22,19577
4,2,1,23,19422
4,2,1,24,19340
4,2,1,25,19532
4,2,1,26,19576
4,2,1,27,19421
4,2,1,28,19574
4,2,1,29,19854
4,2,1,30,19379
4,2,1,31,19601
4,1,1,0,19177
4,1,1,1,22915
4,1,1,2,19598
4,1,1,3,19439
4,1,1,4,30366
4,1,1,5,19528
4,1,1,6,19580
4,1,1,7,19742
4,1,1,8,20355
4,1,1,9,19963
4,1,1,10,19631
4,1,1,11,19567
4,1,1,12,19588
4,1,1,13,26744
4,1,1,14,19636
4,1,1,15,19482
4,1,1,16,19543
4,1,1,17,19660
4,1,1,18,19416
4,1,1,19,19566
4,1,1,20,19585
4,1,1,21,19480
4,1,1,22,19590
4,1,1,23,19583
4,1,1,24,19399
4,1,1,25,19324
4,1,1,26,19657
4,1,1,27,19376
4,1,1,28,19476
4,1,1,29,19332
4,1,1,30,19285
4,1,1,31,19197
4,0,1,0,19485
4,0,1,1,19564
4,0,1,2,19280
4,0,1,3,19455
4,0,1,4,19155
4,0,1,5,19314
4,0,1,6,19299
4,0,1,7,19490
4,0,1,8,19117
4,0,1,9,19582
4,0,1,10,19357
4,0,1,11,19285
4,0,1,12,19527
4,0,1,13,19750
4,0,1,14,19325
4,0,1,15,19669
4,0,1,16,19545
4,0,1,17,19270
4,0,1,18,19228
4,0,1,19,19560
4,0,1,20,19599
4,0,1,21,19551
4,0,1,22,19500
4,0,1,23,19441
4,0,1,24,19225
4,0,1,25,19235
4,0,1,26,19351
4,0,1,27,19571
4,0,1,28,19636
4,0,1,29,19486
4,0,1,30,19227
4,0,1,31,19440
4,0,2,0,19207
4,0,2,1,19357
4,0,2,2,22816
4,0,2,3,19265
4,0,2,4,19388
4,0,2,5,19283
4,0,2,6,19412
4,0,2,7,19321
4,0,2,8,19243
4,0,2,9,19373
4,0,2,10,19400
4,0,2,11,19363
4,0,2,12,19621
4,0,2,13,19165
4,0,2,14,19254
4,0,2,15,19240
4,0,2,16,19417
4,0,2,17,25676
4,0,2,18,19496
4,0,2,19,19548
4,0,2,20,19415
4,0,2,21,19348
4,0,2,22,19325
4,0,2,23,19302
4,0,2,24,24257
4,0,2,25,20588
4,0,2,26,19406
4,0,2,27,20257
4,0,2,28,19488
4,0,2,29,19587
4,0,2,30,39527
4,0,2,31,19334
4,1,2,0,19201
4,1,2,1,34195
4,1,2,2,20716
4,1,2,3,19317
4,1,2,4,19353
4,1,2,5,19696
4,1,2,6,19214
4,1,2,7,19263
4,1,2,8,19341
4,1,2,9,19309
4,1,2,10,19256
4,1,2,11,19233
4,1,2,12,19348
4,1,2,13,19203
4,1,2,14,19261
4,1,2,15,19682
4,1,2,16,19234
4,1,2,17,19246
4,1,2,18,19304
4,1,2,19,19472
4,1,2,20,19596
4,1,2,21,19233
4,1,2,22,19461
4,1,2,23,19557
4,1,2,24,19406
4,1,2,25,19303
4,1,2,26,19359
4,1,2,27,19748
4,1,2,28,19616
4,1,2,29,19441
4,1,2,30,19322
4,1,2,31,19268
4,2,2,0,19453
4,2,2,1,19590
4,2,2,2,19384
4,2,2,3,19371
4,2,2,4,19287
4,2,2,5,19279
4,2,2,6,19248
4,2,2,7,19344
4,2,2,8,19292
4,2,2,9,19253
4,2,2,10,19227
4,2,2,11,19184
4,2,2,12,19545
4,2,2,13,19423
4,2,2,14,19485
4,2,2,15,19420
4,2,2,16,19415
4,2,2,17,19383
4,2,2,18,19359
4,2,2,19,19309
4,2,2,20,19479
4,2,2,21,19440
4,2,2,22,19441
4,2,2,23,19560
4,2,2,24,19348
4,2,2,25,19396
4,2,2,26,19244
4,2,2,27,19453
4,2,2,28,19461
4,2,2,29,19376
4,2,2,30,19357
4,2,2,31,19504
4,3,2,0,19259
4,3,2,1,19296
4,3,2,2,19172
4,3,2,3,19247
4,3,2,4,19208
4,3,2,5,19311
4,3,2,6,19226
4,3,2,7,19318
4,3,2,8,19189
4,3,2,9,19263
4,3,2,10,19313
4,3,2,11,19235
4,3,2,12,20080
4,3,2,13,19483
4,3,2,14,19196
4,3,2,15,19164
4,3,2,16,19371
4,3,2,17,19376
4,3,2,18,19252
4,3,2,19,19321
4,3,2,20,19147
4,3,2,21,19562
4,3,2,22,19301
4,3,2,23,19414
4,3,2,24,19217
4,3,2,25,19300
4,3,2,26,19290
4,3,2,27,19392
4,3,2,28,19588
4,3,2,29,19302
4,3,2,30,19348
4,3,2,31,19411
4,4,2,0,19281
4,4,2,1,19162
4,4,2,2,19318
4,4,2,3,19352
4,4,2,4,19161
4,4,2,5,19418
4,4,2,6,19360
4,4,2,7,19278
4,4,2,8,19379
4,4,2,9,19317
4,4,2,10,19369
4,4,2,11,19421
4,4,2,12,19621
4,4,2,13,19312
4,4,2,14,19475
4,4,2,15,19552
4,4,2,16,19186
4,4,2,17,19217
4,4,2,18,19241
4,4,2,19,19377
4,4,2,20,19187
4,4,2,21,19236
4,4,2,22,19576
4,4,2,23,19361
4,4,2,24,19406
4,4,2,25,19922
4,4,2,26,19551
4,4,2,27,19140
4,4,2,28,19376
4,4,2,29,19219
4,4,2,30,19262
4,4,2,31,19194
4,4,3,0,19318
4,4,3,1,19279
4,4,3,2,19370
4,4,3,3,19254
4,4,3,4,19293
4,4,3,5,19294
4,4,3,6,19369
4,4,3,7,19432
4,4,3,8,19309
4,4,3,9,19288
4,4,3,10,19250
4,4,3,11,19353
4,4,3,12,19293
4,4,3,13,19391
4,4,3,14,19304
4,4,3,15,19461
4,4,3,16,19218
4,4,3,17,19286
4,4,3,18,19315
4,4,3,19,19257
4,4,3,20,19248
4,4,3,21,19341
4,4,3,22,19213
4,4,3,23,19326
4,4,3,24,19226
4,4,3,25,19379
4,4,3,26,19281
4,4,3,27,19248
4,4,3,28,19249
4,4,3,29,19213
4,4,3,30,19152
4,4,3,31,19279
4,3,3,0,19416
4,3,3,1,19240
4,3,3,2,19250
4,3,3,3,19364
4,3,3,4,19334
4,3,3,5,19425
4,3,3,6,19244
4,3,3,7,19330
4,3,3,8,19356
4,3,3,9,19205
4,3,3,10,19397
4,3,3,11,19249
4,3,3,12,19366
4,3,3,13,19315
4,3,3,14,19321
4,3,3,15,19579
4,3,3,16,19358
4,3,3,17,19230
4,3,3,18,19223
4,3,3,19,19304
4,3,3,20,19171
4,3,3,21,19347
4,3,3,22,19345
4,3,3,23,19287
4,3,3,24,19235
4,3,3,25,19454
4,3,3,26,19169
4,3,3,27,19208
4,3,3,28,19245
4,3,3,29,19401
4,3,3,30,19259
4,3,3,31,19251
4,2,3,0,19381
4,2,3,1,19432
4,2,3,2,19293
4,2,3,3,19501
4,2,3,4,19433
4,2,3,5,19337
4,2,3,6,19244
4,2,3,7,19317
4,2,3,8,19463
4,2,3,9,19567
4,2,3,10,19557
4,2,3,11,19378
4,2,3,12,19306
4,2,3,13,19517
4,2,3,14,19371
4,2,3,15,19288
4,2,3,16,19543
4,2,3,17,19399
4,2,3,18,19401
4,2,3,19,19407
4,2,3,20,19317
4,2,3,21,19536
4,2,3,22,19494
4,2,3,23,19401
4,2,3,24,19184
4,2,3,25,19458
4,2,3,26,19374
4,2,3,27,19319
4,2,3,28,19518
4,2,3,29,19658
4,2,3,30,19594
4,2,3,31,19372
4,1,3,0,19430
4,1,3,1,19341
4,1,3,2,19248
4,1,3,3,19513
4,1,3,4,19331
4,1,3,5,19366
4,1,3,6,19184
4,1,3,7,19292
4,1,3,8,19252
4,1,3,9,19234
4,1,3,10,19305
4,1,3,11,19265
4,1,3,12,19357
4,1,3,13,19359
4,1,3,14,19189
4,1,3,15,19663
4,1,3,16,19231
4,1,3,17,19290
4,1,3,18,19478
4,1,3,19,19797
4,1,3,20,19514
4,1,3,21,19185
4,1,3,22,19282
4,1,3,23,19242
4,1,3,24,19223
4,1,3,25,19235
4,1,3,26,19588
4,1,3,27,19258
4,1,3,28,19171
4,1,3,29,19361
4,1,3,30,19523
4,1,3,31,19458
4,0,3,0,19251
4,0,3,1,19410
4,0,3,2,19265
4,0,3,3,19482
4,0,3,4,19256
4,0,3,5,19397
4,0,3,6,19251
4,0,3,7,19227
4,0,3,8,19700
4,0,3,9,19200
4,0,3,10,19253
4,0,3,11,19327
4,0,3,12,19269
4,0,3,13,19327
4,0,3,14,19193
4,0,3,15,19169
4,0,3,16,19408
4,0,3,17,19244
4,0,3,18,19348
4,0,3,19,19454
4,0,3,20,19235
4,0,3,21,19607
4,0,3,22,19210
4,0,3,23,19211
4,0,3,24,19246
4,0,3,25,19339
4,0,3,26,19189
4,0,3,27,19259
4,0,3,28,19302
4,0,3,29,19662
4,0,3,30,19314
4,0,3,31,19692
4,0,4,0,19159
4,0,4,1,19285
4,0,4,2,19412
4,0,4,3,19384
4,0,4,4,19433
4,0,4,5,19329
4,0,4,6,19268
4,0,4,7,19736
4,0,4,8,19239
4,0,4,9,19292
4,0,4,10,19395
4,0,4,11,19335
4,0,4,12,19277
4,0,4,13,19731
4,0,4,14,19247
4,0,4,15,19301
4,0,4,16,19373
4,0,4,17,19382
4,0,4,18,19665
4,0,4,19,19220
4,0,4,20,19222
4,0,4,21,19354
4,0,4,22,19339
4,0,4,23,19247
4,0,4,24,19258
4,0,4,25,19312
4,0,4,26,19201
4,0,4,27,19677
4,0,4,28,19356
4,0,4,29,19373
4,0,4,30,19219
4,0,4,31,19277
4,1,4,0,19288
4,1,4,1,19187
4,1,4,2,19248
4,1,4,3,19373
4,1,4,4,19318
4,1,4,5,20062
4,1,4,6,19564
4,1,4,7,19238
4,1,4,8,19352
4,1,4,9,19233
4,1,4,10,19238
4,1,4,11,19245
4,1,4,12,19407
4,1,4,13,19636
4,1,4,14,19373
4,1,4,15,19612
4,1,4,16,19218
4,1,4,17,19389
4,1,4,18,19245
4,1,4,19,19298
4,1,4,20,19328
4,1,4,21,19302
4,1,4,22,19379
4,1,4,23,19252
4,1,4,24,19229
4,1,4,25,19390
4,1,4,26,19336
4,1,4,27,20969
4,1,4,28,19586
4,1,4,29,19597
4,1,4,30,19374
4,1,4,31,19234
4,2,4,0,19645
4,2,4,1,19454
4,2,4,2,19335
4,2,4,3,19426
4,2,4,4,19372
4,2,4,5,19437
4,2,4,6,19364
4,2,4,7,19413
4,2,4,8,19443
4,2,4,9,19427
4,2,4,10,19397
4,2,4,11,19353
4,2,4,12,19406
4,2,4,13,19340
4,2,4,14,19423
4,2,4,15,19409
4,2,4,16,19499
4,2,4,17,19328
4,2,4,18,19412
4,2,4,19,19272
4,2,4,20,19390
4,2,4,21,19342
4,2,4,22,19263
4,2,4,23,19424
4,2,4,24,19533
4,2,4,25,19348
4,2,4,26,19315
4,2,4,27,19313
4,2,4,28,19317
4,2,4,29,19554
4,2,4,30,19342
4,2,4,31,19307
4,3,4,0,19166
4,3,4,1,19295
4,3,4,2,19525
4,3,4,3,22990
4,3,4,4,19173
4,3,4,5,19406
4,3,4,6,19224
4,3,4,7,19383
4,3,4,8,19235
4,3,4,9,19392
4,3,4,10,19181
4,3,4,11,19253
4,3,4,12,19412
4,3,4,13,19292
4,3,4,14,19249
4,3,4,15,19656
4,3,4,16,19236
4,3,4,17,41497
4,3,4,18,19339
4,3,4,19,19265
4,3,4,20,19315
4,3,4,21,19218
4,3,4,22,19438
4,3,4,23,19346
4,3,4,24,22053
4,3,4,25,21648
4,3,4,26,19195
4,3,4,27,19336
4,3,4,28,19218
4,3,4,29,19226
4,3,4,30,19247
4,3,4,31,19269
4,4,4,0,19442
4,4,4,1,19653
4,4,4,2,19440
4,4,4,3,19628
4,4,4,4,19537
4,4,4,5,19673
4,4,4,6,19472
4,4,4,7,19611
4,4,4,8,19173
4,4,4,9,19597
4,4,4,10,19650
4,4,4,11,19238
4,4,4,12,19205
4,4,4,13,19274
4,4,4,14,19333
4,4,4,15,19368
4,4,4,16,19322
4,4,4,17,19179
4,4,4,18,19202
4,4,4,19,19626
4,4,4,20,19258
4,4,4,21,19436
4,4,4,22,19261
4,4,4,23,19393
4,4,4,24,19368
4,4,4,25,19314
4,4,4,26,19333
4,4,4,27,19179
4,4,4,28,19388
4,4,4,29,19332
4,4,4,30,19216
4,4,4,31,19384
4,4,5,0,19218
4,4,5,1,19283
4,4,5,2,19181
4,4,5,3,19194
4,4,5,4,19603
4,4,5,5,19293
4,4,5,6,19374
4,4,5,7,19390
4,4,5,8,19427
4,4,5,9,19401
4,4,5,10,19706
4,4,5,11,19353
4,4,5,12,19247
4,4,5,13,19366
4,4,5,14,19223
4,4,5,15,19646
4,4,5,16,19232
4,4,5,17,19263
4,4,5,18,19352
4,4,5,19,19342
4,4,5,20,19259
4,4,5,21,19450
4,4,5,22,19329
4,4,5,23,19794
4,4,5,24,19293
4,4,5,25,19604
4,4,5,26,19536
4,4,5,27,19485
4,4,5,28,19365
4,4,5,29,19579
4,4,5,30,19254
4,4,5,31,19337
4,3,5,0,24895
4,3,5,1,20696
4,3,5,2,19237
4,3,5,3,19285
4,3,5,4,19366
4,3,5,5,19456
4,3,5,6,19366
4,3,5,7,19392
4,3,5,8,19259
4,3,5,9,20076
4,3,5,10,19331
4,3,5,11,19221
4,3,5,12,19403
4,3,5,13,19278
4,3,5,14,19240
4,3,5,15,30605
4,3,5,16,19264
4,3,5,17,19857
4,3,5,18,19305
4,3,5,19,19240
4,3,5,20,19389
4,3,5,21,19472
4,3,5,22,19146
4,3,5,23,19281
4,3,5,24,19406
4,3,5,25,19575
4,3,5,26,19247
4,3,5,27,19274
4,3,5,28,19389
4,3,5,29,19207
4,3,5,30,19263
4,3,5,31,19270
4,2,5,0,19237
4,2,5,1,19531
4,2,5,2,19291
4,2,5,3,19446
4,2,5,4,19445
4,2,5,5,19447
4,2,5,6,19424
4,2,5,7,19388
4,2,5,8,19428
4,2,5,9,19316
4,2,5,10,19508
4,2,5,11,19398
4,2,5,12,19498
4,2,5,13,19388
4,2,5,14,19567
4,2,5,15,19566
4,2,5,16,19583
4,2,5,17,19433
4,2,5,18,19392
4,2,5,19,19374
4,2,5,20,19381
4,2,5,21,19352
4,2,5,22,19384
4,2,5,23,19272
4,2,5,24,19757
4,2,5,25,19491
4,2,5,26,19397
4,2,5,27,19320
4,2,5,28,19398
4,2,5,29,19309
4,2,5,30,19585
4,2,5,31,19426
4,1,5,0,19123
4,1,5,1,19203
4,1,5,2,19544
4,1,5,3,19211
4,1,5,4,19805
4,1,5,5,19496
4,1,5,6,19275
4,1,5,7,19264
4,1,5,8,19211
4,1,5,9,19401
4,1,5,10,19283
4,1,5,11,19400
4,1,5,12,19695
4,1,5,13,19580
4,1,5,14,19544
4,1,5,15,19675
4,1,5,16,19540
4,1,5,17,23255
4,1,5,18,19215
4,1,5,19,19477
4,1,5,20,19729
4,1,5,21,19710
4,1,5,22,19787
4,1,5,23,19340
4,1,5,24,19236
4,1,5,25,19278
4,1,5,26,19583
4,1,5,27,19244
4,1,5,28,19690
4,1,5,29,19257
4,1,5,30,19543
4,1,5,31,19279
4,0,5,0,19588
4,0,5,1,19272
4,0,5,2,19302
4,0,5,3,19630
4,0,5,4,19753
4,0,5,5,19662
4,0,5,6,19201
4,0,5,7,19470
4,0,5,8,19399
4,0,5,9,20394
4,0,5,10,20326
4,0,5,11,19188
4,0,5,12,19514
4,0,5,13,19706
4,0,5,14,19505
4,0,5,15,19260
4,0,5,16,19810
4,0,5,17,20146
4,0,5,18,19185
4,0,5,19,19536
4,0,5,20,19320
4,0,5,21,19516
4,0,5,22,19230
4,0,5,23,19357
4,0,5,24,19424
4,0,5,25,19397
4,0,5,26,19462
4,0,5,27,19587
4,0,5,28,19410
4,0,5,29,19305
4,0,5,30,19222
4,0,5,31,19425
4,0,6,0,19306
4,0,6,1,19299
4,0,6,2,19253
4,0,6,3,19318
4,0,6,4,19657
4,0,6,5,19267
4,0,6,6,19763
4,0,6,7,19378
4,0,6,8,19439
4,0,6,9,19229
4,0,6,10,19273
4,0,6,11,19573
4,0,6,12,19278
4,0,6,13,19271
4,0,6,14,20139
4,0,6,15,19486
4,0,6,16,19585
4,0,6,17,19704
4,0,6,18,19496
4,0,6,19,19521
4,0,6,20,19349
4,0,6,21,19259
4,0,6,22,19256
4,0,6,23,19206
4,0,6,24,19475
4,0,6,25,19277
4,0,6,26,19294
4,0,6,27,19350
4,0,6,28,19195
4,0,6,29,19404
4,0,6,30,19494
4,0,6,31,19379
4,1,6,0,19366
4,1,6,1,19292
4,1,6,2,19323
4,1,6,3,19360
4,1,6,4,19286
4,1,6,5,19753
4,1,6,6,19590
4,1,6,7,19332
4,1,6,8,19347
4,1,6,9,19375
4,1,6,10,19213
4,1,6,11,19180
4,1,6,12,19317
4,1,6,13,20447
4,1,6,14,21794
4,1,6,15,19184
4,1,6,16,19569
4,1,6,17,19229
4,1,6,18,19748
4,1,6,19,19576
4,1,6,20,19996
4,1,6,21,19378
4,1,6,22,19386
4,1,6,23,19338
4,1,6,24,19241
4,1,6,25,19376
4,1,6,26,19261
4,1,6,27,19336
4,1,6,28,19409
4,1,6,29,19503
4,1,6,30,19460
4,1,6,31,19712
4,2,6,0,19190
4,2,6,1,19329
4,2,6,2,19314
4,2,6,3,19370
4,2,6,4,19377
4,2,6,5,19387
4,2,6,6,19470
4,2,6,7,19415
4,2,6,8,19400
4,2,6,9,19323
4,2,6,10,19336
4,2,6,11,19228
4,2,6,12,19688
4,2,6,13,19522
4,2,6,14,19321
4,2,6,15,19593
4,2,6,16,19696
4,2,6,17,19547
4,2,6,18,19829
4,2,6,19,19416
4,2,6,20,19291
4,2,6,21,19383
4,2,6,22,19324
4,2,6,23,19425
4,2,6,24,19413
4,2,6,25,19534
4,2,6,26,19385
4,2,6,27,19491
4,2,6,28,19674
4,2,6,29,19617
4,2,6,30,19295
4,2,6,31,19567
4,3,6,0,19708
4,3,6,1,19355
4,3,6,2,19346
4,3,6,3,19354
4,3,6,4,19273
4,3,6,5,19393
4,3,6,6,19237
4,3,6,7,19347
4,3,6,8,19204
4,3,6,9,19370
4,3,6,10,19280
4,3,6,11,19346
4,3,6,12,19256
4,3,6,13,19216
4,3,6,14,19247
4,3,6,15,19247
4,3,6,16,19256
4,3,6,17,19523
4,3,6,18,19291
4,3,6,19,19292
4,3,6,20,19294
4,3,6,21,19209
4,3,6,22,19193
4,3,6,23,19282
4,3,6,24,19210
4,3,6,25,19238
4,3,6,26,19606
4,3,6,27,19200
4,3,6,28,19234
4,3,6,29,19316
4,3,6,30,19218
4,3,6,31,19219
4,4,6,0,19360
4,4,6,1,19268
4,4,6,2,19421
4,4,6,3,19365
4,4,6,4,19397
4,4,6,5,19321
4,4,6,6,19412
4,4,6,7,19196
4,4,6,8,19305
4,4,6,9,19190
4,4,6,10,19288
4,4,6,11,19527
4,4,6,12,19271
4,4,6,13,19285
4,4,6,14,19299
4,4,6,15,19240
4,4,6,16,19240
4,4,6,17,19287
4,4,6,18,19208
4,4,6,19,19405
4,4,6,20,19216
4,4,6,21,19309
4,4,6,22,19646
4,4,6,23,19546
4,4,6,24,19528
4,4,6,25,19283
4,4,6,26,19299
4,4,6,27,19334
4,4,6,28,19210
4,4,6,29,19259
4,4,6,30,19274
4,4,6,31,19247
4,4,7,0,19342
4,4,7,1,19216
4,4,7,2,19500
4,4,7,3,19225
4,4,7,4,19284
4,4,7,5,19371
4,4,7,6,19338
4,4,7,7,19206
4,4,7,8,19385
4,4,7,9,19201
4,4,7,10,19381
4,4,7,11,19298
4,4,7,12,19227
4,4,7,13,19262
4,4,7,14,19374
4,4,7,15,19262
4,4,7,16,19286
4,4,7,17,19421
4,4,7,18,19195
4,4,7,19,19225
4,4,7,20,19250
4,4,7,21,19368
4,4,7,22,19231
4,4,7,23,19344
4,4,7,24,19196
4,4,7,25,19248
4,4,7,26,19132
4,4,7,27,19549
4,4,7,28,19460
4,4,7,29,19354
4,4,7,30,19289
4,4,7,31,19513
4,3,7,0,19298
4,3,7,1,19294
4,3,7,2,19138
4,3,7,3,19359
4,3,7,4,19275
4,3,7,5,19668
4,3,7,6,19336
4,3,7,7,19320
4,3,7,8,19214
4,3,7,9,19498
4,3,7,10,19257
4,3,7,11,19196
4,3,7,12,19210
4,3,7,13,19293
4,3,7,14,19340
4,3,7,15,19499
4,3,7,16,19227
4,3,7,17,19463
4,3,7,18,19247
4,3,7,19,19850
4,3,7,20,19573
4,3,7,21,19439
4,3,7,22,19331
4,3,7,23,19262
4,3,7,24,19658
4,3,7,25,19351
4,3,7,26,19270
4,3,7,27,19315
4,3,7,28,19275
4,3,7,29,19231
4,3,7,30,19492
4,3,7,31,19287
4,2,7,0,19200
4,2,7,1,19528
4,2,7,2,19223
4,2,7,3,19663
4,2,7,4,19532
4,2,7,5,19487
4,2,7,6,19303
4,2,7,7,19553
4,2,7,8,19322
4,2,7,9,19377
4,2,7,10,19330
4,2,7,11,19340
4,2,7,12,19336
4,2,7,13,19319
4,2,7,14,19491
4,2,7,15,19624
4,2,7,16,19477
4,2,7,17,19379
4,2,7,18,19385
4,2,7,19,19477
4,2,7,20,19413
4,2,7,21,19402
4,2,7,22,19459
4,2,7,23,19523
4,2,7,24,19707
4,2,7,25,19484
4,2,7,26,19405
4,2,7,27,19442
4,2,7,28,19460
4,2,7,29,19564
4,2,7,30,19432
4,2,7,31,19257
4,1,7,0,19222
4,1,7,1,19319
4,1,7,2,19216
4,1,7,3,19233
4,1,7,4,19377
4,1,7,5,19288
4,1,7,6,19231
4,1,7,7,19356
4,1,7,8,19362
4,1,7,9,19356
4,1,7,10,19572
4,1,7,11,19625
4,1,7,12,19371
4,1,7,13,19360
4,1,7,14,19596
4,1,7,15,19264
4,1,7,16,19209
4,1,7,17,19547
4,1,7,18,19467
4,1,7,19,19237
4,1,7,20,19932
4,1,7,21,19360
4,1,7,22,19163
4,1,7,23,19223
4,1,7,24,19227
4,1,7,25,19258
4,1,7,26,19331
4,1,7,27,19259
4,1,7,28,19354
4,1,7,29,19662
4,1,7,30,19213
4,1,7,31,19190
4,0,7,0,19241
4,0,7,1,19418
4,0,7,2,19577
4,0,7,3,19423
4,0,7,4,20160
4,0,7,5,19249
4,0,7,6,19655
4,0,7,7,19685
4,0,7,8,19551
4,0,7,9,19535
4,0,7,10,19493
4,0,7,11,19307
4,0,7,12,19310
4,0,7,13,19632
4,0,7,14,19537
4,0,7,15,19545
4,0,7,16,19633
4,0,7,17,19677
4,0,7,18,19273
4,0,7,19,19627
4,0,7,20,19300
4,0,7,21,19251
4,0,7,22,19284
4,0,7,23,19265
4,0,7,24,19256
4,0,7,25,19359
4,0,7,26,19182
4,0,7,27,19627
4,0,7,28,19338
4,0,7,29,19241
4,0,7,30,19362
4,0,7,31,19337
