cpucycles tracesetup 0 amd64-perfpmcff precision 0 scaling 0.000000 only32 0
cpucycles tracesetup 1 amd64-perfpmc precision 0 scaling 0.000000 only32 0
cpucycles tracesetup 2 amd64-pmcff precision 0 scaling 0.000000 only32 0
cpucycles tracesetup 3 amd64-tsc precision 1016 scaling 0.467415 only32 0
cpucycles tracesetup 4 amd64-tscasm precision 1026 scaling 0.467415 only32 0
cpucycles tracesetup 5 default-perfevent precision 204 scaling 1.000000 only32 0
cpucycles tracesetup 6 default-mach precision 0 scaling 0.000000 only32 0
cpucycles tracesetup 7 default-monotonic precision 1076 scaling 1.400000 only32 0
cpucycles tracesetup 8 default-gettimeofday precision 2440 scaling 1400.000000 only32 0
cpucycles tracesetup 9 default-zero precision 0 scaling 0.000000 only32 0
region,variant,block,observation,cycles
0,0,0,0,999
0,0,0,1,956
0,0,0,2,938
0,0,0,3,933
0,0,0,4,949
0,0,0,5,973
0,0,0,6,967
0,0,0,7,962
0,0,0,8,961
0,0,0,9,969
0,0,0,10,978
0,0,0,11,956
0,0,0,12,964
0,0,0,13,954
0,0,0,14,966
0,0,0,15,988
0,0,0,16,946
0,0,0,17,976
0,0,0,18,965
0,0,0,19,963
0,0,0,20,977
0,0,0,21,957
0,0,0,22,960
0,0,0,23,937
0,0,0,24,962
0,0,0,25,944
0,0,0,26,970
0,0,0,27,975
0,0,0,28,930
0,0,0,29,950
0,0,0,30,948
0,0,0,31,972
0,1,0,0,969
0,1,0,1,960
0,1,0,2,967
0,1,0,3,944
0,1,0,4,943
0,1,0,5,940
0,1,0,6,945
0,1,0,7,961
0,1,0,8,965
0,1,0,9,954
0,1,0,10,949
0,1,0,11,945
0,1,0,12,952
0,1,0,13,909
0,1,0,14,962
0,1,0,15,960
0,1,0,16,963
0,1,0,17,955
0,1,0,18,957
0,1,0,19,950
0,1,0,20,960
0,1,0,21,1012
0,1,0,22,961
0,1,0,23,972
0,1,0,24,957
0,1,0,25,950
0,1,0,26,972
0,1,0,27,950
0,1,0,28,936
0,1,0,29,960
0,1,0,30,968
0,1,0,31,957
0,2,0,0,996
0,2,0,1,984
0,2,0,2,961
0,2,0,3,945
0,2,0,4,914
0,2,0,5,938
0,2,0,6,945
0,2,0,7,954
0,2,0,8,965
0,2,0,9,944
0,2,0,10,942
0,2,0,11,947
0,2,0,12,987
0,2,0,13,935
0,2,0,14,964
0,2,0,15,967
0,2,0,16,968
0,2,0,17,974
0,2,0,18,952
0,2,0,19,966
0,2,0,20,944
0,2,0,21,954
0,2,0,22,965
0,2,0,23,962
0,2,0,24,953
0,2,0,25,985
0,2,0,26,963
0,2,0,27,941
0,2,0,28,966
0,2,0,29,948
0,2,0,30,929
0,2,0,31,967
0,3,0,0,973
0,3,0,1,983
0,3,0,2,986
0,3,0,3,959
0,3,0,4,980
0,3,0,5,932
0,3,0,6,964
0,3,0,7,959
0,3,0,8,957
0,3,0,9,967
0,3,0,10,956
0,3,0,11,949
0,3,0,12,952
0,3,0,13,944
0,3,0,14,938
0,3,0,15,957
0,3,0,16,954
0,3,0,17,970
0,3,0,18,948
0,3,0,19,944
0,3,0,20,961
0,3,0,21,958
0,3,0,22,975
0,3,0,23,954
0,3,0,24,953
0,3,0,25,942
0,3,0,26,960
0,3,0,27,944
0,3,0,28,923
0,3,0,29,975
0,3,0,30,957
0,3,0,31,954
0,4,0,0,974
0,4,0,1,973
0,4,0,2,986
0,4,0,3,984
0,4,0,4,995
0,4,0,5,953
0,4,0,6,968
0,4,0,7,956
0,4,0,8,940
0,4,0,9,962
0,4,0,10,971
0,4,0,11,965
0,4,0,12,957
0,4,0,13,926
0,4,0,14,943
0,4,0,15,978
0,4,0,16,951
0,4,0,17,971
0,4,0,18,993
0,4,0,19,961
0,4,0,20,974
0,4,0,21,972
0,4,0,22,943
0,4,0,23,962
0,4,0,24,952
0,4,0,25,975
0,4,0,26,959
0,4,0,27,940
0,4,0,28,974
0,4,0,29,932
0,4,0,30,946
0,4,0,31,969
0,4,1,0,938
0,4,1,1,942
0,4,1,2,952
0,4,1,3,946
0,4,1,4,949
0,4,1,5,960
0,4,1,6,975
0,4,1,7,958
0,4,1,8,953
0,4,1,9,968
0,4,1,10,970
0,4,1,11,949
0,4,1,12,954
0,4,1,13,966
0,4,1,14,957
0,4,1,15,951
0,4,1,16,942
0,4,1,17,952
0,4,1,18,954
0,4,1,19,954
0,4,1,20,944
0,4,1,21,1040
0,4,1,22,958
0,4,1,23,961
0,4,1,24,959
0,4,1,25,955
0,4,1,26,959
0,4,1,27,965
0,4,1,28,948
0,4,1,29,998
0,4,1,30,976
0,4,1,31,965
0,3,1,0,959
0,3,1,1,995
0,3,1,2,962
0,3,1,3,996
0,3,1,4,971
0,3,1,5,927
0,3,1,6,971
0,3,1,7,955
0,3,1,8,952
0,3,1,9,973
0,3,1,10,960
0,3,1,11,958
0,3,1,12,924
0,3,1,13,959
0,3,1,14,961
0,3,1,15,986
0,3,1,16,970
0,3,1,17,959
0,3,1,18,963
0,3,1,19,968
0,3,1,20,969
0,3,1,21,951
0,3,1,22,947
0,3,1,23,962
0,3,1,24,949
0,3,1,25,956
0,3,1,26,932
0,3,1,27,962
0,3,1,28,951
0,3,1,29,970
0,3,1,30,946
0,3,1,31,972
0,2,1,0,952
0,2,1,1,973
0,2,1,2,974
0,2,1,3,992
0,2,1,4,990
0,2,1,5,1010
0,2,1,6,950
0,2,1,7,958
0,2,1,8,931
0,2,1,9,968
0,2,1,10,968
0,2,1,11,969
0,2,1,12,970
0,2,1,13,976
0,2,1,14,949
0,2,1,15,963
0,2,1,16,960
0,2,1,17,944
0,2,1,18,968
0,2,1,19,954
0,2,1,20,956
0,2,1,21,925
0,2,1,22,971
0,2,1,23,985
0,2,1,24,944
0,2,1,25,947
0,2,1,26,965
0,2,1,27,965
0,2,1,28,968
0,2,1,29,963
0,2,1,30,967
0,2,1,31,967
0,1,1,0,953
0,1,1,1,967
0,1,1,2,971
0,1,1,3,960
0,1,1,4,968
0,1,1,5,959
0,1,1,6,945
0,1,1,7,945
0,1,1,8,949
0,1,1,9,930
0,1,1,10,947
0,1,1,11,949
0,1,1,12,935
0,1,1,13,959
0,1,1,14,977
0,1,1,15,944
0,1,1,16,964
0,1,1,17,932
0,1,1,18,967
0,1,1,19,982
0,1,1,20,968
0,1,1,21,957
0,1,1,22,978
0,1,1,23,970
0,1,1,24,972
0,1,1,25,950
0,1,1,26,959
0,1,1,27,985
0,1,1,28,952
0,1,1,29,965
0,1,1,30,955
0,1,1,31,951
0,0,1,0,992
0,0,1,1,958
0,0,1,2,984
0,0,1,3,965
0,0,1,4,985
0,0,1,5,1000
0,0,1,6,946
0,0,1,7,944
0,0,1,8,964
0,0,1,9,955
0,0,1,10,967
0,0,1,11,965
0,0,1,12,963
0,0,1,13,928
0,0,1,14,948
0,0,1,15,952
0,0,1,16,971
0,0,1,17,963
0,0,1,18,954
0,0,1,19,929
0,0,1,20,957
0,0,1,21,968
0,0,1,22,935
0,0,1,23,946
0,0,1,24,953
0,0,1,25,984
0,0,1,26,951
0,0,1,27,970
0,0,1,28,942
0,0,1,29,960
0,0,1,30,967
0,0,1,31,976
0,0,2,0,950
0,0,2,1,951
0,0,2,2,953
0,0,2,3,967
0,0,2,4,963
0,0,2,5,976
0,0,2,6,955
0,0,2,7,949
0,0,2,8,998
0,0,2,9,959
0,0,2,10,966
0,0,2,11,953
0,0,2,12,956
0,0,2,13,932
0,0,2,14,965
0,0,2,15,941
0,0,2,16,922
0,0,2,17,936
0,0,2,18,938
0,0,2,19,954
0,0,2,20,948
0,0,2,21,970
0,0,2,22,951
0,0,2,23,969
0,0,2,24,963
0,0,2,25,978
0,0,2,26,966
0,0,2,27,957
0,0,2,28,957
0,0,2,29,964
0,0,2,30,956
0,0,2,31,937
0,1,2,0,959
0,1,2,1,978
0,1,2,2,988
0,1,2,3,981
0,1,2,4,956
0,1,2,5,1009
0,1,2,6,958
0,1,2,7,972
0,1,2,8,963
0,1,2,9,967
0,1,2,10,974
0,1,2,11,962
0,1,2,12,940
0,1,2,13,963
0,1,2,14,958
0,1,2,15,964
0,1,2,16,955
0,1,2,17,966
0,1,2,18,960
0,1,2,19,976
0,1,2,20,958
0,1,2,21,947
0,1,2,22,952
0,1,2,23,971
0,1,2,24,970
0,1,2,25,927
0,1,2,26,959
0,1,2,27,964
0,1,2,28,956
0,1,2,29,961
0,1,2,30,933
0,1,2,31,959
0,2,2,0,952
0,2,2,1,967
0,2,2,2,967
0,2,2,3,985
0,2,2,4,978
0,2,2,5,976
0,2,2,6,961
0,2,2,7,989
0,2,2,8,945
0,2,2,9,971
0,2,2,10,924
0,2,2,11,960
0,2,2,12,958
0,2,2,13,974
0,2,2,14,951
0,2,2,15,955
0,2,2,16,973
0,2,2,17,960
0,2,2,18,943
0,2,2,19,964
0,2,2,20,968
0,2,2,21,968
0,2,2,22,959
0,2,2,23,977
0,2,2,24,989
0,2,2,25,938
0,2,2,26,959
0,2,2,27,961
0,2,2,28,944
0,2,2,29,940
0,2,2,30,933
0,2,2,31,963
0,3,2,0,972
0,3,2,1,973
0,3,2,2,975
0,3,2,3,971
0,3,2,4,983
0,3,2,5,1008
0,3,2,6,933
0,3,2,7,968
0,3,2,8,1002
0,3,2,9,960
0,3,2,10,965
0,3,2,11,950
0,3,2,12,942
0,3,2,13,958
0,3,2,14,948
0,3,2,15,943
0,3,2,16,956
0,3,2,17,986
0,3,2,18,956
0,3,2,19,968
0,3,2,20,948
0,3,2,21,965
0,3,2,22,952
0,3,2,23,966
0,3,2,24,948
0,3,2,25,956
0,3,2,26,969
0,3,2,27,939
0,3,2,28,963
0,3,2,29,961
0,3,2,30,959
0,3,2,31,940
0,4,2,0,939
0,4,2,1,994
0,4,2,2,979
0,4,2,3,977
0,4,2,4,974
0,4,2,5,956
0,4,2,6,966
0,4,2,7,955
0,4,2,8,957
0,4,2,9,945
0,4,2,10,956
0,4,2,11,961
0,4,2,12,950
0,4,2,13,966
0,4,2,14,951
0,4,2,15,955
0,4,2,16,957
0,4,2,17,979
0,4,2,18,955
0,4,2,19,949
0,4,2,20,943
0,4,2,21,955
0,4,2,22,966
0,4,2,23,949
0,4,2,24,951
0,4,2,25,1025
0,4,2,26,969
0,4,2,27,973
0,4,2,28,953
0,4,2,29,950
0,4,2,30,984
0,4,2,31,966
0,4,3,0,963
0,4,3,1,958
0,4,3,2,950
0,4,3,3,947
0,4,3,4,943
0,4,3,5,1004
0,4,3,6,963
0,4,3,7,956
0,4,3,8,967
0,4,3,9,954
0,4,3,10,969
0,4,3,11,956
0,4,3,12,942
0,4,3,13,983
0,4,3,14,981
0,4,3,15,2874
0,4,3,16,982
0,4,3,17,962
0,4,3,18,959
0,4,3,19,952
0,4,3,20,981
0,4,3,21,985
0,4,3,22,974
0,4,3,23,945
0,4,3,24,963
0,4,3,25,961
0,4,3,26,964
0,4,3,27,964
0,4,3,28,991
0,4,3,29,960
0,4,3,30,935
0,4,3,31,971
0,3,3,0,951
0,3,3,1,968
0,3,3,2,997
0,3,3,3,959
0,3,3,4,995
0,3,3,5,1007
0,3,3,6,932
0,3,3,7,966
0,3,3,8,959
0,3,3,9,973
0,3,3,10,954
0,3,3,11,965
0,3,3,12,969
0,3,3,13,966
0,3,3,14,960
0,3,3,15,947
0,3,3,16,973
0,3,3,17,974
0,3,3,18,941
0,3,3,19,943
0,3,3,20,957
0,3,3,21,942
0,3,3,22,950
0,3,3,23,960
0,3,3,24,973
0,3,3,25,942
0,3,3,26,955
0,3,3,27,949
0,3,3,28,981
0,3,3,29,960
0,3,3,30,956
0,3,3,31,952
0,2,3,0,995
0,2,3,1,965
0,2,3,2,989
0,2,3,3,984
0,2,3,4,954
0,2,3,5,965
0,2,3,6,979
0,2,3,7,954
0,2,3,8,956
0,2,3,9,961
0,2,3,10,971
0,2,3,11,944
0,2,3,12,939
0,2,3,13,950
0,2,3,14,968
0,2,3,15,997
0,2,3,16,952
0,2,3,17,962
0,2,3,18,973
0,2,3,19,968
0,2,3,20,954
0,2,3,21,979
0,2,3,22,980
0,2,3,23,958
0,2,3,24,971
0,2,3,25,940
0,2,3,26,959
0,2,3,27,960
0,2,3,28,951
0,2,3,29,946
0,2,3,30,961
0,2,3,31,977
0,1,3,0,959
0,1,3,1,977
0,1,3,2,994
0,1,3,3,984
0,1,3,4,979
0,1,3,5,956
0,1,3,6,942
0,1,3,7,966
0,1,3,8,973
0,1,3,9,960
0,1,3,10,960
0,1,3,11,965
0,1,3,12,939
0,1,3,13,960
0,1,3,14,948
0,1,3,15,969
0,1,3,16,947
0,1,3,17,956
0,1,3,18,975
0,1,3,19,983
0,1,3,20,962
0,1,3,21,974
0,1,3,22,968
0,1,3,23,966
0,1,3,24,956
0,1,3,25,963
0,1,3,26,957
0,1,3,27,969
0,1,3,28,960
0,1,3,29,945
0,1,3,30,933
0,1,3,31,948
0,0,3,0,970
0,0,3,1,977
0,0,3,2,984
0,0,3,3,979
0,0,3,4,981
0,0,3,5,962
0,0,3,6,944
0,0,3,7,944
0,0,3,8,970
0,0,3,9,959
0,0,3,10,957
0,0,3,11,976
0,0,3,12,955
0,0,3,13,973
0,0,3,14,950
0,0,3,15,962
0,0,3,16,948
0,0,3,17,959
0,0,3,18,950
0,0,3,19,961
0,0,3,20,990
0,0,3,21,959
0,0,3,22,951
0,0,3,23,947
0,0,3,24,938
0,0,3,25,943
0,0,3,26,954
0,0,3,27,954
0,0,3,28,974
0,0,3,29,965
0,0,3,30,973
0,0,3,31,950
0,0,4,0,964
0,0,4,1,957
0,0,4,2,950
0,0,4,3,951
0,0,4,4,968
0,0,4,5,987
0,0,4,6,975
0,0,4,7,954
0,0,4,8,2895
0,0,4,9,2871
0,0,4,10,2859
0,0,4,11,2958
0,0,4,12,2877
0,0,4,13,2344
0,0,4,14,2835
0,0,4,15,1029
0,0,4,16,2429
0,0,4,17,1570
0,0,4,18,1864
0,0,4,19,2241
0,0,4,20,2880
0,0,4,21,2265
0,0,4,22,2291
0,0,4,23,948
0,0,4,24,2853
0,0,4,25,2895
0,0,4,26,2904
0,0,4,27,2859
0,0,4,28,2925
0,0,4,29,2904
0,0,4,30,2601
0,0,4,31,2823
0,1,4,0,2667
0,1,4,1,2886
0,1,4,2,2877
0,1,4,3,2922
0,1,4,4,2805
0,1,4,5,2889
0,1,4,6,2877
0,1,4,7,2913
0,1,4,8,2949
0,1,4,9,2823
0,1,4,10,2880
0,1,4,11,2898
0,1,4,12,2958
0,1,4,13,2859
0,1,4,14,2922
0,1,4,15,2889
0,1,4,16,2877
0,1,4,17,2895
0,1,4,18,2886
0,1,4,19,2895
0,1,4,20,2907
0,1,4,21,2949
0,1,4,22,2940
0,1,4,23,2856
0,1,4,24,2826
0,1,4,25,2871
0,1,4,26,2889
0,1,4,27,956
0,1,4,28,956
0,1,4,29,965
0,1,4,30,956
0,1,4,31,987
0,2,4,0,959
0,2,4,1,982
0,2,4,2,985
0,2,4,3,973
0,2,4,4,979
0,2,4,5,963
0,2,4,6,957
0,2,4,7,977
0,2,4,8,985
0,2,4,9,989
0,2,4,10,994
0,2,4,11,951
0,2,4,12,978
0,2,4,13,943
0,2,4,14,955
0,2,4,15,951
0,2,4,16,967
0,2,4,17,965
0,2,4,18,980
0,2,4,19,950
0,2,4,20,962
0,2,4,21,950
0,2,4,22,951
0,2,4,23,945
0,2,4,24,955
0,2,4,25,967
0,2,4,26,980
0,2,4,27,972
0,2,4,28,962
0,2,4,29,948
0,2,4,30,967
0,2,4,31,946
0,3,4,0,978
0,3,4,1,986
0,3,4,2,980
0,3,4,3,993
0,3,4,4,989
0,3,4,5,964
0,3,4,6,961
0,3,4,7,966
0,3,4,8,947
0,3,4,9,951
0,3,4,10,972
0,3,4,11,967
0,3,4,12,981
0,3,4,13,969
0,3,4,14,968
0,3,4,15,940
0,3,4,16,974
0,3,4,17,945
0,3,4,18,962
0,3,4,19,961
0,3,4,20,982
0,3,4,21,943
0,3,4,22,959
0,3,4,23,946
0,3,4,24,934
0,3,4,25,949
0,3,4,26,966
0,3,4,27,945
0,3,4,28,969
0,3,4,29,959
0,3,4,30,951
0,3,4,31,973
0,4,4,0,942
0,4,4,1,982
0,4,4,2,970
0,4,4,3,986
0,4,4,4,983
0,4,4,5,1007
0,4,4,6,957
0,4,4,7,966
0,4,4,8,948
0,4,4,9,966
0,4,4,10,960
0,4,4,11,954
0,4,4,12,963
0,4,4,13,965
0,4,4,14,948
0,4,4,15,971
0,4,4,16,948
0,4,4,17,987
0,4,4,18,953
0,4,4,19,962
0,4,4,20,967
0,4,4,21,948
0,4,4,22,960
0,4,4,23,979
0,4,4,24,966
0,4,4,25,961
0,4,4,26,978
0,4,4,27,973
0,4,4,28,947
0,4,4,29,959
0,4,4,30,962
0,4,4,31,975
0,4,5,0,959
0,4,5,1,963
0,4,5,2,969
0,4,5,3,963
0,4,5,4,970
0,4,5,5,946
0,4,5,6,949
0,4,5,7,958
0,4,5,8,960
0,4,5,9,956
0,4,5,10,991
0,4,5,11,970
0,4,5,12,941
0,4,5,13,976
0,4,5,14,952
0,4,5,15,953
0,4,5,16,962
0,4,5,17,956
0,4,5,18,981
0,4,5,19,976
0,4,5,20,993
0,4,5,21,977
0,4,5,22,959
0,4,5,23,954
0,4,5,24,986
0,4,5,25,979
0,4,5,26,950
0,4,5,27,955
0,4,5,28,953
0,4,5,29,985
0,4,5,30,958
0,4,5,31,966
0,3,5,0,955
0,3,5,1,970
0,3,5,2,983
0,3,5,3,989
0,3,5,4,982
0,3,5,5,948
0,3,5,6,972
0,3,5,7,975
0,3,5,8,978
0,3,5,9,994
0,3,5,10,931
0,3,5,11,954
0,3,5,12,945
0,3,5,13,945
0,3,5,14,960
0,3,5,15,948
0,3,5,16,941
0,3,5,17,944
0,3,5,18,925
0,3,5,19,958
0,3,5,20,958
0,3,5,21,950
0,3,5,22,953
0,3,5,23,938
0,3,5,24,938
0,3,5,25,960
0,3,5,26,968
0,3,5,27,957
0,3,5,28,978
0,3,5,29,954
0,3,5,30,970
0,3,5,31,973
0,2,5,0,973
0,2,5,1,974
0,2,5,2,977
0,2,5,3,990
0,2,5,4,964
0,2,5,5,956
0,2,5,6,934
0,2,5,7,950
0,2,5,8,953
0,2,5,9,961
0,2,5,10,970
0,2,5,11,932
0,2,5,12,970
0,2,5,13,951
0,2,5,14,969
0,2,5,15,959
0,2,5,16,967
0,2,5,17,936
0,2,5,18,966
0,2,5,19,952
0,2,5,20,958
0,2,5,21,1000
0,2,5,22,961
0,2,5,23,941
0,2,5,24,986
0,2,5,25,974
0,2,5,26,971
0,2,5,27,925
0,2,5,28,950
0,2,5,29,946
0,2,5,30,922
0,2,5,31,945
0,1,5,0,946
0,1,5,1,987
0,1,5,2,969
0,1,5,3,981
0,1,5,4,998
0,1,5,5,956
0,1,5,6,981
0,1,5,7,963
0,1,5,8,941
0,1,5,9,956
0,1,5,10,977
0,1,5,11,939
0,1,5,12,955
0,1,5,13,932
0,1,5,14,955
0,1,5,15,940
0,1,5,16,955
0,1,5,17,955
0,1,5,18,933
0,1,5,19,952
0,1,5,20,948
0,1,5,21,957
0,1,5,22,955
0,1,5,23,937
0,1,5,24,962
0,1,5,25,968
0,1,5,26,960
0,1,5,27,946
0,1,5,28,968
0,1,5,29,974
0,1,5,30,979
0,1,5,31,961
0,0,5,0,983
0,0,5,1,971
0,0,5,2,965
0,0,5,3,982
0,0,5,4,981
0,0,5,5,943
0,0,5,6,945
0,0,5,7,956
0,0,5,8,955
0,0,5,9,957
0,0,5,10,967
0,0,5,11,944
0,0,5,12,949
0,0,5,13,956
0,0,5,14,957
0,0,5,15,1352
0,0,5,16,978
0,0,5,17,950
0,0,5,18,979
0,0,5,19,942
0,0,5,20,961
0,0,5,21,957
0,0,5,22,950
0,0,5,23,971
0,0,5,24,965
0,0,5,25,952
0,0,5,26,966
0,0,5,27,947
0,0,5,28,952
0,0,5,29,961
0,0,5,30,954
0,0,5,31,957
0,0,6,0,940
0,0,6,1,988
0,0,6,2,958
0,0,6,3,2868
0,0,6,4,960
0,0,6,5,1343
0,0,6,6,972
0,0,6,7,937
0,0,6,8,962
0,0,6,9,953
0,0,6,10,971
0,0,6,11,971
0,0,6,12,952
0,0,6,13,938
0,0,6,14,969
0,0,6,15,959
0,0,6,16,969
0,0,6,17,958
0,0,6,18,938
0,0,6,19,937
0,0,6,20,959
0,0,6,21,979
0,0,6,22,950
0,0,6,23,962
0,0,6,24,961
0,0,6,25,977
0,0,6,26,965
0,0,6,27,957
0,0,6,28,957
0,0,6,29,961
0,0,6,30,950
0,0,6,31,975
0,1,6,0,976
0,1,6,1,966
0,1,6,2,997
0,1,6,3,995
0,1,6,4,985
0,1,6,5,941
0,1,6,6,968
0,1,6,7,997
0,1,6,8,939
0,1,6,9,931
0,1,6,10,959
0,1,6,11,956
0,1,6,12,965
0,1,6,13,956
0,1,6,14,959
0,1,6,15,960
0,1,6,16,959
0,1,6,17,943
0,1,6,18,964
0,1,6,19,963
0,1,6,20,957
0,1,6,21,953
0,1,6,22,963
0,1,6,23,959
0,1,6,24,960
0,1,6,25,944
0,1,6,26,953
0,1,6,27,956
0,1,6,28,961
0,1,6,29,954
0,1,6,30,971
0,1,6,31,949
0,2,6,0,945
0,2,6,1,965
0,2,6,2,993
0,2,6,3,969
0,2,6,4,974
0,2,6,5,1024
0,2,6,6,976
0,2,6,7,969
0,2,6,8,980
0,2,6,9,961
0,2,6,10,937
0,2,6,11,961
0,2,6,12,963
0,2,6,13,974
0,2,6,14,971
0,2,6,15,974
0,2,6,16,963
0,2,6,17,959
0,2,6,18,971
0,2,6,19,987
0,2,6,20,958
0,2,6,21,1000
0,2,6,22,956
0,2,6,23,952
0,2,6,24,965
0,2,6,25,965
0,2,6,26,973
0,2,6,27,958
0,2,6,28,957
0,2,6,29,958
0,2,6,30,953
0,2,6,31,966
0,3,6,0,981
0,3,6,1,956
0,3,6,2,970
0,3,6,3,969
0,3,6,4,972
0,3,6,5,951
0,3,6,6,947
0,3,6,7,940
0,3,6,8,950
0,3,6,9,959
0,3,6,10,938
0,3,6,11,956
0,3,6,12,948
0,3,6,13,968
0,3,6,14,951
0,3,6,15,940
0,3,6,16,973
0,3,6,17,950
0,3,6,18,956
0,3,6,19,943
0,3,6,20,952
0,3,6,21,992
0,3,6,22,940
0,3,6,23,953
0,3,6,24,971
0,3,6,25,952
0,3,6,26,946
0,3,6,27,935
0,3,6,28,942
0,3,6,29,964
0,3,6,30,969
0,3,6,31,970
0,4,6,0,957
0,4,6,1,981
0,4,6,2,975
0,4,6,3,970
0,4,6,4,980
0,4,6,5,956
0,4,6,6,971
0,4,6,7,946
0,4,6,8,970
0,4,6,9,977
0,4,6,10,944
0,4,6,11,948
0,4,6,12,977
0,4,6,13,968
0,4,6,14,980
0,4,6,15,987
0,4,6,16,977
0,4,6,17,956
0,4,6,18,981
0,4,6,19,967
0,4,6,20,967
0,4,6,21,1032
0,4,6,22,961
0,4,6,23,961
0,4,6,24,971
0,4,6,25,976
0,4,6,26,958
0,4,6,27,977
0,4,6,28,952
0,4,6,29,942
0,4,6,30,960
0,4,6,31,935
0,4,7,0,941
0,4,7,1,940
0,4,7,2,945
0,4,7,3,939
0,4,7,4,964
0,4,7,5,958
0,4,7,6,963
0,4,7,7,928
0,4,7,8,942
0,4,7,9,936
0,4,7,10,953
0,4,7,11,977
0,4,7,12,953
0,4,7,13,955
0,4,7,14,960
0,4,7,15,941
0,4,7,16,955
0,4,7,17,968
0,4,7,18,944
0,4,7,19,943
0,4,7,20,965
0,4,7,21,951
0,4,7,22,941
0,4,7,23,969
0,4,7,24,952
0,4,7,25,978
0,4,7,26,976
0,4,7,27,992
0,4,7,28,942
0,4,7,29,960
0,4,7,30,962
0,4,7,31,1005
0,3,7,0,964
0,3,7,1,988
0,3,7,2,984
0,3,7,3,983
0,3,7,4,987
0,3,7,5,1002
0,3,7,6,946
0,3,7,7,949
0,3,7,8,963
0,3,7,9,965
0,3,7,10,969
0,3,7,11,955
0,3,7,12,954
0,3,7,13,959
0,3,7,14,964
0,3,7,15,958
0,3,7,16,957
0,3,7,17,958
0,3,7,18,952
0,3,7,19,973
0,3,7,20,977
0,3,7,21,944
0,3,7,22,965
0,3,7,23,964
0,3,7,24,949
0,3,7,25,960
0,3,7,26,967
0,3,7,27,966
0,3,7,28,962
0,3,7,29,951
0,3,7,30,942
0,3,7,31,937
0,2,7,0,951
0,2,7,1,971
0,2,7,2,985
0,2,7,3,953
0,2,7,4,979
0,2,7,5,1015
0,2,7,6,975
0,2,7,7,961
0,2,7,8,966
0,2,7,9,984
0,2,7,10,936
0,2,7,11,983
0,2,7,12,975
0,2,7,13,971
0,2,7,14,955
0,2,7,15,966
0,2,7,16,955
0,2,7,17,968
0,2,7,18,948
0,2,7,19,967
0,2,7,20,947
0,2,7,21,970
0,2,7,22,949
0,2,7,23,960
0,2,7,24,955
0,2,7,25,949
0,2,7,26,946
0,2,7,27,986
0,2,7,28,981
0,2,7,29,949
0,2,7,30,960
0,2,7,31,940
0,1,7,0,953
0,1,7,1,963
0,1,7,2,978
0,1,7,3,958
0,1,7,4,961
0,1,7,5,958
0,1,7,6,973
0,1,7,7,965
0,1,7,8,960
0,1,7,9,948
0,1,7,10,958
0,1,7,11,974
0,1,7,12,969
0,1,7,13,962
0,1,7,14,934
0,1,7,15,948
0,1,7,16,948
0,1,7,17,968
0,1,7,18,933
0,1,7,19,961
0,1,7,20,960
0,1,7,21,959
0,1,7,22,940
0,1,7,23,951
0,1,7,24,946
0,1,7,25,947
0,1,7,26,950
0,1,7,27,971
0,1,7,28,954
0,1,7,29,938
0,1,7,30,936
0,1,7,31,954
0,0,7,0,986
0,0,7,1,965
0,0,7,2,1001
0,0,7,3,983
0,0,7,4,950
0,0,7,5,1013
0,0,7,6,951
0,0,7,7,980
0,0,7,8,961
0,0,7,9,968
0,0,7,10,950
0,0,7,11,951
0,0,7,12,972
0,0,7,13,980
0,0,7,14,957
0,0,7,15,978
0,0,7,16,960
0,0,7,17,950
0,0,7,18,957
0,0,7,19,948
0,0,7,20,973
0,0,7,21,957
0,0,7,22,977
0,0,7,23,963
0,0,7,24,973
0,0,7,25,937
0,0,7,26,966
0,0,7,27,954
0,0,7,28,969
0,0,7,29,943
0,0,7,30,954
0,0,7,31,954
1,0,0,0,874
1,0,0,1,771
1,0,0,2,801
1,0,0,3,802
1,0,0,4,809
1,0,0,5,824
1,0,0,6,803
1,0,0,7,839
1,0,0,8,811
1,0,0,9,785
1,0,0,10,797
1,0,0,11,781
1,0,0,12,787
1,0,0,13,824
1,0,0,14,802
1,0,0,15,810
1,0,0,16,812
1,0,0,17,795
1,0,0,18,808
1,0,0,19,804
1,0,0,20,830
1,0,0,21,853
1,0,0,22,789
1,0,0,23,790
1,0,0,24,819
1,0,0,25,822
1,0,0,26,829
1,0,0,27,813
1,0,0,28,797
1,0,0,29,832
1,0,0,30,802
1,0,0,31,833
1,1,0,0,842
1,1,0,1,792
1,1,0,2,803
1,1,0,3,791
1,1,0,4,805
1,1,0,5,830
1,1,0,6,809
1,1,0,7,806
1,1,0,8,817
1,1,0,9,911
1,1,0,10,814
1,1,0,11,792
1,1,0,12,792
1,1,0,13,845
1,1,0,14,794
1,1,0,15,822
1,1,0,16,853
1,1,0,17,808
1,1,0,18,803
1,1,0,19,799
1,1,0,20,819
1,1,0,21,859
1,1,0,22,800
1,1,0,23,849
1,1,0,24,850
1,1,0,25,799
1,1,0,26,825
1,1,0,27,825
1,1,0,28,805
1,1,0,29,818
1,1,0,30,787
1,1,0,31,806
1,2,0,0,801
1,2,0,1,748
1,2,0,2,759
1,2,0,3,754
1,2,0,4,760
1,2,0,5,782
1,2,0,6,767
1,2,0,7,761
1,2,0,8,823
1,2,0,9,782
1,2,0,10,802
1,2,0,11,772
1,2,0,12,771
1,2,0,13,769
1,2,0,14,769
1,2,0,15,787
1,2,0,16,794
1,2,0,17,762
1,2,0,18,773
1,2,0,19,766
1,2,0,20,775
1,2,0,21,789
1,2,0,22,769
1,2,0,23,764
1,2,0,24,793
1,2,0,25,780
1,2,0,26,782
1,2,0,27,774
1,2,0,28,766
1,2,0,29,783
1,2,0,30,766
1,2,0,31,773
1,3,0,0,809
1,3,0,1,781
1,3,0,2,779
1,3,0,3,792
1,3,0,4,752
1,3,0,5,764
1,3,0,6,767
1,3,0,7,743
1,3,0,8,771
1,3,0,9,773
1,3,0,10,769
1,3,0,11,767
1,3,0,12,753
1,3,0,13,780
1,3,0,14,756
1,3,0,15,756
1,3,0,16,773
1,3,0,17,761
1,3,0,18,766
1,3,0,19,762
1,3,0,20,740
1,3,0,21,773
1,3,0,22,758
1,3,0,23,754
1,3,0,24,773
1,3,0,25,753
1,3,0,26,772
1,3,0,27,775
1,3,0,28,761
1,3,0,29,768
1,3,0,30,752
1,3,0,31,766
1,4,0,0,813
1,4,0,1,808
1,4,0,2,802
1,4,0,3,824
1,4,0,4,817
1,4,0,5,812
1,4,0,6,798
1,4,0,7,822
1,4,0,8,817
1,4,0,9,904
1,4,0,10,804
1,4,0,11,810
1,4,0,12,815
1,4,0,13,824
1,4,0,14,801
1,4,0,15,819
1,4,0,16,820
1,4,0,17,803
1,4,0,18,814
1,4,0,19,798
1,4,0,20,806
1,4,0,21,830
1,4,0,22,797
1,4,0,23,810
1,4,0,24,816
1,4,0,25,793
1,4,0,26,823
1,4,0,27,819
1,4,0,28,795
1,4,0,29,807
1,4,0,30,792
1,4,0,31,820
1,4,1,0,787
1,4,1,1,774
1,4,1,2,809
1,4,1,3,811
1,4,1,4,779
1,4,1,5,846
1,4,1,6,794
1,4,1,7,821
1,4,1,8,825
1,4,1,9,783
1,4,1,10,820
1,4,1,11,893
1,4,1,12,802
1,4,1,13,809
1,4,1,14,807
1,4,1,15,818
1,4,1,16,833
1,4,1,17,806
1,4,1,18,830
1,4,1,19,784
1,4,1,20,804
1,4,1,21,820
1,4,1,22,799
1,4,1,23,815
1,4,1,24,857
1,4,1,25,806
1,4,1,26,801
1,4,1,27,801
1,4,1,28,843
1,4,1,29,816
1,4,1,30,795
1,4,1,31,793
1,3,1,0,753
1,3,1,1,765
1,3,1,2,761
1,3,1,3,779
1,3,1,4,784
1,3,1,5,753
1,3,1,6,742
1,3,1,7,764
1,3,1,8,769
1,3,1,9,773
1,3,1,10,776
1,3,1,11,770
1,3,1,12,759
1,3,1,13,773
1,3,1,14,754
1,3,1,15,758
1,3,1,16,762
1,3,1,17,2526
1,3,1,18,1033
1,3,1,19,754
1,3,1,20,748
1,3,1,21,773
1,3,1,22,763
1,3,1,23,763
1,3,1,24,766
1,3,1,25,748
1,3,1,26,761
1,3,1,27,773
1,3,1,28,770
1,3,1,29,773
1,3,1,30,757
1,3,1,31,771
1,2,1,0,761
1,2,1,1,777
1,2,1,2,779
1,2,1,3,785
1,2,1,4,775
1,2,1,5,767
1,2,1,6,750
1,2,1,7,740
1,2,1,8,783
1,2,1,9,764
1,2,1,10,778
1,2,1,11,779
1,2,1,12,765
1,2,1,13,779
1,2,1,14,767
1,2,1,15,772
1,2,1,16,771
1,2,1,17,744
1,2,1,18,778
1,2,1,19,771
1,2,1,20,765
1,2,1,21,768
1,2,1,22,763
1,2,1,23,758
1,2,1,24,799
1,2,1,25,776
1,2,1,26,787
1,2,1,27,782
1,2,1,28,769
1,2,1,29,794
1,2,1,30,765
1,2,1,31,756
1,1,1,0,828
1,1,1,1,803
1,1,1,2,802
1,1,1,3,804
1,1,1,4,788
1,1,1,5,812
1,1,1,6,782
1,1,1,7,824
1,1,1,8,884
1,1,1,9,804
1,1,1,10,803
1,1,1,11,794
1,1,1,12,807
1,1,1,13,828
1,1,1,14,788
1,1,1,15,803
1,1,1,16,833
1,1,1,17,814
1,1,1,18,804
1,1,1,19,826
1,1,1,20,803
1,1,1,21,836
1,1,1,22,789
1,1,1,23,806
1,1,1,24,885
1,1,1,25,790
1,1,1,26,819
1,1,1,27,809
1,1,1,28,813
1,1,1,29,863
1,1,1,30,800
1,1,1,31,806
1,0,1,0,811
1,0,1,1,818
1,0,1,2,820
1,0,1,3,826
1,0,1,4,807
1,0,1,5,843
1,0,1,6,808
1,0,1,7,825
1,0,1,8,811
1,0,1,9,796
1,0,1,10,814
1,0,1,11,790
1,0,1,12,813
1,0,1,13,824
1,0,1,14,795
1,0,1,15,811
1,0,1,16,813
1,0,1,17,796
1,0,1,18,819
1,0,1,19,796
1,0,1,20,801
1,0,1,21,816
1,0,1,22,790
1,0,1,23,803
1,0,1,24,799
1,0,1,25,833
1,0,1,26,839
1,0,1,27,780
1,0,1,28,824
1,0,1,29,819
1,0,1,30,784
1,0,1,31,825
1,0,2,0,779
1,0,2,1,769
1,0,2,2,791
1,0,2,3,807
1,0,2,4,800
1,0,2,5,825
1,0,2,6,800
1,0,2,7,808
1,0,2,8,812
1,0,2,9,813
1,0,2,10,811
1,0,2,11,812
1,0,2,12,817
1,0,2,13,822
1,0,2,14,805
1,0,2,15,819
1,0,2,16,820
1,0,2,17,795
1,0,2,18,810
1,0,2,19,809
1,0,2,20,809
1,0,2,21,839
1,0,2,22,804
1,0,2,23,822
1,0,2,24,884
1,0,2,25,798
1,0,2,26,813
1,0,2,27,813
1,0,2,28,786
1,0,2,29,837
1,0,2,30,791
1,0,2,31,820
1,1,2,0,779
1,1,2,1,779
1,1,2,2,795
1,1,2,3,809
1,1,2,4,820
1,1,2,5,818
1,1,2,6,790
1,1,2,7,818
1,1,2,8,791
1,1,2,9,878
1,1,2,10,834
1,1,2,11,811
1,1,2,12,816
1,1,2,13,823
1,1,2,14,799
1,1,2,15,816
1,1,2,16,826
1,1,2,17,809
1,1,2,18,850
1,1,2,19,829
1,1,2,20,820
1,1,2,21,830
1,1,2,22,793
1,1,2,23,814
1,1,2,24,840
1,1,2,25,816
1,1,2,26,801
1,1,2,27,823
1,1,2,28,811
1,1,2,29,821
1,1,2,30,792
1,1,2,31,828
1,2,2,0,770
1,2,2,1,770
1,2,2,2,784
1,2,2,3,776
1,2,2,4,779
1,2,2,5,763
1,2,2,6,756
1,2,2,7,769
1,2,2,8,763
1,2,2,9,769
1,2,2,10,779
1,2,2,11,769
1,2,2,12,775
1,2,2,13,756
1,2,2,14,761
1,2,2,15,784
1,2,2,16,782
1,2,2,17,774
1,2,2,18,770
1,2,2,19,763
1,2,2,20,759
1,2,2,21,773
1,2,2,22,756
1,2,2,23,772
1,2,2,24,791
1,2,2,25,769
1,2,2,26,818
1,2,2,27,774
1,2,2,28,780
1,2,2,29,778
1,2,2,30,771
1,2,2,31,776
1,3,2,0,753
1,3,2,1,761
1,3,2,2,793
1,3,2,3,771
1,3,2,4,762
1,3,2,5,774
1,3,2,6,766
1,3,2,7,746
1,3,2,8,766
1,3,2,9,873
1,3,2,10,758
1,3,2,11,758
1,3,2,12,761
1,3,2,13,786
1,3,2,14,762
1,3,2,15,749
1,3,2,16,779
1,3,2,17,764
1,3,2,18,776
1,3,2,19,766
1,3,2,20,761
1,3,2,21,772
1,3,2,22,764
1,3,2,23,761
1,3,2,24,775
1,3,2,25,751
1,3,2,26,767
1,3,2,27,765
1,3,2,28,769
1,3,2,29,777
1,3,2,30,748
1,3,2,31,772
1,4,2,0,800
1,4,2,1,807
1,4,2,2,837
1,4,2,3,815
1,4,2,4,813
1,4,2,5,833
1,4,2,6,803
1,4,2,7,804
1,4,2,8,824
1,4,2,9,796
1,4,2,10,819
1,4,2,11,819
1,4,2,12,798
1,4,2,13,808
1,4,2,14,784
1,4,2,15,820
1,4,2,16,817
1,4,2,17,804
1,4,2,18,833
1,4,2,19,794
1,4,2,20,801
1,4,2,21,823
1,4,2,22,809
1,4,2,23,831
1,4,2,24,815
1,4,2,25,821
1,4,2,26,807
1,4,2,27,797
1,4,2,28,817
1,4,2,29,819
1,4,2,30,804
1,4,2,31,793
1,4,3,0,799
1,4,3,1,793
1,4,3,2,795
1,4,3,3,799
1,4,3,4,789
1,4,3,5,837
1,4,3,6,797
1,4,3,7,812
1,4,3,8,810
1,4,3,9,785
1,4,3,10,821
1,4,3,11,801
1,4,3,12,797
1,4,3,13,821
1,4,3,14,811
1,4,3,15,828
1,4,3,16,830
1,4,3,17,799
1,4,3,18,826
1,4,3,19,803
1,4,3,20,812
1,4,3,21,815
1,4,3,22,804
1,4,3,23,808
1,4,3,24,815
1,4,3,25,797
1,4,3,26,805
1,4,3,27,809
1,4,3,28,804
1,4,3,29,816
1,4,3,30,798
1,4,3,31,803
1,3,3,0,750
1,3,3,1,761
1,3,3,2,772
1,3,3,3,772
1,3,3,4,776
1,3,3,5,751
1,3,3,6,757
1,3,3,7,757
1,3,3,8,776
1,3,3,9,762
1,3,3,10,752
1,3,3,11,769
1,3,3,12,770
1,3,3,13,780
1,3,3,14,773
1,3,3,15,770
1,3,3,16,773
1,3,3,17,764
1,3,3,18,764
1,3,3,19,761
1,3,3,20,764
1,3,3,21,768
1,3,3,22,767
1,3,3,23,755
1,3,3,24,779
1,3,3,25,765
1,3,3,26,774
1,3,3,27,761
1,3,3,28,766
1,3,3,29,766
1,3,3,30,763
1,3,3,31,769
1,2,3,0,769
1,2,3,1,767
1,2,3,2,790
1,2,3,3,777
1,2,3,4,785
1,2,3,5,778
1,2,3,6,770
1,2,3,7,772
1,2,3,8,782
1,2,3,9,768
1,2,3,10,774
1,2,3,11,776
1,2,3,12,763
1,2,3,13,792
1,2,3,14,752
1,2,3,15,761
1,2,3,16,785
1,2,3,17,761
1,2,3,18,786
1,2,3,19,769
1,2,3,20,791
1,2,3,21,776
1,2,3,22,764
1,2,3,23,757
1,2,3,24,860
1,2,3,25,762
1,2,3,26,769
1,2,3,27,785
1,2,3,28,779
1,2,3,29,792
1,2,3,30,775
1,2,3,31,792
1,1,3,0,811
1,1,3,1,804
1,1,3,2,816
1,1,3,3,821
1,1,3,4,834
1,1,3,5,822
1,1,3,6,807
1,1,3,7,807
1,1,3,8,824
1,1,3,9,788
1,1,3,10,810
1,1,3,11,881
1,1,3,12,837
1,1,3,13,818
1,1,3,14,786
1,1,3,15,801
1,1,3,16,842
1,1,3,17,817
1,1,3,18,841
1,1,3,19,806
1,1,3,20,824
1,1,3,21,840
1,1,3,22,817
1,1,3,23,829
1,1,3,24,850
1,1,3,25,790
1,1,3,26,829
1,1,3,27,811
1,1,3,28,790
1,1,3,29,840
1,1,3,30,801
1,1,3,31,824
1,0,3,0,805
1,0,3,1,810
1,0,3,2,815
1,0,3,3,798
1,0,3,4,825
1,0,3,5,827
1,0,3,6,788
1,0,3,7,811
1,0,3,8,821
1,0,3,9,783
1,0,3,10,810
1,0,3,11,803
1,0,3,12,781
1,0,3,13,818
1,0,3,14,798
1,0,3,15,812
1,0,3,16,802
1,0,3,17,792
1,0,3,18,808
1,0,3,19,798
1,0,3,20,806
1,0,3,21,836
1,0,3,22,784
1,0,3,23,819
1,0,3,24,812
1,0,3,25,876
1,0,3,26,840
1,0,3,27,820
1,0,3,28,802
1,0,3,29,828
1,0,3,30,806
1,0,3,31,820
1,0,4,0,786
1,0,4,1,782
1,0,4,2,780
1,0,4,3,776
1,0,4,4,804
1,0,4,5,803
1,0,4,6,787
1,0,4,7,786
1,0,4,8,808
1,0,4,9,792
1,0,4,10,856
1,0,4,11,792
1,0,4,12,798
1,0,4,13,831
1,0,4,14,785
1,0,4,15,828
1,0,4,16,828
1,0,4,17,804
1,0,4,18,815
1,0,4,19,808
1,0,4,20,809
1,0,4,21,820
1,0,4,22,792
1,0,4,23,808
1,0,4,24,822
1,0,4,25,785
1,0,4,26,808
1,0,4,27,810
1,0,4,28,820
1,0,4,29,838
1,0,4,30,783
1,0,4,31,841
1,1,4,0,808
1,1,4,1,797
1,1,4,2,816
1,1,4,3,818
1,1,4,4,810
1,1,4,5,820
1,1,4,6,803
1,1,4,7,809
1,1,4,8,829
1,1,4,9,806
1,1,4,10,831
1,1,4,11,807
1,1,4,12,800
1,1,4,13,851
1,1,4,14,814
1,1,4,15,827
1,1,4,16,846
1,1,4,17,812
1,1,4,18,839
1,1,4,19,816
1,1,4,20,800
1,1,4,21,841
1,1,4,22,802
1,1,4,23,813
1,1,4,24,811
1,1,4,25,824
1,1,4,26,821
1,1,4,27,788
1,1,4,28,808
1,1,4,29,843
1,1,4,30,818
1,1,4,31,802
1,2,4,0,778
1,2,4,1,782
1,2,4,2,798
1,2,4,3,775
1,2,4,4,808
1,2,4,5,766
1,2,4,6,781
1,2,4,7,789
1,2,4,8,785
1,2,4,9,781
1,2,4,10,789
1,2,4,11,777
1,2,4,12,800
1,2,4,13,773
1,2,4,14,763
1,2,4,15,787
1,2,4,16,1145
1,2,4,17,804
1,2,4,18,771
1,2,4,19,769
1,2,4,20,761
1,2,4,21,791
1,2,4,22,772
1,2,4,23,780
1,2,4,24,778
1,2,4,25,775
1,2,4,26,767
1,2,4,27,773
1,2,4,28,770
1,2,4,29,785
1,2,4,30,772
1,2,4,31,763
1,3,4,0,752
1,3,4,1,793
1,3,4,2,775
1,3,4,3,795
1,3,4,4,792
1,3,4,5,765
1,3,4,6,735
1,3,4,7,762
1,3,4,8,765
1,3,4,9,757
1,3,4,10,767
1,3,4,11,763
1,3,4,12,770
1,3,4,13,791
1,3,4,14,764
1,3,4,15,780
1,3,4,16,774
1,3,4,17,749
1,3,4,18,775
1,3,4,19,769
1,3,4,20,769
1,3,4,21,770
1,3,4,22,751
1,3,4,23,741
1,3,4,24,767
1,3,4,25,773
1,3,4,26,759
1,3,4,27,766
1,3,4,28,748
1,3,4,29,771
1,3,4,30,766
1,3,4,31,752
1,4,4,0,815
1,4,4,1,799
1,4,4,2,820
1,4,4,3,826
1,4,4,4,840
1,4,4,5,850
1,4,4,6,791
1,4,4,7,824
1,4,4,8,918
1,4,4,9,805
1,4,4,10,836
1,4,4,11,821
1,4,4,12,821
1,4,4,13,851
1,4,4,14,791
1,4,4,15,827
1,4,4,16,825
1,4,4,17,792
1,4,4,18,839
1,4,4,19,806
1,4,4,20,827
1,4,4,21,837
1,4,4,22,794
1,4,4,23,798
1,4,4,24,812
1,4,4,25,802
1,4,4,26,828
1,4,4,27,799
1,4,4,28,787
1,4,4,29,831
1,4,4,30,801
1,4,4,31,815
1,4,5,0,775
1,4,5,1,781
1,4,5,2,785
1,4,5,3,796
1,4,5,4,796
1,4,5,5,833
1,4,5,6,790
1,4,5,7,823
1,4,5,8,816
1,4,5,9,805
1,4,5,10,847
1,4,5,11,811
1,4,5,12,798
1,4,5,13,831
1,4,5,14,798
1,4,5,15,825
1,4,5,16,826
1,4,5,17,792
1,4,5,18,818
1,4,5,19,798
1,4,5,20,802
1,4,5,21,814
1,4,5,22,796
1,4,5,23,811
1,4,5,24,905
1,4,5,25,806
1,4,5,26,818
1,4,5,27,805
1,4,5,28,801
1,4,5,29,839
1,4,5,30,795
1,4,5,31,819
1,3,5,0,756
1,3,5,1,769
1,3,5,2,791
1,3,5,3,786
1,3,5,4,775
1,3,5,5,780
1,3,5,6,768
1,3,5,7,764
1,3,5,8,775
1,3,5,9,763
1,3,5,10,779
1,3,5,11,783
1,3,5,12,768
1,3,5,13,779
1,3,5,14,765
1,3,5,15,772
1,3,5,16,765
1,3,5,17,749
1,3,5,18,753
1,3,5,19,778
1,3,5,20,764
1,3,5,21,776
1,3,5,22,773
1,3,5,23,760
1,3,5,24,776
1,3,5,25,771
1,3,5,26,776
1,3,5,27,770
1,3,5,28,772
1,3,5,29,776
1,3,5,30,756
1,3,5,31,754
1,2,5,0,762
1,2,5,1,780
1,2,5,2,768
1,2,5,3,787
1,2,5,4,784
1,2,5,5,766
1,2,5,6,754
1,2,5,7,766
1,2,5,8,830
1,2,5,9,754
1,2,5,10,784
1,2,5,11,770
1,2,5,12,766
1,2,5,13,772
1,2,5,14,757
1,2,5,15,786
1,2,5,16,770
1,2,5,17,751
1,2,5,18,745
1,2,5,19,777
1,2,5,20,754
1,2,5,21,783
1,2,5,22,765
1,2,5,23,769
1,2,5,24,778
1,2,5,25,777
1,2,5,26,794
1,2,5,27,772
1,2,5,28,781
1,2,5,29,798
1,2,5,30,772
1,2,5,31,783
1,1,5,0,802
1,1,5,1,796
1,1,5,2,816
1,1,5,3,811
1,1,5,4,824
1,1,5,5,815
1,1,5,6,809
1,1,5,7,816
1,1,5,8,828
1,1,5,9,794
1,1,5,10,822
1,1,5,11,807
1,1,5,12,806
1,1,5,13,836
1,1,5,14,791
1,1,5,15,847
1,1,5,16,828
1,1,5,17,796
1,1,5,18,828
1,1,5,19,807
1,1,5,20,797
1,1,5,21,850
1,1,5,22,805
1,1,5,23,806
1,1,5,24,819
1,1,5,25,802
1,1,5,26,817
1,1,5,27,805
1,1,5,28,811
1,1,5,29,842
1,1,5,30,789
1,1,5,31,820
1,0,5,0,784
1,0,5,1,803
1,0,5,2,838
1,0,5,3,820
1,0,5,4,809
1,0,5,5,838
1,0,5,6,805
1,0,5,7,827
1,0,5,8,837
1,0,5,9,787
1,0,5,10,850
1,0,5,11,797
1,0,5,12,818
1,0,5,13,844
1,0,5,14,800
1,0,5,15,800
1,0,5,16,841
1,0,5,17,803
1,0,5,18,813
1,0,5,19,813
1,0,5,20,814
1,0,5,21,844
1,0,5,22,801
1,0,5,23,828
1,0,5,24,809
1,0,5,25,789
1,0,5,26,812
1,0,5,27,788
1,0,5,28,788
1,0,5,29,827
1,0,5,30,792
1,0,5,31,811
1,0,6,0,788
1,0,6,1,784
1,0,6,2,801
1,0,6,3,785
1,0,6,4,784
1,0,6,5,819
1,0,6,6,784
1,0,6,7,825
1,0,6,8,825
1,0,6,9,786
1,0,6,10,857
1,0,6,11,796
1,0,6,12,785
1,0,6,13,824
1,0,6,14,786
1,0,6,15,809
1,0,6,16,850
1,0,6,17,808
1,0,6,18,801
1,0,6,19,815
1,0,6,20,800
1,0,6,21,837
1,0,6,22,797
1,0,6,23,837
1,0,6,24,827
1,0,6,25,798
1,0,6,26,857
1,0,6,27,794
1,0,6,28,794
1,0,6,29,830
1,0,6,30,799
1,0,6,31,812
1,1,6,0,783
1,1,6,1,811
1,1,6,2,810
1,1,6,3,815
1,1,6,4,822
1,1,6,5,858
1,1,6,6,801
1,1,6,7,850
1,1,6,8,847
1,1,6,9,790
1,1,6,10,813
1,1,6,11,822
1,1,6,12,815
1,1,6,13,877
1,1,6,14,787
1,1,6,15,835
1,1,6,16,837
1,1,6,17,808
1,1,6,18,808
1,1,6,19,816
1,1,6,20,798
1,1,6,21,840
1,1,6,22,796
1,1,6,23,807
1,1,6,24,818
1,1,6,25,811
1,1,6,26,822
1,1,6,27,803
1,1,6,28,812
1,1,6,29,833
1,1,6,30,802
1,1,6,31,842
1,2,6,0,744
1,2,6,1,770
1,2,6,2,810
1,2,6,3,789
1,2,6,4,789
1,2,6,5,796
1,2,6,6,765
1,2,6,7,786
1,2,6,8,786
1,2,6,9,830
1,2,6,10,796
1,2,6,11,784
1,2,6,12,772
1,2,6,13,767
1,2,6,14,777
1,2,6,15,767
1,2,6,16,775
1,2,6,17,763
1,2,6,18,798
1,2,6,19,764
1,2,6,20,786
1,2,6,21,792
1,2,6,22,766
1,2,6,23,765
1,2,6,24,788
1,2,6,25,789
1,2,6,26,794
1,2,6,27,769
1,2,6,28,773
1,2,6,29,801
1,2,6,30,783
1,2,6,31,777
1,3,6,0,788
1,3,6,1,768
1,3,6,2,787
1,3,6,3,786
1,3,6,4,767
1,3,6,5,762
1,3,6,6,765
1,3,6,7,746
1,3,6,8,775
1,3,6,9,752
1,3,6,10,771
1,3,6,11,768
1,3,6,12,772
1,3,6,13,785
1,3,6,14,755
1,3,6,15,758
1,3,6,16,774
1,3,6,17,775
1,3,6,18,751
1,3,6,19,771
1,3,6,20,749
1,3,6,21,779
1,3,6,22,760
1,3,6,23,751
1,3,6,24,764
1,3,6,25,813
1,3,6,26,766
1,3,6,27,752
1,3,6,28,760
1,3,6,29,787
1,3,6,30,748
1,3,6,31,770
1,4,6,0,809
1,4,6,1,802
1,4,6,2,822
1,4,6,3,836
1,4,6,4,829
1,4,6,5,821
1,4,6,6,794
1,4,6,7,815
1,4,6,8,810
1,4,6,9,792
1,4,6,10,820
1,4,6,11,793
1,4,6,12,798
1,4,6,13,807
1,4,6,14,788
1,4,6,15,802
1,4,6,16,825
1,4,6,17,803
1,4,6,18,823
1,4,6,19,797
1,4,6,20,789
1,4,6,21,846
1,4,6,22,804
1,4,6,23,808
1,4,6,24,797
1,4,6,25,791
1,4,6,26,833
1,4,6,27,798
1,4,6,28,806
1,4,6,29,825
1,4,6,30,784
1,4,6,31,833
1,4,7,0,797
1,4,7,1,787
1,4,7,2,809
1,4,7,3,809
1,4,7,4,806
1,4,7,5,833
1,4,7,6,816
1,4,7,7,819
1,4,7,8,822
1,4,7,9,813
1,4,7,10,844
1,4,7,11,808
1,4,7,12,808
1,4,7,13,829
1,4,7,14,807
1,4,7,15,824
1,4,7,16,816
1,4,7,17,781
1,4,7,18,815
1,4,7,19,800
1,4,7,20,806
1,4,7,21,854
1,4,7,22,794
1,4,7,23,805
1,4,7,24,813
1,4,7,25,805
1,4,7,26,822
1,4,7,27,810
1,4,7,28,790
1,4,7,29,791
1,4,7,30,784
1,4,7,31,827
1,3,7,0,758
1,3,7,1,761
1,3,7,2,784
1,3,7,3,786
1,3,7,4,781
1,3,7,5,778
1,3,7,6,767
1,3,7,7,753
1,3,7,8,762
1,3,7,9,766
1,3,7,10,776
1,3,7,11,777
1,3,7,12,766
1,3,7,13,785
1,3,7,14,768
1,3,7,15,759
1,3,7,16,797
1,3,7,17,770
1,3,7,18,762
1,3,7,19,765
1,3,7,20,749
1,3,7,21,755
1,3,7,22,740
1,3,7,23,745
1,3,7,24,766
1,3,7,25,752
1,3,7,26,768
1,3,7,27,766
1,3,7,28,762
1,3,7,29,779
1,3,7,30,751
1,3,7,31,750
1,2,7,0,773
1,2,7,1,785
1,2,7,2,806
1,2,7,3,792
1,2,7,4,797
1,2,7,5,810
1,2,7,6,771
1,2,7,7,767
1,2,7,8,759
1,2,7,9,769
1,2,7,10,776
1,2,7,11,788
1,2,7,12,780
1,2,7,13,783
1,2,7,14,766
1,2,7,15,766
1,2,7,16,788
1,2,7,17,767
1,2,7,18,775
1,2,7,19,767
1,2,7,20,773
1,2,7,21,780
1,2,7,22,771
1,2,7,23,778
1,2,7,24,768
1,2,7,25,768
1,2,7,26,773
1,2,7,27,789
1,2,7,28,770
1,2,7,29,777
1,2,7,30,776
1,2,7,31,781
1,1,7,0,788
1,1,7,1,813
1,1,7,2,823
1,1,7,3,808
1,1,7,4,806
1,1,7,5,819
1,1,7,6,807
1,1,7,7,829
1,1,7,8,820
1,1,7,9,801
1,1,7,10,827
1,1,7,11,805
1,1,7,12,815
1,1,7,13,837
1,1,7,14,802
1,1,7,15,820
1,1,7,16,824
1,1,7,17,837
1,1,7,18,827
1,1,7,19,814
1,1,7,20,827
1,1,7,21,824
1,1,7,22,796
1,1,7,23,801
1,1,7,24,898
1,1,7,25,800
1,1,7,26,810
1,1,7,27,814
1,1,7,28,806
1,1,7,29,830
1,1,7,30,810
1,1,7,31,836
1,0,7,0,784
1,0,7,1,803
1,0,7,2,819
1,0,7,3,814
1,0,7,4,805
1,0,7,5,848
1,0,7,6,814
1,0,7,7,823
1,0,7,8,805
1,0,7,9,810
1,0,7,10,801
1,0,7,11,790
1,0,7,12,802
1,0,7,13,841
1,0,7,14,797
1,0,7,15,820
1,0,7,16,815
1,0,7,17,805
1,0,7,18,829
1,0,7,19,801
1,0,7,20,823
1,0,7,21,873
1,0,7,22,786
1,0,7,23,813
1,0,7,24,806
1,0,7,25,804
1,0,7,26,820
1,0,7,27,2598
1,0,7,28,2610
1,0,7,29,2592
1,0,7,30,2601
1,0,7,31,2601
2,0,0,0,59098
2,0,0,1,59086
2,0,0,2,59131
2,0,0,3,99745
2,0,0,4,59348
2,0,0,5,58507
2,0,0,6,59062
2,0,0,7,58889
2,0,0,8,59169
2,0,0,9,58975
2,0,0,10,59075
2,0,0,11,59061
2,0,0,12,59671
2,0,0,13,58977
2,0,0,14,69568
2,0,0,15,59051
2,0,0,16,58721
2,0,0,17,58815
2,0,0,18,58953
2,0,0,19,59755
2,0,0,20,59226
2,0,0,21,72938
2,0,0,22,58807
2,0,0,23,58739
2,0,0,24,58464
2,0,0,25,58919
2,0,0,26,58765
2,0,0,27,59373
2,0,0,28,58758
2,0,0,29,58897
2,0,0,30,59144
2,0,0,31,59033
2,1,0,0,59197
2,1,0,1,58334
2,1,0,2,58488
2,1,0,3,59598
2,1,0,4,58648
2,1,0,5,58575
2,1,0,6,69465
2,1,0,7,59139
2,1,0,8,58324
2,1,0,9,59164
2,1,0,10,59852
2,1,0,11,64764
2,1,0,12,58272
2,1,0,13,58762
2,1,0,14,58961
2,1,0,15,58952
2,1,0,16,58745
2,1,0,17,58446
2,1,0,18,59921
2,1,0,19,58606
2,1,0,20,58818
2,1,0,21,58937
2,1,0,22,58692
2,1,0,23,58771
2,1,0,24,58636
2,1,0,25,58817
2,1,0,26,58786
2,1,0,27,59254
2,1,0,28,58824
2,1,0,29,58754
2,1,0,30,58703
2,1,0,31,58688
2,2,0,0,58718
2,2,0,1,58682
2,2,0,2,59021
2,2,0,3,58810
2,2,0,4,58623
2,2,0,5,58709
2,2,0,6,58708
2,2,0,7,58431
2,2,0,8,58278
2,2,0,9,58589
2,2,0,10,58833
2,2,0,11,58888
2,2,0,12,58526
2,2,0,13,58926
2,2,0,14,58958
2,2,0,15,60204
2,2,0,16,58600
2,2,0,17,58643
2,2,0,18,58852
2,2,0,19,58050
2,2,0,20,58956
2,2,0,21,58671
2,2,0,22,58659
2,2,0,23,58678
2,2,0,24,58520
2,2,0,25,69814
2,2,0,26,62590
2,2,0,27,59142
2,2,0,28,59078
2,2,0,29,59458
2,2,0,30,58733
2,2,0,31,58485
2,3,0,0,59806
2,3,0,1,58731
2,3,0,2,58751
2,3,0,3,58962
2,3,0,4,59738
2,3,0,5,58834
2,3,0,6,58743
2,3,0,7,58417
2,3,0,8,58937
2,3,0,9,58676
2,3,0,10,58531
2,3,0,11,58696
2,3,0,12,58564
2,3,0,13,58748
2,3,0,14,58878
2,3,0,15,58985
2,3,0,16,59636
2,3,0,17,69217
2,3,0,18,59451
2,3,0,19,59829
2,3,0,20,59984
2,3,0,21,59204
2,3,0,22,60150
2,3,0,23,58885
2,3,0,24,59042
2,3,0,25,58400
2,3,0,26,58614
2,3,0,27,58326
2,3,0,28,58772
2,3,0,29,58416
2,3,0,30,58825
2,3,0,31,59419
2,4,0,0,58913
2,4,0,1,58512
2,4,0,2,58785
2,4,0,3,58863
2,4,0,4,59355
2,4,0,5,59031
2,4,0,6,58632
2,4,0,7,58765
2,4,0,8,58638
2,4,0,9,62778
2,4,0,10,63880
2,4,0,11,59099
2,4,0,12,58668
2,4,0,13,59195
2,4,0,14,58613
2,4,0,15,59776
2,4,0,16,58587
2,4,0,17,58683
2,4,0,18,58856
2,4,0,19,58891
2,4,0,20,58512
2,4,0,21,58327
2,4,0,22,58701
2,4,0,23,58759
2,4,0,24,58321
2,4,0,25,58879
2,4,0,26,58368
2,4,0,27,58945
2,4,0,28,58386
2,4,0,29,59549
2,4,0,30,58842
2,4,0,31,58668
2,4,1,0,59714
2,4,1,1,58879
2,4,1,2,59117
2,4,1,3,58825
2,4,1,4,58977
2,4,1,5,58990
2,4,1,6,58533
2,4,1,7,58493
2,4,1,8,58633
2,4,1,9,58572
2,4,1,10,58552
2,4,1,11,58405
2,4,1,12,58683
2,4,1,13,58400
2,4,1,14,58899
2,4,1,15,58692
2,4,1,16,58432
2,4,1,17,58727
2,4,1,18,58293
2,4,1,19,58605
2,4,1,20,58744
2,4,1,21,58509
2,4,1,22,58786
2,4,1,23,58548
2,4,1,24,59265
2,4,1,25,58622
2,4,1,26,58524
2,4,1,27,59551
2,4,1,28,58647
2,4,1,29,63349
2,4,1,30,58815
2,4,1,31,58959
2,3,1,0,58809
2,3,1,1,58876
2,3,1,2,58828
2,3,1,3,58607
2,3,1,4,58379
2,3,1,5,58375
2,3,1,6,59038
2,3,1,7,58705
2,3,1,8,58518
2,3,1,9,58525
2,3,1,10,59193
2,3,1,11,58517
2,3,1,12,58843
2,3,1,13,58996
2,3,1,14,58842
2,3,1,15,58580
2,3,1,16,58644
2,3,1,17,58828
2,3,1,18,59999
2,3,1,19,58946
2,3,1,20,70111
2,3,1,21,58699
2,3,1,22,58458
2,3,1,23,58900
2,3,1,24,59231
2,3,1,25,58688
2,3,1,26,59331
2,3,1,27,58587
2,3,1,28,59036
2,3,1,29,58748
2,3,1,30,58440
2,3,1,31,58697
2,2,1,0,59050
2,2,1,1,58533
2,2,1,2,58758
2,2,1,3,58140
2,2,1,4,58669
2,2,1,5,59566
2,2,1,6,59065
2,2,1,7,58626
2,2,1,8,58600
2,2,1,9,59572
2,2,1,10,58978
2,2,1,11,58926
2,2,1,12,69471
2,2,1,13,58940
2,2,1,14,58530
2,2,1,15,58873
2,2,1,16,59671
2,2,1,17,58144
2,2,1,18,58892
2,2,1,19,58649
2,2,1,20,58570
2,2,1,21,59019
2,2,1,22,59140
2,2,1,23,58668
2,2,1,24,58792
2,2,1,25,58390
2,2,1,26,59107
2,2,1,27,58926
2,2,1,28,58370
2,2,1,29,58670
2,2,1,30,59017
2,2,1,31,58935
2,1,1,0,60018
2,1,1,1,59189
2,1,1,2,58661
2,1,1,3,58498
2,1,1,4,58985
2,1,1,5,58722
2,1,1,6,58578
2,1,1,7,65388
2,1,1,8,59011
2,1,1,9,58590
2,1,1,10,58756
2,1,1,11,58792
2,1,1,12,58609
2,1,1,13,58975
2,1,1,14,58739
2,1,1,15,58363
2,1,1,16,58655
2,1,1,17,58720
2,1,1,18,58708
2,1,1,19,58928
2,1,1,20,58988
2,1,1,21,58645
2,1,1,22,59467
2,1,1,23,58498
2,1,1,24,58750
2,1,1,25,58645
2,1,1,26,58638
2,1,1,27,58942
2,1,1,28,58081
2,1,1,29,58888
2,1,1,30,59072
2,1,1,31,59138
2,0,1,0,58585
2,0,1,1,58946
2,0,1,2,58640
2,0,1,3,58942
2,0,1,4,58359
2,0,1,5,58930
2,0,1,6,60250
2,0,1,7,58966
2,0,1,8,58956
2,0,1,9,58834
2,0,1,10,58631
2,0,1,11,58588
2,0,1,12,58476
2,0,1,13,58491
2,0,1,14,58838
2,0,1,15,58572
2,0,1,16,58986
2,0,1,17,59198
2,0,1,18,59052
2,0,1,19,58459
2,0,1,20,58730
2,0,1,21,58625
2,0,1,22,58796
2,0,1,23,59184
2,0,1,24,58802
2,0,1,25,58877
2,0,1,26,58076
2,0,1,27,58695
2,0,1,28,58662
2,0,1,29,58919
2,0,1,30,59240
2,0,1,31,58780
2,0,2,0,58673
2,0,2,1,58435
2,0,2,2,58571
2,0,2,3,59537
2,0,2,4,58385
2,0,2,5,58945
2,0,2,6,58766
2,0,2,7,58121
2,0,2,8,59395
2,0,2,9,59189
2,0,2,10,59051
2,0,2,11,58696
2,0,2,12,58507
2,0,2,13,60006
2,0,2,14,58469
2,0,2,15,58851
2,0,2,16,58472
2,0,2,17,58637
2,0,2,18,58525
2,0,2,19,58825
2,0,2,20,58731
2,0,2,21,58484
2,0,2,22,58728
2,0,2,23,58685
2,0,2,24,58444
2,0,2,25,59094
2,0,2,26,58444
2,0,2,27,58511
2,0,2,28,58330
2,0,2,29,62203
2,0,2,30,58719
2,0,2,31,58753
2,1,2,0,59428
2,1,2,1,60228
2,1,2,2,58383
2,1,2,3,58738
2,1,2,4,58805
2,1,2,5,58733
2,1,2,6,69776
2,1,2,7,58595
2,1,2,8,58528
2,1,2,9,58242
2,1,2,10,59029
2,1,2,11,58651
2,1,2,12,58840
2,1,2,13,58666
2,1,2,14,58504
2,1,2,15,58561
2,1,2,16,58777
2,1,2,17,59566
2,1,2,18,58696
2,1,2,19,59312
2,1,2,20,58626
2,1,2,21,58823
2,1,2,22,58974
2,1,2,23,59253
2,1,2,24,58539
2,1,2,25,58696
2,1,2,26,59537
2,1,2,27,58769
2,1,2,28,58968
2,1,2,29,58818
2,1,2,30,58639
2,1,2,31,58676
2,2,2,0,58814
2,2,2,1,58427
2,2,2,2,58382
2,2,2,3,59204
2,2,2,4,58803
2,2,2,5,58914
2,2,2,6,58919
2,2,2,7,59808
2,2,2,8,58641
2,2,2,9,58680
2,2,2,10,59054
2,2,2,11,58849
2,2,2,12,58650
2,2,2,13,59178
2,2,2,14,58992
2,2,2,15,59023
2,2,2,16,58788
2,2,2,17,59474
2,2,2,18,58793
2,2,2,19,58515
2,2,2,20,58446
2,2,2,21,59044
2,2,2,22,58687
2,2,2,23,58738
2,2,2,24,58731
2,2,2,25,59495
2,2,2,26,69389
2,2,2,27,62340
2,2,2,28,58813
2,2,2,29,59352
2,2,2,30,58551
2,2,2,31,58744
2,3,2,0,58868
2,3,2,1,58774
2,3,2,2,58761
2,3,2,3,59017
2,3,2,4,58783
2,3,2,5,58702
2,3,2,6,58969
2,3,2,7,58590
2,3,2,8,58762
2,3,2,9,58697
2,3,2,10,58275
2,3,2,11,58619
2,3,2,12,58840
2,3,2,13,58810
2,3,2,14,59113
2,3,2,15,58633
2,3,2,16,58743
2,3,2,17,58576
2,3,2,18,58621
2,3,2,19,58718
2,3,2,20,58949
2,3,2,21,59046
2,3,2,22,59129
2,3,2,23,58874
2,3,2,24,59181
2,3,2,25,59537
2,3,2,26,58549
2,3,2,27,58452
2,3,2,28,59436
2,3,2,29,58345
2,3,2,30,58731
2,3,2,31,58721
2,4,2,0,59285
2,4,2,1,59316
2,4,2,2,59590
2,4,2,3,58955
2,4,2,4,58666
2,4,2,5,58698
2,4,2,6,58721
2,4,2,7,58780
2,4,2,8,58945
2,4,2,9,58706
2,4,2,10,58995
2,4,2,11,58666
2,4,2,12,58662
2,4,2,13,58592
2,4,2,14,58885
2,4,2,15,59880
2,4,2,16,58695
2,4,2,17,58144
2,4,2,18,58782
2,4,2,19,58395
2,4,2,20,59010
2,4,2,21,58804
2,4,2,22,58534
2,4,2,23,58295
2,4,2,24,58908
2,4,2,25,58540
2,4,2,26,58765
2,4,2,27,58568
2,4,2,28,58284
2,4,2,29,58463
2,4,2,30,58396
2,4,2,31,58623
2,4,3,0,58606
2,4,3,1,58539
2,4,3,2,58853
2,4,3,3,60505
2,4,3,4,59649
2,4,3,5,59800
2,4,3,6,64107
2,4,3,7,62009
2,4,3,8,60466
2,4,3,9,58792
2,4,3,10,58588
2,4,3,11,59494
2,4,3,12,58389
2,4,3,13,58703
2,4,3,14,58617
2,4,3,15,58835
2,4,3,16,58926
2,4,3,17,69845
2,4,3,18,58625
2,4,3,19,58747
2,4,3,20,58559
2,4,3,21,64071
2,4,3,22,61653
2,4,3,23,64549
2,4,3,24,59057
2,4,3,25,58854
2,4,3,26,58746
2,4,3,27,58987
2,4,3,28,69167
2,4,3,29,59307
2,4,3,30,58897
2,4,3,31,58397
2,3,3,0,59699
2,3,3,1,58870
2,3,3,2,58440
2,3,3,3,58425
2,3,3,4,58724
2,3,3,5,58839
2,3,3,6,58846
2,3,3,7,59269
2,3,3,8,58837
2,3,3,9,59006
2,3,3,10,58712
2,3,3,11,58359
2,3,3,12,58408
2,3,3,13,58858
2,3,3,14,58414
2,3,3,15,58243
2,3,3,16,58689
2,3,3,17,59012
2,3,3,18,58936
2,3,3,19,58742
2,3,3,20,58806
2,3,3,21,58785
2,3,3,22,59413
2,3,3,23,58426
2,3,3,24,59070
2,3,3,25,59376
2,3,3,26,59786
2,3,3,27,58765
2,3,3,28,59011
2,3,3,29,59085
2,3,3,30,58378
2,3,3,31,58898
2,2,3,0,58821
2,2,3,1,59033
2,2,3,2,59094
2,2,3,3,59111
2,2,3,4,59813
2,2,3,5,58632
2,2,3,6,58914
2,2,3,7,58579
2,2,3,8,58789
2,2,3,9,59091
2,2,3,10,58871
2,2,3,11,69487
2,2,3,12,58651
2,2,3,13,58592
2,2,3,14,58856
2,2,3,15,58685
2,2,3,16,58828
2,2,3,17,59145
2,2,3,18,58594
2,2,3,19,59868
2,2,3,20,59169
2,2,3,21,58774
2,2,3,22,61062
2,2,3,23,58604
2,2,3,24,60108
2,2,3,25,62968
2,2,3,26,59125
2,2,3,27,82122
2,2,3,28,58195
2,2,3,29,58721
2,2,3,30,58675
2,2,3,31,58495
2,1,3,0,58917
2,1,3,1,58683
2,1,3,2,58638
2,1,3,3,58666
2,1,3,4,58868
2,1,3,5,58449
2,1,3,6,59050
2,1,3,7,59004
2,1,3,8,58592
2,1,3,9,58314
2,1,3,10,58291
2,1,3,11,59436
2,1,3,12,58243
2,1,3,13,58462
2,1,3,14,58646
2,1,3,15,58290
2,1,3,16,59210
2,1,3,17,58998
2,1,3,18,61683
2,1,3,19,59103
2,1,3,20,59180
2,1,3,21,58326
2,1,3,22,58266
2,1,3,23,58620
2,1,3,24,59024
2,1,3,25,58633
2,1,3,26,59019
2,1,3,27,59219
2,1,3,28,58545
2,1,3,29,58879
2,1,3,30,69918
2,1,3,31,59103
2,0,3,0,58547
2,0,3,1,58420
2,0,3,2,58205
2,0,3,3,58619
2,0,3,4,59207
2,0,3,5,58827
2,0,3,6,58360
2,0,3,7,59831
2,0,3,8,58800
2,0,3,9,58719
2,0,3,10,58710
2,0,3,11,58541
2,0,3,12,58590
2,0,3,13,58816
2,0,3,14,58718
2,0,3,15,58481
2,0,3,16,58597
2,0,3,17,59450
2,0,3,18,58652
2,0,3,19,58770
2,0,3,20,58695
2,0,3,21,58796
2,0,3,22,58656
2,0,3,23,58795
2,0,3,24,58743
2,0,3,25,59283
2,0,3,26,58585
2,0,3,27,59695
2,0,3,28,58950
2,0,3,29,58525
2,0,3,30,58665
2,0,3,31,59629
2,0,4,0,59205
2,0,4,1,59060
2,0,4,2,58918
2,0,4,3,59079
2,0,4,4,58674
2,0,4,5,58444
2,0,4,6,58347
2,0,4,7,58764
2,0,4,8,58711
2,0,4,9,59216
2,0,4,10,58553
2,0,4,11,59723
2,0,4,12,58728
2,0,4,13,58846
2,0,4,14,59441
2,0,4,15,59362
2,0,4,16,59063
2,0,4,17,58188
2,0,4,18,58669
2,0,4,19,58612
2,0,4,20,58894
2,0,4,21,58190
2,0,4,22,59021
2,0,4,23,59164
2,0,4,24,58505
2,0,4,25,59471
2,0,4,26,58802
2,0,4,27,58613
2,0,4,28,59365
2,0,4,29,58672
2,0,4,30,58400
2,0,4,31,58433
2,1,4,0,58845
2,1,4,1,58676
2,1,4,2,58595
2,1,4,3,59020
2,1,4,4,58706
2,1,4,5,58136
2,1,4,6,58842
2,1,4,7,59153
2,1,4,8,58756
2,1,4,9,58572
2,1,4,10,58588
2,1,4,11,58542
2,1,4,12,58192
2,1,4,13,58340
2,1,4,14,58106
2,1,4,15,58777
2,1,4,16,59683
2,1,4,17,58534
2,1,4,18,58433
2,1,4,19,59336
2,1,4,20,59363
2,1,4,21,59301
2,1,4,22,58843
2,1,4,23,58936
2,1,4,24,58801
2,1,4,25,58467
2,1,4,26,58942
2,1,4,27,58901
2,1,4,28,59176
2,1,4,29,58694
2,1,4,30,58425
2,1,4,31,59280
2,2,4,0,58819
2,2,4,1,58827
2,2,4,2,58643
2,2,4,3,58691
2,2,4,4,59533
2,2,4,5,58747
2,2,4,6,58564
2,2,4,7,59255
2,2,4,8,62240
2,2,4,9,58693
2,2,4,10,58506
2,2,4,11,59153
2,2,4,12,58891
2,2,4,13,58922
2,2,4,14,59093
2,2,4,15,58301
2,2,4,16,59192
2,2,4,17,58351
2,2,4,18,58208
2,2,4,19,58435
2,2,4,20,58430
2,2,4,21,58164
2,2,4,22,58533
2,2,4,23,58846
2,2,4,24,58756
2,2,4,25,69672
2,2,4,26,58577
2,2,4,27,58659
2,2,4,28,59077
2,2,4,29,57995
2,2,4,30,58840
2,2,4,31,58756
2,3,4,0,59547
2,3,4,1,59044
2,3,4,2,58676
2,3,4,3,58346
2,3,4,4,59108
2,3,4,5,60080
2,3,4,6,58866
2,3,4,7,59011
2,3,4,8,58536
2,3,4,9,58777
2,3,4,10,58378
2,3,4,11,58371
2,3,4,12,58629
2,3,4,13,59398
2,3,4,14,58661
2,3,4,15,58745
2,3,4,16,58719
2,3,4,17,69845
2,3,4,18,58910
2,3,4,19,59067
2,3,4,20,58925
2,3,4,21,59257
2,3,4,22,59619
2,3,4,23,59131
2,3,4,24,59748
2,3,4,25,59550
2,3,4,26,58796
2,3,4,27,59447
2,3,4,28,58965
2,3,4,29,58701
2,3,4,30,59266
2,3,4,31,58921
2,4,4,0,58959
2,4,4,1,59052
2,4,4,2,58984
2,4,4,3,58753
2,4,4,4,58909
2,4,4,5,58545
2,4,4,6,59265
2,4,4,7,58577
2,4,4,8,59095
2,4,4,9,58869
2,4,4,10,58632
2,4,4,11,58810
2,4,4,12,58464
2,4,4,13,58893
2,4,4,14,58864
2,4,4,15,58973
2,4,4,16,59348
2,4,4,17,58491
2,4,4,18,58861
2,4,4,19,58972
2,4,4,20,58849
2,4,4,21,59069
2,4,4,22,58437
2,4,4,23,58947
2,4,4,24,59586
2,4,4,25,58604
2,4,4,26,58858
2,4,4,27,58751
2,4,4,28,58806
2,4,4,29,59031
2,4,4,30,59005
2,4,4,31,58921
2,4,5,0,59142
2,4,5,1,59306
2,4,5,2,58707
2,4,5,3,58860
2,4,5,4,59010
2,4,5,5,58899
2,4,5,6,58621
2,4,5,7,60085
2,4,5,8,58724
2,4,5,9,58444
2,4,5,10,59105
2,4,5,11,59875
2,4,5,12,58565
2,4,5,13,58867
2,4,5,14,59160
2,4,5,15,58493
2,4,5,16,59046
2,4,5,17,59661
2,4,5,18,59071
2,4,5,19,58579
2,4,5,20,58964
2,4,5,21,58741
2,4,5,22,59237
2,4,5,23,58804
2,4,5,24,58724
2,4,5,25,58800
2,4,5,26,58565
2,4,5,27,58539
2,4,5,28,58435
2,4,5,29,58674
2,4,5,30,58901
2,4,5,31,58680
2,3,5,0,59518
2,3,5,1,58926
2,3,5,2,58767
2,3,5,3,58491
2,3,5,4,58502
2,3,5,5,58644
2,3,5,6,58649
2,3,5,7,58935
2,3,5,8,58937
2,3,5,9,58809
2,3,5,10,58973
2,3,5,11,58690
2,3,5,12,59124
2,3,5,13,58643
2,3,5,14,59111
2,3,5,15,58773
2,3,5,16,59679
2,3,5,17,58734
2,3,5,18,59368
2,3,5,19,58798
2,3,5,20,69724
2,3,5,21,59544
2,3,5,22,59037
2,3,5,23,58849
2,3,5,24,58790
2,3,5,25,60266
2,3,5,26,58560
2,3,5,27,59035
2,3,5,28,58538
2,3,5,29,59095
2,3,5,30,58873
2,3,5,31,58733
2,2,5,0,58607
2,2,5,1,59063
2,2,5,2,58839
2,2,5,3,59019
2,2,5,4,58696
2,2,5,5,58963
2,2,5,6,59206
2,2,5,7,58743
2,2,5,8,58519
2,2,5,9,58889
2,2,5,10,58737
2,2,5,11,59521
2,2,5,12,69657
2,2,5,13,58479
2,2,5,14,58403
2,2,5,15,58545
2,2,5,16,59556
2,2,5,17,59076
2,2,5,18,58913
2,2,5,19,59075
2,2,5,20,58617
2,2,5,21,59338
2,2,5,22,58445
2,2,5,23,58871
2,2,5,24,58827
2,2,5,25,58694
2,2,5,26,58755
2,2,5,27,58562
2,2,5,28,58989
2,2,5,29,59055
2,2,5,30,58699
2,2,5,31,59217
2,1,5,0,58994
2,1,5,1,58643
2,1,5,2,59346
2,1,5,3,59273
2,1,5,4,58358
2,1,5,5,59406
2,1,5,6,58589
2,1,5,7,59281
2,1,5,8,58319
2,1,5,9,58732
2,1,5,10,58790
2,1,5,11,58923
2,1,5,12,58404
2,1,5,13,58464
2,1,5,14,58822
2,1,5,15,58813
2,1,5,16,58488
2,1,5,17,58344
2,1,5,18,59733
2,1,5,19,59305
2,1,5,20,58342
2,1,5,21,58993
2,1,5,22,58452
2,1,5,23,58966
2,1,5,24,58820
2,1,5,25,58867
2,1,5,26,59094
2,1,5,27,58857
2,1,5,28,58140
2,1,5,29,59226
2,1,5,30,58641
2,1,5,31,59519
2,0,5,0,58566
2,0,5,1,58283
2,0,5,2,58828
2,0,5,3,58591
2,0,5,4,58546
2,0,5,5,58373
2,0,5,6,59000
2,0,5,7,58758
2,0,5,8,59200
2,0,5,9,59839
2,0,5,10,58653
2,0,5,11,59269
2,0,5,12,58735
2,0,5,13,59254
2,0,5,14,58349
2,0,5,15,58543
2,0,5,16,58892
2,0,5,17,58342
2,0,5,18,58416
2,0,5,19,58582
2,0,5,20,58746
2,0,5,21,58905
2,0,5,22,58671
2,0,5,23,59366
2,0,5,24,58899
2,0,5,25,59455
2,0,5,26,58678
2,0,5,27,58850
2,0,5,28,58416
2,0,5,29,59299
2,0,5,30,59058
2,0,5,31,59106
2,0,6,0,59030
2,0,6,1,58526
2,0,6,2,58967
2,0,6,3,58491
2,0,6,4,58815
2,0,6,5,58839
2,0,6,6,58642
2,0,6,7,58950
2,0,6,8,58754
2,0,6,9,59277
2,0,6,10,58763
2,0,6,11,58314
2,0,6,12,60414
2,0,6,13,58386
2,0,6,14,58809
2,0,6,15,58497
2,0,6,16,59690
2,0,6,17,58981
2,0,6,18,58805
2,0,6,19,58385
2,0,6,20,59020
2,0,6,21,58558
2,0,6,22,58762
2,0,6,23,58884
2,0,6,24,59257
2,0,6,25,58943
2,0,6,26,59215
2,0,6,27,59014
2,0,6,28,58177
2,0,6,29,58902
2,0,6,30,58483
2,0,6,31,58597
2,1,6,0,59133
2,1,6,1,58657
2,1,6,2,58229
2,1,6,3,58821
2,1,6,4,59151
2,1,6,5,58796
2,1,6,6,58627
2,1,6,7,59646
2,1,6,8,59137
2,1,6,9,58338
2,1,6,10,59176
2,1,6,11,58552
2,1,6,12,58336
2,1,6,13,58462
2,1,6,14,59036
2,1,6,15,58846
2,1,6,16,58750
2,1,6,17,58684
2,1,6,18,58964
2,1,6,19,58848
2,1,6,20,58511
2,1,6,21,58903
2,1,6,22,58779
2,1,6,23,58867
2,1,6,24,58647
2,1,6,25,58515
2,1,6,26,59235
2,1,6,27,58264
2,1,6,28,58942
2,1,6,29,58993
2,1,6,30,58559
2,1,6,31,58673
2,2,6,0,58813
2,2,6,1,59065
2,2,6,2,58890
2,2,6,3,58908
2,2,6,4,58690
2,2,6,5,58778
2,2,6,6,59730
2,2,6,7,59303
2,2,6,8,58301
2,2,6,9,58642
2,2,6,10,58935
2,2,6,11,58927
2,2,6,12,58340
2,2,6,13,59101
2,2,6,14,59142
2,2,6,15,58733
2,2,6,16,59004
2,2,6,17,59103
2,2,6,18,60135
2,2,6,19,58194
2,2,6,20,58373
2,2,6,21,58855
2,2,6,22,58719
2,2,6,23,59060
2,2,6,24,59054
2,2,6,25,59454
2,2,6,26,70141
2,2,6,27,58233
2,2,6,28,59245
2,2,6,29,58418
2,2,6,30,59245
2,2,6,31,58634
2,3,6,0,58919
2,3,6,1,58498
2,3,6,2,58692
2,3,6,3,58674
2,3,6,4,58701
2,3,6,5,58220
2,3,6,6,58449
2,3,6,7,58822
2,3,6,8,59344
2,3,6,9,58387
2,3,6,10,58590
2,3,6,11,58595
2,3,6,12,58694
2,3,6,13,59350
2,3,6,14,58770
2,3,6,15,58281
2,3,6,16,59616
2,3,6,17,58834
2,3,6,18,69394
2,3,6,19,58593
2,3,6,20,58897
2,3,6,21,58517
2,3,6,22,58507
2,3,6,23,58979
2,3,6,24,59184
2,3,6,25,58809
2,3,6,26,58897
2,3,6,27,59292
2,3,6,28,58573
2,3,6,29,58910
2,3,6,30,59232
2,3,6,31,59252
2,4,6,0,58340
2,4,6,1,58218
2,4,6,2,59257
2,4,6,3,58904
2,4,6,4,58680
2,4,6,5,59182
2,4,6,6,59052
2,4,6,7,58753
2,4,6,8,59074
2,4,6,9,58720
2,4,6,10,69790
2,4,6,11,58750
2,4,6,12,58569
2,4,6,13,58709
2,4,6,14,58686
2,4,6,15,58961
2,4,6,16,59020
2,4,6,17,58707
2,4,6,18,58488
2,4,6,19,58998
2,4,6,20,58930
2,4,6,21,59051
2,4,6,22,59445
2,4,6,23,59120
2,4,6,24,58642
2,4,6,25,58326
2,4,6,26,59478
2,4,6,27,58916
2,4,6,28,58715
2,4,6,29,58529
2,4,6,30,58706
2,4,6,31,58758
2,4,7,0,58856
2,4,7,1,59157
2,4,7,2,59050
2,4,7,3,58996
2,4,7,4,59127
2,4,7,5,59093
2,4,7,6,58454
2,4,7,7,58948
2,4,7,8,58244
2,4,7,9,58832
2,4,7,10,58484
2,4,7,11,59031
2,4,7,12,58926
2,4,7,13,58714
2,4,7,14,59150
2,4,7,15,58887
2,4,7,16,58969
2,4,7,17,59429
2,4,7,18,59257
2,4,7,19,59024
2,4,7,20,58551
2,4,7,21,59069
2,4,7,22,59100
2,4,7,23,58683
2,4,7,24,59022
2,4,7,25,59318
2,4,7,26,58954
2,4,7,27,58499
2,4,7,28,58818
2,4,7,29,58553
2,4,7,30,58474
2,4,7,31,58366
2,3,7,0,59357
2,3,7,1,58214
2,3,7,2,58593
2,3,7,3,58162
2,3,7,4,58934
2,3,7,5,58510
2,3,7,6,59073
2,3,7,7,59084
2,3,7,8,58492
2,3,7,9,58119
2,3,7,10,58419
2,3,7,11,58347
2,3,7,12,58641
2,3,7,13,58868
2,3,7,14,58540
2,3,7,15,58715
2,3,7,16,59453
2,3,7,17,58556
2,3,7,18,58636
2,3,7,19,58898
2,3,7,20,58860
2,3,7,21,70891
2,3,7,22,58930
2,3,7,23,58442
2,3,7,24,58662
2,3,7,25,58751
2,3,7,26,58486
2,3,7,27,59010
2,3,7,28,58650
2,3,7,29,58691
2,3,7,30,58701
2,3,7,31,59170
2,2,7,0,59324
2,2,7,1,58993
2,2,7,2,58863
2,2,7,3,58974
2,2,7,4,58916
2,2,7,5,58535
2,2,7,6,58763
2,2,7,7,59795
2,2,7,8,58610
2,2,7,9,59109
2,2,7,10,58732
2,2,7,11,59489
2,2,7,12,58683
2,2,7,13,58857
2,2,7,14,58856
2,2,7,15,58379
2,2,7,16,59111
2,2,7,17,58635
2,2,7,18,58868
2,2,7,19,58572
2,2,7,20,58697
2,2,7,21,58780
2,2,7,22,58959
2,2,7,23,58623
2,2,7,24,59098
2,2,7,25,58773
2,2,7,26,58725
2,2,7,27,58644
2,2,7,28,58434
2,2,7,29,58863
2,2,7,30,58576
2,2,7,31,59226
2,1,7,0,58578
2,1,7,1,58555
2,1,7,2,58959
2,1,7,3,58398
2,1,7,4,59059
2,1,7,5,69351
2,1,7,6,59322
2,1,7,7,58654
2,1,7,8,58420
2,1,7,9,58420
2,1,7,10,58612
2,1,7,11,59190
2,1,7,12,58887
2,1,7,13,58835
2,1,7,14,58884
2,1,7,15,59122
2,1,7,16,57720
2,1,7,17,58553
2,1,7,18,58729
2,1,7,19,59145
2,1,7,20,58654
2,1,7,21,58803
2,1,7,22,58552
2,1,7,23,58744
2,1,7,24,59070
2,1,7,25,59229
2,1,7,26,59023
2,1,7,27,59181
2,1,7,28,59081
2,1,7,29,58670
2,1,7,30,58825
2,1,7,31,58422
2,0,7,0,58725
2,0,7,1,58265
2,0,7,2,58452
2,0,7,3,58658
2,0,7,4,58594
2,0,7,5,59202
2,0,7,6,58864
2,0,7,7,59080
2,0,7,8,58951
2,0,7,9,59091
2,0,7,10,58967
2,0,7,11,58913
2,0,7,12,58440
2,0,7,13,59181
2,0,7,14,58649
2,0,7,15,58835
2,0,7,16,59095
2,0,7,17,58460
2,0,7,18,59116
2,0,7,19,59705
2,0,7,20,59858
2,0,7,21,58926
2,0,7,22,58421
2,0,7,23,58947
2,0,7,24,59510
2,0,7,25,59096
2,0,7,26,59169
2,0,7,27,58948
2,0,7,28,58756
2,0,7,29,58699
2,0,7,30,59924
2,0,7,31,58675
3,0,0,0,27961
3,0,0,1,28017
3,0,0,2,27893
3,0,0,3,27829
3,0,0,4,28281
3,0,0,5,27906
3,0,0,6,28013
3,0,0,7,28159
3,0,0,8,27862
3,0,0,9,28439
3,0,0,10,28338
3,0,0,11,28195
3,0,0,12,28069
3,0,0,13,27884
3,0,0,14,28080
3,0,0,15,27922
3,0,0,16,27935
3,0,0,17,27934
3,0,0,18,28407
3,0,0,19,28095
3,0,0,20,27902
3,0,0,21,28015
3,0,0,22,27938
3,0,0,23,27870
3,0,0,24,28328
3,0,0,25,27919
3,0,0,26,28073
3,0,0,27,28256
3,0,0,28,28052
3,0,0,29,27846
3,0,0,30,28083
3,0,0,31,27882
3,1,0,0,27913
3,1,0,1,27932
3,1,0,2,27816
3,1,0,3,28147
3,1,0,4,27927
3,1,0,5,28347
3,1,0,6,28406
3,1,0,7,28474
3,1,0,8,27990
3,1,0,9,27945
3,1,0,10,27853
3,1,0,11,28165
3,1,0,12,28095
3,1,0,13,28304
3,1,0,14,27830
3,1,0,15,28045
3,1,0,16,28070
3,1,0,17,27911
3,1,0,18,27839
3,1,0,19,28041
3,1,0,20,27991
3,1,0,21,27830
3,1,0,22,27994
3,1,0,23,28542
3,1,0,24,27878
3,1,0,25,28381
3,1,0,26,27901
3,1,0,27,28025
3,1,0,28,27965
3,1,0,29,28106
3,1,0,30,27855
3,1,0,31,28070
3,2,0,0,28021
3,2,0,1,27863
3,2,0,2,28313
3,2,0,3,27835
3,2,0,4,27791
3,2,0,5,27917
3,2,0,6,28142
3,2,0,7,27960
3,2,0,8,27757
3,2,0,9,28007
3,2,0,10,28244
3,2,0,11,28391
3,2,0,12,28061
3,2,0,13,28054
3,2,0,14,28429
3,2,0,15,28354
3,2,0,16,28392
3,2,0,17,28462
3,2,0,18,28340
3,2,0,19,27930
3,2,0,20,27949
3,2,0,21,27844
3,2,0,22,28146
3,2,0,23,28039
3,2,0,24,28108
3,2,0,25,27957
3,2,0,26,27991
3,2,0,27,28065
3,2,0,28,27927
3,2,0,29,28048
3,2,0,30,27893
3,2,0,31,27839
3,3,0,0,27846
3,3,0,1,27863
3,3,0,2,27829
3,3,0,3,27989
3,3,0,4,27897
3,3,0,5,28148
3,3,0,6,28380
3,3,0,7,27874
3,3,0,8,27842
3,3,0,9,27797
3,3,0,10,27941
3,3,0,11,28070
3,3,0,12,28031
3,3,0,13,27853
3,3,0,14,27880
3,3,0,15,28002
3,3,0,16,28412
3,3,0,17,28308
3,3,0,18,28343
3,3,0,19,28125
3,3,0,20,28413
3,3,0,21,28133
3,3,0,22,28316
3,3,0,23,28389
3,3,0,24,27920
3,3,0,25,28088
3,3,0,26,27972
3,3,0,27,27898
3,3,0,28,28239
3,3,0,29,27952
3,3,0,30,28140
3,3,0,31,27867
3,4,0,0,27960
3,4,0,1,27931
3,4,0,2,28120
3,4,0,3,28379
3,4,0,4,28338
3,4,0,5,28043
3,4,0,6,28419
3,4,0,7,28378
3,4,0,8,28395
3,4,0,9,28371
3,4,0,10,28150
3,4,0,11,28236
3,4,0,12,28414
3,4,0,13,28943
3,4,0,14,27874
3,4,0,15,27941
3,4,0,16,28126
3,4,0,17,28152
3,4,0,18,28073
3,4,0,19,27942
3,4,0,20,27802
3,4,0,21,27883
3,4,0,22,28124
3,4,0,23,28144
3,4,0,24,27966
3,4,0,25,28099
3,4,0,26,27982
3,4,0,27,28120
3,4,0,28,28390
3,4,0,29,28348
3,4,0,30,28415
3,4,0,31,28011
3,4,1,0,27916
3,4,1,1,27952
3,4,1,2,39057
3,4,1,3,27883
3,4,1,4,28466
3,4,1,5,28260
3,4,1,6,27825
3,4,1,7,28046
3,4,1,8,27997
3,4,1,9,28044
3,4,1,10,28406
3,4,1,11,27923
3,4,1,12,28354
3,4,1,13,28191
3,4,1,14,27978
3,4,1,15,28104
3,4,1,16,27941
3,4,1,17,28062
3,4,1,18,28363
3,4,1,19,28059
3,4,1,20,27886
3,4,1,21,28143
3,4,1,22,27962
3,4,1,23,27879
3,4,1,24,28105
3,4,1,25,28047
3,4,1,26,28163
3,4,1,27,28061
3,4,1,28,27916
3,4,1,29,28399
3,4,1,30,28143
3,4,1,31,27908
3,3,1,0,27740
3,3,1,1,27909
3,3,1,2,27970
3,3,1,3,28461
3,3,1,4,27952
3,3,1,5,27924
3,3,1,6,27826
3,3,1,7,28725
3,3,1,8,28044
3,3,1,9,27915
3,3,1,10,27851
3,3,1,11,27841
3,3,1,12,27904
3,3,1,13,27962
3,3,1,14,27843
3,3,1,15,27955
3,3,1,16,28296
3,3,1,17,27842
3,3,1,18,27836
3,3,1,19,27968
3,3,1,20,27875
3,3,1,21,27882
3,3,1,22,28136
3,3,1,23,27971
3,3,1,24,28005
3,3,1,25,28167
3,3,1,26,28139
3,3,1,27,28081
3,3,1,28,27775
3,3,1,29,28312
3,3,1,30,27821
3,3,1,31,27929
3,2,1,0,27805
3,2,1,1,27807
3,2,1,2,28005
3,2,1,3,28158
3,2,1,4,27898
3,2,1,5,27867
3,2,1,6,27813
3,2,1,7,27858
3,2,1,8,27820
3,2,1,9,27833
3,2,1,10,27917
3,2,1,11,27920
3,2,1,12,28169
3,2,1,13,27898
3,2,1,14,28021
3,2,1,15,28094
3,2,1,16,28011
3,2,1,17,27877
3,2,1,18,27805
3,2,1,19,27882
3,2,1,20,27844
3,2,1,21,27932
3,2,1,22,27858
3,2,1,23,27858
3,2,1,24,27880
3,2,1,25,28066
3,2,1,26,28031
3,2,1,27,27856
3,2,1,28,27954
3,2,1,29,27858
3,2,1,30,27809
3,2,1,31,27863
3,1,1,0,27851
3,1,1,1,28576
3,1,1,2,28209
3,1,1,3,28325
3,1,1,4,28737
3,1,1,5,28301
3,1,1,6,27864
3,1,1,7,27999
3,1,1,8,28075
3,1,1,9,28029
3,1,1,10,28414
3,1,1,11,27960
3,1,1,12,27995
3,1,1,13,28298
3,1,1,14,27974
3,1,1,15,27991
3,1,1,16,28480
3,1,1,17,28043
3,1,1,18,28125
3,1,1,19,27874
3,1,1,20,27884
3,1,1,21,27907
3,1,1,22,27837
3,1,1,23,28081
3,1,1,24,27894
3,1,1,25,27877
3,1,1,26,28004
3,1,1,27,28454
3,1,1,28,28124
3,1,1,29,28255
3,1,1,30,27835
3,1,1,31,28422
3,0,1,0,27939
3,0,1,1,27908
3,0,1,2,27966
3,0,1,3,27890
3,0,1,4,28280
3,0,1,5,27935
3,0,1,6,27859
3,0,1,7,27821
3,0,1,8,27862
3,0,1,9,27875
3,0,1,10,27996
3,0,1,11,27919
3,0,1,12,27944
3,0,1,13,27878
3,0,1,14,28340
3,0,1,15,27910
3,0,1,16,28465
3,0,1,17,28154
3,0,1,18,28270
3,0,1,19,27867
3,0,1,20,27775
3,0,1,21,27944
3,0,1,22,28248
3,0,1,23,27917
3,0,1,24,27999
3,0,1,25,28015
3,0,1,26,28147
3,0,1,27,27936
3,0,1,28,27809
3,0,1,29,27952
3,0,1,30,27914
3,0,1,31,28815
3,0,2,0,27935
3,0,2,1,27862
3,0,2,2,27911
3,0,2,3,27907
3,0,2,4,27869
3,0,2,5,28038
3,0,2,6,27936
3,0,2,7,27951
3,0,2,8,28010
3,0,2,9,27926
3,0,2,10,28007
3,0,2,11,27951
3,0,2,12,28021
3,0,2,13,27907
3,0,2,14,28246
3,0,2,15,27888
3,0,2,16,27727
3,0,2,17,27933
3,0,2,18,27908
3,0,2,19,28084
3,0,2,20,27955
3,0,2,21,27972
3,0,2,22,27936
3,0,2,23,28070
3,0,2,24,27865
3,0,2,25,27862
3,0,2,26,27840
3,0,2,27,27958
3,0,2,28,27959
3,0,2,29,28016
3,0,2,30,27926
3,0,2,31,27933
3,1,2,0,27949
3,1,2,1,27897
3,1,2,2,27933
3,1,2,3,27959
3,1,2,4,28389
3,1,2,5,28285
3,1,2,6,28091
3,1,2,7,28200
3,1,2,8,28456
3,1,2,9,27933
3,1,2,10,27913
3,1,2,11,27943
3,1,2,12,27893
3,1,2,13,27994
3,1,2,14,27923
3,1,2,15,28426
3,1,2,16,28454
3,1,2,17,27869
3,1,2,18,27969
3,1,2,19,27924
3,1,2,20,28119
3,1,2,21,28042
3,1,2,22,27878
3,1,2,23,27925
3,1,2,24,27912
3,1,2,25,27928
3,1,2,26,28474
3,1,2,27,28443
3,1,2,28,28322
3,1,2,29,28370
3,1,2,30,28273
3,1,2,31,27863
3,2,2,0,28343
3,2,2,1,28338
3,2,2,2,28366
3,2,2,3,28293
3,2,2,4,27958
3,2,2,5,28371
3,2,2,6,28294
3,2,2,7,28394
3,2,2,8,27856
3,2,2,9,28404
3,2,2,10,27803
3,2,2,11,28322
3,2,2,12,27956
3,2,2,13,28038
3,2,2,14,27765
3,2,2,15,27839
3,2,2,16,27838
3,2,2,17,27890
3,2,2,18,27865
3,2,2,19,28178
3,2,2,20,27974
3,2,2,21,27833
3,2,2,22,28482
3,2,2,23,27993
3,2,2,24,27868
3,2,2,25,27873
3,2,2,26,27839
3,2,2,27,27864
3,2,2,28,27943
3,2,2,29,27980
3,2,2,30,28035
3,2,2,31,28276
3,3,2,0,27875
3,3,2,1,27907
3,3,2,2,27848
3,3,2,3,28316
3,3,2,4,28384
3,3,2,5,27757
3,3,2,6,28005
3,3,2,7,27781
3,3,2,8,28004
3,3,2,9,28355
3,3,2,10,28035
3,3,2,11,28315
3,3,2,12,27821
3,3,2,13,27910
3,3,2,14,28058
3,3,2,15,27701
3,3,2,16,27872
3,3,2,17,27839
3,3,2,18,28338
3,3,2,19,28121
3,3,2,20,28854
3,3,2,21,28462
3,3,2,22,28371
3,3,2,23,28321
3,3,2,24,28404
3,3,2,25,27908
3,3,2,26,27781
3,3,2,27,27813
3,3,2,28,27885
3,3,2,29,27946
3,3,2,30,27940
3,3,2,31,27890
3,4,2,0,27955
3,4,2,1,27995
3,4,2,2,27910
3,4,2,3,27889
3,4,2,4,27854
3,4,2,5,28265
3,4,2,6,28195
3,4,2,7,28092
3,4,2,8,27897
3,4,2,9,28057
3,4,2,10,28171
3,4,2,11,27961
3,4,2,12,27914
3,4,2,13,28081
3,4,2,14,28017
3,4,2,15,28075
3,4,2,16,27938
3,4,2,17,27949
3,4,2,18,28047
3,4,2,19,28152
3,4,2,20,28088
3,4,2,21,28104
3,4,2,22,28156
3,4,2,23,28137
3,4,2,24,28286
3,4,2,25,28154
3,4,2,26,27874
3,4,2,27,28413
3,4,2,28,28085
3,4,2,29,28269
3,4,2,30,27945
3,4,2,31,27866
3,4,3,0,28308
3,4,3,1,28049
3,4,3,2,28137
3,4,3,3,27963
3,4,3,4,28243
3,4,3,5,28446
3,4,3,6,27881
3,4,3,7,28175
3,4,3,8,27943
3,4,3,9,27963
3,4,3,10,27937
3,4,3,11,27887
3,4,3,12,28039
3,4,3,13,28342
3,4,3,14,28364
3,4,3,15,27987
3,4,3,16,27966
3,4,3,17,28040
3,4,3,18,28441
3,4,3,19,27830
3,4,3,20,28173
3,4,3,21,28057
3,4,3,22,27859
3,4,3,23,28178
3,4,3,24,27986
3,4,3,25,28094
3,4,3,26,28105
3,4,3,27,28020
3,4,3,28,27964
3,4,3,29,28148
3,4,3,30,27981
3,4,3,31,27965
3,3,3,0,27827
3,3,3,1,27850
3,3,3,2,28203
3,3,3,3,27873
3,3,3,4,27907
3,3,3,5,27931
3,3,3,6,27874
3,3,3,7,28132
3,3,3,8,28290
3,3,3,9,28400
3,3,3,10,28422
3,3,3,11,28343
3,3,3,12,27933
3,3,3,13,28303
3,3,3,14,39354
3,3,3,15,27997
3,3,3,16,27953
3,3,3,17,27921
3,3,3,18,27785
3,3,3,19,27737
3,3,3,20,27890
3,3,3,21,27823
3,3,3,22,27903
3,3,3,23,27894
3,3,3,24,27904
3,3,3,25,28095
3,3,3,26,28382
3,3,3,27,27867
3,3,3,28,27863
3,3,3,29,27918
3,3,3,30,27906
3,3,3,31,28218
3,2,3,0,27823
3,2,3,1,28001
3,2,3,2,27891
3,2,3,3,28120
3,2,3,4,27874
3,2,3,5,27931
3,2,3,6,27938
3,2,3,7,27894
3,2,3,8,27851
3,2,3,9,28539
3,2,3,10,28026
3,2,3,11,28007
3,2,3,12,27879
3,2,3,13,27817
3,2,3,14,27955
3,2,3,15,27816
3,2,3,16,27945
3,2,3,17,27981
3,2,3,18,27857
3,2,3,19,27968
3,2,3,20,27898
3,2,3,21,27842
3,2,3,22,27774
3,2,3,23,28207
3,2,3,24,28012
3,2,3,25,27941
3,2,3,26,28084
3,2,3,27,28114
3,2,3,28,27878
3,2,3,29,27829
3,2,3,30,27878
3,2,3,31,28024
3,1,3,0,27916
3,1,3,1,27770
3,1,3,2,27876
3,1,3,3,27889
3,1,3,4,27979
3,1,3,5,27882
3,1,3,6,27924
3,1,3,7,27818
3,1,3,8,27834
3,1,3,9,28171
3,1,3,10,28129
3,1,3,11,39074
3,1,3,12,28095
3,1,3,13,28086
3,1,3,14,27896
3,1,3,15,28331
3,1,3,16,28115
3,1,3,17,28388
3,1,3,18,28260
3,1,3,19,28374
3,1,3,20,27993
3,1,3,21,27930
3,1,3,22,27994
3,1,3,23,28333
3,1,3,24,27886
3,1,3,25,28156
3,1,3,26,28003
3,1,3,27,28177
3,1,3,28,27895
3,1,3,29,28150
3,1,3,30,27896
3,1,3,31,27960
3,0,3,0,27836
3,0,3,1,28223
3,0,3,2,27894
3,0,3,3,28939
3,0,3,4,28403
3,0,3,5,28164
3,0,3,6,28003
3,0,3,7,28101
3,0,3,8,28001
3,0,3,9,27896
3,0,3,10,28256
3,0,3,11,27989
3,0,3,12,28187
3,0,3,13,28043
3,0,3,14,27948
3,0,3,15,27981
3,0,3,16,27899
3,0,3,17,27858
3,0,3,18,28037
3,0,3,19,27929
3,0,3,20,27937
3,0,3,21,27869
3,0,3,22,28234
3,0,3,23,28052
3,0,3,24,27928
3,0,3,25,28247
3,0,3,26,28012
3,0,3,27,27954
3,0,3,28,28183
3,0,3,29,27940
3,0,3,30,27938
3,0,3,31,27949
3,0,4,0,27953
3,0,4,1,27980
3,0,4,2,27768
3,0,4,3,27912
3,0,4,4,28014
3,0,4,5,28093
3,0,4,6,27996
3,0,4,7,38653
3,0,4,8,27886
3,0,4,9,27889
3,0,4,10,28095
3,0,4,11,28292
3,0,4,12,27968
3,0,4,13,27897
3,0,4,14,27968
3,0,4,15,27926
3,0,4,16,27886
3,0,4,17,27940
3,0,4,18,27905
3,0,4,19,27900
3,0,4,20,27923
3,0,4,21,28337
3,0,4,22,27820
3,0,4,23,27953
3,0,4,24,27946
3,0,4,25,27893
3,0,4,26,27871
3,0,4,27,27952
3,0,4,28,27940
3,0,4,29,27953
3,0,4,30,27989
3,0,4,31,27969
3,1,4,0,27916
3,1,4,1,27911
3,1,4,2,27988
3,1,4,3,27883
3,1,4,4,28358
3,1,4,5,27810
3,1,4,6,28160
3,1,4,7,27875
3,1,4,8,27994
3,1,4,9,28092
3,1,4,10,28393
3,1,4,11,27911
3,1,4,12,28077
3,1,4,13,27956
3,1,4,14,28276
3,1,4,15,27901
3,1,4,16,27845
3,1,4,17,28062
3,1,4,18,28006
3,1,4,19,27959
3,1,4,20,27939
3,1,4,21,28201
3,1,4,22,27910
3,1,4,23,28028
3,1,4,24,27977
3,1,4,25,28304
3,1,4,26,27888
3,1,4,27,28243
3,1,4,28,28026
3,1,4,29,27962
3,1,4,30,27949
3,1,4,31,28359
3,2,4,0,27783
3,2,4,1,27966
3,2,4,2,28134
3,2,4,3,28084
3,2,4,4,27997
3,2,4,5,27931
3,2,4,6,28406
3,2,4,7,28049
3,2,4,8,28099
3,2,4,9,27909
3,2,4,10,28039
3,2,4,11,28010
3,2,4,12,28002
3,2,4,13,31364
3,2,4,14,28009
3,2,4,15,27957
3,2,4,16,28006
3,2,4,17,27902
3,2,4,18,27983
3,2,4,19,27848
3,2,4,20,27972
3,2,4,21,27999
3,2,4,22,28112
3,2,4,23,27857
3,2,4,24,27885
3,2,4,25,27921
3,2,4,26,27888
3,2,4,27,28792
3,2,4,28,27814
3,2,4,29,28031
3,2,4,30,27810
3,2,4,31,27842
3,3,4,0,27789
3,3,4,1,27824
3,3,4,2,27848
3,3,4,3,28368
3,3,4,4,28108
3,3,4,5,27892
3,3,4,6,28126
3,3,4,7,27866
3,3,4,8,28168
3,3,4,9,28012
3,3,4,10,27932
3,3,4,11,27853
3,3,4,12,27936
3,3,4,13,28105
3,3,4,14,27886
3,3,4,15,28139
3,3,4,16,27840
3,3,4,17,28109
3,3,4,18,27903
3,3,4,19,28025
3,3,4,20,28340
3,3,4,21,28163
3,3,4,22,28104
3,3,4,23,28057
3,3,4,24,28103
3,3,4,25,27907
3,3,4,26,28084
3,3,4,27,28347
3,3,4,28,28230
3,3,4,29,28275
3,3,4,30,28100
3,3,4,31,28031
3,4,4,0,27936
3,4,4,1,28108
3,4,4,2,28104
3,4,4,3,27915
3,4,4,4,28047
3,4,4,5,28008
3,4,4,6,27875
3,4,4,7,27910
3,4,4,8,28059
3,4,4,9,28029
3,4,4,10,28008
3,4,4,11,28044
3,4,4,12,28035
3,4,4,13,27941
3,4,4,14,28324
3,4,4,15,28097
3,4,4,16,28174
3,4,4,17,28090
3,4,4,18,28114
3,4,4,19,28114
3,4,4,20,28097
3,4,4,21,28565
3,4,4,22,27863
3,4,4,23,28025
3,4,4,24,28292
3,4,4,25,28158
3,4,4,26,28207
3,4,4,27,28365
3,4,4,28,28308
3,4,4,29,28411
3,4,4,30,28492
3,4,4,31,28351
3,4,5,0,28149
3,4,5,1,28065
3,4,5,2,28374
3,4,5,3,28117
3,4,5,4,27996
3,4,5,5,28129
3,4,5,6,27957
3,4,5,7,28151
3,4,5,8,31460
3,4,5,9,28067
3,4,5,10,27921
3,4,5,11,28007
3,4,5,12,28041
3,4,5,13,28080
3,4,5,14,28353
3,4,5,15,28151
3,4,5,16,28098
3,4,5,17,28072
3,4,5,18,27958
3,4,5,19,27983
3,4,5,20,27948
3,4,5,21,27868
3,4,5,22,27892
3,4,5,23,27909
3,4,5,24,27928
3,4,5,25,27893
3,4,5,26,28055
3,4,5,27,28138
3,4,5,28,28067
3,4,5,29,28105
3,4,5,30,38954
3,4,5,31,28100
3,3,5,0,27765
3,3,5,1,27765
3,3,5,2,28103
3,3,5,3,27851
3,3,5,4,28063
3,3,5,5,27998
3,3,5,6,27871
3,3,5,7,27852
3,3,5,8,27861
3,3,5,9,27828
3,3,5,10,28092
3,3,5,11,28062
3,3,5,12,27921
3,3,5,13,27889
3,3,5,14,27866
3,3,5,15,28273
3,3,5,16,27886
3,3,5,17,28084
3,3,5,18,27874
3,3,5,19,28106
3,3,5,20,28076
3,3,5,21,27839
3,3,5,22,28049
3,3,5,23,28009
3,3,5,24,28012
3,3,5,25,28114
3,3,5,26,27948
3,3,5,27,27820
3,3,5,28,27791
3,3,5,29,28070
3,3,5,30,27967
3,3,5,31,27865
3,2,5,0,27822
3,2,5,1,27881
3,2,5,2,27959
3,2,5,3,27787
3,2,5,4,27942
3,2,5,5,27881
3,2,5,6,27898
3,2,5,7,27936
3,2,5,8,27907
3,2,5,9,28082
3,2,5,10,28182
3,2,5,11,28016
3,2,5,12,28005
3,2,5,13,28327
3,2,5,14,28129
3,2,5,15,27954
3,2,5,16,28014
3,2,5,17,28131
3,2,5,18,28332
3,2,5,19,27888
3,2,5,20,27820
3,2,5,21,27816
3,2,5,22,28069
3,2,5,23,28030
3,2,5,24,27748
3,2,5,25,28011
3,2,5,26,27958
3,2,5,27,27868
3,2,5,28,27893
3,2,5,29,27858
3,2,5,30,27938
3,2,5,31,27879
3,1,5,0,27798
3,1,5,1,27843
3,1,5,2,27966
3,1,5,3,27894
3,1,5,4,27880
3,1,5,5,27972
3,1,5,6,28119
3,1,5,7,27913
3,1,5,8,27921
3,1,5,9,28170
3,1,5,10,28567
3,1,5,11,27892
3,1,5,12,28429
3,1,5,13,27838
3,1,5,14,27832
3,1,5,15,28055
3,1,5,16,27874
3,1,5,17,28001
3,1,5,18,27819
3,1,5,19,27933
3,1,5,20,27914
3,1,5,21,28171
3,1,5,22,28088
3,1,5,23,27934
3,1,5,24,27950
3,1,5,25,28152
3,1,5,26,27877
3,1,5,27,28161
3,1,5,28,27911
3,1,5,29,27956
3,1,5,30,27988
3,1,5,31,27927
3,0,5,0,27933
3,0,5,1,28152
3,0,5,2,27936
3,0,5,3,27940
3,0,5,4,28073
3,0,5,5,28118
3,0,5,6,28182
3,0,5,7,27981
3,0,5,8,27907
3,0,5,9,27966
3,0,5,10,27811
3,0,5,11,27896
3,0,5,12,27907
3,0,5,13,27916
3,0,5,14,28076
3,0,5,15,27945
3,0,5,16,28022
3,0,5,17,27790
3,0,5,18,28082
3,0,5,19,27894
3,0,5,20,27984
3,0,5,21,28002
3,0,5,22,28165
3,0,5,23,27853
3,0,5,24,27817
3,0,5,25,28063
3,0,5,26,28181
3,0,5,27,28069
3,0,5,28,27980
3,0,5,29,27967
3,0,5,30,28018
3,0,5,31,28044
3,0,6,0,27932
3,0,6,1,27979
3,0,6,2,28118
3,0,6,3,27881
3,0,6,4,28594
3,0,6,5,27910
3,0,6,6,27950
3,0,6,7,27977
3,0,6,8,27896
3,0,6,9,27983
3,0,6,10,27881
3,0,6,11,27922
3,0,6,12,27891
3,0,6,13,28614
3,0,6,14,27870
3,0,6,15,27899
3,0,6,16,28118
3,0,6,17,28093
3,0,6,18,27780
3,0,6,19,28006
3,0,6,20,28058
3,0,6,21,27911
3,0,6,22,27832
3,0,6,23,27978
3,0,6,24,27750
3,0,6,25,27887
3,0,6,26,27843
3,0,6,27,27973
3,0,6,28,27888
3,0,6,29,28186
3,0,6,30,28073
3,0,6,31,28349
3,1,6,0,27840
3,1,6,1,28088
3,1,6,2,28205
3,1,6,3,28191
3,1,6,4,27869
3,1,6,5,28198
3,1,6,6,27926
3,1,6,7,27939
3,1,6,8,27890
3,1,6,9,27947
3,1,6,10,27861
3,1,6,11,28157
3,1,6,12,28440
3,1,6,13,28228
3,1,6,14,27945
3,1,6,15,28488
3,1,6,16,27972
3,1,6,17,27950
3,1,6,18,27935
3,1,6,19,28269
3,1,6,20,27867
3,1,6,21,27959
3,1,6,22,27970
3,1,6,23,28476
3,1,6,24,27857
3,1,6,25,28115
3,1,6,26,28082
3,1,6,27,27945
3,1,6,28,27957
3,1,6,29,28030
3,1,6,30,27914
3,1,6,31,28309
3,2,6,0,27903
3,2,6,1,27805
3,2,6,2,28061
3,2,6,3,28095
3,2,6,4,28410
3,2,6,5,28024
3,2,6,6,27916
3,2,6,7,28354
3,2,6,8,27893
3,2,6,9,27801
3,2,6,10,28002
3,2,6,11,27938
3,2,6,12,27906
3,2,6,13,27832
3,2,6,14,27800
3,2,6,15,27936
3,2,6,16,27888
3,2,6,17,27836
3,2,6,18,28051
3,2,6,19,28149
3,2,6,20,27900
3,2,6,21,27910
3,2,6,22,27817
3,2,6,23,27836
3,2,6,24,27949
3,2,6,25,27898
3,2,6,26,27878
3,2,6,27,27953
3,2,6,28,28098
3,2,6,29,27863
3,2,6,30,28093
3,2,6,31,27904
3,3,6,0,27883
3,3,6,1,27888
3,3,6,2,27861
3,3,6,3,27914
3,3,6,4,28192
3,3,6,5,28162
3,3,6,6,28185
3,3,6,7,28135
3,3,6,8,27744
3,3,6,9,27847
3,3,6,10,28094
3,3,6,11,28129
3,3,6,12,27787
3,3,6,13,28096
3,3,6,14,27878
3,3,6,15,27839
3,3,6,16,28080
3,3,6,17,28280
3,3,6,18,28270
3,3,6,19,28262
3,3,6,20,28376
3,3,6,21,27948
3,3,6,22,28410
3,3,6,23,27837
3,3,6,24,28221
3,3,6,25,27897
3,3,6,26,27878
3,3,6,27,27808
3,3,6,28,27849
3,3,6,29,28603
3,3,6,30,27956
3,3,6,31,28013
3,4,6,0,28200
3,4,6,1,28345
3,4,6,2,28328
3,4,6,3,28351
3,4,6,4,28428
3,4,6,5,28451
3,4,6,6,28418
3,4,6,7,28393
3,4,6,8,28326
3,4,6,9,28315
3,4,6,10,28448
3,4,6,11,28268
3,4,6,12,28410
3,4,6,13,28420
3,4,6,14,28136
3,4,6,15,28384
3,4,6,16,28267
3,4,6,17,28082
3,4,6,18,27964
3,4,6,19,28083
3,4,6,20,28113
3,4,6,21,28382
3,4,6,22,28413
3,4,6,23,28414
3,4,6,24,28255
3,4,6,25,27993
3,4,6,26,28106
3,4,6,27,28062
3,4,6,28,28441
3,4,6,29,28151
3,4,6,30,27949
3,4,6,31,27861
3,4,7,0,27902
3,4,7,1,28079
3,4,7,2,28066
3,4,7,3,28241
3,4,7,4,27966
3,4,7,5,28057
3,4,7,6,27871
3,4,7,7,28367
3,4,7,8,28020
3,4,7,9,28048
3,4,7,10,28081
3,4,7,11,28114
3,4,7,12,28197
3,4,7,13,28099
3,4,7,14,28092
3,4,7,15,28196
3,4,7,16,28204
3,4,7,17,28318
3,4,7,18,27897
3,4,7,19,28076
3,4,7,20,28332
3,4,7,21,27936
3,4,7,22,28109
3,4,7,23,28428
3,4,7,24,28476
3,4,7,25,28340
3,4,7,26,28264
3,4,7,27,28343
3,4,7,28,28171
3,4,7,29,27754
3,4,7,30,27869
3,4,7,31,28412
3,3,7,0,27827
3,3,7,1,27951
3,3,7,2,28063
3,3,7,3,28163
3,3,7,4,28319
3,3,7,5,28344
3,3,7,6,28227
3,3,7,7,28099
3,3,7,8,28105
3,3,7,9,28032
3,3,7,10,27913
3,3,7,11,27861
3,3,7,12,28394
3,3,7,13,28389
3,3,7,14,28323
3,3,7,15,28022
3,3,7,16,27892
3,3,7,17,27985
3,3,7,18,28028
3,3,7,19,27812
3,3,7,20,27839
3,3,7,21,27990
3,3,7,22,27865
3,3,7,23,27785
3,3,7,24,27899
3,3,7,25,27870
3,3,7,26,28013
3,3,7,27,27840
3,3,7,28,27912
3,3,7,29,28153
3,3,7,30,28212
3,3,7,31,27906
3,2,7,0,27978
3,2,7,1,28138
3,2,7,2,27895
3,2,7,3,28131
3,2,7,4,27805
3,2,7,5,28232
3,2,7,6,28032
3,2,7,7,27925
3,2,7,8,28051
3,2,7,9,28247
3,2,7,10,28386
3,2,7,11,28320
3,2,7,12,28078
3,2,7,13,28105
3,2,7,14,28262
3,2,7,15,28095
3,2,7,16,28213
3,2,7,17,28418
3,2,7,18,27918
3,2,7,19,28153
3,2,7,20,28404
3,2,7,21,28168
3,2,7,22,28172
3,2,7,23,28076
3,2,7,24,28146
3,2,7,25,27946
3,2,7,26,28269
3,2,7,27,28107
3,2,7,28,28227
3,2,7,29,27863
3,2,7,30,27909
3,2,7,31,28006
3,1,7,0,27971
3,1,7,1,28354
3,1,7,2,27953
3,1,7,3,28393
3,1,7,4,27935
3,1,7,5,27996
3,1,7,6,27967
3,1,7,7,28024
3,1,7,8,27780
3,1,7,9,27894
3,1,7,10,28329
3,1,7,11,27955
3,1,7,12,28127
3,1,7,13,27844
3,1,7,14,27768
3,1,7,15,28183
3,1,7,16,27820
3,1,7,17,27947
3,1,7,18,27886
3,1,7,19,28449
3,1,7,20,28450
3,1,7,21,27953
3,1,7,22,27887
3,1,7,23,27991
3,1,7,24,27863
3,1,7,25,27894
3,1,7,26,28371
3,1,7,27,28034
3,1,7,28,27961
3,1,7,29,27905
3,1,7,30,27808
3,1,7,31,28369
3,0,7,0,27830
3,0,7,1,27989
3,0,7,2,38784
3,0,7,3,28161
3,0,7,4,28023
3,0,7,5,27967
3,0,7,6,27896
3,0,7,7,27749
3,0,7,8,27824
3,0,7,9,27954
3,0,7,10,27970
3,0,7,11,28496
3,0,7,12,27902
3,0,7,13,28471
3,0,7,14,27910
3,0,7,15,28085
3,0,7,16,27928
3,0,7,17,28193
3,0,7,18,27976
3,0,7,19,27916
3,0,7,20,28428
3,0,7,21,28412
3,0,7,22,28269
3,0,7,23,28282
3,0,7,24,28072
3,0,7,25,27930
3,0,7,26,27952
3,0,7,27,28253
3,0,7,28,27912
3,0,7,29,27998
3,0,7,30,27782
3,0,7,31,28210
4,0,0,0,19761
4,0,0,1,19651
4,0,0,2,19445
4,0,0,3,19421
4,0,0,4,19484
4,0,0,5,19443
4,0,0,6,19441
4,0,0,7,19298
4,0,0,8,19205
4,0,0,9,19597
4,0,0,10,19627
4,0,0,11,19256
4,0,0,12,19321
4,0,0,13,19461
4,0,0,14,19400
4,0,0,15,19400
4,0,0,16,19353
4,0,0,17,19568
4,0,0,18,19218
4,0,0,19,19337
4,0,0,20,19264
4,0,0,21,19284
4,0,0,22,19301
4,0,0,23,19327
4,0,0,24,19327
4,0,0,25,19269
4,0,0,26,19357
4,0,0,27,19572
4,0,0,28,19289
4,0,0,29,19249
4,0,0,30,19263
4,0,0,31,19437
4,1,0,0,19298
4,1,0,1,19442
4,1,0,2,19496
4,1,0,3,19255
4,1,0,4,19246
4,1,0,5,19610
4,1,0,6,19175
4,1,0,7,19324
4,1,0,8,19318
4,1,0,9,19661
4,1,0,10,19297
4,1,0,11,19433
4,1,0,12,19718
4,1,0,13,19255
4,1,0,14,19213
4,1,0,15,19362
4,1,0,16,19666
4,1,0,17,19336
4,1,0,18,19447
4,1,0,19,19186
4,1,0,20,19332
4,1,0,21,19299
4,1,0,22,19258
4,1,0,23,19381
4,1,0,24,19922
4,1,0,25,19263
4,1,0,26,19250
4,1,0,27,19541
4,1,0,28,19195
4,1,0,29,19295
4,1,0,30,19280
4,1,0,31,19358
4,2,0,0,19456
4,2,0,1,19366
4,2,0,2,19409
4,2,0,3,19468
4,2,0,4,19417
4,2,0,5,19451
4,2,0,6,19269
4,2,0,7,19315
4,2,0,8,19407
4,2,0,9,19426
4,2,0,10,19446
4,2,0,11,19383
4,2,0,12,19422
4,2,0,13,19594
4,2,0,14,19461
4,2,0,15,19448
4,2,0,16,19383
4,2,0,17,19411
4,2,0,18,19456
4,2,0,19,19297
4,2,0,20,19349
4,2,0,21,19525
4,2,0,22,19290
4,2,0,23,19370
4,2,0,24,19375
4,2,0,25,19268
4,2,0,26,19456
4,2,0,27,19222
4,2,0,28,19388
4,2,0,29,19429
4,2,0,30,19548
4,2,0,31,19299
4,3,0,0,19204
4,3,0,1,19223
4,3,0,2,19204
4,3,0,3,19305
4,3,0,4,19254
4,3,0,5,19262
4,3,0,6,19344
4,3,0,7,19370
4,3,0,8,19246
4,3,0,9,19256
4,3,0,10,19408
4,3,0,11,19159
4,3,0,12,19381
4,3,0,13,19250
4,3,0,14,19413
4,3,0,15,19185
4,3,0,16,19261
4,3,0,17,19362
4,3,0,18,19188
4,3,0,19,19264
4,3,0,20,19371
4,3,0,21,19338
4,3,0,22,19154
4,3,0,23,19199
4,3,0,24,19282
4,3,0,25,19196
4,3,0,26,19304
4,3,0,27,19377
4,3,0,28,19255
4,3,0,29,19267
4,3,0,30,19273
4,3,0,31,19321
4,4,0,0,19401
4,4,0,1,30153
4,4,0,2,19334
4,4,0,3,19229
4,4,0,4,19245
4,4,0,5,19261
4,4,0,6,19328
4,4,0,7,19175
4,4,0,8,19281
4,4,0,9,19933
4,4,0,10,19390
4,4,0,11,19536
4,4,0,12,19623
4,4,0,13,19565
4,4,0,14,19705
4,4,0,15,19281
4,4,0,16,19317
4,4,0,17,19410
4,4,0,18,19321
4,4,0,19,19360
4,4,0,20,19302
4,4,0,21,19237
4,4,0,22,19305
4,4,0,23,19278
4,4,0,24,19273
4,4,0,25,19367
4,4,0,26,19318
4,4,0,27,19668
4,4,0,28,19165
4,4,0,29,19192
4,4,0,30,19313
4,4,0,31,19340
4,4,1,0,19345
4,4,1,1,19193
4,4,1,2,19367
4,4,1,3,19291
4,4,1,4,19308
4,4,1,5,19262
4,4,1,6,19504
4,4,1,7,19279
4,4,1,8,19507
4,4,1,9,19568
4,4,1,10,19522
4,4,1,11,19587
4,4,1,12,19450
4,4,1,13,19702
4,4,1,14,19533
4,4,1,15,19349
4,4,1,16,19248
4,4,1,17,19669
4,4,1,18,19237
4,4,1,19,19287
4,4,1,20,19354
4,4,1,21,19276
4,4,1,22,19194
4,4,1,23,19331
4,4,1,24,19153
4,4,1,25,19234
4,4,1,26,19223
4,4,1,27,19236
4,4,1,28,19464
4,4,1,29,19356
4,4,1,30,19272
4,4,1,31,19337
4,3,1,0,19376
4,3,1,1,19310
4,3,1,2,19156
4,3,1,3,19259
4,3,1,4,19197
4,3,1,5,19406
4,3,1,6,19368
4,3,1,7,19275
4,3,1,8,19308
4,3,1,9,19307
4,3,1,10,19214
4,3,1,11,19335
4,3,1,12,19391
4,3,1,13,19203
4,3,1,14,19361
4,3,1,15,19423
4,3,1,16,19212
4,3,1,17,19280
4,3,1,18,19267
4,3,1,19,19268
4,3,1,20,19201
4,3,1,21,19397
4,3,1,22,19298
4,3,1,23,19250
4,3,1,24,19227
4,3,1,25,19266
4,3,1,26,19239
4,3,1,27,19272
4,3,1,28,19257
4,3,1,29,19243
4,3,1,30,20152
4,3,1,31,19420
4,2,1,0,19685
4,2,1,1,19589
4,2,1,2,19547
4,2,1,3,19722
4,2,1,4,19324
4,2,1,5,19377
4,2,1,6,19549
4,2,1,7,19351
4,2,1,8,19484
4,2,1,9,19412
4,2,1,10,19738
4,2,1,11,19594
4,2,1,12,19469
4,2,1,13,19368
4,2,1,14,19369
4,2,1,15,19385
4,2,1,16,19294
4,2,1,17,19358
4,2,1,18,19344
4,2,1,19,19311
4,2,1,20,19451
4,2,1,21,19496
4,2,1,22,19535
4,2,1,23,19398
4,2,1,24,19309
4,2,1,25,19467
4,2,1,26,19340
4,2,1,27,19341
4,2,1,28,19389
4,2,1,29,19359
4,2,1,30,19475
4,2,1,31,19363
4,1,1,0,19277
4,1,1,1,19316
4,1,1,2,19186
4,1,1,3,19270
4,1,1,4,19391
4,1,1,5,19321
4,1,1,6,19393
4,1,1,7,19289
4,1,1,8,19228
4,1,1,9,19225
4,1,1,10,19403
4,1,1,11,19293
4,1,1,12,19268
4,1,1,13,19221
4,1,1,14,19323
4,1,1,15,19203
4,1,1,16,19396
4,1,1,17,19246
4,1,1,18,19419
4,1,1,19,19278
4,1,1,20,19183
4,1,1,21,19461
4,1,1,22,19366
4,1,1,23,19196
4,1,1,24,19240
4,1,1,25,19311
4,1,1,26,19312
4,1,1,27,19362
4,1,1,28,19185
4,1,1,29,19560
4,1,1,30,19348
4,1,1,31,19177
4,0,1,0,19381
4,0,1,1,19230
4,0,1,2,19319
4,0,1,3,19218
4,0,1,4,19230
4,0,1,5,19489
4,0,1,6,19528
4,0,1,7,19625
4,0,1,8,19526
4,0,1,9,19673
4,0,1,10,19291
4,0,1,11,19236
4,0,1,12,30212
4,0,1,13,19279
4,0,1,14,19222
4,0,1,15,19827
4,0,1,16,19384
4,0,1,17,19331
4,0,1,18,19184
4,0,1,19,19593
4,0,1,20,19252
4,0,1,21,20031
4,0,1,22,19547
4,0,1,23,19276
4,0,1,24,19227
4,0,1,25,19357
4,0,1,26,19503
4,0,1,27,19265
4,0,1,28,19310
4,0,1,29,19260
4,0,1,30,19191
4,0,1,31,19239
4,0,2,0,19366
4,0,2,1,19195
4,0,2,2,19259
4,0,2,3,19241
4,0,2,4,19286
4,0,2,5,19391
4,0,2,6,19299
4,0,2,7,19300
4,0,2,8,19189
4,0,2,9,19530
4,0,2,10,19297
4,0,2,11,19282
4,0,2,12,19425
4,0,2,13,19270
4,0,2,14,19183
4,0,2,15,19157
4,0,2,16,19403
4,0,2,17,19235
4,0,2,18,19682
4,0,2,19,19320
4,0,2,20,19280
4,0,2,21,19174
4,0,2,22,19323
4,0,2,23,19557
4,0,2,24,19481
4,0,2,25,19341
4,0,2,26,19484
4,0,2,27,19542
4,0,2,28,19738
4,0,2,29,19566
4,0,2,30,19190
4,0,2,31,19323
4,1,2,0,19123
4,1,2,1,19599
4,1,2,2,19250
4,1,2,3,19333
4,1,2,4,19279
4,1,2,5,19269
4,1,2,6,19205
4,1,2,7,19428
4,1,2,8,19302
4,1,2,9,19266
4,1,2,10,19658
4,1,2,11,19341
4,1,2,12,19136
4,1,2,13,19318
4,1,2,14,19332
4,1,2,15,19309
4,1,2,16,19291
4,1,2,17,19320
4,1,2,18,19441
4,1,2,19,19393
4,1,2,20,19223
4,1,2,21,19334
4,1,2,22,19356
4,1,2,23,19262
4,1,2,24,19604
4,1,2,25,19487
4,1,2,26,19259
4,1,2,27,19170
4,1,2,28,19254
4,1,2,29,19291
4,1,2,30,19580
4,1,2,31,19255
4,2,2,0,31133
4,2,2,1,19380
4,2,2,2,19397
4,2,2,3,19434
4,2,2,4,19364
4,2,2,5,19236
4,2,2,6,19330
4,2,2,7,19484
4,2,2,8,19369
4,2,2,9,19297
4,2,2,10,19303
4,2,2,11,19357
4,2,2,12,19391
4,2,2,13,19270
4,2,2,14,19438
4,2,2,15,19327
4,2,2,16,19408
4,2,2,17,19416
4,2,2,18,19398
4,2,2,19,19448
4,2,2,20,19269
4,2,2,21,19200
4,2,2,22,19431
4,2,2,23,19195
4,2,2,24,19357
4,2,2,25,19365
4,2,2,26,19245
4,2,2,27,19352
4,2,2,28,19201
4,2,2,29,19378
4,2,2,30,19469
4,2,2,31,19445
4,3,2,0,19326
4,3,2,1,19349
4,3,2,2,19240
4,3,2,3,19257
4,3,2,4,19251
4,3,2,5,19285
4,3,2,6,19402
4,3,2,7,19254
4,3,2,8,19279
4,3,2,9,19392
4,3,2,10,19293
4,3,2,11,19238
4,3,2,12,19211
4,3,2,13,19400
4,3,2,14,19172
4,3,2,15,19238
4,3,2,16,19339
4,3,2,17,19176
4,3,2,18,19385
4,3,2,19,19315
4,3,2,20,19329
4,3,2,21,19167
4,3,2,22,19256
4,3,2,23,19305
4,3,2,24,19327
4,3,2,25,19348
4,3,2,26,19284
4,3,2,27,19360
4,3,2,28,19183
4,3,2,29,19277
4,3,2,30,19363
4,3,2,31,19224
4,4,2,0,19164
4,4,2,1,19237
4,4,2,2,19201
4,4,2,3,19366
4,4,2,4,19420
4,4,2,5,19268
4,4,2,6,19304
4,4,2,7,19266
4,4,2,8,19255
4,4,2,9,19307
4,4,2,10,19282
4,4,2,11,19209
4,4,2,12,19354
4,4,2,13,19313
4,4,2,14,19210
4,4,2,15,19500
4,4,2,16,19232
4,4,2,17,19418
4,4,2,18,19347
4,4,2,19,19408
4,4,2,20,19167
4,4,2,21,20138
4,4,2,22,19338
4,4,2,23,30327
4,4,2,24,19471
4,4,2,25,19564
4,4,2,26,19681
4,4,2,27,19521
4,4,2,28,19501
4,4,2,29,19251
4,4,2,30,19562
4,4,2,31,19694
4,4,3,0,19602
4,4,3,1,19540
4,4,3,2,19457
4,4,3,3,19503
4,4,3,4,19728
4,4,3,5,19571
4,4,3,6,19509
4,4,3,7,19633
4,4,3,8,19487
4,4,3,9,19220
4,4,3,10,19450
4,4,3,11,19352
4,4,3,12,19220
4,4,3,13,19387
4,4,3,14,19260
4,4,3,15,19309
4,4,3,16,19246
4,4,3,17,19454
4,4,3,18,19211
4,4,3,19,19279
4,4,3,20,19296
4,4,3,21,19369
4,4,3,22,19169
4,4,3,23,19481
4,4,3,24,19201
4,4,3,25,19362
4,4,3,26,19366
4,4,3,27,19193
4,4,3,28,19394
4,4,3,29,19290
4,4,3,30,19252
4,4,3,31,19236
4,3,3,0,19165
4,3,3,1,19374
4,3,3,2,19242
4,3,3,3,19223
4,3,3,4,19351
4,3,3,5,19302
4,3,3,6,19293
4,3,3,7,19290
4,3,3,8,19256
4,3,3,9,19376
4,3,3,10,19434
4,3,3,11,19203
4,3,3,12,19196
4,3,3,13,19206
4,3,3,14,19202
4,3,3,15,19477
4,3,3,16,19350
4,3,3,17,19312
4,3,3,18,19201
4,3,3,19,19266
4,3,3,20,19302
4,3,3,21,19215
4,3,3,22,19169
4,3,3,23,19296
4,3,3,24,19275
4,3,3,25,19271
4,3,3,26,19158
4,3,3,27,19313
4,3,3,28,19255
4,3,3,29,19305
4,3,3,30,19256
4,3,3,31,19341
4,2,3,0,19387
4,2,3,1,19511
4,2,3,2,19270
4,2,3,3,19417
4,2,3,4,19343
4,2,3,5,19323
4,2,3,6,19994
4,2,3,7,19409
4,2,3,8,19487
4,2,3,9,19350
4,2,3,10,19527
4,2,3,11,19433
4,2,3,12,19363
4,2,3,13,19350
4,2,3,14,19487
4,2,3,15,19317
4,2,3,16,19373
4,2,3,17,19371
4,2,3,18,19306
4,2,3,19,19475
4,2,3,20,19423
4,2,3,21,19433
4,2,3,22,19327
4,2,3,23,19511
4,2,3,24,19298
4,2,3,25,19513
4,2,3,26,19405
4,2,3,27,19289
4,2,3,28,19961
4,2,3,29,19684
4,2,3,30,19669
4,2,3,31,19397
4,1,3,0,19213
4,1,3,1,19362
4,1,3,2,20040
4,1,3,3,19342
4,1,3,4,19292
4,1,3,5,19321
4,1,3,6,19267
4,1,3,7,19386
4,1,3,8,19653
4,1,3,9,19168
4,1,3,10,19248
4,1,3,11,19399
4,1,3,12,19565
4,1,3,13,19716
4,1,3,14,19526
4,1,3,15,19347
4,1,3,16,19205
4,1,3,17,19390
4,1,3,18,19157
4,1,3,19,19211
4,1,3,20,19186
4,1,3,21,19188
4,1,3,22,19248
4,1,3,23,19218
4,1,3,24,19290
4,1,3,25,19488
4,1,3,26,19280
4,1,3,27,19284
4,1,3,28,19374
4,1,3,29,19404
4,1,3,30,19339
4,1,3,31,19267
4,0,3,0,19340
4,0,3,1,19322
4,0,3,2,19449
4,0,3,3,19367
4,0,3,4,19336
4,0,3,5,19625
4,0,3,6,19225
4,0,3,7,19282
4,0,3,8,19160
4,0,3,9,19283
4,0,3,10,19276
4,0,3,11,19406
4,0,3,12,19372
4,0,3,13,19275
4,0,3,14,19346
4,0,3,15,19466
4,0,3,16,19266
4,0,3,17,19329
4,0,3,18,19228
4,0,3,19,19292
4,0,3,20,19216
4,0,3,21,19285
4,0,3,22,19421
4,0,3,23,19639
4,0,3,24,19326
4,0,3,25,19548
4,0,3,26,19529
4,0,3,27,20163
4,0,3,28,19190
4,0,3,29,19272
4,0,3,30,19253
4,0,3,31,19591
4,0,4,0,21230
4,0,4,1,60085
4,0,4,2,22286
4,0,4,3,19383
4,0,4,4,19544
4,0,4,5,20037
4,0,4,6,19318
4,0,4,7,19272
4,0,4,8,19261
4,0,4,9,19306
4,0,4,10,19299
4,0,4,11,19159
4,0,4,12,19210
4,0,4,13,23033
4,0,4,14,19329
4,0,4,15,19253
4,0,4,16,19324
4,0,4,17,19415
4,0,4,18,19292
4,0,4,19,19229
4,0,4,20,19321
4,0,4,21,19324
4,0,4,22,19366
4,0,4,23,19258
4,0,4,24,19184
4,0,4,25,19170
4,0,4,26,19414
4,0,4,27,19340
4,0,4,28,19222
4,0,4,29,19305
4,0,4,30,19391
4,0,4,31,19214
4,1,4,0,19221
4,1,4,1,19311
4,1,4,2,19379
4,1,4,3,19402
4,1,4,4,19305
4,1,4,5,19189
4,1,4,6,19392
4,1,4,7,19231
4,1,4,8,19207
4,1,4,9,19477
4,1,4,10,19247
4,1,4,11,19288
4,1,4,12,19569
4,1,4,13,19232
4,1,4,14,19218
4,1,4,15,19620
4,1,4,16,19325
4,1,4,17,19221
4,1,4,18,19235
4,1,4,19,19378
4,1,4,20,19327
4,1,4,21,19365
4,1,4,22,19399
4,1,4,23,19263
4,1,4,24,19263
4,1,4,25,19184
4,1,4,26,19279
4,1,4,27,19296
4,1,4,28,19165
4,1,4,29,19262
4,1,4,30,19230
4,1,4,31,19175
4,2,4,0,19164
4,2,4,1,19285
4,2,4,2,19326
4,2,4,3,19549
4,2,4,4,19378
4,2,4,5,19573
4,2,4,6,19478
4,2,4,7,19444
4,2,4,8,19330
4,2,4,9,20112
4,2,4,10,19408
4,2,4,11,19404
4,2,4,12,19259
4,2,4,13,19411
4,2,4,14,19424
4,2,4,15,19246
4,2,4,16,19361
4,2,4,17,19511
4,2,4,18,19458
4,2,4,19,19450
4,2,4,20,19344
4,2,4,21,19269
4,2,4,22,19499
4,2,4,23,19338
4,2,4,24,19520
4,2,4,25,19367
4,2,4,26,19377
4,2,4,27,19335
4,2,4,28,19268
4,2,4,29,19585
4,2,4,30,19382
4,2,4,31,19343
4,3,4,0,19317
4,3,4,1,19351
4,3,4,2,19268
4,3,4,3,19190
4,3,4,4,19289
4,3,4,5,19215
4,3,4,6,19355
4,3,4,7,19336
4,3,4,8,19381
4,3,4,9,19276
4,3,4,10,19305
4,3,4,11,19264
4,3,4,12,19332
4,3,4,13,19284
4,3,4,14,19209
4,3,4,15,19430
4,3,4,16,19225
4,3,4,17,19320
4,3,4,18,19345
4,3,4,19,19278
4,3,4,20,19178
4,3,4,21,19357
4,3,4,22,19277
4,3,4,23,19261
4,3,4,24,19371
4,3,4,25,19262
4,3,4,26,19188
4,3,4,27,19369
4,3,4,28,19176
4,3,4,29,19185
4,3,4,30,20032
4,3,4,31,19438
4,4,4,0,19302
4,4,4,1,19273
4,4,4,2,19219
4,4,4,3,19209
4,4,4,4,19322
4,4,4,5,19369
4,4,4,6,19325
4,4,4,7,19237
4,4,4,8,19178
4,4,4,9,19312
4,4,4,10,19411
4,4,4,11,19497
4,4,4,12,19259
4,4,4,13,19439
4,4,4,14,19348
4,4,4,15,19249
4,4,4,16,19415
4,4,4,17,19457
4,4,4,18,19349
4,4,4,19,19239
4,4,4,20,19237
4,4,4,21,19380
4,4,4,22,19314
4,4,4,23,19298
4,4,4,24,19190
4,4,4,25,19199
4,4,4,26,19460
4,4,4,27,19314
4,4,4,28,19348
4,4,4,29,19200
4,4,4,30,20103
4,4,4,31,19306
4,4,5,0,19625
4,4,5,1,19623
4,4,5,2,19268
4,4,5,3,19304
4,4,5,4,19167
4,4,5,5,19325
4,4,5,6,19346
4,4,5,7,19195
4,4,5,8,19314
4,4,5,9,19404
4,4,5,10,19302
4,4,5,11,19284
4,4,5,12,19352
4,4,5,13,19313
4,4,5,14,19310
4,4,5,15,19248
4,4,5,16,19411
4,4,5,17,19340
4,4,5,18,19226
4,4,5,19,19532
4,4,5,20,19264
4,4,5,21,19391
4,4,5,22,19241
4,4,5,23,19139
4,4,5,24,19393
4,4,5,25,19315
4,4,5,26,19371
4,4,5,27,19242
4,4,5,28,19262
4,4,5,29,19378
4,4,5,30,19350
4,4,5,31,19290
4,3,5,0,19248
4,3,5,1,19398
4,3,5,2,19222
4,3,5,3,19212
4,3,5,4,19479
4,3,5,5,19321
4,3,5,6,19358
4,3,5,7,19173
4,3,5,8,19355
4,3,5,9,19199
4,3,5,10,19305
4,3,5,11,19304
4,3,5,12,19307
4,3,5,13,19550
4,3,5,14,19390
4,3,5,15,19271
4,3,5,16,19290
4,3,5,17,19330
4,3,5,18,19242
4,3,5,19,19382
4,3,5,20,19402
4,3,5,21,19159
4,3,5,22,19235
4,3,5,23,19281
4,3,5,24,19223
4,3,5,25,19416
4,3,5,26,19274
4,3,5,27,19235
4,3,5,28,19223
4,3,5,29,19264
4,3,5,30,19199
4,3,5,31,19357
4,2,5,0,19205
4,2,5,1,19343
4,2,5,2,19300
4,2,5,3,19523
4,2,5,4,19398
4,2,5,5,19510
4,2,5,6,19419
4,2,5,7,19534
4,2,5,8,19348
4,2,5,9,19401
4,2,5,10,19517
4,2,5,11,19256
4,2,5,12,19248
4,2,5,13,19461
4,2,5,14,19324
4,2,5,15,19416
4,2,5,16,20365
4,2,5,17,19300
4,2,5,18,19507
4,2,5,19,19488
4,2,5,20,19348
4,2,5,21,19421
4,2,5,22,19319
4,2,5,23,19477
4,2,5,24,19446
4,2,5,25,19307
4,2,5,26,19474
4,2,5,27,19458
4,2,5,28,19233
4,2,5,29,19392
4,2,5,30,19403
4,2,5,31,19354
4,1,5,0,19341
4,1,5,1,19272
4,1,5,2,19208
4,1,5,3,19203
4,1,5,4,19213
4,1,5,5,19212
4,1,5,6,19213
4,1,5,7,19439
4,1,5,8,19386
4,1,5,9,19306
4,1,5,10,19309
4,1,5,11,19255
4,1,5,12,19374
4,1,5,13,19381
4,1,5,14,22863
4,1,5,15,19334
4,1,5,16,19429
4,1,5,17,19230
4,1,5,18,19244
4,1,5,19,19256
4,1,5,20,19257
4,1,5,21,19267
4,1,5,22,19141
4,1,5,23,19407
4,1,5,24,19248
4,1,5,25,19421
4,1,5,26,19198
4,1,5,27,19428
4,1,5,28,19431
4,1,5,29,19269
4,1,5,30,19287
4,1,5,31,19248
4,0,5,0,19252
4,0,5,1,19282
4,0,5,2,19231
4,0,5,3,19450
4,0,5,4,19305
4,0,5,5,19361
4,0,5,6,19273
4,0,5,7,19251
4,0,5,8,19350
4,0,5,9,19391
4,0,5,10,19212
4,0,5,11,19322
4,0,5,12,19278
4,0,5,13,19335
4,0,5,14,19272
4,0,5,15,19351
4,0,5,16,19304
4,0,5,17,19214
4,0,5,18,19370
4,0,5,19,19235
4,0,5,20,19309
4,0,5,21,19231
4,0,5,22,19286
4,0,5,23,19240
4,0,5,24,19468
4,0,5,25,19378
4,0,5,26,19270
4,0,5,27,19208
4,0,5,28,19281
4,0,5,29,19396
4,0,5,30,19369
4,0,5,31,19308
4,0,6,0,19219
4,0,6,1,19843
4,0,6,2,19380
4,0,6,3,19305
4,0,6,4,19291
4,0,6,5,19310
4,0,6,6,19275
4,0,6,7,19356
4,0,6,8,19195
4,0,6,9,19389
4,0,6,10,19364
4,0,6,11,19361
4,0,6,12,19528
4,0,6,13,19324
4,0,6,14,19413
4,0,6,15,19263
4,0,6,16,19266
4,0,6,17,19435
4,0,6,18,19237
4,0,6,19,30297
4,0,6,20,19203
4,0,6,21,19278
4,0,6,22,19565
4,0,6,23,19683
4,0,6,24,19208
4,0,6,25,19633
4,0,6,26,19261
4,0,6,27,19237
4,0,6,28,19292
4,0,6,29,19280
4,0,6,30,19196
4,0,6,31,19350
4,1,6,0,19180
4,1,6,1,19250
4,1,6,2,19344
4,1,6,3,19707
4,1,6,4,19265
4,1,6,5,19376
4,1,6,6,19214
4,1,6,7,19367
4,1,6,8,19423
4,1,6,9,19236
4,1,6,10,19282
4,1,6,11,19375
4,1,6,12,19242
4,1,6,13,19214
4,1,6,14,19283
4,1,6,15,19237
4,1,6,16,19273
4,1,6,17,19317
4,1,6,18,19374
4,1,6,19,19460
4,1,6,20,19265
4,1,6,21,19265
4,1,6,22,19397
4,1,6,23,19460
4,1,6,24,19324
4,1,6,25,19620
4,1,6,26,19563
4,1,6,27,19287
4,1,6,28,19319
4,1,6,29,19251
4,1,6,30,19345
4,1,6,31,19336
4,2,6,0,19341
4,2,6,1,19391
4,2,6,2,19558
4,2,6,3,19421
4,2,6,4,19366
4,2,6,5,19432
4,2,6,6,19436
4,2,6,7,19494
4,2,6,8,19344
4,2,6,9,19361
4,2,6,10,19292
4,2,6,11,19405
4,2,6,12,19453
4,2,6,13,19430
4,2,6,14,19376
4,2,6,15,19632
4,2,6,16,19365
4,2,6,17,19422
4,2,6,18,19225
4,2,6,19,19452
4,2,6,20,19255
4,2,6,21,19315
4,2,6,22,19836
4,2,6,23,19366
4,2,6,24,19372
4,2,6,25,19352
4,2,6,26,19206
4,2,6,27,19385
4,2,6,28,19355
4,2,6,29,19201
4,2,6,30,19390
4,2,6,31,19254
4,3,6,0,19139
4,3,6,1,19144
4,3,6,2,19246
4,3,6,3,19327
4,3,6,4,19307
4,3,6,5,19279
4,3,6,6,19352
4,3,6,7,30117
4,3,6,8,19356
4,3,6,9,19244
4,3,6,10,19209
4,3,6,11,19285
4,3,6,12,19336
4,3,6,13,19225
4,3,6,14,19417
4,3,6,15,19431
4,3,6,16,19269
4,3,6,17,19231
4,3,6,18,19210
4,3,6,19,19291
4,3,6,20,19351
4,3,6,21,19452
4,3,6,22,19236
4,3,6,23,19312
4,3,6,24,19374
4,3,6,25,19304
4,3,6,26,19280
4,3,6,27,19171
4,3,6,28,19407
4,3,6,29,19269
4,3,6,30,19322
4,3,6,31,19262
4,4,6,0,19262
4,4,6,1,19360
4,4,6,2,19303
4,4,6,3,19205
4,4,6,4,19227
4,4,6,5,19533
4,4,6,6,19226
4,4,6,7,19240
4,4,6,8,19295
4,4,6,9,19257
4,4,6,10,19223
4,4,6,11,19232
4,4,6,12,19194
4,4,6,13,19249
4,4,6,14,19419
4,4,6,15,19244
4,4,6,16,19446
4,4,6,17,19191
4,4,6,18,19266
4,4,6,19,19247
4,4,6,20,19443
4,4,6,21,19193
4,4,6,22,19191
4,4,6,23,19135
4,4,6,24,19256
4,4,6,25,19250
4,4,6,26,19255
4,4,6,27,19487
4,4,6,28,19327
4,4,6,29,19395
4,4,6,30,19345
4,4,6,31,19380
4,4,7,0,19347
4,4,7,1,19220
4,4,7,2,19365
4,4,7,3,19297
4,4,7,4,19231
4,4,7,5,19265
4,4,7,6,19271
4,4,7,7,19908
4,4,7,8,19298
4,4,7,9,19473
4,4,7,10,19689
4,4,7,11,19580
4,4,7,12,19549
4,4,7,13,19602
4,4,7,14,19484
4,4,7,15,19644
4,4,7,16,19569
4,4,7,17,19563
4,4,7,18,19276
4,4,7,19,19284
4,4,7,20,19340
4,4,7,21,19190
4,4,7,22,19222
4,4,7,23,19224
4,4,7,24,19237
4,4,7,25,19284
4,4,7,26,19166
4,4,7,27,19258
4,4,7,28,19255
4,4,7,29,19271
4,4,7,30,19310
4,4,7,31,19174
4,3,7,0,19331
4,3,7,1,19286
4,3,7,2,19274
4,3,7,3,19267
4,3,7,4,19261
4,3,7,5,19305
4,3,7,6,19403
4,3,7,7,19192
4,3,7,8,19194
4,3,7,9,19243
4,3,7,10,19273
4,3,7,11,19195
4,3,7,12,19388
4,3,7,13,19259
4,3,7,14,19171
4,3,7,15,19352
4,3,7,16,19315
4,3,7,17,19245
4,3,7,18,19308
4,3,7,19,19250
4,3,7,20,19233
4,3,7,21,19173
4,3,7,22,19199
4,3,7,23,19360
4,3,7,24,19194
4,3,7,25,19267
4,3,7,26,19305
4,3,7,27,19292
4,3,7,28,19418
4,3,7,29,19298
4,3,7,30,19166
4,3,7,31,19139
4,2,7,0,19105
4,2,7,1,19445
4,2,7,2,19509
4,2,7,3,19378
4,2,7,4,19417
4,2,7,5,19326
4,2,7,6,19341
4,2,7,7,19458
4,2,7,8,19351
4,2,7,9,19424
4,2,7,10,19507
4,2,7,11,19376
4,2,7,12,19357
4,2,7,13,19292
4,2,7,14,19361
4,2,7,15,19376
4,2,7,16,19295
4,2,7,17,19241
4,2,7,18,19212
4,2,7,19,19426
4,2,7,20,19318
4,2,7,21,19324
4,2,7,22,19431
4,2,7,23,19475
4,2,7,24,19394
4,2,7,25,19291
4,2,7,26,19320
4,2,7,27,19464
4,2,7,28,19371
4,2,7,29,20259
4,2,7,30,19521
4,2,7,31,19544
4,1,7,0,19211
4,1,7,1,19513
4,1,7,2,19256
4,1,7,3,19393
4,1,7,4,19305
4,1,7,5,19565
4,1,7,6,19630
4,1,7,7,19655
4,1,7,8,19497
4,1,7,9,19227
4,1,7,10,19284
4,1,7,11,19278
4,1,7,12,19223
4,1,7,13,19204
4,1,7,14,19693
4,1,7,15,19393
4,1,7,16,19273
4,1,7,17,19275
4,1,7,18,19672
4,1,7,19,30456
4,1,7,20,19597
4,1,7,21,19235
4,1,7,22,19311
4,1,7,23,19219
4,1,7,24,19534
4,1,7,25,19329
4,1,7,26,19277
4,1,7,27,19637
4,1,7,28,19494
4,1,7,29,19672
4,1,7,30,19237
4,1,7,31,19257
4,0,7,0,19653
4,0,7,1,19238
4,0,7,2,19300
4,0,7,3,19350
4,0,7,4,19258
4,0,7,5,19354
4,0,7,6,19208
4,0,7,7,19295
4,0,7,8,19388
4,0,7,9,19375
4,0,7,10,19392
4,0,7,11,19190
4,0,7,12,19185
4,0,7,13,19335
4,0,7,14,19132
4,0,7,15,19258
4,0,7,16,19264
4,0,7,17,19276
4,0,7,18,19419
4,0,7,19,19295
4,0,7,20,19246
4,0,7,21,19605
4,0,7,22,19229
4,0,7,23,19614
4,0,7,24,19356
4,0,7,25,19252
4,0,7,26,19303
4,0,7,27,19238
4,0,7,28,19601
4,0,7,29,19662
4,0,7,30,19238
4,0,7,31,19263
