cpucycles tracesetup 0 amd64-perfpmcff precision 0 scaling 0.000000 only32 0
cpucycles tracesetup 1 amd64-perfpmc precision 0 scaling 0.000000 only32 0
cpucycles tracesetup 2 amd64-pmcff precision 0 scaling 0.000000 only32 0
cpucycles tracesetup 3 amd64-tsc precision 1015 scaling 0.467415 only32 0
cpucycles tracesetup 4 amd64-tscasm precision 1026 scaling 0.467415 only32 0
cpucycles tracesetup 5 default-perfevent precision 204 scaling 1.000000 only32 0
cpucycles tracesetup 6 default-mach precision 0 scaling 0.000000 only32 0
cpucycles tracesetup 7 default-monotonic precision 1075 scaling 1.400000 only32 0
cpucycles tracesetup 8 default-gettimeofday precision 2440 scaling 1400.000000 only32 0
cpucycles tracesetup 9 default-zero precision 0 scaling 0.000000 only32 0
region,variant,block,observation,cycles
0,0,0,0,879
0,0,0,1,775
0,0,0,2,799
0,0,0,3,786
0,0,0,4,794
0,0,0,5,817
0,0,0,6,792
0,0,0,7,800
0,0,0,8,827
0,0,0,9,801
0,0,0,10,831
0,0,0,11,816
0,0,0,12,814
0,0,0,13,829
0,0,0,14,780
0,0,0,15,807
0,0,0,16,803
0,0,0,17,805
0,0,0,18,798
0,0,0,19,796
0,0,0,20,796
0,0,0,21,801
0,0,0,22,782
0,0,0,23,820
0,0,0,24,795
0,0,0,25,777
0,0,0,26,803
0,0,0,27,790
0,0,0,28,802
0,0,0,29,800
0,0,0,30,774
0,0,0,31,815
0,1,0,0,808
0,1,0,1,763
0,1,0,2,781
0,1,0,3,794
0,1,0,4,810
0,1,0,5,833
0,1,0,6,803
0,1,0,7,807
0,1,0,8,817
0,1,0,9,818
0,1,0,10,847
0,1,0,11,810
0,1,0,12,815
0,1,0,13,847
0,1,0,14,798
0,1,0,15,819
0,1,0,16,835
0,1,0,17,795
0,1,0,18,842
0,1,0,19,805
0,1,0,20,825
0,1,0,21,822
0,1,0,22,817
0,1,0,23,845
0,1,0,24,824
0,1,0,25,813
0,1,0,26,808
0,1,0,27,812
0,1,0,28,820
0,1,0,29,843
0,1,0,30,828
0,1,0,31,850
0,2,0,0,817
0,2,0,1,766
0,2,0,2,768
0,2,0,3,758
0,2,0,4,766
0,2,0,5,757
0,2,0,6,757
0,2,0,7,757
0,2,0,8,758
0,2,0,9,737
0,2,0,10,769
0,2,0,11,765
0,2,0,12,749
0,2,0,13,768
0,2,0,14,748
0,2,0,15,758
0,2,0,16,768
0,2,0,17,748
0,2,0,18,755
0,2,0,19,767
0,2,0,20,757
0,2,0,21,751
0,2,0,22,757
0,2,0,23,761
0,2,0,24,763
0,2,0,25,764
0,2,0,26,762
0,2,0,27,758
0,2,0,28,760
0,2,0,29,766
0,2,0,30,761
0,2,0,31,752
0,3,0,0,792
0,3,0,1,783
0,3,0,2,764
0,3,0,3,788
0,3,0,4,791
0,3,0,5,760
0,3,0,6,773
0,3,0,7,761
0,3,0,8,779
0,3,0,9,751
0,3,0,10,784
0,3,0,11,750
0,3,0,12,749
0,3,0,13,762
0,3,0,14,768
0,3,0,15,786
0,3,0,16,779
0,3,0,17,757
0,3,0,18,759
0,3,0,19,760
0,3,0,20,767
0,3,0,21,784
0,3,0,22,753
0,3,0,23,775
0,3,0,24,790
0,3,0,25,750
0,3,0,26,773
0,3,0,27,758
0,3,0,28,748
0,3,0,29,776
0,3,0,30,766
0,3,0,31,783
0,3,1,0,770
0,3,1,1,741
0,3,1,2,765
0,3,1,3,754
0,3,1,4,766
0,3,1,5,798
0,3,1,6,763
0,3,1,7,780
0,3,1,8,768
0,3,1,9,761
0,3,1,10,783
0,3,1,11,758
0,3,1,12,745
0,3,1,13,785
0,3,1,14,773
0,3,1,15,787
0,3,1,16,764
0,3,1,17,756
0,3,1,18,745
0,3,1,19,755
0,3,1,20,764
0,3,1,21,778
0,3,1,22,745
0,3,1,23,756
0,3,1,24,765
0,3,1,25,751
0,3,1,26,767
0,3,1,27,761
0,3,1,28,750
0,3,1,29,779
0,3,1,30,756
0,3,1,31,781
0,2,1,0,741
0,2,1,1,773
0,2,1,2,772
0,2,1,3,783
0,2,1,4,769
0,2,1,5,762
0,2,1,6,766
0,2,1,7,749
0,2,1,8,770
0,2,1,9,765
0,2,1,10,769
0,2,1,11,756
0,2,1,12,765
0,2,1,13,762
0,2,1,14,760
0,2,1,15,765
0,2,1,16,781
0,2,1,17,764
0,2,1,18,752
0,2,1,19,758
0,2,1,20,761
0,2,1,21,763
0,2,1,22,762
0,2,1,23,758
0,2,1,24,780
0,2,1,25,772
0,2,1,26,752
0,2,1,27,769
0,2,1,28,767
0,2,1,29,765
0,2,1,30,746
0,2,1,31,744
0,1,1,0,771
0,1,1,1,812
0,1,1,2,826
0,1,1,3,831
0,1,1,4,825
0,1,1,5,828
0,1,1,6,793
0,1,1,7,824
0,1,1,8,814
0,1,1,9,823
0,1,1,10,856
0,1,1,11,805
0,1,1,12,813
0,1,1,13,798
0,1,1,14,813
0,1,1,15,835
0,1,1,16,817
0,1,1,17,795
0,1,1,18,817
0,1,1,19,806
0,1,1,20,804
0,1,1,21,824
0,1,1,22,815
0,1,1,23,824
0,1,1,24,825
0,1,1,25,794
0,1,1,26,834
0,1,1,27,809
0,1,1,28,801
0,1,1,29,819
0,1,1,30,819
0,1,1,31,832
0,0,1,0,822
0,0,1,1,813
0,0,1,2,807
0,0,1,3,803
0,0,1,4,818
0,0,1,5,830
0,0,1,6,823
0,0,1,7,813
0,0,1,8,823
0,0,1,9,786
0,0,1,10,825
0,0,1,11,806
0,0,1,12,795
0,0,1,13,804
0,0,1,14,816
0,0,1,15,817
0,0,1,16,776
0,0,1,17,791
0,0,1,18,807
0,0,1,19,796
0,0,1,20,796
0,0,1,21,820
0,0,1,22,819
0,0,1,23,826
0,0,1,24,797
0,0,1,25,783
0,0,1,26,806
0,0,1,27,811
0,0,1,28,806
0,0,1,29,800
0,0,1,30,814
0,0,1,31,815
0,0,2,0,803
0,0,2,1,794
0,0,2,2,805
0,0,2,3,825
0,0,2,4,809
0,0,2,5,814
0,0,2,6,807
0,0,2,7,841
0,0,2,8,838
0,0,2,9,798
0,0,2,10,811
0,0,2,11,787
0,0,2,12,798
0,0,2,13,795
0,0,2,14,779
0,0,2,15,805
0,0,2,16,803
0,0,2,17,793
0,0,2,18,783
0,0,2,19,780
0,0,2,20,806
0,0,2,21,804
0,0,2,22,805
0,0,2,23,824
0,0,2,24,840
0,0,2,25,805
0,0,2,26,833
0,0,2,27,786
0,0,2,28,803
0,0,2,29,810
0,0,2,30,805
0,0,2,31,819
0,1,2,0,805
0,1,2,1,815
0,1,2,2,821
0,1,2,3,831
0,1,2,4,834
0,1,2,5,838
0,1,2,6,823
0,1,2,7,838
0,1,2,8,823
0,1,2,9,786
0,1,2,10,821
0,1,2,11,798
0,1,2,12,826
0,1,2,13,816
0,1,2,14,812
0,1,2,15,817
0,1,2,16,803
0,1,2,17,811
0,1,2,18,816
0,1,2,19,816
0,1,2,20,786
0,1,2,21,817
0,1,2,22,793
0,1,2,23,812
0,1,2,24,823
0,1,2,25,795
0,1,2,26,819
0,1,2,27,831
0,1,2,28,801
0,1,2,29,826
0,1,2,30,795
0,1,2,31,827
0,2,2,0,759
0,2,2,1,778
0,2,2,2,774
0,2,2,3,778
0,2,2,4,781
0,2,2,5,762
0,2,2,6,751
0,2,2,7,760
0,2,2,8,762
0,2,2,9,740
0,2,2,10,759
0,2,2,11,756
0,2,2,12,748
0,2,2,13,758
0,2,2,14,755
0,2,2,15,768
0,2,2,16,782
0,2,2,17,759
0,2,2,18,763
0,2,2,19,760
0,2,2,20,760
0,2,2,21,757
0,2,2,22,741
0,2,2,23,753
0,2,2,24,764
0,2,2,25,760
0,2,2,26,767
0,2,2,27,757
0,2,2,28,751
0,2,2,29,754
0,2,2,30,760
0,2,2,31,775
0,3,2,0,765
0,3,2,1,784
0,3,2,2,780
0,3,2,3,784
0,3,2,4,774
0,3,2,5,789
0,3,2,6,762
0,3,2,7,763
0,3,2,8,790
0,3,2,9,749
0,3,2,10,775
0,3,2,11,754
0,3,2,12,753
0,3,2,13,767
0,3,2,14,766
0,3,2,15,788
0,3,2,16,770
0,3,2,17,749
0,3,2,18,776
0,3,2,19,760
0,3,2,20,769
0,3,2,21,779
0,3,2,22,762
0,3,2,23,781
0,3,2,24,782
0,3,2,25,754
0,3,2,26,783
0,3,2,27,758
0,3,2,28,764
0,3,2,29,757
0,3,2,30,764
0,3,2,31,745
0,3,3,0,760
0,3,3,1,766
0,3,3,2,764
0,3,3,3,760
0,3,3,4,766
0,3,3,5,781
0,3,3,6,757
0,3,3,7,762
0,3,3,8,773
0,3,3,9,755
0,3,3,10,783
0,3,3,11,771
0,3,3,12,777
0,3,3,13,788
0,3,3,14,763
0,3,3,15,796
0,3,3,16,786
0,3,3,17,749
0,3,3,18,768
0,3,3,19,769
0,3,3,20,777
0,3,3,21,760
0,3,3,22,762
0,3,3,23,774
0,3,3,24,783
0,3,3,25,761
0,3,3,26,763
0,3,3,27,766
0,3,3,28,777
0,3,3,29,776
0,3,3,30,764
0,3,3,31,775
0,2,3,0,762
0,2,3,1,784
0,2,3,2,793
0,2,3,3,775
0,2,3,4,775
0,2,3,5,760
0,2,3,6,762
0,2,3,7,762
0,2,3,8,767
0,2,3,9,762
0,2,3,10,755
0,2,3,11,761
0,2,3,12,754
0,2,3,13,775
0,2,3,14,754
0,2,3,15,781
0,2,3,16,771
0,2,3,17,760
0,2,3,18,768
0,2,3,19,761
0,2,3,20,762
0,2,3,21,765
0,2,3,22,767
0,2,3,23,1192
0,2,3,24,779
0,2,3,25,748
0,2,3,26,752
0,2,3,27,763
0,2,3,28,756
0,2,3,29,772
0,2,3,30,760
0,2,3,31,780
0,1,3,0,786
0,1,3,1,804
0,1,3,2,835
0,1,3,3,813
0,1,3,4,809
0,1,3,5,820
0,1,3,6,811
0,1,3,7,806
0,1,3,8,822
0,1,3,9,812
0,1,3,10,820
0,1,3,11,795
0,1,3,12,807
0,1,3,13,850
0,1,3,14,830
0,1,3,15,826
0,1,3,16,801
0,1,3,17,804
0,1,3,18,864
0,1,3,19,796
0,1,3,20,825
0,1,3,21,819
0,1,3,22,799
0,1,3,23,806
0,1,3,24,820
0,1,3,25,810
0,1,3,26,835
0,1,3,27,793
0,1,3,28,824
0,1,3,29,824
0,1,3,30,806
0,1,3,31,837
0,0,3,0,788
0,0,3,1,803
0,0,3,2,814
0,0,3,3,807
0,0,3,4,824
0,0,3,5,842
0,0,3,6,793
0,0,3,7,809
0,0,3,8,814
0,0,3,9,827
0,0,3,10,817
0,0,3,11,807
0,0,3,12,806
0,0,3,13,822
0,0,3,14,799
0,0,3,15,800
0,0,3,16,804
0,0,3,17,809
0,0,3,18,809
0,0,3,19,790
0,0,3,20,805
0,0,3,21,828
0,0,3,22,786
0,0,3,23,811
0,0,3,24,811
0,0,3,25,792
0,0,3,26,806
0,0,3,27,798
0,0,3,28,816
0,0,3,29,806
0,0,3,30,791
0,0,3,31,811
0,0,4,0,798
0,0,4,1,773
0,0,4,2,776
0,0,4,3,788
0,0,4,4,790
0,0,4,5,825
0,0,4,6,787
0,0,4,7,829
0,0,4,8,813
0,0,4,9,827
0,0,4,10,827
0,0,4,11,812
0,0,4,12,794
0,0,4,13,834
0,0,4,14,814
0,0,4,15,838
0,0,4,16,835
0,0,4,17,799
0,0,4,18,805
0,0,4,19,784
0,0,4,20,817
0,0,4,21,811
0,0,4,22,783
0,0,4,23,821
0,0,4,24,798
0,0,4,25,802
0,0,4,26,836
0,0,4,27,801
0,0,4,28,782
0,0,4,29,795
0,0,4,30,789
0,0,4,31,808
0,1,4,0,777
0,1,4,1,821
0,1,4,2,838
0,1,4,3,822
0,1,4,4,834
0,1,4,5,844
0,1,4,6,818
0,1,4,7,833
0,1,4,8,817
0,1,4,9,816
0,1,4,10,867
0,1,4,11,822
0,1,4,12,802
0,1,4,13,845
0,1,4,14,820
0,1,4,15,839
0,1,4,16,814
0,1,4,17,798
0,1,4,18,813
0,1,4,19,803
0,1,4,20,809
0,1,4,21,852
0,1,4,22,794
0,1,4,23,832
0,1,4,24,807
0,1,4,25,798
0,1,4,26,833
0,1,4,27,827
0,1,4,28,807
0,1,4,29,808
0,1,4,30,785
0,1,4,31,822
0,2,4,0,739
0,2,4,1,784
0,2,4,2,785
0,2,4,3,782
0,2,4,4,797
0,2,4,5,775
0,2,4,6,783
0,2,4,7,758
0,2,4,8,773
0,2,4,9,727
0,2,4,10,769
0,2,4,11,739
0,2,4,12,769
0,2,4,13,762
0,2,4,14,757
0,2,4,15,760
0,2,4,16,773
0,2,4,17,760
0,2,4,18,761
0,2,4,19,769
0,2,4,20,762
0,2,4,21,777
0,2,4,22,746
0,2,4,23,775
0,2,4,24,760
0,2,4,25,751
0,2,4,26,767
0,2,4,27,756
0,2,4,28,750
0,2,4,29,759
0,2,4,30,755
0,2,4,31,773
0,3,4,0,750
0,3,4,1,780
0,3,4,2,783
0,3,4,3,791
0,3,4,4,774
0,3,4,5,779
0,3,4,6,754
0,3,4,7,772
0,3,4,8,784
0,3,4,9,756
0,3,4,10,795
0,3,4,11,748
0,3,4,12,759
0,3,4,13,759
0,3,4,14,741
0,3,4,15,781
0,3,4,16,764
0,3,4,17,756
0,3,4,18,755
0,3,4,19,766
0,3,4,20,764
0,3,4,21,755
0,3,4,22,762
0,3,4,23,760
0,3,4,24,772
0,3,4,25,768
0,3,4,26,777
0,3,4,27,763
0,3,4,28,755
0,3,4,29,797
0,3,4,30,757
0,3,4,31,775
0,3,5,0,746
0,3,5,1,759
0,3,5,2,754
0,3,5,3,765
0,3,5,4,764
0,3,5,5,772
0,3,5,6,754
0,3,5,7,783
0,3,5,8,785
0,3,5,9,750
0,3,5,10,4112
0,3,5,11,757
0,3,5,12,780
0,3,5,13,764
0,3,5,14,775
0,3,5,15,783
0,3,5,16,776
0,3,5,17,763
0,3,5,18,771
0,3,5,19,765
0,3,5,20,751
0,3,5,21,780
0,3,5,22,765
0,3,5,23,770
0,3,5,24,785
0,3,5,25,772
0,3,5,26,779
0,3,5,27,766
0,3,5,28,762
0,3,5,29,773
0,3,5,30,772
0,3,5,31,782
0,2,5,0,750
0,2,5,1,774
0,2,5,2,771
0,2,5,3,757
0,2,5,4,771
0,2,5,5,765
0,2,5,6,764
0,2,5,7,762
0,2,5,8,771
0,2,5,9,747
0,2,5,10,768
0,2,5,11,757
0,2,5,12,754
0,2,5,13,762
0,2,5,14,739
0,2,5,15,763
0,2,5,16,782
0,2,5,17,758
0,2,5,18,776
0,2,5,19,765
0,2,5,20,759
0,2,5,21,772
0,2,5,22,761
0,2,5,23,755
0,2,5,24,755
0,2,5,25,749
0,2,5,26,759
0,2,5,27,760
0,2,5,28,760
0,2,5,29,768
0,2,5,30,738
0,2,5,31,740
0,1,5,0,787
0,1,5,1,815
0,1,5,2,811
0,1,5,3,817
0,1,5,4,840
0,1,5,5,839
0,1,5,6,794
0,1,5,7,825
0,1,5,8,820
0,1,5,9,790
0,1,5,10,838
0,1,5,11,808
0,1,5,12,806
0,1,5,13,817
0,1,5,14,816
0,1,5,15,843
0,1,5,16,823
0,1,5,17,814
0,1,5,18,831
0,1,5,19,812
0,1,5,20,813
0,1,5,21,834
0,1,5,22,812
0,1,5,23,815
0,1,5,24,813
0,1,5,25,805
0,1,5,26,823
0,1,5,27,802
0,1,5,28,803
0,1,5,29,819
0,1,5,30,796
0,1,5,31,824
0,0,5,0,792
0,0,5,1,801
0,0,5,2,786
0,0,5,3,834
0,0,5,4,827
0,0,5,5,828
0,0,5,6,808
0,0,5,7,798
0,0,5,8,830
0,0,5,9,815
0,0,5,10,808
0,0,5,11,794
0,0,5,12,822
0,0,5,13,815
0,0,5,14,793
0,0,5,15,801
0,0,5,16,812
0,0,5,17,787
0,0,5,18,782
0,0,5,19,785
0,0,5,20,776
0,0,5,21,814
0,0,5,22,801
0,0,5,23,808
0,0,5,24,813
0,0,5,25,796
0,0,5,26,798
0,0,5,27,805
0,0,5,28,804
0,0,5,29,824
0,0,5,30,805
0,0,5,31,804
0,0,6,0,788
0,0,6,1,772
0,0,6,2,770
0,0,6,3,782
0,0,6,4,793
0,0,6,5,810
0,0,6,6,788
0,0,6,7,787
0,0,6,8,804
0,0,6,9,796
0,0,6,10,820
0,0,6,11,798
0,0,6,12,821
0,0,6,13,823
0,0,6,14,804
0,0,6,15,829
0,0,6,16,774
0,0,6,17,790
0,0,6,18,822
0,0,6,19,822
0,0,6,20,821
0,0,6,21,821
0,0,6,22,802
0,0,6,23,821
0,0,6,24,790
0,0,6,25,780
0,0,6,26,823
0,0,6,27,798
0,0,6,28,814
0,0,6,29,836
0,0,6,30,798
0,0,6,31,822
0,1,6,0,785
0,1,6,1,806
0,1,6,2,820
0,1,6,3,829
0,1,6,4,843
0,1,6,5,840
0,1,6,6,809
0,1,6,7,828
0,1,6,8,849
0,1,6,9,811
0,1,6,10,825
0,1,6,11,820
0,1,6,12,825
0,1,6,13,846
0,1,6,14,793
0,1,6,15,845
0,1,6,16,818
0,1,6,17,807
0,1,6,18,841
0,1,6,19,832
0,1,6,20,811
0,1,6,21,839
0,1,6,22,803
0,1,6,23,836
0,1,6,24,812
0,1,6,25,808
0,1,6,26,820
0,1,6,27,821
0,1,6,28,805
0,1,6,29,832
0,1,6,30,794
0,1,6,31,835
0,2,6,0,784
0,2,6,1,784
0,2,6,2,783
0,2,6,3,786
0,2,6,4,787
0,2,6,5,777
0,2,6,6,755
0,2,6,7,767
0,2,6,8,777
0,2,6,9,763
0,2,6,10,765
0,2,6,11,764
0,2,6,12,759
0,2,6,13,780
0,2,6,14,748
0,2,6,15,778
0,2,6,16,780
0,2,6,17,752
0,2,6,18,766
0,2,6,19,768
0,2,6,20,750
0,2,6,21,787
0,2,6,22,757
0,2,6,23,767
0,2,6,24,778
0,2,6,25,745
0,2,6,26,766
0,2,6,27,763
0,2,6,28,756
0,2,6,29,773
0,2,6,30,763
0,2,6,31,792
0,3,6,0,776
0,3,6,1,774
0,3,6,2,796
0,3,6,3,805
0,3,6,4,786
0,3,6,5,781
0,3,6,6,745
0,3,6,7,773
0,3,6,8,789
0,3,6,9,761
0,3,6,10,782
0,3,6,11,764
0,3,6,12,775
0,3,6,13,792
0,3,6,14,750
0,3,6,15,783
0,3,6,16,780
0,3,6,17,737
0,3,6,18,757
0,3,6,19,752
0,3,6,20,778
0,3,6,21,780
0,3,6,22,764
0,3,6,23,770
0,3,6,24,788
0,3,6,25,770
0,3,6,26,789
0,3,6,27,778
0,3,6,28,765
0,3,6,29,756
0,3,6,30,761
0,3,6,31,778
0,3,7,0,749
0,3,7,1,759
0,3,7,2,766
0,3,7,3,769
0,3,7,4,779
0,3,7,5,788
0,3,7,6,754
0,3,7,7,765
0,3,7,8,780
0,3,7,9,782
0,3,7,10,802
0,3,7,11,777
0,3,7,12,769
0,3,7,13,776
0,3,7,14,753
0,3,7,15,790
0,3,7,16,781
0,3,7,17,752
0,3,7,18,801
0,3,7,19,767
0,3,7,20,753
0,3,7,21,794
0,3,7,22,754
0,3,7,23,760
0,3,7,24,765
0,3,7,25,764
0,3,7,26,784
0,3,7,27,770
0,3,7,28,777
0,3,7,29,798
0,3,7,30,765
0,3,7,31,758
0,2,7,0,765
0,2,7,1,773
0,2,7,2,778
0,2,7,3,791
0,2,7,4,778
0,2,7,5,796
0,2,7,6,743
0,2,7,7,762
0,2,7,8,777
0,2,7,9,755
0,2,7,10,772
0,2,7,11,755
0,2,7,12,754
0,2,7,13,778
0,2,7,14,742
0,2,7,15,776
0,2,7,16,774
0,2,7,17,753
0,2,7,18,782
0,2,7,19,762
0,2,7,20,768
0,2,7,21,782
0,2,7,22,756
0,2,7,23,753
0,2,7,24,757
0,2,7,25,759
0,2,7,26,762
0,2,7,27,764
0,2,7,28,759
0,2,7,29,762
0,2,7,30,741
0,2,7,31,754
0,1,7,0,779
0,1,7,1,820
0,1,7,2,806
0,1,7,3,800
0,1,7,4,844
0,1,7,5,832
0,1,7,6,790
0,1,7,7,805
0,1,7,8,816
0,1,7,9,812
0,1,7,10,825
0,1,7,11,807
0,1,7,12,810
0,1,7,13,1142
0,1,7,14,829
0,1,7,15,780
0,1,7,16,834
0,1,7,17,807
0,1,7,18,833
0,1,7,19,788
0,1,7,20,793
0,1,7,21,833
0,1,7,22,796
0,1,7,23,821
0,1,7,24,824
0,1,7,25,801
0,1,7,26,850
0,1,7,27,798
0,1,7,28,804
0,1,7,29,800
0,1,7,30,808
0,1,7,31,838
0,0,7,0,802
0,0,7,1,799
0,0,7,2,822
0,0,7,3,818
0,0,7,4,806
0,0,7,5,810
0,0,7,6,790
0,0,7,7,818
0,0,7,8,813
0,0,7,9,785
0,0,7,10,834
0,0,7,11,801
0,0,7,12,806
0,0,7,13,802
0,0,7,14,791
0,0,7,15,801
0,0,7,16,822
0,0,7,17,801
0,0,7,18,834
0,0,7,19,780
0,0,7,20,798
0,0,7,21,799
0,0,7,22,783
0,0,7,23,829
0,0,7,24,793
0,0,7,25,794
0,0,7,26,804
0,0,7,27,814
0,0,7,28,807
0,0,7,29,825
0,0,7,30,790
0,0,7,31,812
1,0,0,0,59556
1,0,0,1,58971
1,0,0,2,59201
1,0,0,3,59501
1,0,0,4,58539
1,0,0,5,59008
1,0,0,6,58658
1,0,0,7,59120
1,0,0,8,58715
1,0,0,9,58584
1,0,0,10,59020
1,0,0,11,59145
1,0,0,12,59320
1,0,0,13,58842
1,0,0,14,58906
1,0,0,15,59222
1,0,0,16,59023
1,0,0,17,58889
1,0,0,18,58922
1,0,0,19,58832
1,0,0,20,59436
1,0,0,21,59562
1,0,0,22,58935
1,0,0,23,58569
1,0,0,24,58646
1,0,0,25,58685
1,0,0,26,58819
1,0,0,27,59190
1,0,0,28,58835
1,0,0,29,58881
1,0,0,30,58754
1,0,0,31,58728
1,1,0,0,58942
1,1,0,1,59173
1,1,0,2,58909
1,1,0,3,58839
1,1,0,4,59179
1,1,0,5,59180
1,1,0,6,58749
1,1,0,7,58755
1,1,0,8,59084
1,1,0,9,59078
1,1,0,10,58854
1,1,0,11,59717
1,1,0,12,59697
1,1,0,13,58923
1,1,0,14,59068
1,1,0,15,58350
1,1,0,16,58883
1,1,0,17,59025
1,1,0,18,58242
1,1,0,19,58826
1,1,0,20,58844
1,1,0,21,58508
1,1,0,22,58657
1,1,0,23,58879
1,1,0,24,58366
1,1,0,25,59085
1,1,0,26,59171
1,1,0,27,58700
1,1,0,28,58494
1,1,0,29,58500
1,1,0,30,58733
1,1,0,31,58965
1,2,0,0,59271
1,2,0,1,58390
1,2,0,2,58313
1,2,0,3,59380
1,2,0,4,58729
1,2,0,5,60304
1,2,0,6,58812
1,2,0,7,58467
1,2,0,8,58982
1,2,0,9,58539
1,2,0,10,58939
1,2,0,11,58830
1,2,0,12,58572
1,2,0,13,58853
1,2,0,14,59100
1,2,0,15,58604
1,2,0,16,59076
1,2,0,17,58979
1,2,0,18,59620
1,2,0,19,59085
1,2,0,20,58627
1,2,0,21,58171
1,2,0,22,59088
1,2,0,23,59429
1,2,0,24,58861
1,2,0,25,59055
1,2,0,26,58234
1,2,0,27,59318
1,2,0,28,58791
1,2,0,29,58561
1,2,0,30,58669
1,2,0,31,58943
1,3,0,0,59129
1,3,0,1,58614
1,3,0,2,58716
1,3,0,3,59002
1,3,0,4,58864
1,3,0,5,59449
1,3,0,6,58831
1,3,0,7,59724
1,3,0,8,59842
1,3,0,9,59146
1,3,0,10,58956
1,3,0,11,58723
1,3,0,12,58793
1,3,0,13,58783
1,3,0,14,58697
1,3,0,15,59035
1,3,0,16,58820
1,3,0,17,59194
1,3,0,18,59065
1,3,0,19,60046
1,3,0,20,58965
1,3,0,21,59171
1,3,0,22,59400
1,3,0,23,58422
1,3,0,24,58776
1,3,0,25,59487
1,3,0,26,59834
1,3,0,27,59100
1,3,0,28,59296
1,3,0,29,59065
1,3,0,30,58680
1,3,0,31,59003
1,3,1,0,58585
1,3,1,1,58251
1,3,1,2,58831
1,3,1,3,59009
1,3,1,4,58430
1,3,1,5,58747
1,3,1,6,58773
1,3,1,7,59228
1,3,1,8,59050
1,3,1,9,58545
1,3,1,10,59053
1,3,1,11,59227
1,3,1,12,58728
1,3,1,13,58318
1,3,1,14,59169
1,3,1,15,59239
1,3,1,16,59239
1,3,1,17,58583
1,3,1,18,59237
1,3,1,19,58785
1,3,1,20,59200
1,3,1,21,59051
1,3,1,22,58861
1,3,1,23,58835
1,3,1,24,58586
1,3,1,25,58715
1,3,1,26,58856
1,3,1,27,58786
1,3,1,28,59325
1,3,1,29,58813
1,3,1,30,59389
1,3,1,31,58403
1,2,1,0,58857
1,2,1,1,58677
1,2,1,2,59916
1,2,1,3,59064
1,2,1,4,60132
1,2,1,5,58975
1,2,1,6,58794
1,2,1,7,58841
1,2,1,8,58621
1,2,1,9,58699
1,2,1,10,59249
1,2,1,11,59088
1,2,1,12,58582
1,2,1,13,59401
1,2,1,14,59359
1,2,1,15,58778
1,2,1,16,59034
1,2,1,17,58945
1,2,1,18,58812
1,2,1,19,58459
1,2,1,20,58869
1,2,1,21,58495
1,2,1,22,58610
1,2,1,23,58938
1,2,1,24,59197
1,2,1,25,59377
1,2,1,26,58438
1,2,1,27,58921
1,2,1,28,58763
1,2,1,29,58784
1,2,1,30,58585
1,2,1,31,58756
1,1,1,0,58865
1,1,1,1,58631
1,1,1,2,58979
1,1,1,3,58985
1,1,1,4,58611
1,1,1,5,58984
1,1,1,6,59245
1,1,1,7,59040
1,1,1,8,58803
1,1,1,9,58683
1,1,1,10,58813
1,1,1,11,58936
1,1,1,12,59167
1,1,1,13,58948
1,1,1,14,58659
1,1,1,15,59323
1,1,1,16,59436
1,1,1,17,59276
1,1,1,18,58970
1,1,1,19,58999
1,1,1,20,58496
1,1,1,21,59760
1,1,1,22,60290
1,1,1,23,58759
1,1,1,24,58789
1,1,1,25,58717
1,1,1,26,59158
1,1,1,27,58985
1,1,1,28,59165
1,1,1,29,58665
1,1,1,30,58558
1,1,1,31,59227
1,0,1,0,59148
1,0,1,1,58939
1,0,1,2,58507
1,0,1,3,58837
1,0,1,4,59066
1,0,1,5,58854
1,0,1,6,58542
1,0,1,7,58610
1,0,1,8,58733
1,0,1,9,58895
1,0,1,10,59174
1,0,1,11,59021
1,0,1,12,59733
1,0,1,13,59072
1,0,1,14,58310
1,0,1,15,58687
1,0,1,16,58569
1,0,1,17,58492
1,0,1,18,58534
1,0,1,19,59212
1,0,1,20,58852
1,0,1,21,58814
1,0,1,22,58725
1,0,1,23,58997
1,0,1,24,58834
1,0,1,25,58907
1,0,1,26,58673
1,0,1,27,59261
1,0,1,28,59596
1,0,1,29,58828
1,0,1,30,58681
1,0,1,31,58581
1,0,2,0,58516
1,0,2,1,59212
1,0,2,2,58879
1,0,2,3,58865
1,0,2,4,58900
1,0,2,5,58543
1,0,2,6,58502
1,0,2,7,58662
1,0,2,8,58613
1,0,2,9,58488
1,0,2,10,58813
1,0,2,11,58652
1,0,2,12,58821
1,0,2,13,59971
1,0,2,14,58649
1,0,2,15,58881
1,0,2,16,58730
1,0,2,17,58576
1,0,2,18,58415
1,0,2,19,58847
1,0,2,20,58868
1,0,2,21,58539
1,0,2,22,58527
1,0,2,23,58583
1,0,2,24,58219
1,0,2,25,58994
1,0,2,26,58197
1,0,2,27,58430
1,0,2,28,59738
1,0,2,29,59238
1,0,2,30,58895
1,0,2,31,59733
1,1,2,0,59118
1,1,2,1,58991
1,1,2,2,59062
1,1,2,3,58330
1,1,2,4,58861
1,1,2,5,59022
1,1,2,6,58742
1,1,2,7,58734
1,1,2,8,59351
1,1,2,9,58813
1,1,2,10,59346
1,1,2,11,59284
1,1,2,12,58400
1,1,2,13,58868
1,1,2,14,59195
1,1,2,15,58572
1,1,2,16,58922
1,1,2,17,59118
1,1,2,18,58532
1,1,2,19,58942
1,1,2,20,59096
1,1,2,21,59112
1,1,2,22,58643
1,1,2,23,59171
1,1,2,24,58303
1,1,2,25,59356
1,1,2,26,58643
1,1,2,27,58972
1,1,2,28,58640
1,1,2,29,59050
1,1,2,30,58730
1,1,2,31,58726
1,2,2,0,58962
1,2,2,1,58803
1,2,2,2,58143
1,2,2,3,58493
1,2,2,4,59074
1,2,2,5,58941
1,2,2,6,58719
1,2,2,7,59494
1,2,2,8,58754
1,2,2,9,58450
1,2,2,10,58490
1,2,2,11,59006
1,2,2,12,59160
1,2,2,13,59387
1,2,2,14,59110
1,2,2,15,58617
1,2,2,16,58760
1,2,2,17,59037
1,2,2,18,58360
1,2,2,19,58871
1,2,2,20,58772
1,2,2,21,58661
1,2,2,22,58543
1,2,2,23,58707
1,2,2,24,59135
1,2,2,25,59119
1,2,2,26,58637
1,2,2,27,58610
1,2,2,28,58418
1,2,2,29,58911
1,2,2,30,58601
1,2,2,31,58668
1,3,2,0,59047
1,3,2,1,58660
1,3,2,2,58995
1,3,2,3,59699
1,3,2,4,58499
1,3,2,5,58960
1,3,2,6,59800
1,3,2,7,58710
1,3,2,8,64929
1,3,2,9,60401
1,3,2,10,58873
1,3,2,11,58743
1,3,2,12,58928
1,3,2,13,58970
1,3,2,14,58688
1,3,2,15,58878
1,3,2,16,58705
1,3,2,17,58883
1,3,2,18,58658
1,3,2,19,59120
1,3,2,20,59568
1,3,2,21,58955
1,3,2,22,58938
1,3,2,23,59283
1,3,2,24,59179
1,3,2,25,58486
1,3,2,26,58943
1,3,2,27,59265
1,3,2,28,58590
1,3,2,29,58592
1,3,2,30,58996
1,3,2,31,59105
1,3,3,0,58910
1,3,3,1,59103
1,3,3,2,58974
1,3,3,3,58617
1,3,3,4,59318
1,3,3,5,58775
1,3,3,6,58989
1,3,3,7,62562
1,3,3,8,58829
1,3,3,9,59745
1,3,3,10,58924
1,3,3,11,59104
1,3,3,12,58826
1,3,3,13,58477
1,3,3,14,59183
1,3,3,15,58623
1,3,3,16,58456
1,3,3,17,59234
1,3,3,18,59207
1,3,3,19,59428
1,3,3,20,58805
1,3,3,21,59127
1,3,3,22,58870
1,3,3,23,58628
1,3,3,24,69863
1,3,3,25,58555
1,3,3,26,58507
1,3,3,27,58260
1,3,3,28,58540
1,3,3,29,58506
1,3,3,30,58727
1,3,3,31,59132
1,2,3,0,58769
1,2,3,1,59018
1,2,3,2,59146
1,2,3,3,58801
1,2,3,4,58858
1,2,3,5,58895
1,2,3,6,58716
1,2,3,7,58877
1,2,3,8,58637
1,2,3,9,59168
1,2,3,10,59121
1,2,3,11,59329
1,2,3,12,59123
1,2,3,13,59107
1,2,3,14,59174
1,2,3,15,58891
1,2,3,16,59975
1,2,3,17,59241
1,2,3,18,58821
1,2,3,19,58631
1,2,3,20,59114
1,2,3,21,58936
1,2,3,22,59103
1,2,3,23,58476
1,2,3,24,58564
1,2,3,25,58725
1,2,3,26,58816
1,2,3,27,58904
1,2,3,28,58833
1,2,3,29,58640
1,2,3,30,59198
1,2,3,31,59762
1,1,3,0,58947
1,1,3,1,58638
1,1,3,2,58845
1,1,3,3,59127
1,1,3,4,59397
1,1,3,5,58669
1,1,3,6,58571
1,1,3,7,59037
1,1,3,8,60148
1,1,3,9,65427
1,1,3,10,58734
1,1,3,11,58857
1,1,3,12,59493
1,1,3,13,58640
1,1,3,14,58610
1,1,3,15,58887
1,1,3,16,59029
1,1,3,17,59284
1,1,3,18,59127
1,1,3,19,58698
1,1,3,20,58717
1,1,3,21,58497
1,1,3,22,58829
1,1,3,23,58727
1,1,3,24,58424
1,1,3,25,59097
1,1,3,26,58754
1,1,3,27,58933
1,1,3,28,58622
1,1,3,29,58564
1,1,3,30,58968
1,1,3,31,58514
1,0,3,0,63410
1,0,3,1,58751
1,0,3,2,59127
1,0,3,3,59061
1,0,3,4,59177
1,0,3,5,58668
1,0,3,6,58833
1,0,3,7,58906
1,0,3,8,58688
1,0,3,9,59149
1,0,3,10,59120
1,0,3,11,58381
1,0,3,12,58961
1,0,3,13,58156
1,0,3,14,59125
1,0,3,15,58417
1,0,3,16,58725
1,0,3,17,58561
1,0,3,18,59063
1,0,3,19,58412
1,0,3,20,59113
1,0,3,21,59143
1,0,3,22,58701
1,0,3,23,58681
1,0,3,24,59741
1,0,3,25,58685
1,0,3,26,58666
1,0,3,27,58420
1,0,3,28,58641
1,0,3,29,59171
1,0,3,30,59444
1,0,3,31,58495
1,0,4,0,58988
1,0,4,1,58666
1,0,4,2,58812
1,0,4,3,58772
1,0,4,4,59606
1,0,4,5,58941
1,0,4,6,59406
1,0,4,7,58869
1,0,4,8,58747
1,0,4,9,59402
1,0,4,10,59017
1,0,4,11,59009
1,0,4,12,58727
1,0,4,13,58759
1,0,4,14,58959
1,0,4,15,58745
1,0,4,16,58768
1,0,4,17,58776
1,0,4,18,59844
1,0,4,19,58552
1,0,4,20,58522
1,0,4,21,58382
1,0,4,22,58950
1,0,4,23,58705
1,0,4,24,59270
1,0,4,25,59492
1,0,4,26,58657
1,0,4,27,58425
1,0,4,28,58665
1,0,4,29,58780
1,0,4,30,59063
1,0,4,31,58615
1,1,4,0,59084
1,1,4,1,59096
1,1,4,2,58660
1,1,4,3,58966
1,1,4,4,58907
1,1,4,5,59489
1,1,4,6,58430
1,1,4,7,58892
1,1,4,8,58740
1,1,4,9,58697
1,1,4,10,58975
1,1,4,11,62249
1,1,4,12,58942
1,1,4,13,58738
1,1,4,14,58737
1,1,4,15,58548
1,1,4,16,58552
1,1,4,17,58383
1,1,4,18,58849
1,1,4,19,59034
1,1,4,20,59259
1,1,4,21,58788
1,1,4,22,59025
1,1,4,23,59032
1,1,4,24,59200
1,1,4,25,58826
1,1,4,26,59039
1,1,4,27,58389
1,1,4,28,58610
1,1,4,29,58128
1,1,4,30,58652
1,1,4,31,58579
1,2,4,0,58898
1,2,4,1,60074
1,2,4,2,58699
1,2,4,3,58966
1,2,4,4,59100
1,2,4,5,59166
1,2,4,6,59110
1,2,4,7,58522
1,2,4,8,59009
1,2,4,9,58733
1,2,4,10,59110
1,2,4,11,58837
1,2,4,12,59173
1,2,4,13,59160
1,2,4,14,59199
1,2,4,15,59164
1,2,4,16,58714
1,2,4,17,58719
1,2,4,18,59205
1,2,4,19,58711
1,2,4,20,59168
1,2,4,21,58383
1,2,4,22,58566
1,2,4,23,58778
1,2,4,24,58801
1,2,4,25,58869
1,2,4,26,58857
1,2,4,27,59291
1,2,4,28,58700
1,2,4,29,59397
1,2,4,30,58820
1,2,4,31,58570
1,3,4,0,58938
1,3,4,1,58599
1,3,4,2,59047
1,3,4,3,58357
1,3,4,4,59255
1,3,4,5,58175
1,3,4,6,59478
1,3,4,7,58501
1,3,4,8,59035
1,3,4,9,58985
1,3,4,10,58773
1,3,4,11,58514
1,3,4,12,58564
1,3,4,13,59300
1,3,4,14,58773
1,3,4,15,58712
1,3,4,16,59090
1,3,4,17,58837
1,3,4,18,58947
1,3,4,19,58870
1,3,4,20,58989
1,3,4,21,58898
1,3,4,22,58476
1,3,4,23,58406
1,3,4,24,58815
1,3,4,25,58334
1,3,4,26,58685
1,3,4,27,58625
1,3,4,28,58601
1,3,4,29,58685
1,3,4,30,58562
1,3,4,31,59056
1,3,5,0,59122
1,3,5,1,58720
1,3,5,2,58728
1,3,5,3,58689
1,3,5,4,58266
1,3,5,5,58316
1,3,5,6,58582
1,3,5,7,58935
1,3,5,8,58469
1,3,5,9,58754
1,3,5,10,59006
1,3,5,11,58589
1,3,5,12,59921
1,3,5,13,58890
1,3,5,14,58941
1,3,5,15,58483
1,3,5,16,58903
1,3,5,17,58985
1,3,5,18,70205
1,3,5,19,59334
1,3,5,20,58774
1,3,5,21,58775
1,3,5,22,58877
1,3,5,23,58060
1,3,5,24,58637
1,3,5,25,58940
1,3,5,26,58636
1,3,5,27,59111
1,3,5,28,58828
1,3,5,29,58597
1,3,5,30,58474
1,3,5,31,58400
1,2,5,0,58940
1,2,5,1,58852
1,2,5,2,58829
1,2,5,3,58857
1,2,5,4,58834
1,2,5,5,58601
1,2,5,6,59061
1,2,5,7,58566
1,2,5,8,59145
1,2,5,9,59301
1,2,5,10,58436
1,2,5,11,58903
1,2,5,12,58945
1,2,5,13,59893
1,2,5,14,59021
1,2,5,15,58694
1,2,5,16,58697
1,2,5,17,59638
1,2,5,18,58912
1,2,5,19,59292
1,2,5,20,58800
1,2,5,21,58995
1,2,5,22,58782
1,2,5,23,58862
1,2,5,24,58637
1,2,5,25,58534
1,2,5,26,58767
1,2,5,27,58250
1,2,5,28,58536
1,2,5,29,58603
1,2,5,30,58577
1,2,5,31,59451
1,1,5,0,58443
1,1,5,1,58931
1,1,5,2,59696
1,1,5,3,69851
1,1,5,4,58871
1,1,5,5,58778
1,1,5,6,58897
1,1,5,7,58949
1,1,5,8,59073
1,1,5,9,58818
1,1,5,10,58772
1,1,5,11,59035
1,1,5,12,58656
1,1,5,13,58809
1,1,5,14,58691
1,1,5,15,58519
1,1,5,16,58186
1,1,5,17,59187
1,1,5,18,58816
1,1,5,19,58635
1,1,5,20,58983
1,1,5,21,59589
1,1,5,22,58618
1,1,5,23,58544
1,1,5,24,58692
1,1,5,25,58534
1,1,5,26,59793
1,1,5,27,58632
1,1,5,28,59197
1,1,5,29,58622
1,1,5,30,58529
1,1,5,31,69470
1,0,5,0,58869
1,0,5,1,59021
1,0,5,2,59232
1,0,5,3,58683
1,0,5,4,58772
1,0,5,5,59092
1,0,5,6,58679
1,0,5,7,58146
1,0,5,8,58653
1,0,5,9,58795
1,0,5,10,58938
1,0,5,11,59508
1,0,5,12,58858
1,0,5,13,58513
1,0,5,14,59332
1,0,5,15,58880
1,0,5,16,59150
1,0,5,17,58548
1,0,5,18,58705
1,0,5,19,58859
1,0,5,20,58597
1,0,5,21,58719
1,0,5,22,58862
1,0,5,23,69618
1,0,5,24,58244
1,0,5,25,58844
1,0,5,26,58413
1,0,5,27,59429
1,0,5,28,58823
1,0,5,29,59389
1,0,5,30,58963
1,0,5,31,59078
1,0,6,0,58905
1,0,6,1,58851
1,0,6,2,58623
1,0,6,3,58817
1,0,6,4,58944
1,0,6,5,59367
1,0,6,6,59771
1,0,6,7,58733
1,0,6,8,59263
1,0,6,9,59207
1,0,6,10,58819
1,0,6,11,58438
1,0,6,12,58702
1,0,6,13,58536
1,0,6,14,58747
1,0,6,15,57871
1,0,6,16,58662
1,0,6,17,58669
1,0,6,18,58719
1,0,6,19,59342
1,0,6,20,58788
1,0,6,21,58805
1,0,6,22,59415
1,0,6,23,58920
1,0,6,24,58755
1,0,6,25,58734
1,0,6,26,59044
1,0,6,27,58697
1,0,6,28,58813
1,0,6,29,58820
1,0,6,30,58887
1,0,6,31,58594
1,1,6,0,58808
1,1,6,1,59142
1,1,6,2,59180
1,1,6,3,59000
1,1,6,4,59114
1,1,6,5,58975
1,1,6,6,58989
1,1,6,7,58875
1,1,6,8,59197
1,1,6,9,58882
1,1,6,10,59845
1,1,6,11,58858
1,1,6,12,58516
1,1,6,13,58974
1,1,6,14,59188
1,1,6,15,58670
1,1,6,16,58499
1,1,6,17,59468
1,1,6,18,58715
1,1,6,19,59151
1,1,6,20,58815
1,1,6,21,59070
1,1,6,22,59378
1,1,6,23,59346
1,1,6,24,59085
1,1,6,25,58820
1,1,6,26,58758
1,1,6,27,59080
1,1,6,28,58461
1,1,6,29,59093
1,1,6,30,58860
1,1,6,31,59000
1,2,6,0,58513
1,2,6,1,58621
1,2,6,2,58802
1,2,6,3,58039
1,2,6,4,58430
1,2,6,5,59367
1,2,6,6,58619
1,2,6,7,59196
1,2,6,8,58405
1,2,6,9,58840
1,2,6,10,59196
1,2,6,11,59087
1,2,6,12,59053
1,2,6,13,58651
1,2,6,14,59133
1,2,6,15,59293
1,2,6,16,60271
1,2,6,17,59203
1,2,6,18,59542
1,2,6,19,58737
1,2,6,20,58745
1,2,6,21,59113
1,2,6,22,59161
1,2,6,23,58677
1,2,6,24,58511
1,2,6,25,58539
1,2,6,26,58494
1,2,6,27,58698
1,2,6,28,58533
1,2,6,29,58557
1,2,6,30,59405
1,2,6,31,58528
1,3,6,0,59341
1,3,6,1,59317
1,3,6,2,58356
1,3,6,3,58830
1,3,6,4,58533
1,3,6,5,58936
1,3,6,6,58774
1,3,6,7,59204
1,3,6,8,59306
1,3,6,9,58510
1,3,6,10,58672
1,3,6,11,58976
1,3,6,12,59156
1,3,6,13,58563
1,3,6,14,58676
1,3,6,15,58769
1,3,6,16,58523
1,3,6,17,58333
1,3,6,18,59194
1,3,6,19,58987
1,3,6,20,70119
1,3,6,21,58651
1,3,6,22,58806
1,3,6,23,58567
1,3,6,24,59396
1,3,6,25,58643
1,3,6,26,58541
1,3,6,27,58826
1,3,6,28,59021
1,3,6,29,58960
1,3,6,30,58568
1,3,6,31,59528
1,3,7,0,59544
1,3,7,1,58445
1,3,7,2,59439
1,3,7,3,58819
1,3,7,4,58861
1,3,7,5,59008
1,3,7,6,59394
1,3,7,7,58960
1,3,7,8,58917
1,3,7,9,58673
1,3,7,10,58571
1,3,7,11,59291
1,3,7,12,59193
1,3,7,13,58881
1,3,7,14,58879
1,3,7,15,58873
1,3,7,16,59488
1,3,7,17,59163
1,3,7,18,58834
1,3,7,19,58209
1,3,7,20,60127
1,3,7,21,58689
1,3,7,22,58430
1,3,7,23,58866
1,3,7,24,58842
1,3,7,25,58790
1,3,7,26,59342
1,3,7,27,58873
1,3,7,28,58872
1,3,7,29,59490
1,3,7,30,59299
1,3,7,31,58875
1,2,7,0,58556
1,2,7,1,58922
1,2,7,2,58856
1,2,7,3,59152
1,2,7,4,58171
1,2,7,5,58642
1,2,7,6,58197
1,2,7,7,58624
1,2,7,8,59381
1,2,7,9,59320
1,2,7,10,58605
1,2,7,11,58714
1,2,7,12,58499
1,2,7,13,58789
1,2,7,14,59018
1,2,7,15,59052
1,2,7,16,58832
1,2,7,17,59047
1,2,7,18,59331
1,2,7,19,58971
1,2,7,20,58599
1,2,7,21,58375
1,2,7,22,59468
1,2,7,23,58840
1,2,7,24,58557
1,2,7,25,58745
1,2,7,26,59003
1,2,7,27,59099
1,2,7,28,58464
1,2,7,29,58942
1,2,7,30,58668
1,2,7,31,59553
1,1,7,0,58692
1,1,7,1,58974
1,1,7,2,58430
1,1,7,3,58813
1,1,7,4,59020
1,1,7,5,58768
1,1,7,6,58881
1,1,7,7,58905
1,1,7,8,58923
1,1,7,9,58787
1,1,7,10,58823
1,1,7,11,58225
1,1,7,12,59385
1,1,7,13,58616
1,1,7,14,58303
1,1,7,15,58609
1,1,7,16,58701
1,1,7,17,58934
1,1,7,18,59123
1,1,7,19,58301
1,1,7,20,58750
1,1,7,21,58587
1,1,7,22,59030
1,1,7,23,59314
1,1,7,24,59062
1,1,7,25,59144
1,1,7,26,58875
1,1,7,27,59113
1,1,7,28,58781
1,1,7,29,58851
1,1,7,30,59122
1,1,7,31,59517
1,0,7,0,59281
1,0,7,1,59487
1,0,7,2,58732
1,0,7,3,58744
1,0,7,4,58740
1,0,7,5,58506
1,0,7,6,58689
1,0,7,7,59395
1,0,7,8,59350
1,0,7,9,58529
1,0,7,10,59139
1,0,7,11,58881
1,0,7,12,58855
1,0,7,13,58346
1,0,7,14,58749
1,0,7,15,58886
1,0,7,16,58705
1,0,7,17,58460
1,0,7,18,59129
1,0,7,19,59229
1,0,7,20,58852
1,0,7,21,59130
1,0,7,22,58754
1,0,7,23,58671
1,0,7,24,58570
1,0,7,25,58806
1,0,7,26,58778
1,0,7,27,59067
1,0,7,28,58954
1,0,7,29,59922
1,0,7,30,58909
1,0,7,31,58685
2,0,0,0,27977
2,0,0,1,28422
2,0,0,2,28195
2,0,0,3,28120
2,0,0,4,28170
2,0,0,5,28481
2,0,0,6,28327
2,0,0,7,28177
2,0,0,8,28123
2,0,0,9,28280
2,0,0,10,28146
2,0,0,11,28172
2,0,0,12,28318
2,0,0,13,28344
2,0,0,14,28094
2,0,0,15,28200
2,0,0,16,27978
2,0,0,17,27944
2,0,0,18,27981
2,0,0,19,28301
2,0,0,20,28358
2,0,0,21,28036
2,0,0,22,27931
2,0,0,23,27967
2,0,0,24,28022
2,0,0,25,28327
2,0,0,26,28410
2,0,0,27,28282
2,0,0,28,28321
2,0,0,29,28046
2,0,0,30,28266
2,0,0,31,28113
2,1,0,0,28092
2,1,0,1,27990
2,1,0,2,28376
2,1,0,3,28420
2,1,0,4,28459
2,1,0,5,28288
2,1,0,6,28378
2,1,0,7,28320
2,1,0,8,28262
2,1,0,9,27881
2,1,0,10,28369
2,1,0,11,28345
2,1,0,12,28456
2,1,0,13,28298
2,1,0,14,28408
2,1,0,15,28349
2,1,0,16,28443
2,1,0,17,28007
2,1,0,18,28922
2,1,0,19,28382
2,1,0,20,28448
2,1,0,21,28330
2,1,0,22,28357
2,1,0,23,28352
2,1,0,24,28417
2,1,0,25,28472
2,1,0,26,28152
2,1,0,27,28351
2,1,0,28,28531
2,1,0,29,28398
2,1,0,30,28012
2,1,0,31,28067
2,2,0,0,27994
2,2,0,1,27926
2,2,0,2,27933
2,2,0,3,28055
2,2,0,4,28080
2,2,0,5,28071
2,2,0,6,27872
2,2,0,7,28037
2,2,0,8,27937
2,2,0,9,28017
2,2,0,10,27818
2,2,0,11,27950
2,2,0,12,27933
2,2,0,13,28007
2,2,0,14,27942
2,2,0,15,28465
2,2,0,16,27800
2,2,0,17,28365
2,2,0,18,28200
2,2,0,19,28351
2,2,0,20,28410
2,2,0,21,28548
2,2,0,22,28333
2,2,0,23,28397
2,2,0,24,27990
2,2,0,25,28408
2,2,0,26,28332
2,2,0,27,28484
2,2,0,28,27843
2,2,0,29,28365
2,2,0,30,28320
2,2,0,31,28400
2,3,0,0,27961
2,3,0,1,27843
2,3,0,2,28377
2,3,0,3,27975
2,3,0,4,28384
2,3,0,5,28342
2,3,0,6,28297
2,3,0,7,28171
2,3,0,8,27871
2,3,0,9,28382
2,3,0,10,27953
2,3,0,11,27930
2,3,0,12,28908
2,3,0,13,28007
2,3,0,14,27921
2,3,0,15,28418
2,3,0,16,28023
2,3,0,17,27981
2,3,0,18,28295
2,3,0,19,28337
2,3,0,20,28306
2,3,0,21,28365
2,3,0,22,28431
2,3,0,23,28424
2,3,0,24,27886
2,3,0,25,28153
2,3,0,26,28419
2,3,0,27,28440
2,3,0,28,28301
2,3,0,29,28368
2,3,0,30,28349
2,3,0,31,28307
2,3,1,0,28322
2,3,1,1,27860
2,3,1,2,28332
2,3,1,3,27884
2,3,1,4,28323
2,3,1,5,27918
2,3,1,6,28359
2,3,1,7,28385
2,3,1,8,27973
2,3,1,9,28000
2,3,1,10,28019
2,3,1,11,28075
2,3,1,12,28071
2,3,1,13,28257
2,3,1,14,28342
2,3,1,15,28049
2,3,1,16,28301
2,3,1,17,27863
2,3,1,18,27935
2,3,1,19,28335
2,3,1,20,28047
2,3,1,21,28417
2,3,1,22,28452
2,3,1,23,28325
2,3,1,24,27806
2,3,1,25,28248
2,3,1,26,28228
2,3,1,27,28400
2,3,1,28,28300
2,3,1,29,28041
2,3,1,30,28149
2,3,1,31,27910
2,2,1,0,28311
2,2,1,1,28353
2,2,1,2,28142
2,2,1,3,28348
2,2,1,4,28352
2,2,1,5,28448
2,2,1,6,28441
2,2,1,7,28240
2,2,1,8,27972
2,2,1,9,28237
2,2,1,10,28322
2,2,1,11,28453
2,2,1,12,28456
2,2,1,13,27725
2,2,1,14,28411
2,2,1,15,28389
2,2,1,16,28413
2,2,1,17,27921
2,2,1,18,28373
2,2,1,19,28346
2,2,1,20,28465
2,2,1,21,28440
2,2,1,22,28305
2,2,1,23,28433
2,2,1,24,28371
2,2,1,25,27886
2,2,1,26,27897
2,2,1,27,28236
2,2,1,28,28446
2,2,1,29,28520
2,2,1,30,28351
2,2,1,31,27964
2,1,1,0,27882
2,1,1,1,27929
2,1,1,2,27955
2,1,1,3,28460
2,1,1,4,28369
2,1,1,5,28419
2,1,1,6,28520
2,1,1,7,28223
2,1,1,8,27858
2,1,1,9,28530
2,1,1,10,28172
2,1,1,11,28402
2,1,1,12,28327
2,1,1,13,28369
2,1,1,14,28454
2,1,1,15,28410
2,1,1,16,28305
2,1,1,17,28466
2,1,1,18,27997
2,1,1,19,28384
2,1,1,20,28277
2,1,1,21,28122
2,1,1,22,27848
2,1,1,23,27949
2,1,1,24,28127
2,1,1,25,27938
2,1,1,26,27958
2,1,1,27,28534
2,1,1,28,28378
2,1,1,29,28349
2,1,1,30,28332
2,1,1,31,28367
2,0,1,0,28276
2,0,1,1,28571
2,0,1,2,28477
2,0,1,3,28133
2,0,1,4,28468
2,0,1,5,28151
2,0,1,6,28329
2,0,1,7,28430
2,0,1,8,27979
2,0,1,9,28107
2,0,1,10,28461
2,0,1,11,28468
2,0,1,12,28318
2,0,1,13,28383
2,0,1,14,28430
2,0,1,15,28381
2,0,1,16,28179
2,0,1,17,28323
2,0,1,18,28466
2,0,1,19,28456
2,0,1,20,28420
2,0,1,21,28161
2,0,1,22,28277
2,0,1,23,28400
2,0,1,24,27816
2,0,1,25,28333
2,0,1,26,28465
2,0,1,27,28390
2,0,1,28,28150
2,0,1,29,27907
2,0,1,30,28410
2,0,1,31,28452
2,0,2,0,28330
2,0,2,1,27927
2,0,2,2,28224
2,0,2,3,28385
2,0,2,4,28371
2,0,2,5,28414
2,0,2,6,28255
2,0,2,7,28395
2,0,2,8,28351
2,0,2,9,28380
2,0,2,10,28163
2,0,2,11,28313
2,0,2,12,28181
2,0,2,13,28487
2,0,2,14,28089
2,0,2,15,28417
2,0,2,16,28379
2,0,2,17,28124
2,0,2,18,28520
2,0,2,19,28369
2,0,2,20,28474
2,0,2,21,28308
2,0,2,22,28453
2,0,2,23,28394
2,0,2,24,28164
2,0,2,25,28383
2,0,2,26,28342
2,0,2,27,28365
2,0,2,28,28409
2,0,2,29,28181
2,0,2,30,28768
2,0,2,31,28235
2,1,2,0,28371
2,1,2,1,28447
2,1,2,2,27962
2,1,2,3,28560
2,1,2,4,28256
2,1,2,5,28428
2,1,2,6,28451
2,1,2,7,28375
2,1,2,8,28177
2,1,2,9,28334
2,1,2,10,28368
2,1,2,11,28374
2,1,2,12,28315
2,1,2,13,28425
2,1,2,14,28242
2,1,2,15,28286
2,1,2,16,28338
2,1,2,17,28121
2,1,2,18,28491
2,1,2,19,28278
2,1,2,20,28475
2,1,2,21,28415
2,1,2,22,28299
2,1,2,23,28392
2,1,2,24,28468
2,1,2,25,28443
2,1,2,26,28279
2,1,2,27,28405
2,1,2,28,28387
2,1,2,29,28281
2,1,2,30,28364
2,1,2,31,28394
2,2,2,0,28158
2,2,2,1,28423
2,2,2,2,28009
2,2,2,3,27867
2,2,2,4,28402
2,2,2,5,28431
2,2,2,6,28410
2,2,2,7,28437
2,2,2,8,38785
2,2,2,9,27974
2,2,2,10,28459
2,2,2,11,28472
2,2,2,12,28452
2,2,2,13,28218
2,2,2,14,28263
2,2,2,15,27984
2,2,2,16,28452
2,2,2,17,28392
2,2,2,18,28307
2,2,2,19,27864
2,2,2,20,28414
2,2,2,21,27920
2,2,2,22,28349
2,2,2,23,27953
2,2,2,24,28750
2,2,2,25,27915
2,2,2,26,28363
2,2,2,27,28317
2,2,2,28,28320
2,2,2,29,28391
2,2,2,30,27894
2,2,2,31,28295
2,3,2,0,27823
2,3,2,1,27869
2,3,2,2,28112
2,3,2,3,28007
2,3,2,4,28362
2,3,2,5,28482
2,3,2,6,28450
2,3,2,7,28369
2,3,2,8,27808
2,3,2,9,28302
2,3,2,10,28309
2,3,2,11,28436
2,3,2,12,28433
2,3,2,13,28373
2,3,2,14,28280
2,3,2,15,28444
2,3,2,16,27914
2,3,2,17,27947
2,3,2,18,28354
2,3,2,19,28301
2,3,2,20,28288
2,3,2,21,28490
2,3,2,22,28281
2,3,2,23,28303
2,3,2,24,28030
2,3,2,25,28474
2,3,2,26,28422
2,3,2,27,28201
2,3,2,28,28321
2,3,2,29,28232
2,3,2,30,28407
2,3,2,31,27938
2,3,3,0,27788
2,3,3,1,27876
2,3,3,2,28375
2,3,3,3,28113
2,3,3,4,28444
2,3,3,5,28359
2,3,3,6,27923
2,3,3,7,28427
2,3,3,8,27962
2,3,3,9,28368
2,3,3,10,28362
2,3,3,11,27970
2,3,3,12,28210
2,3,3,13,28404
2,3,3,14,28333
2,3,3,15,27904
2,3,3,16,27886
2,3,3,17,28458
2,3,3,18,28395
2,3,3,19,28118
2,3,3,20,28254
2,3,3,21,28468
2,3,3,22,28279
2,3,3,23,28327
2,3,3,24,28389
2,3,3,25,28304
2,3,3,26,28314
2,3,3,27,28385
2,3,3,28,28276
2,3,3,29,28241
2,3,3,30,28440
2,3,3,31,27865
2,2,3,0,28349
2,2,3,1,28241
2,2,3,2,28326
2,2,3,3,28433
2,2,3,4,28402
2,2,3,5,28325
2,2,3,6,28038
2,2,3,7,28339
2,2,3,8,28329
2,2,3,9,28096
2,2,3,10,27936
2,2,3,11,28303
2,2,3,12,27985
2,2,3,13,28395
2,2,3,14,28371
2,2,3,15,28203
2,2,3,16,28306
2,2,3,17,27850
2,2,3,18,27842
2,2,3,19,27762
2,2,3,20,28410
2,2,3,21,27966
2,2,3,22,27859
2,2,3,23,28021
2,2,3,24,27879
2,2,3,25,27746
2,2,3,26,28365
2,2,3,27,28187
2,2,3,28,28055
2,2,3,29,27931
2,2,3,30,28341
2,2,3,31,27905
2,1,3,0,28265
2,1,3,1,28463
2,1,3,2,28242
2,1,3,3,28194
2,1,3,4,28374
2,1,3,5,28511
2,1,3,6,27998
2,1,3,7,28292
2,1,3,8,28116
2,1,3,9,28482
2,1,3,10,28399
2,1,3,11,28466
2,1,3,12,28677
2,1,3,13,28368
2,1,3,14,28365
2,1,3,15,28470
2,1,3,16,28485
2,1,3,17,28140
2,1,3,18,28424
2,1,3,19,28353
2,1,3,20,28408
2,1,3,21,28454
2,1,3,22,28397
2,1,3,23,28402
2,1,3,24,28141
2,1,3,25,28474
2,1,3,26,28458
2,1,3,27,28525
2,1,3,28,28314
2,1,3,29,28378
2,1,3,30,28286
2,1,3,31,28393
2,0,3,0,27848
2,0,3,1,28067
2,0,3,2,27897
2,0,3,3,28149
2,0,3,4,28377
2,0,3,5,28386
2,0,3,6,28339
2,0,3,7,28115
2,0,3,8,28151
2,0,3,9,28367
2,0,3,10,28359
2,0,3,11,28047
2,0,3,12,28253
2,0,3,13,28451
2,0,3,14,28306
2,0,3,15,28295
2,0,3,16,28394
2,0,3,17,28267
2,0,3,18,28270
2,0,3,19,28379
2,0,3,20,28407
2,0,3,21,28102
2,0,3,22,28129
2,0,3,23,28272
2,0,3,24,28176
2,0,3,25,28258
2,0,3,26,28384
2,0,3,27,28404
2,0,3,28,28439
2,0,3,29,28203
2,0,3,30,28303
2,0,3,31,38999
2,0,4,0,28228
2,0,4,1,28145
2,0,4,2,28188
2,0,4,3,28365
2,0,4,4,28438
2,0,4,5,28878
2,0,4,6,28405
2,0,4,7,28373
2,0,4,8,28129
2,0,4,9,28400
2,0,4,10,28339
2,0,4,11,28350
2,0,4,12,28165
2,0,4,13,28217
2,0,4,14,28164
2,0,4,15,28382
2,0,4,16,28210
2,0,4,17,28508
2,0,4,18,28235
2,0,4,19,28049
2,0,4,20,28364
2,0,4,21,27967
2,0,4,22,28160
2,0,4,23,28112
2,0,4,24,27948
2,0,4,25,28309
2,0,4,26,28059
2,0,4,27,28017
2,0,4,28,28306
2,0,4,29,28332
2,0,4,30,28444
2,0,4,31,28327
2,1,4,0,28355
2,1,4,1,27953
2,1,4,2,28150
2,1,4,3,28304
2,1,4,4,28083
2,1,4,5,27899
2,1,4,6,28003
2,1,4,7,27982
2,1,4,8,28001
2,1,4,9,28369
2,1,4,10,28358
2,1,4,11,28016
2,1,4,12,28030
2,1,4,13,28453
2,1,4,14,28002
2,1,4,15,28506
2,1,4,16,28284
2,1,4,17,28361
2,1,4,18,27827
2,1,4,19,27836
2,1,4,20,28336
2,1,4,21,28441
2,1,4,22,28134
2,1,4,23,28405
2,1,4,24,27902
2,1,4,25,28357
2,1,4,26,28346
2,1,4,27,28457
2,1,4,28,28483
2,1,4,29,28441
2,1,4,30,28484
2,1,4,31,28376
2,2,4,0,28472
2,2,4,1,27972
2,2,4,2,27953
2,2,4,3,27828
2,2,4,4,27806
2,2,4,5,27861
2,2,4,6,27865
2,2,4,7,28392
2,2,4,8,27984
2,2,4,9,27826
2,2,4,10,27801
2,2,4,11,28403
2,2,4,12,27888
2,2,4,13,27912
2,2,4,14,27827
2,2,4,15,27838
2,2,4,16,28124
2,2,4,17,28374
2,2,4,18,27932
2,2,4,19,28022
2,2,4,20,28260
2,2,4,21,28497
2,2,4,22,28347
2,2,4,23,28250
2,2,4,24,28389
2,2,4,25,27939
2,2,4,26,27902
2,2,4,27,28477
2,2,4,28,28472
2,2,4,29,28012
2,2,4,30,28679
2,2,4,31,28437
2,3,4,0,28328
2,3,4,1,27920
2,3,4,2,27824
2,3,4,3,27879
2,3,4,4,27966
2,3,4,5,28301
2,3,4,6,28389
2,3,4,7,28333
2,3,4,8,27958
2,3,4,9,28347
2,3,4,10,28292
2,3,4,11,28446
2,3,4,12,28251
2,3,4,13,28329
2,3,4,14,28316
2,3,4,15,28036
2,3,4,16,28407
2,3,4,17,28433
2,3,4,18,28434
2,3,4,19,28422
2,3,4,20,28436
2,3,4,21,28374
2,3,4,22,28436
2,3,4,23,28364
2,3,4,24,27885
2,3,4,25,28339
2,3,4,26,27925
2,3,4,27,28371
2,3,4,28,28335
2,3,4,29,28931
2,3,4,30,28090
2,3,4,31,28380
2,3,5,0,28269
2,3,5,1,28351
2,3,5,2,27983
2,3,5,3,27892
2,3,5,4,28355
2,3,5,5,28013
2,3,5,6,28037
2,3,5,7,27895
2,3,5,8,27860
2,3,5,9,28031
2,3,5,10,27850
2,3,5,11,27870
2,3,5,12,27874
2,3,5,13,27920
2,3,5,14,28356
2,3,5,15,27896
2,3,5,16,28355
2,3,5,17,27870
2,3,5,18,28381
2,3,5,19,28425
2,3,5,20,28098
2,3,5,21,28217
2,3,5,22,28342
2,3,5,23,28366
2,3,5,24,27776
2,3,5,25,27907
2,3,5,26,28339
2,3,5,27,27999
2,3,5,28,28467
2,3,5,29,28360
2,3,5,30,28305
2,3,5,31,28353
2,2,5,0,28387
2,2,5,1,27817
2,2,5,2,28348
2,2,5,3,28415
2,2,5,4,28246
2,2,5,5,28420
2,2,5,6,28377
2,2,5,7,28373
2,2,5,8,28352
2,2,5,9,28277
2,2,5,10,28209
2,2,5,11,28431
2,2,5,12,28420
2,2,5,13,28563
2,2,5,14,28314
2,2,5,15,28376
2,2,5,16,28380
2,2,5,17,28288
2,2,5,18,28362
2,2,5,19,28452
2,2,5,20,28168
2,2,5,21,27980
2,2,5,22,28201
2,2,5,23,28459
2,2,5,24,27858
2,2,5,25,27832
2,2,5,26,27862
2,2,5,27,27963
2,2,5,28,27914
2,2,5,29,27868
2,2,5,30,27820
2,2,5,31,28007
2,1,5,0,28416
2,1,5,1,27897
2,1,5,2,28321
2,1,5,3,27958
2,1,5,4,28383
2,1,5,5,27855
2,1,5,6,27962
2,1,5,7,28384
2,1,5,8,27975
2,1,5,9,28460
2,1,5,10,28409
2,1,5,11,28350
2,1,5,12,28092
2,1,5,13,27875
2,1,5,14,27942
2,1,5,15,28151
2,1,5,16,28362
2,1,5,17,28116
2,1,5,18,28330
2,1,5,19,28451
2,1,5,20,28305
2,1,5,21,28410
2,1,5,22,28202
2,1,5,23,28301
2,1,5,24,28298
2,1,5,25,28185
2,1,5,26,28363
2,1,5,27,28319
2,1,5,28,27954
2,1,5,29,28394
2,1,5,30,28339
2,1,5,31,28317
2,0,5,0,28342
2,0,5,1,28322
2,0,5,2,28390
2,0,5,3,28378
2,0,5,4,28329
2,0,5,5,27933
2,0,5,6,28318
2,0,5,7,28348
2,0,5,8,28154
2,0,5,9,28261
2,0,5,10,28127
2,0,5,11,28332
2,0,5,12,28362
2,0,5,13,28370
2,0,5,14,28373
2,0,5,15,28117
2,0,5,16,28144
2,0,5,17,28786
2,0,5,18,28200
2,0,5,19,28197
2,0,5,20,28423
2,0,5,21,28296
2,0,5,22,28384
2,0,5,23,28381
2,0,5,24,28243
2,0,5,25,28310
2,0,5,26,28389
2,0,5,27,28108
2,0,5,28,28070
2,0,5,29,28190
2,0,5,30,28373
2,0,5,31,28463
2,0,6,0,28275
2,0,6,1,28218
2,0,6,2,28333
2,0,6,3,28375
2,0,6,4,28423
2,0,6,5,28166
2,0,6,6,28298
2,0,6,7,28411
2,0,6,8,27932
2,0,6,9,28356
2,0,6,10,28314
2,0,6,11,28158
2,0,6,12,28295
2,0,6,13,28409
2,0,6,14,28389
2,0,6,15,28346
2,0,6,16,28287
2,0,6,17,28293
2,0,6,18,28315
2,0,6,19,28419
2,0,6,20,28186
2,0,6,21,28246
2,0,6,22,28181
2,0,6,23,28343
2,0,6,24,28207
2,0,6,25,28415
2,0,6,26,28362
2,0,6,27,28204
2,0,6,28,28381
2,0,6,29,28419
2,0,6,30,28326
2,0,6,31,28360
2,1,6,0,28272
2,1,6,1,28348
2,1,6,2,28387
2,1,6,3,28407
2,1,6,4,28489
2,1,6,5,28392
2,1,6,6,28456
2,1,6,7,28322
2,1,6,8,28421
2,1,6,9,27953
2,1,6,10,28518
2,1,6,11,28931
2,1,6,12,28072
2,1,6,13,28247
2,1,6,14,27953
2,1,6,15,28366
2,1,6,16,28002
2,1,6,17,28464
2,1,6,18,28353
2,1,6,19,28386
2,1,6,20,28370
2,1,6,21,28394
2,1,6,22,28493
2,1,6,23,28442
2,1,6,24,28382
2,1,6,25,28511
2,1,6,26,28124
2,1,6,27,28430
2,1,6,28,28388
2,1,6,29,28378
2,1,6,30,28399
2,1,6,31,28388
2,2,6,0,28309
2,2,6,1,27831
2,2,6,2,27839
2,2,6,3,28280
2,2,6,4,28420
2,2,6,5,28381
2,2,6,6,28373
2,2,6,7,28340
2,2,6,8,28354
2,2,6,9,27790
2,2,6,10,28361
2,2,6,11,28278
2,2,6,12,28009
2,2,6,13,27970
2,2,6,14,28305
2,2,6,15,28205
2,2,6,16,28414
2,2,6,17,27959
2,2,6,18,28454
2,2,6,19,28301
2,2,6,20,27951
2,2,6,21,28354
2,2,6,22,28277
2,2,6,23,28289
2,2,6,24,27872
2,2,6,25,28352
2,2,6,26,28318
2,2,6,27,28381
2,2,6,28,28498
2,2,6,29,28393
2,2,6,30,28314
2,2,6,31,27895
2,3,6,0,27841
2,3,6,1,28384
2,3,6,2,28398
2,3,6,3,28317
2,3,6,4,28374
2,3,6,5,28763
2,3,6,6,28109
2,3,6,7,28388
2,3,6,8,27927
2,3,6,9,28377
2,3,6,10,28299
2,3,6,11,27977
2,3,6,12,28460
2,3,6,13,28414
2,3,6,14,28374
2,3,6,15,28259
2,3,6,16,28453
2,3,6,17,28503
2,3,6,18,28359
2,3,6,19,28412
2,3,6,20,28197
2,3,6,21,28364
2,3,6,22,28043
2,3,6,23,28113
2,3,6,24,28011
2,3,6,25,27991
2,3,6,26,28046
2,3,6,27,28475
2,3,6,28,28397
2,3,6,29,28411
2,3,6,30,28344
2,3,6,31,28357
2,3,7,0,28406
2,3,7,1,28095
2,3,7,2,28335
2,3,7,3,28409
2,3,7,4,28413
2,3,7,5,28462
2,3,7,6,28304
2,3,7,7,28361
2,3,7,8,27977
2,3,7,9,28471
2,3,7,10,28404
2,3,7,11,28305
2,3,7,12,28363
2,3,7,13,28393
2,3,7,14,28179
2,3,7,15,28409
2,3,7,16,28147
2,3,7,17,28037
2,3,7,18,28411
2,3,7,19,28320
2,3,7,20,28426
2,3,7,21,28382
2,3,7,22,27956
2,3,7,23,28335
2,3,7,24,28386
2,3,7,25,28361
2,3,7,26,28307
2,3,7,27,28484
2,3,7,28,28360
2,3,7,29,28326
2,3,7,30,28261
2,3,7,31,28332
2,2,7,0,39396
2,2,7,1,28425
2,2,7,2,28348
2,2,7,3,28254
2,2,7,4,27853
2,2,7,5,28439
2,2,7,6,28322
2,2,7,7,27794
2,2,7,8,28391
2,2,7,9,28505
2,2,7,10,28044
2,2,7,11,28379
2,2,7,12,28306
2,2,7,13,28432
2,2,7,14,28431
2,2,7,15,28366
2,2,7,16,28283
2,2,7,17,28393
2,2,7,18,28292
2,2,7,19,28475
2,2,7,20,28295
2,2,7,21,28319
2,2,7,22,28349
2,2,7,23,28243
2,2,7,24,28320
2,2,7,25,28340
2,2,7,26,28378
2,2,7,27,28255
2,2,7,28,28067
2,2,7,29,27935
2,2,7,30,28412
2,2,7,31,28333
2,1,7,0,28299
2,1,7,1,28356
2,1,7,2,27982
2,1,7,3,28372
2,1,7,4,28424
2,1,7,5,28330
2,1,7,6,28088
2,1,7,7,28122
2,1,7,8,27966
2,1,7,9,28410
2,1,7,10,27914
2,1,7,11,27852
2,1,7,12,28079
2,1,7,13,27851
2,1,7,14,28358
2,1,7,15,28502
2,1,7,16,28409
2,1,7,17,28037
2,1,7,18,28123
2,1,7,19,27882
2,1,7,20,27883
2,1,7,21,28129
2,1,7,22,28204
2,1,7,23,27847
2,1,7,24,27935
2,1,7,25,27762
2,1,7,26,27876
2,1,7,27,28376
2,1,7,28,28870
2,1,7,29,27937
2,1,7,30,27955
2,1,7,31,39278
2,0,7,0,28349
2,0,7,1,28199
2,0,7,2,28351
2,0,7,3,27969
2,0,7,4,28170
2,0,7,5,28037
2,0,7,6,27989
2,0,7,7,28197
2,0,7,8,28112
2,0,7,9,28226
2,0,7,10,28427
2,0,7,11,28384
2,0,7,12,28312
2,0,7,13,27912
2,0,7,14,27916
2,0,7,15,28073
2,0,7,16,28318
2,0,7,17,27978
2,0,7,18,28512
2,0,7,19,28517
2,0,7,20,28382
2,0,7,21,28356
2,0,7,22,28171
2,0,7,23,28024
2,0,7,24,28231
2,0,7,25,28396
2,0,7,26,28217
2,0,7,27,28434
2,0,7,28,28025
2,0,7,29,28360
2,0,7,30,28161
2,0,7,31,28372
3,0,0,0,19308
3,0,0,1,19717
3,0,0,2,19668
3,0,0,3,19310
3,0,0,4,19557
3,0,0,5,19295
3,0,0,6,19598
3,0,0,7,19678
3,0,0,8,19344
3,0,0,9,19338
3,0,0,10,19569
3,0,0,11,19672
3,0,0,12,19287
3,0,0,13,19709
3,0,0,14,19447
3,0,0,15,19668
3,0,0,16,19568
3,0,0,17,19322
3,0,0,18,19258
3,0,0,19,19393
3,0,0,20,19367
3,0,0,21,19373
3,0,0,22,19315
3,0,0,23,19615
3,0,0,24,19470
3,0,0,25,19247
3,0,0,26,19327
3,0,0,27,19346
3,0,0,28,19609
3,0,0,29,19281
3,0,0,30,19341
3,0,0,31,19441
3,1,0,0,19678
3,1,0,1,19639
3,1,0,2,19643
3,1,0,3,19700
3,1,0,4,19394
3,1,0,5,19552
3,1,0,6,19380
3,1,0,7,19580
3,1,0,8,19503
3,1,0,9,19224
3,1,0,10,19328
3,1,0,11,19223
3,1,0,12,19577
3,1,0,13,19854
3,1,0,14,19644
3,1,0,15,19497
3,1,0,16,19491
3,1,0,17,19403
3,1,0,18,19720
3,1,0,19,19520
3,1,0,20,19386
3,1,0,21,19289
3,1,0,22,19664
3,1,0,23,19280
3,1,0,24,19700
3,1,0,25,19619
3,1,0,26,19640
3,1,0,27,19529
3,1,0,28,19395
3,1,0,29,19531
3,1,0,30,19611
3,1,0,31,19588
3,2,0,0,19354
3,2,0,1,19371
3,2,0,2,19715
3,2,0,3,19699
3,2,0,4,19682
3,2,0,5,19610
3,2,0,6,19619
3,2,0,7,19664
3,2,0,8,19721
3,2,0,9,19607
3,2,0,10,19648
3,2,0,11,19699
3,2,0,12,19570
3,2,0,13,19529
3,2,0,14,19632
3,2,0,15,19627
3,2,0,16,19360
3,2,0,17,19766
3,2,0,18,19616
3,2,0,19,19385
3,2,0,20,19497
3,2,0,21,19666
3,2,0,22,19674
3,2,0,23,19192
3,2,0,24,19585
3,2,0,25,19368
3,2,0,26,19316
3,2,0,27,19474
3,2,0,28,19497
3,2,0,29,19653
3,2,0,30,19268
3,2,0,31,19577
3,3,0,0,19777
3,3,0,1,19675
3,3,0,2,19430
3,3,0,3,19399
3,3,0,4,19539
3,3,0,5,19474
3,3,0,6,19544
3,3,0,7,19316
3,3,0,8,19363
3,3,0,9,19320
3,3,0,10,19243
3,3,0,11,19304
3,3,0,12,19610
3,3,0,13,19301
3,3,0,14,19260
3,3,0,15,19310
3,3,0,16,19670
3,3,0,17,20110
3,3,0,18,19591
3,3,0,19,19420
3,3,0,20,19414
3,3,0,21,19672
3,3,0,22,19605
3,3,0,23,19696
3,3,0,24,19331
3,3,0,25,19604
3,3,0,26,19602
3,3,0,27,19338
3,3,0,28,19348
3,3,0,29,19421
3,3,0,30,19362
3,3,0,31,19470
3,3,1,0,19611
3,3,1,1,19327
3,3,1,2,19305
3,3,1,3,19635
3,3,1,4,19516
3,3,1,5,19376
3,3,1,6,19523
3,3,1,7,19732
3,3,1,8,19584
3,3,1,9,19597
3,3,1,10,19377
3,3,1,11,19431
3,3,1,12,19381
3,3,1,13,19701
3,3,1,14,19396
3,3,1,15,19611
3,3,1,16,19596
3,3,1,17,19751
3,3,1,18,19669
3,3,1,19,19297
3,3,1,20,19480
3,3,1,21,19279
3,3,1,22,19311
3,3,1,23,19448
3,3,1,24,19538
3,3,1,25,19636
3,3,1,26,19443
3,3,1,27,19307
3,3,1,28,19625
3,3,1,29,19732
3,3,1,30,19625
3,3,1,31,19587
3,2,1,0,19386
3,2,1,1,19645
3,2,1,2,19600
3,2,1,3,19576
3,2,1,4,19603
3,2,1,5,19519
3,2,1,6,19284
3,2,1,7,19243
3,2,1,8,19421
3,2,1,9,19511
3,2,1,10,19410
3,2,1,11,19270
3,2,1,12,19521
3,2,1,13,19573
3,2,1,14,19268
3,2,1,15,19310
3,2,1,16,19243
3,2,1,17,19521
3,2,1,18,19334
3,2,1,19,19798
3,2,1,20,19668
3,2,1,21,19713
3,2,1,22,19541
3,2,1,23,19541
3,2,1,24,19753
3,2,1,25,19706
3,2,1,26,19552
3,2,1,27,19564
3,2,1,28,19527
3,2,1,29,19480
3,2,1,30,19569
3,2,1,31,19657
3,1,1,0,19563
3,1,1,1,19534
3,1,1,2,19824
3,1,1,3,19496
3,1,1,4,19493
3,1,1,5,19668
3,1,1,6,19495
3,1,1,7,19611
3,1,1,8,19633
3,1,1,9,19701
3,1,1,10,19265
3,1,1,11,19508
3,1,1,12,19663
3,1,1,13,19509
3,1,1,14,19636
3,1,1,15,19571
3,1,1,16,19700
3,1,1,17,19686
3,1,1,18,19536
3,1,1,19,19690
3,1,1,20,19519
3,1,1,21,19604
3,1,1,22,19501
3,1,1,23,19534
3,1,1,24,19538
3,1,1,25,19275
3,1,1,26,19669
3,1,1,27,19572
3,1,1,28,19695
3,1,1,29,19552
3,1,1,30,19317
3,1,1,31,19280
3,0,1,0,19586
3,0,1,1,19607
3,0,1,2,19668
3,0,1,3,19732
3,0,1,4,19439
3,0,1,5,19417
3,0,1,6,19696
3,0,1,7,19448
3,0,1,8,19584
3,0,1,9,19605
3,0,1,10,19513
3,0,1,11,19271
3,0,1,12,19702
3,0,1,13,19559
3,0,1,14,19369
3,0,1,15,19457
3,0,1,16,19216
3,0,1,17,19530
3,0,1,18,19667
3,0,1,19,19340
3,0,1,20,19426
3,0,1,21,19379
3,0,1,22,19446
3,0,1,23,19266
3,0,1,24,19427
3,0,1,25,19316
3,0,1,26,19457
3,0,1,27,19636
3,0,1,28,19503
3,0,1,29,19507
3,0,1,30,19758
3,0,1,31,19554
3,0,2,0,19377
3,0,2,1,19599
3,0,2,2,19492
3,0,2,3,19377
3,0,2,4,19498
3,0,2,5,19643
3,0,2,6,19668
3,0,2,7,19709
3,0,2,8,19241
3,0,2,9,19277
3,0,2,10,19342
3,0,2,11,19340
3,0,2,12,19321
3,0,2,13,19302
3,0,2,14,19349
3,0,2,15,19535
3,0,2,16,19375
3,0,2,17,19318
3,0,2,18,19603
3,0,2,19,19587
3,0,2,20,19736
3,0,2,21,19312
3,0,2,22,19296
3,0,2,23,19763
3,0,2,24,19602
3,0,2,25,19381
3,0,2,26,19393
3,0,2,27,19318
3,0,2,28,19487
3,0,2,29,19412
3,0,2,30,19405
3,0,2,31,19733
3,1,2,0,19590
3,1,2,1,19643
3,1,2,2,19297
3,1,2,3,19622
3,1,2,4,19751
3,1,2,5,19611
3,1,2,6,19665
3,1,2,7,19618
3,1,2,8,19670
3,1,2,9,19673
3,1,2,10,19553
3,1,2,11,19711
3,1,2,12,19245
3,1,2,13,19649
3,1,2,14,19618
3,1,2,15,19672
3,1,2,16,19623
3,1,2,17,19582
3,1,2,18,19596
3,1,2,19,19553
3,1,2,20,19610
3,1,2,21,19627
3,1,2,22,19344
3,1,2,23,19250
3,1,2,24,19493
3,1,2,25,19617
3,1,2,26,19535
3,1,2,27,19572
3,1,2,28,19756
3,1,2,29,19642
3,1,2,30,19668
3,1,2,31,19742
3,2,2,0,19605
3,2,2,1,19428
3,2,2,2,19289
3,2,2,3,19365
3,2,2,4,19684
3,2,2,5,19569
3,2,2,6,19643
3,2,2,7,19560
3,2,2,8,19642
3,2,2,9,19659
3,2,2,10,19677
3,2,2,11,19510
3,2,2,12,19505
3,2,2,13,19663
3,2,2,14,19657
3,2,2,15,19337
3,2,2,16,19455
3,2,2,17,19586
3,2,2,18,19575
3,2,2,19,19657
3,2,2,20,19677
3,2,2,21,19613
3,2,2,22,19643
3,2,2,23,19618
3,2,2,24,19427
3,2,2,25,19401
3,2,2,26,19352
3,2,2,27,19695
3,2,2,28,19240
3,2,2,29,19499
3,2,2,30,19548
3,2,2,31,19625
3,3,2,0,19568
3,3,2,1,19778
3,3,2,2,19688
3,3,2,3,19771
3,3,2,4,19346
3,3,2,5,19290
3,3,2,6,19338
3,3,2,7,20176
3,3,2,8,19506
3,3,2,9,19431
3,3,2,10,19397
3,3,2,11,19606
3,3,2,12,19345
3,3,2,13,19608
3,3,2,14,19685
3,3,2,15,19639
3,3,2,16,19221
3,3,2,17,19717
3,3,2,18,19624
3,3,2,19,19343
3,3,2,20,19752
3,3,2,21,19536
3,3,2,22,19431
3,3,2,23,30162
3,3,2,24,19332
3,3,2,25,19665
3,3,2,26,19637
3,3,2,27,19666
3,3,2,28,19659
3,3,2,29,19670
3,3,2,30,19557
3,3,2,31,19616
3,3,3,0,19663
3,3,3,1,19490
3,3,3,2,19428
3,3,3,3,19298
3,3,3,4,19577
3,3,3,5,19746
3,3,3,6,19616
3,3,3,7,19518
3,3,3,8,19697
3,3,3,9,19388
3,3,3,10,19591
3,3,3,11,19636
3,3,3,12,19454
3,3,3,13,19289
3,3,3,14,19624
3,3,3,15,19523
3,3,3,16,19280
3,3,3,17,19320
3,3,3,18,19287
3,3,3,19,19377
3,3,3,20,19727
3,3,3,21,19277
3,3,3,22,19404
3,3,3,23,19265
3,3,3,24,19236
3,3,3,25,19553
3,3,3,26,19580
3,3,3,27,19475
3,3,3,28,19428
3,3,3,29,19364
3,3,3,30,19510
3,3,3,31,19407
3,2,3,0,19584
3,2,3,1,19740
3,2,3,2,19297
3,2,3,3,19428
3,2,3,4,19687
3,2,3,5,19405
3,2,3,6,19484
3,2,3,7,19758
3,2,3,8,19676
3,2,3,9,19511
3,2,3,10,19614
3,2,3,11,19722
3,2,3,12,19557
3,2,3,13,19682
3,2,3,14,19508
3,2,3,15,19460
3,2,3,16,19722
3,2,3,17,19256
3,2,3,18,19346
3,2,3,19,19620
3,2,3,20,19285
3,2,3,21,19268
3,2,3,22,19746
3,2,3,23,19689
3,2,3,24,19615
3,2,3,25,19632
3,2,3,26,19546
3,2,3,27,20072
3,2,3,28,19448
3,2,3,29,19588
3,2,3,30,19577
3,2,3,31,19596
3,1,3,0,19635
3,1,3,1,19323
3,1,3,2,19693
3,1,3,3,19534
3,1,3,4,19580
3,1,3,5,19290
3,1,3,6,19261
3,1,3,7,19428
3,1,3,8,19645
3,1,3,9,19602
3,1,3,10,19318
3,1,3,11,19660
3,1,3,12,19279
3,1,3,13,19413
3,1,3,14,19351
3,1,3,15,19444
3,1,3,16,19441
3,1,3,17,19549
3,1,3,18,19725
3,1,3,19,19304
3,1,3,20,19244
3,1,3,21,19235
3,1,3,22,19687
3,1,3,23,19583
3,1,3,24,19242
3,1,3,25,19313
3,1,3,26,19496
3,1,3,27,19559
3,1,3,28,19338
3,1,3,29,19462
3,1,3,30,19579
3,1,3,31,19440
3,0,3,0,19236
3,0,3,1,19670
3,0,3,2,19691
3,0,3,3,19350
3,0,3,4,19503
3,0,3,5,19466
3,0,3,6,19360
3,0,3,7,19538
3,0,3,8,19703
3,0,3,9,19495
3,0,3,10,19494
3,0,3,11,19508
3,0,3,12,19530
3,0,3,13,19613
3,0,3,14,19527
3,0,3,15,19308
3,0,3,16,19347
3,0,3,17,19343
3,0,3,18,19307
3,0,3,19,19573
3,0,3,20,19291
3,0,3,21,19736
3,0,3,22,19486
3,0,3,23,19487
3,0,3,24,19342
3,0,3,25,19521
3,0,3,26,19649
3,0,3,27,19540
3,0,3,28,19465
3,0,3,29,19230
3,0,3,30,19472
3,0,3,31,19330
3,0,4,0,19376
3,0,4,1,19477
3,0,4,2,19329
3,0,4,3,19337
3,0,4,4,19427
3,0,4,5,19533
3,0,4,6,19749
3,0,4,7,19712
3,0,4,8,19261
3,0,4,9,19377
3,0,4,10,19404
3,0,4,11,19472
3,0,4,12,20019
3,0,4,13,19684
3,0,4,14,19650
3,0,4,15,19610
3,0,4,16,19553
3,0,4,17,19595
3,0,4,18,19594
3,0,4,19,19540
3,0,4,20,19581
3,0,4,21,19597
3,0,4,22,19639
3,0,4,23,19567
3,0,4,24,19255
3,0,4,25,19372
3,0,4,26,19677
3,0,4,27,19644
3,0,4,28,19475
3,0,4,29,19307
3,0,4,30,19397
3,0,4,31,19596
3,1,4,0,19229
3,1,4,1,19413
3,1,4,2,19316
3,1,4,3,19257
3,1,4,4,19735
3,1,4,5,19321
3,1,4,6,19705
3,1,4,7,19579
3,1,4,8,19581
3,1,4,9,19735
3,1,4,10,19321
3,1,4,11,19556
3,1,4,12,19553
3,1,4,13,19549
3,1,4,14,19653
3,1,4,15,19636
3,1,4,16,19510
3,1,4,17,19650
3,1,4,18,19598
3,1,4,19,19656
3,1,4,20,19505
3,1,4,21,19678
3,1,4,22,19635
3,1,4,23,19259
3,1,4,24,19672
3,1,4,25,19531
3,1,4,26,19652
3,1,4,27,19647
3,1,4,28,19532
3,1,4,29,19704
3,1,4,30,19668
3,1,4,31,19663
3,2,4,0,19229
3,2,4,1,19342
3,2,4,2,19641
3,2,4,3,19613
3,2,4,4,19643
3,2,4,5,19551
3,2,4,6,19454
3,2,4,7,19443
3,2,4,8,19284
3,2,4,9,19589
3,2,4,10,19624
3,2,4,11,19650
3,2,4,12,19626
3,2,4,13,19609
3,2,4,14,19608
3,2,4,15,19414
3,2,4,16,19343
3,2,4,17,19698
3,2,4,18,19555
3,2,4,19,19750
3,2,4,20,19691
3,2,4,21,19277
3,2,4,22,19591
3,2,4,23,19246
3,2,4,24,19215
3,2,4,25,19579
3,2,4,26,19650
3,2,4,27,19240
3,2,4,28,19689
3,2,4,29,19552
3,2,4,30,19701
3,2,4,31,19436
3,3,4,0,19635
3,3,4,1,19761
3,3,4,2,19641
3,3,4,3,19646
3,3,4,4,19551
3,3,4,5,19594
3,3,4,6,19700
3,3,4,7,19619
3,3,4,8,19713
3,3,4,9,19656
3,3,4,10,19564
3,3,4,11,19634
3,3,4,12,19338
3,3,4,13,19604
3,3,4,14,19261
3,3,4,15,19388
3,3,4,16,19650
3,3,4,17,19624
3,3,4,18,19410
3,3,4,19,19636
3,3,4,20,19576
3,3,4,21,19662
3,3,4,22,19729
3,3,4,23,19557
3,3,4,24,19572
3,3,4,25,19595
3,3,4,26,19666
3,3,4,27,19639
3,3,4,28,19661
3,3,4,29,19452
3,3,4,30,19298
3,3,4,31,19727
3,3,5,0,19372
3,3,5,1,19632
3,3,5,2,19231
3,3,5,3,19306
3,3,5,4,19448
3,3,5,5,19252
3,3,5,6,19563
3,3,5,7,19451
3,3,5,8,19289
3,3,5,9,19262
3,3,5,10,19255
3,3,5,11,19568
3,3,5,12,19314
3,3,5,13,19431
3,3,5,14,19353
3,3,5,15,19353
3,3,5,16,19387
3,3,5,17,19365
3,3,5,18,19175
3,3,5,19,19579
3,3,5,20,19277
3,3,5,21,19293
3,3,5,22,19705
3,3,5,23,19650
3,3,5,24,19574
3,3,5,25,19598
3,3,5,26,19495
3,3,5,27,19516
3,3,5,28,19542
3,3,5,29,19535
3,3,5,30,19328
3,3,5,31,19435
3,2,5,0,19206
3,2,5,1,19563
3,2,5,2,19613
3,2,5,3,19460
3,2,5,4,19397
3,2,5,5,19243
3,2,5,6,19659
3,2,5,7,19701
3,2,5,8,19272
3,2,5,9,19196
3,2,5,10,19692
3,2,5,11,19272
3,2,5,12,19442
3,2,5,13,19302
3,2,5,14,19469
3,2,5,15,19627
3,2,5,16,19520
3,2,5,17,19695
3,2,5,18,19721
3,2,5,19,19270
3,2,5,20,19388
3,2,5,21,19444
3,2,5,22,19362
3,2,5,23,19291
3,2,5,24,19580
3,2,5,25,19443
3,2,5,26,19188
3,2,5,27,19509
3,2,5,28,19260
3,2,5,29,19376
3,2,5,30,19295
3,2,5,31,19665
3,1,5,0,19151
3,1,5,1,19281
3,1,5,2,19335
3,1,5,3,19287
3,1,5,4,19294
3,1,5,5,19645
3,1,5,6,19225
3,1,5,7,19537
3,1,5,8,30439
3,1,5,9,19343
3,1,5,10,19294
3,1,5,11,19389
3,1,5,12,19399
3,1,5,13,19374
3,1,5,14,19265
3,1,5,15,19447
3,1,5,16,19302
3,1,5,17,19530
3,1,5,18,19446
3,1,5,19,19224
3,1,5,20,19543
3,1,5,21,19462
3,1,5,22,19635
3,1,5,23,19563
3,1,5,24,19577
3,1,5,25,19590
3,1,5,26,19571
3,1,5,27,19668
3,1,5,28,19615
3,1,5,29,19244
3,1,5,30,19713
3,1,5,31,19627
3,0,5,0,19560
3,0,5,1,19453
3,0,5,2,19548
3,0,5,3,19622
3,0,5,4,19675
3,0,5,5,19721
3,0,5,6,19220
3,0,5,7,19574
3,0,5,8,19672
3,0,5,9,19313
3,0,5,10,19501
3,0,5,11,19710
3,0,5,12,19441
3,0,5,13,19478
3,0,5,14,19312
3,0,5,15,19533
3,0,5,16,19372
3,0,5,17,19326
3,0,5,18,19172
3,0,5,19,19416
3,0,5,20,19301
3,0,5,21,19288
3,0,5,22,19282
3,0,5,23,19228
3,0,5,24,19258
3,0,5,25,19655
3,0,5,26,19605
3,0,5,27,19586
3,0,5,28,19310
3,0,5,29,19336
3,0,5,30,19541
3,0,5,31,19492
3,0,6,0,19547
3,0,6,1,19441
3,0,6,2,19421
3,0,6,3,19498
3,0,6,4,19437
3,0,6,5,19217
3,0,6,6,19690
3,0,6,7,19240
3,0,6,8,19424
3,0,6,9,19656
3,0,6,10,19399
3,0,6,11,19389
3,0,6,12,19438
3,0,6,13,19705
3,0,6,14,19407
3,0,6,15,19672
3,0,6,16,19400
3,0,6,17,19419
3,0,6,18,19610
3,0,6,19,19626
3,0,6,20,19692
3,0,6,21,19376
3,0,6,22,19331
3,0,6,23,19699
3,0,6,24,19553
3,0,6,25,19550
3,0,6,26,19589
3,0,6,27,19338
3,0,6,28,19158
3,0,6,29,19350
3,0,6,30,19664
3,0,6,31,19697
3,1,6,0,19688
3,1,6,1,19391
3,1,6,2,19316
3,1,6,3,19640
3,1,6,4,19728
3,1,6,5,19555
3,1,6,6,19705
3,1,6,7,19643
3,1,6,8,19307
3,1,6,9,19581
3,1,6,10,19516
3,1,6,11,19545
3,1,6,12,19344
3,1,6,13,19535
3,1,6,14,19591
3,1,6,15,19598
3,1,6,16,19584
3,1,6,17,19730
3,1,6,18,19600
3,1,6,19,19586
3,1,6,20,19653
3,1,6,21,19680
3,1,6,22,19289
3,1,6,23,19329
3,1,6,24,19545
3,1,6,25,19532
3,1,6,26,19537
3,1,6,27,19507
3,1,6,28,19181
3,1,6,29,19637
3,1,6,30,19691
3,1,6,31,19252
3,2,6,0,19583
3,2,6,1,19714
3,2,6,2,19544
3,2,6,3,19331
3,2,6,4,19451
3,2,6,5,19648
3,2,6,6,19310
3,2,6,7,19305
3,2,6,8,19332
3,2,6,9,19268
3,2,6,10,19646
3,2,6,11,19701
3,2,6,12,19555
3,2,6,13,19633
3,2,6,14,19336
3,2,6,15,19370
3,2,6,16,19586
3,2,6,17,19606
3,2,6,18,19566
3,2,6,19,19659
3,2,6,20,19279
3,2,6,21,19281
3,2,6,22,19195
3,2,6,23,20163
3,2,6,24,19748
3,2,6,25,19282
3,2,6,26,19386
3,2,6,27,19439
3,2,6,28,19372
3,2,6,29,19339
3,2,6,30,19401
3,2,6,31,19316
3,3,6,0,19595
3,3,6,1,19439
3,3,6,2,19615
3,3,6,3,19669
3,3,6,4,19545
3,3,6,5,19587
3,3,6,6,19404
3,3,6,7,19278
3,3,6,8,19628
3,3,6,9,19614
3,3,6,10,19641
3,3,6,11,19383
3,3,6,12,19450
3,3,6,13,19562
3,3,6,14,19683
3,3,6,15,19571
3,3,6,16,19644
3,3,6,17,19600
3,3,6,18,19563
3,3,6,19,19640
3,3,6,20,19558
3,3,6,21,19605
3,3,6,22,19246
3,3,6,23,19623
3,3,6,24,19612
3,3,6,25,19535
3,3,6,26,19629
3,3,6,27,19720
3,3,6,28,19492
3,3,6,29,19509
3,3,6,30,19669
3,3,6,31,19646
3,3,7,0,19553
3,3,7,1,19657
3,3,7,2,19488
3,3,7,3,19687
3,3,7,4,19484
3,3,7,5,19601
3,3,7,6,19399
3,3,7,7,19707
3,3,7,8,19560
3,3,7,9,19656
3,3,7,10,19491
3,3,7,11,19619
3,3,7,12,19523
3,3,7,13,19474
3,3,7,14,19585
3,3,7,15,19559
3,3,7,16,19681
3,3,7,17,19400
3,3,7,18,19578
3,3,7,19,19535
3,3,7,20,19423
3,3,7,21,19369
3,3,7,22,19401
3,3,7,23,19342
3,3,7,24,19300
3,3,7,25,19274
3,3,7,26,19573
3,3,7,27,19215
3,3,7,28,19317
3,3,7,29,19477
3,3,7,30,19605
3,3,7,31,19346
3,2,7,0,19501
3,2,7,1,19292
3,2,7,2,19427
3,2,7,3,19535
3,2,7,4,20142
3,2,7,5,19464
3,2,7,6,19655
3,2,7,7,19512
3,2,7,8,19962
3,2,7,9,19549
3,2,7,10,19572
3,2,7,11,19643
3,2,7,12,19294
3,2,7,13,19280
3,2,7,14,19725
3,2,7,15,19287
3,2,7,16,21958
3,2,7,17,19238
3,2,7,18,19572
3,2,7,19,19319
3,2,7,20,61597
3,2,7,21,31041
3,2,7,22,19265
3,2,7,23,19372
3,2,7,24,19415
3,2,7,25,19357
3,2,7,26,19627
3,2,7,27,19187
3,2,7,28,19339
3,2,7,29,19244
3,2,7,30,19330
3,2,7,31,19362
3,1,7,0,19585
3,1,7,1,19441
3,1,7,2,19349
3,1,7,3,19454
3,1,7,4,19656
3,1,7,5,19599
3,1,7,6,19690
3,1,7,7,19587
3,1,7,8,19549
3,1,7,9,19608
3,1,7,10,19585
3,1,7,11,19455
3,1,7,12,19392
3,1,7,13,19575
3,1,7,14,19732
3,1,7,15,19709
3,1,7,16,19384
3,1,7,17,19598
3,1,7,18,19410
3,1,7,19,19373
3,1,7,20,19322
3,1,7,21,19260
3,1,7,22,19431
3,1,7,23,19233
3,1,7,24,19384
3,1,7,25,19428
3,1,7,26,19427
3,1,7,27,19481
3,1,7,28,19208
3,1,7,29,19308
3,1,7,30,19533
3,1,7,31,19515
3,0,7,0,19515
3,0,7,1,19625
3,0,7,2,19338
3,0,7,3,19603
3,0,7,4,19652
3,0,7,5,19358
3,0,7,6,19428
3,0,7,7,19470
3,0,7,8,19311
3,0,7,9,19304
3,0,7,10,19384
3,0,7,11,19650
3,0,7,12,19340
3,0,7,13,19533
3,0,7,14,19651
3,0,7,15,19373
3,0,7,16,19415
3,0,7,17,19549
3,0,7,18,19529
3,0,7,19,19522
3,0,7,20,19412
3,0,7,21,19303
3,0,7,22,19523
3,0,7,23,19257
3,0,7,24,19698
3,0,7,25,20003
3,0,7,26,19382
3,0,7,27,19710
3,0,7,28,19650
3,0,7,29,19628
3,0,7,30,19718
3,0,7,31,19304
