cpucycles tracesetup 0 amd64-perfpmcff precision 0 scaling 0.000000 only32 0
cpucycles tracesetup 1 amd64-perfpmc precision 0 scaling 0.000000 only32 0
cpucycles tracesetup 2 amd64-pmcff precision 0 scaling 0.000000 only32 0
cpucycles tracesetup 3 amd64-tsc precision 1080 scaling 0.467415 only32 0
cpucycles tracesetup 4 amd64-tscasm precision 1090 scaling 0.467415 only32 0
cpucycles tracesetup 5 default-perfevent precision 204 scaling 1.000000 only32 0
cpucycles tracesetup 6 default-mach precision 0 scaling 0.000000 only32 0
cpucycles tracesetup 7 default-monotonic precision 1075 scaling 1.400000 only32 0
cpucycles tracesetup 8 default-gettimeofday precision 2440 scaling 1400.000000 only32 0
cpucycles tracesetup 9 default-zero precision 0 scaling 0.000000 only32 0
region,variant,block,observation,cycles
0,0,0,0,875
0,0,0,1,782
0,0,0,2,786
0,0,0,3,791
0,0,0,4,795
0,0,0,5,824
0,0,0,6,809
0,0,0,7,815
0,0,0,8,815
0,0,0,9,806
0,0,0,10,807
0,0,0,11,825
0,0,0,12,793
0,0,0,13,814
0,0,0,14,782
0,0,0,15,809
0,0,0,16,774
0,0,0,17,784
0,0,0,18,811
0,0,0,19,847
0,0,0,20,811
0,0,0,21,851
0,0,0,22,786
0,0,0,23,821
0,0,0,24,825
0,0,0,25,804
0,0,0,26,830
0,0,0,27,786
0,0,0,28,798
0,0,0,29,830
0,0,0,30,783
0,0,0,31,802
0,1,0,0,830
0,1,0,1,793
0,1,0,2,787
0,1,0,3,788
0,1,0,4,809
0,1,0,5,823
0,1,0,6,795
0,1,0,7,822
0,1,0,8,823
0,1,0,9,815
0,1,0,10,834
0,1,0,11,820
0,1,0,12,805
0,1,0,13,818
0,1,0,14,810
0,1,0,15,810
0,1,0,16,831
0,1,0,17,797
0,1,0,18,822
0,1,0,19,792
0,1,0,20,810
0,1,0,21,803
0,1,0,22,803
0,1,0,23,801
0,1,0,24,813
0,1,0,25,798
0,1,0,26,800
0,1,0,27,801
0,1,0,28,810
0,1,0,29,837
0,1,0,30,804
0,1,0,31,819
0,2,0,0,797
0,2,0,1,774
0,2,0,2,743
0,2,0,3,776
0,2,0,4,767
0,2,0,5,756
0,2,0,6,750
0,2,0,7,753
0,2,0,8,766
0,2,0,9,760
0,2,0,10,763
0,2,0,11,768
0,2,0,12,755
0,2,0,13,758
0,2,0,14,739
0,2,0,15,771
0,2,0,16,765
0,2,0,17,760
0,2,0,18,766
0,2,0,19,767
0,2,0,20,745
0,2,0,21,776
0,2,0,22,755
0,2,0,23,762
0,2,0,24,769
0,2,0,25,746
0,2,0,26,762
0,2,0,27,747
0,2,0,28,761
0,2,0,29,772
0,2,0,30,765
0,2,0,31,773
0,3,0,0,796
0,3,0,1,763
0,3,0,2,771
0,3,0,3,763
0,3,0,4,785
0,3,0,5,780
0,3,0,6,732
0,3,0,7,733
0,3,0,8,765
0,3,0,9,759
0,3,0,10,790
0,3,0,11,769
0,3,0,12,744
0,3,0,13,801
0,3,0,14,756
0,3,0,15,740
0,3,0,16,771
0,3,0,17,751
0,3,0,18,781
0,3,0,19,768
0,3,0,20,769
0,3,0,21,772
0,3,0,22,756
0,3,0,23,764
0,3,0,24,768
0,3,0,25,758
0,3,0,26,781
0,3,0,27,763
0,3,0,28,772
0,3,0,29,772
0,3,0,30,772
0,3,0,31,755
0,3,1,0,766
0,3,1,1,735
0,3,1,2,755
0,3,1,3,761
0,3,1,4,760
0,3,1,5,781
0,3,1,6,759
0,3,1,7,757
0,3,1,8,763
0,3,1,9,750
0,3,1,10,772
0,3,1,11,770
0,3,1,12,764
0,3,1,13,763
0,3,1,14,753
0,3,1,15,761
0,3,1,16,784
0,3,1,17,759
0,3,1,18,771
0,3,1,19,763
0,3,1,20,744
0,3,1,21,777
0,3,1,22,762
0,3,1,23,774
0,3,1,24,764
0,3,1,25,755
0,3,1,26,758
0,3,1,27,768
0,3,1,28,768
0,3,1,29,771
0,3,1,30,763
0,3,1,31,786
0,2,1,0,767
0,2,1,1,774
0,2,1,2,789
0,2,1,3,766
0,2,1,4,772
0,2,1,5,770
0,2,1,6,752
0,2,1,7,756
0,2,1,8,762
0,2,1,9,756
0,2,1,10,770
0,2,1,11,752
0,2,1,12,756
0,2,1,13,768
0,2,1,14,755
0,2,1,15,755
0,2,1,16,784
0,2,1,17,749
0,2,1,18,777
0,2,1,19,773
0,2,1,20,755
0,2,1,21,772
0,2,1,22,750
0,2,1,23,748
0,2,1,24,756
0,2,1,25,750
0,2,1,26,764
0,2,1,27,773
0,2,1,28,750
0,2,1,29,774
0,2,1,30,742
0,2,1,31,771
0,1,1,0,805
0,1,1,1,795
0,1,1,2,835
0,1,1,3,806
0,1,1,4,837
0,1,1,5,801
0,1,1,6,784
0,1,1,7,821
0,1,1,8,812
0,1,1,9,789
0,1,1,10,807
0,1,1,11,803
0,1,1,12,804
0,1,1,13,839
0,1,1,14,800
0,1,1,15,841
0,1,1,16,819
0,1,1,17,785
0,1,1,18,815
0,1,1,19,797
0,1,1,20,797
0,1,1,21,812
0,1,1,22,799
0,1,1,23,785
0,1,1,24,824
0,1,1,25,788
0,1,1,26,800
0,1,1,27,805
0,1,1,28,800
0,1,1,29,807
0,1,1,30,801
0,1,1,31,814
0,0,1,0,810
0,0,1,1,805
0,0,1,2,807
0,0,1,3,806
0,0,1,4,826
0,0,1,5,804
0,0,1,6,793
0,0,1,7,824
0,0,1,8,817
0,0,1,9,817
0,0,1,10,797
0,0,1,11,815
0,0,1,12,822
0,0,1,13,820
0,0,1,14,807
0,0,1,15,813
0,0,1,16,800
0,0,1,17,783
0,0,1,18,821
0,0,1,19,808
0,0,1,20,797
0,0,1,21,815
0,0,1,22,801
0,0,1,23,826
0,0,1,24,798
0,0,1,25,799
0,0,1,26,786
0,0,1,27,797
0,0,1,28,807
0,0,1,29,832
0,0,1,30,795
0,0,1,31,785
0,0,2,0,781
0,0,2,1,773
0,0,2,2,776
0,0,2,3,842
0,0,2,4,816
0,0,2,5,810
0,0,2,6,802
0,0,2,7,820
0,0,2,8,807
0,0,2,9,800
0,0,2,10,805
0,0,2,11,804
0,0,2,12,807
0,0,2,13,815
0,0,2,14,789
0,0,2,15,807
0,0,2,16,798
0,0,2,17,802
0,0,2,18,797
0,0,2,19,792
0,0,2,20,800
0,0,2,21,811
0,0,2,22,788
0,0,2,23,787
0,0,2,24,802
0,0,2,25,792
0,0,2,26,828
0,0,2,27,790
0,0,2,28,812
0,0,2,29,819
0,0,2,30,788
0,0,2,31,805
0,1,2,0,816
0,1,2,1,803
0,1,2,2,812
0,1,2,3,816
0,1,2,4,832
0,1,2,5,832
0,1,2,6,800
0,1,2,7,856
0,1,2,8,806
0,1,2,9,819
0,1,2,10,822
0,1,2,11,812
0,1,2,12,800
0,1,2,13,829
0,1,2,14,800
0,1,2,15,820
0,1,2,16,819
0,1,2,17,799
0,1,2,18,829
0,1,2,19,810
0,1,2,20,817
0,1,2,21,807
0,1,2,22,817
0,1,2,23,814
0,1,2,24,834
0,1,2,25,805
0,1,2,26,798
0,1,2,27,782
0,1,2,28,803
0,1,2,29,804
0,1,2,30,786
0,1,2,31,796
0,2,2,0,769
0,2,2,1,769
0,2,2,2,786
0,2,2,3,763
0,2,2,4,781
0,2,2,5,781
0,2,2,6,737
0,2,2,7,762
0,2,2,8,778
0,2,2,9,750
0,2,2,10,765
0,2,2,11,753
0,2,2,12,750
0,2,2,13,764
0,2,2,14,746
0,2,2,15,762
0,2,2,16,769
0,2,2,17,753
0,2,2,18,771
0,2,2,19,764
0,2,2,20,761
0,2,2,21,761
0,2,2,22,765
0,2,2,23,760
0,2,2,24,776
0,2,2,25,752
0,2,2,26,762
0,2,2,27,765
0,2,2,28,766
0,2,2,29,767
0,2,2,30,761
0,2,2,31,757
0,3,2,0,780
0,3,2,1,766
0,3,2,2,770
0,3,2,3,765
0,3,2,4,782
0,3,2,5,762
0,3,2,6,1113
0,3,2,7,776
0,3,2,8,757
0,3,2,9,746
0,3,2,10,762
0,3,2,11,772
0,3,2,12,748
0,3,2,13,778
0,3,2,14,760
0,3,2,15,758
0,3,2,16,768
0,3,2,17,773
0,3,2,18,775
0,3,2,19,776
0,3,2,20,750
0,3,2,21,775
0,3,2,22,768
0,3,2,23,770
0,3,2,24,770
0,3,2,25,747
0,3,2,26,769
0,3,2,27,763
0,3,2,28,759
0,3,2,29,783
0,3,2,30,751
0,3,2,31,750
0,3,3,0,774
0,3,3,1,749
0,3,3,2,778
0,3,3,3,764
0,3,3,4,782
0,3,3,5,792
0,3,3,6,762
0,3,3,7,756
0,3,3,8,766
0,3,3,9,735
0,3,3,10,782
0,3,3,11,766
0,3,3,12,767
0,3,3,13,800
0,3,3,14,764
0,3,3,15,795
0,3,3,16,786
0,3,3,17,763
0,3,3,18,788
0,3,3,19,768
0,3,3,20,766
0,3,3,21,779
0,3,3,22,769
0,3,3,23,771
0,3,3,24,767
0,3,3,25,765
0,3,3,26,779
0,3,3,27,762
0,3,3,28,762
0,3,3,29,782
0,3,3,30,768
0,3,3,31,746
0,2,3,0,763
0,2,3,1,753
0,2,3,2,771
0,2,3,3,784
0,2,3,4,767
0,2,3,5,770
0,2,3,6,732
0,2,3,7,745
0,2,3,8,768
0,2,3,9,756
0,2,3,10,775
0,2,3,11,759
0,2,3,12,759
0,2,3,13,763
0,2,3,14,755
0,2,3,15,780
0,2,3,16,781
0,2,3,17,770
0,2,3,18,774
0,2,3,19,775
0,2,3,20,756
0,2,3,21,779
0,2,3,22,734
0,2,3,23,751
0,2,3,24,763
0,2,3,25,759
0,2,3,26,777
0,2,3,27,773
0,2,3,28,765
0,2,3,29,774
0,2,3,30,763
0,2,3,31,771
0,1,3,0,795
0,1,3,1,803
0,1,3,2,814
0,1,3,3,834
0,1,3,4,828
0,1,3,5,792
0,1,3,6,825
0,1,3,7,837
0,1,3,8,824
0,1,3,9,814
0,1,3,10,831
0,1,3,11,793
0,1,3,12,818
0,1,3,13,842
0,1,3,14,794
0,1,3,15,861
0,1,3,16,830
0,1,3,17,815
0,1,3,18,826
0,1,3,19,810
0,1,3,20,794
0,1,3,21,845
0,1,3,22,805
0,1,3,23,815
0,1,3,24,820
0,1,3,25,793
0,1,3,26,801
0,1,3,27,803
0,1,3,28,827
0,1,3,29,840
0,1,3,30,811
0,1,3,31,820
0,0,3,0,783
0,0,3,1,812
0,0,3,2,804
0,0,3,3,807
0,0,3,4,816
0,0,3,5,818
0,0,3,6,794
0,0,3,7,827
0,0,3,8,802
0,0,3,9,819
0,0,3,10,814
0,0,3,11,784
0,0,3,12,820
0,0,3,13,831
0,0,3,14,812
0,0,3,15,802
0,0,3,16,794
0,0,3,17,785
0,0,3,18,804
0,0,3,19,797
0,0,3,20,791
0,0,3,21,804
0,0,3,22,796
0,0,3,23,786
0,0,3,24,800
0,0,3,25,778
0,0,3,26,810
0,0,3,27,790
0,0,3,28,792
0,0,3,29,823
0,0,3,30,792
0,0,3,31,807
0,0,4,0,784
0,0,4,1,789
0,0,4,2,787
0,0,4,3,787
0,0,4,4,801
0,0,4,5,807
0,0,4,6,798
0,0,4,7,822
0,0,4,8,816
0,0,4,9,784
0,0,4,10,828
0,0,4,11,800
0,0,4,12,798
0,0,4,13,797
0,0,4,14,800
0,0,4,15,800
0,0,4,16,787
0,0,4,17,806
0,0,4,18,800
0,0,4,19,812
0,0,4,20,782
0,0,4,21,821
0,0,4,22,806
0,0,4,23,804
0,0,4,24,805
0,0,4,25,805
0,0,4,26,825
0,0,4,27,808
0,0,4,28,835
0,0,4,29,827
0,0,4,30,808
0,0,4,31,787
0,1,4,0,790
0,1,4,1,797
0,1,4,2,807
0,1,4,3,823
0,1,4,4,830
0,1,4,5,811
0,1,4,6,806
0,1,4,7,804
0,1,4,8,812
0,1,4,9,808
0,1,4,10,823
0,1,4,11,806
0,1,4,12,801
0,1,4,13,836
0,1,4,14,799
0,1,4,15,825
0,1,4,16,839
0,1,4,17,808
0,1,4,18,813
0,1,4,19,795
0,1,4,20,828
0,1,4,21,804
0,1,4,22,809
0,1,4,23,811
0,1,4,24,824
0,1,4,25,805
0,1,4,26,800
0,1,4,27,790
0,1,4,28,812
0,1,4,29,819
0,1,4,30,790
0,1,4,31,800
0,2,4,0,760
0,2,4,1,779
0,2,4,2,786
0,2,4,3,760
0,2,4,4,769
0,2,4,5,758
0,2,4,6,778
0,2,4,7,750
0,2,4,8,766
0,2,4,9,752
0,2,4,10,763
0,2,4,11,761
0,2,4,12,765
0,2,4,13,760
0,2,4,14,726
0,2,4,15,749
0,2,4,16,771
0,2,4,17,754
0,2,4,18,750
0,2,4,19,752
0,2,4,20,748
0,2,4,21,772
0,2,4,22,735
0,2,4,23,755
0,2,4,24,762
0,2,4,25,750
0,2,4,26,760
0,2,4,27,763
0,2,4,28,741
0,2,4,29,779
0,2,4,30,742
0,2,4,31,749
0,3,4,0,749
0,3,4,1,776
0,3,4,2,791
0,3,4,3,768
0,3,4,4,771
0,3,4,5,773
0,3,4,6,755
0,3,4,7,776
0,3,4,8,764
0,3,4,9,757
0,3,4,10,768
0,3,4,11,760
0,3,4,12,760
0,3,4,13,788
0,3,4,14,770
0,3,4,15,766
0,3,4,16,770
0,3,4,17,760
0,3,4,18,761
0,3,4,19,768
0,3,4,20,761
0,3,4,21,795
0,3,4,22,770
0,3,4,23,777
0,3,4,24,788
0,3,4,25,761
0,3,4,26,780
0,3,4,27,758
0,3,4,28,775
0,3,4,29,782
0,3,4,30,762
0,3,4,31,795
0,3,5,0,768
0,3,5,1,756
0,3,5,2,770
0,3,5,3,754
0,3,5,4,758
0,3,5,5,789
0,3,5,6,754
0,3,5,7,739
0,3,5,8,772
0,3,5,9,760
0,3,5,10,765
0,3,5,11,740
0,3,5,12,749
0,3,5,13,770
0,3,5,14,758
0,3,5,15,780
0,3,5,16,776
0,3,5,17,757
0,3,5,18,780
0,3,5,19,781
0,3,5,20,765
0,3,5,21,786
0,3,5,22,758
0,3,5,23,753
0,3,5,24,783
0,3,5,25,772
0,3,5,26,770
0,3,5,27,762
0,3,5,28,767
0,3,5,29,772
0,3,5,30,759
0,3,5,31,780
0,2,5,0,754
0,2,5,1,769
0,2,5,2,788
0,2,5,3,788
0,2,5,4,768
0,2,5,5,774
0,2,5,6,764
0,2,5,7,746
0,2,5,8,768
0,2,5,9,762
0,2,5,10,769
0,2,5,11,760
0,2,5,12,753
0,2,5,13,764
0,2,5,14,744
0,2,5,15,780
0,2,5,16,758
0,2,5,17,746
0,2,5,18,764
0,2,5,19,768
0,2,5,20,755
0,2,5,21,769
0,2,5,22,762
0,2,5,23,755
0,2,5,24,763
0,2,5,25,742
0,2,5,26,773
0,2,5,27,760
0,2,5,28,748
0,2,5,29,773
0,2,5,30,751
0,2,5,31,759
0,1,5,0,789
0,1,5,1,804
0,1,5,2,815
0,1,5,3,808
0,1,5,4,835
0,1,5,5,840
0,1,5,6,798
0,1,5,7,815
0,1,5,8,838
0,1,5,9,787
0,1,5,10,855
0,1,5,11,824
0,1,5,12,815
0,1,5,13,829
0,1,5,14,802
0,1,5,15,829
0,1,5,16,813
0,1,5,17,797
0,1,5,18,827
0,1,5,19,798
0,1,5,20,809
0,1,5,21,799
0,1,5,22,809
0,1,5,23,848
0,1,5,24,793
0,1,5,25,793
0,1,5,26,842
0,1,5,27,804
0,1,5,28,806
0,1,5,29,817
0,1,5,30,782
0,1,5,31,819
0,0,5,0,771
0,0,5,1,785
0,0,5,2,805
0,0,5,3,791
0,0,5,4,811
0,0,5,5,811
0,0,5,6,791
0,0,5,7,817
0,0,5,8,824
0,0,5,9,815
0,0,5,10,836
0,0,5,11,823
0,0,5,12,807
0,0,5,13,813
0,0,5,14,793
0,0,5,15,816
0,0,5,16,836
0,0,5,17,796
0,0,5,18,804
0,0,5,19,804
0,0,5,20,791
0,0,5,21,806
0,0,5,22,792
0,0,5,23,796
0,0,5,24,789
0,0,5,25,783
0,0,5,26,831
0,0,5,27,803
0,0,5,28,792
0,0,5,29,808
0,0,5,30,788
0,0,5,31,810
0,0,6,0,792
0,0,6,1,786
0,0,6,2,796
0,0,6,3,800
0,0,6,4,784
0,0,6,5,791
0,0,6,6,798
0,0,6,7,798
0,0,6,8,812
0,0,6,9,796
0,0,6,10,823
0,0,6,11,780
0,0,6,12,791
0,0,6,13,805
0,0,6,14,783
0,0,6,15,808
0,0,6,16,819
0,0,6,17,777
0,0,6,18,782
0,0,6,19,792
0,0,6,20,804
0,0,6,21,799
0,0,6,22,791
0,0,6,23,803
0,0,6,24,810
0,0,6,25,797
0,0,6,26,826
0,0,6,27,796
0,0,6,28,815
0,0,6,29,817
0,0,6,30,799
0,0,6,31,814
0,1,6,0,799
0,1,6,1,804
0,1,6,2,806
0,1,6,3,819
0,1,6,4,822
0,1,6,5,825
0,1,6,6,810
0,1,6,7,825
0,1,6,8,821
0,1,6,9,807
0,1,6,10,843
0,1,6,11,814
0,1,6,12,808
0,1,6,13,818
0,1,6,14,787
0,1,6,15,808
0,1,6,16,797
0,1,6,17,790
0,1,6,18,832
0,1,6,19,810
0,1,6,20,809
0,1,6,21,845
0,1,6,22,809
0,1,6,23,830
0,1,6,24,818
0,1,6,25,785
0,1,6,26,820
0,1,6,27,805
0,1,6,28,806
0,1,6,29,871
0,1,6,30,815
0,1,6,31,842
0,2,6,0,782
0,2,6,1,791
0,2,6,2,787
0,2,6,3,778
0,2,6,4,768
0,2,6,5,776
0,2,6,6,749
0,2,6,7,767
0,2,6,8,765
0,2,6,9,742
0,2,6,10,758
0,2,6,11,748
0,2,6,12,748
0,2,6,13,769
0,2,6,14,743
0,2,6,15,755
0,2,6,16,759
0,2,6,17,751
0,2,6,18,760
0,2,6,19,761
0,2,6,20,748
0,2,6,21,777
0,2,6,22,753
0,2,6,23,746
0,2,6,24,763
0,2,6,25,738
0,2,6,26,765
0,2,6,27,761
0,2,6,28,745
0,2,6,29,755
0,2,6,30,744
0,2,6,31,758
0,3,6,0,774
0,3,6,1,781
0,3,6,2,776
0,3,6,3,784
0,3,6,4,758
0,3,6,5,765
0,3,6,6,763
0,3,6,7,740
0,3,6,8,782
0,3,6,9,760
0,3,6,10,770
0,3,6,11,750
0,3,6,12,761
0,3,6,13,787
0,3,6,14,770
0,3,6,15,767
0,3,6,16,771
0,3,6,17,757
0,3,6,18,790
0,3,6,19,770
0,3,6,20,748
0,3,6,21,763
0,3,6,22,759
0,3,6,23,765
0,3,6,24,781
0,3,6,25,755
0,3,6,26,763
0,3,6,27,751
0,3,6,28,771
0,3,6,29,779
0,3,6,30,769
0,3,6,31,788
0,3,7,0,779
0,3,7,1,758
0,3,7,2,780
0,3,7,3,759
0,3,7,4,774
0,3,7,5,773
0,3,7,6,751
0,3,7,7,768
0,3,7,8,786
0,3,7,9,783
0,3,7,10,785
0,3,7,11,768
0,3,7,12,791
0,3,7,13,790
0,3,7,14,769
0,3,7,15,752
0,3,7,16,777
0,3,7,17,762
0,3,7,18,767
0,3,7,19,771
0,3,7,20,761
0,3,7,21,764
0,3,7,22,760
0,3,7,23,752
0,3,7,24,760
0,3,7,25,743
0,3,7,26,782
0,3,7,27,752
0,3,7,28,757
0,3,7,29,784
0,3,7,30,758
0,3,7,31,746
0,2,7,0,783
0,2,7,1,755
0,2,7,2,759
0,2,7,3,782
0,2,7,4,781
0,2,7,5,762
0,2,7,6,762
0,2,7,7,750
0,2,7,8,764
0,2,7,9,762
0,2,7,10,777
0,2,7,11,767
0,2,7,12,754
0,2,7,13,763
0,2,7,14,760
0,2,7,15,751
0,2,7,16,774
0,2,7,17,749
0,2,7,18,771
0,2,7,19,759
0,2,7,20,747
0,2,7,21,761
0,2,7,22,745
0,2,7,23,761
0,2,7,24,767
0,2,7,25,759
0,2,7,26,771
0,2,7,27,768
0,2,7,28,747
0,2,7,29,778
0,2,7,30,725
0,2,7,31,747
0,1,7,0,805
0,1,7,1,798
0,1,7,2,806
0,1,7,3,830
0,1,7,4,836
0,1,7,5,820
0,1,7,6,782
0,1,7,7,823
0,1,7,8,821
0,1,7,9,800
0,1,7,10,823
0,1,7,11,806
0,1,7,12,824
0,1,7,13,829
0,1,7,14,806
0,1,7,15,827
0,1,7,16,796
0,1,7,17,806
0,1,7,18,815
0,1,7,19,783
0,1,7,20,826
0,1,7,21,855
0,1,7,22,812
0,1,7,23,833
0,1,7,24,818
0,1,7,25,776
0,1,7,26,842
0,1,7,27,786
0,1,7,28,809
0,1,7,29,821
0,1,7,30,799
0,1,7,31,823
0,0,7,0,793
0,0,7,1,803
0,0,7,2,842
0,0,7,3,813
0,0,7,4,812
0,0,7,5,807
0,0,7,6,812
0,0,7,7,823
0,0,7,8,815
0,0,7,9,806
0,0,7,10,794
0,0,7,11,783
0,0,7,12,798
0,0,7,13,788
0,0,7,14,786
0,0,7,15,810
0,0,7,16,813
0,0,7,17,821
0,0,7,18,788
0,0,7,19,807
0,0,7,20,806
0,0,7,21,820
0,0,7,22,805
0,0,7,23,802
0,0,7,24,797
0,0,7,25,786
0,0,7,26,799
0,0,7,27,798
0,0,7,28,774
0,0,7,29,789
0,0,7,30,801
0,0,7,31,800
1,0,0,0,59248
1,0,0,1,58744
1,0,0,2,59615
1,0,0,3,59877
1,0,0,4,58775
1,0,0,5,58795
1,0,0,6,60026
1,0,0,7,58621
1,0,0,8,58559
1,0,0,9,59063
1,0,0,10,58603
1,0,0,11,59801
1,0,0,12,58955
1,0,0,13,58346
1,0,0,14,59123
1,0,0,15,59099
1,0,0,16,59107
1,0,0,17,58944
1,0,0,18,58772
1,0,0,19,58930
1,0,0,20,58624
1,0,0,21,59019
1,0,0,22,59273
1,0,0,23,58883
1,0,0,24,59322
1,0,0,25,58644
1,0,0,26,58912
1,0,0,27,59459
1,0,0,28,59015
1,0,0,29,59193
1,0,0,30,58570
1,0,0,31,58954
1,1,0,0,59677
1,1,0,1,59048
1,1,0,2,59315
1,1,0,3,59696
1,1,0,4,58969
1,1,0,5,59397
1,1,0,6,58693
1,1,0,7,59200
1,1,0,8,58519
1,1,0,9,59481
1,1,0,10,58720
1,1,0,11,58875
1,1,0,12,58786
1,1,0,13,58882
1,1,0,14,58445
1,1,0,15,59274
1,1,0,16,59599
1,1,0,17,58744
1,1,0,18,58975
1,1,0,19,58903
1,1,0,20,58910
1,1,0,21,58877
1,1,0,22,58831
1,1,0,23,58952
1,1,0,24,58569
1,1,0,25,58547
1,1,0,26,58543
1,1,0,27,58671
1,1,0,28,59057
1,1,0,29,58800
1,1,0,30,58099
1,1,0,31,58659
1,2,0,0,59279
1,2,0,1,58661
1,2,0,2,58595
1,2,0,3,58861
1,2,0,4,59081
1,2,0,5,59077
1,2,0,6,58318
1,2,0,7,58452
1,2,0,8,59205
1,2,0,9,58631
1,2,0,10,58942
1,2,0,11,58830
1,2,0,12,59036
1,2,0,13,58853
1,2,0,14,59092
1,2,0,15,58482
1,2,0,16,58812
1,2,0,17,58558
1,2,0,18,59178
1,2,0,19,58927
1,2,0,20,58186
1,2,0,21,58657
1,2,0,22,58718
1,2,0,23,58612
1,2,0,24,58699
1,2,0,25,58803
1,2,0,26,59002
1,2,0,27,58967
1,2,0,28,60059
1,2,0,29,58881
1,2,0,30,58605
1,2,0,31,58683
1,3,0,0,58505
1,3,0,1,59122
1,3,0,2,59057
1,3,0,3,58564
1,3,0,4,58917
1,3,0,5,59248
1,3,0,6,58763
1,3,0,7,58595
1,3,0,8,58735
1,3,0,9,58429
1,3,0,10,58715
1,3,0,11,58680
1,3,0,12,58460
1,3,0,13,58650
1,3,0,14,58649
1,3,0,15,58913
1,3,0,16,59265
1,3,0,17,58612
1,3,0,18,58830
1,3,0,19,58810
1,3,0,20,58541
1,3,0,21,60466
1,3,0,22,58307
1,3,0,23,59155
1,3,0,24,59016
1,3,0,25,59064
1,3,0,26,59068
1,3,0,27,58706
1,3,0,28,58605
1,3,0,29,58754
1,3,0,30,59039
1,3,0,31,58584
1,3,1,0,58750
1,3,1,1,58657
1,3,1,2,58587
1,3,1,3,58849
1,3,1,4,59001
1,3,1,5,58765
1,3,1,6,59185
1,3,1,7,58873
1,3,1,8,59042
1,3,1,9,58776
1,3,1,10,58408
1,3,1,11,59465
1,3,1,12,58733
1,3,1,13,58813
1,3,1,14,59578
1,3,1,15,58792
1,3,1,16,58696
1,3,1,17,59075
1,3,1,18,60241
1,3,1,19,58837
1,3,1,20,58970
1,3,1,21,59362
1,3,1,22,58546
1,3,1,23,59158
1,3,1,24,58883
1,3,1,25,58682
1,3,1,26,58940
1,3,1,27,58519
1,3,1,28,59010
1,3,1,29,58471
1,3,1,30,58925
1,3,1,31,58868
1,2,1,0,58924
1,2,1,1,58833
1,2,1,2,59651
1,2,1,3,58967
1,2,1,4,59023
1,2,1,5,58853
1,2,1,6,58663
1,2,1,7,58959
1,2,1,8,58580
1,2,1,9,59051
1,2,1,10,59330
1,2,1,11,58814
1,2,1,12,59066
1,2,1,13,58870
1,2,1,14,58949
1,2,1,15,58901
1,2,1,16,59353
1,2,1,17,59021
1,2,1,18,59226
1,2,1,19,59092
1,2,1,20,58573
1,2,1,21,58655
1,2,1,22,58722
1,2,1,23,59079
1,2,1,24,58574
1,2,1,25,59042
1,2,1,26,58784
1,2,1,27,58774
1,2,1,28,58742
1,2,1,29,58989
1,2,1,30,60562
1,2,1,31,58233
1,1,1,0,58752
1,1,1,1,58698
1,1,1,2,58792
1,1,1,3,59174
1,1,1,4,58649
1,1,1,5,58967
1,1,1,6,58642
1,1,1,7,58634
1,1,1,8,59122
1,1,1,9,58631
1,1,1,10,59092
1,1,1,11,59456
1,1,1,12,58823
1,1,1,13,59306
1,1,1,14,58642
1,1,1,15,58926
1,1,1,16,58817
1,1,1,17,58715
1,1,1,18,58764
1,1,1,19,58739
1,1,1,20,58951
1,1,1,21,58883
1,1,1,22,58962
1,1,1,23,58638
1,1,1,24,59072
1,1,1,25,58675
1,1,1,26,58979
1,1,1,27,58570
1,1,1,28,59235
1,1,1,29,59156
1,1,1,30,59126
1,1,1,31,59918
1,0,1,0,58837
1,0,1,1,59061
1,0,1,2,58763
1,0,1,3,59076
1,0,1,4,59112
1,0,1,5,58625
1,0,1,6,59497
1,0,1,7,58494
1,0,1,8,58850
1,0,1,9,58673
1,0,1,10,59151
1,0,1,11,58875
1,0,1,12,59753
1,0,1,13,59306
1,0,1,14,58592
1,0,1,15,58746
1,0,1,16,70034
1,0,1,17,59082
1,0,1,18,58988
1,0,1,19,58369
1,0,1,20,58750
1,0,1,21,58673
1,0,1,22,59930
1,0,1,23,58901
1,0,1,24,58530
1,0,1,25,58580
1,0,1,26,60018
1,0,1,27,58710
1,0,1,28,59573
1,0,1,29,58745
1,0,1,30,59012
1,0,1,31,58572
1,0,2,0,58822
1,0,2,1,58747
1,0,2,2,58678
1,0,2,3,59226
1,0,2,4,59963
1,0,2,5,58607
1,0,2,6,58302
1,0,2,7,59103
1,0,2,8,69591
1,0,2,9,58882
1,0,2,10,58750
1,0,2,11,58782
1,0,2,12,59150
1,0,2,13,58898
1,0,2,14,58856
1,0,2,15,59341
1,0,2,16,58689
1,0,2,17,58934
1,0,2,18,58865
1,0,2,19,59054
1,0,2,20,58817
1,0,2,21,59048
1,0,2,22,59705
1,0,2,23,59050
1,0,2,24,58315
1,0,2,25,58771
1,0,2,26,58789
1,0,2,27,58893
1,0,2,28,58966
1,0,2,29,58702
1,0,2,30,58393
1,0,2,31,59617
1,1,2,0,58841
1,1,2,1,69704
1,1,2,2,58763
1,1,2,3,59156
1,1,2,4,59083
1,1,2,5,59013
1,1,2,6,58339
1,1,2,7,58862
1,1,2,8,58571
1,1,2,9,59203
1,1,2,10,59751
1,1,2,11,58440
1,1,2,12,58381
1,1,2,13,59208
1,1,2,14,58823
1,1,2,15,58607
1,1,2,16,58948
1,1,2,17,58612
1,1,2,18,58763
1,1,2,19,58672
1,1,2,20,58892
1,1,2,21,59054
1,1,2,22,59610
1,1,2,23,59387
1,1,2,24,58574
1,1,2,25,59229
1,1,2,26,59154
1,1,2,27,58881
1,1,2,28,58793
1,1,2,29,58679
1,1,2,30,58410
1,1,2,31,58652
1,2,2,0,58581
1,2,2,1,58631
1,2,2,2,58573
1,2,2,3,58647
1,2,2,4,59226
1,2,2,5,59035
1,2,2,6,58522
1,2,2,7,58840
1,2,2,8,59011
1,2,2,9,59075
1,2,2,10,59357
1,2,2,11,58947
1,2,2,12,58619
1,2,2,13,58957
1,2,2,14,59998
1,2,2,15,58547
1,2,2,16,58695
1,2,2,17,59172
1,2,2,18,58654
1,2,2,19,58228
1,2,2,20,58582
1,2,2,21,58506
1,2,2,22,58894
1,2,2,23,59124
1,2,2,24,59147
1,2,2,25,58872
1,2,2,26,58618
1,2,2,27,58523
1,2,2,28,58739
1,2,2,29,58762
1,2,2,30,59542
1,2,2,31,58486
1,3,2,0,58855
1,3,2,1,59719
1,3,2,2,58798
1,3,2,3,58670
1,3,2,4,58710
1,3,2,5,59302
1,3,2,6,59513
1,3,2,7,59358
1,3,2,8,59295
1,3,2,9,58505
1,3,2,10,58983
1,3,2,11,58831
1,3,2,12,59363
1,3,2,13,58721
1,3,2,14,59068
1,3,2,15,59036
1,3,2,16,59747
1,3,2,17,58599
1,3,2,18,58720
1,3,2,19,59162
1,3,2,20,59226
1,3,2,21,59075
1,3,2,22,59399
1,3,2,23,59400
1,3,2,24,58812
1,3,2,25,58703
1,3,2,26,58731
1,3,2,27,58858
1,3,2,28,59187
1,3,2,29,59038
1,3,2,30,59239
1,3,2,31,58937
1,3,3,0,59566
1,3,3,1,58510
1,3,3,2,59134
1,3,3,3,58983
1,3,3,4,59099
1,3,3,5,58811
1,3,3,6,58806
1,3,3,7,59188
1,3,3,8,59031
1,3,3,9,58505
1,3,3,10,58775
1,3,3,11,58680
1,3,3,12,58403
1,3,3,13,59036
1,3,3,14,58646
1,3,3,15,59547
1,3,3,16,58671
1,3,3,17,58415
1,3,3,18,58742
1,3,3,19,58890
1,3,3,20,58573
1,3,3,21,58795
1,3,3,22,59206
1,3,3,23,58496
1,3,3,24,58507
1,3,3,25,59698
1,3,3,26,58922
1,3,3,27,59158
1,3,3,28,58792
1,3,3,29,58582
1,3,3,30,59242
1,3,3,31,58427
1,2,3,0,58930
1,2,3,1,58833
1,2,3,2,58445
1,2,3,3,58560
1,2,3,4,58331
1,2,3,5,58463
1,2,3,6,58948
1,2,3,7,58710
1,2,3,8,58878
1,2,3,9,58605
1,2,3,10,59392
1,2,3,11,58550
1,2,3,12,59184
1,2,3,13,58378
1,2,3,14,58526
1,2,3,15,58763
1,2,3,16,59342
1,2,3,17,59286
1,2,3,18,58528
1,2,3,19,59680
1,2,3,20,58732
1,2,3,21,58986
1,2,3,22,58502
1,2,3,23,58459
1,2,3,24,58995
1,2,3,25,58540
1,2,3,26,58494
1,2,3,27,59658
1,2,3,28,58777
1,2,3,29,59356
1,2,3,30,58994
1,2,3,31,59216
1,1,3,0,59057
1,1,3,1,58665
1,1,3,2,58853
1,1,3,3,59209
1,1,3,4,58668
1,1,3,5,58914
1,1,3,6,58981
1,1,3,7,59644
1,1,3,8,59458
1,1,3,9,59937
1,1,3,10,58723
1,1,3,11,59394
1,1,3,12,58994
1,1,3,13,58529
1,1,3,14,59268
1,1,3,15,59462
1,1,3,16,59953
1,1,3,17,59121
1,1,3,18,58639
1,1,3,19,59633
1,1,3,20,59370
1,1,3,21,58623
1,1,3,22,58797
1,1,3,23,59753
1,1,3,24,59164
1,1,3,25,59020
1,1,3,26,58957
1,1,3,27,58752
1,1,3,28,58410
1,1,3,29,58695
1,1,3,30,58740
1,1,3,31,58718
1,0,3,0,59856
1,0,3,1,58781
1,0,3,2,58756
1,0,3,3,59956
1,0,3,4,58773
1,0,3,5,59363
1,0,3,6,59404
1,0,3,7,58842
1,0,3,8,58700
1,0,3,9,58705
1,0,3,10,58521
1,0,3,11,58845
1,0,3,12,58751
1,0,3,13,58696
1,0,3,14,58857
1,0,3,15,58466
1,0,3,16,58655
1,0,3,17,58670
1,0,3,18,58886
1,0,3,19,59019
1,0,3,20,59425
1,0,3,21,58844
1,0,3,22,58745
1,0,3,23,59070
1,0,3,24,58564
1,0,3,25,58728
1,0,3,26,58698
1,0,3,27,59274
1,0,3,28,59088
1,0,3,29,58496
1,0,3,30,58484
1,0,3,31,59228
1,0,4,0,58441
1,0,4,1,58886
1,0,4,2,58920
1,0,4,3,58924
1,0,4,4,58956
1,0,4,5,58583
1,0,4,6,58239
1,0,4,7,58975
1,0,4,8,58739
1,0,4,9,58765
1,0,4,10,58466
1,0,4,11,58848
1,0,4,12,58893
1,0,4,13,58867
1,0,4,14,58886
1,0,4,15,58978
1,0,4,16,60031
1,0,4,17,58959
1,0,4,18,58918
1,0,4,19,59225
1,0,4,20,58622
1,0,4,21,59149
1,0,4,22,59335
1,0,4,23,58621
1,0,4,24,58822
1,0,4,25,59177
1,0,4,26,58313
1,0,4,27,58516
1,0,4,28,59129
1,0,4,29,58783
1,0,4,30,59080
1,0,4,31,59027
1,1,4,0,60173
1,1,4,1,59722
1,1,4,2,59209
1,1,4,3,59642
1,1,4,4,58837
1,1,4,5,58674
1,1,4,6,59254
1,1,4,7,58350
1,1,4,8,59712
1,1,4,9,58532
1,1,4,10,58772
1,1,4,11,58720
1,1,4,12,58766
1,1,4,13,58770
1,1,4,14,58390
1,1,4,15,58378
1,1,4,16,59286
1,1,4,17,58627
1,1,4,18,59757
1,1,4,19,59642
1,1,4,20,59380
1,1,4,21,58661
1,1,4,22,58364
1,1,4,23,58593
1,1,4,24,58671
1,1,4,25,58975
1,1,4,26,58738
1,1,4,27,58728
1,1,4,28,58956
1,1,4,29,58426
1,1,4,30,58341
1,1,4,31,59002
1,2,4,0,58956
1,2,4,1,59455
1,2,4,2,59800
1,2,4,3,59087
1,2,4,4,58788
1,2,4,5,59083
1,2,4,6,58436
1,2,4,7,59008
1,2,4,8,58763
1,2,4,9,58646
1,2,4,10,58873
1,2,4,11,59067
1,2,4,12,58916
1,2,4,13,58415
1,2,4,14,58789
1,2,4,15,58538
1,2,4,16,58684
1,2,4,17,58847
1,2,4,18,58655
1,2,4,19,58829
1,2,4,20,58949
1,2,4,21,59029
1,2,4,22,59377
1,2,4,23,58775
1,2,4,24,59114
1,2,4,25,58587
1,2,4,26,58221
1,2,4,27,59279
1,2,4,28,58748
1,2,4,29,59650
1,2,4,30,58817
1,2,4,31,58737
1,3,4,0,59357
1,3,4,1,58681
1,3,4,2,58902
1,3,4,3,58952
1,3,4,4,59878
1,3,4,5,58953
1,3,4,6,58858
1,3,4,7,58949
1,3,4,8,69241
1,3,4,9,59011
1,3,4,10,59530
1,3,4,11,58588
1,3,4,12,59318
1,3,4,13,59167
1,3,4,14,59792
1,3,4,15,59487
1,3,4,16,60196
1,3,4,17,58484
1,3,4,18,58994
1,3,4,19,58922
1,3,4,20,58694
1,3,4,21,59516
1,3,4,22,58880
1,3,4,23,58602
1,3,4,24,59716
1,3,4,25,58788
1,3,4,26,58934
1,3,4,27,58984
1,3,4,28,58640
1,3,4,29,58649
1,3,4,30,58582
1,3,4,31,59140
1,3,5,0,69394
1,3,5,1,59042
1,3,5,2,58652
1,3,5,3,58788
1,3,5,4,58325
1,3,5,5,58929
1,3,5,6,59312
1,3,5,7,59005
1,3,5,8,59416
1,3,5,9,58813
1,3,5,10,58118
1,3,5,11,58786
1,3,5,12,59266
1,3,5,13,58557
1,3,5,14,59095
1,3,5,15,58638
1,3,5,16,58672
1,3,5,17,58382
1,3,5,18,59219
1,3,5,19,59270
1,3,5,20,59342
1,3,5,21,58447
1,3,5,22,59148
1,3,5,23,58623
1,3,5,24,58838
1,3,5,25,58895
1,3,5,26,58476
1,3,5,27,58609
1,3,5,28,58758
1,3,5,29,58392
1,3,5,30,58484
1,3,5,31,58693
1,2,5,0,58227
1,2,5,1,58611
1,2,5,2,59187
1,2,5,3,58749
1,2,5,4,59294
1,2,5,5,58949
1,2,5,6,58724
1,2,5,7,58741
1,2,5,8,59171
1,2,5,9,58743
1,2,5,10,59145
1,2,5,11,59150
1,2,5,12,59480
1,2,5,13,58284
1,2,5,14,58931
1,2,5,15,59121
1,2,5,16,58453
1,2,5,17,59433
1,2,5,18,58688
1,2,5,19,58735
1,2,5,20,59372
1,2,5,21,69886
1,2,5,22,58306
1,2,5,23,58631
1,2,5,24,59138
1,2,5,25,59034
1,2,5,26,59113
1,2,5,27,58940
1,2,5,28,59254
1,2,5,29,58976
1,2,5,30,58809
1,2,5,31,59172
1,1,5,0,58853
1,1,5,1,58685
1,1,5,2,62525
1,1,5,3,58643
1,1,5,4,58524
1,1,5,5,59092
1,1,5,6,59079
1,1,5,7,58939
1,1,5,8,58847
1,1,5,9,59137
1,1,5,10,58610
1,1,5,11,59441
1,1,5,12,58372
1,1,5,13,59050
1,1,5,14,58850
1,1,5,15,58558
1,1,5,16,59275
1,1,5,17,58872
1,1,5,18,58238
1,1,5,19,58828
1,1,5,20,58886
1,1,5,21,58725
1,1,5,22,58524
1,1,5,23,59341
1,1,5,24,58868
1,1,5,25,59107
1,1,5,26,59344
1,1,5,27,58982
1,1,5,28,58764
1,1,5,29,59004
1,1,5,30,59089
1,1,5,31,58357
1,0,5,0,59715
1,0,5,1,58710
1,0,5,2,58949
1,0,5,3,58509
1,0,5,4,59559
1,0,5,5,58710
1,0,5,6,59861
1,0,5,7,58746
1,0,5,8,60106
1,0,5,9,59152
1,0,5,10,58701
1,0,5,11,59249
1,0,5,12,59158
1,0,5,13,59005
1,0,5,14,58581
1,0,5,15,59368
1,0,5,16,58695
1,0,5,17,58520
1,0,5,18,58979
1,0,5,19,59060
1,0,5,20,58991
1,0,5,21,59001
1,0,5,22,62139
1,0,5,23,58354
1,0,5,24,58741
1,0,5,25,58573
1,0,5,26,58271
1,0,5,27,58802
1,0,5,28,58795
1,0,5,29,59040
1,0,5,30,58498
1,0,5,31,58897
1,0,6,0,58610
1,0,6,1,59241
1,0,6,2,59241
1,0,6,3,58539
1,0,6,4,58655
1,0,6,5,59318
1,0,6,6,59973
1,0,6,7,59311
1,0,6,8,59208
1,0,6,9,58958
1,0,6,10,60336
1,0,6,11,59067
1,0,6,12,58423
1,0,6,13,58512
1,0,6,14,59490
1,0,6,15,58846
1,0,6,16,58971
1,0,6,17,59941
1,0,6,18,58740
1,0,6,19,59061
1,0,6,20,59059
1,0,6,21,58961
1,0,6,22,59107
1,0,6,23,58520
1,0,6,24,58973
1,0,6,25,58421
1,0,6,26,58645
1,0,6,27,58707
1,0,6,28,58896
1,0,6,29,58866
1,0,6,30,58449
1,0,6,31,58797
1,1,6,0,58813
1,1,6,1,58811
1,1,6,2,58951
1,1,6,3,59624
1,1,6,4,58548
1,1,6,5,58747
1,1,6,6,59131
1,1,6,7,58533
1,1,6,8,59170
1,1,6,9,58958
1,1,6,10,58667
1,1,6,11,58394
1,1,6,12,59226
1,1,6,13,59075
1,1,6,14,58647
1,1,6,15,58869
1,1,6,16,58874
1,1,6,17,58218
1,1,6,18,58842
1,1,6,19,58994
1,1,6,20,59129
1,1,6,21,62072
1,1,6,22,58341
1,1,6,23,58706
1,1,6,24,58940
1,1,6,25,58723
1,1,6,26,58587
1,1,6,27,59129
1,1,6,28,59237
1,1,6,29,59043
1,1,6,30,59214
1,1,6,31,59074
1,2,6,0,59137
1,2,6,1,58951
1,2,6,2,59058
1,2,6,3,58886
1,2,6,4,58551
1,2,6,5,58913
1,2,6,6,58965
1,2,6,7,58819
1,2,6,8,58488
1,2,6,9,59063
1,2,6,10,69526
1,2,6,11,58760
1,2,6,12,58831
1,2,6,13,59161
1,2,6,14,58401
1,2,6,15,58775
1,2,6,16,59578
1,2,6,17,59133
1,2,6,18,59053
1,2,6,19,58606
1,2,6,20,58913
1,2,6,21,58821
1,2,6,22,58488
1,2,6,23,59002
1,2,6,24,59308
1,2,6,25,59042
1,2,6,26,58768
1,2,6,27,58876
1,2,6,28,59152
1,2,6,29,59247
1,2,6,30,59168
1,2,6,31,58157
1,3,6,0,58483
1,3,6,1,59153
1,3,6,2,58900
1,3,6,3,59099
1,3,6,4,59185
1,3,6,5,59311
1,3,6,6,58839
1,3,6,7,58963
1,3,6,8,58648
1,3,6,9,58669
1,3,6,10,58436
1,3,6,11,59493
1,3,6,12,58874
1,3,6,13,58623
1,3,6,14,58596
1,3,6,15,58897
1,3,6,16,58887
1,3,6,17,58612
1,3,6,18,58407
1,3,6,19,59397
1,3,6,20,59268
1,3,6,21,59122
1,3,6,22,58746
1,3,6,23,58743
1,3,6,24,59008
1,3,6,25,58795
1,3,6,26,59050
1,3,6,27,59049
1,3,6,28,59177
1,3,6,29,58832
1,3,6,30,58639
1,3,6,31,58929
1,3,7,0,58861
1,3,7,1,59574
1,3,7,2,59060
1,3,7,3,59359
1,3,7,4,58921
1,3,7,5,59059
1,3,7,6,58971
1,3,7,7,59391
1,3,7,8,58444
1,3,7,9,58442
1,3,7,10,58840
1,3,7,11,58219
1,3,7,12,58436
1,3,7,13,59430
1,3,7,14,59822
1,3,7,15,59026
1,3,7,16,59427
1,3,7,17,58754
1,3,7,18,59359
1,3,7,19,58565
1,3,7,20,58602
1,3,7,21,59376
1,3,7,22,59138
1,3,7,23,58464
1,3,7,24,58510
1,3,7,25,58778
1,3,7,26,59098
1,3,7,27,58728
1,3,7,28,58079
1,3,7,29,59022
1,3,7,30,58296
1,3,7,31,59833
1,2,7,0,58633
1,2,7,1,59151
1,2,7,2,58407
1,2,7,3,58930
1,2,7,4,58662
1,2,7,5,59803
1,2,7,6,59125
1,2,7,7,58595
1,2,7,8,59286
1,2,7,9,59034
1,2,7,10,58910
1,2,7,11,58519
1,2,7,12,58728
1,2,7,13,58904
1,2,7,14,58677
1,2,7,15,58735
1,2,7,16,59147
1,2,7,17,59374
1,2,7,18,59359
1,2,7,19,58438
1,2,7,20,58387
1,2,7,21,58471
1,2,7,22,59109
1,2,7,23,58658
1,2,7,24,59290
1,2,7,25,59014
1,2,7,26,58635
1,2,7,27,58653
1,2,7,28,58982
1,2,7,29,58370
1,2,7,30,59137
1,2,7,31,58537
1,1,7,0,58960
1,1,7,1,58634
1,1,7,2,59401
1,1,7,3,58251
1,1,7,4,59017
1,1,7,5,59151
1,1,7,6,59529
1,1,7,7,60059
1,1,7,8,59219
1,1,7,9,59204
1,1,7,10,59272
1,1,7,11,59705
1,1,7,12,58497
1,1,7,13,59107
1,1,7,14,58558
1,1,7,15,58872
1,1,7,16,59887
1,1,7,17,58804
1,1,7,18,58219
1,1,7,19,59115
1,1,7,20,59105
1,1,7,21,59268
1,1,7,22,58857
1,1,7,23,59317
1,1,7,24,58459
1,1,7,25,58574
1,1,7,26,58830
1,1,7,27,58877
1,1,7,28,58404
1,1,7,29,58480
1,1,7,30,58940
1,1,7,31,58460
1,0,7,0,59207
1,0,7,1,60025
1,0,7,2,59067
1,0,7,3,58802
1,0,7,4,58716
1,0,7,5,59443
1,0,7,6,59306
1,0,7,7,58911
1,0,7,8,59183
1,0,7,9,59008
1,0,7,10,58886
1,0,7,11,59405
1,0,7,12,59434
1,0,7,13,58906
1,0,7,14,59222
1,0,7,15,58971
1,0,7,16,58648
1,0,7,17,59010
1,0,7,18,58371
1,0,7,19,58390
1,0,7,20,58865
1,0,7,21,58218
1,0,7,22,58628
1,0,7,23,59119
1,0,7,24,58308
1,0,7,25,59298
1,0,7,26,59658
1,0,7,27,58347
1,0,7,28,59029
1,0,7,29,58823
1,0,7,30,59138
1,0,7,31,58692
2,0,0,0,28524
2,0,0,1,28346
2,0,0,2,28140
2,0,0,3,27918
2,0,0,4,28032
2,0,0,5,28044
2,0,0,6,28582
2,0,0,7,28484
2,0,0,8,28370
2,0,0,9,28110
2,0,0,10,28449
2,0,0,11,28228
2,0,0,12,28254
2,0,0,13,28550
2,0,0,14,28671
2,0,0,15,28378
2,0,0,16,27922
2,0,0,17,28240
2,0,0,18,28149
2,0,0,19,28205
2,0,0,20,28191
2,0,0,21,28185
2,0,0,22,27864
2,0,0,23,27954
2,0,0,24,28315
2,0,0,25,28275
2,0,0,26,28192
2,0,0,27,28208
2,0,0,28,31518
2,0,0,29,27988
2,0,0,30,27887
2,0,0,31,28357
2,1,0,0,28442
2,1,0,1,28039
2,1,0,2,28429
2,1,0,3,27939
2,1,0,4,28158
2,1,0,5,28050
2,1,0,6,28126
2,1,0,7,28512
2,1,0,8,28283
2,1,0,9,28499
2,1,0,10,28376
2,1,0,11,28159
2,1,0,12,28454
2,1,0,13,28483
2,1,0,14,28425
2,1,0,15,28389
2,1,0,16,28362
2,1,0,17,28061
2,1,0,18,28753
2,1,0,19,28406
2,1,0,20,28339
2,1,0,21,28388
2,1,0,22,28428
2,1,0,23,28171
2,1,0,24,28127
2,1,0,25,28171
2,1,0,26,27959
2,1,0,27,27985
2,1,0,28,28404
2,1,0,29,28215
2,1,0,30,28101
2,1,0,31,28414
2,2,0,0,28146
2,2,0,1,27820
2,2,0,2,27860
2,2,0,3,28395
2,2,0,4,28395
2,2,0,5,27787
2,2,0,6,27883
2,2,0,7,27887
2,2,0,8,28084
2,2,0,9,28445
2,2,0,10,27872
2,2,0,11,27820
2,2,0,12,27921
2,2,0,13,28363
2,2,0,14,28404
2,2,0,15,28427
2,2,0,16,28242
2,2,0,17,28382
2,2,0,18,28326
2,2,0,19,28003
2,2,0,20,27850
2,2,0,21,27859
2,2,0,22,27812
2,2,0,23,27964
2,2,0,24,27863
2,2,0,25,27748
2,2,0,26,28404
2,2,0,27,28387
2,2,0,28,28346
2,2,0,29,28456
2,2,0,30,28395
2,2,0,31,28405
2,3,0,0,28432
2,3,0,1,28181
2,3,0,2,27969
2,3,0,3,28165
2,3,0,4,28339
2,3,0,5,28507
2,3,0,6,27860
2,3,0,7,28352
2,3,0,8,28335
2,3,0,9,28406
2,3,0,10,28357
2,3,0,11,28434
2,3,0,12,28570
2,3,0,13,28177
2,3,0,14,28332
2,3,0,15,28033
2,3,0,16,28332
2,3,0,17,28332
2,3,0,18,28392
2,3,0,19,28056
2,3,0,20,28375
2,3,0,21,28408
2,3,0,22,28320
2,3,0,23,28014
2,3,0,24,28410
2,3,0,25,28395
2,3,0,26,28348
2,3,0,27,28413
2,3,0,28,28346
2,3,0,29,28316
2,3,0,30,28301
2,3,0,31,28465
2,3,1,0,27775
2,3,1,1,27809
2,3,1,2,27812
2,3,1,3,27968
2,3,1,4,27871
2,3,1,5,28306
2,3,1,6,28384
2,3,1,7,28428
2,3,1,8,27871
2,3,1,9,28289
2,3,1,10,28234
2,3,1,11,28375
2,3,1,12,28331
2,3,1,13,28365
2,3,1,14,28473
2,3,1,15,28427
2,3,1,16,28385
2,3,1,17,28422
2,3,1,18,27966
2,3,1,19,28510
2,3,1,20,28403
2,3,1,21,31678
2,3,1,22,28370
2,3,1,23,28407
2,3,1,24,28135
2,3,1,25,27876
2,3,1,26,28088
2,3,1,27,28284
2,3,1,28,28483
2,3,1,29,28352
2,3,1,30,28411
2,3,1,31,28337
2,2,1,0,28350
2,2,1,1,27909
2,2,1,2,27929
2,2,1,3,28346
2,2,1,4,27860
2,2,1,5,28399
2,2,1,6,28489
2,2,1,7,28003
2,2,1,8,27943
2,2,1,9,27751
2,2,1,10,28391
2,2,1,11,28438
2,2,1,12,28165
2,2,1,13,28492
2,2,1,14,28416
2,2,1,15,27880
2,2,1,16,27966
2,2,1,17,27994
2,2,1,18,28045
2,2,1,19,27894
2,2,1,20,28410
2,2,1,21,28368
2,2,1,22,28323
2,2,1,23,27886
2,2,1,24,28032
2,2,1,25,28279
2,2,1,26,28269
2,2,1,27,27902
2,2,1,28,28024
2,2,1,29,28299
2,2,1,30,28285
2,2,1,31,28392
2,1,1,0,28329
2,1,1,1,28323
2,1,1,2,28392
2,1,1,3,28077
2,1,1,4,27833
2,1,1,5,28241
2,1,1,6,28455
2,1,1,7,28325
2,1,1,8,28343
2,1,1,9,28396
2,1,1,10,28305
2,1,1,11,28263
2,1,1,12,28358
2,1,1,13,28386
2,1,1,14,27989
2,1,1,15,28357
2,1,1,16,28335
2,1,1,17,28475
2,1,1,18,28238
2,1,1,19,28440
2,1,1,20,28445
2,1,1,21,28328
2,1,1,22,28491
2,1,1,23,28337
2,1,1,24,28196
2,1,1,25,28388
2,1,1,26,28456
2,1,1,27,28385
2,1,1,28,28409
2,1,1,29,28438
2,1,1,30,28443
2,1,1,31,28421
2,0,1,0,28498
2,0,1,1,28313
2,0,1,2,28385
2,0,1,3,28309
2,0,1,4,28217
2,0,1,5,28304
2,0,1,6,28322
2,0,1,7,27884
2,0,1,8,27944
2,0,1,9,28210
2,0,1,10,28425
2,0,1,11,28215
2,0,1,12,28411
2,0,1,13,28229
2,0,1,14,28283
2,0,1,15,28118
2,0,1,16,28228
2,0,1,17,28096
2,0,1,18,28225
2,0,1,19,28421
2,0,1,20,28128
2,0,1,21,28399
2,0,1,22,28251
2,0,1,23,28138
2,0,1,24,28195
2,0,1,25,28066
2,0,1,26,28058
2,0,1,27,28209
2,0,1,28,28237
2,0,1,29,28423
2,0,1,30,28459
2,0,1,31,28409
2,0,2,0,28405
2,0,2,1,28070
2,0,2,2,28209
2,0,2,3,28445
2,0,2,4,28428
2,0,2,5,28351
2,0,2,6,28159
2,0,2,7,28180
2,0,2,8,28035
2,0,2,9,28225
2,0,2,10,28162
2,0,2,11,28030
2,0,2,12,28349
2,0,2,13,28301
2,0,2,14,31466
2,0,2,15,28391
2,0,2,16,28487
2,0,2,17,28444
2,0,2,18,28052
2,0,2,19,28436
2,0,2,20,28448
2,0,2,21,28253
2,0,2,22,28370
2,0,2,23,28378
2,0,2,24,28481
2,0,2,25,28247
2,0,2,26,28444
2,0,2,27,28264
2,0,2,28,28343
2,0,2,29,28685
2,0,2,30,28392
2,0,2,31,28425
2,1,2,0,28412
2,1,2,1,27929
2,1,2,2,27975
2,1,2,3,27949
2,1,2,4,28078
2,1,2,5,28460
2,1,2,6,28396
2,1,2,7,28454
2,1,2,8,28345
2,1,2,9,27968
2,1,2,10,28515
2,1,2,11,28403
2,1,2,12,28371
2,1,2,13,28272
2,1,2,14,27836
2,1,2,15,28260
2,1,2,16,28277
2,1,2,17,28376
2,1,2,18,28111
2,1,2,19,27972
2,1,2,20,27896
2,1,2,21,28336
2,1,2,22,28470
2,1,2,23,28456
2,1,2,24,28388
2,1,2,25,27876
2,1,2,26,27846
2,1,2,27,28382
2,1,2,28,28435
2,1,2,29,28426
2,1,2,30,28217
2,1,2,31,27916
2,2,2,0,28285
2,2,2,1,28027
2,2,2,2,28052
2,2,2,3,28284
2,2,2,4,28391
2,2,2,5,28198
2,2,2,6,27882
2,2,2,7,28137
2,2,2,8,27877
2,2,2,9,28042
2,2,2,10,27857
2,2,2,11,28324
2,2,2,12,27902
2,2,2,13,28482
2,2,2,14,28442
2,2,2,15,28351
2,2,2,16,28331
2,2,2,17,28205
2,2,2,18,27917
2,2,2,19,27924
2,2,2,20,28366
2,2,2,21,28370
2,2,2,22,28329
2,2,2,23,28787
2,2,2,24,28355
2,2,2,25,28358
2,2,2,26,27912
2,2,2,27,28449
2,2,2,28,27897
2,2,2,29,28369
2,2,2,30,39349
2,2,2,31,28342
2,3,2,0,28275
2,3,2,1,28434
2,3,2,2,28069
2,3,2,3,28409
2,3,2,4,28345
2,3,2,5,28412
2,3,2,6,27963
2,3,2,7,31588
2,3,2,8,28358
2,3,2,9,28105
2,3,2,10,27847
2,3,2,11,27923
2,3,2,12,28341
2,3,2,13,28478
2,3,2,14,28057
2,3,2,15,28419
2,3,2,16,28228
2,3,2,17,28335
2,3,2,18,27983
2,3,2,19,28359
2,3,2,20,28311
2,3,2,21,28410
2,3,2,22,28368
2,3,2,23,28415
2,3,2,24,28288
2,3,2,25,28035
2,3,2,26,28086
2,3,2,27,28026
2,3,2,28,28340
2,3,2,29,28307
2,3,2,30,28428
2,3,2,31,28398
2,3,3,0,28373
2,3,3,1,27867
2,3,3,2,28273
2,3,3,3,28057
2,3,3,4,27852
2,3,3,5,28437
2,3,3,6,28427
2,3,3,7,28224
2,3,3,8,28080
2,3,3,9,28322
2,3,3,10,28024
2,3,3,11,28350
2,3,3,12,28372
2,3,3,13,28426
2,3,3,14,28355
2,3,3,15,28165
2,3,3,16,28349
2,3,3,17,28379
2,3,3,18,27930
2,3,3,19,28010
2,3,3,20,27942
2,3,3,21,28342
2,3,3,22,28223
2,3,3,23,28309
2,3,3,24,27925
2,3,3,25,28518
2,3,3,26,28220
2,3,3,27,28392
2,3,3,28,27904
2,3,3,29,28294
2,3,3,30,28364
2,3,3,31,28360
2,2,3,0,28273
2,2,3,1,28243
2,2,3,2,27972
2,2,3,3,28135
2,2,3,4,28161
2,2,3,5,28063
2,2,3,6,27813
2,2,3,7,27934
2,2,3,8,28276
2,2,3,9,28373
2,2,3,10,27782
2,2,3,11,27937
2,2,3,12,27846
2,2,3,13,28300
2,2,3,14,28371
2,2,3,15,28481
2,2,3,16,28394
2,2,3,17,28381
2,2,3,18,27992
2,2,3,19,28325
2,2,3,20,28425
2,2,3,21,28368
2,2,3,22,27834
2,2,3,23,27867
2,2,3,24,27795
2,2,3,25,28035
2,2,3,26,27862
2,2,3,27,28290
2,2,3,28,27852
2,2,3,29,28393
2,2,3,30,28184
2,2,3,31,28350
2,1,3,0,28361
2,1,3,1,28355
2,1,3,2,28323
2,1,3,3,28500
2,1,3,4,27951
2,1,3,5,28203
2,1,3,6,28461
2,1,3,7,28334
2,1,3,8,28428
2,1,3,9,28411
2,1,3,10,28396
2,1,3,11,28386
2,1,3,12,28367
2,1,3,13,28387
2,1,3,14,28335
2,1,3,15,28304
2,1,3,16,28351
2,1,3,17,28016
2,1,3,18,28363
2,1,3,19,28414
2,1,3,20,28398
2,1,3,21,28329
2,1,3,22,28411
2,1,3,23,28258
2,1,3,24,27953
2,1,3,25,28251
2,1,3,26,28455
2,1,3,27,28357
2,1,3,28,28369
2,1,3,29,28376
2,1,3,30,28460
2,1,3,31,28456
2,0,3,0,28314
2,0,3,1,28192
2,0,3,2,28286
2,0,3,3,27922
2,0,3,4,27911
2,0,3,5,28359
2,0,3,6,28230
2,0,3,7,28516
2,0,3,8,28489
2,0,3,9,28173
2,0,3,10,28428
2,0,3,11,28435
2,0,3,12,28344
2,0,3,13,28304
2,0,3,14,28423
2,0,3,15,28304
2,0,3,16,28348
2,0,3,17,28348
2,0,3,18,28178
2,0,3,19,28418
2,0,3,20,28421
2,0,3,21,28367
2,0,3,22,28247
2,0,3,23,28557
2,0,3,24,28394
2,0,3,25,27946
2,0,3,26,28395
2,0,3,27,28169
2,0,3,28,28351
2,0,3,29,28148
2,0,3,30,28392
2,0,3,31,28431
2,0,4,0,28017
2,0,4,1,28150
2,0,4,2,28121
2,0,4,3,28281
2,0,4,4,28331
2,0,4,5,28615
2,0,4,6,28420
2,0,4,7,28176
2,0,4,8,27955
2,0,4,9,28179
2,0,4,10,28213
2,0,4,11,28417
2,0,4,12,28340
2,0,4,13,28309
2,0,4,14,28433
2,0,4,15,28439
2,0,4,16,28378
2,0,4,17,28426
2,0,4,18,28491
2,0,4,19,28325
2,0,4,20,28469
2,0,4,21,28416
2,0,4,22,28137
2,0,4,23,28102
2,0,4,24,28208
2,0,4,25,28153
2,0,4,26,28230
2,0,4,27,28442
2,0,4,28,28399
2,0,4,29,28407
2,0,4,30,28405
2,0,4,31,28263
2,1,4,0,28069
2,1,4,1,28469
2,1,4,2,28243
2,1,4,3,28372
2,1,4,4,28410
2,1,4,5,28178
2,1,4,6,27973
2,1,4,7,28178
2,1,4,8,27866
2,1,4,9,28027
2,1,4,10,28332
2,1,4,11,28039
2,1,4,12,28477
2,1,4,13,28298
2,1,4,14,28451
2,1,4,15,28323
2,1,4,16,28475
2,1,4,17,28371
2,1,4,18,27945
2,1,4,19,28373
2,1,4,20,28335
2,1,4,21,28015
2,1,4,22,28474
2,1,4,23,28390
2,1,4,24,28422
2,1,4,25,28088
2,1,4,26,28386
2,1,4,27,28323
2,1,4,28,28440
2,1,4,29,28458
2,1,4,30,31620
2,1,4,31,28345
2,2,4,0,28300
2,2,4,1,28393
2,2,4,2,28160
2,2,4,3,28387
2,2,4,4,28364
2,2,4,5,28306
2,2,4,6,28399
2,2,4,7,28396
2,2,4,8,28381
2,2,4,9,27882
2,2,4,10,28357
2,2,4,11,28346
2,2,4,12,27824
2,2,4,13,28197
2,2,4,14,27889
2,2,4,15,28391
2,2,4,16,28354
2,2,4,17,28366
2,2,4,18,28342
2,2,4,19,27757
2,2,4,20,27798
2,2,4,21,28374
2,2,4,22,28459
2,2,4,23,28292
2,2,4,24,28339
2,2,4,25,28350
2,2,4,26,27963
2,2,4,27,28419
2,2,4,28,27949
2,2,4,29,28341
2,2,4,30,28033
2,2,4,31,28341
2,3,4,0,28318
2,3,4,1,28332
2,3,4,2,28004
2,3,4,3,28365
2,3,4,4,27930
2,3,4,5,28339
2,3,4,6,28373
2,3,4,7,28072
2,3,4,8,27990
2,3,4,9,28328
2,3,4,10,28361
2,3,4,11,28417
2,3,4,12,27966
2,3,4,13,28078
2,3,4,14,28353
2,3,4,15,28311
2,3,4,16,27946
2,3,4,17,28354
2,3,4,18,27944
2,3,4,19,28320
2,3,4,20,28308
2,3,4,21,28168
2,3,4,22,28395
2,3,4,23,28329
2,3,4,24,28366
2,3,4,25,27957
2,3,4,26,28321
2,3,4,27,27956
2,3,4,28,28521
2,3,4,29,28048
2,3,4,30,28355
2,3,4,31,28385
2,3,5,0,28283
2,3,5,1,28091
2,3,5,2,28000
2,3,5,3,28334
2,3,5,4,28296
2,3,5,5,27980
2,3,5,6,28438
2,3,5,7,28107
2,3,5,8,28344
2,3,5,9,28128
2,3,5,10,27880
2,3,5,11,28373
2,3,5,12,28314
2,3,5,13,28309
2,3,5,14,27994
2,3,5,15,28361
2,3,5,16,28330
2,3,5,17,28167
2,3,5,18,28331
2,3,5,19,28285
2,3,5,20,28265
2,3,5,21,28289
2,3,5,22,28298
2,3,5,23,28465
2,3,5,24,28408
2,3,5,25,28346
2,3,5,26,28062
2,3,5,27,28461
2,3,5,28,27947
2,3,5,29,28401
2,3,5,30,27738
2,3,5,31,28108
2,2,5,0,28186
2,2,5,1,28407
2,2,5,2,28262
2,2,5,3,27996
2,2,5,4,28172
2,2,5,5,28339
2,2,5,6,27951
2,2,5,7,27841
2,2,5,8,28002
2,2,5,9,27807
2,2,5,10,28050
2,2,5,11,28389
2,2,5,12,27968
2,2,5,13,28004
2,2,5,14,27878
2,2,5,15,28194
2,2,5,16,28383
2,2,5,17,27866
2,2,5,18,28325
2,2,5,19,28126
2,2,5,20,28323
2,2,5,21,28470
2,2,5,22,28756
2,2,5,23,27814
2,2,5,24,28316
2,2,5,25,28519
2,2,5,26,28355
2,2,5,27,28357
2,2,5,28,28386
2,2,5,29,27880
2,2,5,30,27910
2,2,5,31,28095
2,1,5,0,28321
2,1,5,1,28520
2,1,5,2,28093
2,1,5,3,28437
2,1,5,4,27968
2,1,5,5,28366
2,1,5,6,28282
2,1,5,7,28437
2,1,5,8,28450
2,1,5,9,27918
2,1,5,10,28400
2,1,5,11,27932
2,1,5,12,28370
2,1,5,13,28509
2,1,5,14,28340
2,1,5,15,28255
2,1,5,16,27894
2,1,5,17,28435
2,1,5,18,28461
2,1,5,19,28041
2,1,5,20,28098
2,1,5,21,28358
2,1,5,22,28451
2,1,5,23,28469
2,1,5,24,27965
2,1,5,25,27876
2,1,5,26,28393
2,1,5,27,27920
2,1,5,28,27949
2,1,5,29,28344
2,1,5,30,28369
2,1,5,31,28394
2,0,5,0,28413
2,0,5,1,28052
2,0,5,2,27811
2,0,5,3,28102
2,0,5,4,27930
2,0,5,5,28297
2,0,5,6,28199
2,0,5,7,28330
2,0,5,8,28298
2,0,5,9,28085
2,0,5,10,28132
2,0,5,11,28529
2,0,5,12,28420
2,0,5,13,28177
2,0,5,14,28294
2,0,5,15,28359
2,0,5,16,28836
2,0,5,17,28159
2,0,5,18,28028
2,0,5,19,28425
2,0,5,20,28263
2,0,5,21,28437
2,0,5,22,28408
2,0,5,23,28215
2,0,5,24,28530
2,0,5,25,28212
2,0,5,26,28383
2,0,5,27,28477
2,0,5,28,28447
2,0,5,29,28136
2,0,5,30,28352
2,0,5,31,28351
2,0,6,0,28273
2,0,6,1,28480
2,0,6,2,27920
2,0,6,3,28457
2,0,6,4,28492
2,0,6,5,28460
2,0,6,6,28338
2,0,6,7,28432
2,0,6,8,28482
2,0,6,9,28121
2,0,6,10,28359
2,0,6,11,28343
2,0,6,12,28308
2,0,6,13,28372
2,0,6,14,28322
2,0,6,15,28411
2,0,6,16,28402
2,0,6,17,28474
2,0,6,18,28453
2,0,6,19,28405
2,0,6,20,28511
2,0,6,21,28434
2,0,6,22,28466
2,0,6,23,28418
2,0,6,24,28428
2,0,6,25,28132
2,0,6,26,28406
2,0,6,27,28293
2,0,6,28,28432
2,0,6,29,28444
2,0,6,30,28439
2,0,6,31,28470
2,1,6,0,28309
2,1,6,1,28469
2,1,6,2,28511
2,1,6,3,28645
2,1,6,4,28447
2,1,6,5,28487
2,1,6,6,28382
2,1,6,7,28408
2,1,6,8,28387
2,1,6,9,28386
2,1,6,10,28330
2,1,6,11,28465
2,1,6,12,28487
2,1,6,13,28313
2,1,6,14,28285
2,1,6,15,28476
2,1,6,16,28427
2,1,6,17,28421
2,1,6,18,28298
2,1,6,19,28007
2,1,6,20,28408
2,1,6,21,28347
2,1,6,22,28072
2,1,6,23,28372
2,1,6,24,28465
2,1,6,25,28260
2,1,6,26,28315
2,1,6,27,28349
2,1,6,28,27975
2,1,6,29,28461
2,1,6,30,28389
2,1,6,31,28370
2,2,6,0,28292
2,2,6,1,28243
2,2,6,2,28052
2,2,6,3,27834
2,2,6,4,28438
2,2,6,5,28340
2,2,6,6,28274
2,2,6,7,28375
2,2,6,8,28265
2,2,6,9,28139
2,2,6,10,27839
2,2,6,11,27920
2,2,6,12,27877
2,2,6,13,28046
2,2,6,14,27854
2,2,6,15,28381
2,2,6,16,28346
2,2,6,17,28375
2,2,6,18,28300
2,2,6,19,28333
2,2,6,20,28323
2,2,6,21,28438
2,2,6,22,28429
2,2,6,23,28260
2,2,6,24,28328
2,2,6,25,27968
2,2,6,26,28042
2,2,6,27,27947
2,2,6,28,28331
2,2,6,29,28375
2,2,6,30,28420
2,2,6,31,27923
2,3,6,0,28328
2,3,6,1,28405
2,3,6,2,27997
2,3,6,3,28224
2,3,6,4,28640
2,3,6,5,28485
2,3,6,6,27935
2,3,6,7,27942
2,3,6,8,27971
2,3,6,9,28114
2,3,6,10,28102
2,3,6,11,27943
2,3,6,12,28333
2,3,6,13,27956
2,3,6,14,28401
2,3,6,15,28352
2,3,6,16,28406
2,3,6,17,28407
2,3,6,18,27888
2,3,6,19,28271
2,3,6,20,28332
2,3,6,21,28313
2,3,6,22,27919
2,3,6,23,27944
2,3,6,24,28324
2,3,6,25,27912
2,3,6,26,28430
2,3,6,27,28450
2,3,6,28,28387
2,3,6,29,28387
2,3,6,30,28382
2,3,6,31,28454
2,3,7,0,27905
2,3,7,1,28301
2,3,7,2,28355
2,3,7,3,27761
2,3,7,4,27942
2,3,7,5,28414
2,3,7,6,31655
2,3,7,7,27958
2,3,7,8,28206
2,3,7,9,28219
2,3,7,10,28338
2,3,7,11,28472
2,3,7,12,28008
2,3,7,13,28298
2,3,7,14,28376
2,3,7,15,28327
2,3,7,16,28017
2,3,7,17,28403
2,3,7,18,28117
2,3,7,19,28347
2,3,7,20,28368
2,3,7,21,28367
2,3,7,22,28340
2,3,7,23,28330
2,3,7,24,28327
2,3,7,25,28006
2,3,7,26,28320
2,3,7,27,27872
2,3,7,28,27748
2,3,7,29,28109
2,3,7,30,28072
2,3,7,31,28122
2,2,7,0,28342
2,2,7,1,28424
2,2,7,2,28037
2,2,7,3,28277
2,2,7,4,28372
2,2,7,5,28294
2,2,7,6,28355
2,2,7,7,28343
2,2,7,8,28086
2,2,7,9,28019
2,2,7,10,28384
2,2,7,11,28322
2,2,7,12,28111
2,2,7,13,28228
2,2,7,14,28316
2,2,7,15,28355
2,2,7,16,28328
2,2,7,17,28399
2,2,7,18,28461
2,2,7,19,28459
2,2,7,20,28346
2,2,7,21,28388
2,2,7,22,28424
2,2,7,23,27897
2,2,7,24,27864
2,2,7,25,27720
2,2,7,26,28384
2,2,7,27,28479
2,2,7,28,28363
2,2,7,29,28415
2,2,7,30,27841
2,2,7,31,28464
2,1,7,0,27951
2,1,7,1,28037
2,1,7,2,27958
2,1,7,3,28348
2,1,7,4,28420
2,1,7,5,28336
2,1,7,6,28033
2,1,7,7,27833
2,1,7,8,28180
2,1,7,9,27953
2,1,7,10,28391
2,1,7,11,28307
2,1,7,12,28268
2,1,7,13,28446
2,1,7,14,28384
2,1,7,15,28332
2,1,7,16,28428
2,1,7,17,28299
2,1,7,18,28275
2,1,7,19,28405
2,1,7,20,28407
2,1,7,21,28361
2,1,7,22,28391
2,1,7,23,28341
2,1,7,24,28397
2,1,7,25,28357
2,1,7,26,28399
2,1,7,27,28459
2,1,7,28,28311
2,1,7,29,27977
2,1,7,30,28156
2,1,7,31,28261
2,0,7,0,28428
2,0,7,1,28380
2,0,7,2,27988
2,0,7,3,27785
2,0,7,4,28334
2,0,7,5,28170
2,0,7,6,28321
2,0,7,7,28328
2,0,7,8,28138
2,0,7,9,28138
2,0,7,10,28362
2,0,7,11,28424
2,0,7,12,28357
2,0,7,13,28200
2,0,7,14,27797
2,0,7,15,28517
2,0,7,16,28371
2,0,7,17,28536
2,0,7,18,27969
2,0,7,19,27860
2,0,7,20,28221
2,0,7,21,28401
2,0,7,22,28210
2,0,7,23,28313
2,0,7,24,28149
2,0,7,25,28227
2,0,7,26,28328
2,0,7,27,28400
2,0,7,28,28241
2,0,7,29,28238
2,0,7,30,28382
2,0,7,31,28262
3,0,0,0,19528
3,0,0,1,22515
3,0,0,2,19483
3,0,0,3,19321
3,0,0,4,19283
3,0,0,5,19467
3,0,0,6,19548
3,0,0,7,19627
3,0,0,8,19390
3,0,0,9,20062
3,0,0,10,19650
3,0,0,11,19333
3,0,0,12,19503
3,0,0,13,19352
3,0,0,14,19585
3,0,0,15,19264
3,0,0,16,19440
3,0,0,17,19333
3,0,0,18,19541
3,0,0,19,19646
3,0,0,20,19271
3,0,0,21,19526
3,0,0,22,19213
3,0,0,23,19483
3,0,0,24,19424
3,0,0,25,19239
3,0,0,26,19553
3,0,0,27,19400
3,0,0,28,19469
3,0,0,29,19237
3,0,0,30,19372
3,0,0,31,19609
3,1,0,0,19405
3,1,0,1,19323
3,1,0,2,19383
3,1,0,3,19359
3,1,0,4,19341
3,1,0,5,19699
3,1,0,6,19629
3,1,0,7,19714
3,1,0,8,19334
3,1,0,9,19603
3,1,0,10,19447
3,1,0,11,19510
3,1,0,12,19496
3,1,0,13,19406
3,1,0,14,19198
3,1,0,15,19168
3,1,0,16,19475
3,1,0,17,19363
3,1,0,18,19307
3,1,0,19,19397
3,1,0,20,19254
3,1,0,21,19303
3,1,0,22,19570
3,1,0,23,19663
3,1,0,24,19357
3,1,0,25,19613
3,1,0,26,19288
3,1,0,27,19270
3,1,0,28,19524
3,1,0,29,19815
3,1,0,30,19312
3,1,0,31,19669
3,2,0,0,30585
3,2,0,1,19373
3,2,0,2,19706
3,2,0,3,19698
3,2,0,4,19678
3,2,0,5,19566
3,2,0,6,19370
3,2,0,7,19249
3,2,0,8,19336
3,2,0,9,19754
3,2,0,10,19572
3,2,0,11,19517
3,2,0,12,19680
3,2,0,13,19567
3,2,0,14,19627
3,2,0,15,19190
3,2,0,16,19727
3,2,0,17,19507
3,2,0,18,19492
3,2,0,19,19372
3,2,0,20,19170
3,2,0,21,19289
3,2,0,22,19281
3,2,0,23,19483
3,2,0,24,19391
3,2,0,25,19317
3,2,0,26,19441
3,2,0,27,19572
3,2,0,28,19633
3,2,0,29,19361
3,2,0,30,19470
3,2,0,31,19655
3,3,0,0,19554
3,3,0,1,19588
3,3,0,2,19524
3,3,0,3,19680
3,3,0,4,19285
3,3,0,5,19434
3,3,0,6,19541
3,3,0,7,19455
3,3,0,8,19294
3,3,0,9,19410
3,3,0,10,19213
3,3,0,11,19440
3,3,0,12,19664
3,3,0,13,19487
3,3,0,14,19443
3,3,0,15,19386
3,3,0,16,20100
3,3,0,17,19465
3,3,0,18,19461
3,3,0,19,19596
3,3,0,20,19543
3,3,0,21,19503
3,3,0,22,19527
3,3,0,23,19450
3,3,0,24,19454
3,3,0,25,19616
3,3,0,26,19512
3,3,0,27,19690
3,3,0,28,19551
3,3,0,29,19636
3,3,0,30,19326
3,3,0,31,19376
3,3,1,0,19516
3,3,1,1,19608
3,3,1,2,19498
3,3,1,3,19305
3,3,1,4,19500
3,3,1,5,19496
3,3,1,6,19696
3,3,1,7,19499
3,3,1,8,19582
3,3,1,9,19553
3,3,1,10,19604
3,3,1,11,19526
3,3,1,12,19379
3,3,1,13,19329
3,3,1,14,19358
3,3,1,15,19575
3,3,1,16,19421
3,3,1,17,19407
3,3,1,18,19241
3,3,1,19,19626
3,3,1,20,19303
3,3,1,21,19435
3,3,1,22,30264
3,3,1,23,19194
3,3,1,24,19394
3,3,1,25,19189
3,3,1,26,19518
3,3,1,27,19751
3,3,1,28,19607
3,3,1,29,19379
3,3,1,30,19307
3,3,1,31,19357
3,2,1,0,19651
3,2,1,1,19340
3,2,1,2,19502
3,2,1,3,19504
3,2,1,4,19259
3,2,1,5,19480
3,2,1,6,19480
3,2,1,7,19337
3,2,1,8,19267
3,2,1,9,19198
3,2,1,10,19491
3,2,1,11,19704
3,2,1,12,19567
3,2,1,13,19616
3,2,1,14,19560
3,2,1,15,19719
3,2,1,16,19526
3,2,1,17,19579
3,2,1,18,19605
3,2,1,19,19528
3,2,1,20,19555
3,2,1,21,19587
3,2,1,22,19587
3,2,1,23,19625
3,2,1,24,19614
3,2,1,25,19515
3,2,1,26,19629
3,2,1,27,19515
3,2,1,28,19545
3,2,1,29,19439
3,2,1,30,19587
3,2,1,31,19450
3,1,1,0,19620
3,1,1,1,20048
3,1,1,2,19425
3,1,1,3,19253
3,1,1,4,19235
3,1,1,5,19353
3,1,1,6,19185
3,1,1,7,19595
3,1,1,8,19353
3,1,1,9,19303
3,1,1,10,19354
3,1,1,11,19292
3,1,1,12,19648
3,1,1,13,19327
3,1,1,14,19504
3,1,1,15,19479
3,1,1,16,19209
3,1,1,17,19226
3,1,1,18,19207
3,1,1,19,19358
3,1,1,20,19473
3,1,1,21,19492
3,1,1,22,19616
3,1,1,23,19353
3,1,1,24,19508
3,1,1,25,19451
3,1,1,26,19247
3,1,1,27,19306
3,1,1,28,19327
3,1,1,29,19438
3,1,1,30,19261
3,1,1,31,19354
3,0,1,0,19170
3,0,1,1,19425
3,0,1,2,19571
3,0,1,3,19533
3,0,1,4,19739
3,0,1,5,19630
3,0,1,6,19277
3,0,1,7,19328
3,0,1,8,19620
3,0,1,9,30244
3,0,1,10,19582
3,0,1,11,19404
3,0,1,12,19207
3,0,1,13,19539
3,0,1,14,19390
3,0,1,15,19404
3,0,1,16,19251
3,0,1,17,19254
3,0,1,18,19296
3,0,1,19,19218
3,0,1,20,19285
3,0,1,21,19177
3,0,1,22,19305
3,0,1,23,19356
3,0,1,24,19260
3,0,1,25,19625
3,0,1,26,19420
3,0,1,27,19148
3,0,1,28,19210
3,0,1,29,19214
3,0,1,30,19602
3,0,1,31,19278
3,0,2,0,19300
3,0,2,1,19357
3,0,2,2,19588
3,0,2,3,19559
3,0,2,4,19529
3,0,2,5,19616
3,0,2,6,19221
3,0,2,7,19492
3,0,2,8,19516
3,0,2,9,19514
3,0,2,10,19231
3,0,2,11,19226
3,0,2,12,19392
3,0,2,13,19278
3,0,2,14,19377
3,0,2,15,19682
3,0,2,16,19229
3,0,2,17,19363
3,0,2,18,19505
3,0,2,19,19580
3,0,2,20,19332
3,0,2,21,19811
3,0,2,22,19394
3,0,2,23,19493
3,0,2,24,19666
3,0,2,25,19226
3,0,2,26,19442
3,0,2,27,19568
3,0,2,28,19610
3,0,2,29,19666
3,0,2,30,19576
3,0,2,31,19562
3,1,2,0,19468
3,1,2,1,19276
3,1,2,2,19489
3,1,2,3,19282
3,1,2,4,19221
3,1,2,5,19385
3,1,2,6,19632
3,1,2,7,19685
3,1,2,8,19542
3,1,2,9,19502
3,1,2,10,19500
3,1,2,11,19582
3,1,2,12,19403
3,1,2,13,19710
3,1,2,14,19665
3,1,2,15,19594
3,1,2,16,19569
3,1,2,17,19583
3,1,2,18,19368
3,1,2,19,19452
3,1,2,20,19204
3,1,2,21,19291
3,1,2,22,19267
3,1,2,23,19554
3,1,2,24,19256
3,1,2,25,19555
3,1,2,26,19425
3,1,2,27,19476
3,1,2,28,19201
3,1,2,29,19307
3,1,2,30,19317
3,1,2,31,19310
3,2,2,0,19304
3,2,2,1,19612
3,2,2,2,19580
3,2,2,3,19408
3,2,2,4,19559
3,2,2,5,19544
3,2,2,6,19559
3,2,2,7,19495
3,2,2,8,19402
3,2,2,9,19342
3,2,2,10,19382
3,2,2,11,19450
3,2,2,12,19457
3,2,2,13,19616
3,2,2,14,19646
3,2,2,15,19611
3,2,2,16,19510
3,2,2,17,19619
3,2,2,18,19272
3,2,2,19,19346
3,2,2,20,19252
3,2,2,21,19511
3,2,2,22,19457
3,2,2,23,19525
3,2,2,24,19219
3,2,2,25,19696
3,2,2,26,19314
3,2,2,27,19565
3,2,2,28,19247
3,2,2,29,19697
3,2,2,30,19199
3,2,2,31,19591
3,3,2,0,19526
3,3,2,1,19470
3,3,2,2,19546
3,3,2,3,19341
3,3,2,4,19407
3,3,2,5,19360
3,3,2,6,19296
3,3,2,7,19603
3,3,2,8,19591
3,3,2,9,19427
3,3,2,10,19222
3,3,2,11,19259
3,3,2,12,19320
3,3,2,13,19259
3,3,2,14,19611
3,3,2,15,19281
3,3,2,16,19553
3,3,2,17,19468
3,3,2,18,19564
3,3,2,19,19444
3,3,2,20,19331
3,3,2,21,19695
3,3,2,22,19211
3,3,2,23,19224
3,3,2,24,19246
3,3,2,25,19441
3,3,2,26,19264
3,3,2,27,19234
3,3,2,28,19479
3,3,2,29,19538
3,3,2,30,19498
3,3,2,31,19565
3,3,3,0,19433
3,3,3,1,19474
3,3,3,2,19466
3,3,3,3,19607
3,3,3,4,19493
3,3,3,5,19587
3,3,3,6,19497
3,3,3,7,19425
3,3,3,8,19590
3,3,3,9,19446
3,3,3,10,19378
3,3,3,11,19454
3,3,3,12,19497
3,3,3,13,19488
3,3,3,14,19229
3,3,3,15,19548
3,3,3,16,19401
3,3,3,17,19313
3,3,3,18,19393
3,3,3,19,19541
3,3,3,20,19648
3,3,3,21,19598
3,3,3,22,19339
3,3,3,23,19413
3,3,3,24,19406
3,3,3,25,19183
3,3,3,26,19288
3,3,3,27,19377
3,3,3,28,19477
3,3,3,29,19632
3,3,3,30,19673
3,3,3,31,19564
3,2,3,0,19582
3,2,3,1,19262
3,2,3,2,19683
3,2,3,3,19575
3,2,3,4,19416
3,2,3,5,19457
3,2,3,6,19544
3,2,3,7,19540
3,2,3,8,19347
3,2,3,9,19381
3,2,3,10,19311
3,2,3,11,19586
3,2,3,12,19153
3,2,3,13,19568
3,2,3,14,19550
3,2,3,15,19401
3,2,3,16,19546
3,2,3,17,19488
3,2,3,18,19565
3,2,3,19,19162
3,2,3,20,19606
3,2,3,21,19753
3,2,3,22,19564
3,2,3,23,19195
3,2,3,24,19549
3,2,3,25,19332
3,2,3,26,19387
3,2,3,27,20014
3,2,3,28,19459
3,2,3,29,19540
3,2,3,30,19516
3,2,3,31,19691
3,1,3,0,19600
3,1,3,1,19586
3,1,3,2,19512
3,1,3,3,19300
3,1,3,4,19468
3,1,3,5,19280
3,1,3,6,19281
3,1,3,7,19610
3,1,3,8,19501
3,1,3,9,19401
3,1,3,10,19457
3,1,3,11,19663
3,1,3,12,19270
3,1,3,13,19516
3,1,3,14,19368
3,1,3,15,19358
3,1,3,16,19513
3,1,3,17,19551
3,1,3,18,19246
3,1,3,19,19532
3,1,3,20,19723
3,1,3,21,19584
3,1,3,22,19254
3,1,3,23,19652
3,1,3,24,19484
3,1,3,25,19294
3,1,3,26,19222
3,1,3,27,19638
3,1,3,28,19486
3,1,3,29,19712
3,1,3,30,19575
3,1,3,31,19537
3,0,3,0,19170
3,0,3,1,19235
3,0,3,2,19579
3,0,3,3,19533
3,0,3,4,19539
3,0,3,5,19513
3,0,3,6,19234
3,0,3,7,19284
3,0,3,8,19585
3,0,3,9,19579
3,0,3,10,19524
3,0,3,11,19410
3,0,3,12,19205
3,0,3,13,19460
3,0,3,14,19358
3,0,3,15,19266
3,0,3,16,19567
3,0,3,17,19227
3,0,3,18,19294
3,0,3,19,19557
3,0,3,20,19241
3,0,3,21,19221
3,0,3,22,19680
3,0,3,23,19640
3,0,3,24,19441
3,0,3,25,19535
3,0,3,26,19365
3,0,3,27,19536
3,0,3,28,19255
3,0,3,29,19226
3,0,3,30,19542
3,0,3,31,19225
3,0,4,0,19241
3,0,4,1,19324
3,0,4,2,19323
3,0,4,3,19247
3,0,4,4,19701
3,0,4,5,19261
3,0,4,6,19418
3,0,4,7,19621
3,0,4,8,19730
3,0,4,9,19508
3,0,4,10,19544
3,0,4,11,19435
3,0,4,12,20100
3,0,4,13,19584
3,0,4,14,19373
3,0,4,15,19731
3,0,4,16,19534
3,0,4,17,19283
3,0,4,18,19425
3,0,4,19,19480
3,0,4,20,19451
3,0,4,21,19657
3,0,4,22,19323
3,0,4,23,19502
3,0,4,24,19454
3,0,4,25,19309
3,0,4,26,19535
3,0,4,27,19408
3,0,4,28,19197
3,0,4,29,19211
3,0,4,30,19171
3,0,4,31,19396
3,1,4,0,19495
3,1,4,1,19277
3,1,4,2,19276
3,1,4,3,19577
3,1,4,4,19571
3,1,4,5,19494
3,1,4,6,19434
3,1,4,7,19198
3,1,4,8,19230
3,1,4,9,19503
3,1,4,10,19313
3,1,4,11,19383
3,1,4,12,19248
3,1,4,13,19634
3,1,4,14,19721
3,1,4,15,19425
3,1,4,16,19263
3,1,4,17,19478
3,1,4,18,19260
3,1,4,19,19471
3,1,4,20,19458
3,1,4,21,19630
3,1,4,22,19342
3,1,4,23,19289
3,1,4,24,19337
3,1,4,25,19307
3,1,4,26,19257
3,1,4,27,19515
3,1,4,28,19375
3,1,4,29,19317
3,1,4,30,19557
3,1,4,31,19427
3,2,4,0,19504
3,2,4,1,19445
3,2,4,2,19617
3,2,4,3,19562
3,2,4,4,19625
3,2,4,5,19532
3,2,4,6,19703
3,2,4,7,19605
3,2,4,8,19524
3,2,4,9,19601
3,2,4,10,19562
3,2,4,11,19329
3,2,4,12,19165
3,2,4,13,19345
3,2,4,14,19501
3,2,4,15,19648
3,2,4,16,19558
3,2,4,17,19382
3,2,4,18,19622
3,2,4,19,19237
3,2,4,20,19595
3,2,4,21,19231
3,2,4,22,19486
3,2,4,23,19207
3,2,4,24,19277
3,2,4,25,19252
3,2,4,26,19534
3,2,4,27,19466
3,2,4,28,19528
3,2,4,29,19496
3,2,4,30,19724
3,2,4,31,19620
3,3,4,0,19533
3,3,4,1,19554
3,3,4,2,19557
3,3,4,3,19298
3,3,4,4,19437
3,3,4,5,19499
3,3,4,6,19401
3,3,4,7,19254
3,3,4,8,19322
3,3,4,9,19268
3,3,4,10,19252
3,3,4,11,19309
3,3,4,12,19259
3,3,4,13,19555
3,3,4,14,19313
3,3,4,15,19478
3,3,4,16,19244
3,3,4,17,19552
3,3,4,18,19700
3,3,4,19,19288
3,3,4,20,19256
3,3,4,21,19396
3,3,4,22,19405
3,3,4,23,19468
3,3,4,24,19419
3,3,4,25,19488
3,3,4,26,19322
3,3,4,27,19603
3,3,4,28,19622
3,3,4,29,19303
3,3,4,30,19397
3,3,4,31,19259
3,3,5,0,19219
3,3,5,1,19701
3,3,5,2,19458
3,3,5,3,19614
3,3,5,4,19755
3,3,5,5,19308
3,3,5,6,19537
3,3,5,7,19459
3,3,5,8,19130
3,3,5,9,19160
3,3,5,10,19715
3,3,5,11,19444
3,3,5,12,19164
3,3,5,13,19284
3,3,5,14,19739
3,3,5,15,19715
3,3,5,16,19412
3,3,5,17,19285
3,3,5,18,19550
3,3,5,19,19346
3,3,5,20,19619
3,3,5,21,19293
3,3,5,22,19254
3,3,5,23,19501
3,3,5,24,19660
3,3,5,25,19235
3,3,5,26,19714
3,3,5,27,19247
3,3,5,28,19423
3,3,5,29,19343
3,3,5,30,19164
3,3,5,31,19389
3,2,5,0,19614
3,2,5,1,19290
3,2,5,2,19603
3,2,5,3,19372
3,2,5,4,19322
3,2,5,5,19242
3,2,5,6,19273
3,2,5,7,19642
3,2,5,8,19267
3,2,5,9,19757
3,2,5,10,19544
3,2,5,11,19276
3,2,5,12,19413
3,2,5,13,19302
3,2,5,14,19477
3,2,5,15,19418
3,2,5,16,19326
3,2,5,17,19571
3,2,5,18,20293
3,2,5,19,19465
3,2,5,20,19244
3,2,5,21,19187
3,2,5,22,19263
3,2,5,23,19297
3,2,5,24,19190
3,2,5,25,19305
3,2,5,26,19331
3,2,5,27,19353
3,2,5,28,19626
3,2,5,29,19597
3,2,5,30,19587
3,2,5,31,19553
3,1,5,0,19531
3,1,5,1,19627
3,1,5,2,19578
3,1,5,3,19358
3,1,5,4,19698
3,1,5,5,19552
3,1,5,6,19246
3,1,5,7,19681
3,1,5,8,19569
3,1,5,9,19611
3,1,5,10,19640
3,1,5,11,19322
3,1,5,12,19229
3,1,5,13,19610
3,1,5,14,19181
3,1,5,15,19712
3,1,5,16,19439
3,1,5,17,19547
3,1,5,18,19462
3,1,5,19,19531
3,1,5,20,19620
3,1,5,21,19595
3,1,5,22,19196
3,1,5,23,19693
3,1,5,24,19354
3,1,5,25,19506
3,1,5,26,19647
3,1,5,27,19357
3,1,5,28,19442
3,1,5,29,19382
3,1,5,30,19605
3,1,5,31,19261
3,0,5,0,19555
3,0,5,1,19574
3,0,5,2,19290
3,0,5,3,19568
3,0,5,4,19431
3,0,5,5,19708
3,0,5,6,19563
3,0,5,7,19335
3,0,5,8,19351
3,0,5,9,19626
3,0,5,10,19365
3,0,5,11,19230
3,0,5,12,19540
3,0,5,13,19292
3,0,5,14,19310
3,0,5,15,19575
3,0,5,16,19192
3,0,5,17,19251
3,0,5,18,19411
3,0,5,19,19490
3,0,5,20,19437
3,0,5,21,19488
3,0,5,22,19178
3,0,5,23,19486
3,0,5,24,19516
3,0,5,25,19162
3,0,5,26,19271
3,0,5,27,19387
3,0,5,28,19532
3,0,5,29,19390
3,0,5,30,19397
3,0,5,31,19237
3,0,6,0,19562
3,0,6,1,19262
3,0,6,2,19191
3,0,6,3,20026
3,0,6,4,19494
3,0,6,5,19748
3,0,6,6,19347
3,0,6,7,19220
3,0,6,8,19726
3,0,6,9,19547
3,0,6,10,19324
3,0,6,11,19489
3,0,6,12,19579
3,0,6,13,19313
3,0,6,14,19175
3,0,6,15,19424
3,0,6,16,19303
3,0,6,17,19458
3,0,6,18,19320
3,0,6,19,19289
3,0,6,20,19300
3,0,6,21,19274
3,0,6,22,19603
3,0,6,23,19264
3,0,6,24,19353
3,0,6,25,19316
3,0,6,26,19253
3,0,6,27,19234
3,0,6,28,19262
3,0,6,29,19285
3,0,6,30,19579
3,0,6,31,19621
3,1,6,0,19509
3,1,6,1,19547
3,1,6,2,19269
3,1,6,3,19544
3,1,6,4,19592
3,1,6,5,19547
3,1,6,6,19484
3,1,6,7,19341
3,1,6,8,19510
3,1,6,9,19582
3,1,6,10,19614
3,1,6,11,19550
3,1,6,12,19426
3,1,6,13,19497
3,1,6,14,19604
3,1,6,15,19655
3,1,6,16,19577
3,1,6,17,19635
3,1,6,18,19732
3,1,6,19,19304
3,1,6,20,19227
3,1,6,21,19549
3,1,6,22,19750
3,1,6,23,19260
3,1,6,24,19549
3,1,6,25,19596
3,1,6,26,19504
3,1,6,27,19659
3,1,6,28,19480
3,1,6,29,19611
3,1,6,30,19534
3,1,6,31,19306
3,2,6,0,19714
3,2,6,1,19177
3,2,6,2,19375
3,2,6,3,19393
3,2,6,4,19592
3,2,6,5,19694
3,2,6,6,19590
3,2,6,7,19397
3,2,6,8,19433
3,2,6,9,19481
3,2,6,10,19749
3,2,6,11,19663
3,2,6,12,19562
3,2,6,13,19669
3,2,6,14,19748
3,2,6,15,19553
3,2,6,16,19455
3,2,6,17,19509
3,2,6,18,19181
3,2,6,19,19382
3,2,6,20,19200
3,2,6,21,19471
3,2,6,22,19680
3,2,6,23,19442
3,2,6,24,20008
3,2,6,25,19732
3,2,6,26,19513
3,2,6,27,19520
3,2,6,28,19653
3,2,6,29,19630
3,2,6,30,19268
3,2,6,31,19512
3,3,6,0,19318
3,3,6,1,19506
3,3,6,2,19426
3,3,6,3,19563
3,3,6,4,19669
3,3,6,5,19481
3,3,6,6,19315
3,3,6,7,19455
3,3,6,8,19275
3,3,6,9,19450
3,3,6,10,19372
3,3,6,11,19689
3,3,6,12,19513
3,3,6,13,19376
3,3,6,14,19624
3,3,6,15,19278
3,3,6,16,19463
3,3,6,17,19212
3,3,6,18,19373
3,3,6,19,19354
3,3,6,20,19229
3,3,6,21,19321
3,3,6,22,19287
3,3,6,23,19358
3,3,6,24,19340
3,3,6,25,19315
3,3,6,26,19365
3,3,6,27,19580
3,3,6,28,19366
3,3,6,29,19716
3,3,6,30,19596
3,3,6,31,19595
3,3,7,0,19563
3,3,7,1,19724
3,3,7,2,19458
3,3,7,3,19320
3,3,7,4,19540
3,3,7,5,19211
3,3,7,6,19460
3,3,7,7,19338
3,3,7,8,19441
3,3,7,9,19455
3,3,7,10,19557
3,3,7,11,19357
3,3,7,12,19303
3,3,7,13,19695
3,3,7,14,19191
3,3,7,15,19710
3,3,7,16,19328
3,3,7,17,19172
3,3,7,18,19378
3,3,7,19,19535
3,3,7,20,19572
3,3,7,21,19359
3,3,7,22,19520
3,3,7,23,19543
3,3,7,24,19511
3,3,7,25,19747
3,3,7,26,19567
3,3,7,27,19746
3,3,7,28,19313
3,3,7,29,19631
3,3,7,30,19507
3,3,7,31,19458
3,2,7,0,19255
3,2,7,1,19258
3,2,7,2,19503
3,2,7,3,19551
3,2,7,4,19694
3,2,7,5,19602
3,2,7,6,19199
3,2,7,7,19614
3,2,7,8,19512
3,2,7,9,20077
3,2,7,10,19559
3,2,7,11,19349
3,2,7,12,19562
3,2,7,13,19713
3,2,7,14,19406
3,2,7,15,19289
3,2,7,16,19646
3,2,7,17,19669
3,2,7,18,19499
3,2,7,19,19518
3,2,7,20,19513
3,2,7,21,19639
3,2,7,22,19619
3,2,7,23,19588
3,2,7,24,19618
3,2,7,25,19513
3,2,7,26,19596
3,2,7,27,19658
3,2,7,28,19602
3,2,7,29,19381
3,2,7,30,19561
3,2,7,31,19557
3,1,7,0,19570
3,1,7,1,19519
3,1,7,2,19616
3,1,7,3,19692
3,1,7,4,19627
3,1,7,5,19582
3,1,7,6,19249
3,1,7,7,19566
3,1,7,8,19302
3,1,7,9,19309
3,1,7,10,19409
3,1,7,11,19265
3,1,7,12,19720
3,1,7,13,19658
3,1,7,14,19672
3,1,7,15,19660
3,1,7,16,19577
3,1,7,17,19581
3,1,7,18,19550
3,1,7,19,19652
3,1,7,20,19586
3,1,7,21,19744
3,1,7,22,19320
3,1,7,23,19688
3,1,7,24,19621
3,1,7,25,19592
3,1,7,26,19559
3,1,7,27,19462
3,1,7,28,19495
3,1,7,29,19298
3,1,7,30,19610
3,1,7,31,19662
3,0,7,0,19631
3,0,7,1,19271
3,0,7,2,19590
3,0,7,3,19532
3,0,7,4,19425
3,0,7,5,19381
3,0,7,6,19439
3,0,7,7,19192
3,0,7,8,19741
3,0,7,9,19620
3,0,7,10,19449
3,0,7,11,19504
3,0,7,12,19248
3,0,7,13,19304
3,0,7,14,19330
3,0,7,15,19458
3,0,7,16,19593
3,0,7,17,19683
3,0,7,18,19598
3,0,7,19,19634
3,0,7,20,19576
3,0,7,21,19215
3,0,7,22,19566
3,0,7,23,19241
3,0,7,24,19533
3,0,7,25,19241
3,0,7,26,19213
3,0,7,27,19297
3,0,7,28,19369
3,0,7,29,19355
3,0,7,30,19769
3,0,7,31,19367
