cpucycles tracesetup 0 amd64-perfpmcff precision 0 scaling 0.000000 only32 0
cpucycles tracesetup 1 amd64-perfpmc precision 0 scaling 0.000000 only32 0
cpucycles tracesetup 2 amd64-pmcff precision 0 scaling 0.000000 only32 0
cpucycles tracesetup 3 amd64-tsc precision 1016 scaling 0.467415 only32 0
cpucycles tracesetup 4 amd64-tscasm precision 1026 scaling 0.467415 only32 0
cpucycles tracesetup 5 default-perfevent precision 205 scaling 1.000000 only32 0
cpucycles tracesetup 6 default-mach precision 0 scaling 0.000000 only32 0
cpucycles tracesetup 7 default-monotonic precision 1075 scaling 1.400000 only32 0
cpucycles tracesetup 8 default-gettimeofday precision 2440 scaling 1400.000000 only32 0
cpucycles tracesetup 9 default-zero precision 0 scaling 0.000000 only32 0
region,variant,block,observation,cycles
0,0,0,0,870
0,0,0,1,779
0,0,0,2,760
0,0,0,3,784
0,0,0,4,786
0,0,0,5,786
0,0,0,6,798
0,0,0,7,802
0,0,0,8,821
0,0,0,9,798
0,0,0,10,808
0,0,0,11,823
0,0,0,12,800
0,0,0,13,835
0,0,0,14,798
0,0,0,15,819
0,0,0,16,809
0,0,0,17,798
0,0,0,18,806
0,0,0,19,801
0,0,0,20,797
0,0,0,21,806
0,0,0,22,790
0,0,0,23,807
0,0,0,24,831
0,0,0,25,782
0,0,0,26,868
0,0,0,27,839
0,0,0,28,800
0,0,0,29,810
0,0,0,30,788
0,0,0,31,795
0,1,0,0,858
0,1,0,1,777
0,1,0,2,792
0,1,0,3,787
0,1,0,4,797
0,1,0,5,830
0,1,0,6,792
0,1,0,7,819
0,1,0,8,887
0,1,0,9,786
0,1,0,10,828
0,1,0,11,787
0,1,0,12,811
0,1,0,13,810
0,1,0,14,806
0,1,0,15,811
0,1,0,16,809
0,1,0,17,823
0,1,0,18,828
0,1,0,19,819
0,1,0,20,805
0,1,0,21,834
0,1,0,22,815
0,1,0,23,824
0,1,0,24,814
0,1,0,25,808
0,1,0,26,829
0,1,0,27,804
0,1,0,28,807
0,1,0,29,822
0,1,0,30,793
0,1,0,31,793
0,2,0,0,804
0,2,0,1,750
0,2,0,2,771
0,2,0,3,776
0,2,0,4,751
0,2,0,5,769
0,2,0,6,737
0,2,0,7,808
0,2,0,8,750
0,2,0,9,757
0,2,0,10,759
0,2,0,11,750
0,2,0,12,763
0,2,0,13,764
0,2,0,14,746
0,2,0,15,752
0,2,0,16,752
0,2,0,17,738
0,2,0,18,756
0,2,0,19,759
0,2,0,20,752
0,2,0,21,766
0,2,0,22,743
0,2,0,23,738
0,2,0,24,770
0,2,0,25,752
0,2,0,26,759
0,2,0,27,766
0,2,0,28,748
0,2,0,29,767
0,2,0,30,756
0,2,0,31,741
0,3,0,0,766
0,3,0,1,763
0,3,0,2,767
0,3,0,3,762
0,3,0,4,748
0,3,0,5,770
0,3,0,6,759
0,3,0,7,776
0,3,0,8,769
0,3,0,9,763
0,3,0,10,783
0,3,0,11,779
0,3,0,12,752
0,3,0,13,757
0,3,0,14,760
0,3,0,15,749
0,3,0,16,770
0,3,0,17,747
0,3,0,18,758
0,3,0,19,747
0,3,0,20,771
0,3,0,21,745
0,3,0,22,829
0,3,0,23,760
0,3,0,24,791
0,3,0,25,748
0,3,0,26,787
0,3,0,27,784
0,3,0,28,768
0,3,0,29,770
0,3,0,30,758
0,3,0,31,782
0,3,1,0,746
0,3,1,1,750
0,3,1,2,756
0,3,1,3,756
0,3,1,4,756
0,3,1,5,770
0,3,1,6,767
0,3,1,7,749
0,3,1,8,755
0,3,1,9,761
0,3,1,10,786
0,3,1,11,746
0,3,1,12,748
0,3,1,13,784
0,3,1,14,756
0,3,1,15,769
0,3,1,16,775
0,3,1,17,767
0,3,1,18,792
0,3,1,19,759
0,3,1,20,773
0,3,1,21,782
0,3,1,22,755
0,3,1,23,753
0,3,1,24,833
0,3,1,25,749
0,3,1,26,784
0,3,1,27,760
0,3,1,28,766
0,3,1,29,791
0,3,1,30,775
0,3,1,31,794
0,2,1,0,739
0,2,1,1,769
0,2,1,2,787
0,2,1,3,789
0,2,1,4,789
0,2,1,5,761
0,2,1,6,748
0,2,1,7,817
0,2,1,8,775
0,2,1,9,758
0,2,1,10,751
0,2,1,11,767
0,2,1,12,752
0,2,1,13,759
0,2,1,14,756
0,2,1,15,753
0,2,1,16,756
0,2,1,17,754
0,2,1,18,749
0,2,1,19,754
0,2,1,20,741
0,2,1,21,753
0,2,1,22,810
0,2,1,23,752
0,2,1,24,763
0,2,1,25,727
0,2,1,26,755
0,2,1,27,754
0,2,1,28,749
0,2,1,29,777
0,2,1,30,756
0,2,1,31,756
0,1,1,0,785
0,1,1,1,811
0,1,1,2,823
0,1,1,3,818
0,1,1,4,815
0,1,1,5,823
0,1,1,6,813
0,1,1,7,810
0,1,1,8,835
0,1,1,9,794
0,1,1,10,832
0,1,1,11,795
0,1,1,12,788
0,1,1,13,847
0,1,1,14,790
0,1,1,15,810
0,1,1,16,807
0,1,1,17,815
0,1,1,18,804
0,1,1,19,800
0,1,1,20,796
0,1,1,21,835
0,1,1,22,799
0,1,1,23,831
0,1,1,24,831
0,1,1,25,792
0,1,1,26,813
0,1,1,27,801
0,1,1,28,816
0,1,1,29,789
0,1,1,30,780
0,1,1,31,832
0,0,1,0,796
0,0,1,1,799
0,0,1,2,799
0,0,1,3,805
0,0,1,4,796
0,0,1,5,888
0,0,1,6,798
0,0,1,7,814
0,0,1,8,816
0,0,1,9,778
0,0,1,10,804
0,0,1,11,794
0,0,1,12,809
0,0,1,13,818
0,0,1,14,810
0,0,1,15,821
0,0,1,16,806
0,0,1,17,797
0,0,1,18,816
0,0,1,19,797
0,0,1,20,795
0,0,1,21,808
0,0,1,22,802
0,0,1,23,802
0,0,1,24,816
0,0,1,25,784
0,0,1,26,825
0,0,1,27,799
0,0,1,28,810
0,0,1,29,791
0,0,1,30,798
0,0,1,31,806
0,0,2,0,791
0,0,2,1,763
0,0,2,2,789
0,0,2,3,808
0,0,2,4,800
0,0,2,5,824
0,0,2,6,806
0,0,2,7,805
0,0,2,8,821
0,0,2,9,783
0,0,2,10,791
0,0,2,11,805
0,0,2,12,803
0,0,2,13,816
0,0,2,14,802
0,0,2,15,802
0,0,2,16,798
0,0,2,17,785
0,0,2,18,789
0,0,2,19,782
0,0,2,20,791
0,0,2,21,820
0,0,2,22,794
0,0,2,23,803
0,0,2,24,795
0,0,2,25,793
0,0,2,26,783
0,0,2,27,783
0,0,2,28,792
0,0,2,29,807
0,0,2,30,789
0,0,2,31,813
0,1,2,0,789
0,1,2,1,808
0,1,2,2,808
0,1,2,3,813
0,1,2,4,828
0,1,2,5,886
0,1,2,6,802
0,1,2,7,814
0,1,2,8,844
0,1,2,9,795
0,1,2,10,827
0,1,2,11,803
0,1,2,12,808
0,1,2,13,867
0,1,2,14,812
0,1,2,15,822
0,1,2,16,820
0,1,2,17,816
0,1,2,18,787
0,1,2,19,816
0,1,2,20,794
0,1,2,21,814
0,1,2,22,804
0,1,2,23,813
0,1,2,24,835
0,1,2,25,786
0,1,2,26,812
0,1,2,27,802
0,1,2,28,813
0,1,2,29,844
0,1,2,30,800
0,1,2,31,823
0,2,2,0,749
0,2,2,1,762
0,2,2,2,767
0,2,2,3,784
0,2,2,4,764
0,2,2,5,772
0,2,2,6,756
0,2,2,7,753
0,2,2,8,764
0,2,2,9,741
0,2,2,10,767
0,2,2,11,752
0,2,2,12,753
0,2,2,13,771
0,2,2,14,753
0,2,2,15,740
0,2,2,16,753
0,2,2,17,747
0,2,2,18,753
0,2,2,19,740
0,2,2,20,754
0,2,2,21,764
0,2,2,22,744
0,2,2,23,752
0,2,2,24,760
0,2,2,25,745
0,2,2,26,746
0,2,2,27,757
0,2,2,28,756
0,2,2,29,759
0,2,2,30,736
0,2,2,31,763
0,3,2,0,766
0,3,2,1,784
0,3,2,2,790
0,3,2,3,784
0,3,2,4,772
0,3,2,5,784
0,3,2,6,760
0,3,2,7,774
0,3,2,8,780
0,3,2,9,760
0,3,2,10,771
0,3,2,11,769
0,3,2,12,769
0,3,2,13,774
0,3,2,14,761
0,3,2,15,796
0,3,2,16,773
0,3,2,17,764
0,3,2,18,767
0,3,2,19,765
0,3,2,20,743
0,3,2,21,766
0,3,2,22,772
0,3,2,23,778
0,3,2,24,784
0,3,2,25,759
0,3,2,26,777
0,3,2,27,773
0,3,2,28,768
0,3,2,29,783
0,3,2,30,766
0,3,2,31,789
0,3,3,0,751
0,3,3,1,751
0,3,3,2,775
0,3,3,3,752
0,3,3,4,762
0,3,3,5,754
0,3,3,6,747
0,3,3,7,743
0,3,3,8,768
0,3,3,9,757
0,3,3,10,788
0,3,3,11,768
0,3,3,12,774
0,3,3,13,770
0,3,3,14,777
0,3,3,15,804
0,3,3,16,784
0,3,3,17,749
0,3,3,18,795
0,3,3,19,758
0,3,3,20,773
0,3,3,21,785
0,3,3,22,895
0,3,3,23,745
0,3,3,24,772
0,3,3,25,764
0,3,3,26,768
0,3,3,27,760
0,3,3,28,768
0,3,3,29,808
0,3,3,30,757
0,3,3,31,785
0,2,3,0,763
0,2,3,1,755
0,2,3,2,762
0,2,3,3,780
0,2,3,4,768
0,2,3,5,758
0,2,3,6,744
0,2,3,7,747
0,2,3,8,763
0,2,3,9,747
0,2,3,10,765
0,2,3,11,767
0,2,3,12,746
0,2,3,13,774
0,2,3,14,759
0,2,3,15,747
0,2,3,16,771
0,2,3,17,745
0,2,3,18,761
0,2,3,19,776
0,2,3,20,766
0,2,3,21,771
0,2,3,22,833
0,2,3,23,756
0,2,3,24,761
0,2,3,25,750
0,2,3,26,766
0,2,3,27,756
0,2,3,28,748
0,2,3,29,768
0,2,3,30,743
0,2,3,31,748
0,1,3,0,788
0,1,3,1,794
0,1,3,2,819
0,1,3,3,842
0,1,3,4,826
0,1,3,5,827
0,1,3,6,832
0,1,3,7,825
0,1,3,8,804
0,1,3,9,827
0,1,3,10,829
0,1,3,11,812
0,1,3,12,817
0,1,3,13,816
0,1,3,14,794
0,1,3,15,811
0,1,3,16,821
0,1,3,17,790
0,1,3,18,803
0,1,3,19,790
0,1,3,20,798
0,1,3,21,862
0,1,3,22,814
0,1,3,23,794
0,1,3,24,904
0,1,3,25,806
0,1,3,26,835
0,1,3,27,815
0,1,3,28,801
0,1,3,29,821
0,1,3,30,831
0,1,3,31,851
0,0,3,0,789
0,0,3,1,791
0,0,3,2,780
0,0,3,3,831
0,0,3,4,817
0,0,3,5,801
0,0,3,6,785
0,0,3,7,801
0,0,3,8,813
0,0,3,9,789
0,0,3,10,814
0,0,3,11,804
0,0,3,12,835
0,0,3,13,811
0,0,3,14,808
0,0,3,15,803
0,0,3,16,790
0,0,3,17,784
0,0,3,18,802
0,0,3,19,804
0,0,3,20,793
0,0,3,21,808
0,0,3,22,839
0,0,3,23,813
0,0,3,24,828
0,0,3,25,822
0,0,3,26,824
0,0,3,27,798
0,0,3,28,811
0,0,3,29,827
0,0,3,30,804
0,0,3,31,791
0,0,4,0,779
0,0,4,1,775
0,0,4,2,804
0,0,4,3,804
0,0,4,4,785
0,0,4,5,828
0,0,4,6,796
0,0,4,7,821
0,0,4,8,816
0,0,4,9,798
0,0,4,10,810
0,0,4,11,806
0,0,4,12,803
0,0,4,13,811
0,0,4,14,799
0,0,4,15,810
0,0,4,16,795
0,0,4,17,799
0,0,4,18,827
0,0,4,19,799
0,0,4,20,784
0,0,4,21,815
0,0,4,22,793
0,0,4,23,822
0,0,4,24,826
0,0,4,25,802
0,0,4,26,827
0,0,4,27,783
0,0,4,28,807
0,0,4,29,824
0,0,4,30,808
0,0,4,31,858
0,1,4,0,789
0,1,4,1,791
0,1,4,2,827
0,1,4,3,824
0,1,4,4,806
0,1,4,5,836
0,1,4,6,835
0,1,4,7,808
0,1,4,8,811
0,1,4,9,801
0,1,4,10,812
0,1,4,11,797
0,1,4,12,839
0,1,4,13,830
0,1,4,14,792
0,1,4,15,805
0,1,4,16,834
0,1,4,17,799
0,1,4,18,824
0,1,4,19,827
0,1,4,20,797
0,1,4,21,805
0,1,4,22,821
0,1,4,23,818
0,1,4,24,831
0,1,4,25,797
0,1,4,26,806
0,1,4,27,822
0,1,4,28,818
0,1,4,29,821
0,1,4,30,796
0,1,4,31,806
0,2,4,0,770
0,2,4,1,767
0,2,4,2,772
0,2,4,3,781
0,2,4,4,788
0,2,4,5,793
0,2,4,6,760
0,2,4,7,757
0,2,4,8,761
0,2,4,9,737
0,2,4,10,776
0,2,4,11,760
0,2,4,12,745
0,2,4,13,779
0,2,4,14,759
0,2,4,15,743
0,2,4,16,774
0,2,4,17,761
0,2,4,18,773
0,2,4,19,770
0,2,4,20,743
0,2,4,21,759
0,2,4,22,803
0,2,4,23,756
0,2,4,24,767
0,2,4,25,753
0,2,4,26,756
0,2,4,27,756
0,2,4,28,757
0,2,4,29,775
0,2,4,30,749
0,2,4,31,773
0,3,4,0,754
0,3,4,1,786
0,3,4,2,782
0,3,4,3,791
0,3,4,4,784
0,3,4,5,764
0,3,4,6,771
0,3,4,7,748
0,3,4,8,756
0,3,4,9,765
0,3,4,10,775
0,3,4,11,778
0,3,4,12,755
0,3,4,13,782
0,3,4,14,751
0,3,4,15,759
0,3,4,16,782
0,3,4,17,753
0,3,4,18,763
0,3,4,19,765
0,3,4,20,753
0,3,4,21,768
0,3,4,22,775
0,3,4,23,777
0,3,4,24,755
0,3,4,25,754
0,3,4,26,789
0,3,4,27,756
0,3,4,28,766
0,3,4,29,771
0,3,4,30,764
0,3,4,31,769
0,3,5,0,756
0,3,5,1,755
0,3,5,2,756
0,3,5,3,766
0,3,5,4,758
0,3,5,5,813
0,3,5,6,758
0,3,5,7,753
0,3,5,8,786
0,3,5,9,756
0,3,5,10,762
0,3,5,11,769
0,3,5,12,768
0,3,5,13,816
0,3,5,14,766
0,3,5,15,802
0,3,5,16,759
0,3,5,17,758
0,3,5,18,794
0,3,5,19,766
0,3,5,20,755
0,3,5,21,780
0,3,5,22,772
0,3,5,23,747
0,3,5,24,764
0,3,5,25,759
0,3,5,26,797
0,3,5,27,765
0,3,5,28,778
0,3,5,29,816
0,3,5,30,774
0,3,5,31,785
0,2,5,0,762
0,2,5,1,778
0,2,5,2,790
0,2,5,3,771
0,2,5,4,765
0,2,5,5,752
0,2,5,6,756
0,2,5,7,750
0,2,5,8,758
0,2,5,9,760
0,2,5,10,767
0,2,5,11,749
0,2,5,12,750
0,2,5,13,774
0,2,5,14,749
0,2,5,15,744
0,2,5,16,766
0,2,5,17,748
0,2,5,18,768
0,2,5,19,758
0,2,5,20,755
0,2,5,21,761
0,2,5,22,741
0,2,5,23,760
0,2,5,24,753
0,2,5,25,740
0,2,5,26,765
0,2,5,27,747
0,2,5,28,751
0,2,5,29,765
0,2,5,30,753
0,2,5,31,758
0,1,5,0,793
0,1,5,1,824
0,1,5,2,828
0,1,5,3,814
0,1,5,4,818
0,1,5,5,811
0,1,5,6,819
0,1,5,7,835
0,1,5,8,902
0,1,5,9,819
0,1,5,10,847
0,1,5,11,806
0,1,5,12,814
0,1,5,13,827
0,1,5,14,793
0,1,5,15,839
0,1,5,16,823
0,1,5,17,795
0,1,5,18,831
0,1,5,19,805
0,1,5,20,800
0,1,5,21,849
0,1,5,22,885
0,1,5,23,822
0,1,5,24,831
0,1,5,25,807
0,1,5,26,810
0,1,5,27,810
0,1,5,28,791
0,1,5,29,826
0,1,5,30,787
0,1,5,31,785
0,0,5,0,794
0,0,5,1,809
0,0,5,2,833
0,0,5,3,808
0,0,5,4,816
0,0,5,5,811
0,0,5,6,813
0,0,5,7,821
0,0,5,8,816
0,0,5,9,823
0,0,5,10,820
0,0,5,11,812
0,0,5,12,809
0,0,5,13,823
0,0,5,14,799
0,0,5,15,840
0,0,5,16,825
0,0,5,17,796
0,0,5,18,820
0,0,5,19,787
0,0,5,20,801
0,0,5,21,819
0,0,5,22,782
0,0,5,23,799
0,0,5,24,821
0,0,5,25,792
0,0,5,26,811
0,0,5,27,788
0,0,5,28,797
0,0,5,29,826
0,0,5,30,781
0,0,5,31,807
0,0,6,0,793
0,0,6,1,763
0,0,6,2,777
0,0,6,3,807
0,0,6,4,798
0,0,6,5,831
0,0,6,6,798
0,0,6,7,818
0,0,6,8,791
0,0,6,9,838
0,0,6,10,833
0,0,6,11,801
0,0,6,12,812
0,0,6,13,792
0,0,6,14,806
0,0,6,15,795
0,0,6,16,802
0,0,6,17,796
0,0,6,18,814
0,0,6,19,801
0,0,6,20,812
0,0,6,21,839
0,0,6,22,783
0,0,6,23,850
0,0,6,24,799
0,0,6,25,802
0,0,6,26,817
0,0,6,27,793
0,0,6,28,819
0,0,6,29,817
0,0,6,30,807
0,0,6,31,818
0,1,6,0,769
0,1,6,1,815
0,1,6,2,813
0,1,6,3,821
0,1,6,4,832
0,1,6,5,813
0,1,6,6,820
0,1,6,7,832
0,1,6,8,854
0,1,6,9,831
0,1,6,10,832
0,1,6,11,825
0,1,6,12,828
0,1,6,13,839
0,1,6,14,834
0,1,6,15,830
0,1,6,16,845
0,1,6,17,796
0,1,6,18,832
0,1,6,19,825
0,1,6,20,824
0,1,6,21,816
0,1,6,22,831
0,1,6,23,816
0,1,6,24,836
0,1,6,25,816
0,1,6,26,838
0,1,6,27,808
0,1,6,28,817
0,1,6,29,794
0,1,6,30,792
0,1,6,31,808
0,2,6,0,743
0,2,6,1,777
0,2,6,2,770
0,2,6,3,773
0,2,6,4,782
0,2,6,5,764
0,2,6,6,746
0,2,6,7,754
0,2,6,8,760
0,2,6,9,755
0,2,6,10,763
0,2,6,11,758
0,2,6,12,766
0,2,6,13,760
0,2,6,14,737
0,2,6,15,754
0,2,6,16,753
0,2,6,17,755
0,2,6,18,743
0,2,6,19,766
0,2,6,20,742
0,2,6,21,761
0,2,6,22,740
0,2,6,23,753
0,2,6,24,902
0,2,6,25,749
0,2,6,26,758
0,2,6,27,763
0,2,6,28,764
0,2,6,29,781
0,2,6,30,752
0,2,6,31,774
0,3,6,0,789
0,3,6,1,797
0,3,6,2,774
0,3,6,3,784
0,3,6,4,793
0,3,6,5,773
0,3,6,6,764
0,3,6,7,765
0,3,6,8,840
0,3,6,9,746
0,3,6,10,770
0,3,6,11,765
0,3,6,12,761
0,3,6,13,799
0,3,6,14,757
0,3,6,15,753
0,3,6,16,786
0,3,6,17,759
0,3,6,18,766
0,3,6,19,766
0,3,6,20,744
0,3,6,21,786
0,3,6,22,740
0,3,6,23,795
0,3,6,24,769
0,3,6,25,753
0,3,6,26,760
0,3,6,27,767
0,3,6,28,763
0,3,6,29,774
0,3,6,30,751
0,3,6,31,760
0,3,7,0,754
0,3,7,1,743
0,3,7,2,752
0,3,7,3,769
0,3,7,4,764
0,3,7,5,836
0,3,7,6,765
0,3,7,7,754
0,3,7,8,766
0,3,7,9,781
0,3,7,10,762
0,3,7,11,769
0,3,7,12,774
0,3,7,13,761
0,3,7,14,759
0,3,7,15,752
0,3,7,16,780
0,3,7,17,758
0,3,7,18,784
0,3,7,19,762
0,3,7,20,779
0,3,7,21,786
0,3,7,22,764
0,3,7,23,770
0,3,7,24,825
0,3,7,25,761
0,3,7,26,790
0,3,7,27,771
0,3,7,28,776
0,3,7,29,799
0,3,7,30,764
0,3,7,31,786
0,2,7,0,750
0,2,7,1,773
0,2,7,2,774
0,2,7,3,781
0,2,7,4,757
0,2,7,5,784
0,2,7,6,739
0,2,7,7,756
0,2,7,8,773
0,2,7,9,758
0,2,7,10,780
0,2,7,11,761
0,2,7,12,757
0,2,7,13,807
0,2,7,14,752
0,2,7,15,756
0,2,7,16,766
0,2,7,17,744
0,2,7,18,767
0,2,7,19,769
0,2,7,20,741
0,2,7,21,778
0,2,7,22,751
0,2,7,23,746
0,2,7,24,767
0,2,7,25,755
0,2,7,26,761
0,2,7,27,771
0,2,7,28,763
0,2,7,29,775
0,2,7,30,746
0,2,7,31,772
0,1,7,0,791
0,1,7,1,807
0,1,7,2,817
0,1,7,3,815
0,1,7,4,825
0,1,7,5,830
0,1,7,6,817
0,1,7,7,818
0,1,7,8,820
0,1,7,9,816
0,1,7,10,860
0,1,7,11,815
0,1,7,12,816
0,1,7,13,849
0,1,7,14,825
0,1,7,15,816
0,1,7,16,810
0,1,7,17,801
0,1,7,18,837
0,1,7,19,829
0,1,7,20,822
0,1,7,21,845
0,1,7,22,875
0,1,7,23,829
0,1,7,24,819
0,1,7,25,784
0,1,7,26,837
0,1,7,27,792
0,1,7,28,810
0,1,7,29,840
0,1,7,30,803
0,1,7,31,817
0,0,7,0,810
0,0,7,1,812
0,0,7,2,804
0,0,7,3,804
0,0,7,4,787
0,0,7,5,811
0,0,7,6,802
0,0,7,7,811
0,0,7,8,823
0,0,7,9,814
0,0,7,10,843
0,0,7,11,790
0,0,7,12,803
0,0,7,13,838
0,0,7,14,815
0,0,7,15,812
0,0,7,16,827
0,0,7,17,800
0,0,7,18,821
0,0,7,19,786
0,0,7,20,801
0,0,7,21,847
0,0,7,22,799
0,0,7,23,801
0,0,7,24,813
0,0,7,25,798
0,0,7,26,848
0,0,7,27,810
0,0,7,28,811
0,0,7,29,812
0,0,7,30,793
0,0,7,31,794
1,0,0,0,59103
1,0,0,1,59011
1,0,0,2,58672
1,0,0,3,59233
1,0,0,4,58518
1,0,0,5,59014
1,0,0,6,58476
1,0,0,7,58764
1,0,0,8,58729
1,0,0,9,58537
1,0,0,10,58541
1,0,0,11,57947
1,0,0,12,58851
1,0,0,13,58183
1,0,0,14,58962
1,0,0,15,58897
1,0,0,16,59150
1,0,0,17,58400
1,0,0,18,58806
1,0,0,19,58772
1,0,0,20,58638
1,0,0,21,59166
1,0,0,22,58063
1,0,0,23,58846
1,0,0,24,59324
1,0,0,25,58417
1,0,0,26,58690
1,0,0,27,59054
1,0,0,28,58849
1,0,0,29,58574
1,0,0,30,58793
1,0,0,31,58963
1,1,0,0,59305
1,1,0,1,59408
1,1,0,2,58488
1,1,0,3,58833
1,1,0,4,59017
1,1,0,5,58998
1,1,0,6,58987
1,1,0,7,58990
1,1,0,8,58595
1,1,0,9,58455
1,1,0,10,58939
1,1,0,11,59264
1,1,0,12,59189
1,1,0,13,60043
1,1,0,14,59161
1,1,0,15,59656
1,1,0,16,59644
1,1,0,17,59269
1,1,0,18,59466
1,1,0,19,59010
1,1,0,20,58655
1,1,0,21,58681
1,1,0,22,58680
1,1,0,23,58665
1,1,0,24,59879
1,1,0,25,58513
1,1,0,26,58372
1,1,0,27,58956
1,1,0,28,58520
1,1,0,29,58698
1,1,0,30,58681
1,1,0,31,58624
1,2,0,0,58935
1,2,0,1,58754
1,2,0,2,58688
1,2,0,3,58865
1,2,0,4,58485
1,2,0,5,58387
1,2,0,6,59685
1,2,0,7,58952
1,2,0,8,59483
1,2,0,9,58881
1,2,0,10,58585
1,2,0,11,59223
1,2,0,12,59340
1,2,0,13,58315
1,2,0,14,58943
1,2,0,15,58961
1,2,0,16,59238
1,2,0,17,58868
1,2,0,18,58691
1,2,0,19,59835
1,2,0,20,58688
1,2,0,21,59023
1,2,0,22,58485
1,2,0,23,58613
1,2,0,24,58628
1,2,0,25,58856
1,2,0,26,58192
1,2,0,27,59118
1,2,0,28,58867
1,2,0,29,58758
1,2,0,30,59605
1,2,0,31,58694
1,3,0,0,58857
1,3,0,1,58703
1,3,0,2,58555
1,3,0,3,58666
1,3,0,4,58670
1,3,0,5,58801
1,3,0,6,58851
1,3,0,7,58614
1,3,0,8,59035
1,3,0,9,58402
1,3,0,10,58680
1,3,0,11,58845
1,3,0,12,59163
1,3,0,13,58987
1,3,0,14,58615
1,3,0,15,58702
1,3,0,16,58623
1,3,0,17,58972
1,3,0,18,58819
1,3,0,19,58770
1,3,0,20,58796
1,3,0,21,58138
1,3,0,22,58397
1,3,0,23,58480
1,3,0,24,58967
1,3,0,25,59128
1,3,0,26,59310
1,3,0,27,58827
1,3,0,28,58706
1,3,0,29,58441
1,3,0,30,59203
1,3,0,31,58756
1,3,1,0,58944
1,3,1,1,59137
1,3,1,2,59201
1,3,1,3,58958
1,3,1,4,58744
1,3,1,5,58593
1,3,1,6,58407
1,3,1,7,58578
1,3,1,8,58894
1,3,1,9,58317
1,3,1,10,59233
1,3,1,11,58817
1,3,1,12,58904
1,3,1,13,58404
1,3,1,14,58679
1,3,1,15,58509
1,3,1,16,58431
1,3,1,17,59322
1,3,1,18,58934
1,3,1,19,60766
1,3,1,20,59848
1,3,1,21,59023
1,3,1,22,58277
1,3,1,23,58593
1,3,1,24,58906
1,3,1,25,58780
1,3,1,26,58477
1,3,1,27,58567
1,3,1,28,58623
1,3,1,29,59163
1,3,1,30,58820
1,3,1,31,58921
1,2,1,0,58364
1,2,1,1,59661
1,2,1,2,58619
1,2,1,3,58139
1,2,1,4,58639
1,2,1,5,59048
1,2,1,6,58672
1,2,1,7,58526
1,2,1,8,58948
1,2,1,9,59462
1,2,1,10,58888
1,2,1,11,59427
1,2,1,12,58733
1,2,1,13,58091
1,2,1,14,59680
1,2,1,15,58927
1,2,1,16,59089
1,2,1,17,58842
1,2,1,18,58785
1,2,1,19,58464
1,2,1,20,58493
1,2,1,21,58753
1,2,1,22,58449
1,2,1,23,59347
1,2,1,24,58257
1,2,1,25,58408
1,2,1,26,58584
1,2,1,27,58822
1,2,1,28,59670
1,2,1,29,58622
1,2,1,30,58529
1,2,1,31,59119
1,1,1,0,59011
1,1,1,1,59081
1,1,1,2,58575
1,1,1,3,59136
1,1,1,4,58947
1,1,1,5,58819
1,1,1,6,58776
1,1,1,7,58616
1,1,1,8,58572
1,1,1,9,59127
1,1,1,10,59080
1,1,1,11,58784
1,1,1,12,58588
1,1,1,13,58651
1,1,1,14,58558
1,1,1,15,58359
1,1,1,16,58737
1,1,1,17,59547
1,1,1,18,58948
1,1,1,19,58487
1,1,1,20,58952
1,1,1,21,58703
1,1,1,22,58586
1,1,1,23,58814
1,1,1,24,59455
1,1,1,25,59008
1,1,1,26,58750
1,1,1,27,58869
1,1,1,28,60126
1,1,1,29,59067
1,1,1,30,58714
1,1,1,31,58778
1,0,1,0,58812
1,0,1,1,59095
1,0,1,2,58534
1,0,1,3,58456
1,0,1,4,58968
1,0,1,5,58668
1,0,1,6,58933
1,0,1,7,58601
1,0,1,8,58661
1,0,1,9,58756
1,0,1,10,58912
1,0,1,11,58623
1,0,1,12,59005
1,0,1,13,59021
1,0,1,14,58627
1,0,1,15,58833
1,0,1,16,59113
1,0,1,17,58923
1,0,1,18,59323
1,0,1,19,58411
1,0,1,20,59662
1,0,1,21,58875
1,0,1,22,59043
1,0,1,23,58810
1,0,1,24,58084
1,0,1,25,58657
1,0,1,26,59185
1,0,1,27,59077
1,0,1,28,58741
1,0,1,29,59110
1,0,1,30,59120
1,0,1,31,59015
1,0,2,0,58540
1,0,2,1,59960
1,0,2,2,59027
1,0,2,3,58774
1,0,2,4,59178
1,0,2,5,58902
1,0,2,6,58586
1,0,2,7,59137
1,0,2,8,58678
1,0,2,9,58978
1,0,2,10,58877
1,0,2,11,59220
1,0,2,12,58630
1,0,2,13,58921
1,0,2,14,58818
1,0,2,15,59647
1,0,2,16,59341
1,0,2,17,58426
1,0,2,18,58659
1,0,2,19,58571
1,0,2,20,59942
1,0,2,21,59153
1,0,2,22,58925
1,0,2,23,58708
1,0,2,24,58667
1,0,2,25,59122
1,0,2,26,58955
1,0,2,27,59159
1,0,2,28,58437
1,0,2,29,58817
1,0,2,30,58751
1,0,2,31,58799
1,1,2,0,58677
1,1,2,1,58785
1,1,2,2,58903
1,1,2,3,59825
1,1,2,4,58709
1,1,2,5,58780
1,1,2,6,58659
1,1,2,7,58382
1,1,2,8,58916
1,1,2,9,58574
1,1,2,10,59018
1,1,2,11,58170
1,1,2,12,59350
1,1,2,13,59041
1,1,2,14,59100
1,1,2,15,59048
1,1,2,16,59081
1,1,2,17,59486
1,1,2,18,59030
1,1,2,19,59459
1,1,2,20,58485
1,1,2,21,58227
1,1,2,22,58847
1,1,2,23,58766
1,1,2,24,58334
1,1,2,25,58391
1,1,2,26,58885
1,1,2,27,58576
1,1,2,28,58961
1,1,2,29,58573
1,1,2,30,59429
1,1,2,31,58871
1,2,2,0,58918
1,2,2,1,59115
1,2,2,2,58574
1,2,2,3,58671
1,2,2,4,58880
1,2,2,5,59327
1,2,2,6,58508
1,2,2,7,59044
1,2,2,8,58539
1,2,2,9,58379
1,2,2,10,58698
1,2,2,11,58809
1,2,2,12,58664
1,2,2,13,58318
1,2,2,14,58875
1,2,2,15,58851
1,2,2,16,58741
1,2,2,17,58761
1,2,2,18,58851
1,2,2,19,58666
1,2,2,20,58805
1,2,2,21,59036
1,2,2,22,59413
1,2,2,23,58452
1,2,2,24,59131
1,2,2,25,58644
1,2,2,26,58438
1,2,2,27,59044
1,2,2,28,58923
1,2,2,29,59464
1,2,2,30,59046
1,2,2,31,59179
1,3,2,0,58957
1,3,2,1,58913
1,3,2,2,58670
1,3,2,3,58488
1,3,2,4,58908
1,3,2,5,58737
1,3,2,6,59286
1,3,2,7,59518
1,3,2,8,58822
1,3,2,9,58483
1,3,2,10,59025
1,3,2,11,58666
1,3,2,12,58649
1,3,2,13,58892
1,3,2,14,59373
1,3,2,15,58929
1,3,2,16,58882
1,3,2,17,61579
1,3,2,18,58745
1,3,2,19,58705
1,3,2,20,58179
1,3,2,21,59192
1,3,2,22,58440
1,3,2,23,58841
1,3,2,24,59149
1,3,2,25,58735
1,3,2,26,59194
1,3,2,27,58761
1,3,2,28,58758
1,3,2,29,58839
1,3,2,30,58688
1,3,2,31,58997
1,3,3,0,58509
1,3,3,1,58871
1,3,3,2,59687
1,3,3,3,58555
1,3,3,4,58372
1,3,3,5,59458
1,3,3,6,58451
1,3,3,7,58745
1,3,3,8,58735
1,3,3,9,58737
1,3,3,10,59259
1,3,3,11,58429
1,3,3,12,59851
1,3,3,13,58969
1,3,3,14,58787
1,3,3,15,58801
1,3,3,16,58628
1,3,3,17,58615
1,3,3,18,58698
1,3,3,19,58764
1,3,3,20,58482
1,3,3,21,58357
1,3,3,22,58397
1,3,3,23,58993
1,3,3,24,58835
1,3,3,25,59364
1,3,3,26,58687
1,3,3,27,58511
1,3,3,28,59258
1,3,3,29,58640
1,3,3,30,59114
1,3,3,31,58492
1,2,3,0,58745
1,2,3,1,58580
1,2,3,2,58607
1,2,3,3,58805
1,2,3,4,59668
1,2,3,5,59039
1,2,3,6,58574
1,2,3,7,60120
1,2,3,8,58944
1,2,3,9,58378
1,2,3,10,58550
1,2,3,11,58596
1,2,3,12,59162
1,2,3,13,58864
1,2,3,14,58725
1,2,3,15,59585
1,2,3,16,58626
1,2,3,17,59338
1,2,3,18,58911
1,2,3,19,58801
1,2,3,20,58360
1,2,3,21,58689
1,2,3,22,59083
1,2,3,23,58891
1,2,3,24,59451
1,2,3,25,58853
1,2,3,26,59290
1,2,3,27,58925
1,2,3,28,59055
1,2,3,29,58647
1,2,3,30,58735
1,2,3,31,58687
1,1,3,0,58787
1,1,3,1,58400
1,1,3,2,59362
1,1,3,3,58908
1,1,3,4,59155
1,1,3,5,59215
1,1,3,6,58684
1,1,3,7,58783
1,1,3,8,58785
1,1,3,9,58525
1,1,3,10,58959
1,1,3,11,59156
1,1,3,12,59145
1,1,3,13,58764
1,1,3,14,58485
1,1,3,15,58574
1,1,3,16,59771
1,1,3,17,59024
1,1,3,18,58853
1,1,3,19,58662
1,1,3,20,59792
1,1,3,21,58922
1,1,3,22,59380
1,1,3,23,58781
1,1,3,24,58791
1,1,3,25,58743
1,1,3,26,58788
1,1,3,27,58483
1,1,3,28,58600
1,1,3,29,58962
1,1,3,30,58651
1,1,3,31,58763
1,0,3,0,58873
1,0,3,1,58426
1,0,3,2,58712
1,0,3,3,58644
1,0,3,4,58451
1,0,3,5,58784
1,0,3,6,59177
1,0,3,7,58447
1,0,3,8,58868
1,0,3,9,58725
1,0,3,10,58612
1,0,3,11,59368
1,0,3,12,58893
1,0,3,13,58608
1,0,3,14,58910
1,0,3,15,58866
1,0,3,16,59023
1,0,3,17,58891
1,0,3,18,59165
1,0,3,19,58179
1,0,3,20,58774
1,0,3,21,58636
1,0,3,22,58352
1,0,3,23,57871
1,0,3,24,58968
1,0,3,25,58494
1,0,3,26,58725
1,0,3,27,58594
1,0,3,28,59407
1,0,3,29,58443
1,0,3,30,58942
1,0,3,31,59049
1,0,4,0,59051
1,0,4,1,58874
1,0,4,2,58442
1,0,4,3,58756
1,0,4,4,58310
1,0,4,5,58692
1,0,4,6,58798
1,0,4,7,58809
1,0,4,8,58643
1,0,4,9,58473
1,0,4,10,58758
1,0,4,11,58769
1,0,4,12,58779
1,0,4,13,58864
1,0,4,14,58713
1,0,4,15,58896
1,0,4,16,58564
1,0,4,17,58521
1,0,4,18,58836
1,0,4,19,58307
1,0,4,20,59537
1,0,4,21,58793
1,0,4,22,58704
1,0,4,23,58609
1,0,4,24,58558
1,0,4,25,58714
1,0,4,26,58862
1,0,4,27,60378
1,0,4,28,58813
1,0,4,29,59323
1,0,4,30,58979
1,0,4,31,58666
1,1,4,0,59567
1,1,4,1,58664
1,1,4,2,58790
1,1,4,3,58842
1,1,4,4,58232
1,1,4,5,58252
1,1,4,6,58836
1,1,4,7,58984
1,1,4,8,58825
1,1,4,9,59009
1,1,4,10,58723
1,1,4,11,58595
1,1,4,12,59030
1,1,4,13,58227
1,1,4,14,58493
1,1,4,15,59672
1,1,4,16,59285
1,1,4,17,58750
1,1,4,18,59175
1,1,4,19,58351
1,1,4,20,58563
1,1,4,21,58715
1,1,4,22,60269
1,1,4,23,58913
1,1,4,24,58604
1,1,4,25,58527
1,1,4,26,58900
1,1,4,27,59248
1,1,4,28,59164
1,1,4,29,59005
1,1,4,30,58282
1,1,4,31,59304
1,2,4,0,58647
1,2,4,1,58633
1,2,4,2,58756
1,2,4,3,58557
1,2,4,4,58685
1,2,4,5,58584
1,2,4,6,58390
1,2,4,7,59128
1,2,4,8,58753
1,2,4,9,58966
1,2,4,10,59776
1,2,4,11,58572
1,2,4,12,58873
1,2,4,13,58696
1,2,4,14,58842
1,2,4,15,58638
1,2,4,16,58477
1,2,4,17,58870
1,2,4,18,58240
1,2,4,19,58649
1,2,4,20,59640
1,2,4,21,58980
1,2,4,22,59116
1,2,4,23,58986
1,2,4,24,59008
1,2,4,25,59019
1,2,4,26,59127
1,2,4,27,58531
1,2,4,28,58968
1,2,4,29,58543
1,2,4,30,58935
1,2,4,31,59028
1,3,4,0,58873
1,3,4,1,59053
1,3,4,2,58712
1,3,4,3,59048
1,3,4,4,58799
1,3,4,5,58857
1,3,4,6,58836
1,3,4,7,58504
1,3,4,8,59607
1,3,4,9,59261
1,3,4,10,58919
1,3,4,11,59417
1,3,4,12,59331
1,3,4,13,58789
1,3,4,14,58277
1,3,4,15,59076
1,3,4,16,58837
1,3,4,17,58731
1,3,4,18,58945
1,3,4,19,58848
1,3,4,20,58776
1,3,4,21,58784
1,3,4,22,58242
1,3,4,23,58562
1,3,4,24,58515
1,3,4,25,58600
1,3,4,26,59115
1,3,4,27,58894
1,3,4,28,58853
1,3,4,29,59704
1,3,4,30,58828
1,3,4,31,58673
1,3,5,0,58689
1,3,5,1,58834
1,3,5,2,58751
1,3,5,3,58580
1,3,5,4,58892
1,3,5,5,59159
1,3,5,6,58848
1,3,5,7,59323
1,3,5,8,58585
1,3,5,9,59063
1,3,5,10,59136
1,3,5,11,59592
1,3,5,12,58354
1,3,5,13,58801
1,3,5,14,58703
1,3,5,15,58557
1,3,5,16,59434
1,3,5,17,58893
1,3,5,18,58999
1,3,5,19,58347
1,3,5,20,58655
1,3,5,21,58683
1,3,5,22,59120
1,3,5,23,59041
1,3,5,24,60428
1,3,5,25,58461
1,3,5,26,58520
1,3,5,27,59188
1,3,5,28,58744
1,3,5,29,58585
1,3,5,30,58534
1,3,5,31,58603
1,2,5,0,58445
1,2,5,1,58502
1,2,5,2,59002
1,2,5,3,58744
1,2,5,4,58729
1,2,5,5,58665
1,2,5,6,58693
1,2,5,7,59189
1,2,5,8,58565
1,2,5,9,59007
1,2,5,10,58686
1,2,5,11,58871
1,2,5,12,59554
1,2,5,13,58744
1,2,5,14,59156
1,2,5,15,58701
1,2,5,16,59349
1,2,5,17,59652
1,2,5,18,58889
1,2,5,19,59068
1,2,5,20,58651
1,2,5,21,58696
1,2,5,22,58356
1,2,5,23,58810
1,2,5,24,58809
1,2,5,25,58465
1,2,5,26,58752
1,2,5,27,58601
1,2,5,28,58637
1,2,5,29,58620
1,2,5,30,59014
1,2,5,31,58848
1,1,5,0,58755
1,1,5,1,58413
1,1,5,2,58878
1,1,5,3,58792
1,1,5,4,60091
1,1,5,5,58852
1,1,5,6,58811
1,1,5,7,58769
1,1,5,8,59213
1,1,5,9,58493
1,1,5,10,58811
1,1,5,11,58607
1,1,5,12,58081
1,1,5,13,58808
1,1,5,14,59390
1,1,5,15,58972
1,1,5,16,58693
1,1,5,17,59163
1,1,5,18,59062
1,1,5,19,59288
1,1,5,20,58537
1,1,5,21,58739
1,1,5,22,58865
1,1,5,23,58980
1,1,5,24,58838
1,1,5,25,59081
1,1,5,26,59204
1,1,5,27,58570
1,1,5,28,58999
1,1,5,29,58845
1,1,5,30,58915
1,1,5,31,58595
1,0,5,0,58919
1,0,5,1,58449
1,0,5,2,58307
1,0,5,3,58244
1,0,5,4,58909
1,0,5,5,58390
1,0,5,6,59045
1,0,5,7,58804
1,0,5,8,59014
1,0,5,9,58699
1,0,5,10,59170
1,0,5,11,58885
1,0,5,12,59557
1,0,5,13,58828
1,0,5,14,58751
1,0,5,15,58839
1,0,5,16,59075
1,0,5,17,58350
1,0,5,18,58843
1,0,5,19,58963
1,0,5,20,58495
1,0,5,21,58906
1,0,5,22,58533
1,0,5,23,59384
1,0,5,24,59138
1,0,5,25,58810
1,0,5,26,58790
1,0,5,27,58686
1,0,5,28,58998
1,0,5,29,59158
1,0,5,30,58887
1,0,5,31,58412
1,0,6,0,59227
1,0,6,1,58443
1,0,6,2,58395
1,0,6,3,60037
1,0,6,4,58715
1,0,6,5,58568
1,0,6,6,58125
1,0,6,7,58665
1,0,6,8,58543
1,0,6,9,58728
1,0,6,10,58774
1,0,6,11,58374
1,0,6,12,58722
1,0,6,13,58593
1,0,6,14,58976
1,0,6,15,59599
1,0,6,16,59065
1,0,6,17,58841
1,0,6,18,59207
1,0,6,19,58740
1,0,6,20,59408
1,0,6,21,59185
1,0,6,22,59171
1,0,6,23,58532
1,0,6,24,58971
1,0,6,25,59068
1,0,6,26,58666
1,0,6,27,58838
1,0,6,28,58856
1,0,6,29,58904
1,0,6,30,59324
1,0,6,31,58684
1,1,6,0,58513
1,1,6,1,59003
1,1,6,2,58932
1,1,6,3,58939
1,1,6,4,58957
1,1,6,5,58802
1,1,6,6,59472
1,1,6,7,58942
1,1,6,8,58616
1,1,6,9,58490
1,1,6,10,58810
1,1,6,11,58553
1,1,6,12,58629
1,1,6,13,58933
1,1,6,14,58832
1,1,6,15,58326
1,1,6,16,59037
1,1,6,17,58520
1,1,6,18,58826
1,1,6,19,59006
1,1,6,20,58952
1,1,6,21,58491
1,1,6,22,59208
1,1,6,23,58618
1,1,6,24,59144
1,1,6,25,58414
1,1,6,26,58426
1,1,6,27,58813
1,1,6,28,58440
1,1,6,29,58356
1,1,6,30,59699
1,1,6,31,58959
1,2,6,0,58710
1,2,6,1,58699
1,2,6,2,58713
1,2,6,3,58970
1,2,6,4,58599
1,2,6,5,59169
1,2,6,6,59010
1,2,6,7,58628
1,2,6,8,58803
1,2,6,9,58678
1,2,6,10,59058
1,2,6,11,58975
1,2,6,12,58488
1,2,6,13,59041
1,2,6,14,58552
1,2,6,15,58500
1,2,6,16,58869
1,2,6,17,59093
1,2,6,18,58989
1,2,6,19,58766
1,2,6,20,58747
1,2,6,21,58847
1,2,6,22,58459
1,2,6,23,58279
1,2,6,24,59028
1,2,6,25,58541
1,2,6,26,59110
1,2,6,27,58802
1,2,6,28,58678
1,2,6,29,58913
1,2,6,30,59442
1,2,6,31,59001
1,3,6,0,59314
1,3,6,1,58758
1,3,6,2,58671
1,3,6,3,59529
1,3,6,4,58846
1,3,6,5,59005
1,3,6,6,58543
1,3,6,7,58600
1,3,6,8,58803
1,3,6,9,58964
1,3,6,10,59208
1,3,6,11,59061
1,3,6,12,58770
1,3,6,13,59035
1,3,6,14,59423
1,3,6,15,59111
1,3,6,16,58912
1,3,6,17,59610
1,3,6,18,59583
1,3,6,19,59192
1,3,6,20,58901
1,3,6,21,58515
1,3,6,22,58673
1,3,6,23,59129
1,3,6,24,58987
1,3,6,25,58849
1,3,6,26,59202
1,3,6,27,58727
1,3,6,28,58485
1,3,6,29,58890
1,3,6,30,58868
1,3,6,31,58363
1,3,7,0,58472
1,3,7,1,58973
1,3,7,2,58832
1,3,7,3,58946
1,3,7,4,59254
1,3,7,5,58675
1,3,7,6,58709
1,3,7,7,58505
1,3,7,8,59089
1,3,7,9,60419
1,3,7,10,59147
1,3,7,11,58712
1,3,7,12,60450
1,3,7,13,58222
1,3,7,14,59294
1,3,7,15,59319
1,3,7,16,58806
1,3,7,17,58236
1,3,7,18,58546
1,3,7,19,58093
1,3,7,20,58903
1,3,7,21,58894
1,3,7,22,58563
1,3,7,23,58684
1,3,7,24,58938
1,3,7,25,58959
1,3,7,26,58656
1,3,7,27,58963
1,3,7,28,58721
1,3,7,29,59038
1,3,7,30,58941
1,3,7,31,58974
1,2,7,0,59199
1,2,7,1,58798
1,2,7,2,59161
1,2,7,3,57819
1,2,7,4,58652
1,2,7,5,58850
1,2,7,6,59259
1,2,7,7,58713
1,2,7,8,58736
1,2,7,9,58579
1,2,7,10,59294
1,2,7,11,58262
1,2,7,12,58903
1,2,7,13,58782
1,2,7,14,58825
1,2,7,15,59485
1,2,7,16,59547
1,2,7,17,59157
1,2,7,18,59257
1,2,7,19,58858
1,2,7,20,58540
1,2,7,21,59016
1,2,7,22,62296
1,2,7,23,59647
1,2,7,24,69281
1,2,7,25,58716
1,2,7,26,59164
1,2,7,27,59043
1,2,7,28,59340
1,2,7,29,58994
1,2,7,30,59044
1,2,7,31,58389
1,1,7,0,58768
1,1,7,1,58451
1,1,7,2,58142
1,1,7,3,58676
1,1,7,4,58797
1,1,7,5,58467
1,1,7,6,58454
1,1,7,7,59161
1,1,7,8,59081
1,1,7,9,58693
1,1,7,10,58645
1,1,7,11,58752
1,1,7,12,58446
1,1,7,13,58849
1,1,7,14,58421
1,1,7,15,58344
1,1,7,16,69690
1,1,7,17,58266
1,1,7,18,59386
1,1,7,19,59454
1,1,7,20,58871
1,1,7,21,58829
1,1,7,22,58567
1,1,7,23,58720
1,1,7,24,58620
1,1,7,25,58806
1,1,7,26,59176
1,1,7,27,58791
1,1,7,28,58962
1,1,7,29,59014
1,1,7,30,59127
1,1,7,31,58513
1,0,7,0,58874
1,0,7,1,58329
1,0,7,2,59105
1,0,7,3,58760
1,0,7,4,58745
1,0,7,5,58652
1,0,7,6,58502
1,0,7,7,58694
1,0,7,8,70191
1,0,7,9,58743
1,0,7,10,58909
1,0,7,11,59273
1,0,7,12,58613
1,0,7,13,58953
1,0,7,14,58361
1,0,7,15,58175
1,0,7,16,58190
1,0,7,17,58743
1,0,7,18,58647
1,0,7,19,58687
1,0,7,20,59549
1,0,7,21,58749
1,0,7,22,58816
1,0,7,23,59784
1,0,7,24,58564
1,0,7,25,58580
1,0,7,26,58923
1,0,7,27,58998
1,0,7,28,58843
1,0,7,29,58819
1,0,7,30,58481
1,0,7,31,58689
2,0,0,0,28421
2,0,0,1,28429
2,0,0,2,28128
2,0,0,3,28417
2,0,0,4,28359
2,0,0,5,28435
2,0,0,6,28505
2,0,0,7,28357
2,0,0,8,28232
2,0,0,9,53103
2,0,0,10,102323
2,0,0,11,66795
2,0,0,12,28113
2,0,0,13,28505
2,0,0,14,28243
2,0,0,15,28117
2,0,0,16,28171
2,0,0,17,28183
2,0,0,18,28189
2,0,0,19,28010
2,0,0,20,28010
2,0,0,21,27826
2,0,0,22,28349
2,0,0,23,28215
2,0,0,24,28127
2,0,0,25,27927
2,0,0,26,28207
2,0,0,27,28110
2,0,0,28,28179
2,0,0,29,28047
2,0,0,30,28095
2,0,0,31,28409
2,1,0,0,28214
2,1,0,1,28184
2,1,0,2,28171
2,1,0,3,28052
2,1,0,4,28167
2,1,0,5,28224
2,1,0,6,28075
2,1,0,7,28458
2,1,0,8,28209
2,1,0,9,28250
2,1,0,10,28192
2,1,0,11,28372
2,1,0,12,28292
2,1,0,13,28376
2,1,0,14,28444
2,1,0,15,28371
2,1,0,16,28335
2,1,0,17,28355
2,1,0,18,28461
2,1,0,19,28161
2,1,0,20,28041
2,1,0,21,28088
2,1,0,22,28276
2,1,0,23,28345
2,1,0,24,28208
2,1,0,25,28324
2,1,0,26,28329
2,1,0,27,28404
2,1,0,28,28387
2,1,0,29,28405
2,1,0,30,28414
2,1,0,31,28287
2,2,0,0,27842
2,2,0,1,28584
2,2,0,2,28379
2,2,0,3,28349
2,2,0,4,28311
2,2,0,5,27982
2,2,0,6,28425
2,2,0,7,28463
2,2,0,8,28308
2,2,0,9,28413
2,2,0,10,28137
2,2,0,11,28312
2,2,0,12,28332
2,2,0,13,28421
2,2,0,14,28119
2,2,0,15,28371
2,2,0,16,27988
2,2,0,17,27952
2,2,0,18,28446
2,2,0,19,28367
2,2,0,20,28364
2,2,0,21,28460
2,2,0,22,27828
2,2,0,23,27879
2,2,0,24,28441
2,2,0,25,28449
2,2,0,26,31740
2,2,0,27,28362
2,2,0,28,27976
2,2,0,29,28393
2,2,0,30,28324
2,2,0,31,28263
2,3,0,0,27885
2,3,0,1,28401
2,3,0,2,28396
2,3,0,3,27907
2,3,0,4,28339
2,3,0,5,27916
2,3,0,6,28347
2,3,0,7,27950
2,3,0,8,27841
2,3,0,9,28105
2,3,0,10,27894
2,3,0,11,28454
2,3,0,12,27855
2,3,0,13,28349
2,3,0,14,28398
2,3,0,15,28352
2,3,0,16,28424
2,3,0,17,28366
2,3,0,18,27951
2,3,0,19,28201
2,3,0,20,28473
2,3,0,21,28190
2,3,0,22,28407
2,3,0,23,28406
2,3,0,24,28406
2,3,0,25,28051
2,3,0,26,28455
2,3,0,27,28408
2,3,0,28,28441
2,3,0,29,28408
2,3,0,30,28626
2,3,0,31,28222
2,3,1,0,28211
2,3,1,1,27944
2,3,1,2,27963
2,3,1,3,27992
2,3,1,4,28353
2,3,1,5,28376
2,3,1,6,28317
2,3,1,7,28357
2,3,1,8,28246
2,3,1,9,28246
2,3,1,10,28338
2,3,1,11,28314
2,3,1,12,28382
2,3,1,13,28396
2,3,1,14,28304
2,3,1,15,28380
2,3,1,16,28297
2,3,1,17,28368
2,3,1,18,28449
2,3,1,19,28341
2,3,1,20,28285
2,3,1,21,28374
2,3,1,22,28385
2,3,1,23,28360
2,3,1,24,28305
2,3,1,25,28081
2,3,1,26,28300
2,3,1,27,28210
2,3,1,28,28383
2,3,1,29,28232
2,3,1,30,27907
2,3,1,31,28379
2,2,1,0,27954
2,2,1,1,28374
2,2,1,2,28362
2,2,1,3,28316
2,2,1,4,28433
2,2,1,5,28431
2,2,1,6,28039
2,2,1,7,28342
2,2,1,8,28009
2,2,1,9,28409
2,2,1,10,27942
2,2,1,11,28310
2,2,1,12,28166
2,2,1,13,28031
2,2,1,14,27782
2,2,1,15,27879
2,2,1,16,28403
2,2,1,17,28445
2,2,1,18,28030
2,2,1,19,28266
2,2,1,20,28406
2,2,1,21,27857
2,2,1,22,27881
2,2,1,23,27849
2,2,1,24,28647
2,2,1,25,27951
2,2,1,26,28295
2,2,1,27,28368
2,2,1,28,28372
2,2,1,29,28290
2,2,1,30,28238
2,2,1,31,28455
2,1,1,0,28391
2,1,1,1,27941
2,1,1,2,28406
2,1,1,3,28359
2,1,1,4,28427
2,1,1,5,28537
2,1,1,6,28218
2,1,1,7,28372
2,1,1,8,28133
2,1,1,9,28451
2,1,1,10,28394
2,1,1,11,28357
2,1,1,12,28441
2,1,1,13,28304
2,1,1,14,28405
2,1,1,15,28379
2,1,1,16,28392
2,1,1,17,27944
2,1,1,18,28442
2,1,1,19,28465
2,1,1,20,28420
2,1,1,21,28133
2,1,1,22,28364
2,1,1,23,28017
2,1,1,24,28443
2,1,1,25,28438
2,1,1,26,28375
2,1,1,27,28320
2,1,1,28,28381
2,1,1,29,28416
2,1,1,30,28341
2,1,1,31,27962
2,0,1,0,28457
2,0,1,1,28117
2,0,1,2,28239
2,0,1,3,27995
2,0,1,4,28045
2,0,1,5,28188
2,0,1,6,27997
2,0,1,7,28412
2,0,1,8,28348
2,0,1,9,28285
2,0,1,10,28406
2,0,1,11,28401
2,0,1,12,28382
2,0,1,13,28394
2,0,1,14,28308
2,0,1,15,28421
2,0,1,16,28220
2,0,1,17,28215
2,0,1,18,28598
2,0,1,19,28196
2,0,1,20,28364
2,0,1,21,28158
2,0,1,22,28365
2,0,1,23,28243
2,0,1,24,28370
2,0,1,25,28221
2,0,1,26,28520
2,0,1,27,28307
2,0,1,28,28344
2,0,1,29,27872
2,0,1,30,28154
2,0,1,31,28215
2,0,2,0,28411
2,0,2,1,28355
2,0,2,2,27916
2,0,2,3,28360
2,0,2,4,28342
2,0,2,5,28419
2,0,2,6,28050
2,0,2,7,28374
2,0,2,8,28312
2,0,2,9,28375
2,0,2,10,28517
2,0,2,11,28222
2,0,2,12,28182
2,0,2,13,28232
2,0,2,14,28347
2,0,2,15,28520
2,0,2,16,28318
2,0,2,17,28492
2,0,2,18,28125
2,0,2,19,28292
2,0,2,20,28277
2,0,2,21,28104
2,0,2,22,28392
2,0,2,23,28392
2,0,2,24,28395
2,0,2,25,28343
2,0,2,26,27925
2,0,2,27,28150
2,0,2,28,28359
2,0,2,29,28345
2,0,2,30,28285
2,0,2,31,28084
2,1,2,0,28026
2,1,2,1,28349
2,1,2,2,27865
2,1,2,3,28455
2,1,2,4,28444
2,1,2,5,28511
2,1,2,6,28435
2,1,2,7,28521
2,1,2,8,28391
2,1,2,9,28500
2,1,2,10,28458
2,1,2,11,28295
2,1,2,12,28917
2,1,2,13,28466
2,1,2,14,28191
2,1,2,15,28407
2,1,2,16,28304
2,1,2,17,28224
2,1,2,18,27873
2,1,2,19,28400
2,1,2,20,28050
2,1,2,21,28391
2,1,2,22,28420
2,1,2,23,28511
2,1,2,24,28404
2,1,2,25,28230
2,1,2,26,27884
2,1,2,27,28316
2,1,2,28,28302
2,1,2,29,28369
2,1,2,30,28023
2,1,2,31,28441
2,2,2,0,28279
2,2,2,1,27849
2,2,2,2,28035
2,2,2,3,27856
2,2,2,4,28386
2,2,2,5,28404
2,2,2,6,28422
2,2,2,7,27902
2,2,2,8,28392
2,2,2,9,28447
2,2,2,10,28049
2,2,2,11,28289
2,2,2,12,28364
2,2,2,13,28349
2,2,2,14,28430
2,2,2,15,28142
2,2,2,16,28473
2,2,2,17,28471
2,2,2,18,27976
2,2,2,19,28217
2,2,2,20,28459
2,2,2,21,28377
2,2,2,22,28309
2,2,2,23,28341
2,2,2,24,28446
2,2,2,25,28370
2,2,2,26,28464
2,2,2,27,28405
2,2,2,28,28308
2,2,2,29,28389
2,2,2,30,28299
2,2,2,31,28333
2,3,2,0,28237
2,3,2,1,28364
2,3,2,2,27894
2,3,2,3,28310
2,3,2,4,27882
2,3,2,5,27940
2,3,2,6,28361
2,3,2,7,28227
2,3,2,8,28355
2,3,2,9,28400
2,3,2,10,28359
2,3,2,11,28440
2,3,2,12,28399
2,3,2,13,28088
2,3,2,14,28055
2,3,2,15,28337
2,3,2,16,28276
2,3,2,17,27861
2,3,2,18,28391
2,3,2,19,27857
2,3,2,20,28284
2,3,2,21,28166
2,3,2,22,27939
2,3,2,23,28470
2,3,2,24,28305
2,3,2,25,28296
2,3,2,26,28262
2,3,2,27,27898
2,3,2,28,28306
2,3,2,29,28349
2,3,2,30,28314
2,3,2,31,28341
2,3,3,0,28287
2,3,3,1,27931
2,3,3,2,27897
2,3,3,3,28359
2,3,3,4,28041
2,3,3,5,28456
2,3,3,6,28488
2,3,3,7,28320
2,3,3,8,28258
2,3,3,9,28407
2,3,3,10,28372
2,3,3,11,28248
2,3,3,12,28259
2,3,3,13,28271
2,3,3,14,28282
2,3,3,15,28216
2,3,3,16,28328
2,3,3,17,28108
2,3,3,18,28266
2,3,3,19,28411
2,3,3,20,28487
2,3,3,21,28426
2,3,3,22,27829
2,3,3,23,28308
2,3,3,24,28410
2,3,3,25,27944
2,3,3,26,28470
2,3,3,27,28583
2,3,3,28,28438
2,3,3,29,28467
2,3,3,30,28495
2,3,3,31,28382
2,2,3,0,28911
2,2,3,1,28519
2,2,3,2,28391
2,2,3,3,28498
2,2,3,4,28400
2,2,3,5,28405
2,2,3,6,28366
2,2,3,7,28343
2,2,3,8,28286
2,2,3,9,28450
2,2,3,10,28429
2,2,3,11,28035
2,2,3,12,28433
2,2,3,13,28384
2,2,3,14,28392
2,2,3,15,28255
2,2,3,16,28234
2,2,3,17,28476
2,2,3,18,28311
2,2,3,19,28317
2,2,3,20,28382
2,2,3,21,28362
2,2,3,22,27740
2,2,3,23,27987
2,2,3,24,28357
2,2,3,25,28454
2,2,3,26,28274
2,2,3,27,28456
2,2,3,28,28340
2,2,3,29,28456
2,2,3,30,27752
2,2,3,31,28387
2,1,3,0,28314
2,1,3,1,27891
2,1,3,2,28429
2,1,3,3,28310
2,1,3,4,28034
2,1,3,5,28152
2,1,3,6,28376
2,1,3,7,28232
2,1,3,8,28355
2,1,3,9,27966
2,1,3,10,27864
2,1,3,11,28323
2,1,3,12,28342
2,1,3,13,28374
2,1,3,14,27872
2,1,3,15,27902
2,1,3,16,28467
2,1,3,17,28042
2,1,3,18,28351
2,1,3,19,28158
2,1,3,20,28388
2,1,3,21,28190
2,1,3,22,27908
2,1,3,23,27900
2,1,3,24,28364
2,1,3,25,28022
2,1,3,26,28455
2,1,3,27,28357
2,1,3,28,28347
2,1,3,29,28904
2,1,3,30,27921
2,1,3,31,28216
2,0,3,0,28315
2,0,3,1,28393
2,0,3,2,28276
2,0,3,3,28408
2,0,3,4,28168
2,0,3,5,28323
2,0,3,6,28235
2,0,3,7,28081
2,0,3,8,28597
2,0,3,9,28479
2,0,3,10,28350
2,0,3,11,28516
2,0,3,12,28433
2,0,3,13,28437
2,0,3,14,28387
2,0,3,15,28144
2,0,3,16,28340
2,0,3,17,28182
2,0,3,18,28324
2,0,3,19,28288
2,0,3,20,28357
2,0,3,21,28203
2,0,3,22,28357
2,0,3,23,28354
2,0,3,24,28371
2,0,3,25,28351
2,0,3,26,28366
2,0,3,27,28453
2,0,3,28,28402
2,0,3,29,28323
2,0,3,30,28144
2,0,3,31,28345
2,0,4,0,28395
2,0,4,1,28302
2,0,4,2,28216
2,0,4,3,28425
2,0,4,4,28326
2,0,4,5,28222
2,0,4,6,28138
2,0,4,7,28322
2,0,4,8,28322
2,0,4,9,28327
2,0,4,10,28328
2,0,4,11,28433
2,0,4,12,28339
2,0,4,13,28051
2,0,4,14,28397
2,0,4,15,28400
2,0,4,16,28400
2,0,4,17,27868
2,0,4,18,28334
2,0,4,19,28371
2,0,4,20,28293
2,0,4,21,28203
2,0,4,22,28168
2,0,4,23,28706
2,0,4,24,28427
2,0,4,25,27811
2,0,4,26,27848
2,0,4,27,28455
2,0,4,28,28326
2,0,4,29,28368
2,0,4,30,28373
2,0,4,31,28089
2,1,4,0,28350
2,1,4,1,28004
2,1,4,2,28344
2,1,4,3,28075
2,1,4,4,28381
2,1,4,5,28242
2,1,4,6,28424
2,1,4,7,28366
2,1,4,8,28350
2,1,4,9,28454
2,1,4,10,28475
2,1,4,11,28422
2,1,4,12,28459
2,1,4,13,28388
2,1,4,14,28409
2,1,4,15,28348
2,1,4,16,27946
2,1,4,17,28134
2,1,4,18,28411
2,1,4,19,28435
2,1,4,20,28460
2,1,4,21,28414
2,1,4,22,28365
2,1,4,23,28414
2,1,4,24,28437
2,1,4,25,28454
2,1,4,26,28318
2,1,4,27,28305
2,1,4,28,28544
2,1,4,29,28373
2,1,4,30,28542
2,1,4,31,28394
2,2,4,0,28471
2,2,4,1,28525
2,2,4,2,28018
2,2,4,3,28318
2,2,4,4,28302
2,2,4,5,28361
2,2,4,6,28292
2,2,4,7,27934
2,2,4,8,28274
2,2,4,9,28372
2,2,4,10,28466
2,2,4,11,28325
2,2,4,12,28309
2,2,4,13,28418
2,2,4,14,28406
2,2,4,15,28401
2,2,4,16,27830
2,2,4,17,28723
2,2,4,18,28413
2,2,4,19,28492
2,2,4,20,28490
2,2,4,21,28418
2,2,4,22,28113
2,2,4,23,28012
2,2,4,24,28395
2,2,4,25,28438
2,2,4,26,28103
2,2,4,27,28480
2,2,4,28,28388
2,2,4,29,28378
2,2,4,30,28434
2,2,4,31,28440
2,3,4,0,28281
2,3,4,1,28288
2,3,4,2,28276
2,3,4,3,28308
2,3,4,4,28288
2,3,4,5,28297
2,3,4,6,28309
2,3,4,7,28266
2,3,4,8,28326
2,3,4,9,28399
2,3,4,10,28393
2,3,4,11,28360
2,3,4,12,28316
2,3,4,13,27818
2,3,4,14,28269
2,3,4,15,28493
2,3,4,16,28395
2,3,4,17,28326
2,3,4,18,28333
2,3,4,19,27845
2,3,4,20,28203
2,3,4,21,28344
2,3,4,22,27940
2,3,4,23,28270
2,3,4,24,28181
2,3,4,25,28286
2,3,4,26,28335
2,3,4,27,27854
2,3,4,28,28371
2,3,4,29,28405
2,3,4,30,28361
2,3,4,31,28408
2,3,5,0,28325
2,3,5,1,27887
2,3,5,2,28264
2,3,5,3,28392
2,3,5,4,28296
2,3,5,5,28333
2,3,5,6,27874
2,3,5,7,28420
2,3,5,8,28168
2,3,5,9,28313
2,3,5,10,28247
2,3,5,11,28951
2,3,5,12,27893
2,3,5,13,27986
2,3,5,14,28392
2,3,5,15,28337
2,3,5,16,28354
2,3,5,17,28369
2,3,5,18,28338
2,3,5,19,28352
2,3,5,20,28292
2,3,5,21,28294
2,3,5,22,28188
2,3,5,23,28340
2,3,5,24,28162
2,3,5,25,27971
2,3,5,26,28074
2,3,5,27,28215
2,3,5,28,28437
2,3,5,29,27943
2,3,5,30,28312
2,3,5,31,28287
2,2,5,0,28385
2,2,5,1,28222
2,2,5,2,27972
2,2,5,3,28056
2,2,5,4,28330
2,2,5,5,28329
2,2,5,6,27831
2,2,5,7,28000
2,2,5,8,28405
2,2,5,9,27794
2,2,5,10,28385
2,2,5,11,27964
2,2,5,12,28315
2,2,5,13,28466
2,2,5,14,27961
2,2,5,15,28355
2,2,5,16,28335
2,2,5,17,27747
2,2,5,18,28392
2,2,5,19,28384
2,2,5,20,28404
2,2,5,21,28160
2,2,5,22,28003
2,2,5,23,28397
2,2,5,24,28372
2,2,5,25,28420
2,2,5,26,28351
2,2,5,27,28318
2,2,5,28,28407
2,2,5,29,27798
2,2,5,30,28356
2,2,5,31,27944
2,1,5,0,28336
2,1,5,1,28414
2,1,5,2,28402
2,1,5,3,28442
2,1,5,4,28446
2,1,5,5,28924
2,1,5,6,28102
2,1,5,7,28124
2,1,5,8,28389
2,1,5,9,28363
2,1,5,10,28401
2,1,5,11,28421
2,1,5,12,28449
2,1,5,13,28403
2,1,5,14,28427
2,1,5,15,28169
2,1,5,16,28383
2,1,5,17,27925
2,1,5,18,28333
2,1,5,19,28550
2,1,5,20,28284
2,1,5,21,28124
2,1,5,22,27919
2,1,5,23,28276
2,1,5,24,28321
2,1,5,25,28260
2,1,5,26,28332
2,1,5,27,28409
2,1,5,28,28376
2,1,5,29,28342
2,1,5,30,28406
2,1,5,31,28374
2,0,5,0,28122
2,0,5,1,27978
2,0,5,2,28386
2,0,5,3,28121
2,0,5,4,28403
2,0,5,5,28227
2,0,5,6,27949
2,0,5,7,28398
2,0,5,8,28212
2,0,5,9,28297
2,0,5,10,28263
2,0,5,11,28279
2,0,5,12,28336
2,0,5,13,28427
2,0,5,14,28313
2,0,5,15,28391
2,0,5,16,28302
2,0,5,17,28127
2,0,5,18,28388
2,0,5,19,28442
2,0,5,20,28344
2,0,5,21,28291
2,0,5,22,28395
2,0,5,23,28456
2,0,5,24,28052
2,0,5,25,28145
2,0,5,26,28184
2,0,5,27,28398
2,0,5,28,28268
2,0,5,29,28117
2,0,5,30,28369
2,0,5,31,28274
2,0,6,0,28075
2,0,6,1,28019
2,0,6,2,27852
2,0,6,3,28141
2,0,6,4,28130
2,0,6,5,28379
2,0,6,6,28169
2,0,6,7,28521
2,0,6,8,28250
2,0,6,9,28175
2,0,6,10,28187
2,0,6,11,28371
2,0,6,12,28326
2,0,6,13,28462
2,0,6,14,28091
2,0,6,15,28285
2,0,6,16,28378
2,0,6,17,28141
2,0,6,18,27832
2,0,6,19,28372
2,0,6,20,28128
2,0,6,21,28136
2,0,6,22,28120
2,0,6,23,28243
2,0,6,24,28219
2,0,6,25,28272
2,0,6,26,28403
2,0,6,27,28107
2,0,6,28,28392
2,0,6,29,28405
2,0,6,30,28316
2,0,6,31,28465
2,1,6,0,28313
2,1,6,1,27942
2,1,6,2,28472
2,1,6,3,28340
2,1,6,4,28500
2,1,6,5,28253
2,1,6,6,28476
2,1,6,7,28398
2,1,6,8,28288
2,1,6,9,28344
2,1,6,10,28355
2,1,6,11,28327
2,1,6,12,28346
2,1,6,13,28381
2,1,6,14,28380
2,1,6,15,28434
2,1,6,16,28295
2,1,6,17,28204
2,1,6,18,28123
2,1,6,19,28427
2,1,6,20,28275
2,1,6,21,28482
2,1,6,22,28374
2,1,6,23,28437
2,1,6,24,28360
2,1,6,25,27960
2,1,6,26,28177
2,1,6,27,28510
2,1,6,28,28744
2,1,6,29,27986
2,1,6,30,28009
2,1,6,31,28150
2,2,6,0,28280
2,2,6,1,28013
2,2,6,2,28024
2,2,6,3,28191
2,2,6,4,28389
2,2,6,5,28329
2,2,6,6,28333
2,2,6,7,27889
2,2,6,8,28284
2,2,6,9,28345
2,2,6,10,28282
2,2,6,11,27919
2,2,6,12,28373
2,2,6,13,28344
2,2,6,14,28398
2,2,6,15,28375
2,2,6,16,28454
2,2,6,17,27972
2,2,6,18,27930
2,2,6,19,28024
2,2,6,20,28202
2,2,6,21,28008
2,2,6,22,27905
2,2,6,23,27994
2,2,6,24,27918
2,2,6,25,27832
2,2,6,26,28095
2,2,6,27,27968
2,2,6,28,27954
2,2,6,29,28305
2,2,6,30,27978
2,2,6,31,28140
2,3,6,0,28370
2,3,6,1,28337
2,3,6,2,28068
2,3,6,3,28438
2,3,6,4,28115
2,3,6,5,28381
2,3,6,6,28083
2,3,6,7,27922
2,3,6,8,28100
2,3,6,9,28030
2,3,6,10,28256
2,3,6,11,28386
2,3,6,12,28263
2,3,6,13,27872
2,3,6,14,28380
2,3,6,15,28353
2,3,6,16,27869
2,3,6,17,28105
2,3,6,18,27997
2,3,6,19,28417
2,3,6,20,28272
2,3,6,21,28328
2,3,6,22,28300
2,3,6,23,28330
2,3,6,24,27966
2,3,6,25,28380
2,3,6,26,27992
2,3,6,27,28379
2,3,6,28,28158
2,3,6,29,28304
2,3,6,30,27809
2,3,6,31,28423
2,3,7,0,28250
2,3,7,1,28327
2,3,7,2,28413
2,3,7,3,28314
2,3,7,4,28347
2,3,7,5,28486
2,3,7,6,28291
2,3,7,7,28356
2,3,7,8,28431
2,3,7,9,28422
2,3,7,10,28301
2,3,7,11,28149
2,3,7,12,28055
2,3,7,13,28298
2,3,7,14,28386
2,3,7,15,28280
2,3,7,16,28393
2,3,7,17,28345
2,3,7,18,28303
2,3,7,19,28392
2,3,7,20,28327
2,3,7,21,28384
2,3,7,22,28318
2,3,7,23,28055
2,3,7,24,28359
2,3,7,25,28364
2,3,7,26,28412
2,3,7,27,28037
2,3,7,28,28451
2,3,7,29,28129
2,3,7,30,28328
2,3,7,31,28343
2,2,7,0,28292
2,2,7,1,27898
2,2,7,2,28365
2,2,7,3,28315
2,2,7,4,28479
2,2,7,5,28398
2,2,7,6,27888
2,2,7,7,27936
2,2,7,8,28384
2,2,7,9,28326
2,2,7,10,28394
2,2,7,11,28209
2,2,7,12,28348
2,2,7,13,27892
2,2,7,14,27872
2,2,7,15,28394
2,2,7,16,28773
2,2,7,17,27889
2,2,7,18,28190
2,2,7,19,27984
2,2,7,20,28487
2,2,7,21,28463
2,2,7,22,28380
2,2,7,23,28391
2,2,7,24,28327
2,2,7,25,28316
2,2,7,26,28425
2,2,7,27,28321
2,2,7,28,27872
2,2,7,29,27875
2,2,7,30,28353
2,2,7,31,27884
2,1,7,0,28449
2,1,7,1,28432
2,1,7,2,28343
2,1,7,3,28429
2,1,7,4,28376
2,1,7,5,28029
2,1,7,6,28079
2,1,7,7,27984
2,1,7,8,28041
2,1,7,9,28189
2,1,7,10,28347
2,1,7,11,28432
2,1,7,12,28148
2,1,7,13,28310
2,1,7,14,28036
2,1,7,15,28111
2,1,7,16,28349
2,1,7,17,28094
2,1,7,18,28061
2,1,7,19,27876
2,1,7,20,28055
2,1,7,21,27985
2,1,7,22,27971
2,1,7,23,28481
2,1,7,24,28254
2,1,7,25,28224
2,1,7,26,28003
2,1,7,27,28390
2,1,7,28,28009
2,1,7,29,28328
2,1,7,30,27976
2,1,7,31,28262
2,0,7,0,28371
2,0,7,1,28376
2,0,7,2,27952
2,0,7,3,28383
2,0,7,4,28178
2,0,7,5,28389
2,0,7,6,28400
2,0,7,7,28372
2,0,7,8,28371
2,0,7,9,28109
2,0,7,10,28355
2,0,7,11,28777
2,0,7,12,28302
2,0,7,13,28165
2,0,7,14,28199
2,0,7,15,28222
2,0,7,16,28468
2,0,7,17,27930
2,0,7,18,28456
2,0,7,19,28339
2,0,7,20,28278
2,0,7,21,28262
2,0,7,22,28183
2,0,7,23,28532
2,0,7,24,28418
2,0,7,25,28399
2,0,7,26,28381
2,0,7,27,28405
2,0,7,28,28467
2,0,7,29,27901
2,0,7,30,28371
2,0,7,31,28437
3,0,0,0,19735
3,0,0,1,19477
3,0,0,2,19461
3,0,0,3,19346
3,0,0,4,19246
3,0,0,5,19691
3,0,0,6,19322
3,0,0,7,19425
3,0,0,8,19641
3,0,0,9,19347
3,0,0,10,19284
3,0,0,11,19567
3,0,0,12,19217
3,0,0,13,19230
3,0,0,14,19633
3,0,0,15,19257
3,0,0,16,19291
3,0,0,17,19361
3,0,0,18,19265
3,0,0,19,19370
3,0,0,20,19241
3,0,0,21,19649
3,0,0,22,19287
3,0,0,23,19469
3,0,0,24,19266
3,0,0,25,19257
3,0,0,26,19317
3,0,0,27,19373
3,0,0,28,19526
3,0,0,29,19486
3,0,0,30,19554
3,0,0,31,19337
3,1,0,0,19221
3,1,0,1,19409
3,1,0,2,19324
3,1,0,3,19468
3,1,0,4,19559
3,1,0,5,19296
3,1,0,6,19650
3,1,0,7,19215
3,1,0,8,19661
3,1,0,9,19591
3,1,0,10,19285
3,1,0,11,22879
3,1,0,12,19596
3,1,0,13,19544
3,1,0,14,19717
3,1,0,15,19412
3,1,0,16,19599
3,1,0,17,19663
3,1,0,18,19261
3,1,0,19,19390
3,1,0,20,19780
3,1,0,21,19622
3,1,0,22,20121
3,1,0,23,19318
3,1,0,24,19679
3,1,0,25,20175
3,1,0,26,20996
3,1,0,27,19593
3,1,0,28,19585
3,1,0,29,19620
3,1,0,30,19570
3,1,0,31,19583
3,2,0,0,19530
3,2,0,1,19605
3,2,0,2,19347
3,2,0,3,19744
3,2,0,4,19566
3,2,0,5,19595
3,2,0,6,19686
3,2,0,7,19624
3,2,0,8,19577
3,2,0,9,19241
3,2,0,10,19354
3,2,0,11,19264
3,2,0,12,19311
3,2,0,13,19220
3,2,0,14,19589
3,2,0,15,19606
3,2,0,16,19394
3,2,0,17,19455
3,2,0,18,19298
3,2,0,19,19527
3,2,0,20,19540
3,2,0,21,19595
3,2,0,22,30379
3,2,0,23,19633
3,2,0,24,19562
3,2,0,25,19564
3,2,0,26,19545
3,2,0,27,19720
3,2,0,28,19719
3,2,0,29,19756
3,2,0,30,19633
3,2,0,31,19650
3,3,0,0,19642
3,3,0,1,19300
3,3,0,2,19316
3,3,0,3,19587
3,3,0,4,19576
3,3,0,5,19649
3,3,0,6,19461
3,3,0,7,19561
3,3,0,8,19490
3,3,0,9,19517
3,3,0,10,19509
3,3,0,11,19618
3,3,0,12,19300
3,3,0,13,19219
3,3,0,14,19252
3,3,0,15,19541
3,3,0,16,19382
3,3,0,17,19472
3,3,0,18,19628
3,3,0,19,19675
3,3,0,20,19548
3,3,0,21,19580
3,3,0,22,19510
3,3,0,23,19352
3,3,0,24,19393
3,3,0,25,19685
3,3,0,26,19579
3,3,0,27,19374
3,3,0,28,19211
3,3,0,29,19606
3,3,0,30,19579
3,3,0,31,19447
3,3,1,0,19179
3,3,1,1,19635
3,3,1,2,19221
3,3,1,3,19405
3,3,1,4,19513
3,3,1,5,19290
3,3,1,6,20023
3,3,1,7,19702
3,3,1,8,19204
3,3,1,9,19379
3,3,1,10,19331
3,3,1,11,19289
3,3,1,12,19150
3,3,1,13,19241
3,3,1,14,19511
3,3,1,15,19442
3,3,1,16,19367
3,3,1,17,19274
3,3,1,18,19501
3,3,1,19,19447
3,3,1,20,19462
3,3,1,21,19582
3,3,1,22,19664
3,3,1,23,19560
3,3,1,24,19571
3,3,1,25,19522
3,3,1,26,19590
3,3,1,27,19547
3,3,1,28,19407
3,3,1,29,19673
3,3,1,30,19544
3,3,1,31,19420
3,2,1,0,19256
3,2,1,1,19528
3,2,1,2,19533
3,2,1,3,19595
3,2,1,4,19555
3,2,1,5,19621
3,2,1,6,19174
3,2,1,7,19300
3,2,1,8,19515
3,2,1,9,19599
3,2,1,10,30537
3,2,1,11,19520
3,2,1,12,19240
3,2,1,13,19593
3,2,1,14,19349
3,2,1,15,19482
3,2,1,16,19338
3,2,1,17,19681
3,2,1,18,19570
3,2,1,19,19345
3,2,1,20,19556
3,2,1,21,19594
3,2,1,22,19549
3,2,1,23,19521
3,2,1,24,19601
3,2,1,25,19455
3,2,1,26,19358
3,2,1,27,19503
3,2,1,28,19572
3,2,1,29,19529
3,2,1,30,19406
3,2,1,31,19542
3,1,1,0,19522
3,1,1,1,19559
3,1,1,2,19647
3,1,1,3,19615
3,1,1,4,19628
3,1,1,5,19648
3,1,1,6,19557
3,1,1,7,19619
3,1,1,8,19325
3,1,1,9,19541
3,1,1,10,19503
3,1,1,11,19516
3,1,1,12,19275
3,1,1,13,19232
3,1,1,14,19405
3,1,1,15,19275
3,1,1,16,19613
3,1,1,17,19314
3,1,1,18,19458
3,1,1,19,19414
3,1,1,20,19619
3,1,1,21,19543
3,1,1,22,19682
3,1,1,23,19787
3,1,1,24,19660
3,1,1,25,19445
3,1,1,26,19978
3,1,1,27,19726
3,1,1,28,19329
3,1,1,29,19645
3,1,1,30,19557
3,1,1,31,19204
3,0,1,0,19358
3,0,1,1,19553
3,0,1,2,19603
3,0,1,3,19337
3,0,1,4,19612
3,0,1,5,19384
3,0,1,6,19605
3,0,1,7,19321
3,0,1,8,19236
3,0,1,9,19692
3,0,1,10,19385
3,0,1,11,19284
3,0,1,12,19334
3,0,1,13,19436
3,0,1,14,19627
3,0,1,15,19677
3,0,1,16,19131
3,0,1,17,19326
3,0,1,18,19312
3,0,1,19,19492
3,0,1,20,19312
3,0,1,21,19661
3,0,1,22,19308
3,0,1,23,19235
3,0,1,24,19278
3,0,1,25,19343
3,0,1,26,19384
3,0,1,27,19422
3,0,1,28,19331
3,0,1,29,19499
3,0,1,30,19522
3,0,1,31,19411
3,0,2,0,19545
3,0,2,1,19521
3,0,2,2,19235
3,0,2,3,19518
3,0,2,4,19633
3,0,2,5,19602
3,0,2,6,19517
3,0,2,7,19349
3,0,2,8,19276
3,0,2,9,19566
3,0,2,10,19425
3,0,2,11,19484
3,0,2,12,19697
3,0,2,13,19254
3,0,2,14,19533
3,0,2,15,19249
3,0,2,16,19343
3,0,2,17,19356
3,0,2,18,19465
3,0,2,19,19203
3,0,2,20,19362
3,0,2,21,19440
3,0,2,22,19426
3,0,2,23,19414
3,0,2,24,19260
3,0,2,25,19386
3,0,2,26,19310
3,0,2,27,19251
3,0,2,28,19246
3,0,2,29,19218
3,0,2,30,19340
3,0,2,31,19160
3,1,2,0,19245
3,1,2,1,19188
3,1,2,2,19377
3,1,2,3,19541
3,1,2,4,19635
3,1,2,5,19339
3,1,2,6,19240
3,1,2,7,19278
3,1,2,8,19527
3,1,2,9,19591
3,1,2,10,19359
3,1,2,11,19775
3,1,2,12,19315
3,1,2,13,19388
3,1,2,14,19319
3,1,2,15,19387
3,1,2,16,19337
3,1,2,17,19420
3,1,2,18,19281
3,1,2,19,19250
3,1,2,20,19311
3,1,2,21,19296
3,1,2,22,19616
3,1,2,23,19703
3,1,2,24,19672
3,1,2,25,19659
3,1,2,26,19645
3,1,2,27,19612
3,1,2,28,19665
3,1,2,29,19490
3,1,2,30,19393
3,1,2,31,19537
3,2,2,0,19519
3,2,2,1,19623
3,2,2,2,19649
3,2,2,3,19685
3,2,2,4,19626
3,2,2,5,19626
3,2,2,6,19584
3,2,2,7,19672
3,2,2,8,19554
3,2,2,9,19542
3,2,2,10,19297
3,2,2,11,19197
3,2,2,12,19565
3,2,2,13,19411
3,2,2,14,19394
3,2,2,15,19209
3,2,2,16,19277
3,2,2,17,19296
3,2,2,18,19559
3,2,2,19,19630
3,2,2,20,19630
3,2,2,21,19621
3,2,2,22,19421
3,2,2,23,19574
3,2,2,24,19739
3,2,2,25,19711
3,2,2,26,19578
3,2,2,27,19455
3,2,2,28,19668
3,2,2,29,19391
3,2,2,30,19309
3,2,2,31,19360
3,3,2,0,19220
3,3,2,1,19559
3,3,2,2,19646
3,3,2,3,19563
3,3,2,4,19701
3,3,2,5,19571
3,3,2,6,19665
3,3,2,7,19480
3,3,2,8,19278
3,3,2,9,19448
3,3,2,10,19378
3,3,2,11,19450
3,3,2,12,19459
3,3,2,13,19351
3,3,2,14,19368
3,3,2,15,19417
3,3,2,16,19241
3,3,2,17,19509
3,3,2,18,19447
3,3,2,19,19243
3,3,2,20,19561
3,3,2,21,19423
3,3,2,22,19233
3,3,2,23,19329
3,3,2,24,19384
3,3,2,25,19212
3,3,2,26,19540
3,3,2,27,19604
3,3,2,28,19651
3,3,2,29,19284
3,3,2,30,19279
3,3,2,31,19965
3,3,3,0,19467
3,3,3,1,19624
3,3,3,2,19599
3,3,3,3,19450
3,3,3,4,19428
3,3,3,5,19522
3,3,3,6,19492
3,3,3,7,19325
3,3,3,8,19579
3,3,3,9,19596
3,3,3,10,19489
3,3,3,11,19541
3,3,3,12,19544
3,3,3,13,19712
3,3,3,14,19599
3,3,3,15,19595
3,3,3,16,19291
3,3,3,17,19514
3,3,3,18,19355
3,3,3,19,19539
3,3,3,20,19342
3,3,3,21,19338
3,3,3,22,19656
3,3,3,23,19547
3,3,3,24,19504
3,3,3,25,19655
3,3,3,26,19488
3,3,3,27,19396
3,3,3,28,19292
3,3,3,29,19613
3,3,3,30,19404
3,3,3,31,19639
3,2,3,0,19397
3,2,3,1,19174
3,2,3,2,19467
3,2,3,3,19392
3,2,3,4,19431
3,2,3,5,19293
3,2,3,6,19650
3,2,3,7,19402
3,2,3,8,19384
3,2,3,9,19490
3,2,3,10,19527
3,2,3,11,19676
3,2,3,12,19705
3,2,3,13,19653
3,2,3,14,19564
3,2,3,15,19617
3,2,3,16,19445
3,2,3,17,19644
3,2,3,18,19335
3,2,3,19,19359
3,2,3,20,19521
3,2,3,21,19290
3,2,3,22,19203
3,2,3,23,19567
3,2,3,24,19624
3,2,3,25,19197
3,2,3,26,19485
3,2,3,27,19529
3,2,3,28,19715
3,2,3,29,19586
3,2,3,30,19336
3,2,3,31,19612
3,1,3,0,19314
3,1,3,1,19445
3,1,3,2,19396
3,1,3,3,19283
3,1,3,4,19327
3,1,3,5,19531
3,1,3,6,19521
3,1,3,7,19541
3,1,3,8,19272
3,1,3,9,19174
3,1,3,10,19259
3,1,3,11,19507
3,1,3,12,19255
3,1,3,13,19274
3,1,3,14,19648
3,1,3,15,19439
3,1,3,16,19549
3,1,3,17,19574
3,1,3,18,19315
3,1,3,19,19243
3,1,3,20,19430
3,1,3,21,19499
3,1,3,22,19193
3,1,3,23,19497
3,1,3,24,19537
3,1,3,25,19547
3,1,3,26,19688
3,1,3,27,19669
3,1,3,28,19551
3,1,3,29,19642
3,1,3,30,19696
3,1,3,31,19547
3,0,3,0,19520
3,0,3,1,19267
3,0,3,2,19584
3,0,3,3,19613
3,0,3,4,19752
3,0,3,5,19264
3,0,3,6,19554
3,0,3,7,19552
3,0,3,8,19578
3,0,3,9,19300
3,0,3,10,19563
3,0,3,11,19326
3,0,3,12,19468
3,0,3,13,19451
3,0,3,14,19382
3,0,3,15,19626
3,0,3,16,19566
3,0,3,17,19520
3,0,3,18,19656
3,0,3,19,19257
3,0,3,20,19634
3,0,3,21,19538
3,0,3,22,19328
3,0,3,23,19602
3,0,3,24,19594
3,0,3,25,19548
3,0,3,26,19601
3,0,3,27,19412
3,0,3,28,19288
3,0,3,29,19450
3,0,3,30,30378
3,0,3,31,19685
3,0,4,0,19241
3,0,4,1,19700
3,0,4,2,19567
3,0,4,3,19342
3,0,4,4,19337
3,0,4,5,19442
3,0,4,6,19394
3,0,4,7,19624
3,0,4,8,19603
3,0,4,9,19453
3,0,4,10,19278
3,0,4,11,19308
3,0,4,12,19341
3,0,4,13,19393
3,0,4,14,19636
3,0,4,15,19295
3,0,4,16,19565
3,0,4,17,19657
3,0,4,18,19486
3,0,4,19,19553
3,0,4,20,19525
3,0,4,21,19207
3,0,4,22,19546
3,0,4,23,19487
3,0,4,24,19606
3,0,4,25,19561
3,0,4,26,19570
3,0,4,27,19596
3,0,4,28,19353
3,0,4,29,19360
3,0,4,30,19559
3,0,4,31,19532
3,1,4,0,19693
3,1,4,1,19947
3,1,4,2,19585
3,1,4,3,19295
3,1,4,4,19351
3,1,4,5,19489
3,1,4,6,19677
3,1,4,7,19613
3,1,4,8,19517
3,1,4,9,19534
3,1,4,10,19473
3,1,4,11,19532
3,1,4,12,19586
3,1,4,13,19283
3,1,4,14,19583
3,1,4,15,19463
3,1,4,16,19303
3,1,4,17,19447
3,1,4,18,19166
3,1,4,19,19411
3,1,4,20,19309
3,1,4,21,19226
3,1,4,22,19512
3,1,4,23,19348
3,1,4,24,19231
3,1,4,25,19621
3,1,4,26,19169
3,1,4,27,19266
3,1,4,28,19616
3,1,4,29,19271
3,1,4,30,19127
3,1,4,31,19543
3,2,4,0,19406
3,2,4,1,19542
3,2,4,2,19479
3,2,4,3,19677
3,2,4,4,19324
3,2,4,5,19190
3,2,4,6,19324
3,2,4,7,19215
3,2,4,8,19588
3,2,4,9,19649
3,2,4,10,19637
3,2,4,11,19396
3,2,4,12,19405
3,2,4,13,19485
3,2,4,14,19430
3,2,4,15,19199
3,2,4,16,19392
3,2,4,17,19641
3,2,4,18,19578
3,2,4,19,19250
3,2,4,20,19703
3,2,4,21,19599
3,2,4,22,19603
3,2,4,23,19772
3,2,4,24,19451
3,2,4,25,19663
3,2,4,26,19501
3,2,4,27,19242
3,2,4,28,19316
3,2,4,29,19689
3,2,4,30,19267
3,2,4,31,19167
3,3,4,0,19299
3,3,4,1,19635
3,3,4,2,19255
3,3,4,3,19227
3,3,4,4,19682
3,3,4,5,19673
3,3,4,6,19410
3,3,4,7,19334
3,3,4,8,19310
3,3,4,9,19335
3,3,4,10,19501
3,3,4,11,19581
3,3,4,12,19586
3,3,4,13,19561
3,3,4,14,19530
3,3,4,15,19557
3,3,4,16,19236
3,3,4,17,19631
3,3,4,18,19247
3,3,4,19,19614
3,3,4,20,19602
3,3,4,21,19592
3,3,4,22,19888
3,3,4,23,19340
3,3,4,24,19224
3,3,4,25,19342
3,3,4,26,19309
3,3,4,27,19312
3,3,4,28,19359
3,3,4,29,19391
3,3,4,30,19365
3,3,4,31,19374
3,3,5,0,19610
3,3,5,1,19574
3,3,5,2,19673
3,3,5,3,19325
3,3,5,4,19532
3,3,5,5,19602
3,3,5,6,19593
3,3,5,7,19415
3,3,5,8,19612
3,3,5,9,19517
3,3,5,10,19337
3,3,5,11,19286
3,3,5,12,19250
3,3,5,13,19502
3,3,5,14,19498
3,3,5,15,19593
3,3,5,16,19636
3,3,5,17,19698
3,3,5,18,19614
3,3,5,19,19547
3,3,5,20,19497
3,3,5,21,19241
3,3,5,22,19228
3,3,5,23,19405
3,3,5,24,19428
3,3,5,25,19211
3,3,5,26,19100
3,3,5,27,19391
3,3,5,28,19502
3,3,5,29,19201
3,3,5,30,19426
3,3,5,31,19200
3,2,5,0,19455
3,2,5,1,19543
3,2,5,2,19590
3,2,5,3,19523
3,2,5,4,30698
3,2,5,5,19613
3,2,5,6,19528
3,2,5,7,19550
3,2,5,8,19588
3,2,5,9,19564
3,2,5,10,19280
3,2,5,11,19326
3,2,5,12,19222
3,2,5,13,19652
3,2,5,14,19456
3,2,5,15,19576
3,2,5,16,19488
3,2,5,17,19651
3,2,5,18,19579
3,2,5,19,19599
3,2,5,20,19290
3,2,5,21,19354
3,2,5,22,19674
3,2,5,23,19282
3,2,5,24,19636
3,2,5,25,19551
3,2,5,26,19523
3,2,5,27,19338
3,2,5,28,19750
3,2,5,29,19630
3,2,5,30,19338
3,2,5,31,19223
3,1,5,0,19489
3,1,5,1,19521
3,1,5,2,19656
3,1,5,3,19707
3,1,5,4,19424
3,1,5,5,19311
3,1,5,6,19873
3,1,5,7,19613
3,1,5,8,19252
3,1,5,9,19642
3,1,5,10,19310
3,1,5,11,19277
3,1,5,12,19635
3,1,5,13,19624
3,1,5,14,19282
3,1,5,15,19250
3,1,5,16,19507
3,1,5,17,19557
3,1,5,18,19413
3,1,5,19,19619
3,1,5,20,19334
3,1,5,21,19355
3,1,5,22,19383
3,1,5,23,19598
3,1,5,24,19487
3,1,5,25,19546
3,1,5,26,19585
3,1,5,27,19220
3,1,5,28,19255
3,1,5,29,19430
3,1,5,30,19605
3,1,5,31,19449
3,0,5,0,19587
3,0,5,1,19603
3,0,5,2,19601
3,0,5,3,19754
3,0,5,4,19729
3,0,5,5,19235
3,0,5,6,19318
3,0,5,7,19327
3,0,5,8,19429
3,0,5,9,19474
3,0,5,10,19452
3,0,5,11,19266
3,0,5,12,19306
3,0,5,13,19305
3,0,5,14,19509
3,0,5,15,19368
3,0,5,16,19470
3,0,5,17,19492
3,0,5,18,19327
3,0,5,19,19308
3,0,5,20,19285
3,0,5,21,19266
3,0,5,22,19434
3,0,5,23,19495
3,0,5,24,19561
3,0,5,25,19224
3,0,5,26,19264
3,0,5,27,19556
3,0,5,28,19549
3,0,5,29,19585
3,0,5,30,19707
3,0,5,31,19391
3,0,6,0,19032
3,0,6,1,19301
3,0,6,2,19561
3,0,6,3,19477
3,0,6,4,19268
3,0,6,5,19551
3,0,6,6,19331
3,0,6,7,19382
3,0,6,8,19595
3,0,6,9,19518
3,0,6,10,19147
3,0,6,11,19486
3,0,6,12,19671
3,0,6,13,19269
3,0,6,14,19547
3,0,6,15,19311
3,0,6,16,19460
3,0,6,17,19501
3,0,6,18,19352
3,0,6,19,19303
3,0,6,20,19532
3,0,6,21,19568
3,0,6,22,19464
3,0,6,23,19596
3,0,6,24,19510
3,0,6,25,19351
3,0,6,26,19610
3,0,6,27,20221
3,0,6,28,19141
3,0,6,29,19387
3,0,6,30,19456
3,0,6,31,19538
3,1,6,0,19253
3,1,6,1,19718
3,1,6,2,19601
3,1,6,3,19549
3,1,6,4,19581
3,1,6,5,19674
3,1,6,6,19654
3,1,6,7,19601
3,1,6,8,19680
3,1,6,9,19275
3,1,6,10,19236
3,1,6,11,19231
3,1,6,12,19580
3,1,6,13,19312
3,1,6,14,19700
3,1,6,15,19548
3,1,6,16,19735
3,1,6,17,19379
3,1,6,18,19264
3,1,6,19,19410
3,1,6,20,19529
3,1,6,21,19476
3,1,6,22,19266
3,1,6,23,19635
3,1,6,24,19549
3,1,6,25,19575
3,1,6,26,19236
3,1,6,27,19663
3,1,6,28,19545
3,1,6,29,19618
3,1,6,30,19765
3,1,6,31,19630
3,2,6,0,19580
3,2,6,1,19651
3,2,6,2,19314
3,2,6,3,19239
3,2,6,4,19246
3,2,6,5,19692
3,2,6,6,19561
3,2,6,7,19643
3,2,6,8,19615
3,2,6,9,19685
3,2,6,10,19575
3,2,6,11,19198
3,2,6,12,19505
3,2,6,13,19345
3,2,6,14,19297
3,2,6,15,19421
3,2,6,16,19831
3,2,6,17,19390
3,2,6,18,19517
3,2,6,19,19209
3,2,6,20,19735
3,2,6,21,19561
3,2,6,22,19601
3,2,6,23,19613
3,2,6,24,19362
3,2,6,25,19325
3,2,6,26,19243
3,2,6,27,19265
3,2,6,28,19475
3,2,6,29,19569
3,2,6,30,19709
3,2,6,31,19560
3,3,6,0,19545
3,3,6,1,19619
3,3,6,2,19631
3,3,6,3,19607
3,3,6,4,19671
3,3,6,5,19645
3,3,6,6,19556
3,3,6,7,19192
3,3,6,8,19592
3,3,6,9,19266
3,3,6,10,19439
3,3,6,11,19968
3,3,6,12,19493
3,3,6,13,19355
3,3,6,14,19693
3,3,6,15,19277
3,3,6,16,19285
3,3,6,17,19529
3,3,6,18,19594
3,3,6,19,19650
3,3,6,20,19567
3,3,6,21,19560
3,3,6,22,19247
3,3,6,23,19646
3,3,6,24,19089
3,3,6,25,19420
3,3,6,26,19327
3,3,6,27,19153
3,3,6,28,19520
3,3,6,29,19440
3,3,6,30,19651
3,3,6,31,19469
3,3,7,0,19302
3,3,7,1,19263
3,3,7,2,19384
3,3,7,3,19164
3,3,7,4,19545
3,3,7,5,19440
3,3,7,6,19211
3,3,7,7,19523
3,3,7,8,19562
3,3,7,9,19789
3,3,7,10,19280
3,3,7,11,19305
3,3,7,12,19293
3,3,7,13,19621
3,3,7,14,19476
3,3,7,15,19391
3,3,7,16,19341
3,3,7,17,19398
3,3,7,18,19301
3,3,7,19,19363
3,3,7,20,19313
3,3,7,21,19640
3,3,7,22,19485
3,3,7,23,22174
3,3,7,24,32241
3,3,7,25,19541
3,3,7,26,19209
3,3,7,27,19702
3,3,7,28,19529
3,3,7,29,19421
3,3,7,30,19583
3,3,7,31,19533
3,2,7,0,19241
3,2,7,1,19333
3,2,7,2,30205
3,2,7,3,19685
3,2,7,4,19695
3,2,7,5,19520
3,2,7,6,19220
3,2,7,7,19398
3,2,7,8,19607
3,2,7,9,19686
3,2,7,10,19196
3,2,7,11,19527
3,2,7,12,19205
3,2,7,13,19643
3,2,7,14,19566
3,2,7,15,19568
3,2,7,16,19216
3,2,7,17,19523
3,2,7,18,19657
3,2,7,19,19277
3,2,7,20,19587
3,2,7,21,19314
3,2,7,22,19303
3,2,7,23,19417
3,2,7,24,19303
3,2,7,25,19511
3,2,7,26,19431
3,2,7,27,19369
3,2,7,28,19559
3,2,7,29,19535
3,2,7,30,19695
3,2,7,31,20027
3,1,7,0,19558
3,1,7,1,19504
3,1,7,2,19651
3,1,7,3,19580
3,1,7,4,19304
3,1,7,5,19601
3,1,7,6,19672
3,1,7,7,19379
3,1,7,8,19363
3,1,7,9,19734
3,1,7,10,19415
3,1,7,11,19647
3,1,7,12,19450
3,1,7,13,19489
3,1,7,14,19549
3,1,7,15,19624
3,1,7,16,19321
3,1,7,17,23855
3,1,7,18,19319
3,1,7,19,19403
3,1,7,20,19609
3,1,7,21,19645
3,1,7,22,19517
3,1,7,23,19679
3,1,7,24,19581
3,1,7,25,19568
3,1,7,26,19383
3,1,7,27,19580
3,1,7,28,19495
3,1,7,29,19649
3,1,7,30,19678
3,1,7,31,19748
3,0,7,0,19199
3,0,7,1,19691
3,0,7,2,19522
3,0,7,3,19327
3,0,7,4,19218
3,0,7,5,19415
3,0,7,6,19300
3,0,7,7,19241
3,0,7,8,19199
3,0,7,9,19460
3,0,7,10,19176
3,0,7,11,19399
3,0,7,12,19181
3,0,7,13,19309
3,0,7,14,19699
3,0,7,15,19176
3,0,7,16,19372
3,0,7,17,19701
3,0,7,18,19191
3,0,7,19,19275
3,0,7,20,19237
3,0,7,21,19264
3,0,7,22,19271
3,0,7,23,19272
3,0,7,24,19354
3,0,7,25,19423
3,0,7,26,30006
3,0,7,27,19410
3,0,7,28,19510
3,0,7,29,19597
3,0,7,30,19662
3,0,7,31,19211
