cpucycles tracesetup 0 amd64-perfpmcff precision 0 scaling 0.000000 only32 0
cpucycles tracesetup 1 amd64-perfpmc precision 0 scaling 0.000000 only32 0
cpucycles tracesetup 2 amd64-pmcff precision 0 scaling 0.000000 only32 0
cpucycles tracesetup 3 amd64-tsc precision 1016 scaling 0.467415 only32 0
cpucycles tracesetup 4 amd64-tscasm precision 1026 scaling 0.467415 only32 0
cpucycles tracesetup 5 default-perfevent precision 205 scaling 1.000000 only32 0
cpucycles tracesetup 6 default-mach precision 0 scaling 0.000000 only32 0
cpucycles tracesetup 7 default-monotonic precision 1075 scaling 1.400000 only32 0
cpucycles tracesetup 8 default-gettimeofday precision 2440 scaling 1400.000000 only32 0
cpucycles tracesetup 9 default-zero precision 0 scaling 0.000000 only32 0
region,variant,block,observation,cycles
0,0,0,0,895
0,0,0,1,781
0,0,0,2,781
0,0,0,3,774
0,0,0,4,796
0,0,0,5,795
0,0,0,6,789
0,0,0,7,804
0,0,0,8,795
0,0,0,9,812
0,0,0,10,799
0,0,0,11,808
0,0,0,12,814
0,0,0,13,804
0,0,0,14,788
0,0,0,15,808
0,0,0,16,802
0,0,0,17,784
0,0,0,18,814
0,0,0,19,816
0,0,0,20,818
0,0,0,21,815
0,0,0,22,801
0,0,0,23,799
0,0,0,24,827
0,0,0,25,810
0,0,0,26,806
0,0,0,27,794
0,0,0,28,783
0,0,0,29,827
0,0,0,30,796
0,0,0,31,826
0,1,0,0,916
0,1,0,1,807
0,1,0,2,787
0,1,0,3,859
0,1,0,4,800
0,1,0,5,851
0,1,0,6,820
0,1,0,7,800
0,1,0,8,804
0,1,0,9,807
0,1,0,10,807
0,1,0,11,813
0,1,0,12,803
0,1,0,13,799
0,1,0,14,815
0,1,0,15,809
0,1,0,16,958
0,1,0,17,808
0,1,0,18,835
0,1,0,19,803
0,1,0,20,800
0,1,0,21,799
0,1,0,22,806
0,1,0,23,811
0,1,0,24,829
0,1,0,25,792
0,1,0,26,824
0,1,0,27,830
0,1,0,28,807
0,1,0,29,818
0,1,0,30,783
0,1,0,31,826
0,2,0,0,781
0,2,0,1,790
0,2,0,2,769
0,2,0,3,859
0,2,0,4,779
0,2,0,5,741
0,2,0,6,746
0,2,0,7,757
0,2,0,8,757
0,2,0,9,758
0,2,0,10,761
0,2,0,11,755
0,2,0,12,759
0,2,0,13,762
0,2,0,14,731
0,2,0,15,744
0,2,0,16,764
0,2,0,17,753
0,2,0,18,765
0,2,0,19,774
0,2,0,20,745
0,2,0,21,759
0,2,0,22,750
0,2,0,23,751
0,2,0,24,778
0,2,0,25,776
0,2,0,26,748
0,2,0,27,754
0,2,0,28,745
0,2,0,29,776
0,2,0,30,748
0,2,0,31,770
0,3,0,0,770
0,3,0,1,775
0,3,0,2,768
0,3,0,3,763
0,3,0,4,775
0,3,0,5,770
0,3,0,6,765
0,3,0,7,751
0,3,0,8,745
0,3,0,9,734
0,3,0,10,767
0,3,0,11,762
0,3,0,12,750
0,3,0,13,765
0,3,0,14,753
0,3,0,15,778
0,3,0,16,768
0,3,0,17,746
0,3,0,18,816
0,3,0,19,775
0,3,0,20,777
0,3,0,21,775
0,3,0,22,766
0,3,0,23,765
0,3,0,24,767
0,3,0,25,748
0,3,0,26,771
0,3,0,27,758
0,3,0,28,756
0,3,0,29,789
0,3,0,30,759
0,3,0,31,783
0,3,1,0,773
0,3,1,1,744
0,3,1,2,779
0,3,1,3,757
0,3,1,4,761
0,3,1,5,794
0,3,1,6,765
0,3,1,7,756
0,3,1,8,770
0,3,1,9,771
0,3,1,10,772
0,3,1,11,764
0,3,1,12,763
0,3,1,13,796
0,3,1,14,772
0,3,1,15,788
0,3,1,16,771
0,3,1,17,766
0,3,1,18,761
0,3,1,19,767
0,3,1,20,758
0,3,1,21,768
0,3,1,22,762
0,3,1,23,760
0,3,1,24,761
0,3,1,25,750
0,3,1,26,787
0,3,1,27,757
0,3,1,28,752
0,3,1,29,768
0,3,1,30,765
0,3,1,31,782
0,2,1,0,930
0,2,1,1,756
0,2,1,2,782
0,2,1,3,777
0,2,1,4,772
0,2,1,5,784
0,2,1,6,750
0,2,1,7,733
0,2,1,8,765
0,2,1,9,744
0,2,1,10,758
0,2,1,11,755
0,2,1,12,758
0,2,1,13,762
0,2,1,14,761
0,2,1,15,748
0,2,1,16,882
0,2,1,17,759
0,2,1,18,770
0,2,1,19,769
0,2,1,20,758
0,2,1,21,769
0,2,1,22,755
0,2,1,23,748
0,2,1,24,752
0,2,1,25,759
0,2,1,26,762
0,2,1,27,760
0,2,1,28,753
0,2,1,29,763
0,2,1,30,759
0,2,1,31,764
0,1,1,0,836
0,1,1,1,814
0,1,1,2,845
0,1,1,3,816
0,1,1,4,815
0,1,1,5,862
0,1,1,6,799
0,1,1,7,813
0,1,1,8,830
0,1,1,9,807
0,1,1,10,819
0,1,1,11,810
0,1,1,12,813
0,1,1,13,815
0,1,1,14,802
0,1,1,15,807
0,1,1,16,831
0,1,1,17,800
0,1,1,18,813
0,1,1,19,880
0,1,1,20,825
0,1,1,21,830
0,1,1,22,794
0,1,1,23,781
0,1,1,24,814
0,1,1,25,788
0,1,1,26,839
0,1,1,27,798
0,1,1,28,805
0,1,1,29,830
0,1,1,30,813
0,1,1,31,803
0,0,1,0,801
0,0,1,1,808
0,0,1,2,849
0,0,1,3,806
0,0,1,4,806
0,0,1,5,812
0,0,1,6,818
0,0,1,7,796
0,0,1,8,827
0,0,1,9,806
0,0,1,10,805
0,0,1,11,789
0,0,1,12,801
0,0,1,13,805
0,0,1,14,794
0,0,1,15,830
0,0,1,16,847
0,0,1,17,799
0,0,1,18,813
0,0,1,19,825
0,0,1,20,786
0,0,1,21,799
0,0,1,22,798
0,0,1,23,787
0,0,1,24,783
0,0,1,25,791
0,0,1,26,805
0,0,1,27,782
0,0,1,28,791
0,0,1,29,787
0,0,1,30,799
0,0,1,31,788
0,0,2,0,860
0,0,2,1,765
0,0,2,2,775
0,0,2,3,842
0,0,2,4,814
0,0,2,5,818
0,0,2,6,815
0,0,2,7,816
0,0,2,8,811
0,0,2,9,810
0,0,2,10,826
0,0,2,11,809
0,0,2,12,797
0,0,2,13,833
0,0,2,14,830
0,0,2,15,806
0,0,2,16,808
0,0,2,17,803
0,0,2,18,825
0,0,2,19,795
0,0,2,20,800
0,0,2,21,827
0,0,2,22,798
0,0,2,23,812
0,0,2,24,782
0,0,2,25,803
0,0,2,26,804
0,0,2,27,794
0,0,2,28,807
0,0,2,29,801
0,0,2,30,799
0,0,2,31,827
0,1,2,0,794
0,1,2,1,804
0,1,2,2,815
0,1,2,3,832
0,1,2,4,826
0,1,2,5,827
0,1,2,6,828
0,1,2,7,816
0,1,2,8,832
0,1,2,9,795
0,1,2,10,823
0,1,2,11,819
0,1,2,12,808
0,1,2,13,825
0,1,2,14,815
0,1,2,15,832
0,1,2,16,838
0,1,2,17,804
0,1,2,18,818
0,1,2,19,803
0,1,2,20,816
0,1,2,21,849
0,1,2,22,799
0,1,2,23,856
0,1,2,24,807
0,1,2,25,792
0,1,2,26,825
0,1,2,27,827
0,1,2,28,803
0,1,2,29,822
0,1,2,30,808
0,1,2,31,823
0,2,2,0,1026
0,2,2,1,781
0,2,2,2,770
0,2,2,3,765
0,2,2,4,774
0,2,2,5,760
0,2,2,6,753
0,2,2,7,770
0,2,2,8,772
0,2,2,9,755
0,2,2,10,772
0,2,2,11,764
0,2,2,12,735
0,2,2,13,745
0,2,2,14,750
0,2,2,15,770
0,2,2,16,815
0,2,2,17,750
0,2,2,18,767
0,2,2,19,764
0,2,2,20,759
0,2,2,21,768
0,2,2,22,756
0,2,2,23,753
0,2,2,24,746
0,2,2,25,736
0,2,2,26,750
0,2,2,27,767
0,2,2,28,738
0,2,2,29,757
0,2,2,30,748
0,2,2,31,751
0,3,2,0,769
0,3,2,1,781
0,3,2,2,793
0,3,2,3,780
0,3,2,4,778
0,3,2,5,789
0,3,2,6,759
0,3,2,7,748
0,3,2,8,768
0,3,2,9,756
0,3,2,10,770
0,3,2,11,766
0,3,2,12,754
0,3,2,13,781
0,3,2,14,764
0,3,2,15,779
0,3,2,16,966
0,3,2,17,763
0,3,2,18,779
0,3,2,19,765
0,3,2,20,769
0,3,2,21,785
0,3,2,22,761
0,3,2,23,770
0,3,2,24,779
0,3,2,25,758
0,3,2,26,766
0,3,2,27,770
0,3,2,28,749
0,3,2,29,764
0,3,2,30,760
0,3,2,31,789
0,3,3,0,767
0,3,3,1,765
0,3,3,2,766
0,3,3,3,744
0,3,3,4,759
0,3,3,5,774
0,3,3,6,749
0,3,3,7,757
0,3,3,8,780
0,3,3,9,765
0,3,3,10,778
0,3,3,11,745
0,3,3,12,746
0,3,3,13,758
0,3,3,14,743
0,3,3,15,750
0,3,3,16,766
0,3,3,17,735
0,3,3,18,750
0,3,3,19,774
0,3,3,20,761
0,3,3,21,770
0,3,3,22,749
0,3,3,23,782
0,3,3,24,763
0,3,3,25,751
0,3,3,26,774
0,3,3,27,772
0,3,3,28,750
0,3,3,29,784
0,3,3,30,772
0,3,3,31,758
0,2,3,0,903
0,2,3,1,781
0,2,3,2,770
0,2,3,3,785
0,2,3,4,773
0,2,3,5,775
0,2,3,6,755
0,2,3,7,754
0,2,3,8,751
0,2,3,9,739
0,2,3,10,763
0,2,3,11,770
0,2,3,12,745
0,2,3,13,755
0,2,3,14,755
0,2,3,15,741
0,2,3,16,764
0,2,3,17,734
0,2,3,18,752
0,2,3,19,763
0,2,3,20,756
0,2,3,21,774
0,2,3,22,745
0,2,3,23,738
0,2,3,24,761
0,2,3,25,754
0,2,3,26,757
0,2,3,27,768
0,2,3,28,754
0,2,3,29,764
0,2,3,30,758
0,2,3,31,760
0,1,3,0,809
0,1,3,1,803
0,1,3,2,826
0,1,3,3,873
0,1,3,4,828
0,1,3,5,862
0,1,3,6,803
0,1,3,7,816
0,1,3,8,803
0,1,3,9,794
0,1,3,10,828
0,1,3,11,827
0,1,3,12,800
0,1,3,13,847
0,1,3,14,799
0,1,3,15,831
0,1,3,16,823
0,1,3,17,833
0,1,3,18,883
0,1,3,19,812
0,1,3,20,820
0,1,3,21,798
0,1,3,22,806
0,1,3,23,809
0,1,3,24,827
0,1,3,25,812
0,1,3,26,802
0,1,3,27,792
0,1,3,28,804
0,1,3,29,845
0,1,3,30,790
0,1,3,31,826
0,0,3,0,787
0,0,3,1,798
0,0,3,2,795
0,0,3,3,793
0,0,3,4,818
0,0,3,5,815
0,0,3,6,798
0,0,3,7,788
0,0,3,8,795
0,0,3,9,799
0,0,3,10,813
0,0,3,11,814
0,0,3,12,808
0,0,3,13,833
0,0,3,14,781
0,0,3,15,826
0,0,3,16,800
0,0,3,17,789
0,0,3,18,806
0,0,3,19,792
0,0,3,20,800
0,0,3,21,815
0,0,3,22,791
0,0,3,23,804
0,0,3,24,817
0,0,3,25,797
0,0,3,26,827
0,0,3,27,813
0,0,3,28,791
0,0,3,29,820
0,0,3,30,801
0,0,3,31,811
0,0,4,0,777
0,0,4,1,784
0,0,4,2,812
0,0,4,3,786
0,0,4,4,801
0,0,4,5,803
0,0,4,6,811
0,0,4,7,787
0,0,4,8,810
0,0,4,9,795
0,0,4,10,801
0,0,4,11,802
0,0,4,12,805
0,0,4,13,820
0,0,4,14,797
0,0,4,15,784
0,0,4,16,857
0,0,4,17,787
0,0,4,18,798
0,0,4,19,786
0,0,4,20,790
0,0,4,21,826
0,0,4,22,795
0,0,4,23,811
0,0,4,24,802
0,0,4,25,800
0,0,4,26,825
0,0,4,27,820
0,0,4,28,796
0,0,4,29,804
0,0,4,30,790
0,0,4,31,805
0,1,4,0,790
0,1,4,1,802
0,1,4,2,807
0,1,4,3,862
0,1,4,4,832
0,1,4,5,841
0,1,4,6,815
0,1,4,7,829
0,1,4,8,843
0,1,4,9,806
0,1,4,10,824
0,1,4,11,792
0,1,4,12,814
0,1,4,13,812
0,1,4,14,790
0,1,4,15,791
0,1,4,16,798
0,1,4,17,802
0,1,4,18,805
0,1,4,19,840
0,1,4,20,824
0,1,4,21,831
0,1,4,22,810
0,1,4,23,807
0,1,4,24,811
0,1,4,25,815
0,1,4,26,800
0,1,4,27,804
0,1,4,28,807
0,1,4,29,841
0,1,4,30,801
0,1,4,31,806
0,2,4,0,752
0,2,4,1,764
0,2,4,2,777
0,2,4,3,781
0,2,4,4,774
0,2,4,5,777
0,2,4,6,784
0,2,4,7,758
0,2,4,8,760
0,2,4,9,758
0,2,4,10,773
0,2,4,11,768
0,2,4,12,757
0,2,4,13,759
0,2,4,14,749
0,2,4,15,743
0,2,4,16,893
0,2,4,17,759
0,2,4,18,757
0,2,4,19,763
0,2,4,20,759
0,2,4,21,765
0,2,4,22,760
0,2,4,23,743
0,2,4,24,758
0,2,4,25,754
0,2,4,26,754
0,2,4,27,749
0,2,4,28,750
0,2,4,29,771
0,2,4,30,756
0,2,4,31,757
0,3,4,0,821
0,3,4,1,761
0,3,4,2,783
0,3,4,3,780
0,3,4,4,792
0,3,4,5,772
0,3,4,6,748
0,3,4,7,748
0,3,4,8,765
0,3,4,9,753
0,3,4,10,769
0,3,4,11,768
0,3,4,12,747
0,3,4,13,786
0,3,4,14,1169
0,3,4,15,790
0,3,4,16,924
0,3,4,17,749
0,3,4,18,741
0,3,4,19,752
0,3,4,20,769
0,3,4,21,788
0,3,4,22,767
0,3,4,23,771
0,3,4,24,763
0,3,4,25,768
0,3,4,26,774
0,3,4,27,778
0,3,4,28,752
0,3,4,29,770
0,3,4,30,767
0,3,4,31,767
0,3,5,0,758
0,3,5,1,763
0,3,5,2,767
0,3,5,3,2499
0,3,5,4,764
0,3,5,5,775
0,3,5,6,767
0,3,5,7,779
0,3,5,8,783
0,3,5,9,767
0,3,5,10,788
0,3,5,11,767
0,3,5,12,758
0,3,5,13,797
0,3,5,14,757
0,3,5,15,779
0,3,5,16,874
0,3,5,17,750
0,3,5,18,844
0,3,5,19,762
0,3,5,20,771
0,3,5,21,783
0,3,5,22,761
0,3,5,23,747
0,3,5,24,774
0,3,5,25,747
0,3,5,26,766
0,3,5,27,767
0,3,5,28,751
0,3,5,29,762
0,3,5,30,766
0,3,5,31,785
0,2,5,0,763
0,2,5,1,834
0,2,5,2,787
0,2,5,3,791
0,2,5,4,787
0,2,5,5,778
0,2,5,6,732
0,2,5,7,763
0,2,5,8,765
0,2,5,9,751
0,2,5,10,771
0,2,5,11,763
0,2,5,12,754
0,2,5,13,760
0,2,5,14,753
0,2,5,15,762
0,2,5,16,894
0,2,5,17,750
0,2,5,18,763
0,2,5,19,761
0,2,5,20,750
0,2,5,21,766
0,2,5,22,758
0,2,5,23,756
0,2,5,24,770
0,2,5,25,756
0,2,5,26,752
0,2,5,27,773
0,2,5,28,754
0,2,5,29,762
0,2,5,30,757
0,2,5,31,755
0,1,5,0,825
0,1,5,1,815
0,1,5,2,820
0,1,5,3,859
0,1,5,4,839
0,1,5,5,819
0,1,5,6,829
0,1,5,7,803
0,1,5,8,814
0,1,5,9,812
0,1,5,10,828
0,1,5,11,806
0,1,5,12,810
0,1,5,13,817
0,1,5,14,798
0,1,5,15,817
0,1,5,16,837
0,1,5,17,880
0,1,5,18,807
0,1,5,19,832
0,1,5,20,835
0,1,5,21,835
0,1,5,22,833
0,1,5,23,825
0,1,5,24,851
0,1,5,25,828
0,1,5,26,821
0,1,5,27,795
0,1,5,28,806
0,1,5,29,839
0,1,5,30,808
0,1,5,31,812
0,0,5,0,773
0,0,5,1,805
0,0,5,2,809
0,0,5,3,842
0,0,5,4,840
0,0,5,5,843
0,0,5,6,818
0,0,5,7,834
0,0,5,8,809
0,0,5,9,810
0,0,5,10,793
0,0,5,11,804
0,0,5,12,801
0,0,5,13,811
0,0,5,14,807
0,0,5,15,810
0,0,5,16,794
0,0,5,17,880
0,0,5,18,807
0,0,5,19,818
0,0,5,20,822
0,0,5,21,844
0,0,5,22,824
0,0,5,23,799
0,0,5,24,806
0,0,5,25,800
0,0,5,26,835
0,0,5,27,792
0,0,5,28,815
0,0,5,29,805
0,0,5,30,792
0,0,5,31,803
0,0,6,0,781
0,0,6,1,775
0,0,6,2,773
0,0,6,3,828
0,0,6,4,806
0,0,6,5,850
0,0,6,6,811
0,0,6,7,817
0,0,6,8,797
0,0,6,9,795
0,0,6,10,812
0,0,6,11,813
0,0,6,12,791
0,0,6,13,812
0,0,6,14,784
0,0,6,15,798
0,0,6,16,797
0,0,6,17,781
0,0,6,18,785
0,0,6,19,811
0,0,6,20,790
0,0,6,21,820
0,0,6,22,786
0,0,6,23,783
0,0,6,24,805
0,0,6,25,778
0,0,6,26,797
0,0,6,27,792
0,0,6,28,785
0,0,6,29,826
0,0,6,30,792
0,0,6,31,816
0,1,6,0,785
0,1,6,1,847
0,1,6,2,814
0,1,6,3,825
0,1,6,4,850
0,1,6,5,852
0,1,6,6,821
0,1,6,7,822
0,1,6,8,815
0,1,6,9,802
0,1,6,10,848
0,1,6,11,812
0,1,6,12,811
0,1,6,13,833
0,1,6,14,784
0,1,6,15,833
0,1,6,16,834
0,1,6,17,795
0,1,6,18,823
0,1,6,19,811
0,1,6,20,833
0,1,6,21,817
0,1,6,22,817
0,1,6,23,807
0,1,6,24,806
0,1,6,25,793
0,1,6,26,821
0,1,6,27,801
0,1,6,28,802
0,1,6,29,833
0,1,6,30,789
0,1,6,31,829
0,2,6,0,750
0,2,6,1,777
0,2,6,2,785
0,2,6,3,779
0,2,6,4,757
0,2,6,5,767
0,2,6,6,761
0,2,6,7,752
0,2,6,8,761
0,2,6,9,743
0,2,6,10,763
0,2,6,11,758
0,2,6,12,743
0,2,6,13,761
0,2,6,14,752
0,2,6,15,767
0,2,6,16,769
0,2,6,17,755
0,2,6,18,739
0,2,6,19,756
0,2,6,20,758
0,2,6,21,762
0,2,6,22,751
0,2,6,23,744
0,2,6,24,760
0,2,6,25,747
0,2,6,26,761
0,2,6,27,768
0,2,6,28,752
0,2,6,29,781
0,2,6,30,745
0,2,6,31,768
0,3,6,0,753
0,3,6,1,772
0,3,6,2,787
0,3,6,3,790
0,3,6,4,784
0,3,6,5,780
0,3,6,6,757
0,3,6,7,794
0,3,6,8,797
0,3,6,9,770
0,3,6,10,765
0,3,6,11,765
0,3,6,12,761
0,3,6,13,754
0,3,6,14,766
0,3,6,15,769
0,3,6,16,771
0,3,6,17,760
0,3,6,18,763
0,3,6,19,756
0,3,6,20,774
0,3,6,21,770
0,3,6,22,755
0,3,6,23,746
0,3,6,24,761
0,3,6,25,753
0,3,6,26,769
0,3,6,27,779
0,3,6,28,776
0,3,6,29,780
0,3,6,30,767
0,3,6,31,785
0,3,7,0,766
0,3,7,1,762
0,3,7,2,760
0,3,7,3,778
0,3,7,4,764
0,3,7,5,792
0,3,7,6,766
0,3,7,7,776
0,3,7,8,766
0,3,7,9,769
0,3,7,10,759
0,3,7,11,774
0,3,7,12,759
0,3,7,13,790
0,3,7,14,760
0,3,7,15,769
0,3,7,16,760
0,3,7,17,757
0,3,7,18,768
0,3,7,19,767
0,3,7,20,773
0,3,7,21,779
0,3,7,22,767
0,3,7,23,787
0,3,7,24,790
0,3,7,25,758
0,3,7,26,780
0,3,7,27,772
0,3,7,28,755
0,3,7,29,776
0,3,7,30,774
0,3,7,31,789
0,2,7,0,767
0,2,7,1,768
0,2,7,2,780
0,2,7,3,779
0,2,7,4,785
0,2,7,5,767
0,2,7,6,749
0,2,7,7,746
0,2,7,8,773
0,2,7,9,737
0,2,7,10,767
0,2,7,11,763
0,2,7,12,754
0,2,7,13,771
0,2,7,14,753
0,2,7,15,764
0,2,7,16,753
0,2,7,17,751
0,2,7,18,762
0,2,7,19,774
0,2,7,20,763
0,2,7,21,763
0,2,7,22,757
0,2,7,23,747
0,2,7,24,760
0,2,7,25,753
0,2,7,26,772
0,2,7,27,763
0,2,7,28,769
0,2,7,29,767
0,2,7,30,764
0,2,7,31,761
0,1,7,0,851
0,1,7,1,808
0,1,7,2,809
0,1,7,3,826
0,1,7,4,844
0,1,7,5,831
0,1,7,6,817
0,1,7,7,824
0,1,7,8,811
0,1,7,9,799
0,1,7,10,800
0,1,7,11,825
0,1,7,12,806
0,1,7,13,811
0,1,7,14,809
0,1,7,15,794
0,1,7,16,896
0,1,7,17,818
0,1,7,18,826
0,1,7,19,820
0,1,7,20,825
0,1,7,21,831
0,1,7,22,822
0,1,7,23,820
0,1,7,24,808
0,1,7,25,804
0,1,7,26,819
0,1,7,27,809
0,1,7,28,805
0,1,7,29,849
0,1,7,30,794
0,1,7,31,828
0,0,7,0,795
0,0,7,1,810
0,0,7,2,786
0,0,7,3,809
0,0,7,4,844
0,0,7,5,851
0,0,7,6,819
0,0,7,7,809
0,0,7,8,819
0,0,7,9,800
0,0,7,10,808
0,0,7,11,785
0,0,7,12,805
0,0,7,13,814
0,0,7,14,802
0,0,7,15,802
0,0,7,16,808
0,0,7,17,805
0,0,7,18,795
0,0,7,19,834
0,0,7,20,813
0,0,7,21,831
0,0,7,22,809
0,0,7,23,799
0,0,7,24,792
0,0,7,25,797
0,0,7,26,824
0,0,7,27,775
0,0,7,28,839
0,0,7,29,821
0,0,7,30,791
0,0,7,31,790
1,0,0,0,58832
1,0,0,1,59164
1,0,0,2,59270
1,0,0,3,58555
1,0,0,4,58932
1,0,0,5,59260
1,0,0,6,58807
1,0,0,7,59058
1,0,0,8,59182
1,0,0,9,59000
1,0,0,10,58600
1,0,0,11,59275
1,0,0,12,58851
1,0,0,13,70075
1,0,0,14,59063
1,0,0,15,58707
1,0,0,16,59226
1,0,0,17,58812
1,0,0,18,59018
1,0,0,19,58686
1,0,0,20,58964
1,0,0,21,58534
1,0,0,22,58741
1,0,0,23,59166
1,0,0,24,58690
1,0,0,25,59247
1,0,0,26,58802
1,0,0,27,58759
1,0,0,28,59179
1,0,0,29,59564
1,0,0,30,58642
1,0,0,31,58804
1,1,0,0,58940
1,1,0,1,58460
1,1,0,2,59639
1,1,0,3,58926
1,1,0,4,58549
1,1,0,5,59500
1,1,0,6,58540
1,1,0,7,58598
1,1,0,8,59096
1,1,0,9,59009
1,1,0,10,58869
1,1,0,11,58687
1,1,0,12,59139
1,1,0,13,59342
1,1,0,14,59337
1,1,0,15,59047
1,1,0,16,58788
1,1,0,17,58672
1,1,0,18,58886
1,1,0,19,58767
1,1,0,20,58515
1,1,0,21,59321
1,1,0,22,58722
1,1,0,23,58614
1,1,0,24,58741
1,1,0,25,59084
1,1,0,26,58315
1,1,0,27,58710
1,1,0,28,58384
1,1,0,29,59372
1,1,0,30,58643
1,1,0,31,58569
1,2,0,0,58819
1,2,0,1,58599
1,2,0,2,58985
1,2,0,3,58182
1,2,0,4,58830
1,2,0,5,59645
1,2,0,6,59098
1,2,0,7,59112
1,2,0,8,58732
1,2,0,9,58830
1,2,0,10,59206
1,2,0,11,58681
1,2,0,12,58762
1,2,0,13,59027
1,2,0,14,58211
1,2,0,15,59058
1,2,0,16,59179
1,2,0,17,58391
1,2,0,18,58569
1,2,0,19,58971
1,2,0,20,58519
1,2,0,21,59186
1,2,0,22,58781
1,2,0,23,58399
1,2,0,24,58650
1,2,0,25,58646
1,2,0,26,58873
1,2,0,27,58629
1,2,0,28,59095
1,2,0,29,58825
1,2,0,30,58847
1,2,0,31,58759
1,3,0,0,58500
1,3,0,1,58487
1,3,0,2,58819
1,3,0,3,58753
1,3,0,4,59471
1,3,0,5,59179
1,3,0,6,59117
1,3,0,7,58761
1,3,0,8,59005
1,3,0,9,59196
1,3,0,10,58437
1,3,0,11,59084
1,3,0,12,58441
1,3,0,13,58458
1,3,0,14,58882
1,3,0,15,58856
1,3,0,16,58708
1,3,0,17,58929
1,3,0,18,59000
1,3,0,19,58636
1,3,0,20,58903
1,3,0,21,59061
1,3,0,22,59015
1,3,0,23,58974
1,3,0,24,59152
1,3,0,25,58926
1,3,0,26,59313
1,3,0,27,58624
1,3,0,28,58731
1,3,0,29,58728
1,3,0,30,58780
1,3,0,31,58924
1,3,1,0,58667
1,3,1,1,58877
1,3,1,2,58998
1,3,1,3,58521
1,3,1,4,58731
1,3,1,5,58998
1,3,1,6,58551
1,3,1,7,59145
1,3,1,8,58030
1,3,1,9,58423
1,3,1,10,58533
1,3,1,11,58540
1,3,1,12,59307
1,3,1,13,58369
1,3,1,14,58611
1,3,1,15,59113
1,3,1,16,58671
1,3,1,17,58623
1,3,1,18,58340
1,3,1,19,59174
1,3,1,20,58923
1,3,1,21,58839
1,3,1,22,58374
1,3,1,23,59721
1,3,1,24,58934
1,3,1,25,58751
1,3,1,26,58749
1,3,1,27,58561
1,3,1,28,59344
1,3,1,29,58651
1,3,1,30,58687
1,3,1,31,58756
1,2,1,0,58932
1,2,1,1,58690
1,2,1,2,58682
1,2,1,3,58865
1,2,1,4,59073
1,2,1,5,58555
1,2,1,6,58488
1,2,1,7,58916
1,2,1,8,58797
1,2,1,9,58490
1,2,1,10,59064
1,2,1,11,59009
1,2,1,12,59921
1,2,1,13,58622
1,2,1,14,59187
1,2,1,15,59409
1,2,1,16,60470
1,2,1,17,58981
1,2,1,18,58762
1,2,1,19,58983
1,2,1,20,58372
1,2,1,21,58527
1,2,1,22,58609
1,2,1,23,58762
1,2,1,24,58239
1,2,1,25,58548
1,2,1,26,58710
1,2,1,27,58854
1,2,1,28,58626
1,2,1,29,59072
1,2,1,30,58443
1,2,1,31,58423
1,1,1,0,59585
1,1,1,1,59064
1,1,1,2,58671
1,1,1,3,58763
1,1,1,4,59314
1,1,1,5,58534
1,1,1,6,59013
1,1,1,7,58534
1,1,1,8,58688
1,1,1,9,58701
1,1,1,10,58920
1,1,1,11,58877
1,1,1,12,58563
1,1,1,13,58404
1,1,1,14,59179
1,1,1,15,58697
1,1,1,16,59120
1,1,1,17,58924
1,1,1,18,59241
1,1,1,19,58645
1,1,1,20,58669
1,1,1,21,59377
1,1,1,22,58507
1,1,1,23,59124
1,1,1,24,59083
1,1,1,25,58933
1,1,1,26,58839
1,1,1,27,59122
1,1,1,28,58589
1,1,1,29,58740
1,1,1,30,59420
1,1,1,31,59061
1,0,1,0,58663
1,0,1,1,58538
1,0,1,2,58603
1,0,1,3,58731
1,0,1,4,58622
1,0,1,5,58560
1,0,1,6,58958
1,0,1,7,58895
1,0,1,8,58676
1,0,1,9,58973
1,0,1,10,59225
1,0,1,11,58809
1,0,1,12,59031
1,0,1,13,58791
1,0,1,14,58798
1,0,1,15,58954
1,0,1,16,59056
1,0,1,17,59064
1,0,1,18,58239
1,0,1,19,58602
1,0,1,20,58544
1,0,1,21,59243
1,0,1,22,58788
1,0,1,23,58906
1,0,1,24,58427
1,0,1,25,58872
1,0,1,26,58384
1,0,1,27,58825
1,0,1,28,59134
1,0,1,29,58673
1,0,1,30,58643
1,0,1,31,58886
1,0,2,0,58555
1,0,2,1,58735
1,0,2,2,58842
1,0,2,3,58508
1,0,2,4,58868
1,0,2,5,58642
1,0,2,6,58938
1,0,2,7,58784
1,0,2,8,59151
1,0,2,9,58138
1,0,2,10,58570
1,0,2,11,58297
1,0,2,12,58503
1,0,2,13,59044
1,0,2,14,59198
1,0,2,15,58888
1,0,2,16,58641
1,0,2,17,59144
1,0,2,18,58184
1,0,2,19,58692
1,0,2,20,58670
1,0,2,21,58808
1,0,2,22,58963
1,0,2,23,58638
1,0,2,24,58950
1,0,2,25,58813
1,0,2,26,58542
1,0,2,27,58906
1,0,2,28,58718
1,0,2,29,58499
1,0,2,30,59588
1,0,2,31,59025
1,1,2,0,58804
1,1,2,1,58575
1,1,2,2,58795
1,1,2,3,58209
1,1,2,4,59257
1,1,2,5,59204
1,1,2,6,58804
1,1,2,7,58759
1,1,2,8,59064
1,1,2,9,59502
1,1,2,10,59540
1,1,2,11,59063
1,1,2,12,58658
1,1,2,13,58473
1,1,2,14,59001
1,1,2,15,59332
1,1,2,16,58782
1,1,2,17,59284
1,1,2,18,58535
1,1,2,19,58415
1,1,2,20,58776
1,1,2,21,58549
1,1,2,22,58861
1,1,2,23,58692
1,1,2,24,58582
1,1,2,25,58693
1,1,2,26,58614
1,1,2,27,59060
1,1,2,28,69775
1,1,2,29,59297
1,1,2,30,58719
1,1,2,31,58443
1,2,2,0,59188
1,2,2,1,61083
1,2,2,2,58830
1,2,2,3,58997
1,2,2,4,58700
1,2,2,5,58892
1,2,2,6,58706
1,2,2,7,58693
1,2,2,8,59445
1,2,2,9,58846
1,2,2,10,58793
1,2,2,11,59656
1,2,2,12,58706
1,2,2,13,58714
1,2,2,14,58650
1,2,2,15,58775
1,2,2,16,59174
1,2,2,17,58502
1,2,2,18,58687
1,2,2,19,58624
1,2,2,20,69740
1,2,2,21,58183
1,2,2,22,58827
1,2,2,23,59173
1,2,2,24,59145
1,2,2,25,58459
1,2,2,26,58413
1,2,2,27,59188
1,2,2,28,59518
1,2,2,29,58986
1,2,2,30,59358
1,2,2,31,58816
1,3,2,0,59001
1,3,2,1,58729
1,3,2,2,59701
1,3,2,3,58817
1,3,2,4,59325
1,3,2,5,58968
1,3,2,6,58606
1,3,2,7,58812
1,3,2,8,59147
1,3,2,9,59116
1,3,2,10,58710
1,3,2,11,58951
1,3,2,12,58768
1,3,2,13,58732
1,3,2,14,58786
1,3,2,15,58723
1,3,2,16,58736
1,3,2,17,58615
1,3,2,18,58464
1,3,2,19,59831
1,3,2,20,58879
1,3,2,21,59072
1,3,2,22,58926
1,3,2,23,58781
1,3,2,24,59131
1,3,2,25,58854
1,3,2,26,58838
1,3,2,27,59084
1,3,2,28,58708
1,3,2,29,58733
1,3,2,30,58992
1,3,2,31,58649
1,3,3,0,58956
1,3,3,1,58546
1,3,3,2,58791
1,3,3,3,59027
1,3,3,4,59022
1,3,3,5,70823
1,3,3,6,58475
1,3,3,7,59387
1,3,3,8,58470
1,3,3,9,58667
1,3,3,10,59388
1,3,3,11,59062
1,3,3,12,58887
1,3,3,13,58565
1,3,3,14,59004
1,3,3,15,59198
1,3,3,16,58606
1,3,3,17,58796
1,3,3,18,58590
1,3,3,19,58447
1,3,3,20,58223
1,3,3,21,58706
1,3,3,22,58618
1,3,3,23,58647
1,3,3,24,58841
1,3,3,25,58721
1,3,3,26,58972
1,3,3,27,58336
1,3,3,28,58726
1,3,3,29,58569
1,3,3,30,59198
1,3,3,31,58593
1,2,3,0,59169
1,2,3,1,58648
1,2,3,2,59716
1,2,3,3,59340
1,2,3,4,58932
1,2,3,5,58223
1,2,3,6,58700
1,2,3,7,58208
1,2,3,8,59007
1,2,3,9,58983
1,2,3,10,59437
1,2,3,11,58994
1,2,3,12,58992
1,2,3,13,58928
1,2,3,14,58984
1,2,3,15,58961
1,2,3,16,58367
1,2,3,17,59291
1,2,3,18,58447
1,2,3,19,59303
1,2,3,20,58650
1,2,3,21,59421
1,2,3,22,59526
1,2,3,23,58773
1,2,3,24,58975
1,2,3,25,58729
1,2,3,26,69392
1,2,3,27,58529
1,2,3,28,58902
1,2,3,29,59072
1,2,3,30,58612
1,2,3,31,58577
1,1,3,0,59490
1,1,3,1,59068
1,1,3,2,58840
1,1,3,3,59107
1,1,3,4,58084
1,1,3,5,58523
1,1,3,6,58514
1,1,3,7,58669
1,1,3,8,58449
1,1,3,9,58274
1,1,3,10,58331
1,1,3,11,58246
1,1,3,12,58749
1,1,3,13,59297
1,1,3,14,58844
1,1,3,15,58722
1,1,3,16,58981
1,1,3,17,59188
1,1,3,18,58976
1,1,3,19,58503
1,1,3,20,58880
1,1,3,21,59946
1,1,3,22,59690
1,1,3,23,58656
1,1,3,24,58808
1,1,3,25,58900
1,1,3,26,59127
1,1,3,27,58683
1,1,3,28,58807
1,1,3,29,58734
1,1,3,30,59162
1,1,3,31,59349
1,0,3,0,58704
1,0,3,1,59196
1,0,3,2,58900
1,0,3,3,58746
1,0,3,4,58658
1,0,3,5,59286
1,0,3,6,59195
1,0,3,7,58782
1,0,3,8,58981
1,0,3,9,58984
1,0,3,10,58195
1,0,3,11,58808
1,0,3,12,58020
1,0,3,13,58595
1,0,3,14,58336
1,0,3,15,58290
1,0,3,16,59506
1,0,3,17,58874
1,0,3,18,58654
1,0,3,19,59449
1,0,3,20,59021
1,0,3,21,58768
1,0,3,22,58898
1,0,3,23,59394
1,0,3,24,58564
1,0,3,25,58912
1,0,3,26,58869
1,0,3,27,58466
1,0,3,28,58904
1,0,3,29,59233
1,0,3,30,58710
1,0,3,31,59383
1,0,4,0,59075
1,0,4,1,58196
1,0,4,2,58530
1,0,4,3,70150
1,0,4,4,59907
1,0,4,5,58683
1,0,4,6,58907
1,0,4,7,58059
1,0,4,8,58846
1,0,4,9,58804
1,0,4,10,58720
1,0,4,11,58299
1,0,4,12,58742
1,0,4,13,58646
1,0,4,14,58997
1,0,4,15,59000
1,0,4,16,59311
1,0,4,17,58990
1,0,4,18,59164
1,0,4,19,58393
1,0,4,20,58850
1,0,4,21,58434
1,0,4,22,58985
1,0,4,23,59348
1,0,4,24,58783
1,0,4,25,58595
1,0,4,26,58431
1,0,4,27,59036
1,0,4,28,59471
1,0,4,29,58419
1,0,4,30,58559
1,0,4,31,59268
1,1,4,0,59093
1,1,4,1,58539
1,1,4,2,59056
1,1,4,3,59686
1,1,4,4,58752
1,1,4,5,59165
1,1,4,6,58738
1,1,4,7,59470
1,1,4,8,58905
1,1,4,9,58673
1,1,4,10,58879
1,1,4,11,58532
1,1,4,12,58603
1,1,4,13,59241
1,1,4,14,59022
1,1,4,15,58994
1,1,4,16,58546
1,1,4,17,58784
1,1,4,18,59119
1,1,4,19,58965
1,1,4,20,58474
1,1,4,21,58680
1,1,4,22,58611
1,1,4,23,59351
1,1,4,24,58639
1,1,4,25,58977
1,1,4,26,58925
1,1,4,27,58949
1,1,4,28,58515
1,1,4,29,58820
1,1,4,30,58823
1,1,4,31,58543
1,2,4,0,58779
1,2,4,1,59138
1,2,4,2,58625
1,2,4,3,59151
1,2,4,4,58603
1,2,4,5,59380
1,2,4,6,59169
1,2,4,7,59051
1,2,4,8,58915
1,2,4,9,59321
1,2,4,10,58875
1,2,4,11,58800
1,2,4,12,58490
1,2,4,13,58549
1,2,4,14,59179
1,2,4,15,59391
1,2,4,16,70056
1,2,4,17,58948
1,2,4,18,58410
1,2,4,19,59036
1,2,4,20,58907
1,2,4,21,58735
1,2,4,22,58686
1,2,4,23,58525
1,2,4,24,59017
1,2,4,25,58809
1,2,4,26,58790
1,2,4,27,58585
1,2,4,28,58182
1,2,4,29,58331
1,2,4,30,59263
1,2,4,31,58474
1,3,4,0,58547
1,3,4,1,58703
1,3,4,2,58238
1,3,4,3,58847
1,3,4,4,58693
1,3,4,5,58626
1,3,4,6,59998
1,3,4,7,58988
1,3,4,8,58462
1,3,4,9,58658
1,3,4,10,58800
1,3,4,11,58767
1,3,4,12,58977
1,3,4,13,58926
1,3,4,14,58462
1,3,4,15,59069
1,3,4,16,58852
1,3,4,17,59017
1,3,4,18,58915
1,3,4,19,58942
1,3,4,20,58848
1,3,4,21,58859
1,3,4,22,58870
1,3,4,23,59681
1,3,4,24,58722
1,3,4,25,58685
1,3,4,26,58397
1,3,4,27,58406
1,3,4,28,58719
1,3,4,29,58369
1,3,4,30,58701
1,3,4,31,58735
1,3,5,0,58815
1,3,5,1,58639
1,3,5,2,61434
1,3,5,3,58492
1,3,5,4,58973
1,3,5,5,58986
1,3,5,6,58866
1,3,5,7,58687
1,3,5,8,59485
1,3,5,9,59930
1,3,5,10,58951
1,3,5,11,58429
1,3,5,12,58676
1,3,5,13,59131
1,3,5,14,59398
1,3,5,15,58538
1,3,5,16,58742
1,3,5,17,58543
1,3,5,18,58978
1,3,5,19,59397
1,3,5,20,58905
1,3,5,21,58885
1,3,5,22,58942
1,3,5,23,58438
1,3,5,24,58803
1,3,5,25,58909
1,3,5,26,58777
1,3,5,27,59084
1,3,5,28,58272
1,3,5,29,59184
1,3,5,30,58830
1,3,5,31,59096
1,2,5,0,58862
1,2,5,1,59916
1,2,5,2,58704
1,2,5,3,58381
1,2,5,4,59108
1,2,5,5,58864
1,2,5,6,58823
1,2,5,7,59206
1,2,5,8,58869
1,2,5,9,58872
1,2,5,10,58725
1,2,5,11,59117
1,2,5,12,58685
1,2,5,13,58630
1,2,5,14,58575
1,2,5,15,59469
1,2,5,16,58711
1,2,5,17,59090
1,2,5,18,59003
1,2,5,19,59805
1,2,5,20,58447
1,2,5,21,58912
1,2,5,22,60001
1,2,5,23,58840
1,2,5,24,58450
1,2,5,25,58867
1,2,5,26,59021
1,2,5,27,59021
1,2,5,28,59794
1,2,5,29,176045
1,2,5,30,59412
1,2,5,31,69804
1,1,5,0,59364
1,1,5,1,59362
1,1,5,2,58816
1,1,5,3,58754
1,1,5,4,59153
1,1,5,5,58749
1,1,5,6,58775
1,1,5,7,58596
1,1,5,8,58788
1,1,5,9,58808
1,1,5,10,58841
1,1,5,11,58844
1,1,5,12,58548
1,1,5,13,58624
1,1,5,14,59208
1,1,5,15,58930
1,1,5,16,59333
1,1,5,17,58945
1,1,5,18,59445
1,1,5,19,58564
1,1,5,20,58647
1,1,5,21,58615
1,1,5,22,58620
1,1,5,23,69753
1,1,5,24,58549
1,1,5,25,59000
1,1,5,26,58508
1,1,5,27,58576
1,1,5,28,58974
1,1,5,29,58901
1,1,5,30,59357
1,1,5,31,58554
1,0,5,0,58942
1,0,5,1,58748
1,0,5,2,58665
1,0,5,3,59645
1,0,5,4,58707
1,0,5,5,59012
1,0,5,6,58830
1,0,5,7,58129
1,0,5,8,58536
1,0,5,9,59545
1,0,5,10,118123
1,0,5,11,58722
1,0,5,12,58920
1,0,5,13,59531
1,0,5,14,59103
1,0,5,15,58336
1,0,5,16,59049
1,0,5,17,58550
1,0,5,18,59082
1,0,5,19,58962
1,0,5,20,59308
1,0,5,21,58700
1,0,5,22,58664
1,0,5,23,58831
1,0,5,24,58259
1,0,5,25,59319
1,0,5,26,58306
1,0,5,27,59007
1,0,5,28,59195
1,0,5,29,58890
1,0,5,30,59328
1,0,5,31,58312
1,0,6,0,59254
1,0,6,1,58989
1,0,6,2,58959
1,0,6,3,59917
1,0,6,4,58512
1,0,6,5,58627
1,0,6,6,59151
1,0,6,7,69755
1,0,6,8,58299
1,0,6,9,58779
1,0,6,10,58767
1,0,6,11,58467
1,0,6,12,58964
1,0,6,13,58623
1,0,6,14,59240
1,0,6,15,64740
1,0,6,16,65644
1,0,6,17,58907
1,0,6,18,58576
1,0,6,19,59074
1,0,6,20,58918
1,0,6,21,58375
1,0,6,22,58901
1,0,6,23,58694
1,0,6,24,58595
1,0,6,25,58753
1,0,6,26,58435
1,0,6,27,59806
1,0,6,28,58555
1,0,6,29,58956
1,0,6,30,58376
1,0,6,31,58624
1,1,6,0,59070
1,1,6,1,58768
1,1,6,2,59248
1,1,6,3,58689
1,1,6,4,59048
1,1,6,5,59007
1,1,6,6,58528
1,1,6,7,58875
1,1,6,8,58465
1,1,6,9,59292
1,1,6,10,58984
1,1,6,11,58890
1,1,6,12,58721
1,1,6,13,59481
1,1,6,14,58688
1,1,6,15,58918
1,1,6,16,58786
1,1,6,17,59134
1,1,6,18,58390
1,1,6,19,59151
1,1,6,20,58706
1,1,6,21,58982
1,1,6,22,58807
1,1,6,23,58698
1,1,6,24,58672
1,1,6,25,58567
1,1,6,26,58808
1,1,6,27,58798
1,1,6,28,59109
1,1,6,29,58780
1,1,6,30,58363
1,1,6,31,58917
1,2,6,0,58575
1,2,6,1,59169
1,2,6,2,58541
1,2,6,3,58773
1,2,6,4,58968
1,2,6,5,59142
1,2,6,6,59147
1,2,6,7,59232
1,2,6,8,58736
1,2,6,9,58890
1,2,6,10,59195
1,2,6,11,58717
1,2,6,12,58388
1,2,6,13,58399
1,2,6,14,58763
1,2,6,15,58368
1,2,6,16,59236
1,2,6,17,58600
1,2,6,18,59026
1,2,6,19,69930
1,2,6,20,58646
1,2,6,21,59701
1,2,6,22,58617
1,2,6,23,58528
1,2,6,24,58094
1,2,6,25,59000
1,2,6,26,58555
1,2,6,27,58721
1,2,6,28,58842
1,2,6,29,58859
1,2,6,30,59662
1,2,6,31,58863
1,3,6,0,58305
1,3,6,1,58662
1,3,6,2,59266
1,3,6,3,59127
1,3,6,4,58699
1,3,6,5,58819
1,3,6,6,58968
1,3,6,7,58900
1,3,6,8,58886
1,3,6,9,58840
1,3,6,10,59333
1,3,6,11,58539
1,3,6,12,59338
1,3,6,13,58937
1,3,6,14,58815
1,3,6,15,58614
1,3,6,16,58535
1,3,6,17,58708
1,3,6,18,59386
1,3,6,19,58716
1,3,6,20,58487
1,3,6,21,59426
1,3,6,22,58750
1,3,6,23,58734
1,3,6,24,58914
1,3,6,25,58321
1,3,6,26,58676
1,3,6,27,59286
1,3,6,28,58522
1,3,6,29,59607
1,3,6,30,58925
1,3,6,31,58802
1,3,7,0,59015
1,3,7,1,58702
1,3,7,2,58458
1,3,7,3,58835
1,3,7,4,70174
1,3,7,5,59028
1,3,7,6,58968
1,3,7,7,58671
1,3,7,8,58798
1,3,7,9,59327
1,3,7,10,58957
1,3,7,11,58932
1,3,7,12,58820
1,3,7,13,58626
1,3,7,14,58790
1,3,7,15,65389
1,3,7,16,68245
1,3,7,17,70638
1,3,7,18,58519
1,3,7,19,58551
1,3,7,20,65172
1,3,7,21,58738
1,3,7,22,58977
1,3,7,23,58989
1,3,7,24,58800
1,3,7,25,58794
1,3,7,26,58733
1,3,7,27,59348
1,3,7,28,58399
1,3,7,29,58758
1,3,7,30,58413
1,3,7,31,58703
1,2,7,0,59044
1,2,7,1,59348
1,2,7,2,58690
1,2,7,3,58767
1,2,7,4,58754
1,2,7,5,59142
1,2,7,6,58920
1,2,7,7,58795
1,2,7,8,59034
1,2,7,9,59175
1,2,7,10,63045
1,2,7,11,70696
1,2,7,12,69686
1,2,7,13,190928
1,2,7,14,58936
1,2,7,15,58869
1,2,7,16,58984
1,2,7,17,59122
1,2,7,18,59530
1,2,7,19,58384
1,2,7,20,60160
1,2,7,21,58760
1,2,7,22,65809
1,2,7,23,59058
1,2,7,24,58560
1,2,7,25,63741
1,2,7,26,58984
1,2,7,27,62124
1,2,7,28,58966
1,2,7,29,58761
1,2,7,30,59567
1,2,7,31,58836
1,1,7,0,59122
1,1,7,1,58471
1,1,7,2,58817
1,1,7,3,59006
1,1,7,4,58941
1,1,7,5,59192
1,1,7,6,59416
1,1,7,7,58956
1,1,7,8,58448
1,1,7,9,58696
1,1,7,10,59019
1,1,7,11,59280
1,1,7,12,58765
1,1,7,13,58965
1,1,7,14,58791
1,1,7,15,59094
1,1,7,16,58419
1,1,7,17,58799
1,1,7,18,58387
1,1,7,19,58983
1,1,7,20,58615
1,1,7,21,58766
1,1,7,22,58572
1,1,7,23,58692
1,1,7,24,59248
1,1,7,25,59139
1,1,7,26,58839
1,1,7,27,58159
1,1,7,28,59370
1,1,7,29,58591
1,1,7,30,58993
1,1,7,31,58492
1,0,7,0,58532
1,0,7,1,59550
1,0,7,2,59268
1,0,7,3,58892
1,0,7,4,58829
1,0,7,5,58415
1,0,7,6,58966
1,0,7,7,58545
1,0,7,8,59008
1,0,7,9,58711
1,0,7,10,58673
1,0,7,11,58752
1,0,7,12,59595
1,0,7,13,58995
1,0,7,14,58652
1,0,7,15,58791
1,0,7,16,59080
1,0,7,17,58563
1,0,7,18,58762
1,0,7,19,59641
1,0,7,20,58929
1,0,7,21,58910
1,0,7,22,58704
1,0,7,23,58763
1,0,7,24,59148
1,0,7,25,58938
1,0,7,26,59142
1,0,7,27,59001
1,0,7,28,58962
1,0,7,29,59191
1,0,7,30,58776
1,0,7,31,58884
2,0,0,0,28489
2,0,0,1,28349
2,0,0,2,38715
2,0,0,3,28129
2,0,0,4,28427
2,0,0,5,28432
2,0,0,6,28330
2,0,0,7,28289
2,0,0,8,28098
2,0,0,9,28265
2,0,0,10,27975
2,0,0,11,28275
2,0,0,12,28330
2,0,0,13,27926
2,0,0,14,28318
2,0,0,15,28244
2,0,0,16,28431
2,0,0,17,28175
2,0,0,18,28422
2,0,0,19,28479
2,0,0,20,28072
2,0,0,21,28175
2,0,0,22,28111
2,0,0,23,27952
2,0,0,24,27924
2,0,0,25,27983
2,0,0,26,28107
2,0,0,27,28015
2,0,0,28,28170
2,0,0,29,27914
2,0,0,30,28120
2,0,0,31,28498
2,1,0,0,27965
2,1,0,1,28378
2,1,0,2,28436
2,1,0,3,28280
2,1,0,4,28389
2,1,0,5,28440
2,1,0,6,28445
2,1,0,7,28275
2,1,0,8,28427
2,1,0,9,28226
2,1,0,10,28401
2,1,0,11,28413
2,1,0,12,28314
2,1,0,13,28397
2,1,0,14,27992
2,1,0,15,27903
2,1,0,16,28262
2,1,0,17,27943
2,1,0,18,28422
2,1,0,19,27874
2,1,0,20,28453
2,1,0,21,28294
2,1,0,22,28401
2,1,0,23,28450
2,1,0,24,28317
2,1,0,25,28466
2,1,0,26,28380
2,1,0,27,28407
2,1,0,28,28413
2,1,0,29,28458
2,1,0,30,27917
2,1,0,31,28154
2,2,0,0,28060
2,2,0,1,27920
2,2,0,2,28027
2,2,0,3,27862
2,2,0,4,27905
2,2,0,5,27999
2,2,0,6,27934
2,2,0,7,27884
2,2,0,8,28278
2,2,0,9,28359
2,2,0,10,28340
2,2,0,11,28069
2,2,0,12,28456
2,2,0,13,27905
2,2,0,14,27942
2,2,0,15,28352
2,2,0,16,28119
2,2,0,17,28422
2,2,0,18,28253
2,2,0,19,28366
2,2,0,20,28377
2,2,0,21,28298
2,2,0,22,28362
2,2,0,23,28371
2,2,0,24,28461
2,2,0,25,28365
2,2,0,26,28333
2,2,0,27,28354
2,2,0,28,27812
2,2,0,29,27873
2,2,0,30,27998
2,2,0,31,27954
2,3,0,0,28065
2,3,0,1,28006
2,3,0,2,27935
2,3,0,3,27812
2,3,0,4,28318
2,3,0,5,28328
2,3,0,6,27971
2,3,0,7,27940
2,3,0,8,28302
2,3,0,9,28375
2,3,0,10,28414
2,3,0,11,28386
2,3,0,12,28378
2,3,0,13,27854
2,3,0,14,27872
2,3,0,15,27848
2,3,0,16,28293
2,3,0,17,28406
2,3,0,18,28155
2,3,0,19,28251
2,3,0,20,28357
2,3,0,21,28358
2,3,0,22,28359
2,3,0,23,28354
2,3,0,24,28339
2,3,0,25,28375
2,3,0,26,28402
2,3,0,27,28398
2,3,0,28,28351
2,3,0,29,28380
2,3,0,30,28297
2,3,0,31,28276
2,3,1,0,27932
2,3,1,1,28370
2,3,1,2,28032
2,3,1,3,28368
2,3,1,4,28021
2,3,1,5,28394
2,3,1,6,28338
2,3,1,7,27885
2,3,1,8,28264
2,3,1,9,28339
2,3,1,10,28309
2,3,1,11,28410
2,3,1,12,28355
2,3,1,13,28014
2,3,1,14,28086
2,3,1,15,28334
2,3,1,16,27953
2,3,1,17,28407
2,3,1,18,28203
2,3,1,19,28356
2,3,1,20,28774
2,3,1,21,28387
2,3,1,22,28278
2,3,1,23,28345
2,3,1,24,28251
2,3,1,25,28012
2,3,1,26,28336
2,3,1,27,28413
2,3,1,28,28401
2,3,1,29,27908
2,3,1,30,28350
2,3,1,31,28327
2,2,1,0,28244
2,2,1,1,28315
2,2,1,2,28071
2,2,1,3,27946
2,2,1,4,28214
2,2,1,5,28318
2,2,1,6,31690
2,2,1,7,28019
2,2,1,8,28307
2,2,1,9,28069
2,2,1,10,28354
2,2,1,11,28257
2,2,1,12,27769
2,2,1,13,28339
2,2,1,14,27865
2,2,1,15,27947
2,2,1,16,27837
2,2,1,17,27827
2,2,1,18,28378
2,2,1,19,27979
2,2,1,20,27863
2,2,1,21,28386
2,2,1,22,28351
2,2,1,23,27928
2,2,1,24,27935
2,2,1,25,27887
2,2,1,26,27784
2,2,1,27,27827
2,2,1,28,28279
2,2,1,29,27866
2,2,1,30,27853
2,2,1,31,27991
2,1,1,0,28446
2,1,1,1,27991
2,1,1,2,28326
2,1,1,3,28326
2,1,1,4,28343
2,1,1,5,28365
2,1,1,6,28511
2,1,1,7,28213
2,1,1,8,28282
2,1,1,9,28157
2,1,1,10,28309
2,1,1,11,27977
2,1,1,12,27899
2,1,1,13,28355
2,1,1,14,28934
2,1,1,15,27943
2,1,1,16,28350
2,1,1,17,28254
2,1,1,18,28357
2,1,1,19,28292
2,1,1,20,28420
2,1,1,21,28356
2,1,1,22,28188
2,1,1,23,27911
2,1,1,24,28080
2,1,1,25,28396
2,1,1,26,28329
2,1,1,27,28470
2,1,1,28,28173
2,1,1,29,27982
2,1,1,30,28217
2,1,1,31,28428
2,0,1,0,28285
2,0,1,1,28422
2,0,1,2,28478
2,0,1,3,28406
2,0,1,4,28184
2,0,1,5,28371
2,0,1,6,28138
2,0,1,7,28147
2,0,1,8,28419
2,0,1,9,28484
2,0,1,10,28123
2,0,1,11,28311
2,0,1,12,28095
2,0,1,13,28180
2,0,1,14,28461
2,0,1,15,28077
2,0,1,16,28063
2,0,1,17,28096
2,0,1,18,27985
2,0,1,19,28260
2,0,1,20,28407
2,0,1,21,28397
2,0,1,22,28370
2,0,1,23,27930
2,0,1,24,28427
2,0,1,25,28338
2,0,1,26,28517
2,0,1,27,28081
2,0,1,28,28111
2,0,1,29,28189
2,0,1,30,28140
2,0,1,31,28183
2,0,2,0,28284
2,0,2,1,31375
2,0,2,2,28186
2,0,2,3,28106
2,0,2,4,28468
2,0,2,5,28198
2,0,2,6,28427
2,0,2,7,28376
2,0,2,8,28546
2,0,2,9,28328
2,0,2,10,28381
2,0,2,11,28324
2,0,2,12,28536
2,0,2,13,28187
2,0,2,14,28157
2,0,2,15,28246
2,0,2,16,28449
2,0,2,17,28140
2,0,2,18,28111
2,0,2,19,28401
2,0,2,20,28480
2,0,2,21,27970
2,0,2,22,28237
2,0,2,23,28405
2,0,2,24,28455
2,0,2,25,28379
2,0,2,26,28565
2,0,2,27,28467
2,0,2,28,28415
2,0,2,29,27989
2,0,2,30,28296
2,0,2,31,28198
2,1,2,0,28321
2,1,2,1,28351
2,1,2,2,28248
2,1,2,3,28561
2,1,2,4,28358
2,1,2,5,28326
2,1,2,6,28313
2,1,2,7,28149
2,1,2,8,28373
2,1,2,9,28373
2,1,2,10,28460
2,1,2,11,28424
2,1,2,12,28304
2,1,2,13,28464
2,1,2,14,28302
2,1,2,15,28455
2,1,2,16,28415
2,1,2,17,28424
2,1,2,18,28423
2,1,2,19,28370
2,1,2,20,28342
2,1,2,21,28531
2,1,2,22,28459
2,1,2,23,28338
2,1,2,24,28400
2,1,2,25,28431
2,1,2,26,28419
2,1,2,27,28382
2,1,2,28,28309
2,1,2,29,27907
2,1,2,30,27879
2,1,2,31,28488
2,2,2,0,28350
2,2,2,1,28774
2,2,2,2,27958
2,2,2,3,28417
2,2,2,4,28345
2,2,2,5,28465
2,2,2,6,28406
2,2,2,7,28271
2,2,2,8,28132
2,2,2,9,28312
2,2,2,10,28317
2,2,2,11,28314
2,2,2,12,27920
2,2,2,13,28192
2,2,2,14,27844
2,2,2,15,28387
2,2,2,16,28336
2,2,2,17,28362
2,2,2,18,28019
2,2,2,19,28366
2,2,2,20,28408
2,2,2,21,28239
2,2,2,22,28410
2,2,2,23,28203
2,2,2,24,28177
2,2,2,25,28434
2,2,2,26,28041
2,2,2,27,27839
2,2,2,28,28154
2,2,2,29,27937
2,2,2,30,27904
2,2,2,31,28061
2,3,2,0,28408
2,3,2,1,28441
2,3,2,2,27896
2,3,2,3,28355
2,3,2,4,28302
2,3,2,5,27946
2,3,2,6,28328
2,3,2,7,27895
2,3,2,8,28216
2,3,2,9,28411
2,3,2,10,28371
2,3,2,11,28346
2,3,2,12,28124
2,3,2,13,28413
2,3,2,14,27922
2,3,2,15,28326
2,3,2,16,28373
2,3,2,17,28286
2,3,2,18,28390
2,3,2,19,28334
2,3,2,20,28304
2,3,2,21,28396
2,3,2,22,28477
2,3,2,23,28115
2,3,2,24,27936
2,3,2,25,28271
2,3,2,26,28358
2,3,2,27,28329
2,3,2,28,28278
2,3,2,29,28017
2,3,2,30,28381
2,3,2,31,28953
2,3,3,0,27927
2,3,3,1,28361
2,3,3,2,28321
2,3,3,3,27809
2,3,3,4,27883
2,3,3,5,28328
2,3,3,6,28512
2,3,3,7,28364
2,3,3,8,28142
2,3,3,9,28394
2,3,3,10,28382
2,3,3,11,28065
2,3,3,12,28303
2,3,3,13,28173
2,3,3,14,28323
2,3,3,15,27961
2,3,3,16,28441
2,3,3,17,28346
2,3,3,18,28305
2,3,3,19,28185
2,3,3,20,28355
2,3,3,21,28395
2,3,3,22,28114
2,3,3,23,28368
2,3,3,24,28304
2,3,3,25,28269
2,3,3,26,28214
2,3,3,27,28377
2,3,3,28,28240
2,3,3,29,28015
2,3,3,30,28343
2,3,3,31,28301
2,2,3,0,28415
2,2,3,1,28406
2,2,3,2,28224
2,2,3,3,28322
2,2,3,4,28250
2,2,3,5,27887
2,2,3,6,28384
2,2,3,7,27874
2,2,3,8,27928
2,2,3,9,28330
2,2,3,10,28388
2,2,3,11,27910
2,2,3,12,27884
2,2,3,13,28390
2,2,3,14,27930
2,2,3,15,27894
2,2,3,16,28349
2,2,3,17,28253
2,2,3,18,27950
2,2,3,19,27890
2,2,3,20,28382
2,2,3,21,28407
2,2,3,22,28376
2,2,3,23,28450
2,2,3,24,28298
2,2,3,25,29192
2,2,3,26,27821
2,2,3,27,27929
2,2,3,28,28126
2,2,3,29,27987
2,2,3,30,28113
2,2,3,31,27993
2,1,3,0,28419
2,1,3,1,28416
2,1,3,2,28480
2,1,3,3,28371
2,1,3,4,28298
2,1,3,5,28361
2,1,3,6,28503
2,1,3,7,28366
2,1,3,8,28408
2,1,3,9,28319
2,1,3,10,28427
2,1,3,11,28371
2,1,3,12,28378
2,1,3,13,28469
2,1,3,14,27923
2,1,3,15,28290
2,1,3,16,27983
2,1,3,17,28426
2,1,3,18,28407
2,1,3,19,28421
2,1,3,20,28458
2,1,3,21,28471
2,1,3,22,28457
2,1,3,23,28479
2,1,3,24,28345
2,1,3,25,28294
2,1,3,26,28373
2,1,3,27,28388
2,1,3,28,28448
2,1,3,29,28533
2,1,3,30,28086
2,1,3,31,28176
2,0,3,0,28380
2,0,3,1,28484
2,0,3,2,28539
2,0,3,3,28394
2,0,3,4,28389
2,0,3,5,28415
2,0,3,6,28457
2,0,3,7,28344
2,0,3,8,28373
2,0,3,9,28473
2,0,3,10,28273
2,0,3,11,28428
2,0,3,12,28341
2,0,3,13,28552
2,0,3,14,27903
2,0,3,15,28356
2,0,3,16,28085
2,0,3,17,28158
2,0,3,18,28313
2,0,3,19,28394
2,0,3,20,28370
2,0,3,21,28206
2,0,3,22,28090
2,0,3,23,28107
2,0,3,24,28171
2,0,3,25,28418
2,0,3,26,28169
2,0,3,27,28154
2,0,3,28,28275
2,0,3,29,27969
2,0,3,30,28422
2,0,3,31,28351
2,0,4,0,28010
2,0,4,1,27855
2,0,4,2,28371
2,0,4,3,28196
2,0,4,4,28108
2,0,4,5,28417
2,0,4,6,28212
2,0,4,7,28062
2,0,4,8,28344
2,0,4,9,28491
2,0,4,10,28281
2,0,4,11,28429
2,0,4,12,28384
2,0,4,13,28365
2,0,4,14,28170
2,0,4,15,28411
2,0,4,16,28304
2,0,4,17,28121
2,0,4,18,28347
2,0,4,19,28492
2,0,4,20,28284
2,0,4,21,28216
2,0,4,22,28395
2,0,4,23,28472
2,0,4,24,28170
2,0,4,25,28333
2,0,4,26,28358
2,0,4,27,28206
2,0,4,28,28357
2,0,4,29,28132
2,0,4,30,28298
2,0,4,31,28088
2,1,4,0,28445
2,1,4,1,28505
2,1,4,2,28414
2,1,4,3,28186
2,1,4,4,28409
2,1,4,5,28363
2,1,4,6,28403
2,1,4,7,28395
2,1,4,8,28392
2,1,4,9,28372
2,1,4,10,28410
2,1,4,11,28310
2,1,4,12,28373
2,1,4,13,28272
2,1,4,14,28254
2,1,4,15,28244
2,1,4,16,28392
2,1,4,17,28230
2,1,4,18,28418
2,1,4,19,28480
2,1,4,20,28454
2,1,4,21,28039
2,1,4,22,28403
2,1,4,23,28384
2,1,4,24,28425
2,1,4,25,28464
2,1,4,26,27960
2,1,4,27,28260
2,1,4,28,28410
2,1,4,29,28033
2,1,4,30,28461
2,1,4,31,28445
2,2,4,0,28228
2,2,4,1,28320
2,2,4,2,28311
2,2,4,3,28324
2,2,4,4,28318
2,2,4,5,28437
2,2,4,6,28255
2,2,4,7,27999
2,2,4,8,27973
2,2,4,9,28050
2,2,4,10,27945
2,2,4,11,28025
2,2,4,12,28017
2,2,4,13,28216
2,2,4,14,27963
2,2,4,15,28023
2,2,4,16,28025
2,2,4,17,27909
2,2,4,18,27948
2,2,4,19,28055
2,2,4,20,28342
2,2,4,21,28007
2,2,4,22,28195
2,2,4,23,28185
2,2,4,24,27863
2,2,4,25,28333
2,2,4,26,28346
2,2,4,27,28305
2,2,4,28,27952
2,2,4,29,27779
2,2,4,30,27861
2,2,4,31,28437
2,3,4,0,28388
2,3,4,1,28277
2,3,4,2,27947
2,3,4,3,27980
2,3,4,4,28117
2,3,4,5,28296
2,3,4,6,28760
2,3,4,7,27924
2,3,4,8,28430
2,3,4,9,28440
2,3,4,10,27921
2,3,4,11,28441
2,3,4,12,28267
2,3,4,13,28411
2,3,4,14,28012
2,3,4,15,28470
2,3,4,16,28390
2,3,4,17,28424
2,3,4,18,27863
2,3,4,19,28433
2,3,4,20,27998
2,3,4,21,27803
2,3,4,22,28405
2,3,4,23,27955
2,3,4,24,28280
2,3,4,25,27945
2,3,4,26,28233
2,3,4,27,28318
2,3,4,28,27992
2,3,4,29,28416
2,3,4,30,28280
2,3,4,31,28345
2,3,5,0,28340
2,3,5,1,27873
2,3,5,2,27943
2,3,5,3,27827
2,3,5,4,28358
2,3,5,5,28281
2,3,5,6,28356
2,3,5,7,28469
2,3,5,8,28237
2,3,5,9,28394
2,3,5,10,28435
2,3,5,11,28208
2,3,5,12,28340
2,3,5,13,28076
2,3,5,14,28276
2,3,5,15,28415
2,3,5,16,28312
2,3,5,17,27881
2,3,5,18,28380
2,3,5,19,27932
2,3,5,20,28397
2,3,5,21,28356
2,3,5,22,28413
2,3,5,23,28368
2,3,5,24,28483
2,3,5,25,27919
2,3,5,26,28310
2,3,5,27,27867
2,3,5,28,28227
2,3,5,29,27918
2,3,5,30,28259
2,3,5,31,28394
2,2,5,0,28667
2,2,5,1,28374
2,2,5,2,27964
2,2,5,3,28374
2,2,5,4,28364
2,2,5,5,28377
2,2,5,6,28390
2,2,5,7,28355
2,2,5,8,27953
2,2,5,9,28189
2,2,5,10,28352
2,2,5,11,27853
2,2,5,12,28217
2,2,5,13,27909
2,2,5,14,27971
2,2,5,15,28358
2,2,5,16,28359
2,2,5,17,28292
2,2,5,18,28333
2,2,5,19,28294
2,2,5,20,28379
2,2,5,21,28298
2,2,5,22,28446
2,2,5,23,28398
2,2,5,24,28263
2,2,5,25,28394
2,2,5,26,28314
2,2,5,27,28343
2,2,5,28,28241
2,2,5,29,28249
2,2,5,30,28409
2,2,5,31,28394
2,1,5,0,28427
2,1,5,1,28142
2,1,5,2,28450
2,1,5,3,28352
2,1,5,4,28415
2,1,5,5,28482
2,1,5,6,28324
2,1,5,7,28401
2,1,5,8,28320
2,1,5,9,28345
2,1,5,10,28403
2,1,5,11,28371
2,1,5,12,28259
2,1,5,13,28452
2,1,5,14,28327
2,1,5,15,28398
2,1,5,16,28323
2,1,5,17,28359
2,1,5,18,28442
2,1,5,19,28287
2,1,5,20,28402
2,1,5,21,28352
2,1,5,22,28356
2,1,5,23,27885
2,1,5,24,28347
2,1,5,25,28402
2,1,5,26,28428
2,1,5,27,28387
2,1,5,28,28343
2,1,5,29,28814
2,1,5,30,28048
2,1,5,31,28371
2,0,5,0,27977
2,0,5,1,28171
2,0,5,2,28419
2,0,5,3,28479
2,0,5,4,28486
2,0,5,5,28380
2,0,5,6,28361
2,0,5,7,28298
2,0,5,8,28318
2,0,5,9,28231
2,0,5,10,28245
2,0,5,11,28426
2,0,5,12,28283
2,0,5,13,28382
2,0,5,14,28185
2,0,5,15,28209
2,0,5,16,28231
2,0,5,17,28359
2,0,5,18,28353
2,0,5,19,28347
2,0,5,20,28253
2,0,5,21,28244
2,0,5,22,28222
2,0,5,23,28288
2,0,5,24,28435
2,0,5,25,28433
2,0,5,26,28374
2,0,5,27,28483
2,0,5,28,28072
2,0,5,29,28043
2,0,5,30,28333
2,0,5,31,28122
2,0,6,0,28176
2,0,6,1,28395
2,0,6,2,28332
2,0,6,3,28379
2,0,6,4,28350
2,0,6,5,28170
2,0,6,6,28410
2,0,6,7,28349
2,0,6,8,28330
2,0,6,9,28479
2,0,6,10,28361
2,0,6,11,28364
2,0,6,12,28296
2,0,6,13,28345
2,0,6,14,28135
2,0,6,15,28254
2,0,6,16,28477
2,0,6,17,28254
2,0,6,18,28400
2,0,6,19,28103
2,0,6,20,28396
2,0,6,21,28312
2,0,6,22,28439
2,0,6,23,28765
2,0,6,24,27798
2,0,6,25,28190
2,0,6,26,28186
2,0,6,27,28306
2,0,6,28,28422
2,0,6,29,28029
2,0,6,30,28370
2,0,6,31,28442
2,1,6,0,28164
2,1,6,1,28181
2,1,6,2,27995
2,1,6,3,28414
2,1,6,4,28333
2,1,6,5,28428
2,1,6,6,28417
2,1,6,7,28309
2,1,6,8,28348
2,1,6,9,28385
2,1,6,10,28350
2,1,6,11,28370
2,1,6,12,28324
2,1,6,13,28525
2,1,6,14,27813
2,1,6,15,28426
2,1,6,16,28401
2,1,6,17,28252
2,1,6,18,28475
2,1,6,19,28341
2,1,6,20,28361
2,1,6,21,28459
2,1,6,22,28427
2,1,6,23,28394
2,1,6,24,28306
2,1,6,25,28469
2,1,6,26,28336
2,1,6,27,28540
2,1,6,28,28333
2,1,6,29,28454
2,1,6,30,27911
2,1,6,31,28523
2,2,6,0,28070
2,2,6,1,28324
2,2,6,2,28310
2,2,6,3,28316
2,2,6,4,28408
2,2,6,5,28245
2,2,6,6,28098
2,2,6,7,28097
2,2,6,8,28188
2,2,6,9,28279
2,2,6,10,28339
2,2,6,11,27976
2,2,6,12,28386
2,2,6,13,27918
2,2,6,14,27971
2,2,6,15,28490
2,2,6,16,28366
2,2,6,17,28830
2,2,6,18,28324
2,2,6,19,28397
2,2,6,20,28188
2,2,6,21,27991
2,2,6,22,27850
2,2,6,23,28268
2,2,6,24,28528
2,2,6,25,28370
2,2,6,26,28411
2,2,6,27,28315
2,2,6,28,28434
2,2,6,29,27880
2,2,6,30,28379
2,2,6,31,28339
2,3,6,0,28304
2,3,6,1,27903
2,3,6,2,28228
2,3,6,3,28096
2,3,6,4,28242
2,3,6,5,28378
2,3,6,6,28252
2,3,6,7,28278
2,3,6,8,28299
2,3,6,9,28432
2,3,6,10,28455
2,3,6,11,28316
2,3,6,12,28344
2,3,6,13,28489
2,3,6,14,27983
2,3,6,15,28339
2,3,6,16,28002
2,3,6,17,28416
2,3,6,18,27911
2,3,6,19,28455
2,3,6,20,28054
2,3,6,21,28302
2,3,6,22,28278
2,3,6,23,28415
2,3,6,24,28422
2,3,6,25,28349
2,3,6,26,28059
2,3,6,27,28344
2,3,6,28,28268
2,3,6,29,27876
2,3,6,30,28177
2,3,6,31,28488
2,3,7,0,28357
2,3,7,1,28313
2,3,7,2,28444
2,3,7,3,27979
2,3,7,4,28318
2,3,7,5,28324
2,3,7,6,28353
2,3,7,7,28368
2,3,7,8,39158
2,3,7,9,27985
2,3,7,10,28820
2,3,7,11,28288
2,3,7,12,28274
2,3,7,13,27919
2,3,7,14,28353
2,3,7,15,28430
2,3,7,16,28030
2,3,7,17,27971
2,3,7,18,28315
2,3,7,19,28109
2,3,7,20,28492
2,3,7,21,28433
2,3,7,22,28499
2,3,7,23,28385
2,3,7,24,27908
2,3,7,25,31617
2,3,7,26,28121
2,3,7,27,28355
2,3,7,28,28102
2,3,7,29,27948
2,3,7,30,27883
2,3,7,31,28292
2,2,7,0,28353
2,2,7,1,28330
2,2,7,2,28318
2,2,7,3,28390
2,2,7,4,28369
2,2,7,5,28283
2,2,7,6,28321
2,2,7,7,27933
2,2,7,8,27788
2,2,7,9,27841
2,2,7,10,28293
2,2,7,11,27853
2,2,7,12,28380
2,2,7,13,27849
2,2,7,14,28000
2,2,7,15,28392
2,2,7,16,27901
2,2,7,17,28201
2,2,7,18,28499
2,2,7,19,27900
2,2,7,20,28395
2,2,7,21,28348
2,2,7,22,28343
2,2,7,23,28380
2,2,7,24,28442
2,2,7,25,28326
2,2,7,26,28381
2,2,7,27,28061
2,2,7,28,28321
2,2,7,29,28358
2,2,7,30,28267
2,2,7,31,28364
2,1,7,0,28456
2,1,7,1,28135
2,1,7,2,28473
2,1,7,3,28396
2,1,7,4,28799
2,1,7,5,28444
2,1,7,6,27965
2,1,7,7,28439
2,1,7,8,28373
2,1,7,9,28362
2,1,7,10,28336
2,1,7,11,28401
2,1,7,12,27935
2,1,7,13,27899
2,1,7,14,28187
2,1,7,15,28452
2,1,7,16,27887
2,1,7,17,28141
2,1,7,18,28491
2,1,7,19,28297
2,1,7,20,28411
2,1,7,21,28295
2,1,7,22,28139
2,1,7,23,28383
2,1,7,24,28060
2,1,7,25,28303
2,1,7,26,28376
2,1,7,27,28354
2,1,7,28,28349
2,1,7,29,27863
2,1,7,30,28404
2,1,7,31,28512
2,0,7,0,28500
2,0,7,1,28135
2,0,7,2,28416
2,0,7,3,28330
2,0,7,4,28315
2,0,7,5,28252
2,0,7,6,28351
2,0,7,7,28334
2,0,7,8,28248
2,0,7,9,28413
2,0,7,10,28480
2,0,7,11,28516
2,0,7,12,28284
2,0,7,13,28241
2,0,7,14,28086
2,0,7,15,28328
2,0,7,16,28177
2,0,7,17,28172
2,0,7,18,31767
2,0,7,19,28075
2,0,7,20,28037
2,0,7,21,28423
2,0,7,22,28463
2,0,7,23,28443
2,0,7,24,28179
2,0,7,25,28297
2,0,7,26,28139
2,0,7,27,28356
2,0,7,28,28344
2,0,7,29,28376
2,0,7,30,28270
2,0,7,31,28285
3,0,0,0,30368
3,0,0,1,19297
3,0,0,2,19295
3,0,0,3,19653
3,0,0,4,19410
3,0,0,5,19458
3,0,0,6,19483
3,0,0,7,19542
3,0,0,8,19791
3,0,0,9,19602
3,0,0,10,19794
3,0,0,11,19286
3,0,0,12,19352
3,0,0,13,19497
3,0,0,14,19611
3,0,0,15,19618
3,0,0,16,19259
3,0,0,17,19334
3,0,0,18,19336
3,0,0,19,19132
3,0,0,20,19694
3,0,0,21,19441
3,0,0,22,19694
3,0,0,23,19273
3,0,0,24,19383
3,0,0,25,19367
3,0,0,26,19513
3,0,0,27,19589
3,0,0,28,19701
3,0,0,29,19231
3,0,0,30,19247
3,0,0,31,19349
3,1,0,0,19364
3,1,0,1,19313
3,1,0,2,19708
3,1,0,3,19685
3,1,0,4,19644
3,1,0,5,19673
3,1,0,6,19570
3,1,0,7,19641
3,1,0,8,19546
3,1,0,9,19639
3,1,0,10,19596
3,1,0,11,19698
3,1,0,12,19545
3,1,0,13,19587
3,1,0,14,19635
3,1,0,15,19588
3,1,0,16,19381
3,1,0,17,19329
3,1,0,18,19287
3,1,0,19,19546
3,1,0,20,19418
3,1,0,21,19716
3,1,0,22,19516
3,1,0,23,19635
3,1,0,24,19577
3,1,0,25,19466
3,1,0,26,19270
3,1,0,27,19226
3,1,0,28,19710
3,1,0,29,19576
3,1,0,30,19627
3,1,0,31,19585
3,2,0,0,19266
3,2,0,1,19284
3,2,0,2,19274
3,2,0,3,19291
3,2,0,4,19512
3,2,0,5,19234
3,2,0,6,19471
3,2,0,7,19252
3,2,0,8,19134
3,2,0,9,19255
3,2,0,10,19383
3,2,0,11,19347
3,2,0,12,19444
3,2,0,13,19194
3,2,0,14,19327
3,2,0,15,19259
3,2,0,16,19567
3,2,0,17,19359
3,2,0,18,19274
3,2,0,19,19884
3,2,0,20,19471
3,2,0,21,19314
3,2,0,22,19222
3,2,0,23,19426
3,2,0,24,19314
3,2,0,25,19639
3,2,0,26,19445
3,2,0,27,19530
3,2,0,28,19541
3,2,0,29,19356
3,2,0,30,19519
3,2,0,31,19664
3,3,0,0,19539
3,3,0,1,19724
3,3,0,2,19258
3,3,0,3,19264
3,3,0,4,19523
3,3,0,5,19552
3,3,0,6,19470
3,3,0,7,19479
3,3,0,8,19171
3,3,0,9,19272
3,3,0,10,19640
3,3,0,11,19679
3,3,0,12,19620
3,3,0,13,19345
3,3,0,14,19380
3,3,0,15,19575
3,3,0,16,19650
3,3,0,17,19545
3,3,0,18,19151
3,3,0,19,19537
3,3,0,20,19470
3,3,0,21,19598
3,3,0,22,19524
3,3,0,23,19201
3,3,0,24,19556
3,3,0,25,19333
3,3,0,26,19414
3,3,0,27,19426
3,3,0,28,19194
3,3,0,29,19556
3,3,0,30,19709
3,3,0,31,19683
3,3,1,0,19191
3,3,1,1,19231
3,3,1,2,19415
3,3,1,3,19433
3,3,1,4,19321
3,3,1,5,19329
3,3,1,6,19270
3,3,1,7,19358
3,3,1,8,19418
3,3,1,9,19395
3,3,1,10,19648
3,3,1,11,19632
3,3,1,12,19584
3,3,1,13,19414
3,3,1,14,19451
3,3,1,15,19600
3,3,1,16,19543
3,3,1,17,19601
3,3,1,18,19276
3,3,1,19,19367
3,3,1,20,19328
3,3,1,21,19280
3,3,1,22,19307
3,3,1,23,19388
3,3,1,24,19564
3,3,1,25,19522
3,3,1,26,19552
3,3,1,27,19245
3,3,1,28,19567
3,3,1,29,19213
3,3,1,30,19502
3,3,1,31,19478
3,2,1,0,19169
3,2,1,1,19397
3,2,1,2,19324
3,2,1,3,19613
3,2,1,4,19949
3,2,1,5,19443
3,2,1,6,19307
3,2,1,7,19336
3,2,1,8,19321
3,2,1,9,19357
3,2,1,10,19486
3,2,1,11,19696
3,2,1,12,19209
3,2,1,13,19617
3,2,1,14,19574
3,2,1,15,19261
3,2,1,16,19633
3,2,1,17,19678
3,2,1,18,19249
3,2,1,19,19341
3,2,1,20,19233
3,2,1,21,19539
3,2,1,22,19258
3,2,1,23,19282
3,2,1,24,19575
3,2,1,25,19645
3,2,1,26,19475
3,2,1,27,19548
3,2,1,28,19521
3,2,1,29,19510
3,2,1,30,19628
3,2,1,31,19558
3,1,1,0,19452
3,1,1,1,19430
3,1,1,2,19311
3,1,1,3,19470
3,1,1,4,19587
3,1,1,5,19592
3,1,1,6,19660
3,1,1,7,19668
3,1,1,8,19513
3,1,1,9,19624
3,1,1,10,19666
3,1,1,11,19621
3,1,1,12,19466
3,1,1,13,19642
3,1,1,14,19635
3,1,1,15,19290
3,1,1,16,19573
3,1,1,17,19648
3,1,1,18,19595
3,1,1,19,19449
3,1,1,20,19506
3,1,1,21,19635
3,1,1,22,19665
3,1,1,23,19502
3,1,1,24,19601
3,1,1,25,19682
3,1,1,26,19719
3,1,1,27,19659
3,1,1,28,19217
3,1,1,29,19802
3,1,1,30,19515
3,1,1,31,19724
3,0,1,0,19139
3,0,1,1,19267
3,0,1,2,19557
3,0,1,3,19355
3,0,1,4,19724
3,0,1,5,19622
3,0,1,6,19400
3,0,1,7,19460
3,0,1,8,19221
3,0,1,9,19407
3,0,1,10,19512
3,0,1,11,19520
3,0,1,12,19532
3,0,1,13,19515
3,0,1,14,19385
3,0,1,15,19495
3,0,1,16,19563
3,0,1,17,19511
3,0,1,18,19635
3,0,1,19,19510
3,0,1,20,19596
3,0,1,21,19233
3,0,1,22,19571
3,0,1,23,19581
3,0,1,24,19447
3,0,1,25,19722
3,0,1,26,19536
3,0,1,27,19532
3,0,1,28,19173
3,0,1,29,19575
3,0,1,30,19566
3,0,1,31,19215
3,0,2,0,19488
3,0,2,1,19314
3,0,2,2,19709
3,0,2,3,19559
3,0,2,4,19193
3,0,2,5,19318
3,0,2,6,19275
3,0,2,7,19468
3,0,2,8,19205
3,0,2,9,19562
3,0,2,10,19366
3,0,2,11,19578
3,0,2,12,19463
3,0,2,13,19338
3,0,2,14,19441
3,0,2,15,19639
3,0,2,16,19532
3,0,2,17,19368
3,0,2,18,19596
3,0,2,19,19508
3,0,2,20,19552
3,0,2,21,19305
3,0,2,22,19413
3,0,2,23,19356
3,0,2,24,19267
3,0,2,25,19537
3,0,2,26,19723
3,0,2,27,19629
3,0,2,28,19462
3,0,2,29,19164
3,0,2,30,19395
3,0,2,31,19531
3,1,2,0,19520
3,1,2,1,19538
3,1,2,2,19581
3,1,2,3,19708
3,1,2,4,19508
3,1,2,5,19607
3,1,2,6,19153
3,1,2,7,19618
3,1,2,8,19701
3,1,2,9,19619
3,1,2,10,19607
3,1,2,11,19480
3,1,2,12,19197
3,1,2,13,19503
3,1,2,14,19682
3,1,2,15,19552
3,1,2,16,19603
3,1,2,17,19571
3,1,2,18,19672
3,1,2,19,19564
3,1,2,20,19622
3,1,2,21,19611
3,1,2,22,19633
3,1,2,23,19636
3,1,2,24,19327
3,1,2,25,19347
3,1,2,26,19471
3,1,2,27,19618
3,1,2,28,19475
3,1,2,29,19440
3,1,2,30,19587
3,1,2,31,19551
3,2,2,0,19531
3,2,2,1,19644
3,2,2,2,19758
3,2,2,3,19327
3,2,2,4,19157
3,2,2,5,19498
3,2,2,6,19221
3,2,2,7,19345
3,2,2,8,19539
3,2,2,9,19548
3,2,2,10,19867
3,2,2,11,19585
3,2,2,12,19250
3,2,2,13,19605
3,2,2,14,19548
3,2,2,15,19667
3,2,2,16,19711
3,2,2,17,19544
3,2,2,18,19524
3,2,2,19,19334
3,2,2,20,19382
3,2,2,21,19267
3,2,2,22,19759
3,2,2,23,19583
3,2,2,24,19184
3,2,2,25,19707
3,2,2,26,19609
3,2,2,27,19466
3,2,2,28,19318
3,2,2,29,19685
3,2,2,30,19538
3,2,2,31,19590
3,3,2,0,19277
3,3,2,1,19544
3,3,2,2,19451
3,3,2,3,19407
3,3,2,4,19497
3,3,2,5,19653
3,3,2,6,19317
3,3,2,7,19324
3,3,2,8,19667
3,3,2,9,19427
3,3,2,10,19649
3,3,2,11,19559
3,3,2,12,19558
3,3,2,13,19647
3,3,2,14,19642
3,3,2,15,19513
3,3,2,16,19656
3,3,2,17,19473
3,3,2,18,19630
3,3,2,19,19640
3,3,2,20,19583
3,3,2,21,19573
3,3,2,22,19513
3,3,2,23,19512
3,3,2,24,19482
3,3,2,25,19796
3,3,2,26,19508
3,3,2,27,19460
3,3,2,28,19490
3,3,2,29,19524
3,3,2,30,19665
3,3,2,31,19498
3,3,3,0,19053
3,3,3,1,19593
3,3,3,2,19421
3,3,3,3,19224
3,3,3,4,19145
3,3,3,5,19220
3,3,3,6,19558
3,3,3,7,19681
3,3,3,8,19476
3,3,3,9,19577
3,3,3,10,19536
3,3,3,11,19383
3,3,3,12,19325
3,3,3,13,19628
3,3,3,14,19571
3,3,3,15,19176
3,3,3,16,19456
3,3,3,17,19492
3,3,3,18,19496
3,3,3,19,19244
3,3,3,20,19599
3,3,3,21,19426
3,3,3,22,19448
3,3,3,23,19613
3,3,3,24,19523
3,3,3,25,19563
3,3,3,26,19556
3,3,3,27,19558
3,3,3,28,19714
3,3,3,29,19523
3,3,3,30,19983
3,3,3,31,19558
3,2,3,0,19252
3,2,3,1,19188
3,2,3,2,19509
3,2,3,3,19226
3,2,3,4,19497
3,2,3,5,19239
3,2,3,6,19337
3,2,3,7,19253
3,2,3,8,19221
3,2,3,9,19254
3,2,3,10,19208
3,2,3,11,19216
3,2,3,12,19185
3,2,3,13,19215
3,2,3,14,19446
3,2,3,15,19244
3,2,3,16,19444
3,2,3,17,19241
3,2,3,18,19136
3,2,3,19,19546
3,2,3,20,19264
3,2,3,21,19318
3,2,3,22,19260
3,2,3,23,19241
3,2,3,24,19302
3,2,3,25,19261
3,2,3,26,19471
3,2,3,27,19231
3,2,3,28,19614
3,2,3,29,19585
3,2,3,30,19461
3,2,3,31,19608
3,1,3,0,19211
3,1,3,1,19138
3,1,3,2,19448
3,1,3,3,19502
3,1,3,4,19602
3,1,3,5,19334
3,1,3,6,19293
3,1,3,7,19664
3,1,3,8,19637
3,1,3,9,19683
3,1,3,10,19505
3,1,3,11,19249
3,1,3,12,19620
3,1,3,13,19201
3,1,3,14,19710
3,1,3,15,19447
3,1,3,16,19477
3,1,3,17,21645
3,1,3,18,25694
3,1,3,19,19611
3,1,3,20,19526
3,1,3,21,19298
3,1,3,22,19659
3,1,3,23,19699
3,1,3,24,19639
3,1,3,25,19323
3,1,3,26,21372
3,1,3,27,19625
3,1,3,28,19468
3,1,3,29,19236
3,1,3,30,19578
3,1,3,31,19554
3,0,3,0,19454
3,0,3,1,19526
3,0,3,2,19325
3,0,3,3,19182
3,0,3,4,19400
3,0,3,5,19320
3,0,3,6,19188
3,0,3,7,19500
3,0,3,8,19273
3,0,3,9,19297
3,0,3,10,19320
3,0,3,11,19255
3,0,3,12,19291
3,0,3,13,19546
3,0,3,14,20005
3,0,3,15,20091
3,0,3,16,19692
3,0,3,17,19397
3,0,3,18,19232
3,0,3,19,19293
3,0,3,20,19680
3,0,3,21,19390
3,0,3,22,19514
3,0,3,23,19336
3,0,3,24,19641
3,0,3,25,19257
3,0,3,26,19470
3,0,3,27,19426
3,0,3,28,19392
3,0,3,29,19493
3,0,3,30,19343
3,0,3,31,19448
3,0,4,0,19458
3,0,4,1,19536
3,0,4,2,19211
3,0,4,3,19244
3,0,4,4,19637
3,0,4,5,19275
3,0,4,6,19502
3,0,4,7,19286
3,0,4,8,19560
3,0,4,9,19334
3,0,4,10,19480
3,0,4,11,19251
3,0,4,12,19527
3,0,4,13,19522
3,0,4,14,19559
3,0,4,15,19585
3,0,4,16,19496
3,0,4,17,19747
3,0,4,18,19611
3,0,4,19,19519
3,0,4,20,19532
3,0,4,21,19291
3,0,4,22,19521
3,0,4,23,19620
3,0,4,24,19578
3,0,4,25,19622
3,0,4,26,19681
3,0,4,27,19672
3,0,4,28,19353
3,0,4,29,19406
3,0,4,30,19483
3,0,4,31,19354
3,1,4,0,19374
3,1,4,1,19320
3,1,4,2,19458
3,1,4,3,19268
3,1,4,4,19436
3,1,4,5,19312
3,1,4,6,19525
3,1,4,7,19545
3,1,4,8,19396
3,1,4,9,19628
3,1,4,10,19425
3,1,4,11,19443
3,1,4,12,19533
3,1,4,13,19472
3,1,4,14,19625
3,1,4,15,19328
3,1,4,16,19223
3,1,4,17,19645
3,1,4,18,19523
3,1,4,19,19576
3,1,4,20,19532
3,1,4,21,19316
3,1,4,22,19613
3,1,4,23,19440
3,1,4,24,19656
3,1,4,25,19516
3,1,4,26,19413
3,1,4,27,19304
3,1,4,28,19566
3,1,4,29,19490
3,1,4,30,19476
3,1,4,31,19645
3,2,4,0,19512
3,2,4,1,19333
3,2,4,2,19582
3,2,4,3,19597
3,2,4,4,19522
3,2,4,5,19319
3,2,4,6,19541
3,2,4,7,19736
3,2,4,8,19661
3,2,4,9,19601
3,2,4,10,19592
3,2,4,11,19259
3,2,4,12,19578
3,2,4,13,19615
3,2,4,14,19624
3,2,4,15,19600
3,2,4,16,19618
3,2,4,17,19352
3,2,4,18,19552
3,2,4,19,19426
3,2,4,20,19476
3,2,4,21,19602
3,2,4,22,19510
3,2,4,23,19389
3,2,4,24,19306
3,2,4,25,19209
3,2,4,26,19348
3,2,4,27,19137
3,2,4,28,19272
3,2,4,29,19199
3,2,4,30,19300
3,2,4,31,19213
3,3,4,0,19652
3,3,4,1,19475
3,3,4,2,19764
3,3,4,3,19576
3,3,4,4,19555
3,3,4,5,19494
3,3,4,6,19534
3,3,4,7,19670
3,3,4,8,19615
3,3,4,9,19335
3,3,4,10,19637
3,3,4,11,19631
3,3,4,12,19515
3,3,4,13,19601
3,3,4,14,19412
3,3,4,15,19892
3,3,4,16,19252
3,3,4,17,19494
3,3,4,18,19263
3,3,4,19,19605
3,3,4,20,19513
3,3,4,21,19689
3,3,4,22,19505
3,3,4,23,19646
3,3,4,24,19410
3,3,4,25,19519
3,3,4,26,19658
3,3,4,27,19215
3,3,4,28,19383
3,3,4,29,19717
3,3,4,30,19473
3,3,4,31,19559
3,3,5,0,19545
3,3,5,1,19280
3,3,5,2,19268
3,3,5,3,19354
3,3,5,4,19773
3,3,5,5,19506
3,3,5,6,19222
3,3,5,7,19388
3,3,5,8,19332
3,3,5,9,19566
3,3,5,10,19556
3,3,5,11,19651
3,3,5,12,19516
3,3,5,13,19566
3,3,5,14,19645
3,3,5,15,19517
3,3,5,16,19538
3,3,5,17,19544
3,3,5,18,19208
3,3,5,19,19913
3,3,5,20,19617
3,3,5,21,19220
3,3,5,22,19269
3,3,5,23,19289
3,3,5,24,19505
3,3,5,25,19636
3,3,5,26,19551
3,3,5,27,19596
3,3,5,28,19481
3,3,5,29,19248
3,3,5,30,19601
3,3,5,31,19223
3,2,5,0,19552
3,2,5,1,19520
3,2,5,2,19702
3,2,5,3,19657
3,2,5,4,19637
3,2,5,5,19701
3,2,5,6,19414
3,2,5,7,19609
3,2,5,8,19530
3,2,5,9,19615
3,2,5,10,19551
3,2,5,11,19580
3,2,5,12,19513
3,2,5,13,19344
3,2,5,14,19585
3,2,5,15,19577
3,2,5,16,19673
3,2,5,17,19524
3,2,5,18,19525
3,2,5,19,19720
3,2,5,20,19610
3,2,5,21,19434
3,2,5,22,19544
3,2,5,23,19316
3,2,5,24,19573
3,2,5,25,19614
3,2,5,26,19512
3,2,5,27,19266
3,2,5,28,19307
3,2,5,29,19567
3,2,5,30,19495
3,2,5,31,19476
3,1,5,0,19541
3,1,5,1,19495
3,1,5,2,19539
3,1,5,3,19537
3,1,5,4,19644
3,1,5,5,19675
3,1,5,6,19606
3,1,5,7,19234
3,1,5,8,19538
3,1,5,9,19570
3,1,5,10,19251
3,1,5,11,19223
3,1,5,12,19531
3,1,5,13,19406
3,1,5,14,19569
3,1,5,15,19539
3,1,5,16,19340
3,1,5,17,19471
3,1,5,18,19579
3,1,5,19,19489
3,1,5,20,19694
3,1,5,21,19657
3,1,5,22,19238
3,1,5,23,19407
3,1,5,24,19273
3,1,5,25,19667
3,1,5,26,19607
3,1,5,27,19336
3,1,5,28,19412
3,1,5,29,19268
3,1,5,30,19165
3,1,5,31,19516
3,0,5,0,19640
3,0,5,1,19521
3,0,5,2,19466
3,0,5,3,19494
3,0,5,4,20068
3,0,5,5,19475
3,0,5,6,19276
3,0,5,7,19333
3,0,5,8,19305
3,0,5,9,19565
3,0,5,10,19493
3,0,5,11,19514
3,0,5,12,19596
3,0,5,13,19590
3,0,5,14,19549
3,0,5,15,19476
3,0,5,16,19155
3,0,5,17,19448
3,0,5,18,19343
3,0,5,19,19539
3,0,5,20,19330
3,0,5,21,19521
3,0,5,22,19563
3,0,5,23,19408
3,0,5,24,19553
3,0,5,25,19550
3,0,5,26,19718
3,0,5,27,19287
3,0,5,28,19199
3,0,5,29,19334
3,0,5,30,19203
3,0,5,31,19312
3,0,6,0,19260
3,0,6,1,19159
3,0,6,2,19529
3,0,6,3,19506
3,0,6,4,19569
3,0,6,5,19539
3,0,6,6,19745
3,0,6,7,19692
3,0,6,8,19517
3,0,6,9,19458
3,0,6,10,19559
3,0,6,11,19509
3,0,6,12,19520
3,0,6,13,19638
3,0,6,14,19546
3,0,6,15,19456
3,0,6,16,19615
3,0,6,17,19559
3,0,6,18,19555
3,0,6,19,19716
3,0,6,20,19615
3,0,6,21,19313
3,0,6,22,19375
3,0,6,23,19538
3,0,6,24,19483
3,0,6,25,19517
3,0,6,26,19260
3,0,6,27,19405
3,0,6,28,19661
3,0,6,29,19475
3,0,6,30,19499
3,0,6,31,19365
3,1,6,0,19462
3,1,6,1,19508
3,1,6,2,19455
3,1,6,3,19705
3,1,6,4,19764
3,1,6,5,19236
3,1,6,6,19651
3,1,6,7,19663
3,1,6,8,19641
3,1,6,9,19541
3,1,6,10,19577
3,1,6,11,19544
3,1,6,12,19572
3,1,6,13,19603
3,1,6,14,19441
3,1,6,15,19448
3,1,6,16,19661
3,1,6,17,19710
3,1,6,18,19563
3,1,6,19,19667
3,1,6,20,19586
3,1,6,21,19206
3,1,6,22,19530
3,1,6,23,19640
3,1,6,24,19537
3,1,6,25,20053
3,1,6,26,19337
3,1,6,27,19436
3,1,6,28,19729
3,1,6,29,19468
3,1,6,30,19647
3,1,6,31,19617
3,2,6,0,19224
3,2,6,1,19308
3,2,6,2,19416
3,2,6,3,19478
3,2,6,4,19264
3,2,6,5,19421
3,2,6,6,19540
3,2,6,7,19569
3,2,6,8,19292
3,2,6,9,19394
3,2,6,10,19307
3,2,6,11,19578
3,2,6,12,19363
3,2,6,13,19136
3,2,6,14,30503
3,2,6,15,19652
3,2,6,16,19229
3,2,6,17,19577
3,2,6,18,19620
3,2,6,19,19617
3,2,6,20,19579
3,2,6,21,19670
3,2,6,22,19410
3,2,6,23,19508
3,2,6,24,19449
3,2,6,25,19638
3,2,6,26,19473
3,2,6,27,19630
3,2,6,28,19557
3,2,6,29,19591
3,2,6,30,19339
3,2,6,31,19326
3,3,6,0,19689
3,3,6,1,19495
3,3,6,2,19580
3,3,6,3,19487
3,3,6,4,19572
3,3,6,5,19423
3,3,6,6,19347
3,3,6,7,19260
3,3,6,8,19270
3,3,6,9,19270
3,3,6,10,19593
3,3,6,11,19565
3,3,6,12,19620
3,3,6,13,19612
3,3,6,14,19389
3,3,6,15,19196
3,3,6,16,19552
3,3,6,17,19530
3,3,6,18,19676
3,3,6,19,19563
3,3,6,20,19675
3,3,6,21,19566
3,3,6,22,19507
3,3,6,23,19328
3,3,6,24,19605
3,3,6,25,19229
3,3,6,26,19728
3,3,6,27,19636
3,3,6,28,19501
3,3,6,29,19470
3,3,6,30,19637
3,3,6,31,19533
3,3,7,0,19486
3,3,7,1,19573
3,3,7,2,19248
3,3,7,3,19705
3,3,7,4,19416
3,3,7,5,19619
3,3,7,6,19588
3,3,7,7,19301
3,3,7,8,19660
3,3,7,9,19459
3,3,7,10,19957
3,3,7,11,19710
3,3,7,12,19251
3,3,7,13,19303
3,3,7,14,19414
3,3,7,15,19342
3,3,7,16,19653
3,3,7,17,19512
3,3,7,18,19513
3,3,7,19,19580
3,3,7,20,19560
3,3,7,21,19413
3,3,7,22,19229
3,3,7,23,19378
3,3,7,24,19434
3,3,7,25,19167
3,3,7,26,19338
3,3,7,27,19494
3,3,7,28,19571
3,3,7,29,19603
3,3,7,30,19562
3,3,7,31,19278
3,2,7,0,19485
3,2,7,1,19320
3,2,7,2,19319
3,2,7,3,19638
3,2,7,4,19217
3,2,7,5,19581
3,2,7,6,19357
3,2,7,7,19378
3,2,7,8,19585
3,2,7,9,19565
3,2,7,10,19256
3,2,7,11,19573
3,2,7,12,19232
3,2,7,13,19581
3,2,7,14,19261
3,2,7,15,19504
3,2,7,16,19719
3,2,7,17,19536
3,2,7,18,19600
3,2,7,19,19488
3,2,7,20,19457
3,2,7,21,19201
3,2,7,22,19572
3,2,7,23,19585
3,2,7,24,19591
3,2,7,25,19249
3,2,7,26,19283
3,2,7,27,19156
3,2,7,28,19612
3,2,7,29,19572
3,2,7,30,19609
3,2,7,31,19263
3,1,7,0,19320
3,1,7,1,19264
3,1,7,2,19515
3,1,7,3,19270
3,1,7,4,19219
3,1,7,5,19362
3,1,7,6,19438
3,1,7,7,19387
3,1,7,8,19276
3,1,7,9,19500
3,1,7,10,19336
3,1,7,11,19227
3,1,7,12,19304
3,1,7,13,19288
3,1,7,14,19464
3,1,7,15,19489
3,1,7,16,19282
3,1,7,17,19465
3,1,7,18,19480
3,1,7,19,19490
3,1,7,20,19573
3,1,7,21,19358
3,1,7,22,19232
3,1,7,23,19609
3,1,7,24,19414
3,1,7,25,19298
3,1,7,26,19426
3,1,7,27,19492
3,1,7,28,19537
3,1,7,29,19289
3,1,7,30,19963
3,1,7,31,19523
3,0,7,0,19295
3,0,7,1,19309
3,0,7,2,19195
3,0,7,3,19307
3,0,7,4,19328
3,0,7,5,19289
3,0,7,6,19394
3,0,7,7,19576
3,0,7,8,19541
3,0,7,9,19517
3,0,7,10,19579
3,0,7,11,19224
3,0,7,12,19274
3,0,7,13,19564
3,0,7,14,19524
3,0,7,15,19431
3,0,7,16,19400
3,0,7,17,19386
3,0,7,18,19608
3,0,7,19,19193
3,0,7,20,19285
3,0,7,21,19534
3,0,7,22,19258
3,0,7,23,19513
3,0,7,24,19713
3,0,7,25,19458
3,0,7,26,19552
3,0,7,27,19668
3,0,7,28,19176
3,0,7,29,19280
3,0,7,30,19527
3,0,7,31,19496
