cpucycles tracesetup 0 amd64-perfpmcff precision 0 scaling 0.000000 only32 0
cpucycles tracesetup 1 amd64-perfpmc precision 0 scaling 0.000000 only32 0
cpucycles tracesetup 2 amd64-pmcff precision 0 scaling 0.000000 only32 0
cpucycles tracesetup 3 amd64-tsc precision 1016 scaling 0.467415 only32 0
cpucycles tracesetup 4 amd64-tscasm precision 1026 scaling 0.467415 only32 0
cpucycles tracesetup 5 default-perfevent precision 205 scaling 1.000000 only32 0
cpucycles tracesetup 6 default-mach precision 0 scaling 0.000000 only32 0
cpucycles tracesetup 7 default-monotonic precision 1075 scaling 1.400000 only32 0
cpucycles tracesetup 8 default-gettimeofday precision 2440 scaling 1400.000000 only32 0
cpucycles tracesetup 9 default-zero precision 0 scaling 0.000000 only32 0
region,variant,block,observation,cycles
0,0,0,0,875
0,0,0,1,776
0,0,0,2,777
0,0,0,3,779
0,0,0,4,798
0,0,0,5,848
0,0,0,6,782
0,0,0,7,832
0,0,0,8,871
0,0,0,9,835
0,0,0,10,791
0,0,0,11,821
0,0,0,12,838
0,0,0,13,799
0,0,0,14,803
0,0,0,15,789
0,0,0,16,805
0,0,0,17,761
0,0,0,18,801
0,0,0,19,782
0,0,0,20,787
0,0,0,21,792
0,0,0,22,802
0,0,0,23,790
0,0,0,24,863
0,0,0,25,787
0,0,0,26,799
0,0,0,27,779
0,0,0,28,794
0,0,0,29,790
0,0,0,30,790
0,0,0,31,788
0,1,0,0,835
0,1,0,1,805
0,1,0,2,797
0,1,0,3,795
0,1,0,4,801
0,1,0,5,856
0,1,0,6,792
0,1,0,7,818
0,1,0,8,827
0,1,0,9,813
0,1,0,10,816
0,1,0,11,803
0,1,0,12,797
0,1,0,13,807
0,1,0,14,817
0,1,0,15,799
0,1,0,16,827
0,1,0,17,814
0,1,0,18,785
0,1,0,19,796
0,1,0,20,798
0,1,0,21,814
0,1,0,22,795
0,1,0,23,836
0,1,0,24,822
0,1,0,25,801
0,1,0,26,813
0,1,0,27,809
0,1,0,28,804
0,1,0,29,816
0,1,0,30,813
0,1,0,31,797
0,2,0,0,801
0,2,0,1,764
0,2,0,2,781
0,2,0,3,787
0,2,0,4,762
0,2,0,5,770
0,2,0,6,753
0,2,0,7,754
0,2,0,8,889
0,2,0,9,753
0,2,0,10,764
0,2,0,11,774
0,2,0,12,731
0,2,0,13,748
0,2,0,14,759
0,2,0,15,768
0,2,0,16,769
0,2,0,17,761
0,2,0,18,764
0,2,0,19,768
0,2,0,20,757
0,2,0,21,757
0,2,0,22,769
0,2,0,23,755
0,2,0,24,813
0,2,0,25,744
0,2,0,26,760
0,2,0,27,757
0,2,0,28,754
0,2,0,29,757
0,2,0,30,750
0,2,0,31,762
0,3,0,0,765
0,3,0,1,765
0,3,0,2,784
0,3,0,3,791
0,3,0,4,791
0,3,0,5,787
0,3,0,6,768
0,3,0,7,773
0,3,0,8,935
0,3,0,9,752
0,3,0,10,783
0,3,0,11,764
0,3,0,12,771
0,3,0,13,776
0,3,0,14,761
0,3,0,15,773
0,3,0,16,779
0,3,0,17,754
0,3,0,18,789
0,3,0,19,757
0,3,0,20,779
0,3,0,21,797
0,3,0,22,752
0,3,0,23,760
0,3,0,24,773
0,3,0,25,760
0,3,0,26,763
0,3,0,27,756
0,3,0,28,762
0,3,0,29,755
0,3,0,30,768
0,3,0,31,779
0,3,1,0,749
0,3,1,1,729
0,3,1,2,766
0,3,1,3,741
0,3,1,4,777
0,3,1,5,804
0,3,1,6,765
0,3,1,7,781
0,3,1,8,764
0,3,1,9,752
0,3,1,10,775
0,3,1,11,817
0,3,1,12,758
0,3,1,13,762
0,3,1,14,768
0,3,1,15,781
0,3,1,16,771
0,3,1,17,762
0,3,1,18,774
0,3,1,19,746
0,3,1,20,754
0,3,1,21,765
0,3,1,22,745
0,3,1,23,760
0,3,1,24,883
0,3,1,25,761
0,3,1,26,774
0,3,1,27,776
0,3,1,28,763
0,3,1,29,793
0,3,1,30,764
0,3,1,31,788
0,2,1,0,761
0,2,1,1,767
0,2,1,2,788
0,2,1,3,771
0,2,1,4,776
0,2,1,5,759
0,2,1,6,749
0,2,1,7,749
0,2,1,8,749
0,2,1,9,768
0,2,1,10,772
0,2,1,11,759
0,2,1,12,747
0,2,1,13,757
0,2,1,14,754
0,2,1,15,760
0,2,1,16,767
0,2,1,17,748
0,2,1,18,745
0,2,1,19,763
0,2,1,20,758
0,2,1,21,766
0,2,1,22,758
0,2,1,23,745
0,2,1,24,759
0,2,1,25,812
0,2,1,26,767
0,2,1,27,769
0,2,1,28,756
0,2,1,29,764
0,2,1,30,768
0,2,1,31,762
0,1,1,0,810
0,1,1,1,799
0,1,1,2,819
0,1,1,3,816
0,1,1,4,823
0,1,1,5,847
0,1,1,6,788
0,1,1,7,813
0,1,1,8,825
0,1,1,9,791
0,1,1,10,824
0,1,1,11,871
0,1,1,12,815
0,1,1,13,831
0,1,1,14,833
0,1,1,15,823
0,1,1,16,825
0,1,1,17,807
0,1,1,18,794
0,1,1,19,813
0,1,1,20,816
0,1,1,21,815
0,1,1,22,790
0,1,1,23,811
0,1,1,24,854
0,1,1,25,879
0,1,1,26,828
0,1,1,27,834
0,1,1,28,813
0,1,1,29,827
0,1,1,30,825
0,1,1,31,819
0,0,1,0,821
0,0,1,1,802
0,0,1,2,797
0,0,1,3,800
0,0,1,4,789
0,0,1,5,804
0,0,1,6,804
0,0,1,7,829
0,0,1,8,875
0,0,1,9,808
0,0,1,10,824
0,0,1,11,795
0,0,1,12,811
0,0,1,13,838
0,0,1,14,791
0,0,1,15,799
0,0,1,16,793
0,0,1,17,783
0,0,1,18,815
0,0,1,19,798
0,0,1,20,786
0,0,1,21,811
0,0,1,22,795
0,0,1,23,799
0,0,1,24,805
0,0,1,25,807
0,0,1,26,869
0,0,1,27,801
0,0,1,28,823
0,0,1,29,809
0,0,1,30,812
0,0,1,31,833
0,0,2,0,803
0,0,2,1,780
0,0,2,2,795
0,0,2,3,813
0,0,2,4,783
0,0,2,5,811
0,0,2,6,805
0,0,2,7,816
0,0,2,8,821
0,0,2,9,821
0,0,2,10,833
0,0,2,11,807
0,0,2,12,808
0,0,2,13,803
0,0,2,14,827
0,0,2,15,802
0,0,2,16,802
0,0,2,17,794
0,0,2,18,822
0,0,2,19,792
0,0,2,20,804
0,0,2,21,826
0,0,2,22,823
0,0,2,23,806
0,0,2,24,815
0,0,2,25,800
0,0,2,26,809
0,0,2,27,792
0,0,2,28,806
0,0,2,29,819
0,0,2,30,805
0,0,2,31,815
0,1,2,0,814
0,1,2,1,812
0,1,2,2,818
0,1,2,3,789
0,1,2,4,787
0,1,2,5,814
0,1,2,6,788
0,1,2,7,793
0,1,2,8,842
0,1,2,9,816
0,1,2,10,820
0,1,2,11,818
0,1,2,12,816
0,1,2,13,829
0,1,2,14,826
0,1,2,15,830
0,1,2,16,842
0,1,2,17,803
0,1,2,18,816
0,1,2,19,801
0,1,2,20,795
0,1,2,21,831
0,1,2,22,802
0,1,2,23,829
0,1,2,24,844
0,1,2,25,811
0,1,2,26,883
0,1,2,27,809
0,1,2,28,791
0,1,2,29,831
0,1,2,30,813
0,1,2,31,813
0,2,2,0,771
0,2,2,1,776
0,2,2,2,776
0,2,2,3,771
0,2,2,4,755
0,2,2,5,753
0,2,2,6,732
0,2,2,7,755
0,2,2,8,766
0,2,2,9,762
0,2,2,10,768
0,2,2,11,770
0,2,2,12,755
0,2,2,13,763
0,2,2,14,762
0,2,2,15,774
0,2,2,16,771
0,2,2,17,755
0,2,2,18,761
0,2,2,19,761
0,2,2,20,754
0,2,2,21,774
0,2,2,22,747
0,2,2,23,756
0,2,2,24,768
0,2,2,25,755
0,2,2,26,768
0,2,2,27,759
0,2,2,28,744
0,2,2,29,764
0,2,2,30,749
0,2,2,31,776
0,3,2,0,756
0,3,2,1,763
0,3,2,2,760
0,3,2,3,781
0,3,2,4,779
0,3,2,5,769
0,3,2,6,772
0,3,2,7,755
0,3,2,8,770
0,3,2,9,875
0,3,2,10,766
0,3,2,11,770
0,3,2,12,741
0,3,2,13,779
0,3,2,14,760
0,3,2,15,765
0,3,2,16,768
0,3,2,17,739
0,3,2,18,776
0,3,2,19,767
0,3,2,20,766
0,3,2,21,777
0,3,2,22,754
0,3,2,23,774
0,3,2,24,763
0,3,2,25,760
0,3,2,26,779
0,3,2,27,769
0,3,2,28,759
0,3,2,29,773
0,3,2,30,771
0,3,2,31,785
0,3,3,0,742
0,3,3,1,759
0,3,3,2,769
0,3,3,3,745
0,3,3,4,757
0,3,3,5,783
0,3,3,6,762
0,3,3,7,768
0,3,3,8,788
0,3,3,9,743
0,3,3,10,768
0,3,3,11,762
0,3,3,12,757
0,3,3,13,771
0,3,3,14,760
0,3,3,15,781
0,3,3,16,758
0,3,3,17,756
0,3,3,18,783
0,3,3,19,747
0,3,3,20,775
0,3,3,21,774
0,3,3,22,765
0,3,3,23,761
0,3,3,24,888
0,3,3,25,768
0,3,3,26,790
0,3,3,27,760
0,3,3,28,777
0,3,3,29,770
0,3,3,30,771
0,3,3,31,791
0,2,3,0,762
0,2,3,1,778
0,2,3,2,783
0,2,3,3,789
0,2,3,4,773
0,2,3,5,773
0,2,3,6,754
0,2,3,7,745
0,2,3,8,820
0,2,3,9,755
0,2,3,10,759
0,2,3,11,739
0,2,3,12,746
0,2,3,13,765
0,2,3,14,767
0,2,3,15,784
0,2,3,16,774
0,2,3,17,753
0,2,3,18,749
0,2,3,19,770
0,2,3,20,756
0,2,3,21,777
0,2,3,22,760
0,2,3,23,757
0,2,3,24,775
0,2,3,25,759
0,2,3,26,769
0,2,3,27,756
0,2,3,28,756
0,2,3,29,761
0,2,3,30,764
0,2,3,31,756
0,1,3,0,793
0,1,3,1,825
0,1,3,2,827
0,1,3,3,829
0,1,3,4,832
0,1,3,5,843
0,1,3,6,783
0,1,3,7,812
0,1,3,8,803
0,1,3,9,782
0,1,3,10,812
0,1,3,11,795
0,1,3,12,804
0,1,3,13,822
0,1,3,14,829
0,1,3,15,802
0,1,3,16,819
0,1,3,17,807
0,1,3,18,799
0,1,3,19,808
0,1,3,20,799
0,1,3,21,818
0,1,3,22,791
0,1,3,23,802
0,1,3,24,819
0,1,3,25,807
0,1,3,26,826
0,1,3,27,843
0,1,3,28,825
0,1,3,29,796
0,1,3,30,830
0,1,3,31,818
0,0,3,0,794
0,0,3,1,805
0,0,3,2,828
0,0,3,3,834
0,0,3,4,786
0,0,3,5,818
0,0,3,6,806
0,0,3,7,814
0,0,3,8,874
0,0,3,9,806
0,0,3,10,821
0,0,3,11,796
0,0,3,12,805
0,0,3,13,790
0,0,3,14,794
0,0,3,15,820
0,0,3,16,807
0,0,3,17,790
0,0,3,18,806
0,0,3,19,788
0,0,3,20,813
0,0,3,21,829
0,0,3,22,788
0,0,3,23,807
0,0,3,24,857
0,0,3,25,805
0,0,3,26,790
0,0,3,27,785
0,0,3,28,811
0,0,3,29,820
0,0,3,30,805
0,0,3,31,804
0,0,4,0,811
0,0,4,1,783
0,0,4,2,800
0,0,4,3,774
0,0,4,4,794
0,0,4,5,834
0,0,4,6,782
0,0,4,7,797
0,0,4,8,888
0,0,4,9,788
0,0,4,10,815
0,0,4,11,796
0,0,4,12,813
0,0,4,13,808
0,0,4,14,786
0,0,4,15,792
0,0,4,16,806
0,0,4,17,794
0,0,4,18,788
0,0,4,19,793
0,0,4,20,798
0,0,4,21,836
0,0,4,22,807
0,0,4,23,801
0,0,4,24,828
0,0,4,25,794
0,0,4,26,812
0,0,4,27,780
0,0,4,28,800
0,0,4,29,795
0,0,4,30,802
0,0,4,31,811
0,1,4,0,819
0,1,4,1,807
0,1,4,2,802
0,1,4,3,836
0,1,4,4,826
0,1,4,5,818
0,1,4,6,795
0,1,4,7,829
0,1,4,8,812
0,1,4,9,798
0,1,4,10,988
0,1,4,11,827
0,1,4,12,808
0,1,4,13,836
0,1,4,14,839
0,1,4,15,805
0,1,4,16,820
0,1,4,17,804
0,1,4,18,828
0,1,4,19,806
0,1,4,20,808
0,1,4,21,823
0,1,4,22,815
0,1,4,23,821
0,1,4,24,795
0,1,4,25,874
0,1,4,26,807
0,1,4,27,791
0,1,4,28,802
0,1,4,29,817
0,1,4,30,831
0,1,4,31,820
0,2,4,0,772
0,2,4,1,773
0,2,4,2,787
0,2,4,3,767
0,2,4,4,782
0,2,4,5,763
0,2,4,6,785
0,2,4,7,757
0,2,4,8,766
0,2,4,9,739
0,2,4,10,764
0,2,4,11,773
0,2,4,12,739
0,2,4,13,762
0,2,4,14,744
0,2,4,15,749
0,2,4,16,755
0,2,4,17,740
0,2,4,18,758
0,2,4,19,766
0,2,4,20,767
0,2,4,21,775
0,2,4,22,755
0,2,4,23,769
0,2,4,24,765
0,2,4,25,749
0,2,4,26,772
0,2,4,27,762
0,2,4,28,761
0,2,4,29,759
0,2,4,30,748
0,2,4,31,758
0,3,4,0,763
0,3,4,1,776
0,3,4,2,781
0,3,4,3,762
0,3,4,4,788
0,3,4,5,784
0,3,4,6,753
0,3,4,7,775
0,3,4,8,774
0,3,4,9,763
0,3,4,10,784
0,3,4,11,769
0,3,4,12,761
0,3,4,13,797
0,3,4,14,771
0,3,4,15,777
0,3,4,16,778
0,3,4,17,760
0,3,4,18,775
0,3,4,19,788
0,3,4,20,763
0,3,4,21,793
0,3,4,22,759
0,3,4,23,779
0,3,4,24,910
0,3,4,25,767
0,3,4,26,809
0,3,4,27,761
0,3,4,28,762
0,3,4,29,771
0,3,4,30,761
0,3,4,31,795
0,3,5,0,754
0,3,5,1,766
0,3,5,2,792
0,3,5,3,757
0,3,5,4,770
0,3,5,5,801
0,3,5,6,761
0,3,5,7,766
0,3,5,8,781
0,3,5,9,765
0,3,5,10,850
0,3,5,11,770
0,3,5,12,761
0,3,5,13,767
0,3,5,14,756
0,3,5,15,771
0,3,5,16,779
0,3,5,17,759
0,3,5,18,765
0,3,5,19,765
0,3,5,20,762
0,3,5,21,774
0,3,5,22,754
0,3,5,23,779
0,3,5,24,797
0,3,5,25,757
0,3,5,26,763
0,3,5,27,766
0,3,5,28,778
0,3,5,29,796
0,3,5,30,762
0,3,5,31,791
0,2,5,0,739
0,2,5,1,763
0,2,5,2,794
0,2,5,3,780
0,2,5,4,783
0,2,5,5,764
0,2,5,6,747
0,2,5,7,742
0,2,5,8,825
0,2,5,9,803
0,2,5,10,763
0,2,5,11,756
0,2,5,12,754
0,2,5,13,755
0,2,5,14,737
0,2,5,15,760
0,2,5,16,773
0,2,5,17,733
0,2,5,18,762
0,2,5,19,747
0,2,5,20,763
0,2,5,21,766
0,2,5,22,754
0,2,5,23,749
0,2,5,24,765
0,2,5,25,759
0,2,5,26,763
0,2,5,27,760
0,2,5,28,754
0,2,5,29,758
0,2,5,30,755
0,2,5,31,750
0,1,5,0,792
0,1,5,1,813
0,1,5,2,824
0,1,5,3,809
0,1,5,4,835
0,1,5,5,829
0,1,5,6,786
0,1,5,7,817
0,1,5,8,806
0,1,5,9,812
0,1,5,10,825
0,1,5,11,815
0,1,5,12,814
0,1,5,13,823
0,1,5,14,836
0,1,5,15,817
0,1,5,16,827
0,1,5,17,806
0,1,5,18,822
0,1,5,19,825
0,1,5,20,801
0,1,5,21,825
0,1,5,22,792
0,1,5,23,821
0,1,5,24,882
0,1,5,25,804
0,1,5,26,822
0,1,5,27,804
0,1,5,28,797
0,1,5,29,827
0,1,5,30,830
0,1,5,31,795
0,0,5,0,794
0,0,5,1,804
0,0,5,2,797
0,0,5,3,832
0,0,5,4,795
0,0,5,5,834
0,0,5,6,819
0,0,5,7,829
0,0,5,8,889
0,0,5,9,810
0,0,5,10,815
0,0,5,11,808
0,0,5,12,805
0,0,5,13,827
0,0,5,14,813
0,0,5,15,822
0,0,5,16,828
0,0,5,17,810
0,0,5,18,826
0,0,5,19,784
0,0,5,20,795
0,0,5,21,819
0,0,5,22,795
0,0,5,23,806
0,0,5,24,801
0,0,5,25,802
0,0,5,26,810
0,0,5,27,780
0,0,5,28,805
0,0,5,29,800
0,0,5,30,825
0,0,5,31,798
0,0,6,0,794
0,0,6,1,770
0,0,6,2,811
0,0,6,3,783
0,0,6,4,809
0,0,6,5,841
0,0,6,6,796
0,0,6,7,827
0,0,6,8,894
0,0,6,9,797
0,0,6,10,820
0,0,6,11,793
0,0,6,12,798
0,0,6,13,807
0,0,6,14,789
0,0,6,15,804
0,0,6,16,812
0,0,6,17,785
0,0,6,18,784
0,0,6,19,821
0,0,6,20,822
0,0,6,21,816
0,0,6,22,779
0,0,6,23,822
0,0,6,24,781
0,0,6,25,800
0,0,6,26,825
0,0,6,27,800
0,0,6,28,806
0,0,6,29,827
0,0,6,30,802
0,0,6,31,797
0,1,6,0,794
0,1,6,1,813
0,1,6,2,819
0,1,6,3,815
0,1,6,4,807
0,1,6,5,822
0,1,6,6,801
0,1,6,7,827
0,1,6,8,895
0,1,6,9,796
0,1,6,10,809
0,1,6,11,798
0,1,6,12,794
0,1,6,13,812
0,1,6,14,813
0,1,6,15,805
0,1,6,16,805
0,1,6,17,790
0,1,6,18,815
0,1,6,19,825
0,1,6,20,805
0,1,6,21,829
0,1,6,22,799
0,1,6,23,805
0,1,6,24,848
0,1,6,25,879
0,1,6,26,824
0,1,6,27,800
0,1,6,28,809
0,1,6,29,835
0,1,6,30,824
0,1,6,31,834
0,2,6,0,767
0,2,6,1,764
0,2,6,2,780
0,2,6,3,774
0,2,6,4,798
0,2,6,5,779
0,2,6,6,761
0,2,6,7,754
0,2,6,8,763
0,2,6,9,765
0,2,6,10,765
0,2,6,11,766
0,2,6,12,752
0,2,6,13,765
0,2,6,14,753
0,2,6,15,767
0,2,6,16,772
0,2,6,17,748
0,2,6,18,764
0,2,6,19,745
0,2,6,20,747
0,2,6,21,766
0,2,6,22,737
0,2,6,23,753
0,2,6,24,779
0,2,6,25,758
0,2,6,26,770
0,2,6,27,769
0,2,6,28,767
0,2,6,29,758
0,2,6,30,761
0,2,6,31,767
0,3,6,0,756
0,3,6,1,753
0,3,6,2,768
0,3,6,3,768
0,3,6,4,793
0,3,6,5,790
0,3,6,6,761
0,3,6,7,767
0,3,6,8,773
0,3,6,9,766
0,3,6,10,774
0,3,6,11,768
0,3,6,12,765
0,3,6,13,775
0,3,6,14,760
0,3,6,15,769
0,3,6,16,799
0,3,6,17,765
0,3,6,18,801
0,3,6,19,754
0,3,6,20,781
0,3,6,21,780
0,3,6,22,764
0,3,6,23,785
0,3,6,24,889
0,3,6,25,758
0,3,6,26,781
0,3,6,27,763
0,3,6,28,755
0,3,6,29,791
0,3,6,30,764
0,3,6,31,805
0,3,7,0,767
0,3,7,1,759
0,3,7,2,776
0,3,7,3,753
0,3,7,4,757
0,3,7,5,795
0,3,7,6,758
0,3,7,7,759
0,3,7,8,787
0,3,7,9,774
0,3,7,10,791
0,3,7,11,767
0,3,7,12,775
0,3,7,13,791
0,3,7,14,756
0,3,7,15,790
0,3,7,16,774
0,3,7,17,749
0,3,7,18,770
0,3,7,19,770
0,3,7,20,767
0,3,7,21,788
0,3,7,22,776
0,3,7,23,768
0,3,7,24,793
0,3,7,25,759
0,3,7,26,828
0,3,7,27,776
0,3,7,28,754
0,3,7,29,776
0,3,7,30,755
0,3,7,31,773
0,2,7,0,793
0,2,7,1,780
0,2,7,2,786
0,2,7,3,774
0,2,7,4,765
0,2,7,5,778
0,2,7,6,748
0,2,7,7,753
0,2,7,8,764
0,2,7,9,860
0,2,7,10,765
0,2,7,11,766
0,2,7,12,747
0,2,7,13,767
0,2,7,14,749
0,2,7,15,762
0,2,7,16,764
0,2,7,17,745
0,2,7,18,781
0,2,7,19,766
0,2,7,20,756
0,2,7,21,768
0,2,7,22,751
0,2,7,23,758
0,2,7,24,764
0,2,7,25,759
0,2,7,26,766
0,2,7,27,760
0,2,7,28,745
0,2,7,29,766
0,2,7,30,751
0,2,7,31,773
0,1,7,0,809
0,1,7,1,811
0,1,7,2,828
0,1,7,3,824
0,1,7,4,830
0,1,7,5,801
0,1,7,6,805
0,1,7,7,771
0,1,7,8,833
0,1,7,9,800
0,1,7,10,908
0,1,7,11,812
0,1,7,12,819
0,1,7,13,817
0,1,7,14,792
0,1,7,15,789
0,1,7,16,814
0,1,7,17,808
0,1,7,18,805
0,1,7,19,812
0,1,7,20,807
0,1,7,21,833
0,1,7,22,800
0,1,7,23,831
0,1,7,24,842
0,1,7,25,816
0,1,7,26,891
0,1,7,27,829
0,1,7,28,823
0,1,7,29,822
0,1,7,30,834
0,1,7,31,801
0,0,7,0,792
0,0,7,1,800
0,0,7,2,799
0,0,7,3,818
0,0,7,4,793
0,0,7,5,824
0,0,7,6,795
0,0,7,7,809
0,0,7,8,844
0,0,7,9,810
0,0,7,10,823
0,0,7,11,798
0,0,7,12,804
0,0,7,13,807
0,0,7,14,802
0,0,7,15,788
0,0,7,16,792
0,0,7,17,801
0,0,7,18,804
0,0,7,19,829
0,0,7,20,807
0,0,7,21,809
0,0,7,22,785
0,0,7,23,810
0,0,7,24,806
0,0,7,25,789
0,0,7,26,814
0,0,7,27,809
0,0,7,28,808
0,0,7,29,815
0,0,7,30,818
0,0,7,31,792
1,0,0,0,58571
1,0,0,1,58789
1,0,0,2,59127
1,0,0,3,58445
1,0,0,4,58908
1,0,0,5,58623
1,0,0,6,58856
1,0,0,7,58838
1,0,0,8,58782
1,0,0,9,58852
1,0,0,10,58785
1,0,0,11,58808
1,0,0,12,58516
1,0,0,13,58694
1,0,0,14,58779
1,0,0,15,59598
1,0,0,16,59381
1,0,0,17,58813
1,0,0,18,58743
1,0,0,19,58718
1,0,0,20,70497
1,0,0,21,58587
1,0,0,22,59170
1,0,0,23,58711
1,0,0,24,58851
1,0,0,25,59641
1,0,0,26,58691
1,0,0,27,58888
1,0,0,28,59154
1,0,0,29,58982
1,0,0,30,58956
1,0,0,31,58390
1,1,0,0,58816
1,1,0,1,58427
1,1,0,2,58520
1,1,0,3,59153
1,1,0,4,58570
1,1,0,5,59214
1,1,0,6,58933
1,1,0,7,58837
1,1,0,8,58522
1,1,0,9,58747
1,1,0,10,58438
1,1,0,11,58560
1,1,0,12,59541
1,1,0,13,59384
1,1,0,14,59165
1,1,0,15,59984
1,1,0,16,58735
1,1,0,17,59767
1,1,0,18,58845
1,1,0,19,58366
1,1,0,20,58871
1,1,0,21,58602
1,1,0,22,59524
1,1,0,23,59015
1,1,0,24,58689
1,1,0,25,59011
1,1,0,26,58495
1,1,0,27,58493
1,1,0,28,58302
1,1,0,29,59711
1,1,0,30,58861
1,1,0,31,58585
1,2,0,0,58884
1,2,0,1,58847
1,2,0,2,59099
1,2,0,3,59259
1,2,0,4,58573
1,2,0,5,69783
1,2,0,6,59032
1,2,0,7,58977
1,2,0,8,59338
1,2,0,9,58727
1,2,0,10,58689
1,2,0,11,58790
1,2,0,12,58749
1,2,0,13,58678
1,2,0,14,58711
1,2,0,15,58689
1,2,0,16,58638
1,2,0,17,58761
1,2,0,18,58441
1,2,0,19,59095
1,2,0,20,58841
1,2,0,21,58529
1,2,0,22,58778
1,2,0,23,58637
1,2,0,24,58831
1,2,0,25,58524
1,2,0,26,58573
1,2,0,27,58925
1,2,0,28,58468
1,2,0,29,58915
1,2,0,30,58890
1,2,0,31,59325
1,3,0,0,59555
1,3,0,1,61605
1,3,0,2,59152
1,3,0,3,58777
1,3,0,4,58605
1,3,0,5,58682
1,3,0,6,58485
1,3,0,7,59278
1,3,0,8,58459
1,3,0,9,59527
1,3,0,10,58648
1,3,0,11,58680
1,3,0,12,58683
1,3,0,13,58920
1,3,0,14,58479
1,3,0,15,58932
1,3,0,16,58920
1,3,0,17,58542
1,3,0,18,58904
1,3,0,19,58278
1,3,0,20,59022
1,3,0,21,58446
1,3,0,22,58838
1,3,0,23,58158
1,3,0,24,57907
1,3,0,25,58712
1,3,0,26,59061
1,3,0,27,62292
1,3,0,28,58824
1,3,0,29,58328
1,3,0,30,58977
1,3,0,31,58497
1,3,1,0,179071
1,3,1,1,215268
1,3,1,2,217205
1,3,1,3,211088
1,3,1,4,207745
1,3,1,5,223293
1,3,1,6,58944
1,3,1,7,58379
1,3,1,8,58752
1,3,1,9,58641
1,3,1,10,58492
1,3,1,11,58647
1,3,1,12,58717
1,3,1,13,58499
1,3,1,14,58418
1,3,1,15,58281
1,3,1,16,58243
1,3,1,17,58921
1,3,1,18,58577
1,3,1,19,58412
1,3,1,20,59311
1,3,1,21,58786
1,3,1,22,58989
1,3,1,23,58735
1,3,1,24,59160
1,3,1,25,58984
1,3,1,26,58836
1,3,1,27,58699
1,3,1,28,58894
1,3,1,29,59010
1,3,1,30,58773
1,3,1,31,58729
1,2,1,0,59292
1,2,1,1,58875
1,2,1,2,59077
1,2,1,3,58631
1,2,1,4,58822
1,2,1,5,59018
1,2,1,6,58926
1,2,1,7,59214
1,2,1,8,58821
1,2,1,9,58961
1,2,1,10,58983
1,2,1,11,58645
1,2,1,12,58754
1,2,1,13,58511
1,2,1,14,58786
1,2,1,15,58426
1,2,1,16,58513
1,2,1,17,58347
1,2,1,18,58612
1,2,1,19,58929
1,2,1,20,59263
1,2,1,21,58799
1,2,1,22,58951
1,2,1,23,70979
1,2,1,24,58828
1,2,1,25,58542
1,2,1,26,58885
1,2,1,27,58981
1,2,1,28,62334
1,2,1,29,58975
1,2,1,30,58957
1,2,1,31,58479
1,1,1,0,59404
1,1,1,1,58792
1,1,1,2,58697
1,1,1,3,58994
1,1,1,4,59444
1,1,1,5,59782
1,1,1,6,58929
1,1,1,7,59167
1,1,1,8,58380
1,1,1,9,59081
1,1,1,10,59144
1,1,1,11,58475
1,1,1,12,59467
1,1,1,13,58421
1,1,1,14,58613
1,1,1,15,58857
1,1,1,16,58963
1,1,1,17,58848
1,1,1,18,58316
1,1,1,19,58392
1,1,1,20,58751
1,1,1,21,58720
1,1,1,22,59102
1,1,1,23,59072
1,1,1,24,58602
1,1,1,25,58855
1,1,1,26,58884
1,1,1,27,58997
1,1,1,28,58727
1,1,1,29,58388
1,1,1,30,59452
1,1,1,31,58545
1,0,1,0,58672
1,0,1,1,58958
1,0,1,2,58615
1,0,1,3,59040
1,0,1,4,58779
1,0,1,5,59096
1,0,1,6,59798
1,0,1,7,58767
1,0,1,8,59440
1,0,1,9,58694
1,0,1,10,58579
1,0,1,11,59232
1,0,1,12,58909
1,0,1,13,59278
1,0,1,14,59264
1,0,1,15,58912
1,0,1,16,58407
1,0,1,17,59369
1,0,1,18,58416
1,0,1,19,58851
1,0,1,20,58987
1,0,1,21,58768
1,0,1,22,59079
1,0,1,23,58405
1,0,1,24,58960
1,0,1,25,58735
1,0,1,26,58670
1,0,1,27,58801
1,0,1,28,58497
1,0,1,29,58257
1,0,1,30,59062
1,0,1,31,58755
1,0,2,0,58626
1,0,2,1,58572
1,0,2,2,59253
1,0,2,3,58405
1,0,2,4,59403
1,0,2,5,59155
1,0,2,6,59250
1,0,2,7,59143
1,0,2,8,58583
1,0,2,9,58486
1,0,2,10,59013
1,0,2,11,58491
1,0,2,12,58581
1,0,2,13,58730
1,0,2,14,58617
1,0,2,15,58753
1,0,2,16,58923
1,0,2,17,58863
1,0,2,18,58637
1,0,2,19,59087
1,0,2,20,58889
1,0,2,21,58932
1,0,2,22,58653
1,0,2,23,58775
1,0,2,24,58431
1,0,2,25,58891
1,0,2,26,58278
1,0,2,27,59075
1,0,2,28,69182
1,0,2,29,59051
1,0,2,30,58420
1,0,2,31,58263
1,1,2,0,58864
1,1,2,1,58695
1,1,2,2,58832
1,1,2,3,58622
1,1,2,4,58492
1,1,2,5,58328
1,1,2,6,59099
1,1,2,7,58872
1,1,2,8,58329
1,1,2,9,58665
1,1,2,10,58600
1,1,2,11,58689
1,1,2,12,58890
1,1,2,13,58823
1,1,2,14,58466
1,1,2,15,58287
1,1,2,16,58793
1,1,2,17,59434
1,1,2,18,58870
1,1,2,19,58645
1,1,2,20,69712
1,1,2,21,59042
1,1,2,22,58881
1,1,2,23,58622
1,1,2,24,59215
1,1,2,25,58831
1,1,2,26,58615
1,1,2,27,58815
1,1,2,28,59084
1,1,2,29,58692
1,1,2,30,59112
1,1,2,31,59229
1,2,2,0,58849
1,2,2,1,58763
1,2,2,2,58871
1,2,2,3,58919
1,2,2,4,58275
1,2,2,5,59294
1,2,2,6,59411
1,2,2,7,58457
1,2,2,8,58752
1,2,2,9,59047
1,2,2,10,58641
1,2,2,11,59067
1,2,2,12,58477
1,2,2,13,59147
1,2,2,14,58580
1,2,2,15,58402
1,2,2,16,58507
1,2,2,17,58662
1,2,2,18,58935
1,2,2,19,58597
1,2,2,20,59371
1,2,2,21,58595
1,2,2,22,58788
1,2,2,23,58540
1,2,2,24,59003
1,2,2,25,58591
1,2,2,26,59329
1,2,2,27,58680
1,2,2,28,58475
1,2,2,29,58552
1,2,2,30,58823
1,2,2,31,58716
1,3,2,0,59408
1,3,2,1,58318
1,3,2,2,58655
1,3,2,3,58690
1,3,2,4,58577
1,3,2,5,58603
1,3,2,6,58295
1,3,2,7,58438
1,3,2,8,58497
1,3,2,9,58702
1,3,2,10,58757
1,3,2,11,58871
1,3,2,12,59004
1,3,2,13,58889
1,3,2,14,58994
1,3,2,15,58320
1,3,2,16,58590
1,3,2,17,58458
1,3,2,18,59030
1,3,2,19,59200
1,3,2,20,58590
1,3,2,21,58530
1,3,2,22,59033
1,3,2,23,58608
1,3,2,24,58619
1,3,2,25,58876
1,3,2,26,58830
1,3,2,27,58693
1,3,2,28,58970
1,3,2,29,58235
1,3,2,30,58688
1,3,2,31,58778
1,3,3,0,58478
1,3,3,1,58789
1,3,3,2,59307
1,3,3,3,59403
1,3,3,4,58987
1,3,3,5,58776
1,3,3,6,58341
1,3,3,7,58975
1,3,3,8,59523
1,3,3,9,58634
1,3,3,10,59628
1,3,3,11,58705
1,3,3,12,58392
1,3,3,13,59004
1,3,3,14,58541
1,3,3,15,59118
1,3,3,16,58715
1,3,3,17,58847
1,3,3,18,59016
1,3,3,19,59879
1,3,3,20,59015
1,3,3,21,58776
1,3,3,22,59173
1,3,3,23,59099
1,3,3,24,58953
1,3,3,25,58721
1,3,3,26,59292
1,3,3,27,58532
1,3,3,28,58766
1,3,3,29,58792
1,3,3,30,58307
1,3,3,31,58468
1,2,3,0,58978
1,2,3,1,59071
1,2,3,2,59156
1,2,3,3,58765
1,2,3,4,58526
1,2,3,5,59455
1,2,3,6,58756
1,2,3,7,59420
1,2,3,8,58616
1,2,3,9,58500
1,2,3,10,58889
1,2,3,11,58569
1,2,3,12,58859
1,2,3,13,58821
1,2,3,14,58857
1,2,3,15,58796
1,2,3,16,59134
1,2,3,17,59005
1,2,3,18,58945
1,2,3,19,58809
1,2,3,20,58626
1,2,3,21,58080
1,2,3,22,58429
1,2,3,23,58562
1,2,3,24,58953
1,2,3,25,58628
1,2,3,26,58785
1,2,3,27,58703
1,2,3,28,59056
1,2,3,29,58640
1,2,3,30,58917
1,2,3,31,58874
1,1,3,0,58760
1,1,3,1,58664
1,1,3,2,59580
1,1,3,3,59009
1,1,3,4,59003
1,1,3,5,58582
1,1,3,6,59109
1,1,3,7,58617
1,1,3,8,59376
1,1,3,9,58763
1,1,3,10,58280
1,1,3,11,58976
1,1,3,12,58946
1,1,3,13,58614
1,1,3,14,59128
1,1,3,15,58970
1,1,3,16,60105
1,1,3,17,59448
1,1,3,18,59003
1,1,3,19,58753
1,1,3,20,58249
1,1,3,21,58527
1,1,3,22,59313
1,1,3,23,58342
1,1,3,24,58536
1,1,3,25,59553
1,1,3,26,59323
1,1,3,27,59645
1,1,3,28,58844
1,1,3,29,58555
1,1,3,30,58767
1,1,3,31,58450
1,0,3,0,59169
1,0,3,1,58782
1,0,3,2,58949
1,0,3,3,58714
1,0,3,4,59028
1,0,3,5,59002
1,0,3,6,58999
1,0,3,7,58855
1,0,3,8,58374
1,0,3,9,59107
1,0,3,10,58535
1,0,3,11,58718
1,0,3,12,58525
1,0,3,13,59030
1,0,3,14,58788
1,0,3,15,58514
1,0,3,16,58734
1,0,3,17,58667
1,0,3,18,58534
1,0,3,19,58856
1,0,3,20,58850
1,0,3,21,59683
1,0,3,22,58897
1,0,3,23,58232
1,0,3,24,58432
1,0,3,25,58884
1,0,3,26,58373
1,0,3,27,58506
1,0,3,28,58847
1,0,3,29,58975
1,0,3,30,59109
1,0,3,31,59089
1,0,4,0,58841
1,0,4,1,58665
1,0,4,2,58808
1,0,4,3,58319
1,0,4,4,58677
1,0,4,5,58912
1,0,4,6,58324
1,0,4,7,58865
1,0,4,8,59154
1,0,4,9,58873
1,0,4,10,58575
1,0,4,11,59011
1,0,4,12,58587
1,0,4,13,59975
1,0,4,14,58615
1,0,4,15,58580
1,0,4,16,58603
1,0,4,17,58893
1,0,4,18,58956
1,0,4,19,58913
1,0,4,20,59128
1,0,4,21,58649
1,0,4,22,58137
1,0,4,23,69679
1,0,4,24,58939
1,0,4,25,58813
1,0,4,26,59158
1,0,4,27,59084
1,0,4,28,59051
1,0,4,29,58839
1,0,4,30,58823
1,0,4,31,59016
1,1,4,0,58772
1,1,4,1,58660
1,1,4,2,58941
1,1,4,3,58787
1,1,4,4,58988
1,1,4,5,58611
1,1,4,6,59075
1,1,4,7,59045
1,1,4,8,58348
1,1,4,9,59165
1,1,4,10,58677
1,1,4,11,59393
1,1,4,12,58958
1,1,4,13,59555
1,1,4,14,59047
1,1,4,15,69787
1,1,4,16,59175
1,1,4,17,59085
1,1,4,18,58772
1,1,4,19,58772
1,1,4,20,59191
1,1,4,21,58662
1,1,4,22,58823
1,1,4,23,59153
1,1,4,24,58577
1,1,4,25,58583
1,1,4,26,59042
1,1,4,27,59328
1,1,4,28,58569
1,1,4,29,59096
1,1,4,30,58313
1,1,4,31,59363
1,2,4,0,59113
1,2,4,1,59326
1,2,4,2,58616
1,2,4,3,58946
1,2,4,4,58830
1,2,4,5,58579
1,2,4,6,59548
1,2,4,7,69788
1,2,4,8,59860
1,2,4,9,58602
1,2,4,10,59250
1,2,4,11,59405
1,2,4,12,58873
1,2,4,13,58580
1,2,4,14,58854
1,2,4,15,59206
1,2,4,16,58609
1,2,4,17,58565
1,2,4,18,59175
1,2,4,19,59343
1,2,4,20,58999
1,2,4,21,58985
1,2,4,22,58774
1,2,4,23,59678
1,2,4,24,58713
1,2,4,25,58656
1,2,4,26,58482
1,2,4,27,58801
1,2,4,28,58554
1,2,4,29,58709
1,2,4,30,58400
1,2,4,31,58901
1,3,4,0,58342
1,3,4,1,59356
1,3,4,2,58849
1,3,4,3,58379
1,3,4,4,58633
1,3,4,5,58897
1,3,4,6,58932
1,3,4,7,58579
1,3,4,8,58731
1,3,4,9,58674
1,3,4,10,59262
1,3,4,11,58736
1,3,4,12,58783
1,3,4,13,58835
1,3,4,14,58545
1,3,4,15,59138
1,3,4,16,58557
1,3,4,17,58712
1,3,4,18,58874
1,3,4,19,59020
1,3,4,20,58487
1,3,4,21,58606
1,3,4,22,59001
1,3,4,23,58524
1,3,4,24,58522
1,3,4,25,58449
1,3,4,26,58863
1,3,4,27,58681
1,3,4,28,69433
1,3,4,29,59130
1,3,4,30,58301
1,3,4,31,58655
1,3,5,0,58753
1,3,5,1,58738
1,3,5,2,58479
1,3,5,3,58502
1,3,5,4,59295
1,3,5,5,58850
1,3,5,6,59394
1,3,5,7,58462
1,3,5,8,58469
1,3,5,9,58995
1,3,5,10,58461
1,3,5,11,59039
1,3,5,12,59231
1,3,5,13,58702
1,3,5,14,58656
1,3,5,15,58768
1,3,5,16,59073
1,3,5,17,58708
1,3,5,18,58421
1,3,5,19,58502
1,3,5,20,58673
1,3,5,21,59246
1,3,5,22,58938
1,3,5,23,58431
1,3,5,24,58906
1,3,5,25,59522
1,3,5,26,59118
1,3,5,27,58274
1,3,5,28,58516
1,3,5,29,58801
1,3,5,30,58494
1,3,5,31,58753
1,2,5,0,58485
1,2,5,1,58581
1,2,5,2,59304
1,2,5,3,58783
1,2,5,4,58951
1,2,5,5,58503
1,2,5,6,58945
1,2,5,7,58816
1,2,5,8,58517
1,2,5,9,59050
1,2,5,10,58966
1,2,5,11,58787
1,2,5,12,58528
1,2,5,13,58763
1,2,5,14,58266
1,2,5,15,58476
1,2,5,16,58886
1,2,5,17,59202
1,2,5,18,58706
1,2,5,19,58727
1,2,5,20,58868
1,2,5,21,58662
1,2,5,22,59093
1,2,5,23,58591
1,2,5,24,58588
1,2,5,25,58951
1,2,5,26,58645
1,2,5,27,58937
1,2,5,28,59060
1,2,5,29,58743
1,2,5,30,59220
1,2,5,31,58978
1,1,5,0,58870
1,1,5,1,59048
1,1,5,2,58698
1,1,5,3,58591
1,1,5,4,58464
1,1,5,5,58189
1,1,5,6,58778
1,1,5,7,58632
1,1,5,8,58971
1,1,5,9,58844
1,1,5,10,58734
1,1,5,11,58847
1,1,5,12,58976
1,1,5,13,58931
1,1,5,14,58703
1,1,5,15,58758
1,1,5,16,59057
1,1,5,17,59797
1,1,5,18,58688
1,1,5,19,58482
1,1,5,20,59271
1,1,5,21,59104
1,1,5,22,58536
1,1,5,23,58982
1,1,5,24,58927
1,1,5,25,58918
1,1,5,26,59181
1,1,5,27,58820
1,1,5,28,58831
1,1,5,29,58789
1,1,5,30,59014
1,1,5,31,58790
1,0,5,0,59077
1,0,5,1,58692
1,0,5,2,58961
1,0,5,3,58616
1,0,5,4,58775
1,0,5,5,59272
1,0,5,6,58835
1,0,5,7,59162
1,0,5,8,59234
1,0,5,9,58488
1,0,5,10,59053
1,0,5,11,58400
1,0,5,12,59362
1,0,5,13,58884
1,0,5,14,58279
1,0,5,15,59187
1,0,5,16,58714
1,0,5,17,58693
1,0,5,18,58974
1,0,5,19,62398
1,0,5,20,59307
1,0,5,21,58505
1,0,5,22,58598
1,0,5,23,58642
1,0,5,24,58394
1,0,5,25,58602
1,0,5,26,58895
1,0,5,27,59971
1,0,5,28,58786
1,0,5,29,58829
1,0,5,30,59141
1,0,5,31,59099
1,0,6,0,59555
1,0,6,1,58595
1,0,6,2,58569
1,0,6,3,58888
1,0,6,4,58981
1,0,6,5,59096
1,0,6,6,58618
1,0,6,7,58489
1,0,6,8,58550
1,0,6,9,58499
1,0,6,10,58753
1,0,6,11,58774
1,0,6,12,58407
1,0,6,13,59180
1,0,6,14,58845
1,0,6,15,58788
1,0,6,16,59377
1,0,6,17,58902
1,0,6,18,69739
1,0,6,19,59624
1,0,6,20,58653
1,0,6,21,58780
1,0,6,22,58616
1,0,6,23,58871
1,0,6,24,58822
1,0,6,25,62279
1,0,6,26,58647
1,0,6,27,59405
1,0,6,28,58147
1,0,6,29,58976
1,0,6,30,59269
1,0,6,31,58636
1,1,6,0,59167
1,1,6,1,58974
1,1,6,2,58634
1,1,6,3,58828
1,1,6,4,59205
1,1,6,5,58823
1,1,6,6,59002
1,1,6,7,58500
1,1,6,8,58388
1,1,6,9,58567
1,1,6,10,58694
1,1,6,11,59011
1,1,6,12,59020
1,1,6,13,58360
1,1,6,14,58174
1,1,6,15,58746
1,1,6,16,58928
1,1,6,17,58727
1,1,6,18,58159
1,1,6,19,60005
1,1,6,20,58615
1,1,6,21,58623
1,1,6,22,58361
1,1,6,23,58643
1,1,6,24,58327
1,1,6,25,58574
1,1,6,26,58496
1,1,6,27,58188
1,1,6,28,58668
1,1,6,29,59015
1,1,6,30,58805
1,1,6,31,58790
1,2,6,0,58826
1,2,6,1,59187
1,2,6,2,58951
1,2,6,3,58589
1,2,6,4,58773
1,2,6,5,58761
1,2,6,6,58608
1,2,6,7,58344
1,2,6,8,59774
1,2,6,9,59015
1,2,6,10,58636
1,2,6,11,58955
1,2,6,12,58658
1,2,6,13,58748
1,2,6,14,58394
1,2,6,15,58883
1,2,6,16,58414
1,2,6,17,58877
1,2,6,18,58893
1,2,6,19,58730
1,2,6,20,58772
1,2,6,21,58739
1,2,6,22,59050
1,2,6,23,58897
1,2,6,24,62557
1,2,6,25,58955
1,2,6,26,58341
1,2,6,27,59029
1,2,6,28,59122
1,2,6,29,58973
1,2,6,30,58498
1,2,6,31,59048
1,3,6,0,58551
1,3,6,1,58869
1,3,6,2,59367
1,3,6,3,58730
1,3,6,4,58974
1,3,6,5,59144
1,3,6,6,58753
1,3,6,7,58959
1,3,6,8,58657
1,3,6,9,58762
1,3,6,10,59009
1,3,6,11,58525
1,3,6,12,59035
1,3,6,13,59088
1,3,6,14,58457
1,3,6,15,58633
1,3,6,16,58791
1,3,6,17,59144
1,3,6,18,59229
1,3,6,19,58603
1,3,6,20,58759
1,3,6,21,59312
1,3,6,22,58790
1,3,6,23,59104
1,3,6,24,58487
1,3,6,25,58228
1,3,6,26,59201
1,3,6,27,58610
1,3,6,28,58202
1,3,6,29,58641
1,3,6,30,58647
1,3,6,31,59523
1,3,7,0,58551
1,3,7,1,58913
1,3,7,2,59059
1,3,7,3,58595
1,3,7,4,58831
1,3,7,5,58804
1,3,7,6,58521
1,3,7,7,59037
1,3,7,8,58727
1,3,7,9,58626
1,3,7,10,59180
1,3,7,11,58381
1,3,7,12,59243
1,3,7,13,58968
1,3,7,14,58698
1,3,7,15,58394
1,3,7,16,58814
1,3,7,17,59089
1,3,7,18,58519
1,3,7,19,59066
1,3,7,20,58643
1,3,7,21,59839
1,3,7,22,59096
1,3,7,23,58904
1,3,7,24,59018
1,3,7,25,58729
1,3,7,26,59088
1,3,7,27,58333
1,3,7,28,58475
1,3,7,29,58697
1,3,7,30,58997
1,3,7,31,58594
1,2,7,0,58498
1,2,7,1,58922
1,2,7,2,58214
1,2,7,3,58919
1,2,7,4,58665
1,2,7,5,58776
1,2,7,6,58961
1,2,7,7,58394
1,2,7,8,58393
1,2,7,9,58918
1,2,7,10,58694
1,2,7,11,59255
1,2,7,12,58466
1,2,7,13,60237
1,2,7,14,58870
1,2,7,15,59333
1,2,7,16,58480
1,2,7,17,58862
1,2,7,18,58866
1,2,7,19,58491
1,2,7,20,58936
1,2,7,21,58373
1,2,7,22,58469
1,2,7,23,58533
1,2,7,24,58925
1,2,7,25,58470
1,2,7,26,59065
1,2,7,27,58877
1,2,7,28,58310
1,2,7,29,58153
1,2,7,30,58503
1,2,7,31,59202
1,1,7,0,58717
1,1,7,1,58868
1,1,7,2,58837
1,1,7,3,59042
1,1,7,4,58567
1,1,7,5,58950
1,1,7,6,58924
1,1,7,7,59175
1,1,7,8,58739
1,1,7,9,58600
1,1,7,10,58543
1,1,7,11,59280
1,1,7,12,58930
1,1,7,13,58449
1,1,7,14,58922
1,1,7,15,59892
1,1,7,16,58626
1,1,7,17,58814
1,1,7,18,58791
1,1,7,19,58375
1,1,7,20,58572
1,1,7,21,58968
1,1,7,22,58966
1,1,7,23,63105
1,1,7,24,59594
1,1,7,25,58211
1,1,7,26,58780
1,1,7,27,58766
1,1,7,28,58743
1,1,7,29,58648
1,1,7,30,58856
1,1,7,31,58901
1,0,7,0,59293
1,0,7,1,59194
1,0,7,2,58999
1,0,7,3,58598
1,0,7,4,59085
1,0,7,5,58783
1,0,7,6,58672
1,0,7,7,58958
1,0,7,8,58975
1,0,7,9,58409
1,0,7,10,58681
1,0,7,11,59103
1,0,7,12,59030
1,0,7,13,58844
1,0,7,14,58378
1,0,7,15,58580
1,0,7,16,59650
1,0,7,17,59389
1,0,7,18,58376
1,0,7,19,58938
1,0,7,20,58456
1,0,7,21,58997
1,0,7,22,59474
1,0,7,23,58956
1,0,7,24,58964
1,0,7,25,58727
1,0,7,26,59098
1,0,7,27,58767
1,0,7,28,58773
1,0,7,29,58660
1,0,7,30,59408
1,0,7,31,59194
2,0,0,0,28280
2,0,0,1,28242
2,0,0,2,28227
2,0,0,3,28121
2,0,0,4,28263
2,0,0,5,28440
2,0,0,6,28250
2,0,0,7,28390
2,0,0,8,28301
2,0,0,9,28216
2,0,0,10,28205
2,0,0,11,28296
2,0,0,12,27973
2,0,0,13,28416
2,0,0,14,28353
2,0,0,15,28132
2,0,0,16,28097
2,0,0,17,28345
2,0,0,18,28062
2,0,0,19,28100
2,0,0,20,28367
2,0,0,21,28355
2,0,0,22,28025
2,0,0,23,28404
2,0,0,24,28453
2,0,0,25,28331
2,0,0,26,28023
2,0,0,27,28409
2,0,0,28,28294
2,0,0,29,28398
2,0,0,30,28298
2,0,0,31,28408
2,1,0,0,28317
2,1,0,1,27856
2,1,0,2,38752
2,1,0,3,27822
2,1,0,4,27965
2,1,0,5,28161
2,1,0,6,28934
2,1,0,7,28126
2,1,0,8,28419
2,1,0,9,27996
2,1,0,10,27980
2,1,0,11,28127
2,1,0,12,28416
2,1,0,13,28399
2,1,0,14,28438
2,1,0,15,28497
2,1,0,16,28393
2,1,0,17,28357
2,1,0,18,28492
2,1,0,19,28430
2,1,0,20,28355
2,1,0,21,28349
2,1,0,22,28018
2,1,0,23,28316
2,1,0,24,28271
2,1,0,25,28378
2,1,0,26,28156
2,1,0,27,28084
2,1,0,28,27922
2,1,0,29,28250
2,1,0,30,28011
2,1,0,31,28361
2,2,0,0,28103
2,2,0,1,27828
2,2,0,2,28319
2,2,0,3,27986
2,2,0,4,28222
2,2,0,5,28400
2,2,0,6,27986
2,2,0,7,27802
2,2,0,8,28260
2,2,0,9,28303
2,2,0,10,28400
2,2,0,11,28237
2,2,0,12,28341
2,2,0,13,28466
2,2,0,14,28286
2,2,0,15,28250
2,2,0,16,28386
2,2,0,17,27876
2,2,0,18,28289
2,2,0,19,28316
2,2,0,20,28350
2,2,0,21,28272
2,2,0,22,28336
2,2,0,23,28352
2,2,0,24,27949
2,2,0,25,28314
2,2,0,26,28369
2,2,0,27,28363
2,2,0,28,28297
2,2,0,29,28263
2,2,0,30,28253
2,2,0,31,28388
2,3,0,0,28490
2,3,0,1,28095
2,3,0,2,28359
2,3,0,3,28417
2,3,0,4,28378
2,3,0,5,28404
2,3,0,6,27934
2,3,0,7,28415
2,3,0,8,28359
2,3,0,9,28078
2,3,0,10,28414
2,3,0,11,28465
2,3,0,12,28287
2,3,0,13,28350
2,3,0,14,28287
2,3,0,15,28387
2,3,0,16,28296
2,3,0,17,28474
2,3,0,18,28181
2,3,0,19,28396
2,3,0,20,27858
2,3,0,21,28487
2,3,0,22,28441
2,3,0,23,28326
2,3,0,24,28409
2,3,0,25,28297
2,3,0,26,28361
2,3,0,27,28353
2,3,0,28,28290
2,3,0,29,28383
2,3,0,30,28349
2,3,0,31,28291
2,3,1,0,27939
2,3,1,1,28239
2,3,1,2,28375
2,3,1,3,28399
2,3,1,4,27827
2,3,1,5,28362
2,3,1,6,27839
2,3,1,7,28310
2,3,1,8,27881
2,3,1,9,28366
2,3,1,10,28177
2,3,1,11,28304
2,3,1,12,28316
2,3,1,13,28386
2,3,1,14,28335
2,3,1,15,28351
2,3,1,16,28325
2,3,1,17,28411
2,3,1,18,27797
2,3,1,19,28392
2,3,1,20,28412
2,3,1,21,28022
2,3,1,22,27995
2,3,1,23,28358
2,3,1,24,28208
2,3,1,25,28306
2,3,1,26,28057
2,3,1,27,27993
2,3,1,28,28331
2,3,1,29,28486
2,3,1,30,28888
2,3,1,31,28330
2,2,1,0,28288
2,2,1,1,28397
2,2,1,2,28309
2,2,1,3,28327
2,2,1,4,28416
2,2,1,5,28361
2,2,1,6,27893
2,2,1,7,28287
2,2,1,8,28278
2,2,1,9,28267
2,2,1,10,28374
2,2,1,11,27967
2,2,1,12,28273
2,2,1,13,28364
2,2,1,14,27956
2,2,1,15,27917
2,2,1,16,27938
2,2,1,17,27910
2,2,1,18,28266
2,2,1,19,27920
2,2,1,20,27887
2,2,1,21,28369
2,2,1,22,28269
2,2,1,23,27846
2,2,1,24,27873
2,2,1,25,28183
2,2,1,26,28430
2,2,1,27,28417
2,2,1,28,27936
2,2,1,29,27962
2,2,1,30,28049
2,2,1,31,28448
2,1,1,0,28377
2,1,1,1,28363
2,1,1,2,28293
2,1,1,3,28248
2,1,1,4,28366
2,1,1,5,28472
2,1,1,6,28037
2,1,1,7,28313
2,1,1,8,28366
2,1,1,9,28487
2,1,1,10,28299
2,1,1,11,28407
2,1,1,12,28392
2,1,1,13,28354
2,1,1,14,28328
2,1,1,15,28399
2,1,1,16,28301
2,1,1,17,28366
2,1,1,18,28462
2,1,1,19,28211
2,1,1,20,27921
2,1,1,21,28289
2,1,1,22,27904
2,1,1,23,28369
2,1,1,24,28530
2,1,1,25,28066
2,1,1,26,28406
2,1,1,27,28322
2,1,1,28,28420
2,1,1,29,28414
2,1,1,30,28238
2,1,1,31,28423
2,0,1,0,28360
2,0,1,1,27999
2,0,1,2,27963
2,0,1,3,28129
2,0,1,4,28325
2,0,1,5,28097
2,0,1,6,28347
2,0,1,7,28484
2,0,1,8,28167
2,0,1,9,28354
2,0,1,10,28104
2,0,1,11,31268
2,0,1,12,28524
2,0,1,13,28412
2,0,1,14,28419
2,0,1,15,28213
2,0,1,16,28421
2,0,1,17,28165
2,0,1,18,28104
2,0,1,19,28079
2,0,1,20,28428
2,0,1,21,28069
2,0,1,22,28358
2,0,1,23,27929
2,0,1,24,28385
2,0,1,25,28444
2,0,1,26,28378
2,0,1,27,27914
2,0,1,28,28312
2,0,1,29,28348
2,0,1,30,28382
2,0,1,31,28364
2,0,2,0,27964
2,0,2,1,28120
2,0,2,2,28346
2,0,2,3,28171
2,0,2,4,28209
2,0,2,5,28372
2,0,2,6,27875
2,0,2,7,28407
2,0,2,8,28297
2,0,2,9,28210
2,0,2,10,28255
2,0,2,11,27920
2,0,2,12,28499
2,0,2,13,28454
2,0,2,14,28309
2,0,2,15,28328
2,0,2,16,28341
2,0,2,17,28798
2,0,2,18,28302
2,0,2,19,28180
2,0,2,20,28153
2,0,2,21,28431
2,0,2,22,28369
2,0,2,23,28456
2,0,2,24,28491
2,0,2,25,28416
2,0,2,26,28413
2,0,2,27,27917
2,0,2,28,28368
2,0,2,29,28105
2,0,2,30,28406
2,0,2,31,28434
2,1,2,0,28322
2,1,2,1,28410
2,1,2,2,28206
2,1,2,3,28445
2,1,2,4,28155
2,1,2,5,28417
2,1,2,6,27878
2,1,2,7,28461
2,1,2,8,28341
2,1,2,9,28361
2,1,2,10,28426
2,1,2,11,28406
2,1,2,12,28366
2,1,2,13,28458
2,1,2,14,28410
2,1,2,15,28317
2,1,2,16,28425
2,1,2,17,28401
2,1,2,18,28224
2,1,2,19,28408
2,1,2,20,28347
2,1,2,21,28288
2,1,2,22,27863
2,1,2,23,27798
2,1,2,24,28466
2,1,2,25,28380
2,1,2,26,28186
2,1,2,27,27893
2,1,2,28,28370
2,1,2,29,28457
2,1,2,30,28356
2,1,2,31,28463
2,2,2,0,28251
2,2,2,1,28261
2,2,2,2,28421
2,2,2,3,28339
2,2,2,4,28242
2,2,2,5,28339
2,2,2,6,27934
2,2,2,7,27925
2,2,2,8,27795
2,2,2,9,28081
2,2,2,10,27888
2,2,2,11,28601
2,2,2,12,27826
2,2,2,13,28107
2,2,2,14,28509
2,2,2,15,28150
2,2,2,16,28307
2,2,2,17,28426
2,2,2,18,28191
2,2,2,19,28452
2,2,2,20,27849
2,2,2,21,28429
2,2,2,22,27776
2,2,2,23,28003
2,2,2,24,27941
2,2,2,25,28349
2,2,2,26,27935
2,2,2,27,27955
2,2,2,28,28343
2,2,2,29,27842
2,2,2,30,27910
2,2,2,31,28324
2,3,2,0,28274
2,3,2,1,27876
2,3,2,2,28790
2,3,2,3,28222
2,3,2,4,27899
2,3,2,5,27951
2,3,2,6,27941
2,3,2,7,28104
2,3,2,8,27901
2,3,2,9,28482
2,3,2,10,28310
2,3,2,11,28269
2,3,2,12,28391
2,3,2,13,28395
2,3,2,14,28475
2,3,2,15,28406
2,3,2,16,28013
2,3,2,17,28307
2,3,2,18,28340
2,3,2,19,28253
2,3,2,20,28163
2,3,2,21,28327
2,3,2,22,28314
2,3,2,23,28519
2,3,2,24,28378
2,3,2,25,28428
2,3,2,26,28259
2,3,2,27,28408
2,3,2,28,28343
2,3,2,29,28403
2,3,2,30,28338
2,3,2,31,28378
2,3,3,0,27857
2,3,3,1,27803
2,3,3,2,27737
2,3,3,3,28081
2,3,3,4,28352
2,3,3,5,28470
2,3,3,6,27988
2,3,3,7,27936
2,3,3,8,28357
2,3,3,9,28437
2,3,3,10,28494
2,3,3,11,28329
2,3,3,12,28440
2,3,3,13,28428
2,3,3,14,28374
2,3,3,15,28369
2,3,3,16,28278
2,3,3,17,28404
2,3,3,18,28386
2,3,3,19,28351
2,3,3,20,28431
2,3,3,21,28412
2,3,3,22,27832
2,3,3,23,28456
2,3,3,24,28298
2,3,3,25,28324
2,3,3,26,27885
2,3,3,27,27966
2,3,3,28,28061
2,3,3,29,28443
2,3,3,30,28372
2,3,3,31,28327
2,2,3,0,28008
2,2,3,1,28368
2,2,3,2,28311
2,2,3,3,28433
2,2,3,4,28134
2,2,3,5,28290
2,2,3,6,28249
2,2,3,7,28262
2,2,3,8,28279
2,2,3,9,28318
2,2,3,10,28309
2,2,3,11,28402
2,2,3,12,28410
2,2,3,13,28273
2,2,3,14,28364
2,2,3,15,28288
2,2,3,16,28420
2,2,3,17,28352
2,2,3,18,28260
2,2,3,19,28439
2,2,3,20,28298
2,2,3,21,28271
2,2,3,22,28277
2,2,3,23,28344
2,2,3,24,28294
2,2,3,25,28272
2,2,3,26,27922
2,2,3,27,27885
2,2,3,28,28384
2,2,3,29,28466
2,2,3,30,28378
2,2,3,31,28446
2,1,3,0,28390
2,1,3,1,27876
2,1,3,2,28210
2,1,3,3,28083
2,1,3,4,27892
2,1,3,5,28368
2,1,3,6,28040
2,1,3,7,28015
2,1,3,8,28279
2,1,3,9,28350
2,1,3,10,28445
2,1,3,11,28376
2,1,3,12,28351
2,1,3,13,28203
2,1,3,14,28088
2,1,3,15,28433
2,1,3,16,28094
2,1,3,17,28392
2,1,3,18,28364
2,1,3,19,28152
2,1,3,20,28425
2,1,3,21,28402
2,1,3,22,28165
2,1,3,23,28352
2,1,3,24,28324
2,1,3,25,28314
2,1,3,26,28229
2,1,3,27,28485
2,1,3,28,28009
2,1,3,29,27929
2,1,3,30,28385
2,1,3,31,28459
2,0,3,0,28355
2,0,3,1,27944
2,0,3,2,28387
2,0,3,3,28403
2,0,3,4,27944
2,0,3,5,28405
2,0,3,6,27984
2,0,3,7,28523
2,0,3,8,28314
2,0,3,9,27924
2,0,3,10,27972
2,0,3,11,28070
2,0,3,12,28242
2,0,3,13,27934
2,0,3,14,28459
2,0,3,15,28303
2,0,3,16,28158
2,0,3,17,28486
2,0,3,18,28321
2,0,3,19,27916
2,0,3,20,28151
2,0,3,21,28151
2,0,3,22,28108
2,0,3,23,28466
2,0,3,24,28403
2,0,3,25,28101
2,0,3,26,28266
2,0,3,27,28259
2,0,3,28,28358
2,0,3,29,28813
2,0,3,30,28316
2,0,3,31,28476
2,0,4,0,28339
2,0,4,1,28083
2,0,4,2,28389
2,0,4,3,28267
2,0,4,4,28422
2,0,4,5,28433
2,0,4,6,28282
2,0,4,7,28009
2,0,4,8,28390
2,0,4,9,28109
2,0,4,10,28046
2,0,4,11,28076
2,0,4,12,28400
2,0,4,13,28106
2,0,4,14,28089
2,0,4,15,28437
2,0,4,16,28422
2,0,4,17,28271
2,0,4,18,27993
2,0,4,19,28101
2,0,4,20,28334
2,0,4,21,28415
2,0,4,22,28153
2,0,4,23,28344
2,0,4,24,28376
2,0,4,25,28413
2,0,4,26,28447
2,0,4,27,28371
2,0,4,28,28343
2,0,4,29,28371
2,0,4,30,28454
2,0,4,31,28287
2,1,4,0,28358
2,1,4,1,28356
2,1,4,2,27895
2,1,4,3,28156
2,1,4,4,28168
2,1,4,5,28330
2,1,4,6,28020
2,1,4,7,28413
2,1,4,8,28419
2,1,4,9,28295
2,1,4,10,28221
2,1,4,11,28405
2,1,4,12,28489
2,1,4,13,28321
2,1,4,14,27936
2,1,4,15,27961
2,1,4,16,28388
2,1,4,17,28387
2,1,4,18,28322
2,1,4,19,28435
2,1,4,20,28392
2,1,4,21,28358
2,1,4,22,28562
2,1,4,23,28313
2,1,4,24,28130
2,1,4,25,28386
2,1,4,26,28320
2,1,4,27,28340
2,1,4,28,27977
2,1,4,29,28399
2,1,4,30,28421
2,1,4,31,28440
2,2,4,0,27854
2,2,4,1,27866
2,2,4,2,27949
2,2,4,3,28429
2,2,4,4,28448
2,2,4,5,28415
2,2,4,6,28019
2,2,4,7,28273
2,2,4,8,28317
2,2,4,9,27854
2,2,4,10,27889
2,2,4,11,27919
2,2,4,12,28375
2,2,4,13,28363
2,2,4,14,28135
2,2,4,15,28286
2,2,4,16,28318
2,2,4,17,27816
2,2,4,18,28345
2,2,4,19,27948
2,2,4,20,28199
2,2,4,21,28383
2,2,4,22,27880
2,2,4,23,28328
2,2,4,24,28302
2,2,4,25,28364
2,2,4,26,27962
2,2,4,27,28033
2,2,4,28,28381
2,2,4,29,28422
2,2,4,30,28029
2,2,4,31,28014
2,3,4,0,28384
2,3,4,1,27895
2,3,4,2,28442
2,3,4,3,28416
2,3,4,4,28424
2,3,4,5,27868
2,3,4,6,28318
2,3,4,7,27894
2,3,4,8,28037
2,3,4,9,28386
2,3,4,10,28227
2,3,4,11,28445
2,3,4,12,28300
2,3,4,13,28000
2,3,4,14,28379
2,3,4,15,28353
2,3,4,16,28633
2,3,4,17,28471
2,3,4,18,28414
2,3,4,19,28429
2,3,4,20,28362
2,3,4,21,28309
2,3,4,22,27932
2,3,4,23,28453
2,3,4,24,28264
2,3,4,25,27865
2,3,4,26,28308
2,3,4,27,28461
2,3,4,28,28440
2,3,4,29,27884
2,3,4,30,27840
2,3,4,31,28319
2,3,5,0,28390
2,3,5,1,27834
2,3,5,2,28260
2,3,5,3,28372
2,3,5,4,28318
2,3,5,5,28349
2,3,5,6,27878
2,3,5,7,27874
2,3,5,8,28340
2,3,5,9,28270
2,3,5,10,27902
2,3,5,11,28278
2,3,5,12,28323
2,3,5,13,28353
2,3,5,14,27988
2,3,5,15,28326
2,3,5,16,28246
2,3,5,17,28407
2,3,5,18,28234
2,3,5,19,27776
2,3,5,20,28107
2,3,5,21,28357
2,3,5,22,28420
2,3,5,23,27929
2,3,5,24,28413
2,3,5,25,28391
2,3,5,26,27958
2,3,5,27,27875
2,3,5,28,28403
2,3,5,29,28437
2,3,5,30,28331
2,3,5,31,28320
2,2,5,0,27953
2,2,5,1,27967
2,2,5,2,28343
2,2,5,3,28340
2,2,5,4,27946
2,2,5,5,28446
2,2,5,6,28332
2,2,5,7,28330
2,2,5,8,28311
2,2,5,9,28168
2,2,5,10,28440
2,2,5,11,27902
2,2,5,12,28328
2,2,5,13,28009
2,2,5,14,28278
2,2,5,15,28375
2,2,5,16,28269
2,2,5,17,27855
2,2,5,18,27899
2,2,5,19,28186
2,2,5,20,27945
2,2,5,21,27983
2,2,5,22,28288
2,2,5,23,27841
2,2,5,24,28225
2,2,5,25,28295
2,2,5,26,28274
2,2,5,27,27849
2,2,5,28,28412
2,2,5,29,28335
2,2,5,30,28376
2,2,5,31,28020
2,1,5,0,28145
2,1,5,1,28370
2,1,5,2,28321
2,1,5,3,28475
2,1,5,4,27956
2,1,5,5,27967
2,1,5,6,28407
2,1,5,7,28459
2,1,5,8,28436
2,1,5,9,28336
2,1,5,10,28097
2,1,5,11,27921
2,1,5,12,28206
2,1,5,13,27966
2,1,5,14,28156
2,1,5,15,28364
2,1,5,16,28468
2,1,5,17,28437
2,1,5,18,28367
2,1,5,19,28338
2,1,5,20,27972
2,1,5,21,28496
2,1,5,22,28274
2,1,5,23,28178
2,1,5,24,28425
2,1,5,25,27860
2,1,5,26,28478
2,1,5,27,28317
2,1,5,28,28457
2,1,5,29,28447
2,1,5,30,28408
2,1,5,31,28373
2,0,5,0,27816
2,0,5,1,28411
2,0,5,2,28288
2,0,5,3,28060
2,0,5,4,28850
2,0,5,5,28069
2,0,5,6,28448
2,0,5,7,28435
2,0,5,8,28295
2,0,5,9,28479
2,0,5,10,28283
2,0,5,11,28164
2,0,5,12,28140
2,0,5,13,28339
2,0,5,14,28419
2,0,5,15,28432
2,0,5,16,28300
2,0,5,17,28468
2,0,5,18,28209
2,0,5,19,28026
2,0,5,20,28340
2,0,5,21,28220
2,0,5,22,28309
2,0,5,23,28271
2,0,5,24,28333
2,0,5,25,28450
2,0,5,26,28255
2,0,5,27,28432
2,0,5,28,28344
2,0,5,29,28361
2,0,5,30,28512
2,0,5,31,28414
2,0,6,0,28328
2,0,6,1,28325
2,0,6,2,28176
2,0,6,3,28023
2,0,6,4,28065
2,0,6,5,28358
2,0,6,6,28318
2,0,6,7,28127
2,0,6,8,28366
2,0,6,9,28156
2,0,6,10,28446
2,0,6,11,28436
2,0,6,12,28437
2,0,6,13,28433
2,0,6,14,28422
2,0,6,15,28424
2,0,6,16,28076
2,0,6,17,28208
2,0,6,18,28408
2,0,6,19,28217
2,0,6,20,28206
2,0,6,21,28170
2,0,6,22,28267
2,0,6,23,28449
2,0,6,24,28434
2,0,6,25,28427
2,0,6,26,28308
2,0,6,27,28104
2,0,6,28,28424
2,0,6,29,28362
2,0,6,30,28397
2,0,6,31,28422
2,1,6,0,28379
2,1,6,1,28388
2,1,6,2,28073
2,1,6,3,27983
2,1,6,4,28103
2,1,6,5,28018
2,1,6,6,27909
2,1,6,7,28165
2,1,6,8,27872
2,1,6,9,27800
2,1,6,10,28023
2,1,6,11,28276
2,1,6,12,27876
2,1,6,13,28376
2,1,6,14,28304
2,1,6,15,28081
2,1,6,16,27945
2,1,6,17,28366
2,1,6,18,28346
2,1,6,19,28280
2,1,6,20,28416
2,1,6,21,28363
2,1,6,22,28383
2,1,6,23,28449
2,1,6,24,28417
2,1,6,25,28442
2,1,6,26,28150
2,1,6,27,27998
2,1,6,28,28404
2,1,6,29,28332
2,1,6,30,28345
2,1,6,31,28370
2,2,6,0,28263
2,2,6,1,28374
2,2,6,2,28483
2,2,6,3,28356
2,2,6,4,28330
2,2,6,5,28201
2,2,6,6,27809
2,2,6,7,28069
2,2,6,8,28302
2,2,6,9,28345
2,2,6,10,28147
2,2,6,11,28081
2,2,6,12,28273
2,2,6,13,28237
2,2,6,14,27956
2,2,6,15,28360
2,2,6,16,28280
2,2,6,17,28407
2,2,6,18,28318
2,2,6,19,28363
2,2,6,20,28365
2,2,6,21,27894
2,2,6,22,28328
2,2,6,23,28121
2,2,6,24,27995
2,2,6,25,27944
2,2,6,26,27994
2,2,6,27,27994
2,2,6,28,28564
2,2,6,29,27995
2,2,6,30,27935
2,2,6,31,28330
2,3,6,0,28121
2,3,6,1,28400
2,3,6,2,28391
2,3,6,3,28378
2,3,6,4,28415
2,3,6,5,28382
2,3,6,6,28363
2,3,6,7,27882
2,3,6,8,28368
2,3,6,9,28150
2,3,6,10,28361
2,3,6,11,28324
2,3,6,12,28433
2,3,6,13,28388
2,3,6,14,27830
2,3,6,15,28486
2,3,6,16,27788
2,3,6,17,28177
2,3,6,18,28064
2,3,6,19,28081
2,3,6,20,27915
2,3,6,21,28343
2,3,6,22,27927
2,3,6,23,28387
2,3,6,24,28313
2,3,6,25,27981
2,3,6,26,28000
2,3,6,27,27890
2,3,6,28,27830
2,3,6,29,27903
2,3,6,30,27865
2,3,6,31,27950
2,3,7,0,27964
2,3,7,1,27914
2,3,7,2,28254
2,3,7,3,28363
2,3,7,4,28512
2,3,7,5,28400
2,3,7,6,28435
2,3,7,7,27882
2,3,7,8,28345
2,3,7,9,27842
2,3,7,10,28283
2,3,7,11,28264
2,3,7,12,27765
2,3,7,13,28333
2,3,7,14,28306
2,3,7,15,28278
2,3,7,16,27979
2,3,7,17,27943
2,3,7,18,28427
2,3,7,19,28093
2,3,7,20,28309
2,3,7,21,28012
2,3,7,22,28814
2,3,7,23,27939
2,3,7,24,28105
2,3,7,25,28357
2,3,7,26,27969
2,3,7,27,28140
2,3,7,28,27999
2,3,7,29,28480
2,3,7,30,28435
2,3,7,31,28439
2,2,7,0,27876
2,2,7,1,27840
2,2,7,2,28281
2,2,7,3,28287
2,2,7,4,28268
2,2,7,5,28345
2,2,7,6,27930
2,2,7,7,28394
2,2,7,8,39483
2,2,7,9,28336
2,2,7,10,28345
2,2,7,11,28011
2,2,7,12,28114
2,2,7,13,27808
2,2,7,14,28374
2,2,7,15,28341
2,2,7,16,28432
2,2,7,17,28254
2,2,7,18,27901
2,2,7,19,28279
2,2,7,20,28328
2,2,7,21,28362
2,2,7,22,27880
2,2,7,23,28276
2,2,7,24,28298
2,2,7,25,28036
2,2,7,26,28363
2,2,7,27,27864
2,2,7,28,28341
2,2,7,29,28321
2,2,7,30,28406
2,2,7,31,27879
2,1,7,0,27974
2,1,7,1,28322
2,1,7,2,27964
2,1,7,3,28019
2,1,7,4,27961
2,1,7,5,28317
2,1,7,6,27893
2,1,7,7,27913
2,1,7,8,27941
2,1,7,9,27816
2,1,7,10,27870
2,1,7,11,27947
2,1,7,12,27987
2,1,7,13,28394
2,1,7,14,27895
2,1,7,15,28319
2,1,7,16,28892
2,1,7,17,28384
2,1,7,18,28349
2,1,7,19,28444
2,1,7,20,27813
2,1,7,21,28398
2,1,7,22,27959
2,1,7,23,28442
2,1,7,24,28305
2,1,7,25,28489
2,1,7,26,28384
2,1,7,27,28402
2,1,7,28,28414
2,1,7,29,28420
2,1,7,30,28403
2,1,7,31,28420
2,0,7,0,28068
2,0,7,1,28129
2,0,7,2,28106
2,0,7,3,28341
2,0,7,4,39171
2,0,7,5,28258
2,0,7,6,28027
2,0,7,7,28240
2,0,7,8,28385
2,0,7,9,28337
2,0,7,10,28128
2,0,7,11,28221
2,0,7,12,28445
2,0,7,13,28430
2,0,7,14,28070
2,0,7,15,28319
2,0,7,16,28215
2,0,7,17,28401
2,0,7,18,28344
2,0,7,19,28144
2,0,7,20,28121
2,0,7,21,28466
2,0,7,22,27921
2,0,7,23,28063
2,0,7,24,28175
2,0,7,25,28259
2,0,7,26,28358
2,0,7,27,28234
2,0,7,28,28369
2,0,7,29,28270
2,0,7,30,28336
2,0,7,31,28363
3,0,0,0,19554
3,0,0,1,19682
3,0,0,2,19527
3,0,0,3,19527
3,0,0,4,19394
3,0,0,5,19487
3,0,0,6,19205
3,0,0,7,19580
3,0,0,8,19372
3,0,0,9,19943
3,0,0,10,19364
3,0,0,11,19613
3,0,0,12,19996
3,0,0,13,19605
3,0,0,14,19692
3,0,0,15,19989
3,0,0,16,19332
3,0,0,17,19613
3,0,0,18,19427
3,0,0,19,19321
3,0,0,20,19557
3,0,0,21,19617
3,0,0,22,19603
3,0,0,23,19499
3,0,0,24,19532
3,0,0,25,19712
3,0,0,26,19551
3,0,0,27,19419
3,0,0,28,19666
3,0,0,29,19517
3,0,0,30,19529
3,0,0,31,19574
3,1,0,0,19301
3,1,0,1,19635
3,1,0,2,19404
3,1,0,3,19302
3,1,0,4,19240
3,1,0,5,19273
3,1,0,6,19255
3,1,0,7,19214
3,1,0,8,19492
3,1,0,9,19294
3,1,0,10,19438
3,1,0,11,19487
3,1,0,12,19294
3,1,0,13,19213
3,1,0,14,19596
3,1,0,15,19561
3,1,0,16,30400
3,1,0,17,19587
3,1,0,18,19459
3,1,0,19,19568
3,1,0,20,19587
3,1,0,21,19607
3,1,0,22,19690
3,1,0,23,19656
3,1,0,24,19572
3,1,0,25,19456
3,1,0,26,19572
3,1,0,27,19639
3,1,0,28,19535
3,1,0,29,19611
3,1,0,30,19769
3,1,0,31,19688
3,2,0,0,19638
3,2,0,1,19417
3,2,0,2,19679
3,2,0,3,19601
3,2,0,4,19682
3,2,0,5,19212
3,2,0,6,19182
3,2,0,7,19389
3,2,0,8,19593
3,2,0,9,19611
3,2,0,10,19419
3,2,0,11,19668
3,2,0,12,19569
3,2,0,13,19451
3,2,0,14,19530
3,2,0,15,19559
3,2,0,16,19605
3,2,0,17,19548
3,2,0,18,19715
3,2,0,19,19485
3,2,0,20,19483
3,2,0,21,19318
3,2,0,22,19293
3,2,0,23,19579
3,2,0,24,19367
3,2,0,25,19547
3,2,0,26,19614
3,2,0,27,19368
3,2,0,28,19453
3,2,0,29,19475
3,2,0,30,19548
3,2,0,31,19586
3,3,0,0,19507
3,3,0,1,19667
3,3,0,2,19599
3,3,0,3,19364
3,3,0,4,19545
3,3,0,5,19574
3,3,0,6,19330
3,3,0,7,19424
3,3,0,8,19275
3,3,0,9,19256
3,3,0,10,19197
3,3,0,11,19422
3,3,0,12,19415
3,3,0,13,19624
3,3,0,14,19322
3,3,0,15,19328
3,3,0,16,19616
3,3,0,17,19517
3,3,0,18,19454
3,3,0,19,19496
3,3,0,20,19330
3,3,0,21,19235
3,3,0,22,19423
3,3,0,23,19398
3,3,0,24,19252
3,3,0,25,19197
3,3,0,26,19516
3,3,0,27,19545
3,3,0,28,19558
3,3,0,29,19457
3,3,0,30,19558
3,3,0,31,19485
3,3,1,0,19488
3,3,1,1,19540
3,3,1,2,19273
3,3,1,3,19393
3,3,1,4,19353
3,3,1,5,19573
3,3,1,6,19499
3,3,1,7,19473
3,3,1,8,19543
3,3,1,9,19624
3,3,1,10,19174
3,3,1,11,19625
3,3,1,12,19328
3,3,1,13,19321
3,3,1,14,19473
3,3,1,15,19295
3,3,1,16,19550
3,3,1,17,19579
3,3,1,18,19619
3,3,1,19,19466
3,3,1,20,19322
3,3,1,21,19630
3,3,1,22,19505
3,3,1,23,19763
3,3,1,24,19604
3,3,1,25,19547
3,3,1,26,19536
3,3,1,27,19782
3,3,1,28,19557
3,3,1,29,19593
3,3,1,30,19487
3,3,1,31,19575
3,2,1,0,19569
3,2,1,1,19599
3,2,1,2,19549
3,2,1,3,19539
3,2,1,4,19458
3,2,1,5,19613
3,2,1,6,19630
3,2,1,7,19537
3,2,1,8,19628
3,2,1,9,19561
3,2,1,10,19604
3,2,1,11,19636
3,2,1,12,19594
3,2,1,13,19441
3,2,1,14,19559
3,2,1,15,19525
3,2,1,16,19543
3,2,1,17,19602
3,2,1,18,19417
3,2,1,19,19561
3,2,1,20,19895
3,2,1,21,19553
3,2,1,22,19216
3,2,1,23,19512
3,2,1,24,19306
3,2,1,25,19660
3,2,1,26,19565
3,2,1,27,19555
3,2,1,28,19222
3,2,1,29,19430
3,2,1,30,19595
3,2,1,31,19618
3,1,1,0,19209
3,1,1,1,19453
3,1,1,2,19568
3,1,1,3,19734
3,1,1,4,19404
3,1,1,5,19254
3,1,1,6,19514
3,1,1,7,19456
3,1,1,8,19538
3,1,1,9,19553
3,1,1,10,19703
3,1,1,11,19608
3,1,1,12,19558
3,1,1,13,19551
3,1,1,14,19214
3,1,1,15,19317
3,1,1,16,19402
3,1,1,17,19283
3,1,1,18,19250
3,1,1,19,19231
3,1,1,20,19528
3,1,1,21,19641
3,1,1,22,19436
3,1,1,23,19180
3,1,1,24,19349
3,1,1,25,19602
3,1,1,26,30347
3,1,1,27,19567
3,1,1,28,19395
3,1,1,29,19543
3,1,1,30,19097
3,1,1,31,19319
3,0,1,0,19633
3,0,1,1,19581
3,0,1,2,19595
3,0,1,3,19409
3,0,1,4,19323
3,0,1,5,19445
3,0,1,6,19581
3,0,1,7,19511
3,0,1,8,19567
3,0,1,9,19696
3,0,1,10,19476
3,0,1,11,19572
3,0,1,12,19385
3,0,1,13,19365
3,0,1,14,19629
3,0,1,15,19385
3,0,1,16,19224
3,0,1,17,19233
3,0,1,18,19428
3,0,1,19,19502
3,0,1,20,19287
3,0,1,21,19275
3,0,1,22,19194
3,0,1,23,19237
3,0,1,24,19263
3,0,1,25,19301
3,0,1,26,19222
3,0,1,27,19208
3,0,1,28,19287
3,0,1,29,19535
3,0,1,30,19344
3,0,1,31,19343
3,0,2,0,19501
3,0,2,1,19286
3,0,2,2,19259
3,0,2,3,19169
3,0,2,4,19245
3,0,2,5,19587
3,0,2,6,19222
3,0,2,7,19272
3,0,2,8,19617
3,0,2,9,19202
3,0,2,10,19322
3,0,2,11,19321
3,0,2,12,19247
3,0,2,13,19280
3,0,2,14,19242
3,0,2,15,19268
3,0,2,16,19550
3,0,2,17,19302
3,0,2,18,19435
3,0,2,19,19455
3,0,2,20,19294
3,0,2,21,19275
3,0,2,22,19358
3,0,2,23,19381
3,0,2,24,19272
3,0,2,25,19273
3,0,2,26,19342
3,0,2,27,19430
3,0,2,28,19372
3,0,2,29,19589
3,0,2,30,19218
3,0,2,31,19513
3,1,2,0,19205
3,1,2,1,19490
3,1,2,2,19335
3,1,2,3,19605
3,1,2,4,19668
3,1,2,5,19504
3,1,2,6,19490
3,1,2,7,19254
3,1,2,8,19486
3,1,2,9,19361
3,1,2,10,19527
3,1,2,11,19548
3,1,2,12,19614
3,1,2,13,19694
3,1,2,14,19536
3,1,2,15,19542
3,1,2,16,19301
3,1,2,17,19575
3,1,2,18,19522
3,1,2,19,19526
3,1,2,20,19660
3,1,2,21,19483
3,1,2,22,19518
3,1,2,23,19232
3,1,2,24,19711
3,1,2,25,19546
3,1,2,26,19539
3,1,2,27,19216
3,1,2,28,19199
3,1,2,29,19641
3,1,2,30,19602
3,1,2,31,19241
3,2,2,0,19600
3,2,2,1,19483
3,2,2,2,19519
3,2,2,3,19647
3,2,2,4,19558
3,2,2,5,19238
3,2,2,6,19453
3,2,2,7,19216
3,2,2,8,19536
3,2,2,9,19277
3,2,2,10,19234
3,2,2,11,19567
3,2,2,12,19191
3,2,2,13,19180
3,2,2,14,19450
3,2,2,15,19471
3,2,2,16,19696
3,2,2,17,19332
3,2,2,18,19571
3,2,2,19,19433
3,2,2,20,19448
3,2,2,21,19655
3,2,2,22,19562
3,2,2,23,19433
3,2,2,24,19427
3,2,2,25,19883
3,2,2,26,19498
3,2,2,27,19373
3,2,2,28,19695
3,2,2,29,19256
3,2,2,30,19617
3,2,2,31,19327
3,3,2,0,19233
3,3,2,1,19304
3,3,2,2,19700
3,3,2,3,19508
3,3,2,4,19356
3,3,2,5,19373
3,3,2,6,19384
3,3,2,7,19546
3,3,2,8,19394
3,3,2,9,19290
3,3,2,10,19678
3,3,2,11,19344
3,3,2,12,19183
3,3,2,13,19366
3,3,2,14,19460
3,3,2,15,19269
3,3,2,16,19312
3,3,2,17,19515
3,3,2,18,19305
3,3,2,19,19323
3,3,2,20,19209
3,3,2,21,19231
3,3,2,22,19202
3,3,2,23,19474
3,3,2,24,19409
3,3,2,25,19224
3,3,2,26,19363
3,3,2,27,19447
3,3,2,28,19687
3,3,2,29,19513
3,3,2,30,19542
3,3,2,31,19232
3,3,3,0,19567
3,3,3,1,19305
3,3,3,2,19540
3,3,3,3,19616
3,3,3,4,19213
3,3,3,5,19561
3,3,3,6,19554
3,3,3,7,19324
3,3,3,8,19511
3,3,3,9,19323
3,3,3,10,19320
3,3,3,11,19330
3,3,3,12,19251
3,3,3,13,19336
3,3,3,14,19387
3,3,3,15,19581
3,3,3,16,19637
3,3,3,17,19258
3,3,3,18,19147
3,3,3,19,19241
3,3,3,20,19602
3,3,3,21,19217
3,3,3,22,19255
3,3,3,23,19595
3,3,3,24,19316
3,3,3,25,19270
3,3,3,26,19231
3,3,3,27,19231
3,3,3,28,19247
3,3,3,29,19174
3,3,3,30,19320
3,3,3,31,19293
3,2,3,0,19488
3,2,3,1,19384
3,2,3,2,19555
3,2,3,3,19618
3,2,3,4,19281
3,2,3,5,19175
3,2,3,6,19275
3,2,3,7,19489
3,2,3,8,19178
3,2,3,9,19265
3,2,3,10,19136
3,2,3,11,19788
3,2,3,12,19383
3,2,3,13,19500
3,2,3,14,19496
3,2,3,15,19341
3,2,3,16,19383
3,2,3,17,19234
3,2,3,18,19748
3,2,3,19,19206
3,2,3,20,19201
3,2,3,21,19307
3,2,3,22,19370
3,2,3,23,19203
3,2,3,24,19152
3,2,3,25,19263
3,2,3,26,19162
3,2,3,27,19186
3,2,3,28,19241
3,2,3,29,19236
3,2,3,30,19592
3,2,3,31,19268
3,1,3,0,19602
3,1,3,1,19541
3,1,3,2,19573
3,1,3,3,19698
3,1,3,4,19596
3,1,3,5,19417
3,1,3,6,19224
3,1,3,7,19311
3,1,3,8,19298
3,1,3,9,19337
3,1,3,10,19320
3,1,3,11,19588
3,1,3,12,19735
3,1,3,13,19516
3,1,3,14,19451
3,1,3,15,19548
3,1,3,16,19665
3,1,3,17,19541
3,1,3,18,19656
3,1,3,19,19314
3,1,3,20,19758
3,1,3,21,19340
3,1,3,22,19446
3,1,3,23,19163
3,1,3,24,19505
3,1,3,25,19290
3,1,3,26,19332
3,1,3,27,19405
3,1,3,28,19248
3,1,3,29,19257
3,1,3,30,19256
3,1,3,31,19381
3,0,3,0,19709
3,0,3,1,19603
3,0,3,2,19651
3,0,3,3,19422
3,0,3,4,19547
3,0,3,5,19294
3,0,3,6,19712
3,0,3,7,19601
3,0,3,8,19565
3,0,3,9,19599
3,0,3,10,19313
3,0,3,11,19222
3,0,3,12,19591
3,0,3,13,19203
3,0,3,14,19617
3,0,3,15,19487
3,0,3,16,19557
3,0,3,17,19259
3,0,3,18,19515
3,0,3,19,19656
3,0,3,20,19452
3,0,3,21,19492
3,0,3,22,19580
3,0,3,23,19242
3,0,3,24,19425
3,0,3,25,19457
3,0,3,26,19239
3,0,3,27,19579
3,0,3,28,19471
3,0,3,29,19602
3,0,3,30,19556
3,0,3,31,19935
3,0,4,0,19555
3,0,4,1,19610
3,0,4,2,19605
3,0,4,3,19649
3,0,4,4,19481
3,0,4,5,19242
3,0,4,6,19336
3,0,4,7,19610
3,0,4,8,19643
3,0,4,9,19649
3,0,4,10,19211
3,0,4,11,19673
3,0,4,12,19582
3,0,4,13,19279
3,0,4,14,19431
3,0,4,15,19320
3,0,4,16,19729
3,0,4,17,19242
3,0,4,18,19632
3,0,4,19,19565
3,0,4,20,19521
3,0,4,21,19469
3,0,4,22,19610
3,0,4,23,19460
3,0,4,24,19450
3,0,4,25,19486
3,0,4,26,19508
3,0,4,27,19292
3,0,4,28,19381
3,0,4,29,19274
3,0,4,30,19268
3,0,4,31,19407
3,1,4,0,19671
3,1,4,1,19535
3,1,4,2,19227
3,1,4,3,19512
3,1,4,4,19232
3,1,4,5,19592
3,1,4,6,19525
3,1,4,7,19392
3,1,4,8,19370
3,1,4,9,19243
3,1,4,10,19283
3,1,4,11,19270
3,1,4,12,19202
3,1,4,13,19179
3,1,4,14,19446
3,1,4,15,19361
3,1,4,16,19351
3,1,4,17,19191
3,1,4,18,19307
3,1,4,19,19561
3,1,4,20,19596
3,1,4,21,19545
3,1,4,22,19518
3,1,4,23,19229
3,1,4,24,19541
3,1,4,25,19525
3,1,4,26,19557
3,1,4,27,19585
3,1,4,28,19439
3,1,4,29,19436
3,1,4,30,19385
3,1,4,31,19466
3,2,4,0,19256
3,2,4,1,19286
3,2,4,2,19397
3,2,4,3,19409
3,2,4,4,19596
3,2,4,5,19274
3,2,4,6,19228
3,2,4,7,19533
3,2,4,8,19215
3,2,4,9,19329
3,2,4,10,19150
3,2,4,11,19244
3,2,4,12,19206
3,2,4,13,19540
3,2,4,14,19718
3,2,4,15,19631
3,2,4,16,19626
3,2,4,17,19693
3,2,4,18,19375
3,2,4,19,19340
3,2,4,20,19294
3,2,4,21,19541
3,2,4,22,19523
3,2,4,23,19333
3,2,4,24,19609
3,2,4,25,19667
3,2,4,26,19200
3,2,4,27,19193
3,2,4,28,19195
3,2,4,29,19631
3,2,4,30,19295
3,2,4,31,19541
3,3,4,0,19179
3,3,4,1,19442
3,3,4,2,19505
3,3,4,3,19492
3,3,4,4,19585
3,3,4,5,19500
3,3,4,6,19443
3,3,4,7,19229
3,3,4,8,19418
3,3,4,9,19475
3,3,4,10,19488
3,3,4,11,19591
3,3,4,12,19635
3,3,4,13,19548
3,3,4,14,19539
3,3,4,15,19647
3,3,4,16,19427
3,3,4,17,19732
3,3,4,18,19366
3,3,4,19,19589
3,3,4,20,19334
3,3,4,21,19639
3,3,4,22,19562
3,3,4,23,19269
3,3,4,24,19197
3,3,4,25,19539
3,3,4,26,19661
3,3,4,27,19255
3,3,4,28,19432
3,3,4,29,19288
3,3,4,30,19577
3,3,4,31,19534
3,3,5,0,19500
3,3,5,1,19541
3,3,5,2,19656
3,3,5,3,19402
3,3,5,4,19535
3,3,5,5,19549
3,3,5,6,19680
3,3,5,7,19390
3,3,5,8,19564
3,3,5,9,19450
3,3,5,10,19326
3,3,5,11,19485
3,3,5,12,19251
3,3,5,13,19520
3,3,5,14,19337
3,3,5,15,19348
3,3,5,16,19556
3,3,5,17,19298
3,3,5,18,19263
3,3,5,19,19521
3,3,5,20,19107
3,3,5,21,19516
3,3,5,22,19667
3,3,5,23,19426
3,3,5,24,19194
3,3,5,25,19278
3,3,5,26,19367
3,3,5,27,19561
3,3,5,28,19356
3,3,5,29,19500
3,3,5,30,19181
3,3,5,31,19654
3,2,5,0,19200
3,2,5,1,19678
3,2,5,2,20032
3,2,5,3,19258
3,2,5,4,19263
3,2,5,5,19629
3,2,5,6,19584
3,2,5,7,19649
3,2,5,8,19646
3,2,5,9,19582
3,2,5,10,19550
3,2,5,11,19557
3,2,5,12,19642
3,2,5,13,19518
3,2,5,14,19638
3,2,5,15,19708
3,2,5,16,19647
3,2,5,17,19560
3,2,5,18,19622
3,2,5,19,19508
3,2,5,20,19598
3,2,5,21,19497
3,2,5,22,19555
3,2,5,23,19540
3,2,5,24,19204
3,2,5,25,19525
3,2,5,26,19424
3,2,5,27,19546
3,2,5,28,19503
3,2,5,29,19787
3,2,5,30,19543
3,2,5,31,19534
3,1,5,0,19576
3,1,5,1,19578
3,1,5,2,19619
3,1,5,3,19662
3,1,5,4,19457
3,1,5,5,19238
3,1,5,6,19647
3,1,5,7,19608
3,1,5,8,19499
3,1,5,9,19562
3,1,5,10,19695
3,1,5,11,19607
3,1,5,12,19522
3,1,5,13,19685
3,1,5,14,19515
3,1,5,15,19544
3,1,5,16,19748
3,1,5,17,19467
3,1,5,18,19233
3,1,5,19,19282
3,1,5,20,19331
3,1,5,21,19229
3,1,5,22,19255
3,1,5,23,19425
3,1,5,24,19282
3,1,5,25,19568
3,1,5,26,19261
3,1,5,27,19260
3,1,5,28,19227
3,1,5,29,19282
3,1,5,30,19541
3,1,5,31,19545
3,0,5,0,19525
3,0,5,1,19542
3,0,5,2,19210
3,0,5,3,19586
3,0,5,4,19421
3,0,5,5,19406
3,0,5,6,19492
3,0,5,7,19350
3,0,5,8,19640
3,0,5,9,19454
3,0,5,10,19236
3,0,5,11,19484
3,0,5,12,19277
3,0,5,13,19188
3,0,5,14,19324
3,0,5,15,19533
3,0,5,16,19211
3,0,5,17,19285
3,0,5,18,19259
3,0,5,19,19256
3,0,5,20,19271
3,0,5,21,19353
3,0,5,22,19869
3,0,5,23,19417
3,0,5,24,19509
3,0,5,25,19495
3,0,5,26,19174
3,0,5,27,19236
3,0,5,28,19381
3,0,5,29,19448
3,0,5,30,19294
3,0,5,31,19203
3,0,6,0,19536
3,0,6,1,19206
3,0,6,2,19550
3,0,6,3,19543
3,0,6,4,19585
3,0,6,5,19251
3,0,6,6,19132
3,0,6,7,19271
3,0,6,8,19231
3,0,6,9,19437
3,0,6,10,19276
3,0,6,11,19701
3,0,6,12,19465
3,0,6,13,19490
3,0,6,14,19245
3,0,6,15,19187
3,0,6,16,19262
3,0,6,17,19165
3,0,6,18,19493
3,0,6,19,19704
3,0,6,20,19259
3,0,6,21,19393
3,0,6,22,19268
3,0,6,23,19253
3,0,6,24,19375
3,0,6,25,19203
3,0,6,26,19456
3,0,6,27,19572
3,0,6,28,19240
3,0,6,29,19447
3,0,6,30,19539
3,0,6,31,19231
3,1,6,0,19295
3,1,6,1,19379
3,1,6,2,19422
3,1,6,3,19538
3,1,6,4,19283
3,1,6,5,19200
3,1,6,6,19396
3,1,6,7,19322
3,1,6,8,19278
3,1,6,9,19379
3,1,6,10,19423
3,1,6,11,19522
3,1,6,12,19288
3,1,6,13,19512
3,1,6,14,19229
3,1,6,15,19353
3,1,6,16,19383
3,1,6,17,19321
3,1,6,18,19630
3,1,6,19,19508
3,1,6,20,19522
3,1,6,21,19621
3,1,6,22,19566
3,1,6,23,19598
3,1,6,24,19509
3,1,6,25,19608
3,1,6,26,19656
3,1,6,27,19542
3,1,6,28,19544
3,1,6,29,19620
3,1,6,30,19233
3,1,6,31,19727
3,2,6,0,19574
3,2,6,1,19281
3,2,6,2,19672
3,2,6,3,19495
3,2,6,4,19557
3,2,6,5,19480
3,2,6,6,19239
3,2,6,7,19517
3,2,6,8,19582
3,2,6,9,19561
3,2,6,10,19266
3,2,6,11,19568
3,2,6,12,19218
3,2,6,13,19284
3,2,6,14,19503
3,2,6,15,19615
3,2,6,16,19228
3,2,6,17,19577
3,2,6,18,19294
3,2,6,19,19200
3,2,6,20,19589
3,2,6,21,19688
3,2,6,22,19445
3,2,6,23,19630
3,2,6,24,19323
3,2,6,25,19215
3,2,6,26,19440
3,2,6,27,19583
3,2,6,28,19523
3,2,6,29,19582
3,2,6,30,19571
3,2,6,31,19238
3,3,6,0,19599
3,3,6,1,19647
3,3,6,2,19210
3,3,6,3,19518
3,3,6,4,19586
3,3,6,5,19434
3,3,6,6,19722
3,3,6,7,19594
3,3,6,8,19601
3,3,6,9,19461
3,3,6,10,19363
3,3,6,11,19469
3,3,6,12,19578
3,3,6,13,19180
3,3,6,14,19585
3,3,6,15,19600
3,3,6,16,19549
3,3,6,17,19518
3,3,6,18,19687
3,3,6,19,19612
3,3,6,20,19235
3,3,6,21,19539
3,3,6,22,19668
3,3,6,23,19576
3,3,6,24,19286
3,3,6,25,19220
3,3,6,26,19232
3,3,6,27,19395
3,3,6,28,19401
3,3,6,29,19291
3,3,6,30,19257
3,3,6,31,19481
3,3,7,0,19538
3,3,7,1,19681
3,3,7,2,19530
3,3,7,3,19581
3,3,7,4,19746
3,3,7,5,19550
3,3,7,6,19701
3,3,7,7,19277
3,3,7,8,19610
3,3,7,9,19478
3,3,7,10,19533
3,3,7,11,19580
3,3,7,12,19582
3,3,7,13,19503
3,3,7,14,19617
3,3,7,15,19516
3,3,7,16,19672
3,3,7,17,19227
3,3,7,18,19576
3,3,7,19,19574
3,3,7,20,19542
3,3,7,21,19218
3,3,7,22,19534
3,3,7,23,19595
3,3,7,24,19619
3,3,7,25,19560
3,3,7,26,19638
3,3,7,27,19561
3,3,7,28,20189
3,3,7,29,19739
3,3,7,30,19685
3,3,7,31,19638
3,2,7,0,19254
3,2,7,1,19416
3,2,7,2,19239
3,2,7,3,19480
3,2,7,4,19448
3,2,7,5,19581
3,2,7,6,19502
3,2,7,7,19682
3,2,7,8,19301
3,2,7,9,19181
3,2,7,10,19291
3,2,7,11,19289
3,2,7,12,19155
3,2,7,13,19537
3,2,7,14,19469
3,2,7,15,19191
3,2,7,16,19236
3,2,7,17,19656
3,2,7,18,19576
3,2,7,19,19341
3,2,7,20,19252
3,2,7,21,19518
3,2,7,22,19520
3,2,7,23,19510
3,2,7,24,19200
3,2,7,25,19664
3,2,7,26,19584
3,2,7,27,19499
3,2,7,28,19415
3,2,7,29,19542
3,2,7,30,19535
3,2,7,31,19289
3,1,7,0,19223
3,1,7,1,19518
3,1,7,2,19502
3,1,7,3,19563
3,1,7,4,19781
3,1,7,5,19552
3,1,7,6,19549
3,1,7,7,19544
3,1,7,8,19329
3,1,7,9,19593
3,1,7,10,19263
3,1,7,11,19242
3,1,7,12,19609
3,1,7,13,19274
3,1,7,14,19238
3,1,7,15,19682
3,1,7,16,19695
3,1,7,17,19660
3,1,7,18,19579
3,1,7,19,19558
3,1,7,20,19539
3,1,7,21,19608
3,1,7,22,19786
3,1,7,23,19558
3,1,7,24,19596
3,1,7,25,19500
3,1,7,26,19567
3,1,7,27,19479
3,1,7,28,19663
3,1,7,29,19572
3,1,7,30,19519
3,1,7,31,19621
3,0,7,0,19489
3,0,7,1,19394
3,0,7,2,19293
3,0,7,3,19360
3,0,7,4,19324
3,0,7,5,19187
3,0,7,6,19255
3,0,7,7,19341
3,0,7,8,19444
3,0,7,9,19194
3,0,7,10,19288
3,0,7,11,19272
3,0,7,12,19447
3,0,7,13,20146
3,0,7,14,19446
3,0,7,15,19561
3,0,7,16,19469
3,0,7,17,19609
3,0,7,18,19247
3,0,7,19,19180
3,0,7,20,19438
3,0,7,21,19340
3,0,7,22,19265
3,0,7,23,19339
3,0,7,24,19474
3,0,7,25,19429
3,0,7,26,19322
3,0,7,27,19516
3,0,7,28,19457
3,0,7,29,19336
3,0,7,30,19283
3,0,7,31,19263
