=== Mon Sep 21 13:27:29 CST 2026 === starting
=== Mon Sep 21 13:27:29 CST 2026 === amd64 crypto_kem/ntruplus768
=== Mon Sep 21 13:27:29 CST 2026 === sticky crypto_kem/ntruplus768/aarch64
=== Mon Sep 21 13:27:29 CST 2026 === sticky crypto_kem/ntruplus768/avx2-gt32-clean
=== Mon Sep 21 13:27:29 CST 2026 === sticky crypto_kem/ntruplus768/avx2-gt32-encap-wavefront1-exp-sc20260831
=== Mon Sep 21 13:27:29 CST 2026 === amd64 crypto_kem/ntruplus768/avx2 constbranchindex
=== Mon Sep 21 13:27:29 CST 2026 === amd64 crypto_kem/ntruplus768/avx2 constbranchindex gcc -march=native -mtune=native -O3 -fwrapv -fPIC -fPIE -gdwarf-4 -Wall
=== Mon Sep 21 13:27:33 CST 2026 === amd64 crypto_kem/ntruplus768/avx2 constbranchindex gcc -march=native -mtune=native -Os -fwrapv -fPIC -fPIE -gdwarf-4 -Wall
=== Mon Sep 21 13:27:37 CST 2026 === amd64 crypto_kem/ntruplus768/avx2 constbranchindex gcc -march=native -mtune=native -O2 -fwrapv -fPIC -fPIE -gdwarf-4 -Wall
=== Mon Sep 21 13:27:41 CST 2026 === amd64 crypto_kem/ntruplus768/avx2 constbranchindex gcc -march=native -mtune=native -O -fwrapv -fPIC -fPIE -gdwarf-4 -Wall
=== Mon Sep 21 13:27:44 CST 2026 === sticky crypto_kem/ntruplus768/opt
=== Mon Sep 21 13:27:44 CST 2026 === sticky crypto_kem/ntruplus768/ref
=== Mon Sep 21 13:27:44 CST 2026 === amd64 crypto_kem/ntruplus768 constbranchindex measuring
=== Mon Sep 21 13:27:44 CST 2026 === sticky crypto_kem/ntruplus768/aarch64
=== Mon Sep 21 13:27:44 CST 2026 === sticky crypto_kem/ntruplus768/avx2-gt32-clean
=== Mon Sep 21 13:27:44 CST 2026 === sticky crypto_kem/ntruplus768/avx2-gt32-encap-wavefront1-exp-sc20260831
=== Mon Sep 21 13:27:44 CST 2026 === sticky crypto_kem/ntruplus768/opt
=== Mon Sep 21 13:27:44 CST 2026 === sticky crypto_kem/ntruplus768/ref
=== Mon Sep 21 13:27:44 CST 2026 === finishing
=== Mon Sep 21 13:27:44 CST 2026 === database size for this run:   388  4640 89620 /home/nuc/src/ntru_plus/results/encap-wavefront-native-20260921/supercop/bench/nucpromtlhcubinucai1ummsb209/data
