cpucycles tracesetup 0 amd64-perfpmcff precision 0 scaling 0.000000 only32 0
cpucycles tracesetup 1 amd64-perfpmc precision 0 scaling 0.000000 only32 0
cpucycles tracesetup 2 amd64-pmcff precision 0 scaling 0.000000 only32 0
cpucycles tracesetup 3 amd64-tsc precision 1016 scaling 0.467415 only32 0
cpucycles tracesetup 4 amd64-tscasm precision 1026 scaling 0.467415 only32 0
cpucycles tracesetup 5 default-perfevent precision 204 scaling 1.000000 only32 0
cpucycles tracesetup 6 default-mach precision 0 scaling 0.000000 only32 0
cpucycles tracesetup 7 default-monotonic precision 1075 scaling 1.400000 only32 0
cpucycles tracesetup 8 default-gettimeofday precision 2440 scaling 1400.000000 only32 0
cpucycles tracesetup 9 default-zero precision 0 scaling 0.000000 only32 0
region,variant,block,observation,cycles
0,0,0,0,1021
0,0,0,1,960
0,0,0,2,960
0,0,0,3,964
0,0,0,4,979
0,0,0,5,963
0,0,0,6,974
0,0,0,7,970
0,0,0,8,957
0,0,0,9,967
0,0,0,10,977
0,0,0,11,972
0,0,0,12,962
0,0,0,13,975
0,0,0,14,968
0,0,0,15,965
0,0,0,16,976
0,0,0,17,951
0,0,0,18,958
0,0,0,19,962
0,0,0,20,980
0,0,0,21,963
0,0,0,22,966
0,0,0,23,975
0,0,0,24,990
0,0,0,25,972
0,0,0,26,974
0,0,0,27,967
0,0,0,28,965
0,0,0,29,979
0,0,0,30,984
0,0,0,31,968
0,0,0,32,960
0,0,0,33,983
0,0,0,34,982
0,0,0,35,984
0,0,0,36,958
0,0,0,37,979
0,0,0,38,982
0,0,0,39,949
0,0,0,40,977
0,0,0,41,971
0,0,0,42,980
0,0,0,43,952
0,0,0,44,969
0,0,0,45,979
0,0,0,46,965
0,0,0,47,966
0,0,0,48,964
0,0,0,49,965
0,0,0,50,981
0,0,0,51,960
0,0,0,52,971
0,0,0,53,959
0,0,0,54,951
0,0,0,55,979
0,0,0,56,977
0,0,0,57,978
0,0,0,58,958
0,0,0,59,972
0,0,0,60,974
0,0,0,61,979
0,0,0,62,964
0,0,0,63,960
0,1,0,0,1008
0,1,0,1,1006
0,1,0,2,988
0,1,0,3,989
0,1,0,4,1003
0,1,0,5,981
0,1,0,6,983
0,1,0,7,990
0,1,0,8,1003
0,1,0,9,986
0,1,0,10,977
0,1,0,11,997
0,1,0,12,988
0,1,0,13,1008
0,1,0,14,986
0,1,0,15,985
0,1,0,16,973
0,1,0,17,999
0,1,0,18,985
0,1,0,19,979
0,1,0,20,994
0,1,0,21,992
0,1,0,22,982
0,1,0,23,984
0,1,0,24,975
0,1,0,25,983
0,1,0,26,990
0,1,0,27,996
0,1,0,28,985
0,1,0,29,969
0,1,0,30,988
0,1,0,31,1000
0,1,0,32,980
0,1,0,33,1000
0,1,0,34,989
0,1,0,35,981
0,1,0,36,981
0,1,0,37,982
0,1,0,38,978
0,1,0,39,973
0,1,0,40,964
0,1,0,41,986
0,1,0,42,972
0,1,0,43,1015
0,1,0,44,966
0,1,0,45,983
0,1,0,46,996
0,1,0,47,989
0,1,0,48,983
0,1,0,49,994
0,1,0,50,993
0,1,0,51,989
0,1,0,52,991
0,1,0,53,981
0,1,0,54,976
0,1,0,55,989
0,1,0,56,1003
0,1,0,57,983
0,1,0,58,997
0,1,0,59,995
0,1,0,60,982
0,1,0,61,993
0,1,0,62,1005
0,1,0,63,991
0,1,1,0,966
0,1,1,1,990
0,1,1,2,1001
0,1,1,3,986
0,1,1,4,1003
0,1,1,5,989
0,1,1,6,997
0,1,1,7,1026
0,1,1,8,994
0,1,1,9,971
0,1,1,10,992
0,1,1,11,990
0,1,1,12,1007
0,1,1,13,997
0,1,1,14,1001
0,1,1,15,981
0,1,1,16,988
0,1,1,17,990
0,1,1,18,1002
0,1,1,19,993
0,1,1,20,978
0,1,1,21,995
0,1,1,22,994
0,1,1,23,961
0,1,1,24,982
0,1,1,25,989
0,1,1,26,995
0,1,1,27,989
0,1,1,28,1001
0,1,1,29,980
0,1,1,30,994
0,1,1,31,966
0,1,1,32,989
0,1,1,33,981
0,1,1,34,995
0,1,1,35,985
0,1,1,36,972
0,1,1,37,996
0,1,1,38,986
0,1,1,39,978
0,1,1,40,982
0,1,1,41,999
0,1,1,42,1007
0,1,1,43,985
0,1,1,44,984
0,1,1,45,979
0,1,1,46,987
0,1,1,47,1000
0,1,1,48,966
0,1,1,49,998
0,1,1,50,1001
0,1,1,51,987
0,1,1,52,998
0,1,1,53,993
0,1,1,54,993
0,1,1,55,998
0,1,1,56,990
0,1,1,57,1011
0,1,1,58,998
0,1,1,59,998
0,1,1,60,1000
0,1,1,61,980
0,1,1,62,980
0,1,1,63,987
0,0,1,0,985
0,0,1,1,967
0,0,1,2,972
0,0,1,3,956
0,0,1,4,957
0,0,1,5,960
0,0,1,6,975
0,0,1,7,967
0,0,1,8,977
0,0,1,9,975
0,0,1,10,963
0,0,1,11,978
0,0,1,12,975
0,0,1,13,985
0,0,1,14,976
0,0,1,15,981
0,0,1,16,954
0,0,1,17,988
0,0,1,18,977
0,0,1,19,971
0,0,1,20,957
0,0,1,21,1564
0,0,1,22,1386
0,0,1,23,1484
0,0,1,24,1495
0,0,1,25,1506
0,0,1,26,1317
0,0,1,27,1064
0,0,1,28,988
0,0,1,29,981
0,0,1,30,972
0,0,1,31,943
0,0,1,32,951
0,0,1,33,960
0,0,1,34,988
0,0,1,35,966
0,0,1,36,968
0,0,1,37,960
0,0,1,38,983
0,0,1,39,979
0,0,1,40,957
0,0,1,41,965
0,0,1,42,965
0,0,1,43,960
0,0,1,44,967
0,0,1,45,971
0,0,1,46,965
0,0,1,47,971
0,0,1,48,956
0,0,1,49,972
0,0,1,50,958
0,0,1,51,978
0,0,1,52,962
0,0,1,53,967
0,0,1,54,960
0,0,1,55,959
0,0,1,56,989
0,0,1,57,966
0,0,1,58,964
0,0,1,59,962
0,0,1,60,981
0,0,1,61,974
0,0,1,62,991
0,0,1,63,973
0,0,2,0,964
0,0,2,1,959
0,0,2,2,969
0,0,2,3,974
0,0,2,4,969
0,0,2,5,966
0,0,2,6,971
0,0,2,7,949
0,0,2,8,978
0,0,2,9,978
0,0,2,10,986
0,0,2,11,1003
0,0,2,12,962
0,0,2,13,960
0,0,2,14,970
0,0,2,15,969
0,0,2,16,976
0,0,2,17,966
0,0,2,18,984
0,0,2,19,965
0,0,2,20,973
0,0,2,21,970
0,0,2,22,958
0,0,2,23,979
0,0,2,24,976
0,0,2,25,988
0,0,2,26,974
0,0,2,27,976
0,0,2,28,946
0,0,2,29,982
0,0,2,30,966
0,0,2,31,958
0,0,2,32,982
0,0,2,33,971
0,0,2,34,980
0,0,2,35,1002
0,0,2,36,985
0,0,2,37,958
0,0,2,38,1780
0,0,2,39,988
0,0,2,40,1714
0,0,2,41,979
0,0,2,42,970
0,0,2,43,974
0,0,2,44,962
0,0,2,45,972
0,0,2,46,974
0,0,2,47,968
0,0,2,48,968
0,0,2,49,1675
0,0,2,50,1463
0,0,2,51,975
0,0,2,52,992
0,0,2,53,1715
0,0,2,54,961
0,0,2,55,987
0,0,2,56,948
0,0,2,57,939
0,0,2,58,960
0,0,2,59,975
0,0,2,60,946
0,0,2,61,958
0,0,2,62,973
0,0,2,63,1826
0,1,2,0,1040
0,1,2,1,1460
0,1,2,2,1007
0,1,2,3,2096
0,1,2,4,1872
0,1,2,5,1006
0,1,2,6,3232
0,1,2,7,1018
0,1,2,8,988
0,1,2,9,986
0,1,2,10,992
0,1,2,11,983
0,1,2,12,985
0,1,2,13,1010
0,1,2,14,993
0,1,2,15,996
0,1,2,16,990
0,1,2,17,1838
0,1,2,18,981
0,1,2,19,982
0,1,2,20,2752
0,1,2,21,1007
0,1,2,22,982
0,1,2,23,994
0,1,2,24,1001
0,1,2,25,1006
0,1,2,26,1019
0,1,2,27,996
0,1,2,28,986
0,1,2,29,1546
0,1,2,30,974
0,1,2,31,997
0,1,2,32,1045
0,1,2,33,997
0,1,2,34,982
0,1,2,35,993
0,1,2,36,997
0,1,2,37,1005
0,1,2,38,993
0,1,2,39,2322
0,1,2,40,1339
0,1,2,41,977
0,1,2,42,1483
0,1,2,43,1521
0,1,2,44,1006
0,1,2,45,985
0,1,2,46,1045
0,1,2,47,977
0,1,2,48,991
0,1,2,49,978
0,1,2,50,994
0,1,2,51,985
0,1,2,52,970
0,1,2,53,993
0,1,2,54,988
0,1,2,55,1434
0,1,2,56,968
0,1,2,57,990
0,1,2,58,1015
0,1,2,59,1004
0,1,2,60,1877
0,1,2,61,983
0,1,2,62,996
0,1,2,63,984
0,1,3,0,970
0,1,3,1,1002
0,1,3,2,1774
0,1,3,3,990
0,1,3,4,987
0,1,3,5,986
0,1,3,6,1069
0,1,3,7,1408
0,1,3,8,981
0,1,3,9,987
0,1,3,10,983
0,1,3,11,988
0,1,3,12,1806
0,1,3,13,2160
0,1,3,14,982
0,1,3,15,982
0,1,3,16,1003
0,1,3,17,995
0,1,3,18,992
0,1,3,19,976
0,1,3,20,988
0,1,3,21,992
0,1,3,22,1000
0,1,3,23,987
0,1,3,24,986
0,1,3,25,1003
0,1,3,26,1000
0,1,3,27,978
0,1,3,28,1923
0,1,3,29,989
0,1,3,30,976
0,1,3,31,995
0,1,3,32,989
0,1,3,33,992
0,1,3,34,1353
0,1,3,35,979
0,1,3,36,979
0,1,3,37,1006
0,1,3,38,990
0,1,3,39,998
0,1,3,40,997
0,1,3,41,982
0,1,3,42,984
0,1,3,43,998
0,1,3,44,980
0,1,3,45,977
0,1,3,46,972
0,1,3,47,990
0,1,3,48,985
0,1,3,49,995
0,1,3,50,1321
0,1,3,51,985
0,1,3,52,989
0,1,3,53,1000
0,1,3,54,998
0,1,3,55,974
0,1,3,56,989
0,1,3,57,979
0,1,3,58,989
0,1,3,59,1012
0,1,3,60,1531
0,1,3,61,993
0,1,3,62,1011
0,1,3,63,1008
0,0,3,0,961
0,0,3,1,995
0,0,3,2,974
0,0,3,3,978
0,0,3,4,984
0,0,3,5,962
0,0,3,6,977
0,0,3,7,970
0,0,3,8,1133
0,0,3,9,1852
0,0,3,10,970
0,0,3,11,980
0,0,3,12,957
0,0,3,13,979
0,0,3,14,2305
0,0,3,15,962
0,0,3,16,968
0,0,3,17,959
0,0,3,18,948
0,0,3,19,970
0,0,3,20,952
0,0,3,21,986
0,0,3,22,984
0,0,3,23,982
0,0,3,24,995
0,0,3,25,999
0,0,3,26,3177
0,0,3,27,3219
0,0,3,28,2995
0,0,3,29,1685
0,0,3,30,1889
0,0,3,31,3255
0,0,3,32,3258
0,0,3,33,3210
0,0,3,34,2641
0,0,3,35,1683
0,0,3,36,3024
0,0,3,37,2253
0,0,3,38,2746
0,0,3,39,2576
0,0,3,40,1126
0,0,3,41,962
0,0,3,42,2327
0,0,3,43,990
0,0,3,44,1846
0,0,3,45,2599
0,0,3,46,2467
0,0,3,47,2405
0,0,3,48,1200
0,0,3,49,1994
0,0,3,50,2700
0,0,3,51,1656
0,0,3,52,3222
0,0,3,53,3641
0,0,3,54,3465
0,0,3,55,3382
0,0,3,56,1153
0,0,3,57,1090
0,0,3,58,1760
0,0,3,59,2513
0,0,3,60,1086
0,0,3,61,1188
0,0,3,62,1121
0,0,3,63,1085
0,0,4,0,1518
0,0,4,1,2537
0,0,4,2,2394
0,0,4,3,1707
0,0,4,4,1702
0,0,4,5,1665
0,0,4,6,1430
0,0,4,7,1419
0,0,4,8,1711
0,0,4,9,1724
0,0,4,10,1313
0,0,4,11,1118
0,0,4,12,2191
0,0,4,13,2125
0,0,4,14,3379
0,0,4,15,1997
0,0,4,16,2034
0,0,4,17,1094
0,0,4,18,2359
0,0,4,19,1059
0,0,4,20,1041
0,0,4,21,1389
0,0,4,22,2150
0,0,4,23,2524
0,0,4,24,1062
0,0,4,25,1055
0,0,4,26,1059
0,0,4,27,2581
0,0,4,28,1596
0,0,4,29,1059
0,0,4,30,1065
0,0,4,31,1038
0,0,4,32,1065
0,0,4,33,1048
0,0,4,34,2894
0,0,4,35,1074
0,0,4,36,1051
0,0,4,37,1083
0,0,4,38,1075
0,0,4,39,1063
0,0,4,40,1052
0,0,4,41,1061
0,0,4,42,1053
0,0,4,43,1052
0,0,4,44,1053
0,0,4,45,1056
0,0,4,46,1063
0,0,4,47,1062
0,0,4,48,1066
0,0,4,49,1066
0,0,4,50,1074
0,0,4,51,1068
0,0,4,52,1063
0,0,4,53,1048
0,0,4,54,1052
0,0,4,55,1179
0,0,4,56,1408
0,0,4,57,1166
0,0,4,58,1290
0,0,4,59,1344
0,0,4,60,1367
0,0,4,61,1336
0,0,4,62,1447
0,0,4,63,1355
0,1,4,0,1254
0,1,4,1,1243
0,1,4,2,1340
0,1,4,3,1365
0,1,4,4,1382
0,1,4,5,1170
0,1,4,6,1510
0,1,4,7,1012
0,1,4,8,966
0,1,4,9,948
0,1,4,10,985
0,1,4,11,988
0,1,4,12,987
0,1,4,13,999
0,1,4,14,992
0,1,4,15,985
0,1,4,16,987
0,1,4,17,985
0,1,4,18,987
0,1,4,19,996
0,1,4,20,968
0,1,4,21,1001
0,1,4,22,987
0,1,4,23,976
0,1,4,24,996
0,1,4,25,984
0,1,4,26,995
0,1,4,27,997
0,1,4,28,967
0,1,4,29,1000
0,1,4,30,985
0,1,4,31,1005
0,1,4,32,1000
0,1,4,33,988
0,1,4,34,981
0,1,4,35,983
0,1,4,36,974
0,1,4,37,995
0,1,4,38,983
0,1,4,39,992
0,1,4,40,990
0,1,4,41,986
0,1,4,42,1010
0,1,4,43,994
0,1,4,44,994
0,1,4,45,976
0,1,4,46,971
0,1,4,47,983
0,1,4,48,980
0,1,4,49,991
0,1,4,50,973
0,1,4,51,982
0,1,4,52,980
0,1,4,53,1004
0,1,4,54,977
0,1,4,55,986
0,1,4,56,989
0,1,4,57,984
0,1,4,58,984
0,1,4,59,990
0,1,4,60,984
0,1,4,61,1000
0,1,4,62,991
0,1,4,63,977
0,1,5,0,990
0,1,5,1,992
0,1,5,2,980
0,1,5,3,962
0,1,5,4,970
0,1,5,5,1000
0,1,5,6,981
0,1,5,7,1003
0,1,5,8,979
0,1,5,9,987
0,1,5,10,964
0,1,5,11,1009
0,1,5,12,984
0,1,5,13,978
0,1,5,14,982
0,1,5,15,973
0,1,5,16,985
0,1,5,17,986
0,1,5,18,983
0,1,5,19,983
0,1,5,20,998
0,1,5,21,1006
0,1,5,22,991
0,1,5,23,982
0,1,5,24,990
0,1,5,25,981
0,1,5,26,994
0,1,5,27,980
0,1,5,28,994
0,1,5,29,993
0,1,5,30,966
0,1,5,31,985
0,1,5,32,1002
0,1,5,33,966
0,1,5,34,989
0,1,5,35,1007
0,1,5,36,984
0,1,5,37,989
0,1,5,38,1001
0,1,5,39,987
0,1,5,40,996
0,1,5,41,1016
0,1,5,42,964
0,1,5,43,993
0,1,5,44,983
0,1,5,45,982
0,1,5,46,1010
0,1,5,47,998
0,1,5,48,971
0,1,5,49,990
0,1,5,50,991
0,1,5,51,989
0,1,5,52,992
0,1,5,53,996
0,1,5,54,990
0,1,5,55,988
0,1,5,56,1013
0,1,5,57,967
0,1,5,58,997
0,1,5,59,997
0,1,5,60,1000
0,1,5,61,996
0,1,5,62,982
0,1,5,63,994
0,0,5,0,976
0,0,5,1,987
0,0,5,2,989
0,0,5,3,990
0,0,5,4,992
0,0,5,5,956
0,0,5,6,966
0,0,5,7,967
0,0,5,8,967
0,0,5,9,980
0,0,5,10,964
0,0,5,11,986
0,0,5,12,980
0,0,5,13,960
0,0,5,14,972
0,0,5,15,969
0,0,5,16,961
0,0,5,17,981
0,0,5,18,973
0,0,5,19,976
0,0,5,20,980
0,0,5,21,960
0,0,5,22,973
0,0,5,23,962
0,0,5,24,981
0,0,5,25,966
0,0,5,26,975
0,0,5,27,974
0,0,5,28,973
0,0,5,29,972
0,0,5,30,982
0,0,5,31,971
0,0,5,32,975
0,0,5,33,974
0,0,5,34,992
0,0,5,35,974
0,0,5,36,996
0,0,5,37,972
0,0,5,38,975
0,0,5,39,965
0,0,5,40,983
0,0,5,41,961
0,0,5,42,972
0,0,5,43,973
0,0,5,44,958
0,0,5,45,972
0,0,5,46,969
0,0,5,47,964
0,0,5,48,973
0,0,5,49,962
0,0,5,50,948
0,0,5,51,956
0,0,5,52,960
0,0,5,53,970
0,0,5,54,967
0,0,5,55,958
0,0,5,56,985
0,0,5,57,972
0,0,5,58,974
0,0,5,59,977
0,0,5,60,964
0,0,5,61,976
0,0,5,62,971
0,0,5,63,958
0,0,6,0,951
0,0,6,1,982
0,0,6,2,956
0,0,6,3,978
0,0,6,4,942
0,0,6,5,980
0,0,6,6,964
0,0,6,7,964
0,0,6,8,959
0,0,6,9,984
0,0,6,10,970
0,0,6,11,973
0,0,6,12,955
0,0,6,13,967
0,0,6,14,943
0,0,6,15,993
0,0,6,16,962
0,0,6,17,966
0,0,6,18,975
0,0,6,19,968
0,0,6,20,991
0,0,6,21,985
0,0,6,22,999
0,0,6,23,973
0,0,6,24,973
0,0,6,25,993
0,0,6,26,972
0,0,6,27,997
0,0,6,28,972
0,0,6,29,978
0,0,6,30,972
0,0,6,31,973
0,0,6,32,959
0,0,6,33,974
0,0,6,34,967
0,0,6,35,965
0,0,6,36,964
0,0,6,37,971
0,0,6,38,962
0,0,6,39,964
0,0,6,40,971
0,0,6,41,950
0,0,6,42,951
0,0,6,43,970
0,0,6,44,965
0,0,6,45,969
0,0,6,46,967
0,0,6,47,983
0,0,6,48,979
0,0,6,49,959
0,0,6,50,964
0,0,6,51,970
0,0,6,52,3253
0,0,6,53,1906
0,0,6,54,986
0,0,6,55,1622
0,0,6,56,988
0,0,6,57,962
0,0,6,58,971
0,0,6,59,978
0,0,6,60,977
0,0,6,61,1790
0,0,6,62,969
0,0,6,63,961
0,1,6,0,982
0,1,6,1,1004
0,1,6,2,1043
0,1,6,3,1538
0,1,6,4,1001
0,1,6,5,981
0,1,6,6,979
0,1,6,7,1003
0,1,6,8,966
0,1,6,9,986
0,1,6,10,992
0,1,6,11,1004
0,1,6,12,970
0,1,6,13,993
0,1,6,14,981
0,1,6,15,967
0,1,6,16,975
0,1,6,17,985
0,1,6,18,1002
0,1,6,19,1003
0,1,6,20,1585
0,1,6,21,977
0,1,6,22,993
0,1,6,23,971
0,1,6,24,987
0,1,6,25,1805
0,1,6,26,991
0,1,6,27,989
0,1,6,28,977
0,1,6,29,974
0,1,6,30,986
0,1,6,31,990
0,1,6,32,2040
0,1,6,33,1009
0,1,6,34,986
0,1,6,35,982
0,1,6,36,984
0,1,6,37,1001
0,1,6,38,988
0,1,6,39,1338
0,1,6,40,993
0,1,6,41,985
0,1,6,42,2547
0,1,6,43,983
0,1,6,44,997
0,1,6,45,3213
0,1,6,46,2300
0,1,6,47,3196
0,1,6,48,3219
0,1,6,49,1012
0,1,6,50,985
0,1,6,51,981
0,1,6,52,1737
0,1,6,53,1001
0,1,6,54,993
0,1,6,55,1007
0,1,6,56,994
0,1,6,57,1002
0,1,6,58,993
0,1,6,59,1011
0,1,6,60,967
0,1,6,61,988
0,1,6,62,2001
0,1,6,63,1096
0,1,7,0,981
0,1,7,1,1511
0,1,7,2,996
0,1,7,3,996
0,1,7,4,980
0,1,7,5,2521
0,1,7,6,988
0,1,7,7,989
0,1,7,8,994
0,1,7,9,982
0,1,7,10,976
0,1,7,11,973
0,1,7,12,993
0,1,7,13,999
0,1,7,14,991
0,1,7,15,985
0,1,7,16,996
0,1,7,17,985
0,1,7,18,987
0,1,7,19,989
0,1,7,20,1002
0,1,7,21,973
0,1,7,22,993
0,1,7,23,981
0,1,7,24,1000
0,1,7,25,981
0,1,7,26,978
0,1,7,27,1002
0,1,7,28,1008
0,1,7,29,991
0,1,7,30,1007
0,1,7,31,984
0,1,7,32,979
0,1,7,33,995
0,1,7,34,984
0,1,7,35,999
0,1,7,36,1002
0,1,7,37,988
0,1,7,38,981
0,1,7,39,993
0,1,7,40,1000
0,1,7,41,1001
0,1,7,42,966
0,1,7,43,991
0,1,7,44,986
0,1,7,45,972
0,1,7,46,999
0,1,7,47,981
0,1,7,48,996
0,1,7,49,985
0,1,7,50,990
0,1,7,51,991
0,1,7,52,988
0,1,7,53,1001
0,1,7,54,1004
0,1,7,55,980
0,1,7,56,1671
0,1,7,57,987
0,1,7,58,980
0,1,7,59,1000
0,1,7,60,2684
0,1,7,61,1003
0,1,7,62,998
0,1,7,63,1620
0,0,7,0,970
0,0,7,1,1010
0,0,7,2,1212
0,0,7,3,990
0,0,7,4,1001
0,0,7,5,970
0,0,7,6,965
0,0,7,7,978
0,0,7,8,978
0,0,7,9,981
0,0,7,10,975
0,0,7,11,971
0,0,7,12,1457
0,0,7,13,1389
0,0,7,14,958
0,0,7,15,952
0,0,7,16,979
0,0,7,17,1333
0,0,7,18,951
0,0,7,19,977
0,0,7,20,974
0,0,7,21,956
0,0,7,22,957
0,0,7,23,982
0,0,7,24,1473
0,0,7,25,1015
0,0,7,26,976
0,0,7,27,986
0,0,7,28,967
0,0,7,29,965
0,0,7,30,962
0,0,7,31,977
0,0,7,32,974
0,0,7,33,968
0,0,7,34,944
0,0,7,35,948
0,0,7,36,969
0,0,7,37,985
0,0,7,38,965
0,0,7,39,974
0,0,7,40,964
0,0,7,41,984
0,0,7,42,978
0,0,7,43,985
0,0,7,44,963
0,0,7,45,978
0,0,7,46,1863
0,0,7,47,965
0,0,7,48,980
0,0,7,49,978
0,0,7,50,956
0,0,7,51,988
0,0,7,52,955
0,0,7,53,955
0,0,7,54,985
0,0,7,55,978
0,0,7,56,997
0,0,7,57,999
0,0,7,58,981
0,0,7,59,965
0,0,7,60,969
0,0,7,61,2049
0,0,7,62,957
0,0,7,63,975
1,0,0,0,1163
1,0,0,1,1137
1,0,0,2,1155
1,0,0,3,1145
1,0,0,4,1188
1,0,0,5,1160
1,0,0,6,2375
1,0,0,7,1933
1,0,0,8,1903
1,0,0,9,1167
1,0,0,10,2314
1,0,0,11,1143
1,0,0,12,1144
1,0,0,13,1157
1,0,0,14,1155
1,0,0,15,1148
1,0,0,16,1166
1,0,0,17,1150
1,0,0,18,1155
1,0,0,19,1161
1,0,0,20,1156
1,0,0,21,1160
1,0,0,22,1151
1,0,0,23,1156
1,0,0,24,1141
1,0,0,25,1149
1,0,0,26,1133
1,0,0,27,1136
1,0,0,28,1137
1,0,0,29,1170
1,0,0,30,1146
1,0,0,31,1144
1,0,0,32,1158
1,0,0,33,1144
1,0,0,34,1141
1,0,0,35,1157
1,0,0,36,1158
1,0,0,37,1177
1,0,0,38,1174
1,0,0,39,1165
1,0,0,40,1165
1,0,0,41,1175
1,0,0,42,1157
1,0,0,43,1159
1,0,0,44,1165
1,0,0,45,1159
1,0,0,46,1155
1,0,0,47,1158
1,0,0,48,1170
1,0,0,49,1155
1,0,0,50,1164
1,0,0,51,1170
1,0,0,52,1149
1,0,0,53,1168
1,0,0,54,1167
1,0,0,55,1150
1,0,0,56,1137
1,0,0,57,1140
1,0,0,58,1160
1,0,0,59,1153
1,0,0,60,1146
1,0,0,61,1160
1,0,0,62,1160
1,0,0,63,1149
1,1,0,0,1194
1,1,0,1,1190
1,1,0,2,1177
1,1,0,3,1197
1,1,0,4,1948
1,1,0,5,1177
1,1,0,6,1190
1,1,0,7,1186
1,1,0,8,1178
1,1,0,9,1196
1,1,0,10,1184
1,1,0,11,1172
1,1,0,12,1191
1,1,0,13,1182
1,1,0,14,1190
1,1,0,15,1174
1,1,0,16,1181
1,1,0,17,1187
1,1,0,18,1168
1,1,0,19,1163
1,1,0,20,1159
1,1,0,21,1176
1,1,0,22,1174
1,1,0,23,1170
1,1,0,24,1184
1,1,0,25,1167
1,1,0,26,1191
1,1,0,27,1188
1,1,0,28,1193
1,1,0,29,1181
1,1,0,30,1553
1,1,0,31,1176
1,1,0,32,1173
1,1,0,33,1172
1,1,0,34,2439
1,1,0,35,1182
1,1,0,36,1176
1,1,0,37,1172
1,1,0,38,1201
1,1,0,39,1179
1,1,0,40,1182
1,1,0,41,1188
1,1,0,42,1175
1,1,0,43,1176
1,1,0,44,1181
1,1,0,45,1176
1,1,0,46,1163
1,1,0,47,1196
1,1,0,48,1171
1,1,0,49,1177
1,1,0,50,1182
1,1,0,51,1166
1,1,0,52,1179
1,1,0,53,1199
1,1,0,54,1185
1,1,0,55,1170
1,1,0,56,1178
1,1,0,57,1209
1,1,0,58,1169
1,1,0,59,1184
1,1,0,60,1188
1,1,0,61,1159
1,1,0,62,1193
1,1,0,63,1165
1,1,1,0,1166
1,1,1,1,1158
1,1,1,2,1170
1,1,1,3,1156
1,1,1,4,1169
1,1,1,5,1191
1,1,1,6,1718
1,1,1,7,1902
1,1,1,8,1791
1,1,1,9,1702
1,1,1,10,1325
1,1,1,11,1203
1,1,1,12,1178
1,1,1,13,1162
1,1,1,14,1149
1,1,1,15,1148
1,1,1,16,1172
1,1,1,17,1179
1,1,1,18,1173
1,1,1,19,1178
1,1,1,20,1175
1,1,1,21,1179
1,1,1,22,1171
1,1,1,23,1157
1,1,1,24,1179
1,1,1,25,1184
1,1,1,26,1169
1,1,1,27,1150
1,1,1,28,1199
1,1,1,29,1197
1,1,1,30,2247
1,1,1,31,1187
1,1,1,32,1179
1,1,1,33,2311
1,1,1,34,1164
1,1,1,35,1181
1,1,1,36,1179
1,1,1,37,1177
1,1,1,38,1185
1,1,1,39,1176
1,1,1,40,1198
1,1,1,41,1180
1,1,1,42,1154
1,1,1,43,1179
1,1,1,44,3114
1,1,1,45,3194
1,1,1,46,1195
1,1,1,47,1932
1,1,1,48,1178
1,1,1,49,2414
1,1,1,50,1185
1,1,1,51,2248
1,1,1,52,1186
1,1,1,53,1193
1,1,1,54,1173
1,1,1,55,4005
1,1,1,56,1702
1,1,1,57,2860
1,1,1,58,2521
1,1,1,59,4038
1,1,1,60,4005
1,1,1,61,2425
1,1,1,62,2348
1,1,1,63,2571
1,0,1,0,2954
1,0,1,1,1180
1,0,1,2,2326
1,0,1,3,1169
1,0,1,4,4032
1,0,1,5,3833
1,0,1,6,2184
1,0,1,7,3677
1,0,1,8,2304
1,0,1,9,2711
1,0,1,10,1721
1,0,1,11,1665
1,0,1,12,2412
1,0,1,13,1150
1,0,1,14,2646
1,0,1,15,2203
1,0,1,16,3775
1,0,1,17,2319
1,0,1,18,3179
1,0,1,19,2561
1,0,1,20,1288
1,0,1,21,1170
1,0,1,22,3118
1,0,1,23,2375
1,0,1,24,2186
1,0,1,25,1589
1,0,1,26,3987
1,0,1,27,2780
1,0,1,28,1154
1,0,1,29,3609
1,0,1,30,2750
1,0,1,31,1176
1,0,1,32,2779
1,0,1,33,2114
1,0,1,34,1179
1,0,1,35,1149
1,0,1,36,3056
1,0,1,37,1155
1,0,1,38,1449
1,0,1,39,3207
1,0,1,40,1152
1,0,1,41,1990
1,0,1,42,2572
1,0,1,43,1171
1,0,1,44,1151
1,0,1,45,1187
1,0,1,46,1154
1,0,1,47,1175
1,0,1,48,1867
1,0,1,49,2478
1,0,1,50,2340
1,0,1,51,1447
1,0,1,52,1161
1,0,1,53,2135
1,0,1,54,1173
1,0,1,55,3982
1,0,1,56,2178
1,0,1,57,2129
1,0,1,58,4020
1,0,1,59,3537
1,0,1,60,1143
1,0,1,61,1159
1,0,1,62,1157
1,0,1,63,2346
1,0,2,0,3747
1,0,2,1,1179
1,0,2,2,1859
1,0,2,3,1378
1,0,2,4,1128
1,0,2,5,1163
1,0,2,6,2619
1,0,2,7,2100
1,0,2,8,4014
1,0,2,9,1147
1,0,2,10,1180
1,0,2,11,2622
1,0,2,12,1153
1,0,2,13,2229
1,0,2,14,1156
1,0,2,15,2803
1,0,2,16,3108
1,0,2,17,1737
1,0,2,18,1142
1,0,2,19,1147
1,0,2,20,1798
1,0,2,21,1650
1,0,2,22,1157
1,0,2,23,2146
1,0,2,24,2108
1,0,2,25,3338
1,0,2,26,1152
1,0,2,27,1158
1,0,2,28,1829
1,0,2,29,2044
1,0,2,30,1765
1,0,2,31,1192
1,0,2,32,1519
1,0,2,33,2939
1,0,2,34,3066
1,0,2,35,2180
1,0,2,36,3073
1,0,2,37,1186
1,0,2,38,1972
1,0,2,39,1155
1,0,2,40,1741
1,0,2,41,1166
1,0,2,42,1146
1,0,2,43,1164
1,0,2,44,1176
1,0,2,45,1850
1,0,2,46,1146
1,0,2,47,2277
1,0,2,48,1158
1,0,2,49,1153
1,0,2,50,1133
1,0,2,51,1140
1,0,2,52,2064
1,0,2,53,1117
1,0,2,54,1740
1,0,2,55,1143
1,0,2,56,1152
1,0,2,57,2067
1,0,2,58,2178
1,0,2,59,1168
1,0,2,60,1632
1,0,2,61,1916
1,0,2,62,1206
1,0,2,63,2213
1,1,2,0,1181
1,1,2,1,1187
1,1,2,2,1195
1,1,2,3,1199
1,1,2,4,1196
1,1,2,5,1198
1,1,2,6,2774
1,1,2,7,1983
1,1,2,8,1193
1,1,2,9,1173
1,1,2,10,1177
1,1,2,11,1184
1,1,2,12,1171
1,1,2,13,1214
1,1,2,14,1177
1,1,2,15,1192
1,1,2,16,1193
1,1,2,17,1175
1,1,2,18,1186
1,1,2,19,1170
1,1,2,20,1176
1,1,2,21,1168
1,1,2,22,1194
1,1,2,23,1181
1,1,2,24,1182
1,1,2,25,1189
1,1,2,26,1205
1,1,2,27,1175
1,1,2,28,1173
1,1,2,29,1178
1,1,2,30,1169
1,1,2,31,1184
1,1,2,32,1169
1,1,2,33,1179
1,1,2,34,1184
1,1,2,35,1184
1,1,2,36,1172
1,1,2,37,1172
1,1,2,38,1191
1,1,2,39,1178
1,1,2,40,1184
1,1,2,41,1169
1,1,2,42,1204
1,1,2,43,1182
1,1,2,44,1182
1,1,2,45,1195
1,1,2,46,1185
1,1,2,47,1161
1,1,2,48,1163
1,1,2,49,1176
1,1,2,50,1174
1,1,2,51,1204
1,1,2,52,1176
1,1,2,53,1167
1,1,2,54,1178
1,1,2,55,1157
1,1,2,56,1170
1,1,2,57,1191
1,1,2,58,1173
1,1,2,59,1172
1,1,2,60,1168
1,1,2,61,1187
1,1,2,62,1193
1,1,2,63,1184
1,1,3,0,1173
1,1,3,1,1166
1,1,3,2,1169
1,1,3,3,1172
1,1,3,4,1163
1,1,3,5,1171
1,1,3,6,1167
1,1,3,7,1170
1,1,3,8,1188
1,1,3,9,1168
1,1,3,10,1174
1,1,3,11,1178
1,1,3,12,1183
1,1,3,13,1188
1,1,3,14,1175
1,1,3,15,1189
1,1,3,16,1172
1,1,3,17,1197
1,1,3,18,1184
1,1,3,19,1193
1,1,3,20,1166
1,1,3,21,1170
1,1,3,22,1183
1,1,3,23,1170
1,1,3,24,1176
1,1,3,25,1186
1,1,3,26,1169
1,1,3,27,1183
1,1,3,28,1186
1,1,3,29,1169
1,1,3,30,1180
1,1,3,31,1192
1,1,3,32,1189
1,1,3,33,1190
1,1,3,34,1184
1,1,3,35,1184
1,1,3,36,1180
1,1,3,37,1173
1,1,3,38,1182
1,1,3,39,1178
1,1,3,40,1190
1,1,3,41,1200
1,1,3,42,1166
1,1,3,43,1159
1,1,3,44,1180
1,1,3,45,1171
1,1,3,46,1184
1,1,3,47,1153
1,1,3,48,1180
1,1,3,49,1190
1,1,3,50,1178
1,1,3,51,1174
1,1,3,52,1154
1,1,3,53,1180
1,1,3,54,1174
1,1,3,55,1185
1,1,3,56,1195
1,1,3,57,1183
1,1,3,58,1189
1,1,3,59,1165
1,1,3,60,1179
1,1,3,61,1156
1,1,3,62,1177
1,1,3,63,1176
1,0,3,0,1156
1,0,3,1,1178
1,0,3,2,1184
1,0,3,3,1174
1,0,3,4,1204
1,0,3,5,1181
1,0,3,6,1162
1,0,3,7,1165
1,0,3,8,1138
1,0,3,9,1170
1,0,3,10,1152
1,0,3,11,1164
1,0,3,12,1149
1,0,3,13,1152
1,0,3,14,1164
1,0,3,15,1159
1,0,3,16,1174
1,0,3,17,1150
1,0,3,18,1150
1,0,3,19,1151
1,0,3,20,1178
1,0,3,21,1165
1,0,3,22,1163
1,0,3,23,1177
1,0,3,24,1162
1,0,3,25,1159
1,0,3,26,1162
1,0,3,27,1156
1,0,3,28,1174
1,0,3,29,1168
1,0,3,30,1167
1,0,3,31,1150
1,0,3,32,1150
1,0,3,33,1150
1,0,3,34,1151
1,0,3,35,1148
1,0,3,36,1158
1,0,3,37,1154
1,0,3,38,1155
1,0,3,39,1164
1,0,3,40,1158
1,0,3,41,1175
1,0,3,42,1168
1,0,3,43,1149
1,0,3,44,1160
1,0,3,45,1162
1,0,3,46,1162
1,0,3,47,1162
1,0,3,48,1142
1,0,3,49,1155
1,0,3,50,1143
1,0,3,51,1151
1,0,3,52,1157
1,0,3,53,1172
1,0,3,54,1170
1,0,3,55,1142
1,0,3,56,1147
1,0,3,57,1146
1,0,3,58,1148
1,0,3,59,1160
1,0,3,60,1156
1,0,3,61,1139
1,0,3,62,1147
1,0,3,63,1150
1,0,4,0,1178
1,0,4,1,1144
1,0,4,2,1147
1,0,4,3,1152
1,0,4,4,1159
1,0,4,5,1159
1,0,4,6,1157
1,0,4,7,1161
1,0,4,8,1160
1,0,4,9,1169
1,0,4,10,1167
1,0,4,11,1160
1,0,4,12,1145
1,0,4,13,1170
1,0,4,14,1162
1,0,4,15,1186
1,0,4,16,1158
1,0,4,17,1160
1,0,4,18,1157
1,0,4,19,1158
1,0,4,20,1150
1,0,4,21,1149
1,0,4,22,1134
1,0,4,23,1161
1,0,4,24,1149
1,0,4,25,1161
1,0,4,26,1146
1,0,4,27,1148
1,0,4,28,1137
1,0,4,29,1181
1,0,4,30,1126
1,0,4,31,1142
1,0,4,32,1158
1,0,4,33,1147
1,0,4,34,1151
1,0,4,35,1159
1,0,4,36,1157
1,0,4,37,1162
1,0,4,38,1153
1,0,4,39,1142
1,0,4,40,1168
1,0,4,41,1156
1,0,4,42,1171
1,0,4,43,1153
1,0,4,44,1147
1,0,4,45,1163
1,0,4,46,1136
1,0,4,47,1141
1,0,4,48,1140
1,0,4,49,2556
1,0,4,50,1174
1,0,4,51,1171
1,0,4,52,1164
1,0,4,53,1161
1,0,4,54,1172
1,0,4,55,1150
1,0,4,56,1160
1,0,4,57,1153
1,0,4,58,1148
1,0,4,59,1144
1,0,4,60,1164
1,0,4,61,1167
1,0,4,62,1160
1,0,4,63,1150
1,1,4,0,1197
1,1,4,1,1200
1,1,4,2,1202
1,1,4,3,1205
1,1,4,4,1204
1,1,4,5,1178
1,1,4,6,1162
1,1,4,7,1182
1,1,4,8,1198
1,1,4,9,1201
1,1,4,10,1212
1,1,4,11,1167
1,1,4,12,1195
1,1,4,13,1172
1,1,4,14,1173
1,1,4,15,1203
1,1,4,16,1197
1,1,4,17,1166
1,1,4,18,1186
1,1,4,19,1190
1,1,4,20,1204
1,1,4,21,1189
1,1,4,22,1172
1,1,4,23,1181
1,1,4,24,1167
1,1,4,25,1183
1,1,4,26,1201
1,1,4,27,1175
1,1,4,28,1184
1,1,4,29,1183
1,1,4,30,1195
1,1,4,31,1186
1,1,4,32,1181
1,1,4,33,1169
1,1,4,34,1171
1,1,4,35,1174
1,1,4,36,1173
1,1,4,37,1183
1,1,4,38,1177
1,1,4,39,1176
1,1,4,40,1179
1,1,4,41,1182
1,1,4,42,1194
1,1,4,43,1180
1,1,4,44,1178
1,1,4,45,1195
1,1,4,46,1192
1,1,4,47,1175
1,1,4,48,1172
1,1,4,49,1187
1,1,4,50,1181
1,1,4,51,1176
1,1,4,52,1190
1,1,4,53,1150
1,1,4,54,1171
1,1,4,55,1208
1,1,4,56,1194
1,1,4,57,1184
1,1,4,58,1162
1,1,4,59,1182
1,1,4,60,1189
1,1,4,61,1185
1,1,4,62,1191
1,1,4,63,1170
1,1,5,0,1155
1,1,5,1,1193
1,1,5,2,1178
1,1,5,3,1192
1,1,5,4,1161
1,1,5,5,1198
1,1,5,6,1169
1,1,5,7,1185
1,1,5,8,1184
1,1,5,9,1167
1,1,5,10,1191
1,1,5,11,1181
1,1,5,12,1189
1,1,5,13,1175
1,1,5,14,1172
1,1,5,15,1174
1,1,5,16,1181
1,1,5,17,1181
1,1,5,18,1186
1,1,5,19,1168
1,1,5,20,1171
1,1,5,21,1197
1,1,5,22,1176
1,1,5,23,1177
1,1,5,24,1186
1,1,5,25,1169
1,1,5,26,1206
1,1,5,27,1170
1,1,5,28,1183
1,1,5,29,1179
1,1,5,30,1187
1,1,5,31,1183
1,1,5,32,1177
1,1,5,33,1175
1,1,5,34,1191
1,1,5,35,1179
1,1,5,36,1185
1,1,5,37,1185
1,1,5,38,1201
1,1,5,39,1184
1,1,5,40,1190
1,1,5,41,1182
1,1,5,42,1201
1,1,5,43,1180
1,1,5,44,1179
1,1,5,45,1187
1,1,5,46,1194
1,1,5,47,1176
1,1,5,48,1181
1,1,5,49,1202
1,1,5,50,1180
1,1,5,51,1181
1,1,5,52,1176
1,1,5,53,1178
1,1,5,54,1188
1,1,5,55,1175
1,1,5,56,1173
1,1,5,57,1168
1,1,5,58,1166
1,1,5,59,1178
1,1,5,60,1175
1,1,5,61,1170
1,1,5,62,1176
1,1,5,63,1174
1,0,5,0,1143
1,0,5,1,1181
1,0,5,2,1209
1,0,5,3,1176
1,0,5,4,1189
1,0,5,5,1156
1,0,5,6,1170
1,0,5,7,1151
1,0,5,8,1167
1,0,5,9,1164
1,0,5,10,1170
1,0,5,11,1129
1,0,5,12,1165
1,0,5,13,1147
1,0,5,14,1153
1,0,5,15,1136
1,0,5,16,1170
1,0,5,17,1133
1,0,5,18,1153
1,0,5,19,1165
1,0,5,20,1173
1,0,5,21,1148
1,0,5,22,1163
1,0,5,23,1162
1,0,5,24,1150
1,0,5,25,1156
1,0,5,26,1145
1,0,5,27,1162
1,0,5,28,1157
1,0,5,29,1153
1,0,5,30,1155
1,0,5,31,1162
1,0,5,32,1148
1,0,5,33,1150
1,0,5,34,1161
1,0,5,35,1161
1,0,5,36,1150
1,0,5,37,1142
1,0,5,38,1160
1,0,5,39,1138
1,0,5,40,1153
1,0,5,41,1152
1,0,5,42,1148
1,0,5,43,1182
1,0,5,44,1158
1,0,5,45,1155
1,0,5,46,1149
1,0,5,47,1159
1,0,5,48,1155
1,0,5,49,1145
1,0,5,50,1155
1,0,5,51,1158
1,0,5,52,1143
1,0,5,53,1143
1,0,5,54,1144
1,0,5,55,1156
1,0,5,56,1137
1,0,5,57,1155
1,0,5,58,1155
1,0,5,59,1162
1,0,5,60,1164
1,0,5,61,1179
1,0,5,62,1156
1,0,5,63,1164
1,0,6,0,1160
1,0,6,1,1159
1,0,6,2,1155
1,0,6,3,1161
1,0,6,4,1162
1,0,6,5,1158
1,0,6,6,1161
1,0,6,7,1153
1,0,6,8,1172
1,0,6,9,1156
1,0,6,10,1156
1,0,6,11,1157
1,0,6,12,1164
1,0,6,13,1139
1,0,6,14,1149
1,0,6,15,1170
1,0,6,16,1143
1,0,6,17,1133
1,0,6,18,1167
1,0,6,19,1160
1,0,6,20,1163
1,0,6,21,1161
1,0,6,22,1153
1,0,6,23,1163
1,0,6,24,1154
1,0,6,25,1153
1,0,6,26,1143
1,0,6,27,1160
1,0,6,28,1184
1,0,6,29,1161
1,0,6,30,1155
1,0,6,31,1159
1,0,6,32,1152
1,0,6,33,1155
1,0,6,34,1159
1,0,6,35,1154
1,0,6,36,1153
1,0,6,37,1161
1,0,6,38,1147
1,0,6,39,1156
1,0,6,40,1143
1,0,6,41,1138
1,0,6,42,1163
1,0,6,43,1157
1,0,6,44,1158
1,0,6,45,1151
1,0,6,46,1165
1,0,6,47,1156
1,0,6,48,1152
1,0,6,49,1156
1,0,6,50,1153
1,0,6,51,1137
1,0,6,52,1123
1,0,6,53,1158
1,0,6,54,1149
1,0,6,55,1170
1,0,6,56,1155
1,0,6,57,1142
1,0,6,58,1144
1,0,6,59,1171
1,0,6,60,1167
1,0,6,61,1137
1,0,6,62,1160
1,0,6,63,1179
1,1,6,0,1172
1,1,6,1,1201
1,1,6,2,1196
1,1,6,3,1193
1,1,6,4,1196
1,1,6,5,1184
1,1,6,6,1183
1,1,6,7,1169
1,1,6,8,1186
1,1,6,9,1190
1,1,6,10,1157
1,1,6,11,1181
1,1,6,12,1182
1,1,6,13,1182
1,1,6,14,1188
1,1,6,15,1184
1,1,6,16,1201
1,1,6,17,1192
1,1,6,18,1171
1,1,6,19,1169
1,1,6,20,1159
1,1,6,21,1197
1,1,6,22,1181
1,1,6,23,1185
1,1,6,24,1173
1,1,6,25,1188
1,1,6,26,1165
1,1,6,27,1171
1,1,6,28,1181
1,1,6,29,1163
1,1,6,30,1171
1,1,6,31,1164
1,1,6,32,1183
1,1,6,33,1179
1,1,6,34,1172
1,1,6,35,1179
1,1,6,36,1182
1,1,6,37,1163
1,1,6,38,1175
1,1,6,39,1150
1,1,6,40,1190
1,1,6,41,1165
1,1,6,42,1165
1,1,6,43,1183
1,1,6,44,1181
1,1,6,45,1168
1,1,6,46,1170
1,1,6,47,1177
1,1,6,48,1174
1,1,6,49,1185
1,1,6,50,1155
1,1,6,51,1180
1,1,6,52,1180
1,1,6,53,1159
1,1,6,54,1193
1,1,6,55,1190
1,1,6,56,1187
1,1,6,57,1173
1,1,6,58,1178
1,1,6,59,1188
1,1,6,60,1195
1,1,6,61,1196
1,1,6,62,1168
1,1,6,63,1176
1,1,7,0,1175
1,1,7,1,1175
1,1,7,2,1179
1,1,7,3,1162
1,1,7,4,1167
1,1,7,5,1170
1,1,7,6,1181
1,1,7,7,1190
1,1,7,8,1199
1,1,7,9,1188
1,1,7,10,1186
1,1,7,11,1182
1,1,7,12,1177
1,1,7,13,1165
1,1,7,14,1170
1,1,7,15,1182
1,1,7,16,1185
1,1,7,17,1172
1,1,7,18,1185
1,1,7,19,1155
1,1,7,20,1186
1,1,7,21,1159
1,1,7,22,1185
1,1,7,23,1184
1,1,7,24,1187
1,1,7,25,1169
1,1,7,26,1173
1,1,7,27,1170
1,1,7,28,1177
1,1,7,29,1164
1,1,7,30,1178
1,1,7,31,1201
1,1,7,32,1181
1,1,7,33,1186
1,1,7,34,1190
1,1,7,35,1151
1,1,7,36,1193
1,1,7,37,1167
1,1,7,38,1168
1,1,7,39,1184
1,1,7,40,1177
1,1,7,41,1172
1,1,7,42,1188
1,1,7,43,1209
1,1,7,44,1178
1,1,7,45,1177
1,1,7,46,1197
1,1,7,47,1173
1,1,7,48,1198
1,1,7,49,1179
1,1,7,50,1199
1,1,7,51,1180
1,1,7,52,1183
1,1,7,53,1184
1,1,7,54,1161
1,1,7,55,1169
1,1,7,56,1173
1,1,7,57,1194
1,1,7,58,1190
1,1,7,59,1176
1,1,7,60,1183
1,1,7,61,1161
1,1,7,62,1189
1,1,7,63,1187
1,0,7,0,1169
1,0,7,1,1154
1,0,7,2,1168
1,0,7,3,1200
1,0,7,4,1169
1,0,7,5,1149
1,0,7,6,1147
1,0,7,7,1136
1,0,7,8,1145
1,0,7,9,1149
1,0,7,10,1142
1,0,7,11,1166
1,0,7,12,1158
1,0,7,13,1158
1,0,7,14,1193
1,0,7,15,1150
1,0,7,16,1153
1,0,7,17,1146
1,0,7,18,1185
1,0,7,19,1129
1,0,7,20,1149
1,0,7,21,1159
1,0,7,22,1158
1,0,7,23,1145
1,0,7,24,1152
1,0,7,25,1160
1,0,7,26,1143
1,0,7,27,1161
1,0,7,28,1148
1,0,7,29,1156
1,0,7,30,1151
1,0,7,31,1159
1,0,7,32,1153
1,0,7,33,1164
1,0,7,34,1153
1,0,7,35,1145
1,0,7,36,1156
1,0,7,37,1157
1,0,7,38,1153
1,0,7,39,1155
1,0,7,40,1148
1,0,7,41,1148
1,0,7,42,1140
1,0,7,43,1142
1,0,7,44,1152
1,0,7,45,1129
1,0,7,46,1147
1,0,7,47,1158
1,0,7,48,1132
1,0,7,49,1156
1,0,7,50,1142
1,0,7,51,1153
1,0,7,52,1146
1,0,7,53,1149
1,0,7,54,1145
1,0,7,55,1143
1,0,7,56,1162
1,0,7,57,1135
1,0,7,58,1165
1,0,7,59,1159
1,0,7,60,1139
1,0,7,61,1132
1,0,7,62,1135
1,0,7,63,1160
2,0,0,0,19399
2,0,0,1,19311
2,0,0,2,19635
2,0,0,3,22839
2,0,0,4,24257
2,0,0,5,19367
2,0,0,6,19538
2,0,0,7,19269
2,0,0,8,19368
2,0,0,9,19375
2,0,0,10,19442
2,0,0,11,19801
2,0,0,12,19579
2,0,0,13,19698
2,0,0,14,19368
2,0,0,15,19445
2,0,0,16,19544
2,0,0,17,19603
2,0,0,18,19692
2,0,0,19,19323
2,0,0,20,19339
2,0,0,21,19495
2,0,0,22,19241
2,0,0,23,19538
2,0,0,24,19336
2,0,0,25,19483
2,0,0,26,19398
2,0,0,27,19631
2,0,0,28,19563
2,0,0,29,19466
2,0,0,30,19523
2,0,0,31,19538
2,0,0,32,19497
2,0,0,33,19498
2,0,0,34,19424
2,0,0,35,19384
2,0,0,36,19261
2,0,0,37,19244
2,0,0,38,19548
2,0,0,39,19533
2,0,0,40,19512
2,0,0,41,19501
2,0,0,42,19426
2,0,0,43,19328
2,0,0,44,19434
2,0,0,45,19349
2,0,0,46,19438
2,0,0,47,19291
2,0,0,48,19584
2,0,0,49,19308
2,0,0,50,19335
2,0,0,51,19303
2,0,0,52,19281
2,0,0,53,19600
2,0,0,54,19538
2,0,0,55,19548
2,0,0,56,19424
2,0,0,57,19582
2,0,0,58,19398
2,0,0,59,19333
2,0,0,60,19291
2,0,0,61,19331
2,0,0,62,19486
2,0,0,63,19238
2,1,0,0,19313
2,1,0,1,19290
2,1,0,2,19359
2,1,0,3,19662
2,1,0,4,19360
2,1,0,5,19434
2,1,0,6,19524
2,1,0,7,19601
2,1,0,8,19603
2,1,0,9,19672
2,1,0,10,19568
2,1,0,11,19543
2,1,0,12,19701
2,1,0,13,19376
2,1,0,14,19468
2,1,0,15,19329
2,1,0,16,19376
2,1,0,17,19449
2,1,0,18,19339
2,1,0,19,19467
2,1,0,20,19322
2,1,0,21,19360
2,1,0,22,19392
2,1,0,23,19520
2,1,0,24,19350
2,1,0,25,19262
2,1,0,26,19389
2,1,0,27,19913
2,1,0,28,19558
2,1,0,29,19583
2,1,0,30,19348
2,1,0,31,19619
2,1,0,32,19448
2,1,0,33,19546
2,1,0,34,19425
2,1,0,35,19538
2,1,0,36,19375
2,1,0,37,19524
2,1,0,38,19542
2,1,0,39,19375
2,1,0,40,19290
2,1,0,41,19484
2,1,0,42,19585
2,1,0,43,19405
2,1,0,44,19280
2,1,0,45,19358
2,1,0,46,19646
2,1,0,47,19570
2,1,0,48,19297
2,1,0,49,19376
2,1,0,50,19282
2,1,0,51,19313
2,1,0,52,19346
2,1,0,53,19373
2,1,0,54,19725
2,1,0,55,19362
2,1,0,56,19556
2,1,0,57,19330
2,1,0,58,19532
2,1,0,59,19214
2,1,0,60,19354
2,1,0,61,19304
2,1,0,62,19556
2,1,0,63,19394
2,1,1,0,19319
2,1,1,1,19430
2,1,1,2,19617
2,1,1,3,19431
2,1,1,4,19634
2,1,1,5,19462
2,1,1,6,19488
2,1,1,7,19716
2,1,1,8,19699
2,1,1,9,19355
2,1,1,10,19329
2,1,1,11,19337
2,1,1,12,19261
2,1,1,13,19548
2,1,1,14,19413
2,1,1,15,19424
2,1,1,16,19421
2,1,1,17,19505
2,1,1,18,19409
2,1,1,19,19402
2,1,1,20,19392
2,1,1,21,19333
2,1,1,22,19421
2,1,1,23,19532
2,1,1,24,19580
2,1,1,25,19536
2,1,1,26,19572
2,1,1,27,19686
2,1,1,28,19591
2,1,1,29,19552
2,1,1,30,19552
2,1,1,31,19694
2,1,1,32,19601
2,1,1,33,19540
2,1,1,34,19526
2,1,1,35,19261
2,1,1,36,19746
2,1,1,37,19597
2,1,1,38,19239
2,1,1,39,19261
2,1,1,40,19252
2,1,1,41,19553
2,1,1,42,19422
2,1,1,43,19477
2,1,1,44,19247
2,1,1,45,19502
2,1,1,46,19659
2,1,1,47,19392
2,1,1,48,19403
2,1,1,49,19504
2,1,1,50,19300
2,1,1,51,23449
2,1,1,52,20872
2,1,1,53,19491
2,1,1,54,19408
2,1,1,55,19223
2,1,1,56,19290
2,1,1,57,19417
2,1,1,58,19440
2,1,1,59,19409
2,1,1,60,19523
2,1,1,61,19447
2,1,1,62,19434
2,1,1,63,19554
2,0,1,0,19592
2,0,1,1,19586
2,0,1,2,19435
2,0,1,3,19363
2,0,1,4,19268
2,0,1,5,19616
2,0,1,6,19347
2,0,1,7,19595
2,0,1,8,19661
2,0,1,9,19563
2,0,1,10,19302
2,0,1,11,19430
2,0,1,12,19553
2,0,1,13,19624
2,0,1,14,19648
2,0,1,15,19499
2,0,1,16,19292
2,0,1,17,19334
2,0,1,18,19371
2,0,1,19,19334
2,0,1,20,19359
2,0,1,21,19225
2,0,1,22,19387
2,0,1,23,19472
2,0,1,24,19622
2,0,1,25,19402
2,0,1,26,19390
2,0,1,27,19714
2,0,1,28,19452
2,0,1,29,19638
2,0,1,30,19546
2,0,1,31,19779
2,0,1,32,19548
2,0,1,33,19449
2,0,1,34,19470
2,0,1,35,19550
2,0,1,36,19267
2,0,1,37,19434
2,0,1,38,19280
2,0,1,39,19387
2,0,1,40,19624
2,0,1,41,19758
2,0,1,42,19351
2,0,1,43,19431
2,0,1,44,19297
2,0,1,45,19567
2,0,1,46,19278
2,0,1,47,19615
2,0,1,48,19316
2,0,1,49,19341
2,0,1,50,19304
2,0,1,51,19627
2,0,1,52,19300
2,0,1,53,19425
2,0,1,54,19313
2,0,1,55,19402
2,0,1,56,19459
2,0,1,57,19517
2,0,1,58,19544
2,0,1,59,19618
2,0,1,60,19557
2,0,1,61,19648
2,0,1,62,19568
2,0,1,63,19592
2,0,2,0,19699
2,0,2,1,19285
2,0,2,2,19431
2,0,2,3,19304
2,0,2,4,19561
2,0,2,5,19609
2,0,2,6,19467
2,0,2,7,21003
2,0,2,8,25792
2,0,2,9,19538
2,0,2,10,19415
2,0,2,11,19445
2,0,2,12,19380
2,0,2,13,19265
2,0,2,14,19366
2,0,2,15,19472
2,0,2,16,19297
2,0,2,17,19389
2,0,2,18,19411
2,0,2,19,19474
2,0,2,20,19578
2,0,2,21,19471
2,0,2,22,19328
2,0,2,23,19299
2,0,2,24,19480
2,0,2,25,19405
2,0,2,26,19403
2,0,2,27,19400
2,0,2,28,19321
2,0,2,29,19309
2,0,2,30,19441
2,0,2,31,19300
2,0,2,32,19446
2,0,2,33,19224
2,0,2,34,19317
2,0,2,35,19481
2,0,2,36,19241
2,0,2,37,19237
2,0,2,38,19540
2,0,2,39,19535
2,0,2,40,19588
2,0,2,41,19311
2,0,2,42,19192
2,0,2,43,19388
2,0,2,44,19324
2,0,2,45,19333
2,0,2,46,19263
2,0,2,47,19322
2,0,2,48,33224
2,0,2,49,29648
2,0,2,50,23537
2,0,2,51,25183
2,0,2,52,26701
2,0,2,53,23949
2,0,2,54,23591
2,0,2,55,19486
2,0,2,56,22008
2,0,2,57,24477
2,0,2,58,19692
2,0,2,59,20357
2,0,2,60,19600
2,0,2,61,21134
2,0,2,62,19380
2,0,2,63,23906
2,1,2,0,19540
2,1,2,1,19445
2,1,2,2,30572
2,1,2,3,21121
2,1,2,4,19414
2,1,2,5,21538
2,1,2,6,22886
2,1,2,7,20611
2,1,2,8,22194
2,1,2,9,22922
2,1,2,10,19687
2,1,2,11,20032
2,1,2,12,26316
2,1,2,13,22760
2,1,2,14,22723
2,1,2,15,19467
2,1,2,16,20986
2,1,2,17,19318
2,1,2,18,19415
2,1,2,19,19957
2,1,2,20,19399
2,1,2,21,23954
2,1,2,22,19367
2,1,2,23,23630
2,1,2,24,20213
2,1,2,25,37475
2,1,2,26,27741
2,1,2,27,19691
2,1,2,28,20220
2,1,2,29,25257
2,1,2,30,24917
2,1,2,31,22547
2,1,2,32,22822
2,1,2,33,19304
2,1,2,34,23413
2,1,2,35,19490
2,1,2,36,22402
2,1,2,37,22313
2,1,2,38,21430
2,1,2,39,27258
2,1,2,40,19282
2,1,2,41,20743
2,1,2,42,22288
2,1,2,43,22785
2,1,2,44,21038
2,1,2,45,20069
2,1,2,46,29901
2,1,2,47,22014
2,1,2,48,28747
2,1,2,49,20195
2,1,2,50,27412
2,1,2,51,21055
2,1,2,52,19329
2,1,2,53,19615
2,1,2,54,19334
2,1,2,55,19592
2,1,2,56,19427
2,1,2,57,23237
2,1,2,58,25403
2,1,2,59,22089
2,1,2,60,21045
2,1,2,61,19590
2,1,2,62,19642
2,1,2,63,19626
2,1,3,0,19610
2,1,3,1,19579
2,1,3,2,19451
2,1,3,3,19468
2,1,3,4,19524
2,1,3,5,19470
2,1,3,6,19340
2,1,3,7,19361
2,1,3,8,19408
2,1,3,9,19474
2,1,3,10,19443
2,1,3,11,19617
2,1,3,12,19473
2,1,3,13,19541
2,1,3,14,19443
2,1,3,15,19473
2,1,3,16,19429
2,1,3,17,19513
2,1,3,18,19633
2,1,3,19,19650
2,1,3,20,19320
2,1,3,21,19283
2,1,3,22,19403
2,1,3,23,19449
2,1,3,24,19306
2,1,3,25,19551
2,1,3,26,19530
2,1,3,27,19526
2,1,3,28,19733
2,1,3,29,19309
2,1,3,30,19482
2,1,3,31,19635
2,1,3,32,19551
2,1,3,33,19649
2,1,3,34,19665
2,1,3,35,19611
2,1,3,36,19432
2,1,3,37,19535
2,1,3,38,19502
2,1,3,39,19387
2,1,3,40,19428
2,1,3,41,19416
2,1,3,42,19474
2,1,3,43,21732
2,1,3,44,19531
2,1,3,45,19519
2,1,3,46,19351
2,1,3,47,19488
2,1,3,48,19772
2,1,3,49,19253
2,1,3,50,19544
2,1,3,51,19442
2,1,3,52,19647
2,1,3,53,19231
2,1,3,54,19286
2,1,3,55,19251
2,1,3,56,19281
2,1,3,57,19624
2,1,3,58,19611
2,1,3,59,19623
2,1,3,60,19509
2,1,3,61,19366
2,1,3,62,19541
2,1,3,63,19366
2,0,3,0,19357
2,0,3,1,19536
2,0,3,2,19303
2,0,3,3,19526
2,0,3,4,19288
2,0,3,5,19386
2,0,3,6,19304
2,0,3,7,19332
2,0,3,8,19256
2,0,3,9,19231
2,0,3,10,19227
2,0,3,11,19270
2,0,3,12,19302
2,0,3,13,19457
2,0,3,14,19375
2,0,3,15,19365
2,0,3,16,19300
2,0,3,17,19313
2,0,3,18,19767
2,0,3,19,19396
2,0,3,20,19267
2,0,3,21,19216
2,0,3,22,19294
2,0,3,23,19391
2,0,3,24,19427
2,0,3,25,19474
2,0,3,26,19610
2,0,3,27,19351
2,0,3,28,19433
2,0,3,29,19390
2,0,3,30,19406
2,0,3,31,19360
2,0,3,32,19276
2,0,3,33,19230
2,0,3,34,19297
2,0,3,35,19525
2,0,3,36,19280
2,0,3,37,19440
2,0,3,38,19372
2,0,3,39,19290
2,0,3,40,19512
2,0,3,41,19242
2,0,3,42,19467
2,0,3,43,19279
2,0,3,44,19405
2,0,3,45,19312
2,0,3,46,19332
2,0,3,47,19320
2,0,3,48,19407
2,0,3,49,19213
2,0,3,50,19313
2,0,3,51,19457
2,0,3,52,19595
2,0,3,53,19394
2,0,3,54,19350
2,0,3,55,19304
2,0,3,56,19313
2,0,3,57,19328
2,0,3,58,19631
2,0,3,59,19307
2,0,3,60,19589
2,0,3,61,19681
2,0,3,62,19379
2,0,3,63,19396
2,0,4,0,24583
2,0,4,1,20094
2,0,4,2,19225
2,0,4,3,19341
2,0,4,4,19278
2,0,4,5,19193
2,0,4,6,19315
2,0,4,7,19613
2,0,4,8,19354
2,0,4,9,19353
2,0,4,10,19425
2,0,4,11,19408
2,0,4,12,19458
2,0,4,13,19422
2,0,4,14,19484
2,0,4,15,19345
2,0,4,16,19378
2,0,4,17,19387
2,0,4,18,19311
2,0,4,19,19283
2,0,4,20,19537
2,0,4,21,19279
2,0,4,22,19484
2,0,4,23,19425
2,0,4,24,19475
2,0,4,25,19552
2,0,4,26,19536
2,0,4,27,19550
2,0,4,28,19464
2,0,4,29,19567
2,0,4,30,19412
2,0,4,31,19299
2,0,4,32,19245
2,0,4,33,19310
2,0,4,34,19289
2,0,4,35,19242
2,0,4,36,19367
2,0,4,37,19457
2,0,4,38,19310
2,0,4,39,19363
2,0,4,40,19496
2,0,4,41,19276
2,0,4,42,19434
2,0,4,43,19314
2,0,4,44,19381
2,0,4,45,21811
2,0,4,46,19254
2,0,4,47,19395
2,0,4,48,19170
2,0,4,49,19346
2,0,4,50,19245
2,0,4,51,19444
2,0,4,52,19572
2,0,4,53,19227
2,0,4,54,19337
2,0,4,55,19236
2,0,4,56,19294
2,0,4,57,19591
2,0,4,58,19421
2,0,4,59,19544
2,0,4,60,19369
2,0,4,61,19429
2,0,4,62,19700
2,0,4,63,19340
2,1,4,0,19218
2,1,4,1,19636
2,1,4,2,19568
2,1,4,3,19680
2,1,4,4,19581
2,1,4,5,19745
2,1,4,6,19382
2,1,4,7,19575
2,1,4,8,19634
2,1,4,9,19546
2,1,4,10,19404
2,1,4,11,19439
2,1,4,12,19543
2,1,4,13,19549
2,1,4,14,19609
2,1,4,15,19661
2,1,4,16,19658
2,1,4,17,19752
2,1,4,18,19706
2,1,4,19,19376
2,1,4,20,19484
2,1,4,21,19636
2,1,4,22,19436
2,1,4,23,19559
2,1,4,24,24069
2,1,4,25,19760
2,1,4,26,19472
2,1,4,27,19444
2,1,4,28,19602
2,1,4,29,19456
2,1,4,30,19400
2,1,4,31,19748
2,1,4,32,19505
2,1,4,33,19499
2,1,4,34,19308
2,1,4,35,19580
2,1,4,36,19420
2,1,4,37,19530
2,1,4,38,19753
2,1,4,39,19461
2,1,4,40,19570
2,1,4,41,19498
2,1,4,42,19566
2,1,4,43,19568
2,1,4,44,19358
2,1,4,45,19306
2,1,4,46,19347
2,1,4,47,19409
2,1,4,48,19305
2,1,4,49,19493
2,1,4,50,19363
2,1,4,51,19528
2,1,4,52,19604
2,1,4,53,19756
2,1,4,54,19471
2,1,4,55,19402
2,1,4,56,19491
2,1,4,57,19647
2,1,4,58,19348
2,1,4,59,19534
2,1,4,60,19503
2,1,4,61,19553
2,1,4,62,19264
2,1,4,63,19353
2,1,5,0,19637
2,1,5,1,19538
2,1,5,2,19424
2,1,5,3,19361
2,1,5,4,19550
2,1,5,5,19727
2,1,5,6,19524
2,1,5,7,19552
2,1,5,8,19415
2,1,5,9,19393
2,1,5,10,19524
2,1,5,11,19632
2,1,5,12,19408
2,1,5,13,19368
2,1,5,14,19359
2,1,5,15,19362
2,1,5,16,19688
2,1,5,17,19460
2,1,5,18,19369
2,1,5,19,19346
2,1,5,20,19393
2,1,5,21,19541
2,1,5,22,19133
2,1,5,23,19494
2,1,5,24,19312
2,1,5,25,19504
2,1,5,26,19557
2,1,5,27,19508
2,1,5,28,19448
2,1,5,29,19698
2,1,5,30,19615
2,1,5,31,19188
2,1,5,32,19314
2,1,5,33,19419
2,1,5,34,19487
2,1,5,35,19489
2,1,5,36,19403
2,1,5,37,19425
2,1,5,38,19297
2,1,5,39,19416
2,1,5,40,19510
2,1,5,41,19479
2,1,5,42,19338
2,1,5,43,19311
2,1,5,44,19472
2,1,5,45,19579
2,1,5,46,19398
2,1,5,47,22059
2,1,5,48,24440
2,1,5,49,19672
2,1,5,50,19496
2,1,5,51,19661
2,1,5,52,19664
2,1,5,53,19562
2,1,5,54,19408
2,1,5,55,19426
2,1,5,56,19557
2,1,5,57,19499
2,1,5,58,19640
2,1,5,59,19567
2,1,5,60,19573
2,1,5,61,19655
2,1,5,62,19479
2,1,5,63,19494
2,0,5,0,19231
2,0,5,1,19555
2,0,5,2,19275
2,0,5,3,19587
2,0,5,4,19453
2,0,5,5,19568
2,0,5,6,19706
2,0,5,7,24031
2,0,5,8,19563
2,0,5,9,23915
2,0,5,10,20570
2,0,5,11,19270
2,0,5,12,19679
2,0,5,13,19500
2,0,5,14,19593
2,0,5,15,19605
2,0,5,16,19365
2,0,5,17,22563
2,0,5,18,19263
2,0,5,19,22398
2,0,5,20,19289
2,0,5,21,21548
2,0,5,22,21434
2,0,5,23,19232
2,0,5,24,19960
2,0,5,25,19271
2,0,5,26,19281
2,0,5,27,21042
2,0,5,28,19347
2,0,5,29,19356
2,0,5,30,19365
2,0,5,31,19314
2,0,5,32,19858
2,0,5,33,21939
2,0,5,34,19243
2,0,5,35,20360
2,0,5,36,21121
2,0,5,37,21689
2,0,5,38,21021
2,0,5,39,19420
2,0,5,40,23149
2,0,5,41,19287
2,0,5,42,19292
2,0,5,43,19432
2,0,5,44,22274
2,0,5,45,19668
2,0,5,46,19392
2,0,5,47,19305
2,0,5,48,20623
2,0,5,49,19524
2,0,5,50,20477
2,0,5,51,28141
2,0,5,52,19372
2,0,5,53,19480
2,0,5,54,19281
2,0,5,55,19298
2,0,5,56,19397
2,0,5,57,21572
2,0,5,58,19572
2,0,5,59,21472
2,0,5,60,19943
2,0,5,61,19323
2,0,5,62,19264
2,0,5,63,19313
2,0,6,0,20093
2,0,6,1,19905
2,0,6,2,19310
2,0,6,3,19440
2,0,6,4,19351
2,0,6,5,19669
2,0,6,6,19354
2,0,6,7,19353
2,0,6,8,19319
2,0,6,9,19175
2,0,6,10,19540
2,0,6,11,19641
2,0,6,12,19380
2,0,6,13,19671
2,0,6,14,19280
2,0,6,15,19513
2,0,6,16,19757
2,0,6,17,19477
2,0,6,18,19403
2,0,6,19,19298
2,0,6,20,19473
2,0,6,21,19525
2,0,6,22,19427
2,0,6,23,19484
2,0,6,24,19421
2,0,6,25,19329
2,0,6,26,19252
2,0,6,27,19577
2,0,6,28,19520
2,0,6,29,19596
2,0,6,30,19683
2,0,6,31,19572
2,0,6,32,19301
2,0,6,33,19515
2,0,6,34,19450
2,0,6,35,19280
2,0,6,36,19306
2,0,6,37,19357
2,0,6,38,19314
2,0,6,39,19464
2,0,6,40,19307
2,0,6,41,19462
2,0,6,42,19286
2,0,6,43,19292
2,0,6,44,19500
2,0,6,45,19319
2,0,6,46,19261
2,0,6,47,19257
2,0,6,48,19570
2,0,6,49,19310
2,0,6,50,19397
2,0,6,51,19269
2,0,6,52,19482
2,0,6,53,19468
2,0,6,54,19614
2,0,6,55,19302
2,0,6,56,19402
2,0,6,57,19380
2,0,6,58,19509
2,0,6,59,19568
2,0,6,60,19589
2,0,6,61,19301
2,0,6,62,19276
2,0,6,63,19588
2,1,6,0,19320
2,1,6,1,19434
2,1,6,2,19686
2,1,6,3,19452
2,1,6,4,19363
2,1,6,5,19440
2,1,6,6,19699
2,1,6,7,19664
2,1,6,8,19614
2,1,6,9,19408
2,1,6,10,19623
2,1,6,11,19610
2,1,6,12,19456
2,1,6,13,19391
2,1,6,14,19457
2,1,6,15,19587
2,1,6,16,19578
2,1,6,17,19368
2,1,6,18,19639
2,1,6,19,19474
2,1,6,20,19571
2,1,6,21,19553
2,1,6,22,19345
2,1,6,23,24201
2,1,6,24,20502
2,1,6,25,19417
2,1,6,26,19452
2,1,6,27,19353
2,1,6,28,19513
2,1,6,29,19323
2,1,6,30,19402
2,1,6,31,19473
2,1,6,32,19646
2,1,6,33,19286
2,1,6,34,19532
2,1,6,35,19638
2,1,6,36,19632
2,1,6,37,19579
2,1,6,38,19444
2,1,6,39,19512
2,1,6,40,19573
2,1,6,41,19456
2,1,6,42,19505
2,1,6,43,19363
2,1,6,44,19519
2,1,6,45,19601
2,1,6,46,19444
2,1,6,47,19338
2,1,6,48,19724
2,1,6,49,19264
2,1,6,50,19437
2,1,6,51,19465
2,1,6,52,19497
2,1,6,53,19523
2,1,6,54,19331
2,1,6,55,19283
2,1,6,56,19558
2,1,6,57,19422
2,1,6,58,19606
2,1,6,59,19671
2,1,6,60,19315
2,1,6,61,19591
2,1,6,62,19291
2,1,6,63,19406
2,1,7,0,19561
2,1,7,1,19599
2,1,7,2,19620
2,1,7,3,19570
2,1,7,4,19549
2,1,7,5,19394
2,1,7,6,19327
2,1,7,7,19481
2,1,7,8,19502
2,1,7,9,19246
2,1,7,10,19456
2,1,7,11,19561
2,1,7,12,19370
2,1,7,13,19570
2,1,7,14,19635
2,1,7,15,19604
2,1,7,16,19466
2,1,7,17,19389
2,1,7,18,19455
2,1,7,19,19457
2,1,7,20,19454
2,1,7,21,19483
2,1,7,22,19289
2,1,7,23,19475
2,1,7,24,19436
2,1,7,25,19404
2,1,7,26,19497
2,1,7,27,19305
2,1,7,28,19376
2,1,7,29,19444
2,1,7,30,19303
2,1,7,31,19280
2,1,7,32,19432
2,1,7,33,19589
2,1,7,34,19434
2,1,7,35,19659
2,1,7,36,19533
2,1,7,37,19433
2,1,7,38,19408
2,1,7,39,19384
2,1,7,40,19590
2,1,7,41,19563
2,1,7,42,19532
2,1,7,43,19340
2,1,7,44,19355
2,1,7,45,19346
2,1,7,46,19386
2,1,7,47,24596
2,1,7,48,24603
2,1,7,49,19652
2,1,7,50,19351
2,1,7,51,19408
2,1,7,52,19590
2,1,7,53,19308
2,1,7,54,19731
2,1,7,55,19452
2,1,7,56,19248
2,1,7,57,19454
2,1,7,58,19668
2,1,7,59,19623
2,1,7,60,19594
2,1,7,61,19532
2,1,7,62,19582
2,1,7,63,19672
2,0,7,0,19221
2,0,7,1,19585
2,0,7,2,19452
2,0,7,3,19434
2,0,7,4,19285
2,0,7,5,19390
2,0,7,6,19508
2,0,7,7,19628
2,0,7,8,19600
2,0,7,9,19206
2,0,7,10,19272
2,0,7,11,19252
2,0,7,12,19341
2,0,7,13,19351
2,0,7,14,19452
2,0,7,15,19258
2,0,7,16,19457
2,0,7,17,19403
2,0,7,18,19298
2,0,7,19,19308
2,0,7,20,19260
2,0,7,21,19348
2,0,7,22,19207
2,0,7,23,19222
2,0,7,24,19395
2,0,7,25,19236
2,0,7,26,19386
2,0,7,27,19421
2,0,7,28,19214
2,0,7,29,19452
2,0,7,30,19516
2,0,7,31,19344
2,0,7,32,19392
2,0,7,33,19423
2,0,7,34,19481
2,0,7,35,19289
2,0,7,36,19404
2,0,7,37,19568
2,0,7,38,19550
2,0,7,39,19636
2,0,7,40,19492
2,0,7,41,19267
2,0,7,42,19291
2,0,7,43,19627
2,0,7,44,19384
2,0,7,45,19654
2,0,7,46,19473
2,0,7,47,19512
2,0,7,48,19510
2,0,7,49,19464
2,0,7,50,19260
2,0,7,51,19373
2,0,7,52,19336
2,0,7,53,19500
2,0,7,54,19314
2,0,7,55,19456
2,0,7,56,19548
2,0,7,57,19190
2,0,7,58,19720
2,0,7,59,19239
2,0,7,60,19274
2,0,7,61,19306
2,0,7,62,19313
2,0,7,63,19457
