SLOTHY version: 0.2.0
Instructions in body: 90
Perform internal binary search for minimal number of stalls...
Attempt optimization with max 0 stalls...
Setting timeout of 30 seconds...
Objective: minimize cycles
Invoking external constraint solver (OR-Tools CP-SAT v9.15.6755) ...
INFEASIBLE, wall time: 0.013294 s
Attempt optimization with max 1 stalls...
Setting timeout of 30 seconds...
Objective: minimize cycles
Invoking external constraint solver (OR-Tools CP-SAT v9.15.6755) ...
INFEASIBLE, wall time: 0.002127 s
Attempt optimization with max 2 stalls...
Setting timeout of 30 seconds...
Objective: minimize cycles
Invoking external constraint solver (OR-Tools CP-SAT v9.15.6755) ...
INFEASIBLE, wall time: 0.002137 s
Attempt optimization with max 4 stalls...
Setting timeout of 30 seconds...
Objective: minimize cycles
Invoking external constraint solver (OR-Tools CP-SAT v9.15.6755) ...
INFEASIBLE, wall time: 0.002044 s
Attempt optimization with max 8 stalls...
Setting timeout of 30 seconds...
Objective: minimize cycles
Invoking external constraint solver (OR-Tools CP-SAT v9.15.6755) ...
INFEASIBLE, wall time: 0.002050 s
Attempt optimization with max 16 stalls...
Setting timeout of 30 seconds...
Objective: minimize cycles
Invoking external constraint solver (OR-Tools CP-SAT v9.15.6755) ...
INFEASIBLE, wall time: 0.002156 s
Attempt optimization with max 32 stalls...
Setting timeout of 30 seconds...
Objective: minimize cycles
Invoking external constraint solver (OR-Tools CP-SAT v9.15.6755) ...
INFEASIBLE, wall time: 0.018613 s
Attempt optimization with max 64 stalls...
Setting timeout of 30 seconds...
Objective: minimize cycles
Invoking external constraint solver (OR-Tools CP-SAT v9.15.6755) ...
INFEASIBLE, wall time: 0.060433 s
Attempt optimization with max 128 stalls...
Setting timeout of 30 seconds...
Objective: minimize cycles
Invoking external constraint solver (OR-Tools CP-SAT v9.15.6755) ...
[0.2031s]: Found 1 solutions so far... objective (minimize cycles): currently  (Cycles ~ 113.0, IPC ~ 0.80), bound  (Cycles ~ 78.0, IPC ~ 1.15)
[0.2469s]: Found 2 solutions so far... objective (minimize cycles): currently  (Cycles ~ 112.0, IPC ~ 0.80), bound  (Cycles ~ 78.0, IPC ~ 1.15)
[0.2596s]: Found 3 solutions so far... objective (minimize cycles): currently  (Cycles ~ 108.0, IPC ~ 0.83), bound  (Cycles ~ 79.0, IPC ~ 1.14)
[0.2983s]: Found 4 solutions so far... objective (minimize cycles): currently  (Cycles ~ 106.0, IPC ~ 0.85), bound  (Cycles ~ 79.0, IPC ~ 1.14)
[0.3839s]: Found 5 solutions so far... objective (minimize cycles): currently  (Cycles ~ 104.0, IPC ~ 0.87), bound  (Cycles ~ 79.0, IPC ~ 1.14)
[0.3843s]: Found 6 solutions so far... objective (minimize cycles): currently  (Cycles ~ 101.0, IPC ~ 0.89), bound  (Cycles ~ 79.0, IPC ~ 1.14)
OPTIMAL, wall time: 0.469512 s
Booleans in result: 211
OK!
LLVM (llvm-mc, llvm-nm, llvm-readobj) not found, disabling selftest. Consider installing LLVM.
Minimum number of stalls: 78
SLOTHY version: 0.2.0
Instructions in body: 66
Perform internal binary search for minimal number of stalls...
Attempt optimization with max 0 stalls...
Setting timeout of 30 seconds...
Objective: minimize cycles
Invoking external constraint solver (OR-Tools CP-SAT v9.15.6755) ...
INFEASIBLE, wall time: 0.001323 s
Attempt optimization with max 1 stalls...
Setting timeout of 30 seconds...
Objective: minimize cycles
Invoking external constraint solver (OR-Tools CP-SAT v9.15.6755) ...
INFEASIBLE, wall time: 0.001680 s
Attempt optimization with max 2 stalls...
Setting timeout of 30 seconds...
Objective: minimize cycles
Invoking external constraint solver (OR-Tools CP-SAT v9.15.6755) ...
INFEASIBLE, wall time: 0.001664 s
Attempt optimization with max 4 stalls...
Setting timeout of 30 seconds...
Objective: minimize cycles
Invoking external constraint solver (OR-Tools CP-SAT v9.15.6755) ...
INFEASIBLE, wall time: 0.001683 s
Attempt optimization with max 8 stalls...
Setting timeout of 30 seconds...
Objective: minimize cycles
Invoking external constraint solver (OR-Tools CP-SAT v9.15.6755) ...
INFEASIBLE, wall time: 0.001680 s
Attempt optimization with max 16 stalls...
Setting timeout of 30 seconds...
Objective: minimize cycles
Invoking external constraint solver (OR-Tools CP-SAT v9.15.6755) ...
INFEASIBLE, wall time: 0.001646 s
Attempt optimization with max 32 stalls...
Setting timeout of 30 seconds...
Objective: minimize cycles
Invoking external constraint solver (OR-Tools CP-SAT v9.15.6755) ...
INFEASIBLE, wall time: 0.009893 s
Attempt optimization with max 64 stalls...
Setting timeout of 30 seconds...
Objective: minimize cycles
Invoking external constraint solver (OR-Tools CP-SAT v9.15.6755) ...
INFEASIBLE, wall time: 0.035189 s
Attempt optimization with max 128 stalls...
Setting timeout of 30 seconds...
Objective: minimize cycles
Invoking external constraint solver (OR-Tools CP-SAT v9.15.6755) ...
[0.0453s]: Found 1 solutions so far... objective (minimize cycles): currently  (Cycles ~ 104.0, IPC ~ 0.63), bound  (Cycles ~ 85.0, IPC ~ 0.78)
[0.0658s]: Found 2 solutions so far... objective (minimize cycles): currently  (Cycles ~ 97.0, IPC ~ 0.68), bound  (Cycles ~ 92.0, IPC ~ 0.72)
OPTIMAL, wall time: 0.073207 s
Booleans in result: 122
OK!
LLVM (llvm-mc, llvm-nm, llvm-readobj) not found, disabling selftest. Consider installing LLVM.
Minimum number of stalls: 80
SLOTHY version: 0.2.0
Instructions in body: 66
Perform internal binary search for minimal number of stalls...
Attempt optimization with max 0 stalls...
Setting timeout of 30 seconds...
Objective: minimize cycles
Invoking external constraint solver (OR-Tools CP-SAT v9.15.6755) ...
INFEASIBLE, wall time: 0.001427 s
Attempt optimization with max 1 stalls...
Setting timeout of 30 seconds...
Objective: minimize cycles
Invoking external constraint solver (OR-Tools CP-SAT v9.15.6755) ...
INFEASIBLE, wall time: 0.001627 s
Attempt optimization with max 2 stalls...
Setting timeout of 30 seconds...
Objective: minimize cycles
Invoking external constraint solver (OR-Tools CP-SAT v9.15.6755) ...
INFEASIBLE, wall time: 0.001725 s
Attempt optimization with max 4 stalls...
Setting timeout of 30 seconds...
Objective: minimize cycles
Invoking external constraint solver (OR-Tools CP-SAT v9.15.6755) ...
INFEASIBLE, wall time: 0.001595 s
Attempt optimization with max 8 stalls...
Setting timeout of 30 seconds...
Objective: minimize cycles
Invoking external constraint solver (OR-Tools CP-SAT v9.15.6755) ...
INFEASIBLE, wall time: 0.001820 s
Attempt optimization with max 16 stalls...
Setting timeout of 30 seconds...
Objective: minimize cycles
Invoking external constraint solver (OR-Tools CP-SAT v9.15.6755) ...
INFEASIBLE, wall time: 0.001598 s
Attempt optimization with max 32 stalls...
Setting timeout of 30 seconds...
Objective: minimize cycles
Invoking external constraint solver (OR-Tools CP-SAT v9.15.6755) ...
INFEASIBLE, wall time: 0.008933 s
Attempt optimization with max 64 stalls...
Setting timeout of 30 seconds...
Objective: minimize cycles
Invoking external constraint solver (OR-Tools CP-SAT v9.15.6755) ...
INFEASIBLE, wall time: 0.029692 s
Attempt optimization with max 128 stalls...
Setting timeout of 30 seconds...
Objective: minimize cycles
Invoking external constraint solver (OR-Tools CP-SAT v9.15.6755) ...
[0.0693s]: Found 1 solutions so far... objective (minimize cycles): currently  (Cycles ~ 104.0, IPC ~ 0.63), bound  (Cycles ~ 70.0, IPC ~ 0.94)
[0.0903s]: Found 2 solutions so far... objective (minimize cycles): currently  (Cycles ~ 103.0, IPC ~ 0.64), bound  (Cycles ~ 70.0, IPC ~ 0.94)
[0.0955s]: Found 3 solutions so far... objective (minimize cycles): currently  (Cycles ~ 100.0, IPC ~ 0.66), bound  (Cycles ~ 70.0, IPC ~ 0.94)
[0.0987s]: Found 4 solutions so far... objective (minimize cycles): currently  (Cycles ~ 98.0, IPC ~ 0.67), bound  (Cycles ~ 70.0, IPC ~ 0.94)
OPTIMAL, wall time: 0.206975 s
Booleans in result: 149
OK!
LLVM (llvm-mc, llvm-nm, llvm-readobj) not found, disabling selftest. Consider installing LLVM.
Minimum number of stalls: 81
SLOTHY version: 0.2.0
Instructions in body: 71
Perform internal binary search for minimal number of stalls...
Attempt optimization with max 0 stalls...
Setting timeout of 30 seconds...
Objective: minimize cycles
Invoking external constraint solver (OR-Tools CP-SAT v9.15.6755) ...
INFEASIBLE, wall time: 0.001282 s
Attempt optimization with max 1 stalls...
Setting timeout of 30 seconds...
Objective: minimize cycles
Invoking external constraint solver (OR-Tools CP-SAT v9.15.6755) ...
INFEASIBLE, wall time: 0.001847 s
Attempt optimization with max 2 stalls...
Setting timeout of 30 seconds...
Objective: minimize cycles
Invoking external constraint solver (OR-Tools CP-SAT v9.15.6755) ...
INFEASIBLE, wall time: 0.001713 s
Attempt optimization with max 4 stalls...
Setting timeout of 30 seconds...
Objective: minimize cycles
Invoking external constraint solver (OR-Tools CP-SAT v9.15.6755) ...
INFEASIBLE, wall time: 0.001652 s
Attempt optimization with max 8 stalls...
Setting timeout of 30 seconds...
Objective: minimize cycles
Invoking external constraint solver (OR-Tools CP-SAT v9.15.6755) ...
INFEASIBLE, wall time: 0.001854 s
Attempt optimization with max 16 stalls...
Setting timeout of 30 seconds...
Objective: minimize cycles
Invoking external constraint solver (OR-Tools CP-SAT v9.15.6755) ...
INFEASIBLE, wall time: 0.001888 s
Attempt optimization with max 32 stalls...
Setting timeout of 30 seconds...
Objective: minimize cycles
Invoking external constraint solver (OR-Tools CP-SAT v9.15.6755) ...
INFEASIBLE, wall time: 0.010983 s
Attempt optimization with max 64 stalls...
Setting timeout of 30 seconds...
Objective: minimize cycles
Invoking external constraint solver (OR-Tools CP-SAT v9.15.6755) ...
INFEASIBLE, wall time: 0.013978 s
Attempt optimization with max 128 stalls...
Setting timeout of 30 seconds...
Objective: minimize cycles
Invoking external constraint solver (OR-Tools CP-SAT v9.15.6755) ...
[0.1782s]: Found 1 solutions so far... objective (minimize cycles): currently  (Cycles ~ 104.0, IPC ~ 0.68), bound  (Cycles ~ 99.0, IPC ~ 0.72)
[0.1852s]: Found 2 solutions so far... objective (minimize cycles): currently  (Cycles ~ 103.0, IPC ~ 0.69), bound  (Cycles ~ 99.0, IPC ~ 0.72)
[0.1886s]: Found 3 solutions so far... objective (minimize cycles): currently  (Cycles ~ 101.0, IPC ~ 0.70), bound  (Cycles ~ 99.0, IPC ~ 0.72)
[0.1918s]: Found 4 solutions so far... objective (minimize cycles): currently  (Cycles ~ 100.0, IPC ~ 0.71), bound  (Cycles ~ 99.0, IPC ~ 0.72)
[0.1942s]: Found 5 solutions so far... objective (minimize cycles): currently  (Cycles ~ 99.0, IPC ~ 0.72), bound  (Cycles ~ 99.0, IPC ~ 0.72)
Closer than 0 stalls to theoretical optimum... stop
OPTIMAL, wall time: 0.197981 s
Booleans in result: 137
OK!
LLVM (llvm-mc, llvm-nm, llvm-readobj) not found, disabling selftest. Consider installing LLVM.
Minimum number of stalls: 81
SLOTHY version: 0.2.0
Instructions in body: 70
Perform internal binary search for minimal number of stalls...
Attempt optimization with max 0 stalls...
Setting timeout of 30 seconds...
Objective: minimize cycles
Invoking external constraint solver (OR-Tools CP-SAT v9.15.6755) ...
INFEASIBLE, wall time: 0.001333 s
Attempt optimization with max 1 stalls...
Setting timeout of 30 seconds...
Objective: minimize cycles
Invoking external constraint solver (OR-Tools CP-SAT v9.15.6755) ...
INFEASIBLE, wall time: 0.001667 s
Attempt optimization with max 2 stalls...
Setting timeout of 30 seconds...
Objective: minimize cycles
Invoking external constraint solver (OR-Tools CP-SAT v9.15.6755) ...
INFEASIBLE, wall time: 0.001938 s
Attempt optimization with max 4 stalls...
Setting timeout of 30 seconds...
Objective: minimize cycles
Invoking external constraint solver (OR-Tools CP-SAT v9.15.6755) ...
INFEASIBLE, wall time: 0.001880 s
Attempt optimization with max 8 stalls...
Setting timeout of 30 seconds...
Objective: minimize cycles
Invoking external constraint solver (OR-Tools CP-SAT v9.15.6755) ...
INFEASIBLE, wall time: 0.001809 s
Attempt optimization with max 16 stalls...
Setting timeout of 30 seconds...
Objective: minimize cycles
Invoking external constraint solver (OR-Tools CP-SAT v9.15.6755) ...
INFEASIBLE, wall time: 0.001727 s
Attempt optimization with max 32 stalls...
Setting timeout of 30 seconds...
Objective: minimize cycles
Invoking external constraint solver (OR-Tools CP-SAT v9.15.6755) ...
INFEASIBLE, wall time: 0.010343 s
Attempt optimization with max 64 stalls...
Setting timeout of 30 seconds...
Objective: minimize cycles
Invoking external constraint solver (OR-Tools CP-SAT v9.15.6755) ...
INFEASIBLE, wall time: 0.038656 s
Attempt optimization with max 128 stalls...
Setting timeout of 30 seconds...
Objective: minimize cycles
Invoking external constraint solver (OR-Tools CP-SAT v9.15.6755) ...
[0.2549s]: Found 1 solutions so far... objective (minimize cycles): currently  (Cycles ~ 125.0, IPC ~ 0.56), bound  (Cycles ~ 74.0, IPC ~ 0.95)
[0.3558s]: Found 2 solutions so far... objective (minimize cycles): currently  (Cycles ~ 124.0, IPC ~ 0.56), bound  (Cycles ~ 74.0, IPC ~ 0.95)
[0.4740s]: Found 3 solutions so far... objective (minimize cycles): currently  (Cycles ~ 120.0, IPC ~ 0.58), bound  (Cycles ~ 74.0, IPC ~ 0.95)
[0.5231s]: Found 4 solutions so far... objective (minimize cycles): currently  (Cycles ~ 119.0, IPC ~ 0.59), bound  (Cycles ~ 86.0, IPC ~ 0.81)
[0.5319s]: Found 5 solutions so far... objective (minimize cycles): currently  (Cycles ~ 118.0, IPC ~ 0.59), bound  (Cycles ~ 86.0, IPC ~ 0.81)
[0.5325s]: Found 6 solutions so far... objective (minimize cycles): currently  (Cycles ~ 99.0, IPC ~ 0.71), bound  (Cycles ~ 86.0, IPC ~ 0.81)
[0.5851s]: Found 7 solutions so far... objective (minimize cycles): currently  (Cycles ~ 98.0, IPC ~ 0.71), bound  (Cycles ~ 88.0, IPC ~ 0.80)
[0.5916s]: Found 8 solutions so far... objective (minimize cycles): currently  (Cycles ~ 96.0, IPC ~ 0.73), bound  (Cycles ~ 88.0, IPC ~ 0.80)
OPTIMAL, wall time: 0.660655 s
Booleans in result: 265
OK!
LLVM (llvm-mc, llvm-nm, llvm-readobj) not found, disabling selftest. Consider installing LLVM.
Minimum number of stalls: 78
SLOTHY version: 0.2.0
Instructions in body: 61
Perform internal binary search for minimal number of stalls...
Attempt optimization with max 0 stalls...
Setting timeout of 30 seconds...
Objective: minimize cycles
Invoking external constraint solver (OR-Tools CP-SAT v9.15.6755) ...
INFEASIBLE, wall time: 0.001442 s
Attempt optimization with max 1 stalls...
Setting timeout of 30 seconds...
Objective: minimize cycles
Invoking external constraint solver (OR-Tools CP-SAT v9.15.6755) ...
INFEASIBLE, wall time: 0.001646 s
Attempt optimization with max 2 stalls...
Setting timeout of 30 seconds...
Objective: minimize cycles
Invoking external constraint solver (OR-Tools CP-SAT v9.15.6755) ...
INFEASIBLE, wall time: 0.001551 s
Attempt optimization with max 4 stalls...
Setting timeout of 30 seconds...
Objective: minimize cycles
Invoking external constraint solver (OR-Tools CP-SAT v9.15.6755) ...
INFEASIBLE, wall time: 0.001561 s
Attempt optimization with max 8 stalls...
Setting timeout of 30 seconds...
Objective: minimize cycles
Invoking external constraint solver (OR-Tools CP-SAT v9.15.6755) ...
INFEASIBLE, wall time: 0.001636 s
Attempt optimization with max 16 stalls...
Setting timeout of 30 seconds...
Objective: minimize cycles
Invoking external constraint solver (OR-Tools CP-SAT v9.15.6755) ...
INFEASIBLE, wall time: 0.001445 s
Attempt optimization with max 32 stalls...
Setting timeout of 30 seconds...
Objective: minimize cycles
Invoking external constraint solver (OR-Tools CP-SAT v9.15.6755) ...
INFEASIBLE, wall time: 0.014660 s
Attempt optimization with max 64 stalls...
Setting timeout of 30 seconds...
Objective: minimize cycles
Invoking external constraint solver (OR-Tools CP-SAT v9.15.6755) ...
INFEASIBLE, wall time: 0.231942 s
Attempt optimization with max 128 stalls...
Setting timeout of 30 seconds...
Objective: minimize cycles
Invoking external constraint solver (OR-Tools CP-SAT v9.15.6755) ...
[0.1415s]: Found 1 solutions so far... objective (minimize cycles): currently  (Cycles ~ 93.0, IPC ~ 0.66), bound  (Cycles ~ 41.0, IPC ~ 1.49)
OPTIMAL, wall time: 0.538892 s
Booleans in result: 419
OK!
LLVM (llvm-mc, llvm-nm, llvm-readobj) not found, disabling selftest. Consider installing LLVM.
Minimum number of stalls: 77
SLOTHY version: 0.2.0
Instructions in body: 79
Perform internal binary search for minimal number of stalls...
Attempt optimization with max 0 stalls...
Setting timeout of 30 seconds...
Objective: minimize cycles
Invoking external constraint solver (OR-Tools CP-SAT v9.15.6755) ...
INFEASIBLE, wall time: 0.001405 s
Attempt optimization with max 1 stalls...
Setting timeout of 30 seconds...
Objective: minimize cycles
Invoking external constraint solver (OR-Tools CP-SAT v9.15.6755) ...
INFEASIBLE, wall time: 0.001849 s
Attempt optimization with max 2 stalls...
Setting timeout of 30 seconds...
Objective: minimize cycles
Invoking external constraint solver (OR-Tools CP-SAT v9.15.6755) ...
INFEASIBLE, wall time: 0.002355 s
Attempt optimization with max 4 stalls...
Setting timeout of 30 seconds...
Objective: minimize cycles
Invoking external constraint solver (OR-Tools CP-SAT v9.15.6755) ...
INFEASIBLE, wall time: 0.002063 s
Attempt optimization with max 8 stalls...
Setting timeout of 30 seconds...
Objective: minimize cycles
Invoking external constraint solver (OR-Tools CP-SAT v9.15.6755) ...
INFEASIBLE, wall time: 0.001996 s
Attempt optimization with max 16 stalls...
Setting timeout of 30 seconds...
Objective: minimize cycles
Invoking external constraint solver (OR-Tools CP-SAT v9.15.6755) ...
INFEASIBLE, wall time: 0.001907 s
Attempt optimization with max 32 stalls...
Setting timeout of 30 seconds...
Objective: minimize cycles
Invoking external constraint solver (OR-Tools CP-SAT v9.15.6755) ...
INFEASIBLE, wall time: 0.012255 s
Attempt optimization with max 64 stalls...
Setting timeout of 30 seconds...
Objective: minimize cycles
Invoking external constraint solver (OR-Tools CP-SAT v9.15.6755) ...
INFEASIBLE, wall time: 0.054914 s
Attempt optimization with max 128 stalls...
Setting timeout of 30 seconds...
Objective: minimize cycles
Invoking external constraint solver (OR-Tools CP-SAT v9.15.6755) ...
[0.1062s]: Found 1 solutions so far... objective (minimize cycles): currently  (Cycles ~ 126.0, IPC ~ 0.63), bound  (Cycles ~ 68.0, IPC ~ 1.16)
[0.1245s]: Found 2 solutions so far... objective (minimize cycles): currently  (Cycles ~ 105.0, IPC ~ 0.75), bound  (Cycles ~ 69.0, IPC ~ 1.14)
[0.1371s]: Found 3 solutions so far... objective (minimize cycles): currently  (Cycles ~ 95.0, IPC ~ 0.83), bound  (Cycles ~ 69.0, IPC ~ 1.14)
[0.1870s]: Found 4 solutions so far... objective (minimize cycles): currently  (Cycles ~ 94.0, IPC ~ 0.84), bound  (Cycles ~ 72.0, IPC ~ 1.10)
[0.2000s]: Found 5 solutions so far... objective (minimize cycles): currently  (Cycles ~ 91.0, IPC ~ 0.87), bound  (Cycles ~ 72.0, IPC ~ 1.10)
[0.2144s]: Found 6 solutions so far... objective (minimize cycles): currently  (Cycles ~ 90.0, IPC ~ 0.88), bound  (Cycles ~ 72.0, IPC ~ 1.10)
[0.2238s]: Found 7 solutions so far... objective (minimize cycles): currently  (Cycles ~ 87.0, IPC ~ 0.91), bound  (Cycles ~ 72.0, IPC ~ 1.10)
[0.2805s]: Found 8 solutions so far... objective (minimize cycles): currently  (Cycles ~ 86.0, IPC ~ 0.92), bound  (Cycles ~ 75.0, IPC ~ 1.05)
OPTIMAL, wall time: 0.317267 s
Booleans in result: 155
OK!
LLVM (llvm-mc, llvm-nm, llvm-readobj) not found, disabling selftest. Consider installing LLVM.
Minimum number of stalls: 66
SLOTHY version: 0.2.0
Instructions in body: 69
Perform internal binary search for minimal number of stalls...
Attempt optimization with max 0 stalls...
Setting timeout of 30 seconds...
Objective: minimize cycles
Invoking external constraint solver (OR-Tools CP-SAT v9.15.6755) ...
INFEASIBLE, wall time: 0.001496 s
Attempt optimization with max 1 stalls...
Setting timeout of 30 seconds...
Objective: minimize cycles
Invoking external constraint solver (OR-Tools CP-SAT v9.15.6755) ...
INFEASIBLE, wall time: 0.002658 s
Attempt optimization with max 2 stalls...
Setting timeout of 30 seconds...
Objective: minimize cycles
Invoking external constraint solver (OR-Tools CP-SAT v9.15.6755) ...
INFEASIBLE, wall time: 0.001953 s
Attempt optimization with max 4 stalls...
Setting timeout of 30 seconds...
Objective: minimize cycles
Invoking external constraint solver (OR-Tools CP-SAT v9.15.6755) ...
INFEASIBLE, wall time: 0.002083 s
Attempt optimization with max 8 stalls...
Setting timeout of 30 seconds...
Objective: minimize cycles
Invoking external constraint solver (OR-Tools CP-SAT v9.15.6755) ...
INFEASIBLE, wall time: 0.001936 s
Attempt optimization with max 16 stalls...
Setting timeout of 30 seconds...
Objective: minimize cycles
Invoking external constraint solver (OR-Tools CP-SAT v9.15.6755) ...
INFEASIBLE, wall time: 0.001786 s
Attempt optimization with max 32 stalls...
Setting timeout of 30 seconds...
Objective: minimize cycles
Invoking external constraint solver (OR-Tools CP-SAT v9.15.6755) ...
INFEASIBLE, wall time: 0.011693 s
Attempt optimization with max 64 stalls...
Setting timeout of 30 seconds...
Objective: minimize cycles
Invoking external constraint solver (OR-Tools CP-SAT v9.15.6755) ...
INFEASIBLE, wall time: 0.013891 s
Attempt optimization with max 128 stalls...
Setting timeout of 30 seconds...
Objective: minimize cycles
Invoking external constraint solver (OR-Tools CP-SAT v9.15.6755) ...
[0.1253s]: Found 1 solutions so far... objective (minimize cycles): currently  (Cycles ~ 111.0, IPC ~ 0.62), bound  (Cycles ~ 101.0, IPC ~ 0.68)
[0.1327s]: Found 2 solutions so far... objective (minimize cycles): currently  (Cycles ~ 110.0, IPC ~ 0.63), bound  (Cycles ~ 101.0, IPC ~ 0.68)
[0.1445s]: Found 3 solutions so far... objective (minimize cycles): currently  (Cycles ~ 109.0, IPC ~ 0.63), bound  (Cycles ~ 106.0, IPC ~ 0.65)
[0.1498s]: Found 4 solutions so far... objective (minimize cycles): currently  (Cycles ~ 107.0, IPC ~ 0.64), bound  (Cycles ~ 106.0, IPC ~ 0.65)
[0.1566s]: Found 5 solutions so far... objective (minimize cycles): currently  (Cycles ~ 106.0, IPC ~ 0.65), bound  (Cycles ~ 106.0, IPC ~ 0.65)
Closer than 0 stalls to theoretical optimum... stop
OPTIMAL, wall time: 0.160136 s
Booleans in result: 200
OK!
LLVM (llvm-mc, llvm-nm, llvm-readobj) not found, disabling selftest. Consider installing LLVM.
Minimum number of stalls: 88
SLOTHY version: 0.2.0
Instructions in body: 70
Perform internal binary search for minimal number of stalls...
Attempt optimization with max 0 stalls...
Setting timeout of 30 seconds...
Objective: minimize cycles
Invoking external constraint solver (OR-Tools CP-SAT v9.15.6755) ...
INFEASIBLE, wall time: 0.001327 s
Attempt optimization with max 1 stalls...
Setting timeout of 30 seconds...
Objective: minimize cycles
Invoking external constraint solver (OR-Tools CP-SAT v9.15.6755) ...
INFEASIBLE, wall time: 0.002068 s
Attempt optimization with max 2 stalls...
Setting timeout of 30 seconds...
Objective: minimize cycles
Invoking external constraint solver (OR-Tools CP-SAT v9.15.6755) ...
INFEASIBLE, wall time: 0.001700 s
Attempt optimization with max 4 stalls...
Setting timeout of 30 seconds...
Objective: minimize cycles
Invoking external constraint solver (OR-Tools CP-SAT v9.15.6755) ...
INFEASIBLE, wall time: 0.002236 s
Attempt optimization with max 8 stalls...
Setting timeout of 30 seconds...
Objective: minimize cycles
Invoking external constraint solver (OR-Tools CP-SAT v9.15.6755) ...
INFEASIBLE, wall time: 0.001800 s
Attempt optimization with max 16 stalls...
Setting timeout of 30 seconds...
Objective: minimize cycles
Invoking external constraint solver (OR-Tools CP-SAT v9.15.6755) ...
INFEASIBLE, wall time: 0.002379 s
Attempt optimization with max 32 stalls...
Setting timeout of 30 seconds...
Objective: minimize cycles
Invoking external constraint solver (OR-Tools CP-SAT v9.15.6755) ...
INFEASIBLE, wall time: 0.009924 s
Attempt optimization with max 64 stalls...
Setting timeout of 30 seconds...
Objective: minimize cycles
Invoking external constraint solver (OR-Tools CP-SAT v9.15.6755) ...
INFEASIBLE, wall time: 0.032504 s
Attempt optimization with max 128 stalls...
Setting timeout of 30 seconds...
Objective: minimize cycles
Invoking external constraint solver (OR-Tools CP-SAT v9.15.6755) ...
[0.1558s]: Found 1 solutions so far... objective (minimize cycles): currently  (Cycles ~ 110.0, IPC ~ 0.64), bound  (Cycles ~ 73.0, IPC ~ 0.96)
[0.1910s]: Found 2 solutions so far... objective (minimize cycles): currently  (Cycles ~ 109.0, IPC ~ 0.64), bound  (Cycles ~ 74.0, IPC ~ 0.95)
[0.2010s]: Found 3 solutions so far... objective (minimize cycles): currently  (Cycles ~ 105.0, IPC ~ 0.67), bound  (Cycles ~ 74.0, IPC ~ 0.95)
OPTIMAL, wall time: 0.355542 s
Booleans in result: 173
OK!
LLVM (llvm-mc, llvm-nm, llvm-readobj) not found, disabling selftest. Consider installing LLVM.
Minimum number of stalls: 87
SLOTHY version: 0.2.0
Instructions in body: 62
Perform internal binary search for minimal number of stalls...
Attempt optimization with max 0 stalls...
Setting timeout of 30 seconds...
Objective: minimize cycles
Invoking external constraint solver (OR-Tools CP-SAT v9.15.6755) ...
INFEASIBLE, wall time: 0.001314 s
Attempt optimization with max 1 stalls...
Setting timeout of 30 seconds...
Objective: minimize cycles
Invoking external constraint solver (OR-Tools CP-SAT v9.15.6755) ...
INFEASIBLE, wall time: 0.001551 s
Attempt optimization with max 2 stalls...
Setting timeout of 30 seconds...
Objective: minimize cycles
Invoking external constraint solver (OR-Tools CP-SAT v9.15.6755) ...
INFEASIBLE, wall time: 0.001811 s
Attempt optimization with max 4 stalls...
Setting timeout of 30 seconds...
Objective: minimize cycles
Invoking external constraint solver (OR-Tools CP-SAT v9.15.6755) ...
INFEASIBLE, wall time: 0.001661 s
Attempt optimization with max 8 stalls...
Setting timeout of 30 seconds...
Objective: minimize cycles
Invoking external constraint solver (OR-Tools CP-SAT v9.15.6755) ...
INFEASIBLE, wall time: 0.001707 s
Attempt optimization with max 16 stalls...
Setting timeout of 30 seconds...
Objective: minimize cycles
Invoking external constraint solver (OR-Tools CP-SAT v9.15.6755) ...
INFEASIBLE, wall time: 0.001514 s
Attempt optimization with max 32 stalls...
Setting timeout of 30 seconds...
Objective: minimize cycles
Invoking external constraint solver (OR-Tools CP-SAT v9.15.6755) ...
INFEASIBLE, wall time: 0.009113 s
Attempt optimization with max 64 stalls...
Setting timeout of 30 seconds...
Objective: minimize cycles
Invoking external constraint solver (OR-Tools CP-SAT v9.15.6755) ...
INFEASIBLE, wall time: 0.033125 s
Attempt optimization with max 128 stalls...
Setting timeout of 30 seconds...
Objective: minimize cycles
Invoking external constraint solver (OR-Tools CP-SAT v9.15.6755) ...
[0.0899s]: Found 1 solutions so far... objective (minimize cycles): currently  (Cycles ~ 105.0, IPC ~ 0.59), bound  (Cycles ~ 82.0, IPC ~ 0.76)
[0.0981s]: Found 2 solutions so far... objective (minimize cycles): currently  (Cycles ~ 104.0, IPC ~ 0.60), bound  (Cycles ~ 82.0, IPC ~ 0.76)
[0.1067s]: Found 3 solutions so far... objective (minimize cycles): currently  (Cycles ~ 102.0, IPC ~ 0.61), bound  (Cycles ~ 84.0, IPC ~ 0.74)
[0.1152s]: Found 4 solutions so far... objective (minimize cycles): currently  (Cycles ~ 99.0, IPC ~ 0.63), bound  (Cycles ~ 84.0, IPC ~ 0.74)
[0.1196s]: Found 5 solutions so far... objective (minimize cycles): currently  (Cycles ~ 98.0, IPC ~ 0.63), bound  (Cycles ~ 84.0, IPC ~ 0.74)
[0.1272s]: Found 6 solutions so far... objective (minimize cycles): currently  (Cycles ~ 97.0, IPC ~ 0.64), bound  (Cycles ~ 84.0, IPC ~ 0.74)
OPTIMAL, wall time: 0.206108 s
Booleans in result: 164
OK!
LLVM (llvm-mc, llvm-nm, llvm-readobj) not found, disabling selftest. Consider installing LLVM.
Minimum number of stalls: 81
SLOTHY version: 0.2.0
Instructions in body: 75
Perform internal binary search for minimal number of stalls...
Attempt optimization with max 0 stalls...
Setting timeout of 30 seconds...
Objective: minimize cycles
Invoking external constraint solver (OR-Tools CP-SAT v9.15.6755) ...
INFEASIBLE, wall time: 0.001387 s
Attempt optimization with max 1 stalls...
Setting timeout of 30 seconds...
Objective: minimize cycles
Invoking external constraint solver (OR-Tools CP-SAT v9.15.6755) ...
INFEASIBLE, wall time: 0.001757 s
Attempt optimization with max 2 stalls...
Setting timeout of 30 seconds...
Objective: minimize cycles
Invoking external constraint solver (OR-Tools CP-SAT v9.15.6755) ...
INFEASIBLE, wall time: 0.001763 s
Attempt optimization with max 4 stalls...
Setting timeout of 30 seconds...
Objective: minimize cycles
Invoking external constraint solver (OR-Tools CP-SAT v9.15.6755) ...
INFEASIBLE, wall time: 0.001818 s
Attempt optimization with max 8 stalls...
Setting timeout of 30 seconds...
Objective: minimize cycles
Invoking external constraint solver (OR-Tools CP-SAT v9.15.6755) ...
INFEASIBLE, wall time: 0.001743 s
Attempt optimization with max 16 stalls...
Setting timeout of 30 seconds...
Objective: minimize cycles
Invoking external constraint solver (OR-Tools CP-SAT v9.15.6755) ...
INFEASIBLE, wall time: 0.001929 s
Attempt optimization with max 32 stalls...
Setting timeout of 30 seconds...
Objective: minimize cycles
Invoking external constraint solver (OR-Tools CP-SAT v9.15.6755) ...
INFEASIBLE, wall time: 0.011337 s
Attempt optimization with max 64 stalls...
Setting timeout of 30 seconds...
Objective: minimize cycles
Invoking external constraint solver (OR-Tools CP-SAT v9.15.6755) ...
[0.2217s]: Found 1 solutions so far... objective (minimize cycles): currently  (Cycles ~ 83.0, IPC ~ 0.90), bound  (Cycles ~ 70.0, IPC ~ 1.07)
OPTIMAL, wall time: 0.330811 s
Booleans in result: 300
OK!
LLVM (llvm-mc, llvm-nm, llvm-readobj) not found, disabling selftest. Consider installing LLVM.
Minimum number of stalls: 64
SLOTHY version: 0.2.0
Instructions in body: 64
Perform internal binary search for minimal number of stalls...
Attempt optimization with max 0 stalls...
Setting timeout of 30 seconds...
Objective: minimize cycles
Invoking external constraint solver (OR-Tools CP-SAT v9.15.6755) ...
INFEASIBLE, wall time: 0.001259 s
Attempt optimization with max 1 stalls...
Setting timeout of 30 seconds...
Objective: minimize cycles
Invoking external constraint solver (OR-Tools CP-SAT v9.15.6755) ...
INFEASIBLE, wall time: 0.001560 s
Attempt optimization with max 2 stalls...
Setting timeout of 30 seconds...
Objective: minimize cycles
Invoking external constraint solver (OR-Tools CP-SAT v9.15.6755) ...
INFEASIBLE, wall time: 0.001768 s
Attempt optimization with max 4 stalls...
Setting timeout of 30 seconds...
Objective: minimize cycles
Invoking external constraint solver (OR-Tools CP-SAT v9.15.6755) ...
INFEASIBLE, wall time: 0.001578 s
Attempt optimization with max 8 stalls...
Setting timeout of 30 seconds...
Objective: minimize cycles
Invoking external constraint solver (OR-Tools CP-SAT v9.15.6755) ...
INFEASIBLE, wall time: 0.001608 s
Attempt optimization with max 16 stalls...
Setting timeout of 30 seconds...
Objective: minimize cycles
Invoking external constraint solver (OR-Tools CP-SAT v9.15.6755) ...
INFEASIBLE, wall time: 0.001576 s
Attempt optimization with max 32 stalls...
Setting timeout of 30 seconds...
Objective: minimize cycles
Invoking external constraint solver (OR-Tools CP-SAT v9.15.6755) ...
INFEASIBLE, wall time: 0.009378 s
Attempt optimization with max 64 stalls...
Setting timeout of 30 seconds...
Objective: minimize cycles
Invoking external constraint solver (OR-Tools CP-SAT v9.15.6755) ...
INFEASIBLE, wall time: 0.072725 s
Attempt optimization with max 128 stalls...
Setting timeout of 30 seconds...
Objective: minimize cycles
Invoking external constraint solver (OR-Tools CP-SAT v9.15.6755) ...
[0.0815s]: Found 1 solutions so far... objective (minimize cycles): currently  (Cycles ~ 109.0, IPC ~ 0.59), bound  (Cycles ~ 63.0, IPC ~ 1.02)
[0.1615s]: Found 2 solutions so far... objective (minimize cycles): currently  (Cycles ~ 91.0, IPC ~ 0.70), bound  (Cycles ~ 67.0, IPC ~ 0.96)
[0.1996s]: Found 3 solutions so far... objective (minimize cycles): currently  (Cycles ~ 90.0, IPC ~ 0.71), bound  (Cycles ~ 67.0, IPC ~ 0.96)
[0.2151s]: Found 4 solutions so far... objective (minimize cycles): currently  (Cycles ~ 89.0, IPC ~ 0.72), bound  (Cycles ~ 67.0, IPC ~ 0.96)
[0.2251s]: Found 5 solutions so far... objective (minimize cycles): currently  (Cycles ~ 88.0, IPC ~ 0.73), bound  (Cycles ~ 67.0, IPC ~ 0.96)
[0.2297s]: Found 6 solutions so far... objective (minimize cycles): currently  (Cycles ~ 87.0, IPC ~ 0.74), bound  (Cycles ~ 70.0, IPC ~ 0.91)
OPTIMAL, wall time: 0.350446 s
Booleans in result: 159
OK!
LLVM (llvm-mc, llvm-nm, llvm-readobj) not found, disabling selftest. Consider installing LLVM.
Minimum number of stalls: 71
SLOTHY version: 0.2.0
Instructions in body: 80
Perform internal binary search for minimal number of stalls...
Attempt optimization with max 0 stalls...
Setting timeout of 30 seconds...
Objective: minimize cycles
Invoking external constraint solver (OR-Tools CP-SAT v9.15.6755) ...
INFEASIBLE, wall time: 0.001637 s
Attempt optimization with max 1 stalls...
Setting timeout of 30 seconds...
Objective: minimize cycles
Invoking external constraint solver (OR-Tools CP-SAT v9.15.6755) ...
INFEASIBLE, wall time: 0.001856 s
Attempt optimization with max 2 stalls...
Setting timeout of 30 seconds...
Objective: minimize cycles
Invoking external constraint solver (OR-Tools CP-SAT v9.15.6755) ...
INFEASIBLE, wall time: 0.001917 s
Attempt optimization with max 4 stalls...
Setting timeout of 30 seconds...
Objective: minimize cycles
Invoking external constraint solver (OR-Tools CP-SAT v9.15.6755) ...
INFEASIBLE, wall time: 0.001833 s
Attempt optimization with max 8 stalls...
Setting timeout of 30 seconds...
Objective: minimize cycles
Invoking external constraint solver (OR-Tools CP-SAT v9.15.6755) ...
INFEASIBLE, wall time: 0.001968 s
Attempt optimization with max 16 stalls...
Setting timeout of 30 seconds...
Objective: minimize cycles
Invoking external constraint solver (OR-Tools CP-SAT v9.15.6755) ...
INFEASIBLE, wall time: 0.001989 s
Attempt optimization with max 32 stalls...
Setting timeout of 30 seconds...
Objective: minimize cycles
Invoking external constraint solver (OR-Tools CP-SAT v9.15.6755) ...
INFEASIBLE, wall time: 0.011629 s
Attempt optimization with max 64 stalls...
Setting timeout of 30 seconds...
Objective: minimize cycles
Invoking external constraint solver (OR-Tools CP-SAT v9.15.6755) ...
INFEASIBLE, wall time: 0.039893 s
Attempt optimization with max 128 stalls...
Setting timeout of 30 seconds...
Objective: minimize cycles
Invoking external constraint solver (OR-Tools CP-SAT v9.15.6755) ...
[0.1506s]: Found 1 solutions so far... objective (minimize cycles): currently  (Cycles ~ 91.0, IPC ~ 0.88), bound  (Cycles ~ 76.0, IPC ~ 1.05)
[0.1960s]: Found 2 solutions so far... objective (minimize cycles): currently  (Cycles ~ 89.0, IPC ~ 0.90), bound  (Cycles ~ 81.0, IPC ~ 0.99)
[0.2053s]: Found 3 solutions so far... objective (minimize cycles): currently  (Cycles ~ 88.0, IPC ~ 0.91), bound  (Cycles ~ 81.0, IPC ~ 0.99)
[0.2126s]: Found 4 solutions so far... objective (minimize cycles): currently  (Cycles ~ 87.0, IPC ~ 0.92), bound  (Cycles ~ 82.0, IPC ~ 0.98)
OPTIMAL, wall time: 0.237104 s
Booleans in result: 231
OK!
LLVM (llvm-mc, llvm-nm, llvm-readobj) not found, disabling selftest. Consider installing LLVM.
Minimum number of stalls: 67
SLOTHY version: 0.2.0
Instructions in body: 66
Perform internal binary search for minimal number of stalls...
Attempt optimization with max 0 stalls...
Setting timeout of 30 seconds...
Objective: minimize cycles
Invoking external constraint solver (OR-Tools CP-SAT v9.15.6755) ...
INFEASIBLE, wall time: 0.001389 s
Attempt optimization with max 1 stalls...
Setting timeout of 30 seconds...
Objective: minimize cycles
Invoking external constraint solver (OR-Tools CP-SAT v9.15.6755) ...
INFEASIBLE, wall time: 0.001745 s
Attempt optimization with max 2 stalls...
Setting timeout of 30 seconds...
Objective: minimize cycles
Invoking external constraint solver (OR-Tools CP-SAT v9.15.6755) ...
INFEASIBLE, wall time: 0.001731 s
Attempt optimization with max 4 stalls...
Setting timeout of 30 seconds...
Objective: minimize cycles
Invoking external constraint solver (OR-Tools CP-SAT v9.15.6755) ...
INFEASIBLE, wall time: 0.001586 s
Attempt optimization with max 8 stalls...
Setting timeout of 30 seconds...
Objective: minimize cycles
Invoking external constraint solver (OR-Tools CP-SAT v9.15.6755) ...
INFEASIBLE, wall time: 0.001790 s
Attempt optimization with max 16 stalls...
Setting timeout of 30 seconds...
Objective: minimize cycles
Invoking external constraint solver (OR-Tools CP-SAT v9.15.6755) ...
INFEASIBLE, wall time: 0.001751 s
Attempt optimization with max 32 stalls...
Setting timeout of 30 seconds...
Objective: minimize cycles
Invoking external constraint solver (OR-Tools CP-SAT v9.15.6755) ...
INFEASIBLE, wall time: 0.009472 s
Attempt optimization with max 64 stalls...
Setting timeout of 30 seconds...
Objective: minimize cycles
Invoking external constraint solver (OR-Tools CP-SAT v9.15.6755) ...
INFEASIBLE, wall time: 0.034632 s
Attempt optimization with max 128 stalls...
Setting timeout of 30 seconds...
Objective: minimize cycles
Invoking external constraint solver (OR-Tools CP-SAT v9.15.6755) ...
[0.0562s]: Found 1 solutions so far... objective (minimize cycles): currently  (Cycles ~ 106.0, IPC ~ 0.62), bound  (Cycles ~ 71.0, IPC ~ 0.93)
[0.0726s]: Found 2 solutions so far... objective (minimize cycles): currently  (Cycles ~ 103.0, IPC ~ 0.64), bound  (Cycles ~ 94.0, IPC ~ 0.70)
[0.0817s]: Found 3 solutions so far... objective (minimize cycles): currently  (Cycles ~ 101.0, IPC ~ 0.65), bound  (Cycles ~ 98.0, IPC ~ 0.67)
[0.1277s]: Found 4 solutions so far... objective (minimize cycles): currently  (Cycles ~ 99.0, IPC ~ 0.67), bound  (Cycles ~ 98.0, IPC ~ 0.67)
OPTIMAL, wall time: 0.132615 s
Booleans in result: 102
OK!
LLVM (llvm-mc, llvm-nm, llvm-readobj) not found, disabling selftest. Consider installing LLVM.
Minimum number of stalls: 82
SLOTHY version: 0.2.0
Instructions in body: 66
Perform internal binary search for minimal number of stalls...
Attempt optimization with max 0 stalls...
Setting timeout of 30 seconds...
Objective: minimize cycles
Invoking external constraint solver (OR-Tools CP-SAT v9.15.6755) ...
INFEASIBLE, wall time: 0.001376 s
Attempt optimization with max 1 stalls...
Setting timeout of 30 seconds...
Objective: minimize cycles
Invoking external constraint solver (OR-Tools CP-SAT v9.15.6755) ...
INFEASIBLE, wall time: 0.001610 s
Attempt optimization with max 2 stalls...
Setting timeout of 30 seconds...
Objective: minimize cycles
Invoking external constraint solver (OR-Tools CP-SAT v9.15.6755) ...
INFEASIBLE, wall time: 0.001641 s
Attempt optimization with max 4 stalls...
Setting timeout of 30 seconds...
Objective: minimize cycles
Invoking external constraint solver (OR-Tools CP-SAT v9.15.6755) ...
INFEASIBLE, wall time: 0.006510 s
Attempt optimization with max 8 stalls...
Setting timeout of 30 seconds...
Objective: minimize cycles
Invoking external constraint solver (OR-Tools CP-SAT v9.15.6755) ...
INFEASIBLE, wall time: 0.001657 s
Attempt optimization with max 16 stalls...
Setting timeout of 30 seconds...
Objective: minimize cycles
Invoking external constraint solver (OR-Tools CP-SAT v9.15.6755) ...
INFEASIBLE, wall time: 0.001620 s
Attempt optimization with max 32 stalls...
Setting timeout of 30 seconds...
Objective: minimize cycles
Invoking external constraint solver (OR-Tools CP-SAT v9.15.6755) ...
INFEASIBLE, wall time: 0.009171 s
Attempt optimization with max 64 stalls...
Setting timeout of 30 seconds...
Objective: minimize cycles
Invoking external constraint solver (OR-Tools CP-SAT v9.15.6755) ...
[0.0338s]: Found 1 solutions so far... objective (minimize cycles): currently  (Cycles ~ 69.0, IPC ~ 0.96), bound  (Cycles ~ 48.0, IPC ~ 1.38)
[0.0673s]: Found 2 solutions so far... objective (minimize cycles): currently  (Cycles ~ 68.0, IPC ~ 0.97), bound  (Cycles ~ 48.0, IPC ~ 1.38)
[0.0708s]: Found 3 solutions so far... objective (minimize cycles): currently  (Cycles ~ 66.0, IPC ~ 1.00), bound  (Cycles ~ 48.0, IPC ~ 1.38)
OPTIMAL, wall time: 0.161873 s
Booleans in result: 61
OK!
LLVM (llvm-mc, llvm-nm, llvm-readobj) not found, disabling selftest. Consider installing LLVM.
Minimum number of stalls: 49
SLOTHY version: 0.2.0
Instructions in body: 71
Perform internal binary search for minimal number of stalls...
Attempt optimization with max 0 stalls...
Setting timeout of 30 seconds...
Objective: minimize cycles
Invoking external constraint solver (OR-Tools CP-SAT v9.15.6755) ...
INFEASIBLE, wall time: 0.001310 s
Attempt optimization with max 1 stalls...
Setting timeout of 30 seconds...
Objective: minimize cycles
Invoking external constraint solver (OR-Tools CP-SAT v9.15.6755) ...
INFEASIBLE, wall time: 0.001633 s
Attempt optimization with max 2 stalls...
Setting timeout of 30 seconds...
Objective: minimize cycles
Invoking external constraint solver (OR-Tools CP-SAT v9.15.6755) ...
INFEASIBLE, wall time: 0.001650 s
Attempt optimization with max 4 stalls...
Setting timeout of 30 seconds...
Objective: minimize cycles
Invoking external constraint solver (OR-Tools CP-SAT v9.15.6755) ...
INFEASIBLE, wall time: 0.001634 s
Attempt optimization with max 8 stalls...
Setting timeout of 30 seconds...
Objective: minimize cycles
Invoking external constraint solver (OR-Tools CP-SAT v9.15.6755) ...
INFEASIBLE, wall time: 0.001690 s
Attempt optimization with max 16 stalls...
Setting timeout of 30 seconds...
Objective: minimize cycles
Invoking external constraint solver (OR-Tools CP-SAT v9.15.6755) ...
INFEASIBLE, wall time: 0.002850 s
Attempt optimization with max 32 stalls...
Setting timeout of 30 seconds...
Objective: minimize cycles
Invoking external constraint solver (OR-Tools CP-SAT v9.15.6755) ...
INFEASIBLE, wall time: 0.010586 s
Attempt optimization with max 64 stalls...
Setting timeout of 30 seconds...
Objective: minimize cycles
Invoking external constraint solver (OR-Tools CP-SAT v9.15.6755) ...
INFEASIBLE, wall time: 0.035616 s
Attempt optimization with max 128 stalls...
Setting timeout of 30 seconds...
Objective: minimize cycles
Invoking external constraint solver (OR-Tools CP-SAT v9.15.6755) ...
[0.0920s]: Found 1 solutions so far... objective (minimize cycles): currently  (Cycles ~ 97.0, IPC ~ 0.73), bound  (Cycles ~ 69.0, IPC ~ 1.03)
[0.1327s]: Found 2 solutions so far... objective (minimize cycles): currently  (Cycles ~ 96.0, IPC ~ 0.74), bound  (Cycles ~ 70.0, IPC ~ 1.01)
[0.1617s]: Found 3 solutions so far... objective (minimize cycles): currently  (Cycles ~ 95.0, IPC ~ 0.75), bound  (Cycles ~ 70.0, IPC ~ 1.01)
OPTIMAL, wall time: 0.382850 s
Booleans in result: 206
OK!
LLVM (llvm-mc, llvm-nm, llvm-readobj) not found, disabling selftest. Consider installing LLVM.
Minimum number of stalls: 77
SLOTHY version: 0.2.0
Instructions in body: 70
Perform internal binary search for minimal number of stalls...
Attempt optimization with max 0 stalls...
Setting timeout of 30 seconds...
Objective: minimize cycles
Invoking external constraint solver (OR-Tools CP-SAT v9.15.6755) ...
INFEASIBLE, wall time: 0.001332 s
Attempt optimization with max 1 stalls...
Setting timeout of 30 seconds...
Objective: minimize cycles
Invoking external constraint solver (OR-Tools CP-SAT v9.15.6755) ...
INFEASIBLE, wall time: 0.001658 s
Attempt optimization with max 2 stalls...
Setting timeout of 30 seconds...
Objective: minimize cycles
Invoking external constraint solver (OR-Tools CP-SAT v9.15.6755) ...
INFEASIBLE, wall time: 0.001949 s
Attempt optimization with max 4 stalls...
Setting timeout of 30 seconds...
Objective: minimize cycles
Invoking external constraint solver (OR-Tools CP-SAT v9.15.6755) ...
INFEASIBLE, wall time: 0.001801 s
Attempt optimization with max 8 stalls...
Setting timeout of 30 seconds...
Objective: minimize cycles
Invoking external constraint solver (OR-Tools CP-SAT v9.15.6755) ...
INFEASIBLE, wall time: 0.001927 s
Attempt optimization with max 16 stalls...
Setting timeout of 30 seconds...
Objective: minimize cycles
Invoking external constraint solver (OR-Tools CP-SAT v9.15.6755) ...
INFEASIBLE, wall time: 0.001798 s
Attempt optimization with max 32 stalls...
Setting timeout of 30 seconds...
Objective: minimize cycles
Invoking external constraint solver (OR-Tools CP-SAT v9.15.6755) ...
INFEASIBLE, wall time: 0.010227 s
Attempt optimization with max 64 stalls...
Setting timeout of 30 seconds...
Objective: minimize cycles
Invoking external constraint solver (OR-Tools CP-SAT v9.15.6755) ...
INFEASIBLE, wall time: 0.036889 s
Attempt optimization with max 128 stalls...
Setting timeout of 30 seconds...
Objective: minimize cycles
Invoking external constraint solver (OR-Tools CP-SAT v9.15.6755) ...
[0.1790s]: Found 1 solutions so far... objective (minimize cycles): currently  (Cycles ~ 103.0, IPC ~ 0.68), bound  (Cycles ~ 78.0, IPC ~ 0.90)
[0.2103s]: Found 2 solutions so far... objective (minimize cycles): currently  (Cycles ~ 99.0, IPC ~ 0.71), bound  (Cycles ~ 78.0, IPC ~ 0.90)
[0.2202s]: Found 3 solutions so far... objective (minimize cycles): currently  (Cycles ~ 98.0, IPC ~ 0.71), bound  (Cycles ~ 78.0, IPC ~ 0.90)
OPTIMAL, wall time: 0.323173 s
Booleans in result: 455
OK!
LLVM (llvm-mc, llvm-nm, llvm-readobj) not found, disabling selftest. Consider installing LLVM.
Minimum number of stalls: 80
SLOTHY version: 0.2.0
Instructions in body: 61
Perform internal binary search for minimal number of stalls...
Attempt optimization with max 0 stalls...
Setting timeout of 30 seconds...
Objective: minimize cycles
Invoking external constraint solver (OR-Tools CP-SAT v9.15.6755) ...
INFEASIBLE, wall time: 0.001272 s
Attempt optimization with max 1 stalls...
Setting timeout of 30 seconds...
Objective: minimize cycles
Invoking external constraint solver (OR-Tools CP-SAT v9.15.6755) ...
INFEASIBLE, wall time: 0.001808 s
Attempt optimization with max 2 stalls...
Setting timeout of 30 seconds...
Objective: minimize cycles
Invoking external constraint solver (OR-Tools CP-SAT v9.15.6755) ...
INFEASIBLE, wall time: 0.001794 s
Attempt optimization with max 4 stalls...
Setting timeout of 30 seconds...
Objective: minimize cycles
Invoking external constraint solver (OR-Tools CP-SAT v9.15.6755) ...
INFEASIBLE, wall time: 0.001501 s
Attempt optimization with max 8 stalls...
Setting timeout of 30 seconds...
Objective: minimize cycles
Invoking external constraint solver (OR-Tools CP-SAT v9.15.6755) ...
INFEASIBLE, wall time: 0.001836 s
Attempt optimization with max 16 stalls...
Setting timeout of 30 seconds...
Objective: minimize cycles
Invoking external constraint solver (OR-Tools CP-SAT v9.15.6755) ...
INFEASIBLE, wall time: 0.001859 s
Attempt optimization with max 32 stalls...
Setting timeout of 30 seconds...
Objective: minimize cycles
Invoking external constraint solver (OR-Tools CP-SAT v9.15.6755) ...
INFEASIBLE, wall time: 0.009133 s
Attempt optimization with max 64 stalls...
Setting timeout of 30 seconds...
Objective: minimize cycles
Invoking external constraint solver (OR-Tools CP-SAT v9.15.6755) ...
[0.0966s]: Found 1 solutions so far... objective (minimize cycles): currently  (Cycles ~ 68.0, IPC ~ 0.90), bound  (Cycles ~ 48.0, IPC ~ 1.27)
OPTIMAL, wall time: 0.256999 s
Booleans in result: 128
OK!
LLVM (llvm-mc, llvm-nm, llvm-readobj) not found, disabling selftest. Consider installing LLVM.
Minimum number of stalls: 52
