cpucycles tracesetup 0 amd64-perfpmcff precision 0 scaling 0.000000 only32 0
cpucycles tracesetup 1 amd64-perfpmc precision 0 scaling 0.000000 only32 0
cpucycles tracesetup 2 amd64-pmcff precision 0 scaling 0.000000 only32 0
cpucycles tracesetup 3 amd64-tsc precision 1080 scaling 0.467415 only32 0
cpucycles tracesetup 4 amd64-tscasm precision 1090 scaling 0.467415 only32 0
cpucycles tracesetup 5 default-perfevent precision 205 scaling 1.000000 only32 0
cpucycles tracesetup 6 default-mach precision 0 scaling 0.000000 only32 0
cpucycles tracesetup 7 default-monotonic precision 1080 scaling 1.400000 only32 0
cpucycles tracesetup 8 default-gettimeofday precision 2440 scaling 1400.000000 only32 0
cpucycles tracesetup 9 default-zero precision 0 scaling 0.000000 only32 0
region,variant,block,observation,cycles
0,0,0,0,1004
0,0,0,1,959
0,0,0,2,937
0,0,0,3,960
0,0,0,4,961
0,0,0,5,992
0,0,0,6,967
0,0,0,7,932
0,0,0,8,952
0,0,0,9,973
0,0,0,10,962
0,0,0,11,975
0,0,0,12,954
0,0,0,13,942
0,0,0,14,957
0,0,0,15,946
0,0,0,16,947
0,0,0,17,942
0,0,0,18,932
0,0,0,19,943
0,0,0,20,943
0,0,0,21,966
0,0,0,22,958
0,0,0,23,946
0,0,0,24,970
0,0,0,25,945
0,0,0,26,948
0,0,0,27,952
0,0,0,28,955
0,0,0,29,996
0,0,0,30,932
0,0,0,31,946
0,1,0,0,844
0,1,0,1,849
0,1,0,2,842
0,1,0,3,837
0,1,0,4,874
0,1,0,5,850
0,1,0,6,854
0,1,0,7,840
0,1,0,8,833
0,1,0,9,836
0,1,0,10,840
0,1,0,11,846
0,1,0,12,843
0,1,0,13,856
0,1,0,14,860
0,1,0,15,840
0,1,0,16,853
0,1,0,17,830
0,1,0,18,849
0,1,0,19,851
0,1,0,20,836
0,1,0,21,846
0,1,0,22,839
0,1,0,23,836
0,1,0,24,832
0,1,0,25,843
0,1,0,26,855
0,1,0,27,854
0,1,0,28,854
0,1,0,29,843
0,1,0,30,847
0,1,0,31,859
0,1,1,0,846
0,1,1,1,851
0,1,1,2,839
0,1,1,3,825
0,1,1,4,851
0,1,1,5,861
0,1,1,6,848
0,1,1,7,826
0,1,1,8,847
0,1,1,9,852
0,1,1,10,861
0,1,1,11,856
0,1,1,12,829
0,1,1,13,834
0,1,1,14,827
0,1,1,15,848
0,1,1,16,1167
0,1,1,17,860
0,1,1,18,877
0,1,1,19,854
0,1,1,20,847
0,1,1,21,829
0,1,1,22,849
0,1,1,23,849
0,1,1,24,849
0,1,1,25,842
0,1,1,26,849
0,1,1,27,869
0,1,1,28,861
0,1,1,29,863
0,1,1,30,851
0,1,1,31,856
0,0,1,0,968
0,0,1,1,967
0,0,1,2,960
0,0,1,3,971
0,0,1,4,945
0,0,1,5,940
0,0,1,6,976
0,0,1,7,985
0,0,1,8,963
0,0,1,9,954
0,0,1,10,939
0,0,1,11,941
0,0,1,12,959
0,0,1,13,948
0,0,1,14,967
0,0,1,15,941
0,0,1,16,949
0,0,1,17,924
0,0,1,18,961
0,0,1,19,946
0,0,1,20,972
0,0,1,21,956
0,0,1,22,967
0,0,1,23,947
0,0,1,24,948
0,0,1,25,946
0,0,1,26,952
0,0,1,27,959
0,0,1,28,955
0,0,1,29,964
0,0,1,30,957
0,0,1,31,950
0,0,2,0,922
0,0,2,1,945
0,0,2,2,956
0,0,2,3,946
0,0,2,4,934
0,0,2,5,950
0,0,2,6,943
0,0,2,7,944
0,0,2,8,947
0,0,2,9,949
0,0,2,10,939
0,0,2,11,940
0,0,2,12,950
0,0,2,13,945
0,0,2,14,958
0,0,2,15,967
0,0,2,16,986
0,0,2,17,963
0,0,2,18,946
0,0,2,19,950
0,0,2,20,968
0,0,2,21,952
0,0,2,22,947
0,0,2,23,959
0,0,2,24,937
0,0,2,25,952
0,0,2,26,927
0,0,2,27,929
0,0,2,28,955
0,0,2,29,948
0,0,2,30,955
0,0,2,31,960
0,1,2,0,844
0,1,2,1,841
0,1,2,2,864
0,1,2,3,872
0,1,2,4,865
0,1,2,5,837
0,1,2,6,847
0,1,2,7,849
0,1,2,8,860
0,1,2,9,838
0,1,2,10,852
0,1,2,11,839
0,1,2,12,824
0,1,2,13,898
0,1,2,14,837
0,1,2,15,846
0,1,2,16,867
0,1,2,17,858
0,1,2,18,850
0,1,2,19,840
0,1,2,20,846
0,1,2,21,852
0,1,2,22,849
0,1,2,23,846
0,1,2,24,843
0,1,2,25,855
0,1,2,26,849
0,1,2,27,860
0,1,2,28,870
0,1,2,29,828
0,1,2,30,865
0,1,2,31,824
0,1,3,0,840
0,1,3,1,857
0,1,3,2,837
0,1,3,3,850
0,1,3,4,848
0,1,3,5,855
0,1,3,6,833
0,1,3,7,843
0,1,3,8,853
0,1,3,9,833
0,1,3,10,867
0,1,3,11,835
0,1,3,12,836
0,1,3,13,844
0,1,3,14,842
0,1,3,15,859
0,1,3,16,850
0,1,3,17,849
0,1,3,18,853
0,1,3,19,843
0,1,3,20,849
0,1,3,21,848
0,1,3,22,835
0,1,3,23,857
0,1,3,24,837
0,1,3,25,847
0,1,3,26,852
0,1,3,27,838
0,1,3,28,846
0,1,3,29,893
0,1,3,30,851
0,1,3,31,853
0,0,3,0,940
0,0,3,1,966
0,0,3,2,973
0,0,3,3,978
0,0,3,4,958
0,0,3,5,966
0,0,3,6,957
0,0,3,7,948
0,0,3,8,946
0,0,3,9,952
0,0,3,10,937
0,0,3,11,920
0,0,3,12,964
0,0,3,13,961
0,0,3,14,955
0,0,3,15,938
0,0,3,16,917
0,0,3,17,958
0,0,3,18,956
0,0,3,19,944
0,0,3,20,956
0,0,3,21,922
0,0,3,22,1004
0,0,3,23,960
0,0,3,24,938
0,0,3,25,963
0,0,3,26,965
0,0,3,27,951
0,0,3,28,944
0,0,3,29,1012
0,0,3,30,960
0,0,3,31,951
0,0,4,0,933
0,0,4,1,936
0,0,4,2,938
0,0,4,3,969
0,0,4,4,945
0,0,4,5,949
0,0,4,6,971
0,0,4,7,948
0,0,4,8,979
0,0,4,9,966
0,0,4,10,965
0,0,4,11,948
0,0,4,12,957
0,0,4,13,955
0,0,4,14,954
0,0,4,15,961
0,0,4,16,936
0,0,4,17,954
0,0,4,18,959
0,0,4,19,958
0,0,4,20,973
0,0,4,21,940
0,0,4,22,952
0,0,4,23,972
0,0,4,24,949
0,0,4,25,958
0,0,4,26,945
0,0,4,27,960
0,0,4,28,963
0,0,4,29,1025
0,0,4,30,957
0,0,4,31,976
0,1,4,0,821
0,1,4,1,858
0,1,4,2,858
0,1,4,3,867
0,1,4,4,862
0,1,4,5,849
0,1,4,6,838
0,1,4,7,838
0,1,4,8,843
0,1,4,9,844
0,1,4,10,838
0,1,4,11,835
0,1,4,12,860
0,1,4,13,844
0,1,4,14,845
0,1,4,15,835
0,1,4,16,839
0,1,4,17,845
0,1,4,18,838
0,1,4,19,846
0,1,4,20,844
0,1,4,21,841
0,1,4,22,851
0,1,4,23,861
0,1,4,24,833
0,1,4,25,838
0,1,4,26,846
0,1,4,27,831
0,1,4,28,855
0,1,4,29,845
0,1,4,30,830
0,1,4,31,827
0,1,5,0,834
0,1,5,1,845
0,1,5,2,844
0,1,5,3,841
0,1,5,4,825
0,1,5,5,832
0,1,5,6,829
0,1,5,7,834
0,1,5,8,855
0,1,5,9,841
0,1,5,10,838
0,1,5,11,830
0,1,5,12,845
0,1,5,13,828
0,1,5,14,857
0,1,5,15,838
0,1,5,16,835
0,1,5,17,856
0,1,5,18,860
0,1,5,19,839
0,1,5,20,827
0,1,5,21,841
0,1,5,22,861
0,1,5,23,843
0,1,5,24,850
0,1,5,25,840
0,1,5,26,855
0,1,5,27,849
0,1,5,28,830
0,1,5,29,847
0,1,5,30,835
0,1,5,31,822
0,0,5,0,958
0,0,5,1,967
0,0,5,2,975
0,0,5,3,982
0,0,5,4,972
0,0,5,5,960
0,0,5,6,926
0,0,5,7,958
0,0,5,8,960
0,0,5,9,931
0,0,5,10,960
0,0,5,11,965
0,0,5,12,952
0,0,5,13,942
0,0,5,14,961
0,0,5,15,920
0,0,5,16,942
0,0,5,17,943
0,0,5,18,975
0,0,5,19,962
0,0,5,20,970
0,0,5,21,978
0,0,5,22,945
0,0,5,23,946
0,0,5,24,955
0,0,5,25,960
0,0,5,26,980
0,0,5,27,970
0,0,5,28,963
0,0,5,29,960
0,0,5,30,935
0,0,5,31,960
0,0,6,0,909
0,0,6,1,957
0,0,6,2,950
0,0,6,3,961
0,0,6,4,928
0,0,6,5,955
0,0,6,6,964
0,0,6,7,939
0,0,6,8,949
0,0,6,9,962
0,0,6,10,970
0,0,6,11,954
0,0,6,12,969
0,0,6,13,954
0,0,6,14,948
0,0,6,15,949
0,0,6,16,975
0,0,6,17,969
0,0,6,18,944
0,0,6,19,952
0,0,6,20,951
0,0,6,21,983
0,0,6,22,955
0,0,6,23,946
0,0,6,24,954
0,0,6,25,956
0,0,6,26,940
0,0,6,27,952
0,0,6,28,965
0,0,6,29,1004
0,0,6,30,929
0,0,6,31,961
0,1,6,0,856
0,1,6,1,855
0,1,6,2,867
0,1,6,3,854
0,1,6,4,856
0,1,6,5,846
0,1,6,6,845
0,1,6,7,857
0,1,6,8,843
0,1,6,9,852
0,1,6,10,863
0,1,6,11,850
0,1,6,12,838
0,1,6,13,849
0,1,6,14,855
0,1,6,15,883
0,1,6,16,853
0,1,6,17,844
0,1,6,18,852
0,1,6,19,850
0,1,6,20,851
0,1,6,21,838
0,1,6,22,824
0,1,6,23,860
0,1,6,24,853
0,1,6,25,839
0,1,6,26,837
0,1,6,27,847
0,1,6,28,848
0,1,6,29,896
0,1,6,30,840
0,1,6,31,845
0,1,7,0,835
0,1,7,1,836
0,1,7,2,860
0,1,7,3,834
0,1,7,4,840
0,1,7,5,841
0,1,7,6,857
0,1,7,7,851
0,1,7,8,849
0,1,7,9,832
0,1,7,10,832
0,1,7,11,836
0,1,7,12,819
0,1,7,13,846
0,1,7,14,842
0,1,7,15,849
0,1,7,16,854
0,1,7,17,843
0,1,7,18,844
0,1,7,19,839
0,1,7,20,861
0,1,7,21,861
0,1,7,22,843
0,1,7,23,872
0,1,7,24,847
0,1,7,25,846
0,1,7,26,856
0,1,7,27,837
0,1,7,28,827
0,1,7,29,858
0,1,7,30,860
0,1,7,31,828
0,0,7,0,944
0,0,7,1,972
0,0,7,2,981
0,0,7,3,945
0,0,7,4,959
0,0,7,5,958
0,0,7,6,979
0,0,7,7,973
0,0,7,8,974
0,0,7,9,971
0,0,7,10,977
0,0,7,11,967
0,0,7,12,955
0,0,7,13,1013
0,0,7,14,1301
0,0,7,15,940
0,0,7,16,945
0,0,7,17,943
0,0,7,18,954
0,0,7,19,938
0,0,7,20,950
0,0,7,21,953
0,0,7,22,949
0,0,7,23,953
0,0,7,24,949
0,0,7,25,956
0,0,7,26,963
0,0,7,27,955
0,0,7,28,953
0,0,7,29,957
0,0,7,30,986
0,0,7,31,935
1,0,0,0,980
1,0,0,1,978
1,0,0,2,958
1,0,0,3,947
1,0,0,4,930
1,0,0,5,936
1,0,0,6,971
1,0,0,7,946
1,0,0,8,932
1,0,0,9,947
1,0,0,10,941
1,0,0,11,944
1,0,0,12,952
1,0,0,13,946
1,0,0,14,945
1,0,0,15,959
1,0,0,16,968
1,0,0,17,940
1,0,0,18,950
1,0,0,19,943
1,0,0,20,946
1,0,0,21,971
1,0,0,22,958
1,0,0,23,936
1,0,0,24,948
1,0,0,25,933
1,0,0,26,964
1,0,0,27,936
1,0,0,28,948
1,0,0,29,1004
1,0,0,30,969
1,0,0,31,955
1,1,0,0,896
1,1,0,1,864
1,1,0,2,874
1,1,0,3,834
1,1,0,4,845
1,1,0,5,853
1,1,0,6,860
1,1,0,7,854
1,1,0,8,857
1,1,0,9,847
1,1,0,10,856
1,1,0,11,840
1,1,0,12,854
1,1,0,13,830
1,1,0,14,841
1,1,0,15,847
1,1,0,16,845
1,1,0,17,853
1,1,0,18,846
1,1,0,19,860
1,1,0,20,841
1,1,0,21,854
1,1,0,22,852
1,1,0,23,851
1,1,0,24,854
1,1,0,25,843
1,1,0,26,841
1,1,0,27,876
1,1,0,28,859
1,1,0,29,819
1,1,0,30,845
1,1,0,31,823
1,1,1,0,827
1,1,1,1,854
1,1,1,2,870
1,1,1,3,860
1,1,1,4,851
1,1,1,5,848
1,1,1,6,878
1,1,1,7,877
1,1,1,8,847
1,1,1,9,860
1,1,1,10,849
1,1,1,11,846
1,1,1,12,850
1,1,1,13,857
1,1,1,14,852
1,1,1,15,869
1,1,1,16,853
1,1,1,17,847
1,1,1,18,849
1,1,1,19,832
1,1,1,20,868
1,1,1,21,847
1,1,1,22,857
1,1,1,23,844
1,1,1,24,853
1,1,1,25,851
1,1,1,26,869
1,1,1,27,851
1,1,1,28,848
1,1,1,29,849
1,1,1,30,854
1,1,1,31,838
1,0,1,0,947
1,0,1,1,969
1,0,1,2,972
1,0,1,3,961
1,0,1,4,948
1,0,1,5,945
1,0,1,6,940
1,0,1,7,970
1,0,1,8,951
1,0,1,9,972
1,0,1,10,964
1,0,1,11,969
1,0,1,12,966
1,0,1,13,964
1,0,1,14,944
1,0,1,15,987
1,0,1,16,962
1,0,1,17,936
1,0,1,18,955
1,0,1,19,931
1,0,1,20,977
1,0,1,21,948
1,0,1,22,943
1,0,1,23,957
1,0,1,24,960
1,0,1,25,961
1,0,1,26,972
1,0,1,27,963
1,0,1,28,941
1,0,1,29,956
1,0,1,30,951
1,0,1,31,948
1,0,2,0,943
1,0,2,1,949
1,0,2,2,945
1,0,2,3,947
1,0,2,4,965
1,0,2,5,945
1,0,2,6,957
1,0,2,7,961
1,0,2,8,980
1,0,2,9,961
1,0,2,10,947
1,0,2,11,944
1,0,2,12,961
1,0,2,13,1016
1,0,2,14,923
1,0,2,15,926
1,0,2,16,969
1,0,2,17,935
1,0,2,18,959
1,0,2,19,970
1,0,2,20,929
1,0,2,21,950
1,0,2,22,968
1,0,2,23,969
1,0,2,24,959
1,0,2,25,942
1,0,2,26,966
1,0,2,27,958
1,0,2,28,955
1,0,2,29,954
1,0,2,30,964
1,0,2,31,959
1,1,2,0,847
1,1,2,1,863
1,1,2,2,874
1,1,2,3,870
1,1,2,4,889
1,1,2,5,849
1,1,2,6,832
1,1,2,7,854
1,1,2,8,851
1,1,2,9,860
1,1,2,10,838
1,1,2,11,852
1,1,2,12,870
1,1,2,13,909
1,1,2,14,857
1,1,2,15,853
1,1,2,16,839
1,1,2,17,866
1,1,2,18,837
1,1,2,19,829
1,1,2,20,848
1,1,2,21,850
1,1,2,22,863
1,1,2,23,846
1,1,2,24,859
1,1,2,25,857
1,1,2,26,840
1,1,2,27,847
1,1,2,28,852
1,1,2,29,845
1,1,2,30,829
1,1,2,31,837
1,1,3,0,849
1,1,3,1,841
1,1,3,2,850
1,1,3,3,844
1,1,3,4,833
1,1,3,5,1193
1,1,3,6,866
1,1,3,7,852
1,1,3,8,846
1,1,3,9,832
1,1,3,10,842
1,1,3,11,833
1,1,3,12,850
1,1,3,13,874
1,1,3,14,825
1,1,3,15,839
1,1,3,16,852
1,1,3,17,852
1,1,3,18,838
1,1,3,19,864
1,1,3,20,861
1,1,3,21,837
1,1,3,22,868
1,1,3,23,847
1,1,3,24,851
1,1,3,25,848
1,1,3,26,847
1,1,3,27,859
1,1,3,28,860
1,1,3,29,860
1,1,3,30,867
1,1,3,31,849
1,0,3,0,947
1,0,3,1,950
1,0,3,2,977
1,0,3,3,979
1,0,3,4,994
1,0,3,5,940
1,0,3,6,973
1,0,3,7,958
1,0,3,8,967
1,0,3,9,952
1,0,3,10,976
1,0,3,11,976
1,0,3,12,974
1,0,3,13,969
1,0,3,14,932
1,0,3,15,977
1,0,3,16,950
1,0,3,17,949
1,0,3,18,960
1,0,3,19,965
1,0,3,20,974
1,0,3,21,946
1,0,3,22,957
1,0,3,23,966
1,0,3,24,956
1,0,3,25,985
1,0,3,26,960
1,0,3,27,966
1,0,3,28,957
1,0,3,29,1021
1,0,3,30,956
1,0,3,31,965
1,0,4,0,945
1,0,4,1,949
1,0,4,2,951
1,0,4,3,945
1,0,4,4,964
1,0,4,5,933
1,0,4,6,945
1,0,4,7,973
1,0,4,8,966
1,0,4,9,942
1,0,4,10,973
1,0,4,11,954
1,0,4,12,974
1,0,4,13,986
1,0,4,14,962
1,0,4,15,938
1,0,4,16,983
1,0,4,17,949
1,0,4,18,975
1,0,4,19,953
1,0,4,20,956
1,0,4,21,947
1,0,4,22,972
1,0,4,23,965
1,0,4,24,963
1,0,4,25,949
1,0,4,26,938
1,0,4,27,948
1,0,4,28,941
1,0,4,29,973
1,0,4,30,943
1,0,4,31,959
1,1,4,0,846
1,1,4,1,868
1,1,4,2,844
1,1,4,3,892
1,1,4,4,857
1,1,4,5,840
1,1,4,6,857
1,1,4,7,821
1,1,4,8,871
1,1,4,9,847
1,1,4,10,855
1,1,4,11,846
1,1,4,12,865
1,1,4,13,849
1,1,4,14,890
1,1,4,15,846
1,1,4,16,874
1,1,4,17,845
1,1,4,18,853
1,1,4,19,849
1,1,4,20,856
1,1,4,21,853
1,1,4,22,849
1,1,4,23,842
1,1,4,24,839
1,1,4,25,850
1,1,4,26,848
1,1,4,27,840
1,1,4,28,846
1,1,4,29,843
1,1,4,30,844
1,1,4,31,838
1,1,5,0,825
1,1,5,1,823
1,1,5,2,841
1,1,5,3,839
1,1,5,4,842
1,1,5,5,843
1,1,5,6,833
1,1,5,7,845
1,1,5,8,832
1,1,5,9,836
1,1,5,10,837
1,1,5,11,860
1,1,5,12,850
1,1,5,13,860
1,1,5,14,824
1,1,5,15,846
1,1,5,16,833
1,1,5,17,839
1,1,5,18,857
1,1,5,19,858
1,1,5,20,848
1,1,5,21,853
1,1,5,22,832
1,1,5,23,843
1,1,5,24,829
1,1,5,25,833
1,1,5,26,846
1,1,5,27,847
1,1,5,28,833
1,1,5,29,906
1,1,5,30,828
1,1,5,31,864
1,0,5,0,958
1,0,5,1,976
1,0,5,2,969
1,0,5,3,964
1,0,5,4,1013
1,0,5,5,970
1,0,5,6,956
1,0,5,7,962
1,0,5,8,949
1,0,5,9,951
1,0,5,10,946
1,0,5,11,959
1,0,5,12,967
1,0,5,13,958
1,0,5,14,923
1,0,5,15,949
1,0,5,16,937
1,0,5,17,962
1,0,5,18,939
1,0,5,19,966
1,0,5,20,926
1,0,5,21,959
1,0,5,22,961
1,0,5,23,951
1,0,5,24,965
1,0,5,25,932
1,0,5,26,950
1,0,5,27,957
1,0,5,28,947
1,0,5,29,1000
1,0,5,30,947
1,0,5,31,970
1,0,6,0,959
1,0,6,1,939
1,0,6,2,947
1,0,6,3,964
1,0,6,4,942
1,0,6,5,955
1,0,6,6,935
1,0,6,7,954
1,0,6,8,5564
1,0,6,9,954
1,0,6,10,957
1,0,6,11,962
1,0,6,12,956
1,0,6,13,945
1,0,6,14,945
1,0,6,15,960
1,0,6,16,962
1,0,6,17,956
1,0,6,18,948
1,0,6,19,968
1,0,6,20,966
1,0,6,21,979
1,0,6,22,966
1,0,6,23,940
1,0,6,24,939
1,0,6,25,946
1,0,6,26,937
1,0,6,27,953
1,0,6,28,954
1,0,6,29,970
1,0,6,30,951
1,0,6,31,946
1,1,6,0,849
1,1,6,1,874
1,1,6,2,877
1,1,6,3,856
1,1,6,4,863
1,1,6,5,850
1,1,6,6,837
1,1,6,7,838
1,1,6,8,845
1,1,6,9,831
1,1,6,10,830
1,1,6,11,848
1,1,6,12,858
1,1,6,13,898
1,1,6,14,855
1,1,6,15,827
1,1,6,16,852
1,1,6,17,837
1,1,6,18,858
1,1,6,19,851
1,1,6,20,843
1,1,6,21,867
1,1,6,22,840
1,1,6,23,847
1,1,6,24,839
1,1,6,25,838
1,1,6,26,824
1,1,6,27,832
1,1,6,28,837
1,1,6,29,899
1,1,6,30,831
1,1,6,31,834
1,1,7,0,831
1,1,7,1,835
1,1,7,2,842
1,1,7,3,841
1,1,7,4,852
1,1,7,5,841
1,1,7,6,865
1,1,7,7,825
1,1,7,8,860
1,1,7,9,875
1,1,7,10,828
1,1,7,11,859
1,1,7,12,857
1,1,7,13,835
1,1,7,14,843
1,1,7,15,852
1,1,7,16,839
1,1,7,17,844
1,1,7,18,829
1,1,7,19,844
1,1,7,20,825
1,1,7,21,873
1,1,7,22,849
1,1,7,23,844
1,1,7,24,846
1,1,7,25,859
1,1,7,26,854
1,1,7,27,850
1,1,7,28,847
1,1,7,29,866
1,1,7,30,841
1,1,7,31,862
1,0,7,0,931
1,0,7,1,988
1,0,7,2,990
1,0,7,3,958
1,0,7,4,956
1,0,7,5,936
1,0,7,6,5653
1,0,7,7,935
1,0,7,8,974
1,0,7,9,934
1,0,7,10,928
1,0,7,11,945
1,0,7,12,959
1,0,7,13,944
1,0,7,14,958
1,0,7,15,975
1,0,7,16,967
1,0,7,17,952
1,0,7,18,941
1,0,7,19,956
1,0,7,20,924
1,0,7,21,943
1,0,7,22,950
1,0,7,23,947
1,0,7,24,958
1,0,7,25,939
1,0,7,26,931
1,0,7,27,954
1,0,7,28,961
1,0,7,29,944
1,0,7,30,940
1,0,7,31,926
2,0,0,0,64483
2,0,0,1,58403
2,0,0,2,58567
2,0,0,3,58623
2,0,0,4,60306
2,0,0,5,65157
2,0,0,6,58537
2,0,0,7,60135
2,0,0,8,58979
2,0,0,9,59074
2,0,0,10,59409
2,0,0,11,59955
2,0,0,12,59212
2,0,0,13,58990
2,0,0,14,58638
2,0,0,15,58563
2,0,0,16,64287
2,0,0,17,58360
2,0,0,18,59039
2,0,0,19,58375
2,0,0,20,58884
2,0,0,21,59681
2,0,0,22,58885
2,0,0,23,59256
2,0,0,24,58821
2,0,0,25,58518
2,0,0,26,58348
2,0,0,27,62948
2,0,0,28,58650
2,0,0,29,58523
2,0,0,30,58905
2,0,0,31,58580
2,1,0,0,58705
2,1,0,1,59050
2,1,0,2,58746
2,1,0,3,58886
2,1,0,4,58670
2,1,0,5,58649
2,1,0,6,58594
2,1,0,7,59150
2,1,0,8,63340
2,1,0,9,58580
2,1,0,10,58487
2,1,0,11,58343
2,1,0,12,61023
2,1,0,13,58569
2,1,0,14,59322
2,1,0,15,58195
2,1,0,16,58281
2,1,0,17,58021
2,1,0,18,58954
2,1,0,19,58595
2,1,0,20,60202
2,1,0,21,58436
2,1,0,22,58295
2,1,0,23,59060
2,1,0,24,58437
2,1,0,25,58973
2,1,0,26,58454
2,1,0,27,58609
2,1,0,28,58603
2,1,0,29,58395
2,1,0,30,59018
2,1,0,31,58232
2,1,1,0,58350
2,1,1,1,58693
2,1,1,2,58645
2,1,1,3,58380
2,1,1,4,58442
2,1,1,5,58086
2,1,1,6,58404
2,1,1,7,58435
2,1,1,8,58366
2,1,1,9,59151
2,1,1,10,58132
2,1,1,11,57818
2,1,1,12,58562
2,1,1,13,58273
2,1,1,14,58418
2,1,1,15,58990
2,1,1,16,58372
2,1,1,17,58416
2,1,1,18,58677
2,1,1,19,58095
2,1,1,20,59552
2,1,1,21,58796
2,1,1,22,58625
2,1,1,23,58403
2,1,1,24,58299
2,1,1,25,58901
2,1,1,26,58641
2,1,1,27,58491
2,1,1,28,58092
2,1,1,29,58000
2,1,1,30,58330
2,1,1,31,59499
2,0,1,0,59061
2,0,1,1,58144
2,0,1,2,58537
2,0,1,3,58651
2,0,1,4,58615
2,0,1,5,58955
2,0,1,6,59115
2,0,1,7,58804
2,0,1,8,58490
2,0,1,9,58963
2,0,1,10,58678
2,0,1,11,59058
2,0,1,12,58146
2,0,1,13,58476
2,0,1,14,58787
2,0,1,15,59177
2,0,1,16,59115
2,0,1,17,59307
2,0,1,18,58393
2,0,1,19,58289
2,0,1,20,58837
2,0,1,21,58743
2,0,1,22,58759
2,0,1,23,58742
2,0,1,24,58281
2,0,1,25,58675
2,0,1,26,58438
2,0,1,27,58625
2,0,1,28,59213
2,0,1,29,59095
2,0,1,30,58596
2,0,1,31,58380
2,0,2,0,58647
2,0,2,1,59268
2,0,2,2,58823
2,0,2,3,58933
2,0,2,4,59188
2,0,2,5,58363
2,0,2,6,58465
2,0,2,7,63761
2,0,2,8,59423
2,0,2,9,58473
2,0,2,10,88947
2,0,2,11,62484
2,0,2,12,63248
2,0,2,13,79652
2,0,2,14,58958
2,0,2,15,64286
2,0,2,16,63880
2,0,2,17,63109
2,0,2,18,62449
2,0,2,19,58471
2,0,2,20,58769
2,0,2,21,58490
2,0,2,22,59077
2,0,2,23,58976
2,0,2,24,58881
2,0,2,25,58810
2,0,2,26,58882
2,0,2,27,58556
2,0,2,28,58617
2,0,2,29,59101
2,0,2,30,59252
2,0,2,31,58572
2,1,2,0,58883
2,1,2,1,58239
2,1,2,2,58423
2,1,2,3,58579
2,1,2,4,58937
2,1,2,5,58565
2,1,2,6,58720
2,1,2,7,58580
2,1,2,8,60136
2,1,2,9,63450
2,1,2,10,59295
2,1,2,11,58722
2,1,2,12,58537
2,1,2,13,58613
2,1,2,14,58464
2,1,2,15,58552
2,1,2,16,58356
2,1,2,17,58374
2,1,2,18,58752
2,1,2,19,58571
2,1,2,20,59154
2,1,2,21,58087
2,1,2,22,58468
2,1,2,23,58116
2,1,2,24,58450
2,1,2,25,60338
2,1,2,26,58271
2,1,2,27,58534
2,1,2,28,58154
2,1,2,29,58179
2,1,2,30,58125
2,1,2,31,59695
2,1,3,0,58516
2,1,3,1,63734
2,1,3,2,58113
2,1,3,3,58161
2,1,3,4,58562
2,1,3,5,58348
2,1,3,6,59788
2,1,3,7,63181
2,1,3,8,58662
2,1,3,9,58734
2,1,3,10,58418
2,1,3,11,60921
2,1,3,12,57944
2,1,3,13,58398
2,1,3,14,59281
2,1,3,15,58835
2,1,3,16,58792
2,1,3,17,59477
2,1,3,18,58180
2,1,3,19,59024
2,1,3,20,58301
2,1,3,21,58532
2,1,3,22,58863
2,1,3,23,58694
2,1,3,24,58425
2,1,3,25,59347
2,1,3,26,58789
2,1,3,27,58285
2,1,3,28,59836
2,1,3,29,58389
2,1,3,30,58220
2,1,3,31,58098
2,0,3,0,58959
2,0,3,1,58548
2,0,3,2,59129
2,0,3,3,58976
2,0,3,4,58855
2,0,3,5,59387
2,0,3,6,58728
2,0,3,7,58540
2,0,3,8,59732
2,0,3,9,60323
2,0,3,10,63026
2,0,3,11,59181
2,0,3,12,58249
2,0,3,13,59333
2,0,3,14,58358
2,0,3,15,58634
2,0,3,16,63108
2,0,3,17,58457
2,0,3,18,58384
2,0,3,19,59118
2,0,3,20,58882
2,0,3,21,63636
2,0,3,22,58015
2,0,3,23,59094
2,0,3,24,58857
2,0,3,25,58195
2,0,3,26,58448
2,0,3,27,58585
2,0,3,28,58507
2,0,3,29,58615
2,0,3,30,59488
2,0,3,31,59137
2,0,4,0,58369
2,0,4,1,59590
2,0,4,2,58601
2,0,4,3,58478
2,0,4,4,58577
2,0,4,5,58805
2,0,4,6,58671
2,0,4,7,58587
2,0,4,8,58726
2,0,4,9,59083
2,0,4,10,58916
2,0,4,11,58574
2,0,4,12,58480
2,0,4,13,58827
2,0,4,14,58618
2,0,4,15,58009
2,0,4,16,59015
2,0,4,17,58458
2,0,4,18,58442
2,0,4,19,63096
2,0,4,20,58795
2,0,4,21,60060
2,0,4,22,58890
2,0,4,23,59053
2,0,4,24,58932
2,0,4,25,63054
2,0,4,26,58367
2,0,4,27,58993
2,0,4,28,58458
2,0,4,29,58322
2,0,4,30,58650
2,0,4,31,58597
2,1,4,0,58776
2,1,4,1,58203
2,1,4,2,58510
2,1,4,3,58740
2,1,4,4,59063
2,1,4,5,58494
2,1,4,6,63546
2,1,4,7,59276
2,1,4,8,58464
2,1,4,9,58330
2,1,4,10,60174
2,1,4,11,58822
2,1,4,12,58578
2,1,4,13,58631
2,1,4,14,58445
2,1,4,15,58066
2,1,4,16,58418
2,1,4,17,58309
2,1,4,18,59251
2,1,4,19,58343
2,1,4,20,58400
2,1,4,21,58263
2,1,4,22,58999
2,1,4,23,58783
2,1,4,24,57959
2,1,4,25,58242
2,1,4,26,58374
2,1,4,27,58762
2,1,4,28,58282
2,1,4,29,58889
2,1,4,30,58379
2,1,4,31,58251
2,1,5,0,58537
2,1,5,1,58486
2,1,5,2,58537
2,1,5,3,58007
2,1,5,4,59193
2,1,5,5,59056
2,1,5,6,59554
2,1,5,7,58436
2,1,5,8,59382
2,1,5,9,59398
2,1,5,10,58308
2,1,5,11,58680
2,1,5,12,58419
2,1,5,13,58492
2,1,5,14,58502
2,1,5,15,58709
2,1,5,16,58371
2,1,5,17,58167
2,1,5,18,58498
2,1,5,19,58111
2,1,5,20,59054
2,1,5,21,58481
2,1,5,22,58505
2,1,5,23,58076
2,1,5,24,58305
2,1,5,25,57887
2,1,5,26,59478
2,1,5,27,58601
2,1,5,28,58479
2,1,5,29,58735
2,1,5,30,58721
2,1,5,31,58808
2,0,5,0,58915
2,0,5,1,63704
2,0,5,2,58104
2,0,5,3,58847
2,0,5,4,58592
2,0,5,5,58327
2,0,5,6,58981
2,0,5,7,59010
2,0,5,8,58663
2,0,5,9,59285
2,0,5,10,58853
2,0,5,11,58123
2,0,5,12,59363
2,0,5,13,58526
2,0,5,14,58665
2,0,5,15,59292
2,0,5,16,58453
2,0,5,17,59153
2,0,5,18,63478
2,0,5,19,58183
2,0,5,20,59014
2,0,5,21,58605
2,0,5,22,58148
2,0,5,23,58730
2,0,5,24,58287
2,0,5,25,59048
2,0,5,26,59060
2,0,5,27,58579
2,0,5,28,59375
2,0,5,29,63431
2,0,5,30,58712
2,0,5,31,58930
2,0,6,0,58401
2,0,6,1,58351
2,0,6,2,58720
2,0,6,3,59366
2,0,6,4,58532
2,0,6,5,58553
2,0,6,6,58497
2,0,6,7,58677
2,0,6,8,58258
2,0,6,9,58616
2,0,6,10,59000
2,0,6,11,58645
2,0,6,12,58540
2,0,6,13,58485
2,0,6,14,59554
2,0,6,15,58628
2,0,6,16,59377
2,0,6,17,58565
2,0,6,18,58437
2,0,6,19,59156
2,0,6,20,58941
2,0,6,21,59362
2,0,6,22,58456
2,0,6,23,58959
2,0,6,24,58739
2,0,6,25,59885
2,0,6,26,58696
2,0,6,27,59130
2,0,6,28,58479
2,0,6,29,58423
2,0,6,30,58988
2,0,6,31,58658
2,1,6,0,58260
2,1,6,1,58736
2,1,6,2,58604
2,1,6,3,58847
2,1,6,4,58056
2,1,6,5,59369
2,1,6,6,58370
2,1,6,7,58710
2,1,6,8,63177
2,1,6,9,58978
2,1,6,10,58851
2,1,6,11,57976
2,1,6,12,58775
2,1,6,13,58591
2,1,6,14,58914
2,1,6,15,60303
2,1,6,16,59159
2,1,6,17,58254
2,1,6,18,58352
2,1,6,19,63074
2,1,6,20,58552
2,1,6,21,58779
2,1,6,22,58586
2,1,6,23,58654
2,1,6,24,58579
2,1,6,25,63396
2,1,6,26,58295
2,1,6,27,59086
2,1,6,28,58400
2,1,6,29,59320
2,1,6,30,58082
2,1,6,31,62793
2,1,7,0,58579
2,1,7,1,58374
2,1,7,2,58925
2,1,7,3,58860
2,1,7,4,58026
2,1,7,5,58582
2,1,7,6,63222
2,1,7,7,59635
2,1,7,8,58206
2,1,7,9,58483
2,1,7,10,59217
2,1,7,11,59244
2,1,7,12,58353
2,1,7,13,60424
2,1,7,14,58102
2,1,7,15,58428
2,1,7,16,58699
2,1,7,17,63309
2,1,7,18,59382
2,1,7,19,58268
2,1,7,20,58896
2,1,7,21,58120
2,1,7,22,58459
2,1,7,23,58431
2,1,7,24,58428
2,1,7,25,58438
2,1,7,26,58538
2,1,7,27,58513
2,1,7,28,58121
2,1,7,29,59888
2,1,7,30,58390
2,1,7,31,58666
2,0,7,0,59137
2,0,7,1,58519
2,0,7,2,60144
2,0,7,3,58645
2,0,7,4,64111
2,0,7,5,58530
2,0,7,6,59128
2,0,7,7,58480
2,0,7,8,59130
2,0,7,9,58917
2,0,7,10,58616
2,0,7,11,59121
2,0,7,12,58668
2,0,7,13,58506
2,0,7,14,58283
2,0,7,15,59052
2,0,7,16,58672
2,0,7,17,58342
2,0,7,18,58781
2,0,7,19,58895
2,0,7,20,58942
2,0,7,21,58767
2,0,7,22,58359
2,0,7,23,58483
2,0,7,24,58291
2,0,7,25,58294
2,0,7,26,63639
2,0,7,27,58489
2,0,7,28,58707
2,0,7,29,58403
2,0,7,30,58456
2,0,7,31,59691
3,0,0,0,28078
3,0,0,1,28428
3,0,0,2,28305
3,0,0,3,27918
3,0,0,4,28434
3,0,0,5,28448
3,0,0,6,28876
3,0,0,7,28812
3,0,0,8,27963
3,0,0,9,27933
3,0,0,10,28605
3,0,0,11,28474
3,0,0,12,28434
3,0,0,13,28431
3,0,0,14,28550
3,0,0,15,28398
3,0,0,16,28295
3,0,0,17,28130
3,0,0,18,28083
3,0,0,19,27939
3,0,0,20,28321
3,0,0,21,27964
3,0,0,22,27974
3,0,0,23,27958
3,0,0,24,27891
3,0,0,25,28207
3,0,0,26,28125
3,0,0,27,28013
3,0,0,28,28192
3,0,0,29,27862
3,0,0,30,27844
3,0,0,31,28124
3,1,0,0,28116
3,1,0,1,28240
3,1,0,2,27757
3,1,0,3,28336
3,1,0,4,27928
3,1,0,5,28247
3,1,0,6,28178
3,1,0,7,28098
3,1,0,8,28040
3,1,0,9,27986
3,1,0,10,28351
3,1,0,11,28134
3,1,0,12,27880
3,1,0,13,32480
3,1,0,14,28032
3,1,0,15,27872
3,1,0,16,28137
3,1,0,17,27787
3,1,0,18,27985
3,1,0,19,27914
3,1,0,20,28183
3,1,0,21,28155
3,1,0,22,27950
3,1,0,23,28566
3,1,0,24,27622
3,1,0,25,27736
3,1,0,26,28178
3,1,0,27,32473
3,1,0,28,27761
3,1,0,29,27705
3,1,0,30,28097
3,1,0,31,27814
3,1,1,0,28595
3,1,1,1,28047
3,1,1,2,28205
3,1,1,3,27709
3,1,1,4,27789
3,1,1,5,32470
3,1,1,6,27697
3,1,1,7,27782
3,1,1,8,28015
3,1,1,9,28089
3,1,1,10,28006
3,1,1,11,28039
3,1,1,12,28299
3,1,1,13,28539
3,1,1,14,28277
3,1,1,15,28299
3,1,1,16,28203
3,1,1,17,28298
3,1,1,18,32906
3,1,1,19,28294
3,1,1,20,27770
3,1,1,21,27801
3,1,1,22,27919
3,1,1,23,27784
3,1,1,24,28229
3,1,1,25,28293
3,1,1,26,28520
3,1,1,27,28247
3,1,1,28,28226
3,1,1,29,28144
3,1,1,30,28222
3,1,1,31,28242
3,0,1,0,28437
3,0,1,1,28341
3,0,1,2,28546
3,0,1,3,28790
3,0,1,4,28399
3,0,1,5,28498
3,0,1,6,28433
3,0,1,7,28354
3,0,1,8,28372
3,0,1,9,28395
3,0,1,10,28312
3,0,1,11,28521
3,0,1,12,28401
3,0,1,13,28407
3,0,1,14,28363
3,0,1,15,28473
3,0,1,16,28866
3,0,1,17,28420
3,0,1,18,28413
3,0,1,19,28443
3,0,1,20,28422
3,0,1,21,27979
3,0,1,22,28072
3,0,1,23,28467
3,0,1,24,28190
3,0,1,25,28193
3,0,1,26,28120
3,0,1,27,28281
3,0,1,28,28448
3,0,1,29,28573
3,0,1,30,28315
3,0,1,31,28359
3,0,2,0,28506
3,0,2,1,28437
3,0,2,2,27867
3,0,2,3,28117
3,0,2,4,28164
3,0,2,5,28117
3,0,2,6,28839
3,0,2,7,28146
3,0,2,8,27996
3,0,2,9,27987
3,0,2,10,27885
3,0,2,11,27953
3,0,2,12,28033
3,0,2,13,32760
3,0,2,14,27894
3,0,2,15,28054
3,0,2,16,27924
3,0,2,17,28044
3,0,2,18,27986
3,0,2,19,28588
3,0,2,20,28171
3,0,2,21,28133
3,0,2,22,28044
3,0,2,23,28211
3,0,2,24,27946
3,0,2,25,28071
3,0,2,26,28112
3,0,2,27,32940
3,0,2,28,28030
3,0,2,29,28103
3,0,2,30,28108
3,0,2,31,28164
3,1,2,0,28062
3,1,2,1,28235
3,1,2,2,28179
3,1,2,3,27839
3,1,2,4,28106
3,1,2,5,28364
3,1,2,6,28124
3,1,2,7,28241
3,1,2,8,28120
3,1,2,9,28885
3,1,2,10,28266
3,1,2,11,28097
3,1,2,12,28194
3,1,2,13,28031
3,1,2,14,28106
3,1,2,15,27898
3,1,2,16,28162
3,1,2,17,28184
3,1,2,18,27679
3,1,2,19,27744
3,1,2,20,28000
3,1,2,21,27772
3,1,2,22,27772
3,1,2,23,27933
3,1,2,24,27860
3,1,2,25,27924
3,1,2,26,27694
3,1,2,27,27753
3,1,2,28,27654
3,1,2,29,28020
3,1,2,30,28567
3,1,2,31,27970
3,1,3,0,28485
3,1,3,1,27731
3,1,3,2,27987
3,1,3,3,28238
3,1,3,4,27685
3,1,3,5,28277
3,1,3,6,27992
3,1,3,7,27873
3,1,3,8,27713
3,1,3,9,33005
3,1,3,10,27712
3,1,3,11,27689
3,1,3,12,27661
3,1,3,13,28260
3,1,3,14,27773
3,1,3,15,28234
3,1,3,16,28010
3,1,3,17,28137
3,1,3,18,27717
3,1,3,19,27791
3,1,3,20,27778
3,1,3,21,28240
3,1,3,22,27811
3,1,3,23,28129
3,1,3,24,27763
3,1,3,25,28012
3,1,3,26,28611
3,1,3,27,27790
3,1,3,28,27860
3,1,3,29,27967
3,1,3,30,28061
3,1,3,31,27799
3,0,3,0,32652
3,0,3,1,27864
3,0,3,2,27855
3,0,3,3,28324
3,0,3,4,28271
3,0,3,5,28067
3,0,3,6,28375
3,0,3,7,27925
3,0,3,8,28017
3,0,3,9,28235
3,0,3,10,28374
3,0,3,11,27908
3,0,3,12,27838
3,0,3,13,27909
3,0,3,14,27983
3,0,3,15,28010
3,0,3,16,29660
3,0,3,17,28005
3,0,3,18,28183
3,0,3,19,28794
3,0,3,20,27928
3,0,3,21,28051
3,0,3,22,28200
3,0,3,23,28681
3,0,3,24,28026
3,0,3,25,27963
3,0,3,26,32590
3,0,3,27,28122
3,0,3,28,28615
3,0,3,29,28219
3,0,3,30,27962
3,0,3,31,27854
3,0,4,0,28108
3,0,4,1,28178
3,0,4,2,27865
3,0,4,3,28187
3,0,4,4,32812
3,0,4,5,28526
3,0,4,6,28305
3,0,4,7,27963
3,0,4,8,28051
3,0,4,9,27946
3,0,4,10,28128
3,0,4,11,28052
3,0,4,12,27873
3,0,4,13,27895
3,0,4,14,27940
3,0,4,15,27862
3,0,4,16,28079
3,0,4,17,27921
3,0,4,18,27810
3,0,4,19,27988
3,0,4,20,27854
3,0,4,21,27970
3,0,4,22,28137
3,0,4,23,28061
3,0,4,24,28003
3,0,4,25,28067
3,0,4,26,27929
3,0,4,27,28106
3,0,4,28,27941
3,0,4,29,28409
3,0,4,30,28008
3,0,4,31,27982
3,1,4,0,27735
3,1,4,1,27708
3,1,4,2,27677
3,1,4,3,27803
3,1,4,4,28283
3,1,4,5,27915
3,1,4,6,27781
3,1,4,7,27696
3,1,4,8,32745
3,1,4,9,28484
3,1,4,10,28058
3,1,4,11,27789
3,1,4,12,28007
3,1,4,13,28023
3,1,4,14,27760
3,1,4,15,28075
3,1,4,16,27835
3,1,4,17,28149
3,1,4,18,27740
3,1,4,19,28390
3,1,4,20,28188
3,1,4,21,28108
3,1,4,22,28335
3,1,4,23,27739
3,1,4,24,27650
3,1,4,25,27691
3,1,4,26,27932
3,1,4,27,27687
3,1,4,28,28215
3,1,4,29,28304
3,1,4,30,27851
3,1,4,31,27713
3,1,5,0,27965
3,1,5,1,28103
3,1,5,2,27629
3,1,5,3,27958
3,1,5,4,27818
3,1,5,5,27953
3,1,5,6,28274
3,1,5,7,27887
3,1,5,8,27780
3,1,5,9,27869
3,1,5,10,28168
3,1,5,11,28005
3,1,5,12,28496
3,1,5,13,32538
3,1,5,14,28086
3,1,5,15,27742
3,1,5,16,27928
3,1,5,17,27929
3,1,5,18,28170
3,1,5,19,27807
3,1,5,20,28083
3,1,5,21,27884
3,1,5,22,28290
3,1,5,23,28094
3,1,5,24,28197
3,1,5,25,28782
3,1,5,26,28010
3,1,5,27,27905
3,1,5,28,27764
3,1,5,29,27865
3,1,5,30,27827
3,1,5,31,28014
3,0,5,0,28208
3,0,5,1,28216
3,0,5,2,28167
3,0,5,3,28374
3,0,5,4,32942
3,0,5,5,27944
3,0,5,6,27951
3,0,5,7,28003
3,0,5,8,27880
3,0,5,9,27976
3,0,5,10,27876
3,0,5,11,28015
3,0,5,12,27890
3,0,5,13,28117
3,0,5,14,27920
3,0,5,15,27996
3,0,5,16,29095
3,0,5,17,32988
3,0,5,18,28136
3,0,5,19,28048
3,0,5,20,28118
3,0,5,21,28211
3,0,5,22,28051
3,0,5,23,28367
3,0,5,24,28167
3,0,5,25,27956
3,0,5,26,27942
3,0,5,27,28102
3,0,5,28,28508
3,0,5,29,27946
3,0,5,30,27933
3,0,5,31,27875
3,0,6,0,27826
3,0,6,1,28296
3,0,6,2,28463
3,0,6,3,27865
3,0,6,4,27858
3,0,6,5,28478
3,0,6,6,28587
3,0,6,7,28354
3,0,6,8,28116
3,0,6,9,28045
3,0,6,10,27990
3,0,6,11,28100
3,0,6,12,28071
3,0,6,13,27785
3,0,6,14,28156
3,0,6,15,28208
3,0,6,16,28037
3,0,6,17,28148
3,0,6,18,28529
3,0,6,19,28326
3,0,6,20,28396
3,0,6,21,27871
3,0,6,22,28490
3,0,6,23,28373
3,0,6,24,27995
3,0,6,25,28433
3,0,6,26,28245
3,0,6,27,28458
3,0,6,28,28400
3,0,6,29,27864
3,0,6,30,27870
3,0,6,31,27866
3,1,6,0,27645
3,1,6,1,27656
3,1,6,2,28004
3,1,6,3,27683
3,1,6,4,27884
3,1,6,5,27761
3,1,6,6,27774
3,1,6,7,27690
3,1,6,8,27723
3,1,6,9,28389
3,1,6,10,27815
3,1,6,11,28020
3,1,6,12,27820
3,1,6,13,27841
3,1,6,14,28267
3,1,6,15,27900
3,1,6,16,27743
3,1,6,17,28082
3,1,6,18,27874
3,1,6,19,27735
3,1,6,20,27849
3,1,6,21,27914
3,1,6,22,28388
3,1,6,23,27713
3,1,6,24,27677
3,1,6,25,27867
3,1,6,26,27776
3,1,6,27,28207
3,1,6,28,28183
3,1,6,29,27835
3,1,6,30,27944
3,1,6,31,28226
3,1,7,0,27782
3,1,7,1,27787
3,1,7,2,27991
3,1,7,3,27898
3,1,7,4,32571
3,1,7,5,28027
3,1,7,6,27846
3,1,7,7,27851
3,1,7,8,27726
3,1,7,9,28183
3,1,7,10,27717
3,1,7,11,27700
3,1,7,12,28172
3,1,7,13,27957
3,1,7,14,28050
3,1,7,15,27957
3,1,7,16,27816
3,1,7,17,32458
3,1,7,18,27821
3,1,7,19,27750
3,1,7,20,27788
3,1,7,21,27878
3,1,7,22,27885
3,1,7,23,27795
3,1,7,24,27619
3,1,7,25,28077
3,1,7,26,28070
3,1,7,27,27803
3,1,7,28,27698
3,1,7,29,27776
3,1,7,30,27712
3,1,7,31,27802
3,0,7,0,28256
3,0,7,1,28233
3,0,7,2,28234
3,0,7,3,28705
3,0,7,4,27866
3,0,7,5,28411
3,0,7,6,27960
3,0,7,7,28376
3,0,7,8,28431
3,0,7,9,28077
3,0,7,10,28420
3,0,7,11,28361
3,0,7,12,28025
3,0,7,13,28308
3,0,7,14,28351
3,0,7,15,27947
3,0,7,16,28881
3,0,7,17,28438
3,0,7,18,28436
3,0,7,19,28364
3,0,7,20,28139
3,0,7,21,28256
3,0,7,22,32786
3,0,7,23,28229
3,0,7,24,28353
3,0,7,25,28167
3,0,7,26,28116
3,0,7,27,28093
3,0,7,28,27902
3,0,7,29,28701
3,0,7,30,28099
3,0,7,31,27971
4,0,0,0,19315
4,0,0,1,19573
4,0,0,2,19650
4,0,0,3,19641
4,0,0,4,19739
4,0,0,5,19564
4,0,0,6,19501
4,0,0,7,19544
4,0,0,8,19566
4,0,0,9,19588
4,0,0,10,19675
4,0,0,11,19473
4,0,0,12,19281
4,0,0,13,19608
4,0,0,14,19429
4,0,0,15,19533
4,0,0,16,19553
4,0,0,17,19502
4,0,0,18,19625
4,0,0,19,19469
4,0,0,20,19565
4,0,0,21,19553
4,0,0,22,19491
4,0,0,23,19563
4,0,0,24,19255
4,0,0,25,19594
4,0,0,26,19440
4,0,0,27,19576
4,0,0,28,19991
4,0,0,29,19566
4,0,0,30,19378
4,0,0,31,19289
4,1,0,0,19398
4,1,0,1,19334
4,1,0,2,19172
4,1,0,3,19172
4,1,0,4,19508
4,1,0,5,19003
4,1,0,6,19316
4,1,0,7,19377
4,1,0,8,19420
4,1,0,9,19028
4,1,0,10,19429
4,1,0,11,19508
4,1,0,12,19326
4,1,0,13,19139
4,1,0,14,18940
4,1,0,15,19235
4,1,0,16,19379
4,1,0,17,19346
4,1,0,18,19366
4,1,0,19,19049
4,1,0,20,19314
4,1,0,21,19376
4,1,0,22,19197
4,1,0,23,19060
4,1,0,24,19363
4,1,0,25,19415
4,1,0,26,19313
4,1,0,27,19332
4,1,0,28,19421
4,1,0,29,19823
4,1,0,30,19383
4,1,0,31,19546
4,1,1,0,19276
4,1,1,1,19323
4,1,1,2,18922
4,1,1,3,19070
4,1,1,4,19121
4,1,1,5,19119
4,1,1,6,19122
4,1,1,7,19123
4,1,1,8,19057
4,1,1,9,19162
4,1,1,10,19188
4,1,1,11,19002
4,1,1,12,19903
4,1,1,13,19102
4,1,1,14,18984
4,1,1,15,19338
4,1,1,16,19120
4,1,1,17,19253
4,1,1,18,19202
4,1,1,19,19259
4,1,1,20,19005
4,1,1,21,19024
4,1,1,22,19196
4,1,1,23,23937
4,1,1,24,18923
4,1,1,25,19172
4,1,1,26,19052
4,1,1,27,19260
4,1,1,28,19367
4,1,1,29,19469
4,1,1,30,19936
4,1,1,31,19107
4,0,1,0,19465
4,0,1,1,19599
4,0,1,2,19410
4,0,1,3,19372
4,0,1,4,19661
4,0,1,5,19640
4,0,1,6,19149
4,0,1,7,19603
4,0,1,8,19284
4,0,1,9,19564
4,0,1,10,19616
4,0,1,11,19222
4,0,1,12,19274
4,0,1,13,19936
4,0,1,14,19589
4,0,1,15,19625
4,0,1,16,19262
4,0,1,17,19361
4,0,1,18,19665
4,0,1,19,19584
4,0,1,20,19486
4,0,1,21,19648
4,0,1,22,19534
4,0,1,23,19287
4,0,1,24,19536
4,0,1,25,24011
4,0,1,26,19616
4,0,1,27,19400
4,0,1,28,19406
4,0,1,29,19398
4,0,1,30,19531
4,0,1,31,19829
4,0,2,0,19424
4,0,2,1,19596
4,0,2,2,19264
4,0,2,3,19639
4,0,2,4,19253
4,0,2,5,19342
4,0,2,6,19219
4,0,2,7,19227
4,0,2,8,19144
4,0,2,9,23959
4,0,2,10,19395
4,0,2,11,19562
4,0,2,12,19228
4,0,2,13,19876
4,0,2,14,19453
4,0,2,15,19550
4,0,2,16,19146
4,0,2,17,19311
4,0,2,18,19208
4,0,2,19,19388
4,0,2,20,19531
4,0,2,21,19293
4,0,2,22,19321
4,0,2,23,19645
4,0,2,24,19420
4,0,2,25,19639
4,0,2,26,19299
4,0,2,27,19247
4,0,2,28,19354
4,0,2,29,19232
4,0,2,30,19466
4,0,2,31,19615
4,1,2,0,19178
4,1,2,1,19296
4,1,2,2,19252
4,1,2,3,19318
4,1,2,4,19318
4,1,2,5,19164
4,1,2,6,19308
4,1,2,7,19010
4,1,2,8,19003
4,1,2,9,19143
4,1,2,10,19353
4,1,2,11,19122
4,1,2,12,19133
4,1,2,13,19342
4,1,2,14,19825
4,1,2,15,19225
4,1,2,16,19315
4,1,2,17,19065
4,1,2,18,19368
4,1,2,19,19111
4,1,2,20,19032
4,1,2,21,19226
4,1,2,22,19470
4,1,2,23,19476
4,1,2,24,19369
4,1,2,25,19418
4,1,2,26,19213
4,1,2,27,19293
4,1,2,28,19343
4,1,2,29,19411
4,1,2,30,23849
4,1,2,31,19481
4,1,3,0,18926
4,1,3,1,19179
4,1,3,2,19357
4,1,3,3,19167
4,1,3,4,19312
4,1,3,5,19203
4,1,3,6,19132
4,1,3,7,19078
4,1,3,8,19296
4,1,3,9,19330
4,1,3,10,19381
4,1,3,11,19017
4,1,3,12,19104
4,1,3,13,23984
4,1,3,14,19294
4,1,3,15,19758
4,1,3,16,19498
4,1,3,17,19307
4,1,3,18,19348
4,1,3,19,19084
4,1,3,20,19305
4,1,3,21,19349
4,1,3,22,19401
4,1,3,23,19257
4,1,3,24,19208
4,1,3,25,19362
4,1,3,26,19434
4,1,3,27,19194
4,1,3,28,19324
4,1,3,29,19321
4,1,3,30,19232
4,1,3,31,19279
4,0,3,0,19354
4,0,3,1,19431
4,0,3,2,19553
4,0,3,3,19588
4,0,3,4,19337
4,0,3,5,19256
4,0,3,6,19487
4,0,3,7,19693
4,0,3,8,19396
4,0,3,9,19293
4,0,3,10,19409
4,0,3,11,19556
4,0,3,12,19481
4,0,3,13,19598
4,0,3,14,19568
4,0,3,15,24029
4,0,3,16,19637
4,0,3,17,19304
4,0,3,18,19540
4,0,3,19,19669
4,0,3,20,19277
4,0,3,21,19380
4,0,3,22,19178
4,0,3,23,19238
4,0,3,24,19365
4,0,3,25,19323
4,0,3,26,19253
4,0,3,27,19641
4,0,3,28,19238
4,0,3,29,19284
4,0,3,30,19548
4,0,3,31,19345
4,0,4,0,19448
4,0,4,1,19645
4,0,4,2,19269
4,0,4,3,19236
4,0,4,4,19171
4,0,4,5,19293
4,0,4,6,19391
4,0,4,7,19306
4,0,4,8,19556
4,0,4,9,19253
4,0,4,10,19180
4,0,4,11,19289
4,0,4,12,19204
4,0,4,13,19425
4,0,4,14,19643
4,0,4,15,19203
4,0,4,16,19861
4,0,4,17,24167
4,0,4,18,19263
4,0,4,19,19415
4,0,4,20,19187
4,0,4,21,19468
4,0,4,22,19544
4,0,4,23,19199
4,0,4,24,19213
4,0,4,25,19523
4,0,4,26,19412
4,0,4,27,19386
4,0,4,28,19391
4,0,4,29,19318
4,0,4,30,19187
4,0,4,31,19510
4,1,4,0,19205
4,1,4,1,23817
4,1,4,2,19079
4,1,4,3,19347
4,1,4,4,19382
4,1,4,5,19014
4,1,4,6,19243
4,1,4,7,19257
4,1,4,8,19048
4,1,4,9,19304
4,1,4,10,19039
4,1,4,11,19040
4,1,4,12,19172
4,1,4,13,19385
4,1,4,14,19046
4,1,4,15,19085
4,1,4,16,19151
4,1,4,17,19563
4,1,4,18,19001
4,1,4,19,19085
4,1,4,20,19156
4,1,4,21,19382
4,1,4,22,19210
4,1,4,23,19113
4,1,4,24,19428
4,1,4,25,19010
4,1,4,26,19412
4,1,4,27,19012
4,1,4,28,19329
4,1,4,29,19060
4,1,4,30,19282
4,1,4,31,19295
4,1,5,0,19672
4,1,5,1,19035
4,1,5,2,19273
4,1,5,3,23894
4,1,5,4,19357
4,1,5,5,19267
4,1,5,6,19339
4,1,5,7,19000
4,1,5,8,19300
4,1,5,9,19395
4,1,5,10,19243
4,1,5,11,19229
4,1,5,12,19201
4,1,5,13,19357
4,1,5,14,19112
4,1,5,15,19119
4,1,5,16,19054
4,1,5,17,19529
4,1,5,18,19867
4,1,5,19,19346
4,1,5,20,19371
4,1,5,21,19363
4,1,5,22,23874
4,1,5,23,19578
4,1,5,24,19247
4,1,5,25,19145
4,1,5,26,19330
4,1,5,27,19136
4,1,5,28,19104
4,1,5,29,19053
4,1,5,30,19502
4,1,5,31,19373
4,0,5,0,19208
4,0,5,1,19820
4,0,5,2,19380
4,0,5,3,19520
4,0,5,4,19546
4,0,5,5,19613
4,0,5,6,19400
4,0,5,7,19346
4,0,5,8,19227
4,0,5,9,19529
4,0,5,10,19655
4,0,5,11,19232
4,0,5,12,19192
4,0,5,13,19568
4,0,5,14,19243
4,0,5,15,19453
4,0,5,16,19232
4,0,5,17,19323
4,0,5,18,19354
4,0,5,19,19903
4,0,5,20,19473
4,0,5,21,19554
4,0,5,22,19193
4,0,5,23,19234
4,0,5,24,19363
4,0,5,25,19567
4,0,5,26,19229
4,0,5,27,19265
4,0,5,28,19425
4,0,5,29,19244
4,0,5,30,19150
4,0,5,31,19232
4,0,6,0,19531
4,0,6,1,19197
4,0,6,2,19728
4,0,6,3,19233
4,0,6,4,19467
4,0,6,5,19277
4,0,6,6,19603
4,0,6,7,24500
4,0,6,8,19139
4,0,6,9,19548
4,0,6,10,19673
4,0,6,11,19463
4,0,6,12,19598
4,0,6,13,19622
4,0,6,14,19586
4,0,6,15,19537
4,0,6,16,19470
4,0,6,17,19607
4,0,6,18,19392
4,0,6,19,19136
4,0,6,20,19630
4,0,6,21,19337
4,0,6,22,19176
4,0,6,23,19586
4,0,6,24,19515
4,0,6,25,19360
4,0,6,26,19620
4,0,6,27,19791
4,0,6,28,19467
4,0,6,29,19542
4,0,6,30,19353
4,0,6,31,19281
4,1,6,0,19198
4,1,6,1,19237
4,1,6,2,19737
4,1,6,3,19217
4,1,6,4,19396
4,1,6,5,19458
4,1,6,6,19144
4,1,6,7,19058
4,1,6,8,18935
4,1,6,9,19067
4,1,6,10,19129
4,1,6,11,19199
4,1,6,12,18973
4,1,6,13,19246
4,1,6,14,19471
4,1,6,15,19407
4,1,6,16,19141
4,1,6,17,19050
4,1,6,18,19405
4,1,6,19,19298
4,1,6,20,19389
4,1,6,21,19520
4,1,6,22,19189
4,1,6,23,19453
4,1,6,24,19254
4,1,6,25,19436
4,1,6,26,19336
4,1,6,27,19284
4,1,6,28,19484
4,1,6,29,19287
4,1,6,30,19052
4,1,6,31,19059
4,1,7,0,19283
4,1,7,1,19330
4,1,7,2,19353
4,1,7,3,19093
4,1,7,4,19709
4,1,7,5,19186
4,1,7,6,19364
4,1,7,7,19303
4,1,7,8,19393
4,1,7,9,19489
4,1,7,10,19342
4,1,7,11,19112
4,1,7,12,23691
4,1,7,13,19057
4,1,7,14,19496
4,1,7,15,19069
4,1,7,16,19363
4,1,7,17,19076
4,1,7,18,19250
4,1,7,19,19027
4,1,7,20,19184
4,1,7,21,19269
4,1,7,22,19640
4,1,7,23,19305
4,1,7,24,19396
4,1,7,25,19529
4,1,7,26,19482
4,1,7,27,19097
4,1,7,28,19039
4,1,7,29,19210
4,1,7,30,19121
4,1,7,31,23769
4,0,7,0,19368
4,0,7,1,19345
4,0,7,2,19683
4,0,7,3,19337
4,0,7,4,19938
4,0,7,5,19538
4,0,7,6,19187
4,0,7,7,19218
4,0,7,8,19677
4,0,7,9,19507
4,0,7,10,19605
4,0,7,11,19204
4,0,7,12,19394
4,0,7,13,19281
4,0,7,14,19674
4,0,7,15,19289
4,0,7,16,19557
4,0,7,17,19633
4,0,7,18,19601
4,0,7,19,19568
4,0,7,20,19267
4,0,7,21,19322
4,0,7,22,19411
4,0,7,23,19850
4,0,7,24,19352
4,0,7,25,19472
4,0,7,26,19564
4,0,7,27,19439
4,0,7,28,19340
4,0,7,29,19576
4,0,7,30,19236
4,0,7,31,19430
