cpucycles tracesetup 0 amd64-perfpmcff precision 0 scaling 0.000000 only32 0
cpucycles tracesetup 1 amd64-perfpmc precision 0 scaling 0.000000 only32 0
cpucycles tracesetup 2 amd64-pmcff precision 0 scaling 0.000000 only32 0
cpucycles tracesetup 3 amd64-tsc precision 1017 scaling 0.467415 only32 0
cpucycles tracesetup 4 amd64-tscasm precision 1025 scaling 0.467415 only32 0
cpucycles tracesetup 5 default-perfevent precision 204 scaling 1.000000 only32 0
cpucycles tracesetup 6 default-mach precision 0 scaling 0.000000 only32 0
cpucycles tracesetup 7 default-monotonic precision 1076 scaling 1.400000 only32 0
cpucycles tracesetup 8 default-gettimeofday precision 2440 scaling 1400.000000 only32 0
cpucycles tracesetup 9 default-zero precision 0 scaling 0.000000 only32 0
region,block,observation,cycles
0,0,0,784
0,0,1,737
0,0,2,725
0,0,3,717
0,0,4,713
0,0,5,732
0,0,6,729
0,0,7,720
0,0,8,721
0,0,9,714
0,0,10,717
0,0,11,721
0,0,12,711
0,0,13,724
0,0,14,718
0,0,15,716
0,0,16,731
0,0,17,716
0,0,18,702
0,0,19,713
0,0,20,715
0,0,21,725
0,0,22,731
0,0,23,717
0,0,24,731
0,0,25,712
0,0,26,728
0,0,27,724
0,0,28,721
0,0,29,715
0,0,30,719
0,0,31,710
1,0,0,822
1,0,1,669
1,0,2,659
1,0,3,639
1,0,4,635
1,0,5,654
1,0,6,639
1,0,7,635
1,0,8,644
1,0,9,638
1,0,10,634
1,0,11,634
1,0,12,639
1,0,13,631
1,0,14,633
1,0,15,634
1,0,16,642
1,0,17,642
1,0,18,634
1,0,19,637
1,0,20,640
1,0,21,634
1,0,22,637
1,0,23,631
1,0,24,628
1,0,25,638
1,0,26,637
1,0,27,636
1,0,28,633
1,0,29,643
1,0,30,638
1,0,31,633
2,0,0,344
2,0,1,302
2,0,2,310
2,0,3,300
2,0,4,308
2,0,5,305
2,0,6,298
2,0,7,303
2,0,8,305
2,0,9,309
2,0,10,446
2,0,11,310
2,0,12,306
2,0,13,299
2,0,14,307
2,0,15,311
2,0,16,308
2,0,17,309
2,0,18,301
2,0,19,306
2,0,20,310
2,0,21,302
2,0,22,305
2,0,23,312
2,0,24,310
2,0,25,308
2,0,26,300
2,0,27,312
2,0,28,313
2,0,29,312
2,0,30,301
2,0,31,308
3,0,0,1287
3,0,1,1260
3,0,2,1248
3,0,3,1254
3,0,4,1241
3,0,5,1240
3,0,6,1267
3,0,7,1239
3,0,8,1238
3,0,9,1243
3,0,10,1246
3,0,11,1260
3,0,12,1254
3,0,13,1251
3,0,14,1253
3,0,15,1236
3,0,16,1266
3,0,17,1242
3,0,18,1245
3,0,19,1249
3,0,20,1245
3,0,21,1246
3,0,22,1256
3,0,23,1250
3,0,24,1250
3,0,25,1256
3,0,26,1245
3,0,27,1246
3,0,28,1267
3,0,29,1242
3,0,30,1230
3,0,31,1245
4,0,0,715
4,0,1,679
4,0,2,669
4,0,3,679
4,0,4,686
4,0,5,684
4,0,6,698
4,0,7,698
4,0,8,692
4,0,9,676
4,0,10,672
4,0,11,712
4,0,12,675
4,0,13,665
4,0,14,689
4,0,15,723
4,0,16,662
4,0,17,675
4,0,18,664
4,0,19,664
4,0,20,652
4,0,21,664
4,0,22,671
4,0,23,666
4,0,24,653
4,0,25,672
4,0,26,685
4,0,27,687
4,0,28,668
4,0,29,683
4,0,30,666
4,0,31,664
5,0,0,656
5,0,1,666
5,0,2,660
5,0,3,656
5,0,4,669
5,0,5,652
5,0,6,645
5,0,7,652
5,0,8,637
5,0,9,644
5,0,10,649
5,0,11,647
5,0,12,659
5,0,13,636
5,0,14,644
5,0,15,661
5,0,16,640
5,0,17,642
5,0,18,650
5,0,19,641
5,0,20,657
5,0,21,638
5,0,22,632
5,0,23,649
5,0,24,641
5,0,25,646
5,0,26,643
5,0,27,644
5,0,28,647
5,0,29,653
5,0,30,667
5,0,31,652
6,0,0,996
6,0,1,995
6,0,2,977
6,0,3,968
6,0,4,967
6,0,5,998
6,0,6,983
6,0,7,964
6,0,8,976
6,0,9,963
6,0,10,970
6,0,11,971
6,0,12,949
6,0,13,966
6,0,14,960
6,0,15,964
6,0,16,954
6,0,17,970
6,0,18,973
6,0,19,967
6,0,20,987
6,0,21,962
6,0,22,962
6,0,23,983
6,0,24,959
6,0,25,953
6,0,26,963
6,0,27,975
6,0,28,957
6,0,29,952
6,0,30,961
6,0,31,957
7,0,0,445
7,0,1,415
7,0,2,390
7,0,3,395
7,0,4,388
7,0,5,387
7,0,6,385
7,0,7,384
7,0,8,396
7,0,9,389
7,0,10,397
7,0,11,388
7,0,12,382
7,0,13,384
7,0,14,400
7,0,15,391
7,0,16,400
7,0,17,395
7,0,18,391
7,0,19,401
7,0,20,391
7,0,21,392
7,0,22,391
7,0,23,391
7,0,24,403
7,0,25,393
7,0,26,397
7,0,27,388
7,0,28,390
7,0,29,397
7,0,30,406
7,0,31,394
8,0,0,1415
8,0,1,1446
8,0,2,1445
8,0,3,1442
8,0,4,1471
8,0,5,1412
8,0,6,1430
8,0,7,1411
8,0,8,1426
8,0,9,1419
8,0,10,1401
8,0,11,1418
8,0,12,1442
8,0,13,1424
8,0,14,1393
8,0,15,1433
8,0,16,1449
8,0,17,1419
8,0,18,1404
8,0,19,1404
8,0,20,1439
8,0,21,1425
8,0,22,1419
8,0,23,1383
8,0,24,1426
8,0,25,1432
8,0,26,1381
8,0,27,1398
8,0,28,1433
8,0,29,1439
8,0,30,1416
8,0,31,1421
9,0,0,1620
9,0,1,1627
9,0,2,1608
9,0,3,1629
9,0,4,1638
9,0,5,1600
9,0,6,1597
9,0,7,1604
9,0,8,1588
9,0,9,1615
9,0,10,1624
9,0,11,1608
9,0,12,1615
9,0,13,1608
9,0,14,1635
9,0,15,1626
9,0,16,1613
9,0,17,1611
9,0,18,1592
9,0,19,1580
9,0,20,1611
9,0,21,1592
9,0,22,1604
9,0,23,1622
9,0,24,1608
9,0,25,1622
9,0,26,1599
9,0,27,1605
9,0,28,1594
9,0,29,1604
9,0,30,1592
9,0,31,1625
10,0,0,2084
10,0,1,2071
10,0,2,2093
10,0,3,2059
10,0,4,2100
10,0,5,2068
10,0,6,2120
10,0,7,2066
10,0,8,2045
10,0,9,2086
10,0,10,2043
10,0,11,2087
10,0,12,2068
10,0,13,2066
10,0,14,2062
10,0,15,2076
10,0,16,2051
10,0,17,2061
10,0,18,2044
10,0,19,2030
10,0,20,2056
10,0,21,2054
10,0,22,2056
10,0,23,2028
10,0,24,2028
10,0,25,2069
10,0,26,2062
10,0,27,2063
10,0,28,2073
10,0,29,2031
10,0,30,2034
10,0,31,2079
11,0,0,542
11,0,1,531
11,0,2,543
11,0,3,537
11,0,4,537
11,0,5,539
11,0,6,515
11,0,7,550
11,0,8,519
11,0,9,529
11,0,10,528
11,0,11,527
11,0,12,523
11,0,13,542
11,0,14,522
11,0,15,540
11,0,16,524
11,0,17,507
11,0,18,509
11,0,19,502
11,0,20,539
11,0,21,525
11,0,22,536
11,0,23,535
11,0,24,522
11,0,25,522
11,0,26,526
11,0,27,523
11,0,28,522
11,0,29,519
11,0,30,521
11,0,31,549
12,0,0,383
12,0,1,370
12,0,2,375
12,0,3,369
12,0,4,384
12,0,5,369
12,0,6,371
12,0,7,367
12,0,8,361
12,0,9,358
12,0,10,366
12,0,11,362
12,0,12,391
12,0,13,372
12,0,14,364
12,0,15,360
12,0,16,360
12,0,17,361
12,0,18,357
12,0,19,361
12,0,20,364
12,0,21,370
12,0,22,372
12,0,23,375
12,0,24,367
12,0,25,362
12,0,26,365
12,0,27,372
12,0,28,375
12,0,29,371
12,0,30,359
12,0,31,356
12,1,0,355
12,1,1,352
12,1,2,354
12,1,3,350
12,1,4,368
12,1,5,366
12,1,6,369
12,1,7,360
12,1,8,364
12,1,9,362
12,1,10,370
12,1,11,378
12,1,12,376
12,1,13,371
12,1,14,376
12,1,15,371
12,1,16,370
12,1,17,371
12,1,18,364
12,1,19,366
12,1,20,363
12,1,21,370
12,1,22,359
12,1,23,366
12,1,24,358
12,1,25,376
12,1,26,367
12,1,27,357
12,1,28,380
12,1,29,382
12,1,30,362
12,1,31,364
11,1,0,515
11,1,1,532
11,1,2,544
11,1,3,521
11,1,4,557
11,1,5,510
11,1,6,524
11,1,7,531
11,1,8,538
11,1,9,535
11,1,10,531
11,1,11,526
11,1,12,519
11,1,13,530
11,1,14,540
11,1,15,546
11,1,16,549
11,1,17,535
11,1,18,513
11,1,19,545
11,1,20,538
11,1,21,526
11,1,22,533
11,1,23,539
11,1,24,534
11,1,25,531
11,1,26,508
11,1,27,531
11,1,28,547
11,1,29,523
11,1,30,543
11,1,31,541
10,1,0,2037
10,1,1,2059
10,1,2,2074
10,1,3,2076
10,1,4,2098
10,1,5,2038
10,1,6,2060
10,1,7,2062
10,1,8,2061
10,1,9,2078
10,1,10,2046
10,1,11,2011
10,1,12,2082
10,1,13,2062
10,1,14,2073
10,1,15,2069
10,1,16,2041
10,1,17,2082
10,1,18,2071
10,1,19,2048
10,1,20,2063
10,1,21,2025
10,1,22,2028
10,1,23,2057
10,1,24,2045
10,1,25,2041
10,1,26,2042
10,1,27,2067
10,1,28,2070
10,1,29,2065
10,1,30,2057
10,1,31,2084
9,1,0,1553
9,1,1,1618
9,1,2,1615
9,1,3,1644
9,1,4,1646
9,1,5,1574
9,1,6,1592
9,1,7,1634
9,1,8,1599
9,1,9,1623
9,1,10,1610
9,1,11,1602
9,1,12,1609
9,1,13,1610
9,1,14,1631
9,1,15,1632
9,1,16,1608
9,1,17,1592
9,1,18,1603
9,1,19,1594
9,1,20,1605
9,1,21,1612
9,1,22,1598
9,1,23,1631
9,1,24,1602
9,1,25,1579
9,1,26,1616
9,1,27,1614
9,1,28,1614
9,1,29,1618
9,1,30,1612
9,1,31,1596
8,1,0,1390
8,1,1,1431
8,1,2,1448
8,1,3,1437
8,1,4,1454
8,1,5,1426
8,1,6,1423
8,1,7,1414
8,1,8,1413
8,1,9,1445
8,1,10,1417
8,1,11,1408
8,1,12,1411
8,1,13,1406
8,1,14,1411
8,1,15,1423
8,1,16,1411
8,1,17,1416
8,1,18,1410
8,1,19,1428
8,1,20,1436
8,1,21,1407
8,1,22,1404
8,1,23,1400
8,1,24,1394
8,1,25,1438
8,1,26,1394
8,1,27,1418
8,1,28,1424
8,1,29,1395
8,1,30,1431
8,1,31,1435
7,1,0,416
7,1,1,384
7,1,2,399
7,1,3,389
7,1,4,390
7,1,5,385
7,1,6,386
7,1,7,389
7,1,8,393
7,1,9,391
7,1,10,396
7,1,11,393
7,1,12,395
7,1,13,426
7,1,14,399
7,1,15,389
7,1,16,387
7,1,17,394
7,1,18,389
7,1,19,399
7,1,20,386
7,1,21,398
7,1,22,402
7,1,23,396
7,1,24,396
7,1,25,402
7,1,26,395
7,1,27,391
7,1,28,400
7,1,29,390
7,1,30,399
7,1,31,400
6,1,0,963
6,1,1,987
6,1,2,952
6,1,3,951
6,1,4,954
6,1,5,962
6,1,6,961
6,1,7,954
6,1,8,970
6,1,9,986
6,1,10,959
6,1,11,989
6,1,12,961
6,1,13,967
6,1,14,971
6,1,15,970
6,1,16,964
6,1,17,955
6,1,18,964
6,1,19,954
6,1,20,960
6,1,21,965
6,1,22,962
6,1,23,968
6,1,24,971
6,1,25,984
6,1,26,971
6,1,27,961
6,1,28,969
6,1,29,965
6,1,30,970
6,1,31,977
5,1,0,648
5,1,1,675
5,1,2,659
5,1,3,665
5,1,4,666
5,1,5,654
5,1,6,639
5,1,7,648
5,1,8,638
5,1,9,650
5,1,10,644
5,1,11,646
5,1,12,655
5,1,13,645
5,1,14,637
5,1,15,663
5,1,16,653
5,1,17,644
5,1,18,636
5,1,19,641
5,1,20,677
5,1,21,649
5,1,22,619
5,1,23,642
5,1,24,637
5,1,25,646
5,1,26,641
5,1,27,636
5,1,28,656
5,1,29,647
5,1,30,652
5,1,31,640
4,1,0,662
4,1,1,668
4,1,2,677
4,1,3,674
4,1,4,688
4,1,5,657
4,1,6,657
4,1,7,663
4,1,8,658
4,1,9,668
4,1,10,687
4,1,11,680
4,1,12,684
4,1,13,693
4,1,14,685
4,1,15,673
4,1,16,681
4,1,17,655
4,1,18,671
4,1,19,659
4,1,20,657
4,1,21,654
4,1,22,655
4,1,23,665
4,1,24,672
4,1,25,669
4,1,26,671
4,1,27,682
4,1,28,668
4,1,29,687
4,1,30,672
4,1,31,671
3,1,0,1240
3,1,1,1256
3,1,2,1252
3,1,3,1287
3,1,4,1250
3,1,5,1236
3,1,6,1254
3,1,7,1246
3,1,8,1269
3,1,9,1244
3,1,10,1258
3,1,11,1261
3,1,12,1247
3,1,13,1238
3,1,14,1288
3,1,15,1252
3,1,16,1265
3,1,17,1238
3,1,18,1251
3,1,19,1262
3,1,20,1249
3,1,21,1269
3,1,22,1242
3,1,23,1237
3,1,24,1241
3,1,25,1284
3,1,26,1250
3,1,27,1220
3,1,28,1269
3,1,29,1254
3,1,30,1246
3,1,31,1245
2,1,0,324
2,1,1,328
2,1,2,304
2,1,3,303
2,1,4,308
2,1,5,301
2,1,6,307
2,1,7,309
2,1,8,303
2,1,9,310
2,1,10,309
2,1,11,304
2,1,12,309
2,1,13,304
2,1,14,293
2,1,15,304
2,1,16,305
2,1,17,307
2,1,18,303
2,1,19,299
2,1,20,305
2,1,21,305
2,1,22,307
2,1,23,303
2,1,24,303
2,1,25,301
2,1,26,303
2,1,27,306
2,1,28,309
2,1,29,301
2,1,30,301
2,1,31,302
1,1,0,662
1,1,1,653
1,1,2,638
1,1,3,634
1,1,4,645
1,1,5,632
1,1,6,637
1,1,7,634
1,1,8,627
1,1,9,641
1,1,10,637
1,1,11,640
1,1,12,634
1,1,13,634
1,1,14,632
1,1,15,633
1,1,16,639
1,1,17,633
1,1,18,633
1,1,19,645
1,1,20,633
1,1,21,629
1,1,22,629
1,1,23,643
1,1,24,643
1,1,25,634
1,1,26,636
1,1,27,649
1,1,28,637
1,1,29,645
1,1,30,628
1,1,31,633
0,1,0,737
0,1,1,730
0,1,2,750
0,1,3,750
0,1,4,731
0,1,5,718
0,1,6,729
0,1,7,719
0,1,8,717
0,1,9,729
0,1,10,725
0,1,11,714
0,1,12,723
0,1,13,715
0,1,14,721
0,1,15,698
0,1,16,747
0,1,17,718
0,1,18,715
0,1,19,713
0,1,20,723
0,1,21,717
0,1,22,713
0,1,23,722
0,1,24,720
0,1,25,714
0,1,26,731
0,1,27,726
0,1,28,717
0,1,29,712
0,1,30,724
0,1,31,718
0,2,0,711
0,2,1,723
0,2,2,719
0,2,3,718
0,2,4,714
0,2,5,722
0,2,6,728
0,2,7,726
0,2,8,726
0,2,9,728
0,2,10,721
0,2,11,719
0,2,12,730
0,2,13,715
0,2,14,717
0,2,15,722
0,2,16,744
0,2,17,708
0,2,18,715
0,2,19,693
0,2,20,729
0,2,21,719
0,2,22,709
0,2,23,721
0,2,24,735
0,2,25,724
0,2,26,719
0,2,27,719
0,2,28,718
0,2,29,719
0,2,30,715
0,2,31,731
1,2,0,645
1,2,1,637
1,2,2,639
1,2,3,630
1,2,4,781
1,2,5,642
1,2,6,658
1,2,7,644
1,2,8,637
1,2,9,642
1,2,10,650
1,2,11,641
1,2,12,660
1,2,13,639
1,2,14,636
1,2,15,641
1,2,16,635
1,2,17,643
1,2,18,635
1,2,19,639
1,2,20,646
1,2,21,636
1,2,22,632
1,2,23,641
1,2,24,636
1,2,25,637
1,2,26,649
1,2,27,634
1,2,28,632
1,2,29,626
1,2,30,638
1,2,31,639
2,2,0,302
2,2,1,300
2,2,2,312
2,2,3,303
2,2,4,304
2,2,5,307
2,2,6,305
2,2,7,305
2,2,8,311
2,2,9,310
2,2,10,303
2,2,11,304
2,2,12,304
2,2,13,303
2,2,14,307
2,2,15,302
2,2,16,318
2,2,17,310
2,2,18,305
2,2,19,309
2,2,20,312
2,2,21,301
2,2,22,303
2,2,23,312
2,2,24,305
2,2,25,306
2,2,26,310
2,2,27,304
2,2,28,310
2,2,29,300
2,2,30,307
2,2,31,306
3,2,0,1247
3,2,1,1270
3,2,2,1268
3,2,3,1260
3,2,4,1258
3,2,5,1249
3,2,6,1250
3,2,7,1255
3,2,8,1250
3,2,9,1242
3,2,10,1252
3,2,11,1245
3,2,12,1411
3,2,13,1252
3,2,14,1245
3,2,15,1261
3,2,16,1259
3,2,17,1237
3,2,18,1231
3,2,19,1239
3,2,20,1244
3,2,21,1250
3,2,22,1245
3,2,23,1247
3,2,24,1251
3,2,25,1252
3,2,26,1259
3,2,27,1250
3,2,28,1261
3,2,29,1244
3,2,30,1258
3,2,31,1239
4,2,0,663
4,2,1,672
4,2,2,689
4,2,3,694
4,2,4,677
4,2,5,651
4,2,6,682
4,2,7,654
4,2,8,662
4,2,9,668
4,2,10,671
4,2,11,679
4,2,12,674
4,2,13,672
4,2,14,666
4,2,15,651
4,2,16,683
4,2,17,677
4,2,18,690
4,2,19,662
4,2,20,676
4,2,21,661
4,2,22,678
4,2,23,675
4,2,24,655
4,2,25,650
4,2,26,650
4,2,27,683
4,2,28,680
4,2,29,679
4,2,30,656
4,2,31,655
5,2,0,625
5,2,1,665
5,2,2,663
5,2,3,651
5,2,4,667
5,2,5,643
5,2,6,647
5,2,7,651
5,2,8,650
5,2,9,665
5,2,10,643
5,2,11,646
5,2,12,647
5,2,13,635
5,2,14,633
5,2,15,638
5,2,16,640
5,2,17,623
5,2,18,646
5,2,19,628
5,2,20,652
5,2,21,626
5,2,22,651
5,2,23,649
5,2,24,648
5,2,25,653
5,2,26,657
5,2,27,635
5,2,28,639
5,2,29,648
5,2,30,653
5,2,31,646
6,2,0,970
6,2,1,995
6,2,2,963
6,2,3,975
6,2,4,959
6,2,5,951
6,2,6,992
6,2,7,945
6,2,8,978
6,2,9,961
6,2,10,952
6,2,11,963
6,2,12,951
6,2,13,963
6,2,14,968
6,2,15,958
6,2,16,982
6,2,17,990
6,2,18,953
6,2,19,977
6,2,20,963
6,2,21,962
6,2,22,959
6,2,23,974
6,2,24,956
6,2,25,937
6,2,26,967
6,2,27,964
6,2,28,971
6,2,29,954
6,2,30,941
6,2,31,975
7,2,0,404
7,2,1,392
7,2,2,391
7,2,3,392
7,2,4,391
7,2,5,390
7,2,6,390
7,2,7,393
7,2,8,386
7,2,9,392
7,2,10,390
7,2,11,402
7,2,12,393
7,2,13,398
7,2,14,392
7,2,15,395
7,2,16,395
7,2,17,395
7,2,18,397
7,2,19,393
7,2,20,388
7,2,21,398
7,2,22,397
7,2,23,392
7,2,24,401
7,2,25,401
7,2,26,399
7,2,27,397
7,2,28,392
7,2,29,388
7,2,30,390
7,2,31,398
8,2,0,1417
8,2,1,1445
8,2,2,1417
8,2,3,1417
8,2,4,1420
8,2,5,1431
8,2,6,1431
8,2,7,1406
8,2,8,1378
8,2,9,1406
8,2,10,1417
8,2,11,1389
8,2,12,1446
8,2,13,1400
8,2,14,1416
8,2,15,1429
8,2,16,1429
8,2,17,1430
8,2,18,1417
8,2,19,1443
8,2,20,1451
8,2,21,1405
8,2,22,1419
8,2,23,1429
8,2,24,1415
8,2,25,1396
8,2,26,1408
8,2,27,1416
8,2,28,1415
8,2,29,1393
8,2,30,1419
8,2,31,1419
9,2,0,1550
9,2,1,1599
9,2,2,1607
9,2,3,1624
9,2,4,1619
9,2,5,1595
9,2,6,1582
9,2,7,1597
9,2,8,1591
9,2,9,1605
9,2,10,1602
9,2,11,1581
9,2,12,1633
9,2,13,1596
9,2,14,1591
9,2,15,1597
9,2,16,1609
9,2,17,1624
9,2,18,1602
9,2,19,1598
9,2,20,1599
9,2,21,1592
9,2,22,1613
9,2,23,1611
9,2,24,1596
9,2,25,1606
9,2,26,1593
9,2,27,1594
9,2,28,1604
9,2,29,1585
9,2,30,1602
9,2,31,1603
10,2,0,2043
10,2,1,2043
10,2,2,2068
10,2,3,2057
10,2,4,4374
10,2,5,2055
10,2,6,2053
10,2,7,2100
10,2,8,2048
10,2,9,2060
10,2,10,2089
10,2,11,2054
10,2,12,2088
10,2,13,2043
10,2,14,2086
10,2,15,2073
10,2,16,2050
10,2,17,2043
10,2,18,2055
10,2,19,2048
10,2,20,2096
10,2,21,2057
10,2,22,2044
10,2,23,2051
10,2,24,2043
10,2,25,2066
10,2,26,2057
10,2,27,2062
10,2,28,2059
10,2,29,2036
10,2,30,2023
10,2,31,2039
11,2,0,523
11,2,1,541
11,2,2,529
11,2,3,521
11,2,4,536
11,2,5,528
11,2,6,529
11,2,7,534
11,2,8,529
11,2,9,544
11,2,10,537
11,2,11,553
11,2,12,552
11,2,13,548
11,2,14,511
11,2,15,532
11,2,16,519
11,2,17,539
11,2,18,521
11,2,19,526
11,2,20,539
11,2,21,505
11,2,22,511
11,2,23,540
11,2,24,537
11,2,25,527
11,2,26,535
11,2,27,524
11,2,28,547
11,2,29,532
11,2,30,525
11,2,31,511
12,2,0,345
12,2,1,381
12,2,2,366
12,2,3,367
12,2,4,386
12,2,5,364
12,2,6,358
12,2,7,372
12,2,8,378
12,2,9,369
12,2,10,359
12,2,11,367
12,2,12,368
12,2,13,365
12,2,14,364
12,2,15,363
12,2,16,362
12,2,17,365
12,2,18,356
12,2,19,361
12,2,20,363
12,2,21,369
12,2,22,359
12,2,23,361
12,2,24,373
12,2,25,361
12,2,26,360
12,2,27,355
12,2,28,365
12,2,29,365
12,2,30,356
12,2,31,364
12,3,0,354
12,3,1,352
12,3,2,348
12,3,3,359
12,3,4,368
12,3,5,359
12,3,6,360
12,3,7,360
12,3,8,361
12,3,9,368
12,3,10,355
12,3,11,360
12,3,12,359
12,3,13,368
12,3,14,363
12,3,15,369
12,3,16,362
12,3,17,361
12,3,18,353
12,3,19,362
12,3,20,363
12,3,21,361
12,3,22,363
12,3,23,365
12,3,24,360
12,3,25,360
12,3,26,367
12,3,27,365
12,3,28,375
12,3,29,359
12,3,30,376
12,3,31,368
11,3,0,506
11,3,1,519
11,3,2,537
11,3,3,539
11,3,4,541
11,3,5,515
11,3,6,531
11,3,7,513
11,3,8,542
11,3,9,517
11,3,10,534
11,3,11,532
11,3,12,539
11,3,13,544
11,3,14,536
11,3,15,543
11,3,16,517
11,3,17,522
11,3,18,533
11,3,19,526
11,3,20,523
11,3,21,541
11,3,22,526
11,3,23,530
11,3,24,504
11,3,25,523
11,3,26,515
11,3,27,530
11,3,28,561
11,3,29,548
11,3,30,537
11,3,31,516
10,3,0,2081
10,3,1,2075
10,3,2,2080
10,3,3,2067
10,3,4,2091
10,3,5,2054
10,3,6,2045
10,3,7,2075
10,3,8,2039
10,3,9,2053
10,3,10,2049
10,3,11,2069
10,3,12,2099
10,3,13,2047
10,3,14,2067
10,3,15,2055
10,3,16,2050
10,3,17,2045
10,3,18,2083
10,3,19,2046
10,3,20,2079
10,3,21,2063
10,3,22,2084
10,3,23,2059
10,3,24,2036
10,3,25,2069
10,3,26,2090
10,3,27,2071
10,3,28,2062
10,3,29,2055
10,3,30,2056
10,3,31,2063
9,3,0,1583
9,3,1,1624
9,3,2,1633
9,3,3,1621
9,3,4,1671
9,3,5,1605
9,3,6,1612
9,3,7,1616
9,3,8,1604
9,3,9,1610
9,3,10,1598
9,3,11,1602
9,3,12,1593
9,3,13,1602
9,3,14,1597
9,3,15,1609
9,3,16,1604
9,3,17,1634
9,3,18,1585
9,3,19,1591
9,3,20,1602
9,3,21,1585
9,3,22,1612
9,3,23,1589
9,3,24,1609
9,3,25,1600
9,3,26,1611
9,3,27,1617
9,3,28,1633
9,3,29,1613
9,3,30,1616
9,3,31,1619
8,3,0,1394
8,3,1,1427
8,3,2,1445
8,3,3,1423
8,3,4,1466
8,3,5,1410
8,3,6,1436
8,3,7,1393
8,3,8,1403
8,3,9,1425
8,3,10,1393
8,3,11,1404
8,3,12,1396
8,3,13,1398
8,3,14,1399
8,3,15,1379
8,3,16,1405
8,3,17,1431
8,3,18,1402
8,3,19,1410
8,3,20,1406
8,3,21,1390
8,3,22,1443
8,3,23,1414
8,3,24,1422
8,3,25,1445
8,3,26,1406
8,3,27,1423
8,3,28,1405
8,3,29,1404
8,3,30,1423
8,3,31,1406
7,3,0,391
7,3,1,394
7,3,2,402
7,3,3,394
7,3,4,387
7,3,5,393
7,3,6,393
7,3,7,392
7,3,8,386
7,3,9,388
7,3,10,393
7,3,11,396
7,3,12,399
7,3,13,405
7,3,14,396
7,3,15,393
7,3,16,405
7,3,17,395
7,3,18,401
7,3,19,391
7,3,20,400
7,3,21,388
7,3,22,398
7,3,23,390
7,3,24,393
7,3,25,395
7,3,26,398
7,3,27,388
7,3,28,387
7,3,29,386
7,3,30,401
7,3,31,396
6,3,0,972
6,3,1,964
6,3,2,969
6,3,3,958
6,3,4,955
6,3,5,971
6,3,6,960
6,3,7,950
6,3,8,983
6,3,9,953
6,3,10,969
6,3,11,970
6,3,12,961
6,3,13,975
6,3,14,964
6,3,15,952
6,3,16,971
6,3,17,976
6,3,18,958
6,3,19,948
6,3,20,942
6,3,21,956
6,3,22,970
6,3,23,941
6,3,24,959
6,3,25,957
6,3,26,953
6,3,27,962
6,3,28,980
6,3,29,962
6,3,30,961
6,3,31,944
5,3,0,648
5,3,1,651
5,3,2,665
5,3,3,662
5,3,4,680
5,3,5,645
5,3,6,664
5,3,7,648
5,3,8,637
5,3,9,646
5,3,10,638
5,3,11,649
5,3,12,639
5,3,13,640
5,3,14,652
5,3,15,644
5,3,16,647
5,3,17,660
5,3,18,653
5,3,19,641
5,3,20,637
5,3,21,642
5,3,22,654
5,3,23,668
5,3,24,645
5,3,25,658
5,3,26,644
5,3,27,648
5,3,28,682
5,3,29,645
5,3,30,647
5,3,31,660
4,3,0,653
4,3,1,675
4,3,2,668
4,3,3,667
4,3,4,672
4,3,5,670
4,3,6,675
4,3,7,656
4,3,8,644
4,3,9,661
4,3,10,661
4,3,11,695
4,3,12,670
4,3,13,682
4,3,14,645
4,3,15,656
4,3,16,658
4,3,17,674
4,3,18,665
4,3,19,653
4,3,20,666
4,3,21,659
4,3,22,682
4,3,23,660
4,3,24,666
4,3,25,661
4,3,26,657
4,3,27,663
4,3,28,678
4,3,29,669
4,3,30,658
4,3,31,652
3,3,0,1253
3,3,1,1377
3,3,2,1262
3,3,3,1267
3,3,4,1260
3,3,5,1243
3,3,6,1251
3,3,7,1250
3,3,8,1238
3,3,9,1242
3,3,10,1273
3,3,11,1247
3,3,12,1242
3,3,13,1238
3,3,14,1245
3,3,15,1243
3,3,16,1278
3,3,17,1261
3,3,18,1256
3,3,19,1224
3,3,20,1237
3,3,21,1245
3,3,22,1247
3,3,23,1254
3,3,24,1240
3,3,25,1246
3,3,26,1241
3,3,27,1248
3,3,28,1372
3,3,29,1251
3,3,30,1233
3,3,31,1235
2,3,0,307
2,3,1,309
2,3,2,306
2,3,3,311
2,3,4,312
2,3,5,311
2,3,6,310
2,3,7,308
2,3,8,308
2,3,9,312
2,3,10,303
2,3,11,307
2,3,12,310
2,3,13,314
2,3,14,315
2,3,15,313
2,3,16,308
2,3,17,307
2,3,18,304
2,3,19,303
2,3,20,312
2,3,21,312
2,3,22,309
2,3,23,308
2,3,24,307
2,3,25,302
2,3,26,310
2,3,27,310
2,3,28,311
2,3,29,311
2,3,30,308
2,3,31,313
1,3,0,750
1,3,1,641
1,3,2,646
1,3,3,631
1,3,4,632
1,3,5,641
1,3,6,639
1,3,7,644
1,3,8,643
1,3,9,648
1,3,10,639
1,3,11,636
1,3,12,632
1,3,13,633
1,3,14,632
1,3,15,639
1,3,16,639
1,3,17,638
1,3,18,642
1,3,19,642
1,3,20,633
1,3,21,629
1,3,22,639
1,3,23,751
1,3,24,635
1,3,25,637
1,3,26,641
1,3,27,633
1,3,28,638
1,3,29,630
1,3,30,646
1,3,31,640
0,3,0,721
0,3,1,739
0,3,2,743
0,3,3,708
0,3,4,729
0,3,5,719
0,3,6,718
0,3,7,739
0,3,8,720
0,3,9,732
0,3,10,736
0,3,11,713
0,3,12,721
0,3,13,714
0,3,14,716
0,3,15,711
0,3,16,744
0,3,17,729
0,3,18,723
0,3,19,728
0,3,20,721
0,3,21,728
0,3,22,727
0,3,23,715
0,3,24,717
0,3,25,714
0,3,26,727
0,3,27,721
0,3,28,707
0,3,29,717
0,3,30,712
0,3,31,727
0,4,0,704
0,4,1,712
0,4,2,707
0,4,3,717
0,4,4,698
0,4,5,711
0,4,6,719
0,4,7,711
0,4,8,719
0,4,9,725
0,4,10,730
0,4,11,725
0,4,12,709
0,4,13,733
0,4,14,717
0,4,15,720
0,4,16,746
0,4,17,724
0,4,18,755
0,4,19,729
0,4,20,717
0,4,21,721
0,4,22,727
0,4,23,727
0,4,24,732
0,4,25,724
0,4,26,723
0,4,27,724
0,4,28,726
0,4,29,717
0,4,30,713
0,4,31,714
1,4,0,630
1,4,1,643
1,4,2,642
1,4,3,641
1,4,4,653
1,4,5,628
1,4,6,637
1,4,7,646
1,4,8,643
1,4,9,639
1,4,10,640
1,4,11,637
1,4,12,636
1,4,13,630
1,4,14,638
1,4,15,648
1,4,16,649
1,4,17,634
1,4,18,642
1,4,19,639
1,4,20,634
1,4,21,629
1,4,22,633
1,4,23,631
1,4,24,645
1,4,25,635
1,4,26,1019
1,4,27,643
1,4,28,641
1,4,29,643
1,4,30,629
1,4,31,634
2,4,0,304
2,4,1,301
2,4,2,292
2,4,3,303
2,4,4,308
2,4,5,301
2,4,6,309
2,4,7,305
2,4,8,299
2,4,9,312
2,4,10,307
2,4,11,306
2,4,12,306
2,4,13,299
2,4,14,305
2,4,15,294
2,4,16,309
2,4,17,309
2,4,18,303
2,4,19,298
2,4,20,303
2,4,21,297
2,4,22,291
2,4,23,302
2,4,24,300
2,4,25,291
2,4,26,303
2,4,27,305
2,4,28,303
2,4,29,307
2,4,30,310
2,4,31,308
3,4,0,1234
3,4,1,1267
3,4,2,1259
3,4,3,1267
3,4,4,1252
3,4,5,1232
3,4,6,1227
3,4,7,1240
3,4,8,1246
3,4,9,1258
3,4,10,1248
3,4,11,1236
3,4,12,1243
3,4,13,1233
3,4,14,1238
3,4,15,1245
3,4,16,1265
3,4,17,1381
3,4,18,1237
3,4,19,1258
3,4,20,1254
3,4,21,1245
3,4,22,1250
3,4,23,1262
3,4,24,1260
3,4,25,1276
3,4,26,1258
3,4,27,1250
3,4,28,1246
3,4,29,1242
3,4,30,1264
3,4,31,1239
4,4,0,669
4,4,1,687
4,4,2,685
4,4,3,683
4,4,4,683
4,4,5,654
4,4,6,679
4,4,7,657
4,4,8,650
4,4,9,676
4,4,10,662
4,4,11,666
4,4,12,681
4,4,13,662
4,4,14,685
4,4,15,651
4,4,16,667
4,4,17,678
4,4,18,669
4,4,19,670
4,4,20,680
4,4,21,684
4,4,22,666
4,4,23,660
4,4,24,664
4,4,25,654
4,4,26,674
4,4,27,664
4,4,28,657
4,4,29,674
4,4,30,663
4,4,31,660
5,4,0,632
5,4,1,655
5,4,2,661
5,4,3,657
5,4,4,688
5,4,5,648
5,4,6,657
5,4,7,649
5,4,8,634
5,4,9,664
5,4,10,640
5,4,11,648
5,4,12,663
5,4,13,639
5,4,14,656
5,4,15,653
5,4,16,650
5,4,17,643
5,4,18,638
5,4,19,647
5,4,20,647
5,4,21,642
5,4,22,641
5,4,23,635
5,4,24,642
5,4,25,648
5,4,26,644
5,4,27,667
5,4,28,663
5,4,29,639
5,4,30,657
5,4,31,653
6,4,0,958
6,4,1,974
6,4,2,987
6,4,3,968
6,4,4,971
6,4,5,949
6,4,6,959
6,4,7,963
6,4,8,978
6,4,9,957
6,4,10,961
6,4,11,955
6,4,12,949
6,4,13,978
6,4,14,965
6,4,15,950
6,4,16,955
6,4,17,974
6,4,18,957
6,4,19,967
6,4,20,982
6,4,21,979
6,4,22,968
6,4,23,968
6,4,24,970
6,4,25,989
6,4,26,978
6,4,27,979
6,4,28,966
6,4,29,991
6,4,30,958
6,4,31,969
7,4,0,388
7,4,1,393
7,4,2,387
7,4,3,396
7,4,4,392
7,4,5,393
7,4,6,388
7,4,7,389
7,4,8,393
7,4,9,402
7,4,10,396
7,4,11,400
7,4,12,391
7,4,13,392
7,4,14,390
7,4,15,386
7,4,16,392
7,4,17,400
7,4,18,398
7,4,19,398
7,4,20,397
7,4,21,386
7,4,22,405
7,4,23,392
7,4,24,392
7,4,25,388
7,4,26,391
7,4,27,390
7,4,28,394
7,4,29,391
7,4,30,392
7,4,31,396
8,4,0,1409
8,4,1,1457
8,4,2,1433
8,4,3,1432
8,4,4,1446
8,4,5,1420
8,4,6,1408
8,4,7,1425
8,4,8,1442
8,4,9,1422
8,4,10,1397
8,4,11,1419
8,4,12,1409
8,4,13,1432
8,4,14,1401
8,4,15,1429
8,4,16,1441
8,4,17,1409
8,4,18,1410
8,4,19,1426
8,4,20,1405
8,4,21,1392
8,4,22,1419
8,4,23,1406
8,4,24,1384
8,4,25,1397
8,4,26,1430
8,4,27,1403
8,4,28,1421
8,4,29,1412
8,4,30,1444
8,4,31,1430
9,4,0,1574
9,4,1,1605
9,4,2,1637
9,4,3,1616
9,4,4,1620
9,4,5,1593
9,4,6,1622
9,4,7,1601
9,4,8,1605
9,4,9,1605
9,4,10,1590
9,4,11,1602
9,4,12,1622
9,4,13,1609
9,4,14,1591
9,4,15,1627
9,4,16,1585
9,4,17,1615
9,4,18,1616
9,4,19,1594
9,4,20,1619
9,4,21,1582
9,4,22,1584
9,4,23,1600
9,4,24,1592
9,4,25,1610
9,4,26,1605
9,4,27,1589
9,4,28,1607
9,4,29,1589
9,4,30,1594
9,4,31,1595
10,4,0,2069
10,4,1,2067
10,4,2,2087
10,4,3,2083
10,4,4,2107
10,4,5,2037
10,4,6,2046
10,4,7,2034
10,4,8,2025
10,4,9,2082
10,4,10,2042
10,4,11,2065
10,4,12,2083
10,4,13,2039
10,4,14,2063
10,4,15,2057
10,4,16,2050
10,4,17,2059
10,4,18,2072
10,4,19,2046
10,4,20,2083
10,4,21,2046
10,4,22,2066
10,4,23,2041
10,4,24,2033
10,4,25,2011
10,4,26,2037
10,4,27,2080
10,4,28,2076
10,4,29,2058
10,4,30,2055
10,4,31,2050
11,4,0,520
11,4,1,537
11,4,2,515
11,4,3,527
11,4,4,555
11,4,5,527
11,4,6,508
11,4,7,529
11,4,8,506
11,4,9,532
11,4,10,514
11,4,11,535
11,4,12,548
11,4,13,547
11,4,14,511
11,4,15,509
11,4,16,530
11,4,17,523
11,4,18,530
11,4,19,534
11,4,20,508
11,4,21,538
11,4,22,510
11,4,23,518
11,4,24,521
11,4,25,517
11,4,26,542
11,4,27,538
11,4,28,527
11,4,29,517
11,4,30,514
11,4,31,538
12,4,0,351
12,4,1,376
12,4,2,379
12,4,3,366
12,4,4,393
12,4,5,366
12,4,6,379
12,4,7,378
12,4,8,372
12,4,9,361
12,4,10,369
12,4,11,369
12,4,12,367
12,4,13,371
12,4,14,372
12,4,15,365
12,4,16,364
12,4,17,367
12,4,18,361
12,4,19,358
12,4,20,366
12,4,21,373
12,4,22,371
12,4,23,368
12,4,24,364
12,4,25,383
12,4,26,374
12,4,27,368
12,4,28,367
12,4,29,367
12,4,30,375
12,4,31,368
12,5,0,352
12,5,1,356
12,5,2,356
12,5,3,358
12,5,4,373
12,5,5,367
12,5,6,365
12,5,7,368
12,5,8,361
12,5,9,371
12,5,10,394
12,5,11,362
12,5,12,365
12,5,13,366
12,5,14,363
12,5,15,360
12,5,16,363
12,5,17,364
12,5,18,363
12,5,19,362
12,5,20,372
12,5,21,371
12,5,22,368
12,5,23,369
12,5,24,362
12,5,25,361
12,5,26,363
12,5,27,365
12,5,28,370
12,5,29,369
12,5,30,367
12,5,31,358
11,5,0,511
11,5,1,532
11,5,2,540
11,5,3,536
11,5,4,542
11,5,5,541
11,5,6,555
11,5,7,538
11,5,8,542
11,5,9,534
11,5,10,538
11,5,11,543
11,5,12,541
11,5,13,521
11,5,14,515
11,5,15,545
11,5,16,546
11,5,17,531
11,5,18,514
11,5,19,506
11,5,20,548
11,5,21,529
11,5,22,537
11,5,23,540
11,5,24,548
11,5,25,535
11,5,26,517
11,5,27,546
11,5,28,542
11,5,29,538
11,5,30,533
11,5,31,530
10,5,0,2051
10,5,1,2078
10,5,2,2065
10,5,3,2086
10,5,4,2130
10,5,5,2057
10,5,6,2044
10,5,7,2071
10,5,8,2048
10,5,9,2083
10,5,10,2058
10,5,11,2073
10,5,12,2076
10,5,13,2030
10,5,14,2049
10,5,15,2070
10,5,16,2059
10,5,17,2077
10,5,18,2027
10,5,19,2091
10,5,20,2086
10,5,21,2066
10,5,22,2046
10,5,23,2069
10,5,24,2049
10,5,25,2039
10,5,26,2057
10,5,27,2032
10,5,28,2085
10,5,29,2048
10,5,30,2079
10,5,31,2049
9,5,0,1557
9,5,1,1609
9,5,2,1596
9,5,3,1621
9,5,4,1623
9,5,5,1610
9,5,6,1589
9,5,7,1609
9,5,8,1599
9,5,9,1612
9,5,10,1604
9,5,11,1613
9,5,12,1626
9,5,13,1585
9,5,14,1628
9,5,15,1648
9,5,16,1595
9,5,17,1618
9,5,18,1622
9,5,19,1610
9,5,20,1581
9,5,21,1606
9,5,22,1575
9,5,23,1611
9,5,24,1593
9,5,25,1628
9,5,26,1606
9,5,27,1606
9,5,28,1626
9,5,29,1598
9,5,30,1629
9,5,31,1629
8,5,0,1376
8,5,1,1431
8,5,2,1425
8,5,3,1403
8,5,4,1463
8,5,5,1417
8,5,6,1461
8,5,7,1428
8,5,8,1424
8,5,9,1430
8,5,10,1409
8,5,11,1440
8,5,12,1456
8,5,13,1423
8,5,14,1413
8,5,15,1428
8,5,16,1420
8,5,17,1435
8,5,18,1439
8,5,19,1407
8,5,20,1443
8,5,21,1415
8,5,22,1391
8,5,23,1430
8,5,24,1412
8,5,25,1434
8,5,26,1402
8,5,27,1415
8,5,28,1442
8,5,29,1394
8,5,30,1459
8,5,31,1473
7,5,0,391
7,5,1,396
7,5,2,397
7,5,3,386
7,5,4,386
7,5,5,394
7,5,6,385
7,5,7,387
7,5,8,398
7,5,9,396
7,5,10,407
7,5,11,394
7,5,12,395
7,5,13,395
7,5,14,396
7,5,15,396
7,5,16,391
7,5,17,399
7,5,18,385
7,5,19,386
7,5,20,391
7,5,21,405
7,5,22,404
7,5,23,397
7,5,24,395
7,5,25,394
7,5,26,390
7,5,27,396
7,5,28,390
7,5,29,395
7,5,30,396
7,5,31,397
6,5,0,953
6,5,1,967
6,5,2,966
6,5,3,975
6,5,4,961
6,5,5,973
6,5,6,962
6,5,7,980
6,5,8,968
6,5,9,959
6,5,10,952
6,5,11,957
6,5,12,957
6,5,13,972
6,5,14,975
6,5,15,960
6,5,16,979
6,5,17,976
6,5,18,962
6,5,19,956
6,5,20,957
6,5,21,962
6,5,22,969
6,5,23,984
6,5,24,984
6,5,25,968
6,5,26,971
6,5,27,985
6,5,28,968
6,5,29,956
6,5,30,976
6,5,31,977
5,5,0,636
5,5,1,664
5,5,2,665
5,5,3,667
5,5,4,686
5,5,5,644
5,5,6,640
5,5,7,655
5,5,8,642
5,5,9,652
5,5,10,641
5,5,11,637
5,5,12,645
5,5,13,649
5,5,14,633
5,5,15,652
5,5,16,657
5,5,17,641
5,5,18,640
5,5,19,640
5,5,20,641
5,5,21,636
5,5,22,637
5,5,23,649
5,5,24,632
5,5,25,645
5,5,26,631
5,5,27,658
5,5,28,659
5,5,29,636
5,5,30,643
5,5,31,637
4,5,0,668
4,5,1,678
4,5,2,668
4,5,3,684
4,5,4,676
4,5,5,680
4,5,6,658
4,5,7,654
4,5,8,676
4,5,9,656
4,5,10,665
4,5,11,665
4,5,12,665
4,5,13,664
4,5,14,665
4,5,15,665
4,5,16,687
4,5,17,660
4,5,18,673
4,5,19,671
4,5,20,660
4,5,21,645
4,5,22,662
4,5,23,677
4,5,24,660
4,5,25,660
4,5,26,679
4,5,27,668
4,5,28,698
4,5,29,660
4,5,30,671
4,5,31,672
3,5,0,1241
3,5,1,1273
3,5,2,1253
3,5,3,1262
3,5,4,1271
3,5,5,1254
3,5,6,1245
3,5,7,1250
3,5,8,1246
3,5,9,1242
3,5,10,1265
3,5,11,1272
3,5,12,1284
3,5,13,1257
3,5,14,1263
3,5,15,1257
3,5,16,1269
3,5,17,1244
3,5,18,1249
3,5,19,1258
3,5,20,1240
3,5,21,1253
3,5,22,1254
3,5,23,1258
3,5,24,1249
3,5,25,1248
3,5,26,1244
3,5,27,1251
3,5,28,1264
3,5,29,1257
3,5,30,1243
3,5,31,1233
2,5,0,301
2,5,1,307
2,5,2,310
2,5,3,304
2,5,4,305
2,5,5,301
2,5,6,310
2,5,7,317
2,5,8,304
2,5,9,307
2,5,10,312
2,5,11,306
2,5,12,302
2,5,13,304
2,5,14,310
2,5,15,319
2,5,16,310
2,5,17,305
2,5,18,304
2,5,19,305
2,5,20,311
2,5,21,307
2,5,22,301
2,5,23,312
2,5,24,307
2,5,25,302
2,5,26,314
2,5,27,311
2,5,28,301
2,5,29,306
2,5,30,308
2,5,31,308
1,5,0,630
1,5,1,641
1,5,2,653
1,5,3,640
1,5,4,640
1,5,5,642
1,5,6,634
1,5,7,640
1,5,8,633
1,5,9,638
1,5,10,634
1,5,11,641
1,5,12,649
1,5,13,646
1,5,14,636
1,5,15,637
1,5,16,638
1,5,17,639
1,5,18,743
1,5,19,635
1,5,20,633
1,5,21,646
1,5,22,632
1,5,23,631
1,5,24,641
1,5,25,635
1,5,26,640
1,5,27,647
1,5,28,647
1,5,29,637
1,5,30,636
1,5,31,640
0,5,0,727
0,5,1,735
0,5,2,745
0,5,3,734
0,5,4,730
0,5,5,717
0,5,6,726
0,5,7,731
0,5,8,710
0,5,9,718
0,5,10,734
0,5,11,720
0,5,12,731
0,5,13,721
0,5,14,733
0,5,15,721
0,5,16,730
0,5,17,731
0,5,18,764
0,5,19,718
0,5,20,711
0,5,21,720
0,5,22,718
0,5,23,708
0,5,24,712
0,5,25,715
0,5,26,718
0,5,27,739
0,5,28,734
0,5,29,706
0,5,30,723
0,5,31,717
0,6,0,726
0,6,1,715
0,6,2,728
0,6,3,707
0,6,4,717
0,6,5,712
0,6,6,716
0,6,7,721
0,6,8,715
0,6,9,725
0,6,10,726
0,6,11,720
0,6,12,723
0,6,13,725
0,6,14,720
0,6,15,709
0,6,16,741
0,6,17,722
0,6,18,721
0,6,19,716
0,6,20,724
0,6,21,716
0,6,22,725
0,6,23,725
0,6,24,747
0,6,25,716
0,6,26,720
0,6,27,711
0,6,28,719
0,6,29,722
0,6,30,711
0,6,31,724
1,6,0,642
1,6,1,637
1,6,2,640
1,6,3,649
1,6,4,635
1,6,5,640
1,6,6,650
1,6,7,639
1,6,8,645
1,6,9,641
1,6,10,634
1,6,11,641
1,6,12,639
1,6,13,639
1,6,14,632
1,6,15,636
1,6,16,633
1,6,17,635
1,6,18,636
1,6,19,632
1,6,20,636
1,6,21,627
1,6,22,637
1,6,23,639
1,6,24,640
1,6,25,644
1,6,26,646
1,6,27,641
1,6,28,638
1,6,29,637
1,6,30,636
1,6,31,633
2,6,0,307
2,6,1,306
2,6,2,304
2,6,3,303
2,6,4,313
2,6,5,308
2,6,6,314
2,6,7,317
2,6,8,307
2,6,9,310
2,6,10,310
2,6,11,309
2,6,12,306
2,6,13,316
2,6,14,301
2,6,15,313
2,6,16,318
2,6,17,301
2,6,18,309
2,6,19,303
2,6,20,308
2,6,21,302
2,6,22,305
2,6,23,315
2,6,24,302
2,6,25,304
2,6,26,308
2,6,27,306
2,6,28,316
2,6,29,303
2,6,30,313
2,6,31,313
3,6,0,1239
3,6,1,1265
3,6,2,1256
3,6,3,1270
3,6,4,1255
3,6,5,1244
3,6,6,1263
3,6,7,1397
3,6,8,1257
3,6,9,1287
3,6,10,1249
3,6,11,1227
3,6,12,1242
3,6,13,1245
3,6,14,1246
3,6,15,1244
3,6,16,1262
3,6,17,1255
3,6,18,1227
3,6,19,1244
3,6,20,1240
3,6,21,1246
3,6,22,1250
3,6,23,1259
3,6,24,1232
3,6,25,1291
3,6,26,1226
3,6,27,1241
3,6,28,1244
3,6,29,1244
3,6,30,1230
3,6,31,1243
4,6,0,679
4,6,1,668
4,6,2,670
4,6,3,669
4,6,4,680
4,6,5,665
4,6,6,653
4,6,7,661
4,6,8,662
4,6,9,654
4,6,10,649
4,6,11,672
4,6,12,681
4,6,13,696
4,6,14,669
4,6,15,685
4,6,16,696
4,6,17,669
4,6,18,670
4,6,19,671
4,6,20,679
4,6,21,670
4,6,22,671
4,6,23,663
4,6,24,669
4,6,25,657
4,6,26,652
4,6,27,664
4,6,28,686
4,6,29,663
4,6,30,667
4,6,31,648
5,6,0,634
5,6,1,657
5,6,2,661
5,6,3,653
5,6,4,666
5,6,5,631
5,6,6,637
5,6,7,671
5,6,8,633
5,6,9,634
5,6,10,645
5,6,11,634
5,6,12,628
5,6,13,635
5,6,14,628
5,6,15,649
5,6,16,650
5,6,17,632
5,6,18,647
5,6,19,642
5,6,20,648
5,6,21,636
5,6,22,630
5,6,23,644
5,6,24,627
5,6,25,650
5,6,26,639
5,6,27,654
5,6,28,655
5,6,29,642
5,6,30,640
5,6,31,638
6,6,0,945
6,6,1,973
6,6,2,966
6,6,3,985
6,6,4,961
6,6,5,976
6,6,6,961
6,6,7,990
6,6,8,962
6,6,9,962
6,6,10,963
6,6,11,967
6,6,12,960
6,6,13,956
6,6,14,980
6,6,15,973
6,6,16,967
6,6,17,955
6,6,18,956
6,6,19,948
6,6,20,947
6,6,21,952
6,6,22,969
6,6,23,948
6,6,24,961
6,6,25,960
6,6,26,962
6,6,27,977
6,6,28,951
6,6,29,974
6,6,30,980
6,6,31,949
7,6,0,389
7,6,1,393
7,6,2,392
7,6,3,390
7,6,4,389
7,6,5,388
7,6,6,390
7,6,7,394
7,6,8,390
7,6,9,396
7,6,10,393
7,6,11,389
7,6,12,396
7,6,13,394
7,6,14,394
7,6,15,398
7,6,16,391
7,6,17,396
7,6,18,397
7,6,19,401
7,6,20,389
7,6,21,399
7,6,22,401
7,6,23,392
7,6,24,389
7,6,25,394
7,6,26,395
7,6,27,392
7,6,28,388
7,6,29,401
7,6,30,392
7,6,31,387
8,6,0,1397
8,6,1,1429
8,6,2,1437
8,6,3,1412
8,6,4,1469
8,6,5,1440
8,6,6,1417
8,6,7,1441
8,6,8,1413
8,6,9,1448
8,6,10,1413
8,6,11,1417
8,6,12,1407
8,6,13,1414
8,6,14,1429
8,6,15,1443
8,6,16,1426
8,6,17,1442
8,6,18,1435
8,6,19,1416
8,6,20,1445
8,6,21,1424
8,6,22,1407
8,6,23,1419
8,6,24,1405
8,6,25,1443
8,6,26,1427
8,6,27,1400
8,6,28,1457
8,6,29,1431
8,6,30,1413
8,6,31,1441
9,6,0,1536
9,6,1,1616
9,6,2,1657
9,6,3,1607
9,6,4,1654
9,6,5,1601
9,6,6,1597
9,6,7,1610
9,6,8,1618
9,6,9,1613
9,6,10,1604
9,6,11,1608
9,6,12,1617
9,6,13,1603
9,6,14,1604
9,6,15,1620
9,6,16,1588
9,6,17,1623
9,6,18,1624
9,6,19,1605
9,6,20,1612
9,6,21,1607
9,6,22,1607
9,6,23,1613
9,6,24,1590
9,6,25,1609
9,6,26,1618
9,6,27,1611
9,6,28,1628
9,6,29,1638
9,6,30,1613
9,6,31,1610
10,6,0,2072
10,6,1,2058
10,6,2,2073
10,6,3,2069
10,6,4,2085
10,6,5,2057
10,6,6,2064
10,6,7,2078
10,6,8,2059
10,6,9,2082
10,6,10,2441
10,6,11,2124
10,6,12,2085
10,6,13,2050
10,6,14,2036
10,6,15,2049
10,6,16,2070
10,6,17,2066
10,6,18,2059
10,6,19,2053
10,6,20,2062
10,6,21,2054
10,6,22,2048
10,6,23,2066
10,6,24,2074
10,6,25,2080
10,6,26,2052
10,6,27,2043
10,6,28,2089
10,6,29,2034
10,6,30,2090
10,6,31,2079
11,6,0,502
11,6,1,533
11,6,2,534
11,6,3,528
11,6,4,552
11,6,5,522
11,6,6,527
11,6,7,526
11,6,8,526
11,6,9,514
11,6,10,541
11,6,11,546
11,6,12,548
11,6,13,554
11,6,14,542
11,6,15,533
11,6,16,530
11,6,17,518
11,6,18,538
11,6,19,532
11,6,20,522
11,6,21,544
11,6,22,538
11,6,23,531
11,6,24,524
11,6,25,535
11,6,26,536
11,6,27,532
11,6,28,551
11,6,29,529
11,6,30,542
11,6,31,526
12,6,0,352
12,6,1,372
12,6,2,374
12,6,3,372
12,6,4,380
12,6,5,365
12,6,6,361
12,6,7,359
12,6,8,370
12,6,9,360
12,6,10,369
12,6,11,367
12,6,12,378
12,6,13,375
12,6,14,368
12,6,15,366
12,6,16,365
12,6,17,366
12,6,18,355
12,6,19,361
12,6,20,372
12,6,21,365
12,6,22,378
12,6,23,374
12,6,24,364
12,6,25,369
12,6,26,366
12,6,27,365
12,6,28,373
12,6,29,383
12,6,30,370
12,6,31,354
12,7,0,348
12,7,1,357
12,7,2,363
12,7,3,358
12,7,4,376
12,7,5,379
12,7,6,371
12,7,7,360
12,7,8,372
12,7,9,373
12,7,10,363
12,7,11,371
12,7,12,379
12,7,13,382
12,7,14,380
12,7,15,367
12,7,16,363
12,7,17,359
12,7,18,358
12,7,19,353
12,7,20,363
12,7,21,364
12,7,22,361
12,7,23,361
12,7,24,363
12,7,25,364
12,7,26,368
12,7,27,365
12,7,28,385
12,7,29,376
12,7,30,365
12,7,31,362
11,7,0,518
11,7,1,525
11,7,2,533
11,7,3,519
11,7,4,533
11,7,5,528
11,7,6,538
11,7,7,506
11,7,8,526
11,7,9,532
11,7,10,508
11,7,11,526
11,7,12,528
11,7,13,539
11,7,14,510
11,7,15,541
11,7,16,542
11,7,17,515
11,7,18,509
11,7,19,509
11,7,20,511
11,7,21,528
11,7,22,513
11,7,23,545
11,7,24,537
11,7,25,535
11,7,26,535
11,7,27,534
11,7,28,540
11,7,29,544
11,7,30,550
11,7,31,523
10,7,0,2035
10,7,1,2146
10,7,2,2076
10,7,3,2078
10,7,4,2074
10,7,5,2047
10,7,6,2071
10,7,7,2078
10,7,8,2049
10,7,9,2082
10,7,10,2049
10,7,11,2047
10,7,12,2109
10,7,13,2049
10,7,14,2082
10,7,15,2071
10,7,16,2091
10,7,17,2054
10,7,18,2063
10,7,19,2046
10,7,20,2077
10,7,21,2043
10,7,22,2044
10,7,23,2060
10,7,24,2042
10,7,25,2090
10,7,26,2102
10,7,27,2088
10,7,28,2071
10,7,29,2044
10,7,30,2064
10,7,31,2088
9,7,0,1589
9,7,1,1611
9,7,2,1624
9,7,3,1629
9,7,4,1646
9,7,5,1581
9,7,6,1618
9,7,7,1605
9,7,8,1596
9,7,9,1606
9,7,10,1618
9,7,11,1631
9,7,12,1620
9,7,13,1598
9,7,14,1637
9,7,15,1603
9,7,16,1590
9,7,17,1633
9,7,18,1590
9,7,19,1595
9,7,20,1616
9,7,21,1617
9,7,22,1614
9,7,23,1584
9,7,24,1615
9,7,25,1609
9,7,26,1614
9,7,27,1580
9,7,28,1632
9,7,29,1594
9,7,30,1612
9,7,31,1607
8,7,0,1411
8,7,1,1435
8,7,2,1437
8,7,3,1426
8,7,4,1468
8,7,5,1406
8,7,6,1418
8,7,7,1436
8,7,8,1422
8,7,9,1423
8,7,10,1437
8,7,11,1404
8,7,12,1457
8,7,13,1399
8,7,14,1408
8,7,15,1411
8,7,16,1412
8,7,17,1425
8,7,18,1420
8,7,19,1419
8,7,20,1433
8,7,21,1399
8,7,22,1419
8,7,23,1419
8,7,24,1405
8,7,25,1430
8,7,26,1408
8,7,27,1430
8,7,28,1437
8,7,29,1429
8,7,30,1425
8,7,31,1461
7,7,0,388
7,7,1,394
7,7,2,394
7,7,3,385
7,7,4,387
7,7,5,390
7,7,6,387
7,7,7,393
7,7,8,388
7,7,9,384
7,7,10,390
7,7,11,392
7,7,12,388
7,7,13,387
7,7,14,386
7,7,15,400
7,7,16,398
7,7,17,393
7,7,18,395
7,7,19,389
7,7,20,389
7,7,21,396
7,7,22,392
7,7,23,386
7,7,24,380
7,7,25,398
7,7,26,389
7,7,27,389
7,7,28,391
7,7,29,392
7,7,30,385
7,7,31,398
6,7,0,981
6,7,1,974
6,7,2,967
6,7,3,982
6,7,4,952
6,7,5,962
6,7,6,978
6,7,7,972
6,7,8,950
6,7,9,963
6,7,10,953
6,7,11,983
6,7,12,949
6,7,13,964
6,7,14,960
6,7,15,944
6,7,16,941
6,7,17,957
6,7,18,969
6,7,19,965
6,7,20,960
6,7,21,958
6,7,22,981
6,7,23,963
6,7,24,965
6,7,25,967
6,7,26,945
6,7,27,951
6,7,28,957
6,7,29,968
6,7,30,973
6,7,31,934
5,7,0,626
5,7,1,656
5,7,2,657
5,7,3,662
5,7,4,675
5,7,5,641
5,7,6,645
5,7,7,649
5,7,8,652
5,7,9,650
5,7,10,647
5,7,11,637
5,7,12,677
5,7,13,644
5,7,14,643
5,7,15,660
5,7,16,642
5,7,17,657
5,7,18,647
5,7,19,647
5,7,20,666
5,7,21,640
5,7,22,645
5,7,23,670
5,7,24,640
5,7,25,675
5,7,26,644
5,7,27,650
5,7,28,654
5,7,29,636
5,7,30,650
5,7,31,658
4,7,0,677
4,7,1,677
4,7,2,678
4,7,3,666
4,7,4,692
4,7,5,658
4,7,6,667
4,7,7,657
4,7,8,655
4,7,9,663
4,7,10,652
4,7,11,682
4,7,12,669
4,7,13,662
4,7,14,658
4,7,15,665
4,7,16,671
4,7,17,667
4,7,18,678
4,7,19,654
4,7,20,669
4,7,21,660
4,7,22,669
4,7,23,666
4,7,24,657
4,7,25,662
4,7,26,679
4,7,27,675
4,7,28,669
4,7,29,683
4,7,30,687
4,7,31,675
3,7,0,1243
3,7,1,1264
3,7,2,1256
3,7,3,1256
3,7,4,1254
3,7,5,1239
3,7,6,1255
3,7,7,1235
3,7,8,1261
3,7,9,1267
3,7,10,1283
3,7,11,1233
3,7,12,1979
3,7,13,1252
3,7,14,1251
3,7,15,1245
3,7,16,1274
3,7,17,1258
3,7,18,1261
3,7,19,1253
3,7,20,1261
3,7,21,1255
3,7,22,1252
3,7,23,1252
3,7,24,1234
3,7,25,1264
3,7,26,1248
3,7,27,1252
3,7,28,1265
3,7,29,1258
3,7,30,1260
3,7,31,1281
2,7,0,307
2,7,1,305
2,7,2,304
2,7,3,303
2,7,4,313
2,7,5,306
2,7,6,301
2,7,7,301
2,7,8,301
2,7,9,300
2,7,10,303
2,7,11,307
2,7,12,300
2,7,13,300
2,7,14,298
2,7,15,297
2,7,16,315
2,7,17,304
2,7,18,301
2,7,19,302
2,7,20,306
2,7,21,304
2,7,22,300
2,7,23,317
2,7,24,306
2,7,25,300
2,7,26,308
2,7,27,300
2,7,28,302
2,7,29,298
2,7,30,308
2,7,31,303
1,7,0,642
1,7,1,639
1,7,2,641
1,7,3,647
1,7,4,637
1,7,5,637
1,7,6,639
1,7,7,637
1,7,8,639
1,7,9,640
1,7,10,636
1,7,11,639
1,7,12,633
1,7,13,646
1,7,14,640
1,7,15,640
1,7,16,638
1,7,17,637
1,7,18,641
1,7,19,638
1,7,20,635
1,7,21,642
1,7,22,634
1,7,23,631
1,7,24,732
1,7,25,638
1,7,26,640
1,7,27,645
1,7,28,634
1,7,29,640
1,7,30,639
1,7,31,635
0,7,0,721
0,7,1,730
0,7,2,753
0,7,3,736
0,7,4,734
0,7,5,705
0,7,6,716
0,7,7,720
0,7,8,728
0,7,9,723
0,7,10,722
0,7,11,731
0,7,12,726
0,7,13,721
0,7,14,724
0,7,15,709
0,7,16,733
0,7,17,721
0,7,18,725
0,7,19,697
0,7,20,708
0,7,21,713
0,7,22,707
0,7,23,710
0,7,24,719
0,7,25,721
0,7,26,715
0,7,27,725
0,7,28,718
0,7,29,726
0,7,30,705
0,7,31,720
