shasum -a 256 -c SOURCE-MANIFEST.sha256
Makefile: OK
gt864_support_abi.S: OK
NATIVE-INTEGRATION.md: OK
NO_CE/fips202.c: OK
NO_CE/fips202.h: OK
README.md: OK
TOBYTES-INTEGRATION.md: OK
VALIDATION.md: OK
add.s: OK
api.h: OK
base.s: OK
byte_api.c: OK
byte_boundary.c: OK
byte_boundary.h: OK
byte_merge_tables.h: OK
cbd.s: OK
cluster_transpose_frombytes.c: OK
cluster_transpose_frombytes.h: OK
crepmod3.s: OK
gather.h: OK
gt864_forward_poly_ntt.S: OK
gt864_forward_six_bank.S: OK
gt864_fr0_basemul.c: OK
gt864_fr0_basemul.h: OK
gt864_fr0_basemul_d1.c: OK
gt864_fr0_basemul_d1.h: OK
gt864_fr0_basemul_tables.h: OK
gt864_fr0_inverse9_block.S: OK
gt864_fr0_inverse_asm.h: OK
gt864_fr0_inverse_asm_wrapper.c: OK
gt864_fr0_inverse_barrett_tables.h: OK
gt864_fr0_inverse_tables.h: OK
gt864_fr0_to_official_map.h: OK
gt864_inverse16_blocks.s: OK
gt864_native.c: OK
gt864_native.h: OK
gt864_native_baseinv_finish.S: OK
gt864_native_baseinv_inverse.S: OK
gt864_native_baseinv_num.S: OK
gt864_native_baseinv_prefix.S: OK
gt864_native_baseinv_recover.S: OK
gt864_native_basemul.S: OK
gt864_native_center864.S: OK
gt864_native_inverse16_lazy.S: OK
gt864_native_inverse9.S: OK
gt864_native_inverse_tail_lazy.S: OK
gt864_native_public.S: OK
gt864_native_scaled_tables.h: OK
gt864_poly_api.c: OK
gt864_poly_api.h: OK
gt864_tobytes.c: OK
gt864_p9_tobytes_full.c: OK
gt864_p9_tobytes_small.c: OK
p9_tobytes_public.S: OK
p9_tobytes.h: OK
gt864_tobytes.h: OK
gt864_tobytes_full_core.S: OK
gt864_tobytes_merge_core.S: OK
gt864_tobytes_public.S: OK
gt864_tobytes_small_core.S: OK
gt864_top_split.s: OK
input_once_frombytes.c: OK
input_once_frombytes.h: OK
kat/PQCgenKAT_kem.c: OK
kat/aes.c: OK
kat/aes.h: OK
kat/rng.c: OK
kat/rng.h: OK
kem.c: OK
ntt.s: OK
p3b1_tables.h: OK
pack.s: OK
params.h: OK
poly.c: OK
poly.h: OK
randombytes.c: OK
randombytes.h: OK
route9.c: OK
route9.h: OK
stock_wrapper.S: OK
symmetric.c: OK
symmetric.h: OK
tables.h: OK
tail_variants.S: OK
gt864_frombytes.h: OK
gt864_secure_clear.h: OK
OPTIMIZATION-ROADMAP.md: OK
gt864_pair_merge_small.S: OK
gt864_pair_merge_full.S: OK
gt864_crepmod3_raw.S: OK
cc -O3 -std=c11 -march=armv8-a+simd -D_DEFAULT_SOURCE -fPIC -ffunction-sections -fdata-sections -I. -x c -c symmetric.c -o symmetric.o
cc -O3 -std=c11 -march=armv8-a+simd -D_DEFAULT_SOURCE -fPIC -ffunction-sections -fdata-sections -I. -x c -c poly.c -o poly.o
cc -O3 -std=c11 -march=armv8-a+simd -D_DEFAULT_SOURCE -fPIC -ffunction-sections -fdata-sections -I. -x c -c NO_CE/fips202.c -o fips202.o
cc -O3 -std=c11 -march=armv8-a+simd -D_DEFAULT_SOURCE -fPIC -ffunction-sections -fdata-sections -I. -x c -c gt864_poly_api.c -o gt864_poly_api.o
cc -O3 -std=c11 -march=armv8-a+simd -D_DEFAULT_SOURCE -fPIC -ffunction-sections -fdata-sections -I. -x c -c gt864_fr0_basemul.c -o gt864_fr0_basemul.o
cc -O3 -std=c11 -march=armv8-a+simd -D_DEFAULT_SOURCE -fPIC -ffunction-sections -fdata-sections -I. -x c -c gt864_fr0_basemul_d1.c -o gt864_fr0_basemul_d1.o
cc -O3 -std=c11 -march=armv8-a+simd -D_DEFAULT_SOURCE -fPIC -ffunction-sections -fdata-sections -I. -x c -c gt864_fr0_inverse_asm_wrapper.c -o gt864_fr0_inverse_asm_wrapper.o
cc -O3 -std=c11 -march=armv8-a+simd -D_DEFAULT_SOURCE -fPIC -ffunction-sections -fdata-sections -I. -x assembler-with-cpp -Dpoly_sub=gt864_raw_poly_sub -D_poly_sub=_gt864_raw_poly_sub -Dpoly_triple=gt864_raw_poly_triple -D_poly_triple=_gt864_raw_poly_triple -c add.s -o add.o
cc -O3 -std=c11 -march=armv8-a+simd -D_DEFAULT_SOURCE -fPIC -ffunction-sections -fdata-sections -I. -x assembler-with-cpp -c ntt.s -o ntt.o
cc -O3 -std=c11 -march=armv8-a+simd -D_DEFAULT_SOURCE -fPIC -ffunction-sections -fdata-sections -I. -x assembler-with-cpp -c base.s -o base.o
cc -O3 -std=c11 -march=armv8-a+simd -D_DEFAULT_SOURCE -fPIC -ffunction-sections -fdata-sections -I. -x assembler-with-cpp -Dpoly_crepmod3=gt864_raw_poly_crepmod3 -D_poly_crepmod3=_gt864_raw_poly_crepmod3 -c crepmod3.s -o crepmod3.o
cc -O3 -std=c11 -march=armv8-a+simd -D_DEFAULT_SOURCE -fPIC -ffunction-sections -fdata-sections -I. -x assembler-with-cpp -c pack.s -o pack.o
cc -O3 -std=c11 -march=armv8-a+simd -D_DEFAULT_SOURCE -fPIC -ffunction-sections -fdata-sections -I. -x assembler-with-cpp -Dpoly_cbd1=gt864_raw_poly_cbd1 -D_poly_cbd1=_gt864_raw_poly_cbd1 -Dpoly_sotp_encode=gt864_raw_poly_sotp_encode -D_poly_sotp_encode=_gt864_raw_poly_sotp_encode -Dpoly_sotp_decode=gt864_raw_poly_sotp_decode -D_poly_sotp_decode=_gt864_raw_poly_sotp_decode -c cbd.s -o cbd.o
cc -O3 -std=c11 -march=armv8-a+simd -D_DEFAULT_SOURCE -fPIC -ffunction-sections -fdata-sections -I. -x assembler-with-cpp -c gt864_forward_poly_ntt.S -o gt864_forward_poly_ntt.o
cc -O3 -std=c11 -march=armv8-a+simd -D_DEFAULT_SOURCE -fPIC -ffunction-sections -fdata-sections -I. -x assembler-with-cpp -c gt864_forward_six_bank.S -o gt864_forward_six_bank.o
cc -O3 -std=c11 -march=armv8-a+simd -D_DEFAULT_SOURCE -fPIC -ffunction-sections -fdata-sections -I. -x assembler-with-cpp -c gt864_top_split.s -o gt864_top_split.o
cc -O3 -std=c11 -march=armv8-a+simd -D_DEFAULT_SOURCE -fPIC -ffunction-sections -fdata-sections -I. -x assembler-with-cpp -c gt864_fr0_inverse9_block.S -o gt864_fr0_inverse9_block.o
cc -O3 -std=c11 -march=armv8-a+simd -D_DEFAULT_SOURCE -fPIC -ffunction-sections -fdata-sections -I. -x assembler-with-cpp -c gt864_inverse16_blocks.s -o gt864_inverse16_blocks.o
cc -O3 -std=c11 -march=armv8-a+simd -D_DEFAULT_SOURCE -fPIC -ffunction-sections -fdata-sections -I. -x c -c cluster_transpose_frombytes.c -o cluster_transpose_frombytes.o
cc -O3 -std=c11 -march=armv8-a+simd -D_DEFAULT_SOURCE -fPIC -ffunction-sections -fdata-sections -I. -x c -c byte_api.c -o byte_api.o
cc -O3 -std=c11 -march=armv8-a+simd -D_DEFAULT_SOURCE -fPIC -ffunction-sections -fdata-sections -I. -x c -c input_once_frombytes.c -o input_once_frombytes.o
cc -O3 -std=c11 -march=armv8-a+simd -D_DEFAULT_SOURCE -fPIC -ffunction-sections -fdata-sections -I. -x c -c byte_boundary.c -o byte_boundary.o
cc -O3 -std=c11 -march=armv8-a+simd -D_DEFAULT_SOURCE -fPIC -ffunction-sections -fdata-sections -I. -x c -c route9.c -o route9.o
cc -O3 -std=c11 -march=armv8-a+simd -D_DEFAULT_SOURCE -fPIC -ffunction-sections -fdata-sections -I. -x assembler-with-cpp -Dpoly_tobytes_asm=raw_to -Dpoly_frombytes_asm=raw_from -Dpoly_shuffle_asm=raw_shuffle -Dpoly_shuffle2_asm=raw_shuffle2 -D_poly_tobytes_asm=_raw_to -D_poly_frombytes_asm=_raw_from -D_poly_shuffle_asm=_raw_shuffle -D_poly_shuffle2_asm=_raw_shuffle2 -c pack.s -o raw_pack.o
cc -O3 -std=c11 -march=armv8-a+simd -D_DEFAULT_SOURCE -fPIC -ffunction-sections -fdata-sections -I. -x assembler-with-cpp -c stock_wrapper.S -o stock_wrapper.o
cc -O3 -std=c11 -march=armv8-a+simd -D_DEFAULT_SOURCE -fPIC -ffunction-sections -fdata-sections -I. -Dpoly_ntt=gt_d1_poly_ntt -Dpoly_invntt=gt_d1_poly_invntt -Dpoly_baseinv=gt864_native_poly_baseinv -Dpoly_basemul=gt_d1_poly_basemul -Dpoly_basemul_add=gt_d1_poly_basemul_add -Dpoly_frombytes=p3b12_candidate_frombytes -c kem.c -o kem-normal.o
cc -O3 -std=c11 -march=armv8-a+simd -D_DEFAULT_SOURCE -fPIC -ffunction-sections -fdata-sections -I. -x assembler-with-cpp -c tail_variants.S -o tail_variants.o
cc -O3 -std=c11 -march=armv8-a+simd -D_DEFAULT_SOURCE -fPIC -ffunction-sections -fdata-sections -I. -c gt864_p9_tobytes_full.c -o gt864_p9_tobytes_full.o
cc -O3 -std=c11 -march=armv8-a+simd -D_DEFAULT_SOURCE -fPIC -ffunction-sections -fdata-sections -DP9_BUILD_FULL -I. -x assembler-with-cpp -c p9_tobytes_public.S -o p9_tobytes_public_full.o
cc -O3 -std=c11 -march=armv8-a+simd -D_DEFAULT_SOURCE -fPIC -ffunction-sections -fdata-sections -I. -c gt864_p9_tobytes_small.c -o gt864_p9_tobytes_small.o
cc -O3 -std=c11 -march=armv8-a+simd -D_DEFAULT_SOURCE -fPIC -ffunction-sections -fdata-sections -DP9_BUILD_SMALL -I. -x assembler-with-cpp -c p9_tobytes_public.S -o p9_tobytes_public_small.o
cc -O3 -std=c11 -march=armv8-a+simd -D_DEFAULT_SOURCE -fPIC -ffunction-sections -fdata-sections -I. -c gt864_tobytes.c -o gt864_tobytes.o
cc -O3 -std=c11 -march=armv8-a+simd -D_DEFAULT_SOURCE -fPIC -ffunction-sections -fdata-sections -I. -x assembler-with-cpp -c gt864_tobytes_public.S -o gt864_tobytes_public.o
cc -O3 -std=c11 -march=armv8-a+simd -D_DEFAULT_SOURCE -fPIC -ffunction-sections -fdata-sections -I. -x assembler-with-cpp -c gt864_tobytes_full_core.S -o gt864_tobytes_full_core.o
cc -O3 -std=c11 -march=armv8-a+simd -D_DEFAULT_SOURCE -fPIC -ffunction-sections -fdata-sections -I. -x assembler-with-cpp -c gt864_tobytes_small_core.S -o gt864_tobytes_small_core.o
cc -O3 -std=c11 -march=armv8-a+simd -D_DEFAULT_SOURCE -fPIC -ffunction-sections -fdata-sections -I. -x assembler-with-cpp -c gt864_tobytes_merge_core.S -o gt864_tobytes_merge_core.o
cc -O3 -std=c11 -march=armv8-a+simd -D_DEFAULT_SOURCE -fPIC -ffunction-sections -fdata-sections -I. -x assembler-with-cpp -c gt864_pair_merge_small.S -o gt864_pair_merge_small.o
cc -O3 -std=c11 -march=armv8-a+simd -D_DEFAULT_SOURCE -fPIC -ffunction-sections -fdata-sections -I. -x assembler-with-cpp -c gt864_pair_merge_full.S -o gt864_pair_merge_full.o
cc -O3 -std=c11 -march=armv8-a+simd -D_DEFAULT_SOURCE -fPIC -ffunction-sections -fdata-sections -I. -c gt864_native.c -o gt864_native.o
cc -O3 -std=c11 -march=armv8-a+simd -D_DEFAULT_SOURCE -fPIC -ffunction-sections -fdata-sections -I. -x assembler-with-cpp -c gt864_native_public.S -o gt864_native_public.o
cc -O3 -std=c11 -march=armv8-a+simd -D_DEFAULT_SOURCE -fPIC -ffunction-sections -fdata-sections -I. -x assembler-with-cpp -c gt864_native_baseinv_num.S -o gt864_native_baseinv_num.o
cc -O3 -std=c11 -march=armv8-a+simd -D_DEFAULT_SOURCE -fPIC -ffunction-sections -fdata-sections -I. -x assembler-with-cpp -c gt864_native_baseinv_prefix.S -o gt864_native_baseinv_prefix.o
cc -O3 -std=c11 -march=armv8-a+simd -D_DEFAULT_SOURCE -fPIC -ffunction-sections -fdata-sections -I. -x assembler-with-cpp -c gt864_native_baseinv_inverse.S -o gt864_native_baseinv_inverse.o
cc -O3 -std=c11 -march=armv8-a+simd -D_DEFAULT_SOURCE -fPIC -ffunction-sections -fdata-sections -I. -x assembler-with-cpp -c gt864_native_baseinv_recover.S -o gt864_native_baseinv_recover.o
cc -O3 -std=c11 -march=armv8-a+simd -D_DEFAULT_SOURCE -fPIC -ffunction-sections -fdata-sections -I. -x assembler-with-cpp -c gt864_native_baseinv_finish.S -o gt864_native_baseinv_finish.o
cc -O3 -std=c11 -march=armv8-a+simd -D_DEFAULT_SOURCE -fPIC -ffunction-sections -fdata-sections -I. -x assembler-with-cpp -c gt864_crepmod3_raw.S -o gt864_crepmod3_raw.o
cc -O3 -std=c11 -march=armv8-a+simd -D_DEFAULT_SOURCE -fPIC -ffunction-sections -fdata-sections -I. -x assembler-with-cpp -c gt864_native_basemul.S -o gt864_native_basemul.o
cc -O3 -std=c11 -march=armv8-a+simd -D_DEFAULT_SOURCE -fPIC -ffunction-sections -fdata-sections -I. -x assembler-with-cpp -c gt864_native_center864.S -o gt864_native_center864.o
cc -O3 -std=c11 -march=armv8-a+simd -D_DEFAULT_SOURCE -fPIC -ffunction-sections -fdata-sections -I. -x assembler-with-cpp -c gt864_native_inverse9.S -o gt864_native_inverse9.o
cc -O3 -std=c11 -march=armv8-a+simd -D_DEFAULT_SOURCE -fPIC -ffunction-sections -fdata-sections -I. -x assembler-with-cpp -c gt864_native_inverse16_lazy.S -o gt864_native_inverse16_lazy.o
cc -O3 -std=c11 -march=armv8-a+simd -D_DEFAULT_SOURCE -fPIC -ffunction-sections -fdata-sections -I. -x assembler-with-cpp -c gt864_native_inverse_tail_lazy.S -o gt864_native_inverse_tail_lazy.o
cc -O3 -std=c11 -march=armv8-a+simd -D_DEFAULT_SOURCE -fPIC -ffunction-sections -fdata-sections -I. -x assembler-with-cpp -c gt864_support_abi.S -o gt864_support_abi.o
cc -shared -Wl,-Bsymbolic -Wl,--gc-sections symmetric.o poly.o fips202.o gt864_poly_api.o gt864_fr0_basemul.o gt864_fr0_basemul_d1.o gt864_fr0_inverse_asm_wrapper.o add.o ntt.o base.o crepmod3.o pack.o cbd.o gt864_forward_poly_ntt.o gt864_forward_six_bank.o gt864_top_split.o gt864_fr0_inverse9_block.o gt864_inverse16_blocks.o cluster_transpose_frombytes.o byte_api.o input_once_frombytes.o byte_boundary.o route9.o raw_pack.o stock_wrapper.o kem-normal.o tail_variants.o gt864_p9_tobytes_full.o p9_tobytes_public_full.o gt864_p9_tobytes_small.o p9_tobytes_public_small.o gt864_tobytes.o gt864_tobytes_public.o gt864_tobytes_full_core.o gt864_tobytes_small_core.o gt864_tobytes_merge_core.o gt864_pair_merge_small.o gt864_pair_merge_full.o gt864_native.o gt864_native_public.o gt864_native_baseinv_num.o gt864_native_baseinv_prefix.o gt864_native_baseinv_inverse.o gt864_native_baseinv_recover.o gt864_native_baseinv_finish.o gt864_crepmod3_raw.o gt864_native_basemul.o gt864_native_center864.o gt864_native_inverse9.o gt864_native_inverse16_lazy.o gt864_native_inverse_tail_lazy.o gt864_support_abi.o -o libgt864.so
cc -O3 -std=c11 -march=armv8-a+simd -D_DEFAULT_SOURCE -fPIC -ffunction-sections -fdata-sections -I. test/test_kem.c randombytes.c -L. -lgt864 -Wl,-rpath,'$ORIGIN' -o test_kem
cc -O3 -std=c11 -march=armv8-a+simd -D_DEFAULT_SOURCE -fPIC -ffunction-sections -fdata-sections -I. -Ikat kat/PQCgenKAT_kem.c kat/rng.c kat/aes.c -L. -lgt864 -Wl,-rpath,'$ORIGIN' -o PQCgenKAT_kem
