=== Sun Sep 20 15:33:57 CST 2026 === starting
=== Sun Sep 20 15:33:58 CST 2026 === amd64 crypto_kem/ntruplus768
=== Sun Sep 20 15:33:58 CST 2026 === sticky crypto_kem/ntruplus768/aarch64
=== Sun Sep 20 15:33:58 CST 2026 === sticky crypto_kem/ntruplus768/avx2-fixed-reversed
=== Sun Sep 20 15:33:58 CST 2026 === sticky crypto_kem/ntruplus768/avx2-gt32-clean-fixed-reversed
=== Sun Sep 20 15:33:58 CST 2026 === amd64 crypto_kem/ntruplus768/avx2-gt32-clean constbranchindex
=== Sun Sep 20 15:33:58 CST 2026 === amd64 crypto_kem/ntruplus768/avx2-gt32-clean constbranchindex gcc -march=native -mtune=native -O3 -fwrapv -fPIC -fPIE -gdwarf-4 -Wall
=== Sun Sep 20 15:34:02 CST 2026 === amd64 crypto_kem/ntruplus768/avx2-gt32-clean constbranchindex gcc -march=native -mtune=native -Os -fwrapv -fPIC -fPIE -gdwarf-4 -Wall
=== Sun Sep 20 15:34:06 CST 2026 === amd64 crypto_kem/ntruplus768/avx2-gt32-clean constbranchindex gcc -march=native -mtune=native -O2 -fwrapv -fPIC -fPIE -gdwarf-4 -Wall
=== Sun Sep 20 15:34:11 CST 2026 === amd64 crypto_kem/ntruplus768/avx2-gt32-clean constbranchindex gcc -march=native -mtune=native -O -fwrapv -fPIC -fPIE -gdwarf-4 -Wall
=== Sun Sep 20 15:34:15 CST 2026 === sticky crypto_kem/ntruplus768/avx2
=== Sun Sep 20 15:34:15 CST 2026 === sticky crypto_kem/ntruplus768/opt
=== Sun Sep 20 15:34:15 CST 2026 === sticky crypto_kem/ntruplus768/ref
=== Sun Sep 20 15:34:15 CST 2026 === amd64 crypto_kem/ntruplus768 constbranchindex measuring
=== Sun Sep 20 15:34:15 CST 2026 === sticky crypto_kem/ntruplus768/aarch64
=== Sun Sep 20 15:34:15 CST 2026 === sticky crypto_kem/ntruplus768/avx2-fixed-reversed
=== Sun Sep 20 15:34:15 CST 2026 === sticky crypto_kem/ntruplus768/avx2-gt32-clean-fixed-reversed
=== Sun Sep 20 15:34:15 CST 2026 === sticky crypto_kem/ntruplus768/avx2
=== Sun Sep 20 15:34:15 CST 2026 === sticky crypto_kem/ntruplus768/opt
=== Sun Sep 20 15:34:15 CST 2026 === sticky crypto_kem/ntruplus768/ref
=== Sun Sep 20 15:34:15 CST 2026 === finishing
=== Sun Sep 20 15:34:15 CST 2026 === database size for this run:    472   5672 114774 /home/nuc/src/supercop-campaign-unified-20260920-001/bench/nucpromtlhcubinucai1ummsb209/data
