cpucycles tracesetup 0 amd64-perfpmcff precision 0 scaling 0.000000 only32 0
cpucycles tracesetup 1 amd64-perfpmc precision 0 scaling 0.000000 only32 0
cpucycles tracesetup 2 amd64-pmcff precision 0 scaling 0.000000 only32 0
cpucycles tracesetup 3 amd64-tsc precision 1016 scaling 0.467415 only32 0
cpucycles tracesetup 4 amd64-tscasm precision 1026 scaling 0.467415 only32 0
cpucycles tracesetup 5 default-perfevent precision 204 scaling 1.000000 only32 0
cpucycles tracesetup 6 default-mach precision 0 scaling 0.000000 only32 0
cpucycles tracesetup 7 default-monotonic precision 1076 scaling 1.400000 only32 0
cpucycles tracesetup 8 default-gettimeofday precision 2440 scaling 1400.000000 only32 0
cpucycles tracesetup 9 default-zero precision 0 scaling 0.000000 only32 0
region,variant,block,observation,cycles
0,0,0,0,965
0,0,0,1,977
0,0,0,2,964
0,0,0,3,956
0,0,0,4,947
0,0,0,5,920
0,0,0,6,954
0,0,0,7,965
0,0,0,8,959
0,0,0,9,979
0,0,0,10,970
0,0,0,11,957
0,0,0,12,973
0,0,0,13,951
0,0,0,14,968
0,0,0,15,945
0,0,0,16,962
0,0,0,17,954
0,0,0,18,955
0,0,0,19,929
0,0,0,20,944
0,0,0,21,933
0,0,0,22,947
0,0,0,23,966
0,0,0,24,953
0,0,0,25,1369
0,0,0,26,984
0,0,0,27,953
0,0,0,28,947
0,0,0,29,957
0,0,0,30,951
0,0,0,31,970
0,1,0,0,900
0,1,0,1,876
0,1,0,2,836
0,1,0,3,856
0,1,0,4,841
0,1,0,5,843
0,1,0,6,846
0,1,0,7,843
0,1,0,8,863
0,1,0,9,841
0,1,0,10,858
0,1,0,11,849
0,1,0,12,863
0,1,0,13,866
0,1,0,14,841
0,1,0,15,838
0,1,0,16,868
0,1,0,17,854
0,1,0,18,857
0,1,0,19,873
0,1,0,20,831
0,1,0,21,824
0,1,0,22,837
0,1,0,23,869
0,1,0,24,853
0,1,0,25,864
0,1,0,26,866
0,1,0,27,855
0,1,0,28,854
0,1,0,29,843
0,1,0,30,835
0,1,0,31,857
0,1,1,0,853
0,1,1,1,859
0,1,1,2,838
0,1,1,3,836
0,1,1,4,848
0,1,1,5,854
0,1,1,6,839
0,1,1,7,842
0,1,1,8,854
0,1,1,9,847
0,1,1,10,841
0,1,1,11,849
0,1,1,12,831
0,1,1,13,847
0,1,1,14,879
0,1,1,15,858
0,1,1,16,846
0,1,1,17,831
0,1,1,18,843
0,1,1,19,860
0,1,1,20,843
0,1,1,21,848
0,1,1,22,831
0,1,1,23,869
0,1,1,24,833
0,1,1,25,844
0,1,1,26,835
0,1,1,27,874
0,1,1,28,824
0,1,1,29,860
0,1,1,30,839
0,1,1,31,868
0,0,1,0,955
0,0,1,1,967
0,0,1,2,983
0,0,1,3,994
0,0,1,4,971
0,0,1,5,958
0,0,1,6,951
0,0,1,7,942
0,0,1,8,955
0,0,1,9,952
0,0,1,10,952
0,0,1,11,943
0,0,1,12,955
0,0,1,13,942
0,0,1,14,938
0,0,1,15,968
0,0,1,16,918
0,0,1,17,950
0,0,1,18,952
0,0,1,19,955
0,0,1,20,946
0,0,1,21,945
0,0,1,22,936
0,0,1,23,961
0,0,1,24,948
0,0,1,25,967
0,0,1,26,931
0,0,1,27,950
0,0,1,28,941
0,0,1,29,957
0,0,1,30,933
0,0,1,31,937
0,0,2,0,932
0,0,2,1,941
0,0,2,2,944
0,0,2,3,955
0,0,2,4,951
0,0,2,5,945
0,0,2,6,941
0,0,2,7,946
0,0,2,8,969
0,0,2,9,955
0,0,2,10,970
0,0,2,11,947
0,0,2,12,952
0,0,2,13,939
0,0,2,14,955
0,0,2,15,938
0,0,2,16,945
0,0,2,17,946
0,0,2,18,971
0,0,2,19,941
0,0,2,20,974
0,0,2,21,952
0,0,2,22,917
0,0,2,23,978
0,0,2,24,954
0,0,2,25,938
0,0,2,26,960
0,0,2,27,924
0,0,2,28,925
0,0,2,29,941
0,0,2,30,964
0,0,2,31,963
0,1,2,0,820
0,1,2,1,877
0,1,2,2,882
0,1,2,3,874
0,1,2,4,863
0,1,2,5,835
0,1,2,6,841
0,1,2,7,851
0,1,2,8,848
0,1,2,9,858
0,1,2,10,853
0,1,2,11,837
0,1,2,12,851
0,1,2,13,835
0,1,2,14,851
0,1,2,15,852
0,1,2,16,843
0,1,2,17,834
0,1,2,18,842
0,1,2,19,851
0,1,2,20,839
0,1,2,21,871
0,1,2,22,840
0,1,2,23,841
0,1,2,24,830
0,1,2,25,845
0,1,2,26,882
0,1,2,27,863
0,1,2,28,840
0,1,2,29,878
0,1,2,30,827
0,1,2,31,839
0,1,3,0,841
0,1,3,1,823
0,1,3,2,867
0,1,3,3,851
0,1,3,4,863
0,1,3,5,837
0,1,3,6,846
0,1,3,7,844
0,1,3,8,831
0,1,3,9,832
0,1,3,10,845
0,1,3,11,846
0,1,3,12,847
0,1,3,13,849
0,1,3,14,852
0,1,3,15,866
0,1,3,16,852
0,1,3,17,845
0,1,3,18,835
0,1,3,19,816
0,1,3,20,826
0,1,3,21,831
0,1,3,22,852
0,1,3,23,850
0,1,3,24,839
0,1,3,25,851
0,1,3,26,847
0,1,3,27,858
0,1,3,28,844
0,1,3,29,850
0,1,3,30,834
0,1,3,31,844
0,0,3,0,969
0,0,3,1,960
0,0,3,2,956
0,0,3,3,976
0,0,3,4,985
0,0,3,5,969
0,0,3,6,944
0,0,3,7,973
0,0,3,8,921
0,0,3,9,952
0,0,3,10,947
0,0,3,11,950
0,0,3,12,986
0,0,3,13,973
0,0,3,14,955
0,0,3,15,957
0,0,3,16,951
0,0,3,17,928
0,0,3,18,1018
0,0,3,19,957
0,0,3,20,954
0,0,3,21,951
0,0,3,22,954
0,0,3,23,949
0,0,3,24,946
0,0,3,25,960
0,0,3,26,940
0,0,3,27,962
0,0,3,28,944
0,0,3,29,917
0,0,3,30,973
0,0,3,31,950
0,0,4,0,964
0,0,4,1,950
0,0,4,2,945
0,0,4,3,997
0,0,4,4,944
0,0,4,5,941
0,0,4,6,961
0,0,4,7,961
0,0,4,8,961
0,0,4,9,916
0,0,4,10,964
0,0,4,11,958
0,0,4,12,951
0,0,4,13,959
0,0,4,14,952
0,0,4,15,944
0,0,4,16,931
0,0,4,17,960
0,0,4,18,924
0,0,4,19,974
0,0,4,20,944
0,0,4,21,962
0,0,4,22,948
0,0,4,23,948
0,0,4,24,982
0,0,4,25,958
0,0,4,26,945
0,0,4,27,962
0,0,4,28,954
0,0,4,29,973
0,0,4,30,972
0,0,4,31,963
0,1,4,0,860
0,1,4,1,883
0,1,4,2,850
0,1,4,3,845
0,1,4,4,836
0,1,4,5,849
0,1,4,6,841
0,1,4,7,837
0,1,4,8,853
0,1,4,9,854
0,1,4,10,848
0,1,4,11,834
0,1,4,12,856
0,1,4,13,839
0,1,4,14,848
0,1,4,15,856
0,1,4,16,838
0,1,4,17,849
0,1,4,18,840
0,1,4,19,843
0,1,4,20,837
0,1,4,21,831
0,1,4,22,845
0,1,4,23,834
0,1,4,24,848
0,1,4,25,848
0,1,4,26,854
0,1,4,27,868
0,1,4,28,847
0,1,4,29,847
0,1,4,30,849
0,1,4,31,835
0,1,5,0,809
0,1,5,1,831
0,1,5,2,827
0,1,5,3,831
0,1,5,4,862
0,1,5,5,836
0,1,5,6,859
0,1,5,7,850
0,1,5,8,832
0,1,5,9,841
0,1,5,10,845
0,1,5,11,836
0,1,5,12,826
0,1,5,13,841
0,1,5,14,852
0,1,5,15,846
0,1,5,16,852
0,1,5,17,847
0,1,5,18,849
0,1,5,19,851
0,1,5,20,836
0,1,5,21,836
0,1,5,22,859
0,1,5,23,859
0,1,5,24,850
0,1,5,25,836
0,1,5,26,854
0,1,5,27,848
0,1,5,28,852
0,1,5,29,843
0,1,5,30,864
0,1,5,31,849
0,0,5,0,931
0,0,5,1,996
0,0,5,2,957
0,0,5,3,982
0,0,5,4,1000
0,0,5,5,921
0,0,5,6,950
0,0,5,7,957
0,0,5,8,937
0,0,5,9,926
0,0,5,10,960
0,0,5,11,928
0,0,5,12,925
0,0,5,13,953
0,0,5,14,933
0,0,5,15,970
0,0,5,16,951
0,0,5,17,952
0,0,5,18,929
0,0,5,19,956
0,0,5,20,955
0,0,5,21,936
0,0,5,22,941
0,0,5,23,949
0,0,5,24,933
0,0,5,25,952
0,0,5,26,936
0,0,5,27,971
0,0,5,28,953
0,0,5,29,952
0,0,5,30,958
0,0,5,31,972
0,0,6,0,938
0,0,6,1,933
0,0,6,2,967
0,0,6,3,949
0,0,6,4,950
0,0,6,5,953
0,0,6,6,947
0,0,6,7,954
0,0,6,8,944
0,0,6,9,951
0,0,6,10,945
0,0,6,11,972
0,0,6,12,972
0,0,6,13,957
0,0,6,14,934
0,0,6,15,970
0,0,6,16,949
0,0,6,17,957
0,0,6,18,958
0,0,6,19,947
0,0,6,20,956
0,0,6,21,957
0,0,6,22,953
0,0,6,23,953
0,0,6,24,949
0,0,6,25,953
0,0,6,26,957
0,0,6,27,964
0,0,6,28,949
0,0,6,29,944
0,0,6,30,950
0,0,6,31,921
0,1,6,0,852
0,1,6,1,859
0,1,6,2,848
0,1,6,3,892
0,1,6,4,854
0,1,6,5,851
0,1,6,6,849
0,1,6,7,852
0,1,6,8,842
0,1,6,9,858
0,1,6,10,837
0,1,6,11,854
0,1,6,12,861
0,1,6,13,845
0,1,6,14,838
0,1,6,15,864
0,1,6,16,859
0,1,6,17,862
0,1,6,18,852
0,1,6,19,851
0,1,6,20,844
0,1,6,21,859
0,1,6,22,863
0,1,6,23,831
0,1,6,24,845
0,1,6,25,842
0,1,6,26,855
0,1,6,27,836
0,1,6,28,830
0,1,6,29,843
0,1,6,30,843
0,1,6,31,851
0,1,7,0,838
0,1,7,1,854
0,1,7,2,840
0,1,7,3,836
0,1,7,4,853
0,1,7,5,843
0,1,7,6,825
0,1,7,7,850
0,1,7,8,851
0,1,7,9,858
0,1,7,10,847
0,1,7,11,834
0,1,7,12,838
0,1,7,13,861
0,1,7,14,834
0,1,7,15,853
0,1,7,16,846
0,1,7,17,839
0,1,7,18,827
0,1,7,19,831
0,1,7,20,851
0,1,7,21,838
0,1,7,22,834
0,1,7,23,844
0,1,7,24,853
0,1,7,25,835
0,1,7,26,839
0,1,7,27,848
0,1,7,28,826
0,1,7,29,847
0,1,7,30,859
0,1,7,31,834
0,0,7,0,948
0,0,7,1,946
0,0,7,2,970
0,0,7,3,1000
0,0,7,4,953
0,0,7,5,938
0,0,7,6,951
0,0,7,7,960
0,0,7,8,962
0,0,7,9,963
0,0,7,10,936
0,0,7,11,949
0,0,7,12,957
0,0,7,13,923
0,0,7,14,939
0,0,7,15,951
0,0,7,16,959
0,0,7,17,981
0,0,7,18,973
0,0,7,19,954
0,0,7,20,924
0,0,7,21,943
0,0,7,22,956
0,0,7,23,962
0,0,7,24,952
0,0,7,25,957
0,0,7,26,948
0,0,7,27,965
0,0,7,28,933
0,0,7,29,945
0,0,7,30,970
0,0,7,31,939
1,0,0,0,952
1,0,0,1,1011
1,0,0,2,961
1,0,0,3,938
1,0,0,4,955
1,0,0,5,946
1,0,0,6,948
1,0,0,7,955
1,0,0,8,955
1,0,0,9,950
1,0,0,10,933
1,0,0,11,939
1,0,0,12,954
1,0,0,13,942
1,0,0,14,937
1,0,0,15,946
1,0,0,16,943
1,0,0,17,943
1,0,0,18,949
1,0,0,19,960
1,0,0,20,924
1,0,0,21,961
1,0,0,22,965
1,0,0,23,966
1,0,0,24,943
1,0,0,25,977
1,0,0,26,944
1,0,0,27,973
1,0,0,28,945
1,0,0,29,968
1,0,0,30,975
1,0,0,31,931
1,1,0,0,873
1,1,0,1,870
1,1,0,2,852
1,1,0,3,873
1,1,0,4,880
1,1,0,5,861
1,1,0,6,841
1,1,0,7,848
1,1,0,8,867
1,1,0,9,865
1,1,0,10,855
1,1,0,11,848
1,1,0,12,859
1,1,0,13,836
1,1,0,14,874
1,1,0,15,856
1,1,0,16,847
1,1,0,17,857
1,1,0,18,854
1,1,0,19,853
1,1,0,20,886
1,1,0,21,851
1,1,0,22,863
1,1,0,23,856
1,1,0,24,837
1,1,0,25,842
1,1,0,26,845
1,1,0,27,851
1,1,0,28,844
1,1,0,29,852
1,1,0,30,862
1,1,0,31,867
1,1,1,0,835
1,1,1,1,846
1,1,1,2,839
1,1,1,3,848
1,1,1,4,840
1,1,1,5,865
1,1,1,6,851
1,1,1,7,847
1,1,1,8,823
1,1,1,9,852
1,1,1,10,842
1,1,1,11,832
1,1,1,12,831
1,1,1,13,852
1,1,1,14,842
1,1,1,15,837
1,1,1,16,843
1,1,1,17,862
1,1,1,18,855
1,1,1,19,852
1,1,1,20,842
1,1,1,21,838
1,1,1,22,858
1,1,1,23,849
1,1,1,24,846
1,1,1,25,854
1,1,1,26,844
1,1,1,27,843
1,1,1,28,847
1,1,1,29,836
1,1,1,30,841
1,1,1,31,837
1,0,1,0,948
1,0,1,1,967
1,0,1,2,971
1,0,1,3,971
1,0,1,4,936
1,0,1,5,947
1,0,1,6,951
1,0,1,7,935
1,0,1,8,948
1,0,1,9,961
1,0,1,10,965
1,0,1,11,940
1,0,1,12,973
1,0,1,13,933
1,0,1,14,949
1,0,1,15,934
1,0,1,16,934
1,0,1,17,946
1,0,1,18,943
1,0,1,19,953
1,0,1,20,957
1,0,1,21,953
1,0,1,22,928
1,0,1,23,958
1,0,1,24,959
1,0,1,25,936
1,0,1,26,952
1,0,1,27,974
1,0,1,28,944
1,0,1,29,964
1,0,1,30,950
1,0,1,31,939
1,0,2,0,944
1,0,2,1,925
1,0,2,2,1032
1,0,2,3,943
1,0,2,4,916
1,0,2,5,947
1,0,2,6,938
1,0,2,7,955
1,0,2,8,958
1,0,2,9,940
1,0,2,10,950
1,0,2,11,951
1,0,2,12,940
1,0,2,13,942
1,0,2,14,949
1,0,2,15,943
1,0,2,16,966
1,0,2,17,912
1,0,2,18,1009
1,0,2,19,954
1,0,2,20,949
1,0,2,21,962
1,0,2,22,955
1,0,2,23,955
1,0,2,24,960
1,0,2,25,930
1,0,2,26,951
1,0,2,27,944
1,0,2,28,916
1,0,2,29,956
1,0,2,30,957
1,0,2,31,972
1,1,2,0,872
1,1,2,1,869
1,1,2,2,866
1,1,2,3,855
1,1,2,4,843
1,1,2,5,856
1,1,2,6,842
1,1,2,7,842
1,1,2,8,849
1,1,2,9,848
1,1,2,10,860
1,1,2,11,828
1,1,2,12,864
1,1,2,13,851
1,1,2,14,852
1,1,2,15,835
1,1,2,16,831
1,1,2,17,856
1,1,2,18,858
1,1,2,19,852
1,1,2,20,833
1,1,2,21,840
1,1,2,22,837
1,1,2,23,843
1,1,2,24,865
1,1,2,25,846
1,1,2,26,839
1,1,2,27,847
1,1,2,28,830
1,1,2,29,839
1,1,2,30,840
1,1,2,31,855
1,1,3,0,812
1,1,3,1,831
1,1,3,2,848
1,1,3,3,880
1,1,3,4,839
1,1,3,5,849
1,1,3,6,819
1,1,3,7,830
1,1,3,8,836
1,1,3,9,832
1,1,3,10,839
1,1,3,11,848
1,1,3,12,851
1,1,3,13,850
1,1,3,14,841
1,1,3,15,841
1,1,3,16,837
1,1,3,17,836
1,1,3,18,836
1,1,3,19,834
1,1,3,20,859
1,1,3,21,836
1,1,3,22,849
1,1,3,23,846
1,1,3,24,834
1,1,3,25,848
1,1,3,26,836
1,1,3,27,831
1,1,3,28,844
1,1,3,29,870
1,1,3,30,837
1,1,3,31,821
1,0,3,0,951
1,0,3,1,950
1,0,3,2,959
1,0,3,3,968
1,0,3,4,983
1,0,3,5,959
1,0,3,6,951
1,0,3,7,953
1,0,3,8,964
1,0,3,9,957
1,0,3,10,951
1,0,3,11,966
1,0,3,12,959
1,0,3,13,962
1,0,3,14,960
1,0,3,15,965
1,0,3,16,950
1,0,3,17,946
1,0,3,18,997
1,0,3,19,964
1,0,3,20,959
1,0,3,21,958
1,0,3,22,974
1,0,3,23,953
1,0,3,24,957
1,0,3,25,962
1,0,3,26,952
1,0,3,27,958
1,0,3,28,955
1,0,3,29,965
1,0,3,30,949
1,0,3,31,951
1,0,4,0,943
1,0,4,1,953
1,0,4,2,932
1,0,4,3,946
1,0,4,4,953
1,0,4,5,925
1,0,4,6,929
1,0,4,7,931
1,0,4,8,937
1,0,4,9,962
1,0,4,10,964
1,0,4,11,954
1,0,4,12,951
1,0,4,13,945
1,0,4,14,937
1,0,4,15,948
1,0,4,16,944
1,0,4,17,953
1,0,4,18,961
1,0,4,19,953
1,0,4,20,956
1,0,4,21,954
1,0,4,22,967
1,0,4,23,958
1,0,4,24,953
1,0,4,25,941
1,0,4,26,942
1,0,4,27,955
1,0,4,28,943
1,0,4,29,952
1,0,4,30,970
1,0,4,31,988
1,1,4,0,850
1,1,4,1,876
1,1,4,2,881
1,1,4,3,869
1,1,4,4,887
1,1,4,5,844
1,1,4,6,847
1,1,4,7,837
1,1,4,8,852
1,1,4,9,854
1,1,4,10,832
1,1,4,11,849
1,1,4,12,850
1,1,4,13,852
1,1,4,14,856
1,1,4,15,846
1,1,4,16,850
1,1,4,17,853
1,1,4,18,826
1,1,4,19,835
1,1,4,20,849
1,1,4,21,822
1,1,4,22,853
1,1,4,23,862
1,1,4,24,851
1,1,4,25,831
1,1,4,26,862
1,1,4,27,835
1,1,4,28,844
1,1,4,29,850
1,1,4,30,847
1,1,4,31,844
1,1,5,0,839
1,1,5,1,848
1,1,5,2,916
1,1,5,3,853
1,1,5,4,848
1,1,5,5,838
1,1,5,6,855
1,1,5,7,834
1,1,5,8,840
1,1,5,9,861
1,1,5,10,875
1,1,5,11,822
1,1,5,12,840
1,1,5,13,840
1,1,5,14,822
1,1,5,15,849
1,1,5,16,839
1,1,5,17,842
1,1,5,18,843
1,1,5,19,848
1,1,5,20,840
1,1,5,21,849
1,1,5,22,848
1,1,5,23,834
1,1,5,24,835
1,1,5,25,843
1,1,5,26,870
1,1,5,27,871
1,1,5,28,841
1,1,5,29,828
1,1,5,30,845
1,1,5,31,843
1,0,5,0,956
1,0,5,1,968
1,0,5,2,948
1,0,5,3,969
1,0,5,4,972
1,0,5,5,931
1,0,5,6,958
1,0,5,7,956
1,0,5,8,932
1,0,5,9,969
1,0,5,10,954
1,0,5,11,955
1,0,5,12,938
1,0,5,13,973
1,0,5,14,957
1,0,5,15,954
1,0,5,16,962
1,0,5,17,965
1,0,5,18,954
1,0,5,19,964
1,0,5,20,954
1,0,5,21,945
1,0,5,22,969
1,0,5,23,940
1,0,5,24,958
1,0,5,25,971
1,0,5,26,947
1,0,5,27,925
1,0,5,28,937
1,0,5,29,961
1,0,5,30,949
1,0,5,31,947
1,0,6,0,951
1,0,6,1,954
1,0,6,2,940
1,0,6,3,939
1,0,6,4,947
1,0,6,5,960
1,0,6,6,963
1,0,6,7,939
1,0,6,8,942
1,0,6,9,949
1,0,6,10,969
1,0,6,11,938
1,0,6,12,950
1,0,6,13,949
1,0,6,14,954
1,0,6,15,965
1,0,6,16,951
1,0,6,17,961
1,0,6,18,948
1,0,6,19,960
1,0,6,20,947
1,0,6,21,953
1,0,6,22,959
1,0,6,23,961
1,0,6,24,955
1,0,6,25,953
1,0,6,26,971
1,0,6,27,966
1,0,6,28,978
1,0,6,29,941
1,0,6,30,934
1,0,6,31,955
1,1,6,0,872
1,1,6,1,880
1,1,6,2,862
1,1,6,3,867
1,1,6,4,865
1,1,6,5,845
1,1,6,6,838
1,1,6,7,861
1,1,6,8,839
1,1,6,9,853
1,1,6,10,834
1,1,6,11,849
1,1,6,12,844
1,1,6,13,850
1,1,6,14,851
1,1,6,15,845
1,1,6,16,863
1,1,6,17,840
1,1,6,18,852
1,1,6,19,841
1,1,6,20,831
1,1,6,21,852
1,1,6,22,848
1,1,6,23,847
1,1,6,24,855
1,1,6,25,850
1,1,6,26,838
1,1,6,27,855
1,1,6,28,849
1,1,6,29,839
1,1,6,30,832
1,1,6,31,893
1,1,7,0,854
1,1,7,1,841
1,1,7,2,841
1,1,7,3,836
1,1,7,4,855
1,1,7,5,847
1,1,7,6,832
1,1,7,7,861
1,1,7,8,843
1,1,7,9,846
1,1,7,10,854
1,1,7,11,866
1,1,7,12,852
1,1,7,13,857
1,1,7,14,859
1,1,7,15,842
1,1,7,16,834
1,1,7,17,852
1,1,7,18,840
1,1,7,19,866
1,1,7,20,853
1,1,7,21,843
1,1,7,22,844
1,1,7,23,829
1,1,7,24,852
1,1,7,25,859
1,1,7,26,839
1,1,7,27,875
1,1,7,28,834
1,1,7,29,865
1,1,7,30,853
1,1,7,31,847
1,0,7,0,955
1,0,7,1,964
1,0,7,2,972
1,0,7,3,975
1,0,7,4,970
1,0,7,5,968
1,0,7,6,969
1,0,7,7,970
1,0,7,8,960
1,0,7,9,926
1,0,7,10,955
1,0,7,11,978
1,0,7,12,962
1,0,7,13,966
1,0,7,14,963
1,0,7,15,938
1,0,7,16,968
1,0,7,17,967
1,0,7,18,953
1,0,7,19,950
1,0,7,20,940
1,0,7,21,933
1,0,7,22,956
1,0,7,23,970
1,0,7,24,949
1,0,7,25,977
1,0,7,26,940
1,0,7,27,947
1,0,7,28,943
1,0,7,29,960
1,0,7,30,981
1,0,7,31,962
2,0,0,0,58649
2,0,0,1,58680
2,0,0,2,58619
2,0,0,3,58445
2,0,0,4,60195
2,0,0,5,59028
2,0,0,6,58809
2,0,0,7,60265
2,0,0,8,58517
2,0,0,9,59294
2,0,0,10,58354
2,0,0,11,59642
2,0,0,12,59431
2,0,0,13,59364
2,0,0,14,58836
2,0,0,15,58613
2,0,0,16,58758
2,0,0,17,58761
2,0,0,18,58865
2,0,0,19,58589
2,0,0,20,58563
2,0,0,21,58424
2,0,0,22,58577
2,0,0,23,58949
2,0,0,24,59085
2,0,0,25,58556
2,0,0,26,58953
2,0,0,27,58803
2,0,0,28,58640
2,0,0,29,58478
2,0,0,30,58588
2,0,0,31,58289
2,1,0,0,58750
2,1,0,1,58998
2,1,0,2,58771
2,1,0,3,58415
2,1,0,4,58362
2,1,0,5,58820
2,1,0,6,58766
2,1,0,7,58733
2,1,0,8,58226
2,1,0,9,58635
2,1,0,10,58300
2,1,0,11,61214
2,1,0,12,58493
2,1,0,13,58865
2,1,0,14,58653
2,1,0,15,58197
2,1,0,16,58582
2,1,0,17,57819
2,1,0,18,58708
2,1,0,19,58600
2,1,0,20,58403
2,1,0,21,58536
2,1,0,22,58511
2,1,0,23,58776
2,1,0,24,58388
2,1,0,25,58402
2,1,0,26,58595
2,1,0,27,58207
2,1,0,28,58434
2,1,0,29,58838
2,1,0,30,58362
2,1,0,31,58771
2,1,1,0,58502
2,1,1,1,58556
2,1,1,2,58386
2,1,1,3,60671
2,1,1,4,58302
2,1,1,5,58655
2,1,1,6,57905
2,1,1,7,58369
2,1,1,8,58532
2,1,1,9,58628
2,1,1,10,58806
2,1,1,11,58322
2,1,1,12,58599
2,1,1,13,58399
2,1,1,14,58219
2,1,1,15,58349
2,1,1,16,59068
2,1,1,17,59019
2,1,1,18,59117
2,1,1,19,58482
2,1,1,20,58320
2,1,1,21,58653
2,1,1,22,59154
2,1,1,23,58778
2,1,1,24,59023
2,1,1,25,58785
2,1,1,26,58570
2,1,1,27,58695
2,1,1,28,58466
2,1,1,29,58780
2,1,1,30,58372
2,1,1,31,58700
2,0,1,0,59181
2,0,1,1,58711
2,0,1,2,58794
2,0,1,3,58594
2,0,1,4,58836
2,0,1,5,58957
2,0,1,6,58446
2,0,1,7,58786
2,0,1,8,58656
2,0,1,9,58923
2,0,1,10,58787
2,0,1,11,58541
2,0,1,12,58618
2,0,1,13,58675
2,0,1,14,58705
2,0,1,15,58617
2,0,1,16,58580
2,0,1,17,58356
2,0,1,18,58638
2,0,1,19,58961
2,0,1,20,59088
2,0,1,21,58963
2,0,1,22,60461
2,0,1,23,58715
2,0,1,24,59192
2,0,1,25,59539
2,0,1,26,58355
2,0,1,27,59156
2,0,1,28,58586
2,0,1,29,58870
2,0,1,30,58785
2,0,1,31,58828
2,0,2,0,58376
2,0,2,1,58578
2,0,2,2,58973
2,0,2,3,58896
2,0,2,4,58884
2,0,2,5,58303
2,0,2,6,58491
2,0,2,7,59237
2,0,2,8,58570
2,0,2,9,58658
2,0,2,10,58512
2,0,2,11,58651
2,0,2,12,59335
2,0,2,13,59236
2,0,2,14,59784
2,0,2,15,58612
2,0,2,16,58717
2,0,2,17,58848
2,0,2,18,59721
2,0,2,19,58778
2,0,2,20,58292
2,0,2,21,58419
2,0,2,22,58289
2,0,2,23,59203
2,0,2,24,58549
2,0,2,25,58491
2,0,2,26,58564
2,0,2,27,58687
2,0,2,28,58503
2,0,2,29,58862
2,0,2,30,58849
2,0,2,31,58757
2,1,2,0,59230
2,1,2,1,58510
2,1,2,2,58355
2,1,2,3,58577
2,1,2,4,58916
2,1,2,5,58664
2,1,2,6,59080
2,1,2,7,58299
2,1,2,8,58644
2,1,2,9,58771
2,1,2,10,57952
2,1,2,11,58555
2,1,2,12,58299
2,1,2,13,58689
2,1,2,14,58612
2,1,2,15,58627
2,1,2,16,59193
2,1,2,17,58417
2,1,2,18,57912
2,1,2,19,58522
2,1,2,20,58962
2,1,2,21,58640
2,1,2,22,58470
2,1,2,23,58734
2,1,2,24,58421
2,1,2,25,58456
2,1,2,26,58046
2,1,2,27,58652
2,1,2,28,58650
2,1,2,29,58698
2,1,2,30,58284
2,1,2,31,58510
2,1,3,0,58768
2,1,3,1,59031
2,1,3,2,59081
2,1,3,3,58004
2,1,3,4,58612
2,1,3,5,58290
2,1,3,6,58543
2,1,3,7,59320
2,1,3,8,58698
2,1,3,9,58737
2,1,3,10,58545
2,1,3,11,58700
2,1,3,12,58435
2,1,3,13,58170
2,1,3,14,58537
2,1,3,15,58613
2,1,3,16,58886
2,1,3,17,58248
2,1,3,18,58417
2,1,3,19,58342
2,1,3,20,58484
2,1,3,21,58673
2,1,3,22,58788
2,1,3,23,58670
2,1,3,24,58832
2,1,3,25,59767
2,1,3,26,58570
2,1,3,27,58220
2,1,3,28,58574
2,1,3,29,58081
2,1,3,30,58895
2,1,3,31,58673
2,0,3,0,58933
2,0,3,1,58708
2,0,3,2,58771
2,0,3,3,58617
2,0,3,4,58676
2,0,3,5,59270
2,0,3,6,58853
2,0,3,7,59002
2,0,3,8,58678
2,0,3,9,58581
2,0,3,10,58554
2,0,3,11,58781
2,0,3,12,58917
2,0,3,13,58915
2,0,3,14,58673
2,0,3,15,58194
2,0,3,16,59101
2,0,3,17,58809
2,0,3,18,59497
2,0,3,19,58607
2,0,3,20,58203
2,0,3,21,58532
2,0,3,22,58396
2,0,3,23,58620
2,0,3,24,58951
2,0,3,25,58350
2,0,3,26,58641
2,0,3,27,59217
2,0,3,28,58512
2,0,3,29,59046
2,0,3,30,58619
2,0,3,31,58623
2,0,4,0,58562
2,0,4,1,58726
2,0,4,2,58763
2,0,4,3,58809
2,0,4,4,58269
2,0,4,5,58441
2,0,4,6,58433
2,0,4,7,58783
2,0,4,8,60509
2,0,4,9,58288
2,0,4,10,58706
2,0,4,11,58635
2,0,4,12,58586
2,0,4,13,58838
2,0,4,14,58896
2,0,4,15,58970
2,0,4,16,59092
2,0,4,17,58966
2,0,4,18,58691
2,0,4,19,58689
2,0,4,20,59133
2,0,4,21,58466
2,0,4,22,58793
2,0,4,23,58865
2,0,4,24,59072
2,0,4,25,58648
2,0,4,26,58634
2,0,4,27,58508
2,0,4,28,58721
2,0,4,29,59085
2,0,4,30,58794
2,0,4,31,58803
2,1,4,0,58862
2,1,4,1,58680
2,1,4,2,58488
2,1,4,3,58532
2,1,4,4,58856
2,1,4,5,58465
2,1,4,6,58971
2,1,4,7,58620
2,1,4,8,58580
2,1,4,9,58633
2,1,4,10,58136
2,1,4,11,58262
2,1,4,12,58548
2,1,4,13,59025
2,1,4,14,58587
2,1,4,15,59239
2,1,4,16,58734
2,1,4,17,58592
2,1,4,18,58434
2,1,4,19,58685
2,1,4,20,59253
2,1,4,21,58733
2,1,4,22,58598
2,1,4,23,58680
2,1,4,24,58632
2,1,4,25,58292
2,1,4,26,58304
2,1,4,27,58833
2,1,4,28,58839
2,1,4,29,58419
2,1,4,30,58116
2,1,4,31,59006
2,1,5,0,58452
2,1,5,1,58838
2,1,5,2,58349
2,1,5,3,58637
2,1,5,4,59066
2,1,5,5,58220
2,1,5,6,58075
2,1,5,7,58591
2,1,5,8,58579
2,1,5,9,58975
2,1,5,10,58252
2,1,5,11,58014
2,1,5,12,58808
2,1,5,13,66381
2,1,5,14,58400
2,1,5,15,58848
2,1,5,16,58626
2,1,5,17,58782
2,1,5,18,58603
2,1,5,19,60117
2,1,5,20,58555
2,1,5,21,58588
2,1,5,22,58237
2,1,5,23,58394
2,1,5,24,58181
2,1,5,25,58542
2,1,5,26,58538
2,1,5,27,58353
2,1,5,28,58670
2,1,5,29,58072
2,1,5,30,58513
2,1,5,31,59080
2,0,5,0,58450
2,0,5,1,63639
2,0,5,2,58713
2,0,5,3,59051
2,0,5,4,62828
2,0,5,5,60600
2,0,5,6,58804
2,0,5,7,60596
2,0,5,8,59202
2,0,5,9,59388
2,0,5,10,59897
2,0,5,11,58644
2,0,5,12,58727
2,0,5,13,58877
2,0,5,14,58689
2,0,5,15,58156
2,0,5,16,59001
2,0,5,17,59325
2,0,5,18,59025
2,0,5,19,58867
2,0,5,20,58489
2,0,5,21,58688
2,0,5,22,58751
2,0,5,23,58670
2,0,5,24,58450
2,0,5,25,58161
2,0,5,26,59178
2,0,5,27,58492
2,0,5,28,58750
2,0,5,29,58649
2,0,5,30,58368
2,0,5,31,58502
2,0,6,0,58645
2,0,6,1,58859
2,0,6,2,59334
2,0,6,3,58714
2,0,6,4,58671
2,0,6,5,58659
2,0,6,6,58682
2,0,6,7,58250
2,0,6,8,58542
2,0,6,9,58669
2,0,6,10,59276
2,0,6,11,58971
2,0,6,12,58584
2,0,6,13,58711
2,0,6,14,58735
2,0,6,15,58064
2,0,6,16,58739
2,0,6,17,59060
2,0,6,18,58666
2,0,6,19,58663
2,0,6,20,59596
2,0,6,21,58517
2,0,6,22,58711
2,0,6,23,58903
2,0,6,24,58293
2,0,6,25,58720
2,0,6,26,58490
2,0,6,27,58465
2,0,6,28,58647
2,0,6,29,58822
2,0,6,30,58907
2,0,6,31,59303
2,1,6,0,58521
2,1,6,1,58584
2,1,6,2,58555
2,1,6,3,58862
2,1,6,4,58474
2,1,6,5,58475
2,1,6,6,58606
2,1,6,7,58669
2,1,6,8,58382
2,1,6,9,58526
2,1,6,10,58675
2,1,6,11,59052
2,1,6,12,58342
2,1,6,13,58280
2,1,6,14,58664
2,1,6,15,58440
2,1,6,16,58781
2,1,6,17,58544
2,1,6,18,58130
2,1,6,19,59044
2,1,6,20,58212
2,1,6,21,58835
2,1,6,22,58588
2,1,6,23,58397
2,1,6,24,58719
2,1,6,25,58640
2,1,6,26,59092
2,1,6,27,58556
2,1,6,28,59642
2,1,6,29,58173
2,1,6,30,58745
2,1,6,31,58743
2,1,7,0,58246
2,1,7,1,58369
2,1,7,2,59146
2,1,7,3,58660
2,1,7,4,58082
2,1,7,5,58214
2,1,7,6,58293
2,1,7,7,58155
2,1,7,8,58640
2,1,7,9,58455
2,1,7,10,58459
2,1,7,11,57969
2,1,7,12,58907
2,1,7,13,59476
2,1,7,14,58310
2,1,7,15,58815
2,1,7,16,58933
2,1,7,17,58210
2,1,7,18,57916
2,1,7,19,58602
2,1,7,20,58166
2,1,7,21,59464
2,1,7,22,58699
2,1,7,23,58562
2,1,7,24,58768
2,1,7,25,57921
2,1,7,26,58541
2,1,7,27,58302
2,1,7,28,58757
2,1,7,29,58865
2,1,7,30,58645
2,1,7,31,58370
2,0,7,0,58478
2,0,7,1,58874
2,0,7,2,58730
2,0,7,3,58812
2,0,7,4,58388
2,0,7,5,59827
2,0,7,6,58233
2,0,7,7,60103
2,0,7,8,59248
2,0,7,9,58799
2,0,7,10,59128
2,0,7,11,58399
2,0,7,12,58304
2,0,7,13,59038
2,0,7,14,58930
2,0,7,15,59094
2,0,7,16,58477
2,0,7,17,58970
2,0,7,18,69317
2,0,7,19,58824
2,0,7,20,58507
2,0,7,21,58711
2,0,7,22,58652
2,0,7,23,58639
2,0,7,24,58694
2,0,7,25,58513
2,0,7,26,58827
2,0,7,27,58359
2,0,7,28,61664
2,0,7,29,59029
2,0,7,30,58585
2,0,7,31,58489
3,0,0,0,28135
3,0,0,1,28356
3,0,0,2,28447
3,0,0,3,28434
3,0,0,4,28352
3,0,0,5,28516
3,0,0,6,29028
3,0,0,7,28336
3,0,0,8,28408
3,0,0,9,28283
3,0,0,10,29074
3,0,0,11,28374
3,0,0,12,28348
3,0,0,13,28649
3,0,0,14,27942
3,0,0,15,28427
3,0,0,16,28000
3,0,0,17,28138
3,0,0,18,28065
3,0,0,19,28297
3,0,0,20,28329
3,0,0,21,28208
3,0,0,22,27928
3,0,0,23,28374
3,0,0,24,28032
3,0,0,25,27998
3,0,0,26,27981
3,0,0,27,27950
3,0,0,28,28100
3,0,0,29,27968
3,0,0,30,28016
3,0,0,31,28182
3,1,0,0,28271
3,1,0,1,28321
3,1,0,2,27931
3,1,0,3,27684
3,1,0,4,27772
3,1,0,5,27679
3,1,0,6,27672
3,1,0,7,27715
3,1,0,8,27758
3,1,0,9,27896
3,1,0,10,28072
3,1,0,11,27937
3,1,0,12,28106
3,1,0,13,27639
3,1,0,14,27744
3,1,0,15,27980
3,1,0,16,27665
3,1,0,17,28249
3,1,0,18,27720
3,1,0,19,27895
3,1,0,20,27951
3,1,0,21,28040
3,1,0,22,27950
3,1,0,23,27675
3,1,0,24,27812
3,1,0,25,27734
3,1,0,26,27840
3,1,0,27,28610
3,1,0,28,28310
3,1,0,29,28001
3,1,0,30,27906
3,1,0,31,27796
3,1,1,0,27735
3,1,1,1,27701
3,1,1,2,27998
3,1,1,3,27958
3,1,1,4,27874
3,1,1,5,27938
3,1,1,6,27958
3,1,1,7,27635
3,1,1,8,27999
3,1,1,9,27780
3,1,1,10,28081
3,1,1,11,27924
3,1,1,12,28036
3,1,1,13,27944
3,1,1,14,28000
3,1,1,15,27589
3,1,1,16,27961
3,1,1,17,27866
3,1,1,18,28220
3,1,1,19,27737
3,1,1,20,27661
3,1,1,21,27643
3,1,1,22,28255
3,1,1,23,27810
3,1,1,24,27727
3,1,1,25,27696
3,1,1,26,28020
3,1,1,27,27680
3,1,1,28,27668
3,1,1,29,28229
3,1,1,30,27698
3,1,1,31,27829
3,0,1,0,28092
3,0,1,1,28106
3,0,1,2,28049
3,0,1,3,27938
3,0,1,4,28124
3,0,1,5,28011
3,0,1,6,27963
3,0,1,7,27907
3,0,1,8,27978
3,0,1,9,27913
3,0,1,10,28084
3,0,1,11,28130
3,0,1,12,27950
3,0,1,13,28059
3,0,1,14,27949
3,0,1,15,27969
3,0,1,16,28247
3,0,1,17,28278
3,0,1,18,28112
3,0,1,19,28304
3,0,1,20,28179
3,0,1,21,28963
3,0,1,22,28321
3,0,1,23,27803
3,0,1,24,28273
3,0,1,25,27950
3,0,1,26,27930
3,0,1,27,27915
3,0,1,28,27867
3,0,1,29,28029
3,0,1,30,27893
3,0,1,31,27939
3,0,2,0,28334
3,0,2,1,28313
3,0,2,2,28518
3,0,2,3,28377
3,0,2,4,28553
3,0,2,5,28342
3,0,2,6,28414
3,0,2,7,28340
3,0,2,8,27978
3,0,2,9,27981
3,0,2,10,28064
3,0,2,11,28349
3,0,2,12,28105
3,0,2,13,28088
3,0,2,14,28035
3,0,2,15,27898
3,0,2,16,28031
3,0,2,17,27941
3,0,2,18,27949
3,0,2,19,27990
3,0,2,20,27904
3,0,2,21,27965
3,0,2,22,27972
3,0,2,23,28062
3,0,2,24,27914
3,0,2,25,28183
3,0,2,26,27965
3,0,2,27,28136
3,0,2,28,28008
3,0,2,29,28069
3,0,2,30,27943
3,0,2,31,28447
3,1,2,0,27970
3,1,2,1,27766
3,1,2,2,27693
3,1,2,3,27745
3,1,2,4,28060
3,1,2,5,27872
3,1,2,6,27806
3,1,2,7,27966
3,1,2,8,28021
3,1,2,9,27894
3,1,2,10,27756
3,1,2,11,28150
3,1,2,12,27876
3,1,2,13,27887
3,1,2,14,27730
3,1,2,15,27813
3,1,2,16,28258
3,1,2,17,27886
3,1,2,18,27884
3,1,2,19,27920
3,1,2,20,27757
3,1,2,21,27673
3,1,2,22,27975
3,1,2,23,27690
3,1,2,24,28290
3,1,2,25,27850
3,1,2,26,27669
3,1,2,27,27741
3,1,2,28,28102
3,1,2,29,27786
3,1,2,30,27781
3,1,2,31,27822
3,1,3,0,28177
3,1,3,1,28171
3,1,3,2,28223
3,1,3,3,28201
3,1,3,4,28132
3,1,3,5,28176
3,1,3,6,28073
3,1,3,7,28218
3,1,3,8,28195
3,1,3,9,28178
3,1,3,10,28192
3,1,3,11,28156
3,1,3,12,28174
3,1,3,13,28122
3,1,3,14,28209
3,1,3,15,28224
3,1,3,16,28222
3,1,3,17,28174
3,1,3,18,28207
3,1,3,19,28152
3,1,3,20,28315
3,1,3,21,28227
3,1,3,22,28205
3,1,3,23,28179
3,1,3,24,28181
3,1,3,25,28057
3,1,3,26,28221
3,1,3,27,28116
3,1,3,28,27733
3,1,3,29,28160
3,1,3,30,28182
3,1,3,31,27937
3,0,3,0,27919
3,0,3,1,28088
3,0,3,2,28081
3,0,3,3,27986
3,0,3,4,27929
3,0,3,5,27884
3,0,3,6,27959
3,0,3,7,27910
3,0,3,8,27937
3,0,3,9,27939
3,0,3,10,28467
3,0,3,11,28130
3,0,3,12,27959
3,0,3,13,28169
3,0,3,14,28856
3,0,3,15,27949
3,0,3,16,28141
3,0,3,17,28295
3,0,3,18,28330
3,0,3,19,28083
3,0,3,20,28262
3,0,3,21,27931
3,0,3,22,27908
3,0,3,23,28287
3,0,3,24,28107
3,0,3,25,28302
3,0,3,26,28114
3,0,3,27,28180
3,0,3,28,28069
3,0,3,29,28199
3,0,3,30,28036
3,0,3,31,28234
3,0,4,0,28037
3,0,4,1,28049
3,0,4,2,27972
3,0,4,3,27899
3,0,4,4,27920
3,0,4,5,28025
3,0,4,6,28196
3,0,4,7,28061
3,0,4,8,27997
3,0,4,9,28032
3,0,4,10,28170
3,0,4,11,28161
3,0,4,12,27980
3,0,4,13,28053
3,0,4,14,28190
3,0,4,15,27878
3,0,4,16,28413
3,0,4,17,28309
3,0,4,18,28023
3,0,4,19,28379
3,0,4,20,27829
3,0,4,21,27903
3,0,4,22,28333
3,0,4,23,28304
3,0,4,24,28257
3,0,4,25,28080
3,0,4,26,28178
3,0,4,27,27971
3,0,4,28,27988
3,0,4,29,28016
3,0,4,30,28051
3,0,4,31,27978
3,1,4,0,28239
3,1,4,1,28252
3,1,4,2,27864
3,1,4,3,28237
3,1,4,4,28457
3,1,4,5,27711
3,1,4,6,27943
3,1,4,7,27657
3,1,4,8,27987
3,1,4,9,27696
3,1,4,10,27621
3,1,4,11,27956
3,1,4,12,27839
3,1,4,13,28249
3,1,4,14,28157
3,1,4,15,27758
3,1,4,16,28067
3,1,4,17,27862
3,1,4,18,27986
3,1,4,19,27715
3,1,4,20,27717
3,1,4,21,27791
3,1,4,22,27700
3,1,4,23,27930
3,1,4,24,27670
3,1,4,25,28057
3,1,4,26,28168
3,1,4,27,28026
3,1,4,28,27891
3,1,4,29,28186
3,1,4,30,27936
3,1,4,31,27800
3,1,5,0,28128
3,1,5,1,28178
3,1,5,2,27771
3,1,5,3,27932
3,1,5,4,27768
3,1,5,5,27713
3,1,5,6,27775
3,1,5,7,27797
3,1,5,8,27674
3,1,5,9,27725
3,1,5,10,27870
3,1,5,11,38534
3,1,5,12,28113
3,1,5,13,27640
3,1,5,14,27597
3,1,5,15,27721
3,1,5,16,27650
3,1,5,17,27785
3,1,5,18,27773
3,1,5,19,27769
3,1,5,20,27814
3,1,5,21,27968
3,1,5,22,27909
3,1,5,23,27964
3,1,5,24,27711
3,1,5,25,27661
3,1,5,26,28150
3,1,5,27,27834
3,1,5,28,27985
3,1,5,29,27965
3,1,5,30,27728
3,1,5,31,27594
3,0,5,0,28103
3,0,5,1,28123
3,0,5,2,28351
3,0,5,3,28233
3,0,5,4,28321
3,0,5,5,28305
3,0,5,6,27984
3,0,5,7,27885
3,0,5,8,27944
3,0,5,9,27998
3,0,5,10,27944
3,0,5,11,28048
3,0,5,12,28124
3,0,5,13,28387
3,0,5,14,28181
3,0,5,15,28185
3,0,5,16,28207
3,0,5,17,28080
3,0,5,18,28055
3,0,5,19,27845
3,0,5,20,28001
3,0,5,21,28236
3,0,5,22,27876
3,0,5,23,27948
3,0,5,24,27861
3,0,5,25,27937
3,0,5,26,28042
3,0,5,27,28040
3,0,5,28,28107
3,0,5,29,27967
3,0,5,30,28030
3,0,5,31,28060
3,0,6,0,28184
3,0,6,1,27972
3,0,6,2,27935
3,0,6,3,27988
3,0,6,4,28079
3,0,6,5,28437
3,0,6,6,28051
3,0,6,7,27892
3,0,6,8,39168
3,0,6,9,28125
3,0,6,10,27934
3,0,6,11,27967
3,0,6,12,28070
3,0,6,13,28031
3,0,6,14,28010
3,0,6,15,28002
3,0,6,16,28068
3,0,6,17,27934
3,0,6,18,28123
3,0,6,19,28066
3,0,6,20,28202
3,0,6,21,28397
3,0,6,22,28368
3,0,6,23,28007
3,0,6,24,28199
3,0,6,25,27922
3,0,6,26,27917
3,0,6,27,28352
3,0,6,28,28636
3,0,6,29,28631
3,0,6,30,28318
3,0,6,31,28383
3,1,6,0,27959
3,1,6,1,28144
3,1,6,2,28005
3,1,6,3,27989
3,1,6,4,27898
3,1,6,5,27936
3,1,6,6,27894
3,1,6,7,28058
3,1,6,8,27814
3,1,6,9,28191
3,1,6,10,28182
3,1,6,11,28184
3,1,6,12,27708
3,1,6,13,27892
3,1,6,14,27781
3,1,6,15,27807
3,1,6,16,27987
3,1,6,17,27666
3,1,6,18,27710
3,1,6,19,28188
3,1,6,20,27890
3,1,6,21,27971
3,1,6,22,27959
3,1,6,23,27801
3,1,6,24,27873
3,1,6,25,27933
3,1,6,26,27800
3,1,6,27,27742
3,1,6,28,27735
3,1,6,29,28164
3,1,6,30,28041
3,1,6,31,27745
3,1,7,0,28103
3,1,7,1,28083
3,1,7,2,27688
3,1,7,3,28003
3,1,7,4,28063
3,1,7,5,28020
3,1,7,6,27805
3,1,7,7,28201
3,1,7,8,27677
3,1,7,9,28153
3,1,7,10,27821
3,1,7,11,27974
3,1,7,12,28032
3,1,7,13,28222
3,1,7,14,28147
3,1,7,15,27890
3,1,7,16,28209
3,1,7,17,27728
3,1,7,18,27683
3,1,7,19,27574
3,1,7,20,27723
3,1,7,21,28100
3,1,7,22,28206
3,1,7,23,27985
3,1,7,24,28088
3,1,7,25,28183
3,1,7,26,28233
3,1,7,27,27692
3,1,7,28,27962
3,1,7,29,28194
3,1,7,30,27964
3,1,7,31,27738
3,0,7,0,27877
3,0,7,1,27959
3,0,7,2,28036
3,0,7,3,27884
3,0,7,4,27750
3,0,7,5,28242
3,0,7,6,28675
3,0,7,7,27959
3,0,7,8,27860
3,0,7,9,28342
3,0,7,10,28203
3,0,7,11,27926
3,0,7,12,28170
3,0,7,13,28142
3,0,7,14,28479
3,0,7,15,28291
3,0,7,16,28055
3,0,7,17,27967
3,0,7,18,28028
3,0,7,19,28185
3,0,7,20,28418
3,0,7,21,27953
3,0,7,22,27969
3,0,7,23,28269
3,0,7,24,27968
3,0,7,25,28059
3,0,7,26,28434
3,0,7,27,27869
3,0,7,28,28075
3,0,7,29,28029
3,0,7,30,27905
3,0,7,31,28149
4,0,0,0,19279
4,0,0,1,19497
4,0,0,2,19342
4,0,0,3,19809
4,0,0,4,19245
4,0,0,5,19604
4,0,0,6,19523
4,0,0,7,19606
4,0,0,8,19554
4,0,0,9,19576
4,0,0,10,19644
4,0,0,11,19635
4,0,0,12,19310
4,0,0,13,19576
4,0,0,14,19646
4,0,0,15,19251
4,0,0,16,19426
4,0,0,17,19547
4,0,0,18,19638
4,0,0,19,19544
4,0,0,20,19223
4,0,0,21,19383
4,0,0,22,19286
4,0,0,23,19504
4,0,0,24,19550
4,0,0,25,19227
4,0,0,26,19818
4,0,0,27,19375
4,0,0,28,19331
4,0,0,29,19193
4,0,0,30,19478
4,0,0,31,19509
4,1,0,0,19157
4,1,0,1,18950
4,1,0,2,19299
4,1,0,3,19059
4,1,0,4,19061
4,1,0,5,19129
4,1,0,6,18973
4,1,0,7,19272
4,1,0,8,19287
4,1,0,9,19081
4,1,0,10,19373
4,1,0,11,19029
4,1,0,12,18921
4,1,0,13,18994
4,1,0,14,19216
4,1,0,15,18943
4,1,0,16,19183
4,1,0,17,19083
4,1,0,18,19055
4,1,0,19,19352
4,1,0,20,19145
4,1,0,21,19123
4,1,0,22,19338
4,1,0,23,19292
4,1,0,24,18994
4,1,0,25,19281
4,1,0,26,19126
4,1,0,27,19046
4,1,0,28,18969
4,1,0,29,19132
4,1,0,30,19046
4,1,0,31,19040
4,1,1,0,19109
4,1,1,1,19232
4,1,1,2,19038
4,1,1,3,18884
4,1,1,4,19108
4,1,1,5,19363
4,1,1,6,19254
4,1,1,7,19299
4,1,1,8,19282
4,1,1,9,19183
4,1,1,10,19504
4,1,1,11,19240
4,1,1,12,19089
4,1,1,13,19131
4,1,1,14,19189
4,1,1,15,19069
4,1,1,16,19131
4,1,1,17,19142
4,1,1,18,19044
4,1,1,19,18986
4,1,1,20,19157
4,1,1,21,19189
4,1,1,22,19010
4,1,1,23,19472
4,1,1,24,19199
4,1,1,25,19299
4,1,1,26,30172
4,1,1,27,19059
4,1,1,28,18917
4,1,1,29,19069
4,1,1,30,19100
4,1,1,31,18937
4,0,1,0,19524
4,0,1,1,19662
4,0,1,2,19311
4,0,1,3,19421
4,0,1,4,19222
4,0,1,5,19482
4,0,1,6,19175
4,0,1,7,19249
4,0,1,8,19346
4,0,1,9,19276
4,0,1,10,19749
4,0,1,11,19326
4,0,1,12,19769
4,0,1,13,19721
4,0,1,14,19252
4,0,1,15,19195
4,0,1,16,19551
4,0,1,17,19533
4,0,1,18,19419
4,0,1,19,19287
4,0,1,20,19473
4,0,1,21,19442
4,0,1,22,19380
4,0,1,23,19715
4,0,1,24,19504
4,0,1,25,19319
4,0,1,26,19193
4,0,1,27,19275
4,0,1,28,19510
4,0,1,29,19331
4,0,1,30,19303
4,0,1,31,19394
4,0,2,0,19489
4,0,2,1,19786
4,0,2,2,19602
4,0,2,3,19241
4,0,2,4,19267
4,0,2,5,19518
4,0,2,6,19405
4,0,2,7,19438
4,0,2,8,19334
4,0,2,9,19400
4,0,2,10,19336
4,0,2,11,19373
4,0,2,12,19280
4,0,2,13,19302
4,0,2,14,19176
4,0,2,15,19369
4,0,2,16,19395
4,0,2,17,19445
4,0,2,18,19401
4,0,2,19,19332
4,0,2,20,19236
4,0,2,21,19380
4,0,2,22,19297
4,0,2,23,19359
4,0,2,24,19371
4,0,2,25,19439
4,0,2,26,19213
4,0,2,27,19419
4,0,2,28,19366
4,0,2,29,19281
4,0,2,30,19334
4,0,2,31,19646
4,1,2,0,19141
4,1,2,1,19015
4,1,2,2,19562
4,1,2,3,19262
4,1,2,4,19018
4,1,2,5,19405
4,1,2,6,19392
4,1,2,7,19086
4,1,2,8,18942
4,1,2,9,19187
4,1,2,10,19407
4,1,2,11,19295
4,1,2,12,18978
4,1,2,13,19329
4,1,2,14,30010
4,1,2,15,19180
4,1,2,16,19231
4,1,2,17,19120
4,1,2,18,19010
4,1,2,19,19012
4,1,2,20,19433
4,1,2,21,19017
4,1,2,22,19035
4,1,2,23,19364
4,1,2,24,19090
4,1,2,25,19067
4,1,2,26,19334
4,1,2,27,19332
4,1,2,28,19104
4,1,2,29,19072
4,1,2,30,19144
4,1,2,31,19029
4,1,3,0,18961
4,1,3,1,19138
4,1,3,2,19009
4,1,3,3,19114
4,1,3,4,19110
4,1,3,5,19133
4,1,3,6,19238
4,1,3,7,19054
4,1,3,8,19228
4,1,3,9,19442
4,1,3,10,19331
4,1,3,11,19023
4,1,3,12,18940
4,1,3,13,19469
4,1,3,14,19210
4,1,3,15,19345
4,1,3,16,19062
4,1,3,17,18926
4,1,3,18,19167
4,1,3,19,19139
4,1,3,20,19342
4,1,3,21,19275
4,1,3,22,19067
4,1,3,23,19396
4,1,3,24,19231
4,1,3,25,19141
4,1,3,26,19185
4,1,3,27,19003
4,1,3,28,19154
4,1,3,29,19150
4,1,3,30,19109
4,1,3,31,19076
4,0,3,0,19150
4,0,3,1,19372
4,0,3,2,19172
4,0,3,3,19320
4,0,3,4,19639
4,0,3,5,19300
4,0,3,6,19215
4,0,3,7,19266
4,0,3,8,19649
4,0,3,9,19292
4,0,3,10,19307
4,0,3,11,19299
4,0,3,12,19560
4,0,3,13,19560
4,0,3,14,19510
4,0,3,15,19327
4,0,3,16,19578
4,0,3,17,19190
4,0,3,18,19251
4,0,3,19,19180
4,0,3,20,19615
4,0,3,21,19219
4,0,3,22,19216
4,0,3,23,19213
4,0,3,24,19342
4,0,3,25,19248
4,0,3,26,19421
4,0,3,27,19315
4,0,3,28,19327
4,0,3,29,19298
4,0,3,30,19442
4,0,3,31,19251
4,0,4,0,19279
4,0,4,1,19396
4,0,4,2,19372
4,0,4,3,30240
4,0,4,4,19494
4,0,4,5,19346
4,0,4,6,19259
4,0,4,7,19809
4,0,4,8,19527
4,0,4,9,19519
4,0,4,10,19713
4,0,4,11,19625
4,0,4,12,19545
4,0,4,13,19392
4,0,4,14,19504
4,0,4,15,19372
4,0,4,16,19219
4,0,4,17,19356
4,0,4,18,19777
4,0,4,19,19573
4,0,4,20,19671
4,0,4,21,19339
4,0,4,22,19389
4,0,4,23,19634
4,0,4,24,19407
4,0,4,25,19538
4,0,4,26,19653
4,0,4,27,19553
4,0,4,28,19510
4,0,4,29,19160
4,0,4,30,19394
4,0,4,31,19485
4,1,4,0,19323
4,1,4,1,19397
4,1,4,2,19314
4,1,4,3,19357
4,1,4,4,19551
4,1,4,5,19389
4,1,4,6,19495
4,1,4,7,19413
4,1,4,8,19268
4,1,4,9,19344
4,1,4,10,19322
4,1,4,11,19366
4,1,4,12,19581
4,1,4,13,19395
4,1,4,14,19311
4,1,4,15,19212
4,1,4,16,19496
4,1,4,17,19317
4,1,4,18,19311
4,1,4,19,19472
4,1,4,20,19251
4,1,4,21,19380
4,1,4,22,19344
4,1,4,23,19517
4,1,4,24,19362
4,1,4,25,19300
4,1,4,26,19358
4,1,4,27,19404
4,1,4,28,19379
4,1,4,29,19289
4,1,4,30,19377
4,1,4,31,19163
4,1,5,0,19023
4,1,5,1,19415
4,1,5,2,19406
4,1,5,3,18957
4,1,5,4,18948
4,1,5,5,19180
4,1,5,6,19334
4,1,5,7,19043
4,1,5,8,19324
4,1,5,9,19392
4,1,5,10,19354
4,1,5,11,19208
4,1,5,12,19406
4,1,5,13,19173
4,1,5,14,19118
4,1,5,15,19351
4,1,5,16,19526
4,1,5,17,19346
4,1,5,18,19045
4,1,5,19,19123
4,1,5,20,19465
4,1,5,21,19459
4,1,5,22,19405
4,1,5,23,19371
4,1,5,24,19402
4,1,5,25,19380
4,1,5,26,19019
4,1,5,27,30274
4,1,5,28,19357
4,1,5,29,19487
4,1,5,30,19158
4,1,5,31,19130
4,0,5,0,19467
4,0,5,1,19175
4,0,5,2,19584
4,0,5,3,19688
4,0,5,4,19288
4,0,5,5,19329
4,0,5,6,19246
4,0,5,7,19441
4,0,5,8,19118
4,0,5,9,19298
4,0,5,10,19434
4,0,5,11,19444
4,0,5,12,19639
4,0,5,13,19282
4,0,5,14,19523
4,0,5,15,19187
4,0,5,16,19429
4,0,5,17,19395
4,0,5,18,19592
4,0,5,19,19460
4,0,5,20,19125
4,0,5,21,19287
4,0,5,22,19389
4,0,5,23,19226
4,0,5,24,19195
4,0,5,25,19232
4,0,5,26,19309
4,0,5,27,19239
4,0,5,28,19603
4,0,5,29,19311
4,0,5,30,19651
4,0,5,31,19520
4,0,6,0,19543
4,0,6,1,19424
4,0,6,2,19519
4,0,6,3,19563
4,0,6,4,19692
4,0,6,5,19491
4,0,6,6,19456
4,0,6,7,19247
4,0,6,8,19516
4,0,6,9,19605
4,0,6,10,19519
4,0,6,11,19585
4,0,6,12,19459
4,0,6,13,19504
4,0,6,14,19459
4,0,6,15,19403
4,0,6,16,19476
4,0,6,17,19578
4,0,6,18,19611
4,0,6,19,19147
4,0,6,20,19491
4,0,6,21,19542
4,0,6,22,19379
4,0,6,23,19616
4,0,6,24,19561
4,0,6,25,19560
4,0,6,26,19289
4,0,6,27,19190
4,0,6,28,19496
4,0,6,29,19463
4,0,6,30,19619
4,0,6,31,19274
4,1,6,0,19184
4,1,6,1,19418
4,1,6,2,19421
4,1,6,3,19351
4,1,6,4,19252
4,1,6,5,19222
4,1,6,6,19311
4,1,6,7,19329
4,1,6,8,19136
4,1,6,9,19202
4,1,6,10,19398
4,1,6,11,19363
4,1,6,12,19336
4,1,6,13,19260
4,1,6,14,19011
4,1,6,15,19279
4,1,6,16,19487
4,1,6,17,19162
4,1,6,18,19290
4,1,6,19,19292
4,1,6,20,19347
4,1,6,21,19115
4,1,6,22,19149
4,1,6,23,19239
4,1,6,24,19743
4,1,6,25,19246
4,1,6,26,18975
4,1,6,27,19121
4,1,6,28,19178
4,1,6,29,19088
4,1,6,30,19203
4,1,6,31,19383
4,1,7,0,19222
4,1,7,1,19184
4,1,7,2,19247
4,1,7,3,19263
4,1,7,4,19174
4,1,7,5,19024
4,1,7,6,19040
4,1,7,7,19252
4,1,7,8,19023
4,1,7,9,19124
4,1,7,10,19375
4,1,7,11,19109
4,1,7,12,19395
4,1,7,13,19196
4,1,7,14,19233
4,1,7,15,19073
4,1,7,16,18950
4,1,7,17,19322
4,1,7,18,19219
4,1,7,19,19051
4,1,7,20,19091
4,1,7,21,19062
4,1,7,22,18928
4,1,7,23,18987
4,1,7,24,19152
4,1,7,25,19144
4,1,7,26,19013
4,1,7,27,19346
4,1,7,28,19258
4,1,7,29,19252
4,1,7,30,19107
4,1,7,31,19116
4,0,7,0,19571
4,0,7,1,19539
4,0,7,2,19715
4,0,7,3,19544
4,0,7,4,19531
4,0,7,5,19726
4,0,7,6,19331
4,0,7,7,19380
4,0,7,8,19294
4,0,7,9,19303
4,0,7,10,19294
4,0,7,11,19289
4,0,7,12,19226
4,0,7,13,19294
4,0,7,14,19219
4,0,7,15,19618
4,0,7,16,19514
4,0,7,17,19158
4,0,7,18,19591
4,0,7,19,19257
4,0,7,20,19459
4,0,7,21,19179
4,0,7,22,19386
4,0,7,23,19396
4,0,7,24,19539
4,0,7,25,19170
4,0,7,26,19221
4,0,7,27,19548
4,0,7,28,19391
4,0,7,29,19249
4,0,7,30,19216
4,0,7,31,19354
