cpucycles tracesetup 0 amd64-perfpmcff precision 0 scaling 0.000000 only32 0
cpucycles tracesetup 1 amd64-perfpmc precision 0 scaling 0.000000 only32 0
cpucycles tracesetup 2 amd64-pmcff precision 0 scaling 0.000000 only32 0
cpucycles tracesetup 3 amd64-tsc precision 1016 scaling 0.467415 only32 0
cpucycles tracesetup 4 amd64-tscasm precision 1026 scaling 0.467415 only32 0
cpucycles tracesetup 5 default-perfevent precision 204 scaling 1.000000 only32 0
cpucycles tracesetup 6 default-mach precision 0 scaling 0.000000 only32 0
cpucycles tracesetup 7 default-monotonic precision 1075 scaling 1.400000 only32 0
cpucycles tracesetup 8 default-gettimeofday precision 2440 scaling 1400.000000 only32 0
cpucycles tracesetup 9 default-zero precision 0 scaling 0.000000 only32 0
region,variant,block,observation,cycles
0,0,0,0,979
0,0,0,1,974
0,0,0,2,978
0,0,0,3,965
0,0,0,4,948
0,0,0,5,949
0,0,0,6,947
0,0,0,7,941
0,0,0,8,956
0,0,0,9,957
0,0,0,10,950
0,0,0,11,939
0,0,0,12,946
0,0,0,13,949
0,0,0,14,957
0,0,0,15,958
0,0,0,16,954
0,0,0,17,961
0,0,0,18,943
0,0,0,19,967
0,0,0,20,958
0,0,0,21,950
0,0,0,22,959
0,0,0,23,1001
0,0,0,24,962
0,0,0,25,960
0,0,0,26,982
0,0,0,27,958
0,0,0,28,941
0,0,0,29,953
0,0,0,30,976
0,0,0,31,948
0,1,0,0,938
0,1,0,1,1005
0,1,0,2,943
0,1,0,3,957
0,1,0,4,951
0,1,0,5,968
0,1,0,6,952
0,1,0,7,945
0,1,0,8,974
0,1,0,9,943
0,1,0,10,944
0,1,0,11,937
0,1,0,12,947
0,1,0,13,984
0,1,0,14,943
0,1,0,15,942
0,1,0,16,939
0,1,0,17,966
0,1,0,18,943
0,1,0,19,959
0,1,0,20,923
0,1,0,21,949
0,1,0,22,942
0,1,0,23,971
0,1,0,24,935
0,1,0,25,953
0,1,0,26,963
0,1,0,27,944
0,1,0,28,936
0,1,0,29,963
0,1,0,30,933
0,1,0,31,960
0,2,0,0,952
0,2,0,1,950
0,2,0,2,945
0,2,0,3,958
0,2,0,4,932
0,2,0,5,949
0,2,0,6,921
0,2,0,7,957
0,2,0,8,941
0,2,0,9,959
0,2,0,10,948
0,2,0,11,946
0,2,0,12,968
0,2,0,13,947
0,2,0,14,947
0,2,0,15,963
0,2,0,16,968
0,2,0,17,973
0,2,0,18,960
0,2,0,19,940
0,2,0,20,962
0,2,0,21,939
0,2,0,22,955
0,2,0,23,949
0,2,0,24,934
0,2,0,25,938
0,2,0,26,935
0,2,0,27,917
0,2,0,28,945
0,2,0,29,944
0,2,0,30,963
0,2,0,31,938
0,3,0,0,969
0,3,0,1,955
0,3,0,2,973
0,3,0,3,960
0,3,0,4,966
0,3,0,5,939
0,3,0,6,942
0,3,0,7,952
0,3,0,8,946
0,3,0,9,959
0,3,0,10,968
0,3,0,11,955
0,3,0,12,947
0,3,0,13,950
0,3,0,14,949
0,3,0,15,954
0,3,0,16,964
0,3,0,17,947
0,3,0,18,933
0,3,0,19,952
0,3,0,20,952
0,3,0,21,941
0,3,0,22,937
0,3,0,23,961
0,3,0,24,958
0,3,0,25,933
0,3,0,26,948
0,3,0,27,946
0,3,0,28,931
0,3,0,29,948
0,3,0,30,946
0,3,0,31,940
0,4,0,0,964
0,4,0,1,993
0,4,0,2,997
0,4,0,3,992
0,4,0,4,970
0,4,0,5,973
0,4,0,6,959
0,4,0,7,950
0,4,0,8,970
0,4,0,9,944
0,4,0,10,990
0,4,0,11,970
0,4,0,12,971
0,4,0,13,965
0,4,0,14,947
0,4,0,15,962
0,4,0,16,940
0,4,0,17,965
0,4,0,18,981
0,4,0,19,981
0,4,0,20,965
0,4,0,21,948
0,4,0,22,971
0,4,0,23,951
0,4,0,24,954
0,4,0,25,962
0,4,0,26,962
0,4,0,27,952
0,4,0,28,959
0,4,0,29,963
0,4,0,30,965
0,4,0,31,965
0,4,1,0,974
0,4,1,1,962
0,4,1,2,932
0,4,1,3,966
0,4,1,4,948
0,4,1,5,967
0,4,1,6,948
0,4,1,7,951
0,4,1,8,962
0,4,1,9,944
0,4,1,10,944
0,4,1,11,947
0,4,1,12,964
0,4,1,13,973
0,4,1,14,947
0,4,1,15,937
0,4,1,16,921
0,4,1,17,930
0,4,1,18,947
0,4,1,19,959
0,4,1,20,947
0,4,1,21,969
0,4,1,22,972
0,4,1,23,967
0,4,1,24,961
0,4,1,25,967
0,4,1,26,972
0,4,1,27,987
0,4,1,28,956
0,4,1,29,985
0,4,1,30,967
0,4,1,31,975
0,3,1,0,947
0,3,1,1,972
0,3,1,2,956
0,3,1,3,976
0,3,1,4,992
0,3,1,5,930
0,3,1,6,948
0,3,1,7,961
0,3,1,8,962
0,3,1,9,951
0,3,1,10,954
0,3,1,11,939
0,3,1,12,951
0,3,1,13,950
0,3,1,14,919
0,3,1,15,961
0,3,1,16,949
0,3,1,17,974
0,3,1,18,986
0,3,1,19,936
0,3,1,20,929
0,3,1,21,936
0,3,1,22,961
0,3,1,23,956
0,3,1,24,942
0,3,1,25,957
0,3,1,26,961
0,3,1,27,950
0,3,1,28,971
0,3,1,29,963
0,3,1,30,936
0,3,1,31,950
0,2,1,0,957
0,2,1,1,955
0,2,1,2,977
0,2,1,3,955
0,2,1,4,1001
0,2,1,5,949
0,2,1,6,941
0,2,1,7,940
0,2,1,8,952
0,2,1,9,939
0,2,1,10,943
0,2,1,11,947
0,2,1,12,930
0,2,1,13,953
0,2,1,14,944
0,2,1,15,977
0,2,1,16,947
0,2,1,17,984
0,2,1,18,969
0,2,1,19,968
0,2,1,20,981
0,2,1,21,957
0,2,1,22,967
0,2,1,23,974
0,2,1,24,942
0,2,1,25,937
0,2,1,26,966
0,2,1,27,965
0,2,1,28,958
0,2,1,29,952
0,2,1,30,951
0,2,1,31,956
0,1,1,0,953
0,1,1,1,979
0,1,1,2,999
0,1,1,3,1000
0,1,1,4,980
0,1,1,5,958
0,1,1,6,952
0,1,1,7,964
0,1,1,8,951
0,1,1,9,962
0,1,1,10,962
0,1,1,11,960
0,1,1,12,967
0,1,1,13,961
0,1,1,14,972
0,1,1,15,947
0,1,1,16,938
0,1,1,17,958
0,1,1,18,973
0,1,1,19,960
0,1,1,20,980
0,1,1,21,933
0,1,1,22,976
0,1,1,23,933
0,1,1,24,956
0,1,1,25,947
0,1,1,26,953
0,1,1,27,972
0,1,1,28,949
0,1,1,29,975
0,1,1,30,964
0,1,1,31,947
0,0,1,0,974
0,0,1,1,976
0,0,1,2,988
0,0,1,3,991
0,0,1,4,1003
0,0,1,5,953
0,0,1,6,943
0,0,1,7,956
0,0,1,8,957
0,0,1,9,951
0,0,1,10,977
0,0,1,11,941
0,0,1,12,949
0,0,1,13,957
0,0,1,14,977
0,0,1,15,970
0,0,1,16,944
0,0,1,17,926
0,0,1,18,953
0,0,1,19,964
0,0,1,20,962
0,0,1,21,945
0,0,1,22,950
0,0,1,23,949
0,0,1,24,957
0,0,1,25,943
0,0,1,26,930
0,0,1,27,940
0,0,1,28,948
0,0,1,29,953
0,0,1,30,955
0,0,1,31,957
0,0,2,0,955
0,0,2,1,963
0,0,2,2,946
0,0,2,3,967
0,0,2,4,949
0,0,2,5,947
0,0,2,6,958
0,0,2,7,938
0,0,2,8,969
0,0,2,9,956
0,0,2,10,950
0,0,2,11,946
0,0,2,12,936
0,0,2,13,945
0,0,2,14,948
0,0,2,15,960
0,0,2,16,942
0,0,2,17,933
0,0,2,18,935
0,0,2,19,966
0,0,2,20,953
0,0,2,21,964
0,0,2,22,955
0,0,2,23,937
0,0,2,24,943
0,0,2,25,940
0,0,2,26,939
0,0,2,27,954
0,0,2,28,950
0,0,2,29,963
0,0,2,30,950
0,0,2,31,947
0,1,2,0,959
0,1,2,1,964
0,1,2,2,966
0,1,2,3,971
0,1,2,4,966
0,1,2,5,942
0,1,2,6,936
0,1,2,7,953
0,1,2,8,949
0,1,2,9,949
0,1,2,10,944
0,1,2,11,968
0,1,2,12,971
0,1,2,13,952
0,1,2,14,950
0,1,2,15,960
0,1,2,16,957
0,1,2,17,957
0,1,2,18,953
0,1,2,19,946
0,1,2,20,959
0,1,2,21,959
0,1,2,22,958
0,1,2,23,945
0,1,2,24,960
0,1,2,25,959
0,1,2,26,939
0,1,2,27,949
0,1,2,28,969
0,1,2,29,943
0,1,2,30,953
0,1,2,31,948
0,2,2,0,957
0,2,2,1,991
0,2,2,2,995
0,2,2,3,973
0,2,2,4,969
0,2,2,5,946
0,2,2,6,970
0,2,2,7,931
0,2,2,8,943
0,2,2,9,943
0,2,2,10,940
0,2,2,11,947
0,2,2,12,933
0,2,2,13,945
0,2,2,14,942
0,2,2,15,934
0,2,2,16,967
0,2,2,17,971
0,2,2,18,981
0,2,2,19,959
0,2,2,20,953
0,2,2,21,965
0,2,2,22,959
0,2,2,23,937
0,2,2,24,946
0,2,2,25,959
0,2,2,26,950
0,2,2,27,927
0,2,2,28,956
0,2,2,29,954
0,2,2,30,962
0,2,2,31,969
0,3,2,0,972
0,3,2,1,952
0,3,2,2,975
0,3,2,3,967
0,3,2,4,963
0,3,2,5,953
0,3,2,6,954
0,3,2,7,943
0,3,2,8,955
0,3,2,9,955
0,3,2,10,947
0,3,2,11,953
0,3,2,12,953
0,3,2,13,961
0,3,2,14,960
0,3,2,15,977
0,3,2,16,966
0,3,2,17,946
0,3,2,18,955
0,3,2,19,960
0,3,2,20,962
0,3,2,21,944
0,3,2,22,935
0,3,2,23,938
0,3,2,24,961
0,3,2,25,954
0,3,2,26,936
0,3,2,27,960
0,3,2,28,971
0,3,2,29,960
0,3,2,30,945
0,3,2,31,970
0,4,2,0,965
0,4,2,1,998
0,4,2,2,968
0,4,2,3,980
0,4,2,4,993
0,4,2,5,974
0,4,2,6,958
0,4,2,7,933
0,4,2,8,970
0,4,2,9,939
0,4,2,10,963
0,4,2,11,961
0,4,2,12,991
0,4,2,13,956
0,4,2,14,958
0,4,2,15,969
0,4,2,16,937
0,4,2,17,960
0,4,2,18,973
0,4,2,19,944
0,4,2,20,958
0,4,2,21,937
0,4,2,22,952
0,4,2,23,960
0,4,2,24,978
0,4,2,25,957
0,4,2,26,953
0,4,2,27,965
0,4,2,28,964
0,4,2,29,952
0,4,2,30,968
0,4,2,31,952
0,4,3,0,962
0,4,3,1,959
0,4,3,2,951
0,4,3,3,952
0,4,3,4,932
0,4,3,5,934
0,4,3,6,953
0,4,3,7,994
0,4,3,8,951
0,4,3,9,959
0,4,3,10,934
0,4,3,11,958
0,4,3,12,963
0,4,3,13,954
0,4,3,14,961
0,4,3,15,962
0,4,3,16,981
0,4,3,17,970
0,4,3,18,953
0,4,3,19,966
0,4,3,20,956
0,4,3,21,966
0,4,3,22,953
0,4,3,23,988
0,4,3,24,949
0,4,3,25,958
0,4,3,26,952
0,4,3,27,950
0,4,3,28,969
0,4,3,29,980
0,4,3,30,969
0,4,3,31,991
0,3,3,0,947
0,3,3,1,973
0,3,3,2,978
0,3,3,3,970
0,3,3,4,977
0,3,3,5,965
0,3,3,6,953
0,3,3,7,955
0,3,3,8,929
0,3,3,9,963
0,3,3,10,972
0,3,3,11,944
0,3,3,12,934
0,3,3,13,936
0,3,3,14,974
0,3,3,15,975
0,3,3,16,959
0,3,3,17,956
0,3,3,18,947
0,3,3,19,961
0,3,3,20,960
0,3,3,21,974
0,3,3,22,955
0,3,3,23,964
0,3,3,24,975
0,3,3,25,941
0,3,3,26,965
0,3,3,27,941
0,3,3,28,960
0,3,3,29,945
0,3,3,30,972
0,3,3,31,978
0,2,3,0,928
0,2,3,1,973
0,2,3,2,971
0,2,3,3,964
0,2,3,4,969
0,2,3,5,928
0,2,3,6,952
0,2,3,7,969
0,2,3,8,970
0,2,3,9,965
0,2,3,10,956
0,2,3,11,958
0,2,3,12,951
0,2,3,13,939
0,2,3,14,962
0,2,3,15,953
0,2,3,16,939
0,2,3,17,966
0,2,3,18,933
0,2,3,19,942
0,2,3,20,941
0,2,3,21,947
0,2,3,22,949
0,2,3,23,923
0,2,3,24,938
0,2,3,25,970
0,2,3,26,949
0,2,3,27,971
0,2,3,28,934
0,2,3,29,941
0,2,3,30,961
0,2,3,31,960
0,1,3,0,985
0,1,3,1,981
0,1,3,2,989
0,1,3,3,987
0,1,3,4,983
0,1,3,5,947
0,1,3,6,968
0,1,3,7,967
0,1,3,8,969
0,1,3,9,957
0,1,3,10,962
0,1,3,11,979
0,1,3,12,960
0,1,3,13,969
0,1,3,14,968
0,1,3,15,969
0,1,3,16,949
0,1,3,17,926
0,1,3,18,938
0,1,3,19,971
0,1,3,20,960
0,1,3,21,966
0,1,3,22,940
0,1,3,23,979
0,1,3,24,949
0,1,3,25,964
0,1,3,26,941
0,1,3,27,952
0,1,3,28,969
0,1,3,29,970
0,1,3,30,969
0,1,3,31,948
0,0,3,0,961
0,0,3,1,955
0,0,3,2,973
0,0,3,3,945
0,0,3,4,990
0,0,3,5,949
0,0,3,6,951
0,0,3,7,966
0,0,3,8,973
0,0,3,9,957
0,0,3,10,941
0,0,3,11,945
0,0,3,12,949
0,0,3,13,948
0,0,3,14,964
0,0,3,15,946
0,0,3,16,936
0,0,3,17,952
0,0,3,18,964
0,0,3,19,973
0,0,3,20,986
0,0,3,21,958
0,0,3,22,983
0,0,3,23,949
0,0,3,24,948
0,0,3,25,947
0,0,3,26,943
0,0,3,27,953
0,0,3,28,948
0,0,3,29,935
0,0,3,30,946
0,0,3,31,960
0,0,4,0,959
0,0,4,1,933
0,0,4,2,953
0,0,4,3,959
0,0,4,4,946
0,0,4,5,955
0,0,4,6,958
0,0,4,7,942
0,0,4,8,965
0,0,4,9,973
0,0,4,10,940
0,0,4,11,944
0,0,4,12,934
0,0,4,13,958
0,0,4,14,968
0,0,4,15,941
0,0,4,16,966
0,0,4,17,945
0,0,4,18,948
0,0,4,19,952
0,0,4,20,965
0,0,4,21,967
0,0,4,22,940
0,0,4,23,959
0,0,4,24,921
0,0,4,25,943
0,0,4,26,945
0,0,4,27,966
0,0,4,28,931
0,0,4,29,954
0,0,4,30,953
0,0,4,31,955
0,1,4,0,985
0,1,4,1,978
0,1,4,2,995
0,1,4,3,964
0,1,4,4,954
0,1,4,5,961
0,1,4,6,954
0,1,4,7,962
0,1,4,8,969
0,1,4,9,955
0,1,4,10,966
0,1,4,11,960
0,1,4,12,943
0,1,4,13,967
0,1,4,14,959
0,1,4,15,951
0,1,4,16,946
0,1,4,17,969
0,1,4,18,969
0,1,4,19,959
0,1,4,20,957
0,1,4,21,937
0,1,4,22,940
0,1,4,23,943
0,1,4,24,963
0,1,4,25,934
0,1,4,26,963
0,1,4,27,967
0,1,4,28,911
0,1,4,29,962
0,1,4,30,944
0,1,4,31,956
0,2,4,0,954
0,2,4,1,976
0,2,4,2,1001
0,2,4,3,974
0,2,4,4,997
0,2,4,5,951
0,2,4,6,955
0,2,4,7,957
0,2,4,8,971
0,2,4,9,947
0,2,4,10,933
0,2,4,11,957
0,2,4,12,939
0,2,4,13,925
0,2,4,14,943
0,2,4,15,949
0,2,4,16,948
0,2,4,17,946
0,2,4,18,961
0,2,4,19,942
0,2,4,20,954
0,2,4,21,945
0,2,4,22,976
0,2,4,23,934
0,2,4,24,970
0,2,4,25,952
0,2,4,26,966
0,2,4,27,954
0,2,4,28,960
0,2,4,29,953
0,2,4,30,956
0,2,4,31,942
0,3,4,0,963
0,3,4,1,979
0,3,4,2,980
0,3,4,3,961
0,3,4,4,959
0,3,4,5,968
0,3,4,6,947
0,3,4,7,949
0,3,4,8,956
0,3,4,9,933
0,3,4,10,940
0,3,4,11,948
0,3,4,12,956
0,3,4,13,958
0,3,4,14,941
0,3,4,15,962
0,3,4,16,955
0,3,4,17,961
0,3,4,18,950
0,3,4,19,959
0,3,4,20,943
0,3,4,21,957
0,3,4,22,977
0,3,4,23,957
0,3,4,24,961
0,3,4,25,967
0,3,4,26,966
0,3,4,27,962
0,3,4,28,968
0,3,4,29,965
0,3,4,30,957
0,3,4,31,954
0,4,4,0,949
0,4,4,1,962
0,4,4,2,959
0,4,4,3,973
0,4,4,4,956
0,4,4,5,946
0,4,4,6,957
0,4,4,7,968
0,4,4,8,961
0,4,4,9,961
0,4,4,10,947
0,4,4,11,957
0,4,4,12,964
0,4,4,13,949
0,4,4,14,987
0,4,4,15,948
0,4,4,16,959
0,4,4,17,960
0,4,4,18,950
0,4,4,19,965
0,4,4,20,953
0,4,4,21,981
0,4,4,22,968
0,4,4,23,958
0,4,4,24,959
0,4,4,25,960
0,4,4,26,980
0,4,4,27,974
0,4,4,28,951
0,4,4,29,974
0,4,4,30,962
0,4,4,31,937
0,4,5,0,952
0,4,5,1,956
0,4,5,2,947
0,4,5,3,942
0,4,5,4,971
0,4,5,5,947
0,4,5,6,935
0,4,5,7,967
0,4,5,8,956
0,4,5,9,964
0,4,5,10,965
0,4,5,11,951
0,4,5,12,970
0,4,5,13,956
0,4,5,14,946
0,4,5,15,951
0,4,5,16,960
0,4,5,17,931
0,4,5,18,963
0,4,5,19,961
0,4,5,20,996
0,4,5,21,956
0,4,5,22,954
0,4,5,23,973
0,4,5,24,988
0,4,5,25,956
0,4,5,26,974
0,4,5,27,969
0,4,5,28,975
0,4,5,29,953
0,4,5,30,949
0,4,5,31,962
0,3,5,0,937
0,3,5,1,997
0,3,5,2,987
0,3,5,3,960
0,3,5,4,999
0,3,5,5,955
0,3,5,6,953
0,3,5,7,964
0,3,5,8,969
0,3,5,9,946
0,3,5,10,945
0,3,5,11,926
0,3,5,12,968
0,3,5,13,945
0,3,5,14,978
0,3,5,15,963
0,3,5,16,978
0,3,5,17,946
0,3,5,18,946
0,3,5,19,945
0,3,5,20,960
0,3,5,21,954
0,3,5,22,936
0,3,5,23,948
0,3,5,24,947
0,3,5,25,955
0,3,5,26,969
0,3,5,27,959
0,3,5,28,981
0,3,5,29,968
0,3,5,30,938
0,3,5,31,969
0,2,5,0,965
0,2,5,1,956
0,2,5,2,968
0,2,5,3,964
0,2,5,4,969
0,2,5,5,952
0,2,5,6,947
0,2,5,7,931
0,2,5,8,938
0,2,5,9,953
0,2,5,10,970
0,2,5,11,949
0,2,5,12,947
0,2,5,13,955
0,2,5,14,945
0,2,5,15,966
0,2,5,16,970
0,2,5,17,953
0,2,5,18,944
0,2,5,19,960
0,2,5,20,954
0,2,5,21,968
0,2,5,22,949
0,2,5,23,941
0,2,5,24,954
0,2,5,25,958
0,2,5,26,949
0,2,5,27,957
0,2,5,28,959
0,2,5,29,969
0,2,5,30,960
0,2,5,31,947
0,1,5,0,968
0,1,5,1,972
0,1,5,2,979
0,1,5,3,977
0,1,5,4,968
0,1,5,5,926
0,1,5,6,931
0,1,5,7,1359
0,1,5,8,969
0,1,5,9,951
0,1,5,10,959
0,1,5,11,952
0,1,5,12,955
0,1,5,13,949
0,1,5,14,955
0,1,5,15,937
0,1,5,16,956
0,1,5,17,949
0,1,5,18,955
0,1,5,19,939
0,1,5,20,940
0,1,5,21,954
0,1,5,22,974
0,1,5,23,952
0,1,5,24,935
0,1,5,25,930
0,1,5,26,956
0,1,5,27,976
0,1,5,28,956
0,1,5,29,945
0,1,5,30,966
0,1,5,31,937
0,0,5,0,971
0,0,5,1,951
0,0,5,2,976
0,0,5,3,973
0,0,5,4,961
0,0,5,5,950
0,0,5,6,942
0,0,5,7,949
0,0,5,8,941
0,0,5,9,940
0,0,5,10,922
0,0,5,11,939
0,0,5,12,943
0,0,5,13,952
0,0,5,14,935
0,0,5,15,1134
0,0,5,16,938
0,0,5,17,964
0,0,5,18,960
0,0,5,19,970
0,0,5,20,940
0,0,5,21,938
0,0,5,22,932
0,0,5,23,947
0,0,5,24,949
0,0,5,25,941
0,0,5,26,938
0,0,5,27,947
0,0,5,28,946
0,0,5,29,970
0,0,5,30,949
0,0,5,31,946
0,0,6,0,928
0,0,6,1,944
0,0,6,2,949
0,0,6,3,940
0,0,6,4,942
0,0,6,5,964
0,0,6,6,949
0,0,6,7,957
0,0,6,8,947
0,0,6,9,959
0,0,6,10,942
0,0,6,11,967
0,0,6,12,944
0,0,6,13,932
0,0,6,14,963
0,0,6,15,940
0,0,6,16,966
0,0,6,17,951
0,0,6,18,956
0,0,6,19,921
0,0,6,20,984
0,0,6,21,940
0,0,6,22,953
0,0,6,23,965
0,0,6,24,955
0,0,6,25,946
0,0,6,26,943
0,0,6,27,943
0,0,6,28,934
0,0,6,29,941
0,0,6,30,948
0,0,6,31,963
0,1,6,0,957
0,1,6,1,992
0,1,6,2,976
0,1,6,3,952
0,1,6,4,963
0,1,6,5,923
0,1,6,6,976
0,1,6,7,954
0,1,6,8,934
0,1,6,9,933
0,1,6,10,930
0,1,6,11,935
0,1,6,12,949
0,1,6,13,958
0,1,6,14,936
0,1,6,15,958
0,1,6,16,955
0,1,6,17,955
0,1,6,18,956
0,1,6,19,959
0,1,6,20,953
0,1,6,21,968
0,1,6,22,972
0,1,6,23,966
0,1,6,24,966
0,1,6,25,942
0,1,6,26,959
0,1,6,27,976
0,1,6,28,934
0,1,6,29,975
0,1,6,30,952
0,1,6,31,956
0,2,6,0,977
0,2,6,1,948
0,2,6,2,980
0,2,6,3,979
0,2,6,4,972
0,2,6,5,932
0,2,6,6,944
0,2,6,7,957
0,2,6,8,950
0,2,6,9,963
0,2,6,10,950
0,2,6,11,936
0,2,6,12,944
0,2,6,13,970
0,2,6,14,942
0,2,6,15,967
0,2,6,16,953
0,2,6,17,935
0,2,6,18,965
0,2,6,19,940
0,2,6,20,946
0,2,6,21,965
0,2,6,22,960
0,2,6,23,930
0,2,6,24,941
0,2,6,25,927
0,2,6,26,935
0,2,6,27,941
0,2,6,28,954
0,2,6,29,944
0,2,6,30,951
0,2,6,31,922
0,3,6,0,987
0,3,6,1,974
0,3,6,2,974
0,3,6,3,972
0,3,6,4,998
0,3,6,5,930
0,3,6,6,948
0,3,6,7,945
0,3,6,8,947
0,3,6,9,961
0,3,6,10,985
0,3,6,11,958
0,3,6,12,972
0,3,6,13,960
0,3,6,14,934
0,3,6,15,951
0,3,6,16,915
0,3,6,17,944
0,3,6,18,965
0,3,6,19,936
0,3,6,20,945
0,3,6,21,948
0,3,6,22,944
0,3,6,23,949
0,3,6,24,954
0,3,6,25,975
0,3,6,26,948
0,3,6,27,954
0,3,6,28,951
0,3,6,29,950
0,3,6,30,930
0,3,6,31,967
0,4,6,0,941
0,4,6,1,1006
0,4,6,2,976
0,4,6,3,964
0,4,6,4,963
0,4,6,5,967
0,4,6,6,966
0,4,6,7,982
0,4,6,8,961
0,4,6,9,955
0,4,6,10,957
0,4,6,11,951
0,4,6,12,948
0,4,6,13,951
0,4,6,14,975
0,4,6,15,956
0,4,6,16,985
0,4,6,17,960
0,4,6,18,962
0,4,6,19,944
0,4,6,20,964
0,4,6,21,953
0,4,6,22,954
0,4,6,23,978
0,4,6,24,966
0,4,6,25,962
0,4,6,26,952
0,4,6,27,963
0,4,6,28,977
0,4,6,29,965
0,4,6,30,965
0,4,6,31,965
0,4,7,0,975
0,4,7,1,938
0,4,7,2,939
0,4,7,3,965
0,4,7,4,952
0,4,7,5,955
0,4,7,6,945
0,4,7,7,942
0,4,7,8,961
0,4,7,9,932
0,4,7,10,970
0,4,7,11,949
0,4,7,12,945
0,4,7,13,963
0,4,7,14,964
0,4,7,15,984
0,4,7,16,950
0,4,7,17,965
0,4,7,18,945
0,4,7,19,940
0,4,7,20,956
0,4,7,21,962
0,4,7,22,943
0,4,7,23,956
0,4,7,24,944
0,4,7,25,948
0,4,7,26,944
0,4,7,27,963
0,4,7,28,950
0,4,7,29,948
0,4,7,30,964
0,4,7,31,974
0,3,7,0,957
0,3,7,1,972
0,3,7,2,971
0,3,7,3,959
0,3,7,4,992
0,3,7,5,967
0,3,7,6,930
0,3,7,7,938
0,3,7,8,941
0,3,7,9,943
0,3,7,10,941
0,3,7,11,961
0,3,7,12,974
0,3,7,13,947
0,3,7,14,957
0,3,7,15,972
0,3,7,16,978
0,3,7,17,952
0,3,7,18,958
0,3,7,19,957
0,3,7,20,944
0,3,7,21,943
0,3,7,22,933
0,3,7,23,978
0,3,7,24,924
0,3,7,25,965
0,3,7,26,965
0,3,7,27,951
0,3,7,28,962
0,3,7,29,955
0,3,7,30,964
0,3,7,31,948
0,2,7,0,954
0,2,7,1,980
0,2,7,2,983
0,2,7,3,970
0,2,7,4,968
0,2,7,5,945
0,2,7,6,944
0,2,7,7,948
0,2,7,8,966
0,2,7,9,946
0,2,7,10,940
0,2,7,11,960
0,2,7,12,968
0,2,7,13,938
0,2,7,14,924
0,2,7,15,936
0,2,7,16,932
0,2,7,17,959
0,2,7,18,959
0,2,7,19,936
0,2,7,20,970
0,2,7,21,955
0,2,7,22,935
0,2,7,23,939
0,2,7,24,938
0,2,7,25,926
0,2,7,26,952
0,2,7,27,958
0,2,7,28,947
0,2,7,29,937
0,2,7,30,943
0,2,7,31,949
0,1,7,0,987
0,1,7,1,955
0,1,7,2,997
0,1,7,3,975
0,1,7,4,979
0,1,7,5,978
0,1,7,6,957
0,1,7,7,948
0,1,7,8,922
0,1,7,9,952
0,1,7,10,942
0,1,7,11,983
0,1,7,12,971
0,1,7,13,965
0,1,7,14,949
0,1,7,15,984
0,1,7,16,960
0,1,7,17,962
0,1,7,18,942
0,1,7,19,948
0,1,7,20,947
0,1,7,21,949
0,1,7,22,936
0,1,7,23,946
0,1,7,24,963
0,1,7,25,945
0,1,7,26,938
0,1,7,27,966
0,1,7,28,942
0,1,7,29,946
0,1,7,30,955
0,1,7,31,961
0,0,7,0,964
0,0,7,1,981
0,0,7,2,966
0,0,7,3,1002
0,0,7,4,986
0,0,7,5,941
0,0,7,6,944
0,0,7,7,965
0,0,7,8,944
0,0,7,9,944
0,0,7,10,953
0,0,7,11,951
0,0,7,12,983
0,0,7,13,962
0,0,7,14,962
0,0,7,15,940
0,0,7,16,979
0,0,7,17,946
0,0,7,18,949
0,0,7,19,921
0,0,7,20,965
0,0,7,21,978
0,0,7,22,982
0,0,7,23,947
0,0,7,24,958
0,0,7,25,924
0,0,7,26,959
0,0,7,27,943
0,0,7,28,962
0,0,7,29,955
0,0,7,30,959
0,0,7,31,948
1,0,0,0,874
1,0,0,1,781
1,0,0,2,813
1,0,0,3,798
1,0,0,4,800
1,0,0,5,828
1,0,0,6,1147
1,0,0,7,861
1,0,0,8,848
1,0,0,9,797
1,0,0,10,861
1,0,0,11,847
1,0,0,12,811
1,0,0,13,872
1,0,0,14,801
1,0,0,15,835
1,0,0,16,841
1,0,0,17,780
1,0,0,18,799
1,0,0,19,792
1,0,0,20,815
1,0,0,21,820
1,0,0,22,791
1,0,0,23,790
1,0,0,24,809
1,0,0,25,787
1,0,0,26,850
1,0,0,27,794
1,0,0,28,802
1,0,0,29,824
1,0,0,30,793
1,0,0,31,826
1,1,0,0,835
1,1,0,1,801
1,1,0,2,801
1,1,0,3,800
1,1,0,4,815
1,1,0,5,816
1,1,0,6,820
1,1,0,7,837
1,1,0,8,837
1,1,0,9,795
1,1,0,10,836
1,1,0,11,818
1,1,0,12,808
1,1,0,13,825
1,1,0,14,802
1,1,0,15,810
1,1,0,16,815
1,1,0,17,819
1,1,0,18,844
1,1,0,19,806
1,1,0,20,819
1,1,0,21,815
1,1,0,22,801
1,1,0,23,811
1,1,0,24,823
1,1,0,25,812
1,1,0,26,818
1,1,0,27,801
1,1,0,28,813
1,1,0,29,818
1,1,0,30,818
1,1,0,31,846
1,2,0,0,754
1,2,0,1,785
1,2,0,2,778
1,2,0,3,788
1,2,0,4,771
1,2,0,5,746
1,2,0,6,764
1,2,0,7,773
1,2,0,8,776
1,2,0,9,752
1,2,0,10,764
1,2,0,11,776
1,2,0,12,765
1,2,0,13,761
1,2,0,14,759
1,2,0,15,792
1,2,0,16,788
1,2,0,17,761
1,2,0,18,767
1,2,0,19,758
1,2,0,20,769
1,2,0,21,765
1,2,0,22,765
1,2,0,23,763
1,2,0,24,790
1,2,0,25,779
1,2,0,26,763
1,2,0,27,749
1,2,0,28,757
1,2,0,29,754
1,2,0,30,774
1,2,0,31,787
1,3,0,0,771
1,3,0,1,774
1,3,0,2,780
1,3,0,3,777
1,3,0,4,775
1,3,0,5,763
1,3,0,6,772
1,3,0,7,755
1,3,0,8,768
1,3,0,9,763
1,3,0,10,751
1,3,0,11,763
1,3,0,12,744
1,3,0,13,768
1,3,0,14,776
1,3,0,15,756
1,3,0,16,767
1,3,0,17,747
1,3,0,18,758
1,3,0,19,769
1,3,0,20,760
1,3,0,21,762
1,3,0,22,763
1,3,0,23,756
1,3,0,24,759
1,3,0,25,745
1,3,0,26,766
1,3,0,27,766
1,3,0,28,738
1,3,0,29,763
1,3,0,30,739
1,3,0,31,749
1,4,0,0,819
1,4,0,1,797
1,4,0,2,834
1,4,0,3,813
1,4,0,4,1182
1,4,0,5,842
1,4,0,6,796
1,4,0,7,813
1,4,0,8,788
1,4,0,9,783
1,4,0,10,805
1,4,0,11,794
1,4,0,12,781
1,4,0,13,822
1,4,0,14,811
1,4,0,15,814
1,4,0,16,793
1,4,0,17,801
1,4,0,18,822
1,4,0,19,813
1,4,0,20,805
1,4,0,21,813
1,4,0,22,799
1,4,0,23,804
1,4,0,24,786
1,4,0,25,780
1,4,0,26,818
1,4,0,27,793
1,4,0,28,816
1,4,0,29,828
1,4,0,30,790
1,4,0,31,822
1,4,1,0,796
1,4,1,1,785
1,4,1,2,791
1,4,1,3,789
1,4,1,4,799
1,4,1,5,810
1,4,1,6,791
1,4,1,7,789
1,4,1,8,821
1,4,1,9,797
1,4,1,10,861
1,4,1,11,798
1,4,1,12,804
1,4,1,13,826
1,4,1,14,803
1,4,1,15,822
1,4,1,16,814
1,4,1,17,798
1,4,1,18,802
1,4,1,19,800
1,4,1,20,811
1,4,1,21,824
1,4,1,22,808
1,4,1,23,825
1,4,1,24,810
1,4,1,25,787
1,4,1,26,818
1,4,1,27,800
1,4,1,28,785
1,4,1,29,821
1,4,1,30,791
1,4,1,31,791
1,3,1,0,733
1,3,1,1,772
1,3,1,2,757
1,3,1,3,795
1,3,1,4,775
1,3,1,5,751
1,3,1,6,757
1,3,1,7,745
1,3,1,8,769
1,3,1,9,749
1,3,1,10,771
1,3,1,11,767
1,3,1,12,760
1,3,1,13,771
1,3,1,14,737
1,3,1,15,751
1,3,1,16,777
1,3,1,17,748
1,3,1,18,759
1,3,1,19,754
1,3,1,20,763
1,3,1,21,769
1,3,1,22,749
1,3,1,23,762
1,3,1,24,765
1,3,1,25,746
1,3,1,26,765
1,3,1,27,758
1,3,1,28,748
1,3,1,29,768
1,3,1,30,755
1,3,1,31,758
1,2,1,0,773
1,2,1,1,788
1,2,1,2,771
1,2,1,3,778
1,2,1,4,770
1,2,1,5,761
1,2,1,6,756
1,2,1,7,753
1,2,1,8,785
1,2,1,9,759
1,2,1,10,773
1,2,1,11,774
1,2,1,12,753
1,2,1,13,771
1,2,1,14,763
1,2,1,15,767
1,2,1,16,782
1,2,1,17,764
1,2,1,18,768
1,2,1,19,755
1,2,1,20,762
1,2,1,21,770
1,2,1,22,758
1,2,1,23,767
1,2,1,24,778
1,2,1,25,775
1,2,1,26,797
1,2,1,27,774
1,2,1,28,772
1,2,1,29,776
1,2,1,30,761
1,2,1,31,759
1,1,1,0,804
1,1,1,1,805
1,1,1,2,783
1,1,1,3,820
1,1,1,4,823
1,1,1,5,811
1,1,1,6,800
1,1,1,7,797
1,1,1,8,810
1,1,1,9,806
1,1,1,10,830
1,1,1,11,809
1,1,1,12,794
1,1,1,13,822
1,1,1,14,801
1,1,1,15,805
1,1,1,16,799
1,1,1,17,795
1,1,1,18,815
1,1,1,19,809
1,1,1,20,801
1,1,1,21,812
1,1,1,22,814
1,1,1,23,811
1,1,1,24,807
1,1,1,25,802
1,1,1,26,829
1,1,1,27,798
1,1,1,28,814
1,1,1,29,830
1,1,1,30,786
1,1,1,31,833
1,0,1,0,795
1,0,1,1,810
1,0,1,2,828
1,0,1,3,810
1,0,1,4,821
1,0,1,5,826
1,0,1,6,796
1,0,1,7,802
1,0,1,8,829
1,0,1,9,806
1,0,1,10,824
1,0,1,11,812
1,0,1,12,822
1,0,1,13,819
1,0,1,14,787
1,0,1,15,811
1,0,1,16,805
1,0,1,17,788
1,0,1,18,833
1,0,1,19,795
1,0,1,20,794
1,0,1,21,840
1,0,1,22,792
1,0,1,23,816
1,0,1,24,817
1,0,1,25,795
1,0,1,26,805
1,0,1,27,810
1,0,1,28,808
1,0,1,29,809
1,0,1,30,804
1,0,1,31,826
1,0,2,0,799
1,0,2,1,782
1,0,2,2,788
1,0,2,3,804
1,0,2,4,799
1,0,2,5,826
1,0,2,6,796
1,0,2,7,823
1,0,2,8,817
1,0,2,9,778
1,0,2,10,833
1,0,2,11,808
1,0,2,12,813
1,0,2,13,845
1,0,2,14,794
1,0,2,15,820
1,0,2,16,799
1,0,2,17,803
1,0,2,18,830
1,0,2,19,802
1,0,2,20,820
1,0,2,21,829
1,0,2,22,788
1,0,2,23,818
1,0,2,24,817
1,0,2,25,795
1,0,2,26,817
1,0,2,27,783
1,0,2,28,803
1,0,2,29,840
1,0,2,30,811
1,0,2,31,839
1,1,2,0,809
1,1,2,1,811
1,1,2,2,810
1,1,2,3,825
1,1,2,4,830
1,1,2,5,816
1,1,2,6,793
1,1,2,7,807
1,1,2,8,800
1,1,2,9,791
1,1,2,10,818
1,1,2,11,806
1,1,2,12,786
1,1,2,13,818
1,1,2,14,799
1,1,2,15,802
1,1,2,16,844
1,1,2,17,795
1,1,2,18,819
1,1,2,19,812
1,1,2,20,808
1,1,2,21,828
1,1,2,22,781
1,1,2,23,811
1,1,2,24,849
1,1,2,25,784
1,1,2,26,827
1,1,2,27,796
1,1,2,28,822
1,1,2,29,855
1,1,2,30,816
1,1,2,31,829
1,2,2,0,801
1,2,2,1,778
1,2,2,2,789
1,2,2,3,768
1,2,2,4,802
1,2,2,5,798
1,2,2,6,768
1,2,2,7,772
1,2,2,8,780
1,2,2,9,762
1,2,2,10,775
1,2,2,11,778
1,2,2,12,770
1,2,2,13,796
1,2,2,14,769
1,2,2,15,756
1,2,2,16,759
1,2,2,17,770
1,2,2,18,771
1,2,2,19,768
1,2,2,20,772
1,2,2,21,761
1,2,2,22,756
1,2,2,23,770
1,2,2,24,776
1,2,2,25,768
1,2,2,26,770
1,2,2,27,779
1,2,2,28,767
1,2,2,29,762
1,2,2,30,759
1,2,2,31,771
1,3,2,0,757
1,3,2,1,759
1,3,2,2,797
1,3,2,3,788
1,3,2,4,788
1,3,2,5,769
1,3,2,6,762
1,3,2,7,753
1,3,2,8,778
1,3,2,9,753
1,3,2,10,762
1,3,2,11,762
1,3,2,12,763
1,3,2,13,771
1,3,2,14,764
1,3,2,15,762
1,3,2,16,772
1,3,2,17,759
1,3,2,18,767
1,3,2,19,772
1,3,2,20,773
1,3,2,21,763
1,3,2,22,746
1,3,2,23,749
1,3,2,24,756
1,3,2,25,748
1,3,2,26,771
1,3,2,27,769
1,3,2,28,764
1,3,2,29,763
1,3,2,30,751
1,3,2,31,761
1,4,2,0,777
1,4,2,1,803
1,4,2,2,822
1,4,2,3,808
1,4,2,4,810
1,4,2,5,811
1,4,2,6,799
1,4,2,7,831
1,4,2,8,812
1,4,2,9,785
1,4,2,10,809
1,4,2,11,800
1,4,2,12,802
1,4,2,13,830
1,4,2,14,797
1,4,2,15,839
1,4,2,16,823
1,4,2,17,787
1,4,2,18,824
1,4,2,19,801
1,4,2,20,818
1,4,2,21,797
1,4,2,22,790
1,4,2,23,825
1,4,2,24,789
1,4,2,25,783
1,4,2,26,797
1,4,2,27,799
1,4,2,28,812
1,4,2,29,821
1,4,2,30,802
1,4,2,31,838
1,4,3,0,772
1,4,3,1,782
1,4,3,2,817
1,4,3,3,792
1,4,3,4,801
1,4,3,5,829
1,4,3,6,801
1,4,3,7,844
1,4,3,8,818
1,4,3,9,805
1,4,3,10,846
1,4,3,11,808
1,4,3,12,821
1,4,3,13,840
1,4,3,14,807
1,4,3,15,838
1,4,3,16,850
1,4,3,17,793
1,4,3,18,811
1,4,3,19,808
1,4,3,20,810
1,4,3,21,839
1,4,3,22,796
1,4,3,23,839
1,4,3,24,833
1,4,3,25,800
1,4,3,26,801
1,4,3,27,802
1,4,3,28,806
1,4,3,29,827
1,4,3,30,789
1,4,3,31,809
1,3,3,0,761
1,3,3,1,769
1,3,3,2,785
1,3,3,3,782
1,3,3,4,770
1,3,3,5,768
1,3,3,6,754
1,3,3,7,765
1,3,3,8,769
1,3,3,9,751
1,3,3,10,760
1,3,3,11,764
1,3,3,12,739
1,3,3,13,747
1,3,3,14,754
1,3,3,15,774
1,3,3,16,764
1,3,3,17,759
1,3,3,18,762
1,3,3,19,766
1,3,3,20,768
1,3,3,21,774
1,3,3,22,752
1,3,3,23,761
1,3,3,24,770
1,3,3,25,761
1,3,3,26,780
1,3,3,27,766
1,3,3,28,743
1,3,3,29,772
1,3,3,30,749
1,3,3,31,746
1,2,3,0,758
1,2,3,1,761
1,2,3,2,764
1,2,3,3,794
1,2,3,4,792
1,2,3,5,764
1,2,3,6,769
1,2,3,7,769
1,2,3,8,781
1,2,3,9,765
1,2,3,10,772
1,2,3,11,778
1,2,3,12,762
1,2,3,13,781
1,2,3,14,772
1,2,3,15,782
1,2,3,16,773
1,2,3,17,771
1,2,3,18,780
1,2,3,19,761
1,2,3,20,755
1,2,3,21,775
1,2,3,22,758
1,2,3,23,773
1,2,3,24,783
1,2,3,25,770
1,2,3,26,788
1,2,3,27,778
1,2,3,28,771
1,2,3,29,784
1,2,3,30,758
1,2,3,31,758
1,1,3,0,822
1,1,3,1,813
1,1,3,2,833
1,1,3,3,815
1,1,3,4,818
1,1,3,5,810
1,1,3,6,809
1,1,3,7,808
1,1,3,8,821
1,1,3,9,803
1,1,3,10,833
1,1,3,11,801
1,1,3,12,807
1,1,3,13,825
1,1,3,14,798
1,1,3,15,828
1,1,3,16,815
1,1,3,17,808
1,1,3,18,839
1,1,3,19,823
1,1,3,20,808
1,1,3,21,810
1,1,3,22,807
1,1,3,23,830
1,1,3,24,819
1,1,3,25,791
1,1,3,26,810
1,1,3,27,812
1,1,3,28,800
1,1,3,29,808
1,1,3,30,789
1,1,3,31,811
1,0,3,0,820
1,0,3,1,799
1,0,3,2,800
1,0,3,3,807
1,0,3,4,813
1,0,3,5,812
1,0,3,6,782
1,0,3,7,813
1,0,3,8,796
1,0,3,9,793
1,0,3,10,822
1,0,3,11,787
1,0,3,12,800
1,0,3,13,843
1,0,3,14,798
1,0,3,15,848
1,0,3,16,836
1,0,3,17,790
1,0,3,18,814
1,0,3,19,803
1,0,3,20,800
1,0,3,21,833
1,0,3,22,800
1,0,3,23,805
1,0,3,24,829
1,0,3,25,788
1,0,3,26,827
1,0,3,27,802
1,0,3,28,805
1,0,3,29,804
1,0,3,30,793
1,0,3,31,835
1,0,4,0,797
1,0,4,1,785
1,0,4,2,797
1,0,4,3,776
1,0,4,4,807
1,0,4,5,831
1,0,4,6,799
1,0,4,7,839
1,0,4,8,824
1,0,4,9,798
1,0,4,10,818
1,0,4,11,805
1,0,4,12,811
1,0,4,13,831
1,0,4,14,795
1,0,4,15,822
1,0,4,16,800
1,0,4,17,794
1,0,4,18,840
1,0,4,19,792
1,0,4,20,799
1,0,4,21,814
1,0,4,22,804
1,0,4,23,804
1,0,4,24,827
1,0,4,25,792
1,0,4,26,828
1,0,4,27,807
1,0,4,28,814
1,0,4,29,836
1,0,4,30,800
1,0,4,31,822
1,1,4,0,787
1,1,4,1,805
1,1,4,2,823
1,1,4,3,821
1,1,4,4,833
1,1,4,5,865
1,1,4,6,804
1,1,4,7,813
1,1,4,8,833
1,1,4,9,803
1,1,4,10,825
1,1,4,11,806
1,1,4,12,822
1,1,4,13,835
1,1,4,14,836
1,1,4,15,840
1,1,4,16,806
1,1,4,17,799
1,1,4,18,803
1,1,4,19,793
1,1,4,20,786
1,1,4,21,826
1,1,4,22,791
1,1,4,23,814
1,1,4,24,828
1,1,4,25,779
1,1,4,26,849
1,1,4,27,813
1,1,4,28,817
1,1,4,29,818
1,1,4,30,794
1,1,4,31,831
1,2,4,0,767
1,2,4,1,792
1,2,4,2,787
1,2,4,3,782
1,2,4,4,784
1,2,4,5,757
1,2,4,6,748
1,2,4,7,771
1,2,4,8,781
1,2,4,9,755
1,2,4,10,769
1,2,4,11,766
1,2,4,12,770
1,2,4,13,771
1,2,4,14,765
1,2,4,15,766
1,2,4,16,798
1,2,4,17,755
1,2,4,18,771
1,2,4,19,770
1,2,4,20,765
1,2,4,21,782
1,2,4,22,778
1,2,4,23,788
1,2,4,24,780
1,2,4,25,775
1,2,4,26,768
1,2,4,27,758
1,2,4,28,759
1,2,4,29,784
1,2,4,30,759
1,2,4,31,780
1,3,4,0,749
1,3,4,1,756
1,3,4,2,767
1,3,4,3,800
1,3,4,4,783
1,3,4,5,767
1,3,4,6,769
1,3,4,7,758
1,3,4,8,781
1,3,4,9,766
1,3,4,10,762
1,3,4,11,769
1,3,4,12,766
1,3,4,13,769
1,3,4,14,761
1,3,4,15,759
1,3,4,16,772
1,3,4,17,757
1,3,4,18,764
1,3,4,19,766
1,3,4,20,757
1,3,4,21,764
1,3,4,22,763
1,3,4,23,765
1,3,4,24,758
1,3,4,25,762
1,3,4,26,757
1,3,4,27,769
1,3,4,28,751
1,3,4,29,761
1,3,4,30,750
1,3,4,31,747
1,4,4,0,798
1,4,4,1,823
1,4,4,2,807
1,4,4,3,803
1,4,4,4,817
1,4,4,5,816
1,4,4,6,795
1,4,4,7,787
1,4,4,8,803
1,4,4,9,787
1,4,4,10,816
1,4,4,11,785
1,4,4,12,792
1,4,4,13,827
1,4,4,14,782
1,4,4,15,805
1,4,4,16,844
1,4,4,17,808
1,4,4,18,794
1,4,4,19,816
1,4,4,20,792
1,4,4,21,824
1,4,4,22,801
1,4,4,23,778
1,4,4,24,782
1,4,4,25,796
1,4,4,26,814
1,4,4,27,796
1,4,4,28,787
1,4,4,29,810
1,4,4,30,765
1,4,4,31,796
1,4,5,0,789
1,4,5,1,791
1,4,5,2,775
1,4,5,3,787
1,4,5,4,787
1,4,5,5,786
1,4,5,6,780
1,4,5,7,816
1,4,5,8,800
1,4,5,9,771
1,4,5,10,806
1,4,5,11,797
1,4,5,12,771
1,4,5,13,786
1,4,5,14,795
1,4,5,15,809
1,4,5,16,801
1,4,5,17,781
1,4,5,18,800
1,4,5,19,784
1,4,5,20,777
1,4,5,21,810
1,4,5,22,796
1,4,5,23,795
1,4,5,24,795
1,4,5,25,787
1,4,5,26,814
1,4,5,27,794
1,4,5,28,803
1,4,5,29,806
1,4,5,30,790
1,4,5,31,818
1,3,5,0,747
1,3,5,1,769
1,3,5,2,762
1,3,5,3,794
1,3,5,4,787
1,3,5,5,770
1,3,5,6,738
1,3,5,7,750
1,3,5,8,774
1,3,5,9,759
1,3,5,10,759
1,3,5,11,761
1,3,5,12,753
1,3,5,13,768
1,3,5,14,757
1,3,5,15,737
1,3,5,16,766
1,3,5,17,773
1,3,5,18,757
1,3,5,19,733
1,3,5,20,747
1,3,5,21,767
1,3,5,22,751
1,3,5,23,744
1,3,5,24,766
1,3,5,25,760
1,3,5,26,772
1,3,5,27,761
1,3,5,28,760
1,3,5,29,765
1,3,5,30,756
1,3,5,31,752
1,2,5,0,739
1,2,5,1,769
1,2,5,2,794
1,2,5,3,782
1,2,5,4,793
1,2,5,5,753
1,2,5,6,752
1,2,5,7,755
1,2,5,8,785
1,2,5,9,751
1,2,5,10,780
1,2,5,11,761
1,2,5,12,751
1,2,5,13,762
1,2,5,14,772
1,2,5,15,770
1,2,5,16,784
1,2,5,17,764
1,2,5,18,778
1,2,5,19,761
1,2,5,20,771
1,2,5,21,787
1,2,5,22,767
1,2,5,23,796
1,2,5,24,785
1,2,5,25,764
1,2,5,26,747
1,2,5,27,767
1,2,5,28,767
1,2,5,29,782
1,2,5,30,765
1,2,5,31,783
1,1,5,0,808
1,1,5,1,816
1,1,5,2,822
1,1,5,3,823
1,1,5,4,842
1,1,5,5,815
1,1,5,6,787
1,1,5,7,814
1,1,5,8,807
1,1,5,9,790
1,1,5,10,835
1,1,5,11,808
1,1,5,12,812
1,1,5,13,815
1,1,5,14,806
1,1,5,15,819
1,1,5,16,810
1,1,5,17,798
1,1,5,18,822
1,1,5,19,814
1,1,5,20,814
1,1,5,21,842
1,1,5,22,802
1,1,5,23,814
1,1,5,24,813
1,1,5,25,805
1,1,5,26,823
1,1,5,27,820
1,1,5,28,817
1,1,5,29,841
1,1,5,30,795
1,1,5,31,835
1,0,5,0,811
1,0,5,1,814
1,0,5,2,831
1,0,5,3,838
1,0,5,4,819
1,0,5,5,839
1,0,5,6,806
1,0,5,7,828
1,0,5,8,821
1,0,5,9,806
1,0,5,10,803
1,0,5,11,800
1,0,5,12,803
1,0,5,13,831
1,0,5,14,790
1,0,5,15,827
1,0,5,16,809
1,0,5,17,794
1,0,5,18,810
1,0,5,19,799
1,0,5,20,811
1,0,5,21,825
1,0,5,22,789
1,0,5,23,805
1,0,5,24,804
1,0,5,25,796
1,0,5,26,820
1,0,5,27,808
1,0,5,28,793
1,0,5,29,832
1,0,5,30,782
1,0,5,31,818
1,0,6,0,813
1,0,6,1,779
1,0,6,2,777
1,0,6,3,813
1,0,6,4,801
1,0,6,5,845
1,0,6,6,797
1,0,6,7,813
1,0,6,8,810
1,0,6,9,802
1,0,6,10,830
1,0,6,11,807
1,0,6,12,803
1,0,6,13,826
1,0,6,14,793
1,0,6,15,831
1,0,6,16,824
1,0,6,17,809
1,0,6,18,852
1,0,6,19,805
1,0,6,20,801
1,0,6,21,838
1,0,6,22,800
1,0,6,23,812
1,0,6,24,821
1,0,6,25,793
1,0,6,26,816
1,0,6,27,800
1,0,6,28,817
1,0,6,29,821
1,0,6,30,800
1,0,6,31,826
1,1,6,0,785
1,1,6,1,807
1,1,6,2,801
1,1,6,3,803
1,1,6,4,815
1,1,6,5,837
1,1,6,6,799
1,1,6,7,807
1,1,6,8,821
1,1,6,9,783
1,1,6,10,822
1,1,6,11,818
1,1,6,12,819
1,1,6,13,821
1,1,6,14,826
1,1,6,15,854
1,1,6,16,809
1,1,6,17,789
1,1,6,18,813
1,1,6,19,819
1,1,6,20,799
1,1,6,21,863
1,1,6,22,810
1,1,6,23,843
1,1,6,24,811
1,1,6,25,799
1,1,6,26,881
1,1,6,27,796
1,1,6,28,807
1,1,6,29,833
1,1,6,30,807
1,1,6,31,839
1,2,6,0,779
1,2,6,1,781
1,2,6,2,809
1,2,6,3,781
1,2,6,4,784
1,2,6,5,776
1,2,6,6,768
1,2,6,7,759
1,2,6,8,785
1,2,6,9,757
1,2,6,10,782
1,2,6,11,767
1,2,6,12,767
1,2,6,13,801
1,2,6,14,753
1,2,6,15,790
1,2,6,16,778
1,2,6,17,770
1,2,6,18,782
1,2,6,19,775
1,2,6,20,767
1,2,6,21,808
1,2,6,22,769
1,2,6,23,756
1,2,6,24,773
1,2,6,25,766
1,2,6,26,771
1,2,6,27,770
1,2,6,28,751
1,2,6,29,782
1,2,6,30,763
1,2,6,31,751
1,3,6,0,749
1,3,6,1,765
1,3,6,2,783
1,3,6,3,784
1,3,6,4,759
1,3,6,5,765
1,3,6,6,767
1,3,6,7,760
1,3,6,8,772
1,3,6,9,762
1,3,6,10,772
1,3,6,11,762
1,3,6,12,759
1,3,6,13,760
1,3,6,14,747
1,3,6,15,757
1,3,6,16,766
1,3,6,17,762
1,3,6,18,772
1,3,6,19,768
1,3,6,20,760
1,3,6,21,770
1,3,6,22,766
1,3,6,23,746
1,3,6,24,774
1,3,6,25,764
1,3,6,26,755
1,3,6,27,753
1,3,6,28,776
1,3,6,29,763
1,3,6,30,753
1,3,6,31,751
1,4,6,0,807
1,4,6,1,813
1,4,6,2,814
1,4,6,3,808
1,4,6,4,815
1,4,6,5,809
1,4,6,6,794
1,4,6,7,814
1,4,6,8,807
1,4,6,9,790
1,4,6,10,804
1,4,6,11,792
1,4,6,12,797
1,4,6,13,826
1,4,6,14,794
1,4,6,15,788
1,4,6,16,817
1,4,6,17,786
1,4,6,18,842
1,4,6,19,797
1,4,6,20,801
1,4,6,21,805
1,4,6,22,788
1,4,6,23,818
1,4,6,24,810
1,4,6,25,801
1,4,6,26,826
1,4,6,27,808
1,4,6,28,790
1,4,6,29,816
1,4,6,30,787
1,4,6,31,823
1,4,7,0,777
1,4,7,1,783
1,4,7,2,790
1,4,7,3,794
1,4,7,4,787
1,4,7,5,841
1,4,7,6,788
1,4,7,7,794
1,4,7,8,797
1,4,7,9,787
1,4,7,10,814
1,4,7,11,805
1,4,7,12,804
1,4,7,13,815
1,4,7,14,785
1,4,7,15,814
1,4,7,16,824
1,4,7,17,801
1,4,7,18,808
1,4,7,19,802
1,4,7,20,794
1,4,7,21,811
1,4,7,22,787
1,4,7,23,816
1,4,7,24,824
1,4,7,25,801
1,4,7,26,799
1,4,7,27,812
1,4,7,28,789
1,4,7,29,813
1,4,7,30,795
1,4,7,31,811
1,3,7,0,760
1,3,7,1,776
1,3,7,2,778
1,3,7,3,786
1,3,7,4,770
1,3,7,5,753
1,3,7,6,750
1,3,7,7,750
1,3,7,8,770
1,3,7,9,769
1,3,7,10,757
1,3,7,11,768
1,3,7,12,757
1,3,7,13,763
1,3,7,14,767
1,3,7,15,759
1,3,7,16,769
1,3,7,17,758
1,3,7,18,766
1,3,7,19,770
1,3,7,20,762
1,3,7,21,755
1,3,7,22,759
1,3,7,23,748
1,3,7,24,770
1,3,7,25,759
1,3,7,26,770
1,3,7,27,756
1,3,7,28,769
1,3,7,29,764
1,3,7,30,733
1,3,7,31,751
1,2,7,0,763
1,2,7,1,779
1,2,7,2,753
1,2,7,3,773
1,2,7,4,782
1,2,7,5,779
1,2,7,6,760
1,2,7,7,777
1,2,7,8,785
1,2,7,9,760
1,2,7,10,771
1,2,7,11,769
1,2,7,12,762
1,2,7,13,767
1,2,7,14,763
1,2,7,15,772
1,2,7,16,773
1,2,7,17,770
1,2,7,18,778
1,2,7,19,761
1,2,7,20,766
1,2,7,21,766
1,2,7,22,758
1,2,7,23,757
1,2,7,24,766
1,2,7,25,764
1,2,7,26,760
1,2,7,27,766
1,2,7,28,758
1,2,7,29,781
1,2,7,30,778
1,2,7,31,765
1,1,7,0,795
1,1,7,1,801
1,1,7,2,824
1,1,7,3,818
1,1,7,4,844
1,1,7,5,842
1,1,7,6,812
1,1,7,7,806
1,1,7,8,839
1,1,7,9,797
1,1,7,10,811
1,1,7,11,784
1,1,7,12,818
1,1,7,13,836
1,1,7,14,811
1,1,7,15,817
1,1,7,16,813
1,1,7,17,790
1,1,7,18,840
1,1,7,19,801
1,1,7,20,802
1,1,7,21,805
1,1,7,22,829
1,1,7,23,803
1,1,7,24,803
1,1,7,25,787
1,1,7,26,828
1,1,7,27,797
1,1,7,28,819
1,1,7,29,838
1,1,7,30,791
1,1,7,31,822
1,0,7,0,780
1,0,7,1,812
1,0,7,2,805
1,0,7,3,807
1,0,7,4,810
1,0,7,5,823
1,0,7,6,792
1,0,7,7,813
1,0,7,8,810
1,0,7,9,780
1,0,7,10,804
1,0,7,11,796
1,0,7,12,810
1,0,7,13,820
1,0,7,14,795
1,0,7,15,807
1,0,7,16,798
1,0,7,17,801
1,0,7,18,817
1,0,7,19,796
1,0,7,20,814
1,0,7,21,821
1,0,7,22,787
1,0,7,23,810
1,0,7,24,817
1,0,7,25,801
1,0,7,26,823
1,0,7,27,799
1,0,7,28,802
1,0,7,29,831
1,0,7,30,792
1,0,7,31,827
2,0,0,0,60520
2,0,0,1,61035
2,0,0,2,60731
2,0,0,3,60489
2,0,0,4,60697
2,0,0,5,61329
2,0,0,6,60299
2,0,0,7,60187
2,0,0,8,60338
2,0,0,9,60326
2,0,0,10,60637
2,0,0,11,60498
2,0,0,12,60331
2,0,0,13,61083
2,0,0,14,60569
2,0,0,15,60215
2,0,0,16,60649
2,0,0,17,60457
2,0,0,18,59976
2,0,0,19,60379
2,0,0,20,60230
2,0,0,21,60517
2,0,0,22,60702
2,0,0,23,60363
2,0,0,24,60561
2,0,0,25,60337
2,0,0,26,60816
2,0,0,27,60395
2,0,0,28,60668
2,0,0,29,60482
2,0,0,30,60279
2,0,0,31,60466
2,1,0,0,60824
2,1,0,1,60540
2,1,0,2,60712
2,1,0,3,60558
2,1,0,4,61654
2,1,0,5,60773
2,1,0,6,60628
2,1,0,7,60627
2,1,0,8,60757
2,1,0,9,60779
2,1,0,10,60633
2,1,0,11,60237
2,1,0,12,61623
2,1,0,13,60471
2,1,0,14,60666
2,1,0,15,60070
2,1,0,16,60806
2,1,0,17,60351
2,1,0,18,60265
2,1,0,19,60935
2,1,0,20,60498
2,1,0,21,60932
2,1,0,22,60204
2,1,0,23,60577
2,1,0,24,59934
2,1,0,25,60809
2,1,0,26,60893
2,1,0,27,60516
2,1,0,28,60369
2,1,0,29,60040
2,1,0,30,60313
2,1,0,31,60901
2,2,0,0,60245
2,2,0,1,60640
2,2,0,2,60211
2,2,0,3,61435
2,2,0,4,60892
2,2,0,5,60440
2,2,0,6,60756
2,2,0,7,60435
2,2,0,8,60695
2,2,0,9,60912
2,2,0,10,61075
2,2,0,11,60657
2,2,0,12,60368
2,2,0,13,60759
2,2,0,14,60907
2,2,0,15,60552
2,2,0,16,60508
2,2,0,17,60485
2,2,0,18,60747
2,2,0,19,60373
2,2,0,20,60470
2,2,0,21,60843
2,2,0,22,60370
2,2,0,23,60276
2,2,0,24,60450
2,2,0,25,60312
2,2,0,26,60110
2,2,0,27,60631
2,2,0,28,60589
2,2,0,29,60273
2,2,0,30,60713
2,2,0,31,60730
2,3,0,0,60672
2,3,0,1,60442
2,3,0,2,60315
2,3,0,3,60223
2,3,0,4,60169
2,3,0,5,60117
2,3,0,6,60511
2,3,0,7,60148
2,3,0,8,60310
2,3,0,9,60564
2,3,0,10,60436
2,3,0,11,60986
2,3,0,12,60626
2,3,0,13,60989
2,3,0,14,60377
2,3,0,15,60400
2,3,0,16,60714
2,3,0,17,60587
2,3,0,18,60540
2,3,0,19,60389
2,3,0,20,60210
2,3,0,21,61216
2,3,0,22,60478
2,3,0,23,60776
2,3,0,24,61479
2,3,0,25,60684
2,3,0,26,60638
2,3,0,27,61070
2,3,0,28,60015
2,3,0,29,59956
2,3,0,30,60568
2,3,0,31,60516
2,4,0,0,60037
2,4,0,1,61108
2,4,0,2,61084
2,4,0,3,60388
2,4,0,4,60735
2,4,0,5,60343
2,4,0,6,60134
2,4,0,7,60775
2,4,0,8,60393
2,4,0,9,60627
2,4,0,10,60325
2,4,0,11,60458
2,4,0,12,61000
2,4,0,13,60434
2,4,0,14,60763
2,4,0,15,60739
2,4,0,16,60965
2,4,0,17,60289
2,4,0,18,60512
2,4,0,19,60631
2,4,0,20,60037
2,4,0,21,60414
2,4,0,22,60099
2,4,0,23,60051
2,4,0,24,60319
2,4,0,25,60728
2,4,0,26,60296
2,4,0,27,61009
2,4,0,28,60437
2,4,0,29,60589
2,4,0,30,60702
2,4,0,31,60962
2,4,1,0,60447
2,4,1,1,61280
2,4,1,2,60509
2,4,1,3,61837
2,4,1,4,60319
2,4,1,5,60335
2,4,1,6,60836
2,4,1,7,60667
2,4,1,8,60323
2,4,1,9,60869
2,4,1,10,60026
2,4,1,11,60369
2,4,1,12,60443
2,4,1,13,60674
2,4,1,14,60550
2,4,1,15,60460
2,4,1,16,60951
2,4,1,17,60202
2,4,1,18,60679
2,4,1,19,60954
2,4,1,20,60362
2,4,1,21,60132
2,4,1,22,60758
2,4,1,23,60303
2,4,1,24,60019
2,4,1,25,60536
2,4,1,26,60370
2,4,1,27,60931
2,4,1,28,60074
2,4,1,29,60659
2,4,1,30,61694
2,4,1,31,60512
2,3,1,0,60670
2,3,1,1,60782
2,3,1,2,60907
2,3,1,3,60674
2,3,1,4,60623
2,3,1,5,60623
2,3,1,6,60772
2,3,1,7,60937
2,3,1,8,60266
2,3,1,9,60328
2,3,1,10,60255
2,3,1,11,60302
2,3,1,12,60757
2,3,1,13,60366
2,3,1,14,60284
2,3,1,15,60191
2,3,1,16,60882
2,3,1,17,60544
2,3,1,18,60401
2,3,1,19,60746
2,3,1,20,60709
2,3,1,21,60730
2,3,1,22,60531
2,3,1,23,60605
2,3,1,24,60544
2,3,1,25,67563
2,3,1,26,60567
2,3,1,27,60134
2,3,1,28,60398
2,3,1,29,60075
2,3,1,30,60635
2,3,1,31,60394
2,2,1,0,61297
2,2,1,1,60642
2,2,1,2,60400
2,2,1,3,60677
2,2,1,4,60758
2,2,1,5,60772
2,2,1,6,60399
2,2,1,7,60350
2,2,1,8,60125
2,2,1,9,60224
2,2,1,10,60184
2,2,1,11,60424
2,2,1,12,61582
2,2,1,13,60352
2,2,1,14,60760
2,2,1,15,60314
2,2,1,16,60681
2,2,1,17,60291
2,2,1,18,60497
2,2,1,19,60372
2,2,1,20,60677
2,2,1,21,61012
2,2,1,22,60844
2,2,1,23,60208
2,2,1,24,60349
2,2,1,25,60730
2,2,1,26,60627
2,2,1,27,60458
2,2,1,28,60586
2,2,1,29,60856
2,2,1,30,60779
2,2,1,31,60427
2,1,1,0,60603
2,1,1,1,60722
2,1,1,2,60826
2,1,1,3,61002
2,1,1,4,60097
2,1,1,5,60392
2,1,1,6,60744
2,1,1,7,61256
2,1,1,8,60674
2,1,1,9,60291
2,1,1,10,60662
2,1,1,11,60143
2,1,1,12,60473
2,1,1,13,60125
2,1,1,14,60655
2,1,1,15,60568
2,1,1,16,60738
2,1,1,17,60124
2,1,1,18,60553
2,1,1,19,60487
2,1,1,20,60779
2,1,1,21,61065
2,1,1,22,60514
2,1,1,23,60192
2,1,1,24,60397
2,1,1,25,60552
2,1,1,26,60755
2,1,1,27,60996
2,1,1,28,60823
2,1,1,29,61236
2,1,1,30,60546
2,1,1,31,61141
2,0,1,0,60381
2,0,1,1,60840
2,0,1,2,60292
2,0,1,3,60565
2,0,1,4,60482
2,0,1,5,60891
2,0,1,6,60578
2,0,1,7,60920
2,0,1,8,60406
2,0,1,9,60216
2,0,1,10,60516
2,0,1,11,60498
2,0,1,12,60415
2,0,1,13,60681
2,0,1,14,60168
2,0,1,15,60470
2,0,1,16,60514
2,0,1,17,60299
2,0,1,18,60220
2,0,1,19,60174
2,0,1,20,61252
2,0,1,21,60408
2,0,1,22,60498
2,0,1,23,60309
2,0,1,24,60084
2,0,1,25,60468
2,0,1,26,60785
2,0,1,27,60573
2,0,1,28,60515
2,0,1,29,60784
2,0,1,30,60291
2,0,1,31,60352
2,0,2,0,60712
2,0,2,1,60414
2,0,2,2,61062
2,0,2,3,60812
2,0,2,4,60644
2,0,2,5,60423
2,0,2,6,60247
2,0,2,7,60150
2,0,2,8,60411
2,0,2,9,60154
2,0,2,10,60893
2,0,2,11,61140
2,0,2,12,60139
2,0,2,13,60774
2,0,2,14,60484
2,0,2,15,61155
2,0,2,16,60713
2,0,2,17,60474
2,0,2,18,60399
2,0,2,19,60294
2,0,2,20,60258
2,0,2,21,60679
2,0,2,22,60449
2,0,2,23,60749
2,0,2,24,60052
2,0,2,25,60669
2,0,2,26,60928
2,0,2,27,60867
2,0,2,28,60290
2,0,2,29,60906
2,0,2,30,60936
2,0,2,31,60510
2,1,2,0,60241
2,1,2,1,60783
2,1,2,2,61045
2,1,2,3,60141
2,1,2,4,60344
2,1,2,5,60998
2,1,2,6,60330
2,1,2,7,60298
2,1,2,8,60763
2,1,2,9,60500
2,1,2,10,60820
2,1,2,11,60366
2,1,2,12,61087
2,1,2,13,60550
2,1,2,14,60730
2,1,2,15,60387
2,1,2,16,60654
2,1,2,17,60652
2,1,2,18,60625
2,1,2,19,60487
2,1,2,20,60757
2,1,2,21,60764
2,1,2,22,60612
2,1,2,23,60593
2,1,2,24,60131
2,1,2,25,60640
2,1,2,26,61069
2,1,2,27,60665
2,1,2,28,60538
2,1,2,29,60780
2,1,2,30,60010
2,1,2,31,61004
2,2,2,0,60340
2,2,2,1,60194
2,2,2,2,60706
2,2,2,3,60191
2,2,2,4,60766
2,2,2,5,60874
2,2,2,6,60231
2,2,2,7,60745
2,2,2,8,60428
2,2,2,9,59991
2,2,2,10,60805
2,2,2,11,60368
2,2,2,12,61371
2,2,2,13,60456
2,2,2,14,60143
2,2,2,15,60045
2,2,2,16,60860
2,2,2,17,60271
2,2,2,18,60876
2,2,2,19,60890
2,2,2,20,61102
2,2,2,21,60520
2,2,2,22,60824
2,2,2,23,60358
2,2,2,24,60932
2,2,2,25,60035
2,2,2,26,60118
2,2,2,27,60442
2,2,2,28,60380
2,2,2,29,60702
2,2,2,30,60637
2,2,2,31,60642
2,3,2,0,60504
2,3,2,1,60247
2,3,2,2,61120
2,3,2,3,60397
2,3,2,4,61072
2,3,2,5,60911
2,3,2,6,60196
2,3,2,7,60369
2,3,2,8,60686
2,3,2,9,60930
2,3,2,10,60204
2,3,2,11,61346
2,3,2,12,60898
2,3,2,13,60501
2,3,2,14,60646
2,3,2,15,60185
2,3,2,16,60312
2,3,2,17,60342
2,3,2,18,60430
2,3,2,19,60161
2,3,2,20,60788
2,3,2,21,60743
2,3,2,22,60555
2,3,2,23,60652
2,3,2,24,59856
2,3,2,25,60848
2,3,2,26,60896
2,3,2,27,60549
2,3,2,28,60312
2,3,2,29,60875
2,3,2,30,60828
2,3,2,31,60383
2,4,2,0,60339
2,4,2,1,61240
2,4,2,2,61029
2,4,2,3,59978
2,4,2,4,60502
2,4,2,5,60779
2,4,2,6,60318
2,4,2,7,60365
2,4,2,8,60852
2,4,2,9,60632
2,4,2,10,60754
2,4,2,11,60489
2,4,2,12,60522
2,4,2,13,60328
2,4,2,14,60075
2,4,2,15,60216
2,4,2,16,60303
2,4,2,17,60164
2,4,2,18,60387
2,4,2,19,60527
2,4,2,20,60670
2,4,2,21,60439
2,4,2,22,60185
2,4,2,23,60705
2,4,2,24,60553
2,4,2,25,60495
2,4,2,26,60625
2,4,2,27,60545
2,4,2,28,61484
2,4,2,29,61125
2,4,2,30,60439
2,4,2,31,60203
2,4,3,0,60399
2,4,3,1,60255
2,4,3,2,60468
2,4,3,3,60514
2,4,3,4,60242
2,4,3,5,60409
2,4,3,6,60576
2,4,3,7,61065
2,4,3,8,60760
2,4,3,9,60564
2,4,3,10,59840
2,4,3,11,60604
2,4,3,12,59976
2,4,3,13,60643
2,4,3,14,60333
2,4,3,15,60749
2,4,3,16,60019
2,4,3,17,61023
2,4,3,18,60498
2,4,3,19,60476
2,4,3,20,60239
2,4,3,21,60406
2,4,3,22,60582
2,4,3,23,60402
2,4,3,24,60446
2,4,3,25,60481
2,4,3,26,60781
2,4,3,27,60386
2,4,3,28,61486
2,4,3,29,60703
2,4,3,30,60422
2,4,3,31,60301
2,3,3,0,60624
2,3,3,1,60105
2,3,3,2,60614
2,3,3,3,60552
2,3,3,4,60379
2,3,3,5,60213
2,3,3,6,61019
2,3,3,7,61387
2,3,3,8,60252
2,3,3,9,60596
2,3,3,10,60666
2,3,3,11,61656
2,3,3,12,60284
2,3,3,13,61062
2,3,3,14,60674
2,3,3,15,60690
2,3,3,16,60946
2,3,3,17,60538
2,3,3,18,60812
2,3,3,19,60489
2,3,3,20,60450
2,3,3,21,60944
2,3,3,22,60744
2,3,3,23,60200
2,3,3,24,60761
2,3,3,25,60459
2,3,3,26,60611
2,3,3,27,60398
2,3,3,28,60423
2,3,3,29,60658
2,3,3,30,60304
2,3,3,31,60495
2,2,3,0,60457
2,2,3,1,60579
2,2,3,2,61108
2,2,3,3,60433
2,2,3,4,60132
2,2,3,5,60170
2,2,3,6,60409
2,2,3,7,60443
2,2,3,8,60408
2,2,3,9,60733
2,2,3,10,60259
2,2,3,11,61063
2,2,3,12,60577
2,2,3,13,60482
2,2,3,14,60535
2,2,3,15,60938
2,2,3,16,60843
2,2,3,17,60840
2,2,3,18,60429
2,2,3,19,60715
2,2,3,20,60680
2,2,3,21,60647
2,2,3,22,60296
2,2,3,23,59977
2,2,3,24,60380
2,2,3,25,60656
2,2,3,26,60685
2,2,3,27,61067
2,2,3,28,60738
2,2,3,29,61149
2,2,3,30,60591
2,2,3,31,60562
2,1,3,0,61422
2,1,3,1,60686
2,1,3,2,60214
2,1,3,3,60460
2,1,3,4,60612
2,1,3,5,60610
2,1,3,6,60408
2,1,3,7,60954
2,1,3,8,60453
2,1,3,9,60399
2,1,3,10,60142
2,1,3,11,60255
2,1,3,12,60227
2,1,3,13,61000
2,1,3,14,60735
2,1,3,15,60623
2,1,3,16,61217
2,1,3,17,60414
2,1,3,18,60571
2,1,3,19,60571
2,1,3,20,61216
2,1,3,21,60635
2,1,3,22,60217
2,1,3,23,60794
2,1,3,24,60815
2,1,3,25,60342
2,1,3,26,60667
2,1,3,27,60985
2,1,3,28,60651
2,1,3,29,60473
2,1,3,30,60437
2,1,3,31,60197
2,0,3,0,61127
2,0,3,1,60583
2,0,3,2,60998
2,0,3,3,60718
2,0,3,4,60207
2,0,3,5,60518
2,0,3,6,60707
2,0,3,7,61434
2,0,3,8,60504
2,0,3,9,60342
2,0,3,10,60397
2,0,3,11,61060
2,0,3,12,60310
2,0,3,13,60755
2,0,3,14,60502
2,0,3,15,60922
2,0,3,16,60613
2,0,3,17,60374
2,0,3,18,60210
2,0,3,19,60668
2,0,3,20,60652
2,0,3,21,60705
2,0,3,22,60184
2,0,3,23,60643
2,0,3,24,61189
2,0,3,25,60594
2,0,3,26,60623
2,0,3,27,60656
2,0,3,28,60699
2,0,3,29,60538
2,0,3,30,60652
2,0,3,31,60553
2,0,4,0,60774
2,0,4,1,60580
2,0,4,2,61343
2,0,4,3,60172
2,0,4,4,60542
2,0,4,5,60483
2,0,4,6,60584
2,0,4,7,60498
2,0,4,8,60717
2,0,4,9,60374
2,0,4,10,60649
2,0,4,11,60804
2,0,4,12,60330
2,0,4,13,60537
2,0,4,14,60633
2,0,4,15,60185
2,0,4,16,60161
2,0,4,17,60227
2,0,4,18,60414
2,0,4,19,60385
2,0,4,20,60615
2,0,4,21,60296
2,0,4,22,60052
2,0,4,23,60780
2,0,4,24,60340
2,0,4,25,60680
2,0,4,26,60033
2,0,4,27,60552
2,0,4,28,61028
2,0,4,29,61000
2,0,4,30,60497
2,0,4,31,60712
2,1,4,0,60248
2,1,4,1,60710
2,1,4,2,60898
2,1,4,3,60706
2,1,4,4,60826
2,1,4,5,60413
2,1,4,6,59979
2,1,4,7,60734
2,1,4,8,60759
2,1,4,9,60079
2,1,4,10,60575
2,1,4,11,60874
2,1,4,12,61074
2,1,4,13,60785
2,1,4,14,60590
2,1,4,15,60497
2,1,4,16,60165
2,1,4,17,60629
2,1,4,18,60500
2,1,4,19,60679
2,1,4,20,61287
2,1,4,21,60891
2,1,4,22,60568
2,1,4,23,60825
2,1,4,24,60026
2,1,4,25,60612
2,1,4,26,60402
2,1,4,27,60125
2,1,4,28,60287
2,1,4,29,60695
2,1,4,30,60605
2,1,4,31,60793
2,2,4,0,60749
2,2,4,1,60260
2,2,4,2,60524
2,2,4,3,60226
2,2,4,4,60603
2,2,4,5,59830
2,2,4,6,60453
2,2,4,7,60790
2,2,4,8,60455
2,2,4,9,59940
2,2,4,10,60474
2,2,4,11,61549
2,2,4,12,60213
2,2,4,13,60437
2,2,4,14,60680
2,2,4,15,61326
2,2,4,16,60870
2,2,4,17,60754
2,2,4,18,60133
2,2,4,19,60503
2,2,4,20,60580
2,2,4,21,60497
2,2,4,22,60542
2,2,4,23,60397
2,2,4,24,60446
2,2,4,25,60394
2,2,4,26,60624
2,2,4,27,60377
2,2,4,28,60588
2,2,4,29,60485
2,2,4,30,59955
2,2,4,31,60861
2,3,4,0,60741
2,3,4,1,60208
2,3,4,2,61519
2,3,4,3,60481
2,3,4,4,60589
2,3,4,5,60229
2,3,4,6,60178
2,3,4,7,60113
2,3,4,8,60466
2,3,4,9,60210
2,3,4,10,60341
2,3,4,11,60739
2,3,4,12,60190
2,3,4,13,59975
2,3,4,14,60593
2,3,4,15,60443
2,3,4,16,60845
2,3,4,17,60288
2,3,4,18,60588
2,3,4,19,60693
2,3,4,20,60289
2,3,4,21,60583
2,3,4,22,60405
2,3,4,23,60856
2,3,4,24,60562
2,3,4,25,60307
2,3,4,26,60459
2,3,4,27,60018
2,3,4,28,59959
2,3,4,29,61158
2,3,4,30,60403
2,3,4,31,61159
2,4,4,0,60608
2,4,4,1,60394
2,4,4,2,60696
2,4,4,3,60378
2,4,4,4,60813
2,4,4,5,60523
2,4,4,6,60518
2,4,4,7,60290
2,4,4,8,60449
2,4,4,9,60765
2,4,4,10,60544
2,4,4,11,60110
2,4,4,12,60516
2,4,4,13,60480
2,4,4,14,60573
2,4,4,15,60865
2,4,4,16,60608
2,4,4,17,60399
2,4,4,18,60631
2,4,4,19,60497
2,4,4,20,61649
2,4,4,21,60290
2,4,4,22,60687
2,4,4,23,60649
2,4,4,24,60520
2,4,4,25,60930
2,4,4,26,60532
2,4,4,27,60267
2,4,4,28,60400
2,4,4,29,60441
2,4,4,30,60517
2,4,4,31,60090
2,4,5,0,60935
2,4,5,1,60478
2,4,5,2,60540
2,4,5,3,60302
2,4,5,4,60238
2,4,5,5,60681
2,4,5,6,60567
2,4,5,7,60974
2,4,5,8,60281
2,4,5,9,60592
2,4,5,10,60250
2,4,5,11,61151
2,4,5,12,60433
2,4,5,13,60444
2,4,5,14,60334
2,4,5,15,60898
2,4,5,16,60517
2,4,5,17,61071
2,4,5,18,60224
2,4,5,19,60901
2,4,5,20,60428
2,4,5,21,60438
2,4,5,22,60661
2,4,5,23,60821
2,4,5,24,60448
2,4,5,25,60828
2,4,5,26,60637
2,4,5,27,60280
2,4,5,28,60664
2,4,5,29,60444
2,4,5,30,60648
2,4,5,31,60710
2,3,5,0,60715
2,3,5,1,60392
2,3,5,2,61327
2,3,5,3,60234
2,3,5,4,60574
2,3,5,5,60931
2,3,5,6,60582
2,3,5,7,60197
2,3,5,8,61249
2,3,5,9,60489
2,3,5,10,60455
2,3,5,11,60308
2,3,5,12,60970
2,3,5,13,60811
2,3,5,14,60535
2,3,5,15,60212
2,3,5,16,60720
2,3,5,17,60570
2,3,5,18,60457
2,3,5,19,60643
2,3,5,20,60864
2,3,5,21,60575
2,3,5,22,60403
2,3,5,23,60179
2,3,5,24,60738
2,3,5,25,60242
2,3,5,26,60558
2,3,5,27,60725
2,3,5,28,60931
2,3,5,29,61044
2,3,5,30,60383
2,3,5,31,60364
2,2,5,0,60353
2,2,5,1,60895
2,2,5,2,60625
2,2,5,3,61305
2,2,5,4,60203
2,2,5,5,60512
2,2,5,6,60382
2,2,5,7,60226
2,2,5,8,60216
2,2,5,9,60493
2,2,5,10,60445
2,2,5,11,60752
2,2,5,12,60550
2,2,5,13,60506
2,2,5,14,60114
2,2,5,15,60159
2,2,5,16,60463
2,2,5,17,60062
2,2,5,18,60714
2,2,5,19,60681
2,2,5,20,61309
2,2,5,21,60721
2,2,5,22,60536
2,2,5,23,60788
2,2,5,24,60666
2,2,5,25,60069
2,2,5,26,61032
2,2,5,27,60769
2,2,5,28,60333
2,2,5,29,60576
2,2,5,30,60463
2,2,5,31,60456
2,1,5,0,61053
2,1,5,1,59834
2,1,5,2,60631
2,1,5,3,60618
2,1,5,4,60564
2,1,5,5,60276
2,1,5,6,63520
2,1,5,7,60660
2,1,5,8,60412
2,1,5,9,60224
2,1,5,10,61147
2,1,5,11,72833
2,1,5,12,60689
2,1,5,13,60233
2,1,5,14,60323
2,1,5,15,60114
2,1,5,16,60751
2,1,5,17,60509
2,1,5,18,60356
2,1,5,19,60332
2,1,5,20,60434
2,1,5,21,60423
2,1,5,22,60637
2,1,5,23,60609
2,1,5,24,60618
2,1,5,25,60388
2,1,5,26,59899
2,1,5,27,60392
2,1,5,28,60622
2,1,5,29,60597
2,1,5,30,60379
2,1,5,31,60506
2,0,5,0,60396
2,0,5,1,60613
2,0,5,2,60476
2,0,5,3,60444
2,0,5,4,60519
2,0,5,5,60715
2,0,5,6,60806
2,0,5,7,60413
2,0,5,8,60968
2,0,5,9,60817
2,0,5,10,60526
2,0,5,11,60473
2,0,5,12,60767
2,0,5,13,60385
2,0,5,14,61521
2,0,5,15,60618
2,0,5,16,60722
2,0,5,17,60444
2,0,5,18,60550
2,0,5,19,60199
2,0,5,20,60509
2,0,5,21,60955
2,0,5,22,60798
2,0,5,23,59993
2,0,5,24,60500
2,0,5,25,60467
2,0,5,26,60609
2,0,5,27,60802
2,0,5,28,60706
2,0,5,29,60514
2,0,5,30,60169
2,0,5,31,60823
2,0,6,0,60512
2,0,6,1,60656
2,0,6,2,60550
2,0,6,3,60477
2,0,6,4,60701
2,0,6,5,60870
2,0,6,6,60292
2,0,6,7,60425
2,0,6,8,60289
2,0,6,9,60435
2,0,6,10,60645
2,0,6,11,59844
2,0,6,12,60454
2,0,6,13,60346
2,0,6,14,60191
2,0,6,15,60810
2,0,6,16,60853
2,0,6,17,60252
2,0,6,18,60722
2,0,6,19,60974
2,0,6,20,60269
2,0,6,21,60667
2,0,6,22,60313
2,0,6,23,60981
2,0,6,24,60679
2,0,6,25,60577
2,0,6,26,61425
2,0,6,27,60429
2,0,6,28,60312
2,0,6,29,60820
2,0,6,30,60650
2,0,6,31,60663
2,1,6,0,61193
2,1,6,1,60215
2,1,6,2,60570
2,1,6,3,60541
2,1,6,4,60595
2,1,6,5,60675
2,1,6,6,60536
2,1,6,7,60288
2,1,6,8,60522
2,1,6,9,60673
2,1,6,10,60388
2,1,6,11,60547
2,1,6,12,60730
2,1,6,13,60309
2,1,6,14,60411
2,1,6,15,60374
2,1,6,16,60589
2,1,6,17,60492
2,1,6,18,60740
2,1,6,19,60460
2,1,6,20,60451
2,1,6,21,60469
2,1,6,22,60723
2,1,6,23,60354
2,1,6,24,60317
2,1,6,25,60028
2,1,6,26,60622
2,1,6,27,60571
2,1,6,28,60216
2,1,6,29,60668
2,1,6,30,60719
2,1,6,31,59950
2,2,6,0,60119
2,2,6,1,61139
2,2,6,2,60416
2,2,6,3,60427
2,2,6,4,60759
2,2,6,5,60588
2,2,6,6,60445
2,2,6,7,60147
2,2,6,8,60402
2,2,6,9,60829
2,2,6,10,60800
2,2,6,11,60845
2,2,6,12,60306
2,2,6,13,60615
2,2,6,14,60690
2,2,6,15,60889
2,2,6,16,60652
2,2,6,17,60791
2,2,6,18,60379
2,2,6,19,60592
2,2,6,20,60258
2,2,6,21,60587
2,2,6,22,60401
2,2,6,23,60153
2,2,6,24,60200
2,2,6,25,60437
2,2,6,26,60815
2,2,6,27,60297
2,2,6,28,60771
2,2,6,29,60773
2,2,6,30,60625
2,2,6,31,60563
2,3,6,0,60824
2,3,6,1,60560
2,3,6,2,60200
2,3,6,3,60353
2,3,6,4,60942
2,3,6,5,60771
2,3,6,6,60614
2,3,6,7,61405
2,3,6,8,60459
2,3,6,9,60429
2,3,6,10,60380
2,3,6,11,60783
2,3,6,12,60329
2,3,6,13,60329
2,3,6,14,60328
2,3,6,15,60424
2,3,6,16,60399
2,3,6,17,60793
2,3,6,18,60165
2,3,6,19,60872
2,3,6,20,71257
2,3,6,21,60337
2,3,6,22,60551
2,3,6,23,60236
2,3,6,24,60239
2,3,6,25,60165
2,3,6,26,60736
2,3,6,27,60512
2,3,6,28,61931
2,3,6,29,60666
2,3,6,30,60822
2,3,6,31,61279
2,4,6,0,60509
2,4,6,1,60555
2,4,6,2,60204
2,4,6,3,61080
2,4,6,4,60088
2,4,6,5,60456
2,4,6,6,60766
2,4,6,7,60545
2,4,6,8,60602
2,4,6,9,60710
2,4,6,10,61349
2,4,6,11,60426
2,4,6,12,60166
2,4,6,13,60539
2,4,6,14,60232
2,4,6,15,60836
2,4,6,16,60685
2,4,6,17,60195
2,4,6,18,60559
2,4,6,19,60147
2,4,6,20,60471
2,4,6,21,60961
2,4,6,22,60817
2,4,6,23,60679
2,4,6,24,60031
2,4,6,25,61034
2,4,6,26,60233
2,4,6,27,60004
2,4,6,28,60747
2,4,6,29,60997
2,4,6,30,61197
2,4,6,31,60444
2,4,7,0,60787
2,4,7,1,61245
2,4,7,2,60294
2,4,7,3,60545
2,4,7,4,60520
2,4,7,5,60883
2,4,7,6,60790
2,4,7,7,60232
2,4,7,8,60495
2,4,7,9,60564
2,4,7,10,60261
2,4,7,11,60471
2,4,7,12,60626
2,4,7,13,60111
2,4,7,14,60335
2,4,7,15,60479
2,4,7,16,61014
2,4,7,17,61032
2,4,7,18,60500
2,4,7,19,60288
2,4,7,20,60465
2,4,7,21,60000
2,4,7,22,60142
2,4,7,23,60632
2,4,7,24,61204
2,4,7,25,60879
2,4,7,26,60369
2,4,7,27,60362
2,4,7,28,62000
2,4,7,29,60264
2,4,7,30,60183
2,4,7,31,60293
2,3,7,0,60313
2,3,7,1,60868
2,3,7,2,61287
2,3,7,3,60519
2,3,7,4,60698
2,3,7,5,60403
2,3,7,6,60595
2,3,7,7,60361
2,3,7,8,61060
2,3,7,9,60135
2,3,7,10,60394
2,3,7,11,60736
2,3,7,12,60456
2,3,7,13,60769
2,3,7,14,60492
2,3,7,15,60678
2,3,7,16,60419
2,3,7,17,60748
2,3,7,18,60606
2,3,7,19,61079
2,3,7,20,60333
2,3,7,21,60832
2,3,7,22,60939
2,3,7,23,60445
2,3,7,24,60478
2,3,7,25,60602
2,3,7,26,60343
2,3,7,27,60661
2,3,7,28,60521
2,3,7,29,60453
2,3,7,30,60570
2,3,7,31,60531
2,2,7,0,60162
2,2,7,1,60087
2,2,7,2,60384
2,2,7,3,60865
2,2,7,4,60770
2,2,7,5,60585
2,2,7,6,60439
2,2,7,7,60925
2,2,7,8,60498
2,2,7,9,60186
2,2,7,10,61367
2,2,7,11,60710
2,2,7,12,60121
2,2,7,13,60930
2,2,7,14,60348
2,2,7,15,60435
2,2,7,16,60657
2,2,7,17,60228
2,2,7,18,60608
2,2,7,19,60502
2,2,7,20,60283
2,2,7,21,60229
2,2,7,22,60391
2,2,7,23,60084
2,2,7,24,60962
2,2,7,25,60162
2,2,7,26,60543
2,2,7,27,60785
2,2,7,28,60741
2,2,7,29,60721
2,2,7,30,60899
2,2,7,31,60149
2,1,7,0,60242
2,1,7,1,61288
2,1,7,2,60707
2,1,7,3,60440
2,1,7,4,61000
2,1,7,5,60329
2,1,7,6,60343
2,1,7,7,60260
2,1,7,8,60867
2,1,7,9,60344
2,1,7,10,60518
2,1,7,11,60420
2,1,7,12,60388
2,1,7,13,60580
2,1,7,14,60762
2,1,7,15,60732
2,1,7,16,60200
2,1,7,17,60660
2,1,7,18,60215
2,1,7,19,60270
2,1,7,20,60485
2,1,7,21,60385
2,1,7,22,60726
2,1,7,23,60221
2,1,7,24,59984
2,1,7,25,60118
2,1,7,26,59973
2,1,7,27,60260
2,1,7,28,61019
2,1,7,29,60773
2,1,7,30,60304
2,1,7,31,60303
2,0,7,0,60736
2,0,7,1,60048
2,0,7,2,60358
2,0,7,3,60607
2,0,7,4,60369
2,0,7,5,60303
2,0,7,6,60397
2,0,7,7,60922
2,0,7,8,60553
2,0,7,9,60402
2,0,7,10,60173
2,0,7,11,62054
2,0,7,12,60143
2,0,7,13,60570
2,0,7,14,59963
2,0,7,15,60505
2,0,7,16,60549
2,0,7,17,60178
2,0,7,18,61310
2,0,7,19,61388
2,0,7,20,60490
2,0,7,21,60282
2,0,7,22,60835
2,0,7,23,60445
2,0,7,24,60264
2,0,7,25,60593
2,0,7,26,61503
2,0,7,27,60963
2,0,7,28,60349
2,0,7,29,61001
2,0,7,30,60473
2,0,7,31,60075
3,0,0,0,27964
3,0,0,1,28085
3,0,0,2,27896
3,0,0,3,27812
3,0,0,4,28076
3,0,0,5,27957
3,0,0,6,28026
3,0,0,7,28049
3,0,0,8,28163
3,0,0,9,28076
3,0,0,10,28010
3,0,0,11,27927
3,0,0,12,27884
3,0,0,13,28486
3,0,0,14,27974
3,0,0,15,28017
3,0,0,16,27956
3,0,0,17,27990
3,0,0,18,27858
3,0,0,19,28071
3,0,0,20,27923
3,0,0,21,27934
3,0,0,22,27910
3,0,0,23,27923
3,0,0,24,27847
3,0,0,25,27926
3,0,0,26,27893
3,0,0,27,27962
3,0,0,28,27850
3,0,0,29,28020
3,0,0,30,28073
3,0,0,31,28651
3,1,0,0,27911
3,1,0,1,27800
3,1,0,2,27936
3,1,0,3,27781
3,1,0,4,28219
3,1,0,5,28371
3,1,0,6,28047
3,1,0,7,28138
3,1,0,8,27982
3,1,0,9,28064
3,1,0,10,27812
3,1,0,11,28427
3,1,0,12,28368
3,1,0,13,27985
3,1,0,14,27974
3,1,0,15,27918
3,1,0,16,27950
3,1,0,17,27960
3,1,0,18,27910
3,1,0,19,28330
3,1,0,20,28222
3,1,0,21,28041
3,1,0,22,27971
3,1,0,23,27918
3,1,0,24,27963
3,1,0,25,28017
3,1,0,26,27917
3,1,0,27,27833
3,1,0,28,27901
3,1,0,29,27911
3,1,0,30,27965
3,1,0,31,28196
3,2,0,0,28253
3,2,0,1,28126
3,2,0,2,27888
3,2,0,3,28253
3,2,0,4,27835
3,2,0,5,27902
3,2,0,6,27909
3,2,0,7,27925
3,2,0,8,27882
3,2,0,9,27943
3,2,0,10,27890
3,2,0,11,27834
3,2,0,12,28104
3,2,0,13,27977
3,2,0,14,27798
3,2,0,15,27986
3,2,0,16,27910
3,2,0,17,28037
3,2,0,18,27943
3,2,0,19,27944
3,2,0,20,28026
3,2,0,21,27997
3,2,0,22,28102
3,2,0,23,28143
3,2,0,24,27959
3,2,0,25,28690
3,2,0,26,28397
3,2,0,27,27836
3,2,0,28,27887
3,2,0,29,27961
3,2,0,30,27909
3,2,0,31,28300
3,3,0,0,27968
3,3,0,1,27870
3,3,0,2,28359
3,3,0,3,28084
3,3,0,4,28085
3,3,0,5,28354
3,3,0,6,28278
3,3,0,7,27973
3,3,0,8,27887
3,3,0,9,27952
3,3,0,10,28227
3,3,0,11,27869
3,3,0,12,27837
3,3,0,13,27881
3,3,0,14,27803
3,3,0,15,28048
3,3,0,16,28042
3,3,0,17,28106
3,3,0,18,27842
3,3,0,19,28127
3,3,0,20,28060
3,3,0,21,28135
3,3,0,22,28051
3,3,0,23,28162
3,3,0,24,28096
3,3,0,25,28343
3,3,0,26,27891
3,3,0,27,28385
3,3,0,28,28122
3,3,0,29,28392
3,3,0,30,27874
3,3,0,31,28191
3,4,0,0,28314
3,4,0,1,27930
3,4,0,2,28240
3,4,0,3,28148
3,4,0,4,27902
3,4,0,5,27970
3,4,0,6,28183
3,4,0,7,28141
3,4,0,8,27997
3,4,0,9,27950
3,4,0,10,27990
3,4,0,11,27865
3,4,0,12,28042
3,4,0,13,28012
3,4,0,14,28149
3,4,0,15,28122
3,4,0,16,28286
3,4,0,17,28327
3,4,0,18,28147
3,4,0,19,28659
3,4,0,20,28390
3,4,0,21,28401
3,4,0,22,27898
3,4,0,23,28005
3,4,0,24,28133
3,4,0,25,28123
3,4,0,26,28186
3,4,0,27,27917
3,4,0,28,28044
3,4,0,29,28096
3,4,0,30,28022
3,4,0,31,28080
3,4,1,0,28293
3,4,1,1,28219
3,4,1,2,27929
3,4,1,3,28388
3,4,1,4,28096
3,4,1,5,28156
3,4,1,6,28012
3,4,1,7,28327
3,4,1,8,28035
3,4,1,9,28048
3,4,1,10,28035
3,4,1,11,27900
3,4,1,12,27923
3,4,1,13,28283
3,4,1,14,28138
3,4,1,15,28159
3,4,1,16,28151
3,4,1,17,28360
3,4,1,18,28522
3,4,1,19,28148
3,4,1,20,28415
3,4,1,21,28320
3,4,1,22,28422
3,4,1,23,28025
3,4,1,24,28341
3,4,1,25,28101
3,4,1,26,28456
3,4,1,27,28133
3,4,1,28,28045
3,4,1,29,28204
3,4,1,30,28284
3,4,1,31,28227
3,3,1,0,27853
3,3,1,1,27801
3,3,1,2,27944
3,3,1,3,27834
3,3,1,4,27933
3,3,1,5,27858
3,3,1,6,27941
3,3,1,7,27830
3,3,1,8,27855
3,3,1,9,27901
3,3,1,10,28024
3,3,1,11,28027
3,3,1,12,27980
3,3,1,13,28054
3,3,1,14,28454
3,3,1,15,27873
3,3,1,16,27915
3,3,1,17,27984
3,3,1,18,27818
3,3,1,19,28033
3,3,1,20,27923
3,3,1,21,27987
3,3,1,22,27841
3,3,1,23,27928
3,3,1,24,28102
3,3,1,25,28033
3,3,1,26,27984
3,3,1,27,28281
3,3,1,28,28041
3,3,1,29,27956
3,3,1,30,27879
3,3,1,31,27897
3,2,1,0,27839
3,2,1,1,27871
3,2,1,2,27884
3,2,1,3,27942
3,2,1,4,28054
3,2,1,5,27834
3,2,1,6,27842
3,2,1,7,27925
3,2,1,8,27925
3,2,1,9,28050
3,2,1,10,27908
3,2,1,11,28094
3,2,1,12,28104
3,2,1,13,27866
3,2,1,14,27869
3,2,1,15,27861
3,2,1,16,27937
3,2,1,17,27836
3,2,1,18,27959
3,2,1,19,27921
3,2,1,20,27982
3,2,1,21,27910
3,2,1,22,27965
3,2,1,23,28095
3,2,1,24,27847
3,2,1,25,27785
3,2,1,26,27960
3,2,1,27,27871
3,2,1,28,28115
3,2,1,29,27760
3,2,1,30,28014
3,2,1,31,27856
3,1,1,0,28292
3,1,1,1,27940
3,1,1,2,27882
3,1,1,3,27992
3,1,1,4,27992
3,1,1,5,27871
3,1,1,6,27955
3,1,1,7,27961
3,1,1,8,28357
3,1,1,9,27954
3,1,1,10,27949
3,1,1,11,27895
3,1,1,12,27840
3,1,1,13,27943
3,1,1,14,27914
3,1,1,15,27893
3,1,1,16,28311
3,1,1,17,27996
3,1,1,18,28201
3,1,1,19,27899
3,1,1,20,27919
3,1,1,21,27913
3,1,1,22,28186
3,1,1,23,27857
3,1,1,24,27950
3,1,1,25,27826
3,1,1,26,27797
3,1,1,27,28093
3,1,1,28,27826
3,1,1,29,27945
3,1,1,30,27855
3,1,1,31,27982
3,0,1,0,27929
3,0,1,1,27904
3,0,1,2,27862
3,0,1,3,27855
3,0,1,4,27928
3,0,1,5,27909
3,0,1,6,28025
3,0,1,7,28125
3,0,1,8,28028
3,0,1,9,28004
3,0,1,10,28297
3,0,1,11,27974
3,0,1,12,28073
3,0,1,13,27942
3,0,1,14,27899
3,0,1,15,28027
3,0,1,16,28032
3,0,1,17,27810
3,0,1,18,28024
3,0,1,19,27950
3,0,1,20,27906
3,0,1,21,27932
3,0,1,22,27860
3,0,1,23,27828
3,0,1,24,27851
3,0,1,25,28162
3,0,1,26,28116
3,0,1,27,27941
3,0,1,28,28021
3,0,1,29,27964
3,0,1,30,27929
3,0,1,31,27944
3,0,2,0,27957
3,0,2,1,27866
3,0,2,2,27918
3,0,2,3,28814
3,0,2,4,27863
3,0,2,5,28410
3,0,2,6,28254
3,0,2,7,28382
3,0,2,8,28008
3,0,2,9,28230
3,0,2,10,28091
3,0,2,11,28391
3,0,2,12,28188
3,0,2,13,28393
3,0,2,14,28028
3,0,2,15,28290
3,0,2,16,28082
3,0,2,17,28191
3,0,2,18,28340
3,0,2,19,28393
3,0,2,20,27954
3,0,2,21,27960
3,0,2,22,27844
3,0,2,23,27850
3,0,2,24,27893
3,0,2,25,27930
3,0,2,26,27843
3,0,2,27,27971
3,0,2,28,27944
3,0,2,29,28396
3,0,2,30,28214
3,0,2,31,28447
3,1,2,0,27815
3,1,2,1,28001
3,1,2,2,27849
3,1,2,3,27982
3,1,2,4,27952
3,1,2,5,27982
3,1,2,6,27920
3,1,2,7,27942
3,1,2,8,28166
3,1,2,9,27928
3,1,2,10,27831
3,1,2,11,27875
3,1,2,12,27938
3,1,2,13,27865
3,1,2,14,28092
3,1,2,15,27991
3,1,2,16,27930
3,1,2,17,27888
3,1,2,18,27866
3,1,2,19,28105
3,1,2,20,28132
3,1,2,21,28100
3,1,2,22,27963
3,1,2,23,28066
3,1,2,24,28057
3,1,2,25,28093
3,1,2,26,27905
3,1,2,27,28322
3,1,2,28,28082
3,1,2,29,28148
3,1,2,30,28018
3,1,2,31,28004
3,2,2,0,27949
3,2,2,1,27790
3,2,2,2,27835
3,2,2,3,28056
3,2,2,4,28303
3,2,2,5,28322
3,2,2,6,28358
3,2,2,7,27934
3,2,2,8,28046
3,2,2,9,28007
3,2,2,10,27859
3,2,2,11,27893
3,2,2,12,27867
3,2,2,13,28035
3,2,2,14,27875
3,2,2,15,27999
3,2,2,16,27889
3,2,2,17,27897
3,2,2,18,28123
3,2,2,19,27973
3,2,2,20,27882
3,2,2,21,27955
3,2,2,22,27992
3,2,2,23,27911
3,2,2,24,27861
3,2,2,25,28060
3,2,2,26,27978
3,2,2,27,27863
3,2,2,28,27888
3,2,2,29,28136
3,2,2,30,27887
3,2,2,31,27816
3,3,2,0,27860
3,3,2,1,27823
3,3,2,2,28015
3,3,2,3,27900
3,3,2,4,28114
3,3,2,5,28142
3,3,2,6,28081
3,3,2,7,27928
3,3,2,8,28012
3,3,2,9,27801
3,3,2,10,28015
3,3,2,11,27883
3,3,2,12,28032
3,3,2,13,27914
3,3,2,14,28147
3,3,2,15,27922
3,3,2,16,27830
3,3,2,17,27964
3,3,2,18,27916
3,3,2,19,27886
3,3,2,20,28056
3,3,2,21,27993
3,3,2,22,27930
3,3,2,23,27927
3,3,2,24,28036
3,3,2,25,27798
3,3,2,26,28121
3,3,2,27,28479
3,3,2,28,27859
3,3,2,29,28096
3,3,2,30,27801
3,3,2,31,27906
3,4,2,0,27830
3,4,2,1,28109
3,4,2,2,28063
3,4,2,3,28277
3,4,2,4,27940
3,4,2,5,28095
3,4,2,6,27861
3,4,2,7,28107
3,4,2,8,28033
3,4,2,9,28014
3,4,2,10,27998
3,4,2,11,28035
3,4,2,12,28107
3,4,2,13,27864
3,4,2,14,28056
3,4,2,15,28045
3,4,2,16,27948
3,4,2,17,28122
3,4,2,18,27885
3,4,2,19,27894
3,4,2,20,27890
3,4,2,21,27971
3,4,2,22,27830
3,4,2,23,27759
3,4,2,24,28062
3,4,2,25,27997
3,4,2,26,28075
3,4,2,27,28144
3,4,2,28,28137
3,4,2,29,28091
3,4,2,30,27797
3,4,2,31,28306
3,4,3,0,27996
3,4,3,1,28220
3,4,3,2,28230
3,4,3,3,27874
3,4,3,4,27952
3,4,3,5,27887
3,4,3,6,28119
3,4,3,7,27898
3,4,3,8,27916
3,4,3,9,27911
3,4,3,10,27976
3,4,3,11,27887
3,4,3,12,28078
3,4,3,13,28083
3,4,3,14,27904
3,4,3,15,28225
3,4,3,16,28121
3,4,3,17,28134
3,4,3,18,28399
3,4,3,19,28059
3,4,3,20,28043
3,4,3,21,27939
3,4,3,22,28418
3,4,3,23,28444
3,4,3,24,28354
3,4,3,25,28324
3,4,3,26,28123
3,4,3,27,28164
3,4,3,28,28031
3,4,3,29,28062
3,4,3,30,27929
3,4,3,31,28141
3,3,3,0,27842
3,3,3,1,27931
3,3,3,2,28324
3,3,3,3,27908
3,3,3,4,28043
3,3,3,5,27833
3,3,3,6,27906
3,3,3,7,27850
3,3,3,8,27988
3,3,3,9,27968
3,3,3,10,27860
3,3,3,11,27958
3,3,3,12,27924
3,3,3,13,27819
3,3,3,14,27896
3,3,3,15,27872
3,3,3,16,28108
3,3,3,17,28055
3,3,3,18,28388
3,3,3,19,28314
3,3,3,20,28463
3,3,3,21,27877
3,3,3,22,27885
3,3,3,23,28152
3,3,3,24,27881
3,3,3,25,27990
3,3,3,26,27822
3,3,3,27,27949
3,3,3,28,27908
3,3,3,29,27899
3,3,3,30,28081
3,3,3,31,28087
3,2,3,0,27837
3,2,3,1,27735
3,2,3,2,27864
3,2,3,3,28111
3,2,3,4,28046
3,2,3,5,27888
3,2,3,6,27881
3,2,3,7,27903
3,2,3,8,28148
3,2,3,9,27955
3,2,3,10,27837
3,2,3,11,27814
3,2,3,12,28063
3,2,3,13,28091
3,2,3,14,28033
3,2,3,15,27784
3,2,3,16,28082
3,2,3,17,28102
3,2,3,18,28453
3,2,3,19,28126
3,2,3,20,28066
3,2,3,21,28250
3,2,3,22,27790
3,2,3,23,27911
3,2,3,24,27931
3,2,3,25,27954
3,2,3,26,28063
3,2,3,27,28041
3,2,3,28,27954
3,2,3,29,27884
3,2,3,30,27931
3,2,3,31,28021
3,1,3,0,27903
3,1,3,1,28062
3,1,3,2,28159
3,1,3,3,28355
3,1,3,4,28447
3,1,3,5,28491
3,1,3,6,28409
3,1,3,7,28226
3,1,3,8,27981
3,1,3,9,28139
3,1,3,10,28084
3,1,3,11,27994
3,1,3,12,28084
3,1,3,13,27952
3,1,3,14,28032
3,1,3,15,27892
3,1,3,16,27903
3,1,3,17,27815
3,1,3,18,27960
3,1,3,19,27840
3,1,3,20,27901
3,1,3,21,27955
3,1,3,22,27836
3,1,3,23,28021
3,1,3,24,27799
3,1,3,25,27910
3,1,3,26,27968
3,1,3,27,28173
3,1,3,28,28173
3,1,3,29,27898
3,1,3,30,27920
3,1,3,31,28101
3,0,3,0,27861
3,0,3,1,27936
3,0,3,2,27895
3,0,3,3,28149
3,0,3,4,28027
3,0,3,5,27965
3,0,3,6,27989
3,0,3,7,28067
3,0,3,8,27910
3,0,3,9,27894
3,0,3,10,27966
3,0,3,11,28407
3,0,3,12,27892
3,0,3,13,28002
3,0,3,14,27926
3,0,3,15,28023
3,0,3,16,28040
3,0,3,17,27907
3,0,3,18,28300
3,0,3,19,27916
3,0,3,20,27901
3,0,3,21,28117
3,0,3,22,27911
3,0,3,23,27932
3,0,3,24,27914
3,0,3,25,28003
3,0,3,26,27920
3,0,3,27,28125
3,0,3,28,28126
3,0,3,29,28035
3,0,3,30,27966
3,0,3,31,27944
3,0,4,0,27989
3,0,4,1,27912
3,0,4,2,27990
3,0,4,3,27938
3,0,4,4,27854
3,0,4,5,28072
3,0,4,6,28125
3,0,4,7,28191
3,0,4,8,27833
3,0,4,9,28053
3,0,4,10,27953
3,0,4,11,27959
3,0,4,12,28171
3,0,4,13,28123
3,0,4,14,27816
3,0,4,15,27923
3,0,4,16,28148
3,0,4,17,27926
3,0,4,18,27823
3,0,4,19,27925
3,0,4,20,27811
3,0,4,21,27913
3,0,4,22,27839
3,0,4,23,27982
3,0,4,24,27967
3,0,4,25,28173
3,0,4,26,27956
3,0,4,27,27866
3,0,4,28,27980
3,0,4,29,27881
3,0,4,30,27927
3,0,4,31,27913
3,1,4,0,27905
3,1,4,1,28123
3,1,4,2,28100
3,1,4,3,28039
3,1,4,4,27875
3,1,4,5,28576
3,1,4,6,28217
3,1,4,7,27990
3,1,4,8,27912
3,1,4,9,28102
3,1,4,10,27848
3,1,4,11,27905
3,1,4,12,27849
3,1,4,13,28032
3,1,4,14,28105
3,1,4,15,27894
3,1,4,16,27969
3,1,4,17,27975
3,1,4,18,28198
3,1,4,19,28363
3,1,4,20,27986
3,1,4,21,27975
3,1,4,22,27911
3,1,4,23,27880
3,1,4,24,27989
3,1,4,25,27971
3,1,4,26,27895
3,1,4,27,27972
3,1,4,28,28167
3,1,4,29,27938
3,1,4,30,27954
3,1,4,31,27825
3,2,4,0,27840
3,2,4,1,27983
3,2,4,2,27994
3,2,4,3,27944
3,2,4,4,27852
3,2,4,5,28009
3,2,4,6,27779
3,2,4,7,27930
3,2,4,8,27740
3,2,4,9,27941
3,2,4,10,27865
3,2,4,11,28049
3,2,4,12,27908
3,2,4,13,27910
3,2,4,14,27897
3,2,4,15,28030
3,2,4,16,27905
3,2,4,17,27988
3,2,4,18,28014
3,2,4,19,27948
3,2,4,20,27917
3,2,4,21,27852
3,2,4,22,28195
3,2,4,23,27854
3,2,4,24,27928
3,2,4,25,27852
3,2,4,26,27856
3,2,4,27,27901
3,2,4,28,28162
3,2,4,29,27866
3,2,4,30,27947
3,2,4,31,27885
3,3,4,0,28574
3,3,4,1,28553
3,3,4,2,28350
3,3,4,3,27891
3,3,4,4,28409
3,3,4,5,28193
3,3,4,6,28243
3,3,4,7,28114
3,3,4,8,27886
3,3,4,9,27918
3,3,4,10,27975
3,3,4,11,27890
3,3,4,12,27842
3,3,4,13,28016
3,3,4,14,27989
3,3,4,15,27918
3,3,4,16,27845
3,3,4,17,27824
3,3,4,18,27990
3,3,4,19,28155
3,3,4,20,27947
3,3,4,21,28104
3,3,4,22,27922
3,3,4,23,27852
3,3,4,24,28397
3,3,4,25,27870
3,3,4,26,27968
3,3,4,27,28214
3,3,4,28,28082
3,3,4,29,27896
3,3,4,30,27874
3,3,4,31,27941
3,4,4,0,28013
3,4,4,1,28149
3,4,4,2,28093
3,4,4,3,27897
3,4,4,4,28093
3,4,4,5,27972
3,4,4,6,28127
3,4,4,7,28111
3,4,4,8,28145
3,4,4,9,28034
3,4,4,10,27991
3,4,4,11,28111
3,4,4,12,28088
3,4,4,13,28037
3,4,4,14,28175
3,4,4,15,28153
3,4,4,16,28127
3,4,4,17,28270
3,4,4,18,27960
3,4,4,19,28037
3,4,4,20,28000
3,4,4,21,28065
3,4,4,22,28313
3,4,4,23,27864
3,4,4,24,28199
3,4,4,25,27967
3,4,4,26,28120
3,4,4,27,27972
3,4,4,28,28003
3,4,4,29,28000
3,4,4,30,27933
3,4,4,31,28063
3,4,5,0,28092
3,4,5,1,28294
3,4,5,2,28206
3,4,5,3,27979
3,4,5,4,28212
3,4,5,5,27941
3,4,5,6,28262
3,4,5,7,28320
3,4,5,8,28398
3,4,5,9,28404
3,4,5,10,28284
3,4,5,11,28399
3,4,5,12,28369
3,4,5,13,28471
3,4,5,14,28368
3,4,5,15,28329
3,4,5,16,28367
3,4,5,17,28333
3,4,5,18,28232
3,4,5,19,28298
3,4,5,20,28400
3,4,5,21,28335
3,4,5,22,28442
3,4,5,23,28379
3,4,5,24,28429
3,4,5,25,28408
3,4,5,26,28363
3,4,5,27,28386
3,4,5,28,28355
3,4,5,29,28385
3,4,5,30,28327
3,4,5,31,28407
3,3,5,0,27956
3,3,5,1,28128
3,3,5,2,28311
3,3,5,3,28390
3,3,5,4,27977
3,3,5,5,28005
3,3,5,6,27893
3,3,5,7,28019
3,3,5,8,28088
3,3,5,9,28049
3,3,5,10,27907
3,3,5,11,28004
3,3,5,12,27894
3,3,5,13,28094
3,3,5,14,27873
3,3,5,15,28072
3,3,5,16,28131
3,3,5,17,28076
3,3,5,18,28063
3,3,5,19,28004
3,3,5,20,27929
3,3,5,21,28095
3,3,5,22,27928
3,3,5,23,28261
3,3,5,24,27930
3,3,5,25,27889
3,3,5,26,28085
3,3,5,27,27920
3,3,5,28,27839
3,3,5,29,27888
3,3,5,30,27948
3,3,5,31,27863
3,2,5,0,27822
3,2,5,1,28148
3,2,5,2,28059
3,2,5,3,27935
3,2,5,4,27843
3,2,5,5,27901
3,2,5,6,27913
3,2,5,7,27867
3,2,5,8,27791
3,2,5,9,28034
3,2,5,10,27944
3,2,5,11,27835
3,2,5,12,27916
3,2,5,13,27995
3,2,5,14,27903
3,2,5,15,27953
3,2,5,16,27854
3,2,5,17,27939
3,2,5,18,27801
3,2,5,19,27868
3,2,5,20,27819
3,2,5,21,27993
3,2,5,22,28040
3,2,5,23,27806
3,2,5,24,28100
3,2,5,25,28031
3,2,5,26,27834
3,2,5,27,27874
3,2,5,28,27849
3,2,5,29,28303
3,2,5,30,28121
3,2,5,31,28168
3,1,5,0,27838
3,1,5,1,27914
3,1,5,2,27954
3,1,5,3,28454
3,1,5,4,27886
3,1,5,5,28435
3,1,5,6,27955
3,1,5,7,28133
3,1,5,8,27938
3,1,5,9,28170
3,1,5,10,27916
3,1,5,11,27998
3,1,5,12,27853
3,1,5,13,27942
3,1,5,14,27932
3,1,5,15,27979
3,1,5,16,27883
3,1,5,17,28588
3,1,5,18,27965
3,1,5,19,28211
3,1,5,20,27959
3,1,5,21,27887
3,1,5,22,27974
3,1,5,23,27888
3,1,5,24,27864
3,1,5,25,28018
3,1,5,26,28403
3,1,5,27,28386
3,1,5,28,27885
3,1,5,29,28394
3,1,5,30,28497
3,1,5,31,28319
3,0,5,0,28249
3,0,5,1,28430
3,0,5,2,28512
3,0,5,3,28318
3,0,5,4,28364
3,0,5,5,28085
3,0,5,6,28185
3,0,5,7,27882
3,0,5,8,28302
3,0,5,9,28410
3,0,5,10,27910
3,0,5,11,27924
3,0,5,12,28083
3,0,5,13,28247
3,0,5,14,27857
3,0,5,15,27882
3,0,5,16,27959
3,0,5,17,27897
3,0,5,18,28029
3,0,5,19,27924
3,0,5,20,27952
3,0,5,21,28046
3,0,5,22,27988
3,0,5,23,27910
3,0,5,24,27991
3,0,5,25,27922
3,0,5,26,27878
3,0,5,27,27937
3,0,5,28,27888
3,0,5,29,27937
3,0,5,30,27950
3,0,5,31,28455
3,0,6,0,27843
3,0,6,1,27900
3,0,6,2,27887
3,0,6,3,27916
3,0,6,4,27992
3,0,6,5,27968
3,0,6,6,27869
3,0,6,7,27876
3,0,6,8,27985
3,0,6,9,27963
3,0,6,10,27953
3,0,6,11,27879
3,0,6,12,28459
3,0,6,13,27955
3,0,6,14,27880
3,0,6,15,28422
3,0,6,16,27916
3,0,6,17,27990
3,0,6,18,27864
3,0,6,19,27966
3,0,6,20,28150
3,0,6,21,27967
3,0,6,22,27974
3,0,6,23,27858
3,0,6,24,27941
3,0,6,25,27814
3,0,6,26,27878
3,0,6,27,28033
3,0,6,28,28179
3,0,6,29,27932
3,0,6,30,27963
3,0,6,31,27935
3,1,6,0,27942
3,1,6,1,28109
3,1,6,2,27931
3,1,6,3,27970
3,1,6,4,27898
3,1,6,5,28460
3,1,6,6,27838
3,1,6,7,28018
3,1,6,8,27854
3,1,6,9,28368
3,1,6,10,28385
3,1,6,11,27962
3,1,6,12,28419
3,1,6,13,28011
3,1,6,14,27882
3,1,6,15,27978
3,1,6,16,28104
3,1,6,17,28085
3,1,6,18,28137
3,1,6,19,28102
3,1,6,20,27848
3,1,6,21,27851
3,1,6,22,28323
3,1,6,23,28298
3,1,6,24,28143
3,1,6,25,27900
3,1,6,26,28232
3,1,6,27,28299
3,1,6,28,27881
3,1,6,29,28033
3,1,6,30,27935
3,1,6,31,27985
3,2,6,0,27885
3,2,6,1,28124
3,2,6,2,28189
3,2,6,3,27887
3,2,6,4,28146
3,2,6,5,28189
3,2,6,6,28378
3,2,6,7,27896
3,2,6,8,28221
3,2,6,9,27903
3,2,6,10,28353
3,2,6,11,28311
3,2,6,12,28116
3,2,6,13,27855
3,2,6,14,27887
3,2,6,15,28007
3,2,6,16,27959
3,2,6,17,27939
3,2,6,18,27851
3,2,6,19,27924
3,2,6,20,27807
3,2,6,21,27915
3,2,6,22,28152
3,2,6,23,27915
3,2,6,24,27880
3,2,6,25,27836
3,2,6,26,27865
3,2,6,27,28045
3,2,6,28,27853
3,2,6,29,28082
3,2,6,30,27890
3,2,6,31,27891
3,3,6,0,27769
3,3,6,1,28027
3,3,6,2,27837
3,3,6,3,27832
3,3,6,4,27842
3,3,6,5,28075
3,3,6,6,28019
3,3,6,7,28089
3,3,6,8,27976
3,3,6,9,28088
3,3,6,10,28116
3,3,6,11,27983
3,3,6,12,27914
3,3,6,13,28010
3,3,6,14,28112
3,3,6,15,27940
3,3,6,16,27871
3,3,6,17,27922
3,3,6,18,27944
3,3,6,19,28005
3,3,6,20,27826
3,3,6,21,27881
3,3,6,22,27967
3,3,6,23,28148
3,3,6,24,28149
3,3,6,25,27984
3,3,6,26,27919
3,3,6,27,28116
3,3,6,28,27893
3,3,6,29,28081
3,3,6,30,27792
3,3,6,31,27867
3,4,6,0,27814
3,4,6,1,28768
3,4,6,2,28385
3,4,6,3,28030
3,4,6,4,28346
3,4,6,5,28116
3,4,6,6,28085
3,4,6,7,28072
3,4,6,8,28065
3,4,6,9,28045
3,4,6,10,27963
3,4,6,11,28100
3,4,6,12,27908
3,4,6,13,28104
3,4,6,14,27926
3,4,6,15,28055
3,4,6,16,27991
3,4,6,17,27962
3,4,6,18,28217
3,4,6,19,28130
3,4,6,20,27953
3,4,6,21,27884
3,4,6,22,28260
3,4,6,23,28183
3,4,6,24,27835
3,4,6,25,28142
3,4,6,26,28151
3,4,6,27,28106
3,4,6,28,28020
3,4,6,29,28159
3,4,6,30,28128
3,4,6,31,28146
3,4,7,0,27934
3,4,7,1,28258
3,4,7,2,28119
3,4,7,3,28103
3,4,7,4,27975
3,4,7,5,28196
3,4,7,6,28161
3,4,7,7,28057
3,4,7,8,27865
3,4,7,9,28183
3,4,7,10,28263
3,4,7,11,28342
3,4,7,12,28339
3,4,7,13,28384
3,4,7,14,28368
3,4,7,15,28040
3,4,7,16,28003
3,4,7,17,28134
3,4,7,18,28192
3,4,7,19,28038
3,4,7,20,28038
3,4,7,21,28209
3,4,7,22,28120
3,4,7,23,28037
3,4,7,24,28062
3,4,7,25,28002
3,4,7,26,28117
3,4,7,27,28215
3,4,7,28,27954
3,4,7,29,28199
3,4,7,30,28130
3,4,7,31,28473
3,3,7,0,27800
3,3,7,1,27829
3,3,7,2,28060
3,3,7,3,28232
3,3,7,4,27901
3,3,7,5,27817
3,3,7,6,27885
3,3,7,7,28349
3,3,7,8,28200
3,3,7,9,27866
3,3,7,10,28063
3,3,7,11,27943
3,3,7,12,27868
3,3,7,13,28099
3,3,7,14,27961
3,3,7,15,28134
3,3,7,16,27934
3,3,7,17,28061
3,3,7,18,28302
3,3,7,19,28041
3,3,7,20,28012
3,3,7,21,27993
3,3,7,22,27909
3,3,7,23,28209
3,3,7,24,28080
3,3,7,25,28142
3,3,7,26,28050
3,3,7,27,28083
3,3,7,28,28062
3,3,7,29,27973
3,3,7,30,27908
3,3,7,31,27998
3,2,7,0,27890
3,2,7,1,28046
3,2,7,2,27830
3,2,7,3,27926
3,2,7,4,27932
3,2,7,5,27878
3,2,7,6,27831
3,2,7,7,27948
3,2,7,8,27861
3,2,7,9,27970
3,2,7,10,28399
3,2,7,11,27850
3,2,7,12,27786
3,2,7,13,27957
3,2,7,14,27959
3,2,7,15,27875
3,2,7,16,28162
3,2,7,17,27911
3,2,7,18,27959
3,2,7,19,27937
3,2,7,20,27928
3,2,7,21,27887
3,2,7,22,27770
3,2,7,23,27983
3,2,7,24,27946
3,2,7,25,28349
3,2,7,26,28310
3,2,7,27,27915
3,2,7,28,27907
3,2,7,29,27944
3,2,7,30,27939
3,2,7,31,27881
3,1,7,0,27932
3,1,7,1,27887
3,1,7,2,27971
3,1,7,3,27956
3,1,7,4,28017
3,1,7,5,28069
3,1,7,6,27935
3,1,7,7,27880
3,1,7,8,27913
3,1,7,9,27925
3,1,7,10,27932
3,1,7,11,27912
3,1,7,12,27870
3,1,7,13,28000
3,1,7,14,28378
3,1,7,15,27929
3,1,7,16,27889
3,1,7,17,27874
3,1,7,18,28204
3,1,7,19,27888
3,1,7,20,27880
3,1,7,21,28123
3,1,7,22,27892
3,1,7,23,27940
3,1,7,24,28118
3,1,7,25,28067
3,1,7,26,28009
3,1,7,27,27800
3,1,7,28,27943
3,1,7,29,27884
3,1,7,30,27831
3,1,7,31,28172
3,0,7,0,27871
3,0,7,1,27853
3,0,7,2,28016
3,0,7,3,28004
3,0,7,4,28055
3,0,7,5,28108
3,0,7,6,28081
3,0,7,7,27976
3,0,7,8,27878
3,0,7,9,28131
3,0,7,10,27927
3,0,7,11,27861
3,0,7,12,27947
3,0,7,13,27911
3,0,7,14,27907
3,0,7,15,28215
3,0,7,16,27896
3,0,7,17,27864
3,0,7,18,28007
3,0,7,19,27977
3,0,7,20,28619
3,0,7,21,27858
3,0,7,22,27844
3,0,7,23,27857
3,0,7,24,27913
3,0,7,25,28108
3,0,7,26,27978
3,0,7,27,27900
3,0,7,28,28396
3,0,7,29,27939
3,0,7,30,28195
3,0,7,31,28015
4,0,0,0,19411
4,0,0,1,19332
4,0,0,2,19289
4,0,0,3,19402
4,0,0,4,19360
4,0,0,5,19190
4,0,0,6,19407
4,0,0,7,19315
4,0,0,8,19801
4,0,0,9,19345
4,0,0,10,19596
4,0,0,11,19261
4,0,0,12,19445
4,0,0,13,19866
4,0,0,14,19544
4,0,0,15,19837
4,0,0,16,19182
4,0,0,17,19659
4,0,0,18,19321
4,0,0,19,19382
4,0,0,20,19581
4,0,0,21,19600
4,0,0,22,19346
4,0,0,23,19345
4,0,0,24,19231
4,0,0,25,19368
4,0,0,26,19349
4,0,0,27,19246
4,0,0,28,19513
4,0,0,29,19287
4,0,0,30,19213
4,0,0,31,19348
4,1,0,0,19227
4,1,0,1,19398
4,1,0,2,19238
4,1,0,3,19271
4,1,0,4,19419
4,1,0,5,19558
4,1,0,6,19196
4,1,0,7,19398
4,1,0,8,19202
4,1,0,9,19258
4,1,0,10,19166
4,1,0,11,19238
4,1,0,12,19269
4,1,0,13,19525
4,1,0,14,19645
4,1,0,15,19375
4,1,0,16,19223
4,1,0,17,19650
4,1,0,18,19559
4,1,0,19,19579
4,1,0,20,19262
4,1,0,21,19386
4,1,0,22,19284
4,1,0,23,19295
4,1,0,24,19403
4,1,0,25,19226
4,1,0,26,19359
4,1,0,27,19392
4,1,0,28,19235
4,1,0,29,19251
4,1,0,30,19562
4,1,0,31,19544
4,2,0,0,19980
4,2,0,1,19773
4,2,0,2,19505
4,2,0,3,19632
4,2,0,4,19546
4,2,0,5,19348
4,2,0,6,19472
4,2,0,7,19599
4,2,0,8,19548
4,2,0,9,19348
4,2,0,10,19344
4,2,0,11,19266
4,2,0,12,19261
4,2,0,13,19383
4,2,0,14,19338
4,2,0,15,19563
4,2,0,16,19663
4,2,0,17,19521
4,2,0,18,19342
4,2,0,19,19402
4,2,0,20,19244
4,2,0,21,19474
4,2,0,22,19383
4,2,0,23,19462
4,2,0,24,19246
4,2,0,25,19308
4,2,0,26,19348
4,2,0,27,19425
4,2,0,28,19497
4,2,0,29,19439
4,2,0,30,19442
4,2,0,31,19698
4,3,0,0,19358
4,3,0,1,19281
4,3,0,2,19284
4,3,0,3,19333
4,3,0,4,19232
4,3,0,5,19361
4,3,0,6,19184
4,3,0,7,19174
4,3,0,8,19250
4,3,0,9,19358
4,3,0,10,19277
4,3,0,11,19213
4,3,0,12,19320
4,3,0,13,19282
4,3,0,14,19310
4,3,0,15,19228
4,3,0,16,19201
4,3,0,17,19291
4,3,0,18,19196
4,3,0,19,19351
4,3,0,20,19277
4,3,0,21,19365
4,3,0,22,19300
4,3,0,23,19255
4,3,0,24,19336
4,3,0,25,19304
4,3,0,26,19250
4,3,0,27,19298
4,3,0,28,19269
4,3,0,29,19325
4,3,0,30,19417
4,3,0,31,19237
4,4,0,0,19453
4,4,0,1,19236
4,4,0,2,19373
4,4,0,3,19342
4,4,0,4,19429
4,4,0,5,19183
4,4,0,6,19233
4,4,0,7,19197
4,4,0,8,19237
4,4,0,9,19261
4,4,0,10,19181
4,4,0,11,19333
4,4,0,12,19272
4,4,0,13,19242
4,4,0,14,19176
4,4,0,15,19400
4,4,0,16,19407
4,4,0,17,19314
4,4,0,18,19293
4,4,0,19,19283
4,4,0,20,19216
4,4,0,21,19328
4,4,0,22,19688
4,4,0,23,19557
4,4,0,24,19456
4,4,0,25,19542
4,4,0,26,19547
4,4,0,27,19529
4,4,0,28,19548
4,4,0,29,19559
4,4,0,30,19615
4,4,0,31,19594
4,4,1,0,19656
4,4,1,1,19753
4,4,1,2,19515
4,4,1,3,19517
4,4,1,4,19535
4,4,1,5,19714
4,4,1,6,19624
4,4,1,7,19526
4,4,1,8,19515
4,4,1,9,19248
4,4,1,10,19325
4,4,1,11,19236
4,4,1,12,19321
4,4,1,13,19246
4,4,1,14,19230
4,4,1,15,19382
4,4,1,16,19569
4,4,1,17,19264
4,4,1,18,19265
4,4,1,19,19300
4,4,1,20,19414
4,4,1,21,19315
4,4,1,22,19210
4,4,1,23,19397
4,4,1,24,19226
4,4,1,25,19234
4,4,1,26,19355
4,4,1,27,19186
4,4,1,28,19280
4,4,1,29,19289
4,4,1,30,19249
4,4,1,31,19266
4,3,1,0,19177
4,3,1,1,19439
4,3,1,2,19257
4,3,1,3,19339
4,3,1,4,19215
4,3,1,5,19316
4,3,1,6,19196
4,3,1,7,19322
4,3,1,8,19201
4,3,1,9,19231
4,3,1,10,19277
4,3,1,11,19323
4,3,1,12,19192
4,3,1,13,19193
4,3,1,14,19275
4,3,1,15,19291
4,3,1,16,19199
4,3,1,17,19291
4,3,1,18,19336
4,3,1,19,19267
4,3,1,20,19300
4,3,1,21,19359
4,3,1,22,19139
4,3,1,23,19408
4,3,1,24,19232
4,3,1,25,19217
4,3,1,26,19218
4,3,1,27,19404
4,3,1,28,19323
4,3,1,29,19301
4,3,1,30,19303
4,3,1,31,19448
4,2,1,0,19320
4,2,1,1,19324
4,2,1,2,19302
4,2,1,3,19414
4,2,1,4,19397
4,2,1,5,19423
4,2,1,6,19655
4,2,1,7,20068
4,2,1,8,19350
4,2,1,9,19601
4,2,1,10,19628
4,2,1,11,19694
4,2,1,12,19507
4,2,1,13,19563
4,2,1,14,19393
4,2,1,15,19438
4,2,1,16,19341
4,2,1,17,19405
4,2,1,18,19361
4,2,1,19,19385
4,2,1,20,19370
4,2,1,21,19545
4,2,1,22,19341
4,2,1,23,19384
4,2,1,24,19373
4,2,1,25,19383
4,2,1,26,19314
4,2,1,27,19489
4,2,1,28,19321
4,2,1,29,19319
4,2,1,30,19417
4,2,1,31,19363
4,1,1,0,19214
4,1,1,1,19292
4,1,1,2,19391
4,1,1,3,19276
4,1,1,4,19370
4,1,1,5,19385
4,1,1,6,19341
4,1,1,7,19277
4,1,1,8,19264
4,1,1,9,19297
4,1,1,10,19233
4,1,1,11,19305
4,1,1,12,19259
4,1,1,13,19287
4,1,1,14,19240
4,1,1,15,19253
4,1,1,16,19243
4,1,1,17,19349
4,1,1,18,19251
4,1,1,19,19220
4,1,1,20,19342
4,1,1,21,19275
4,1,1,22,19228
4,1,1,23,19296
4,1,1,24,19151
4,1,1,25,19261
4,1,1,26,19390
4,1,1,27,19278
4,1,1,28,19260
4,1,1,29,19250
4,1,1,30,19403
4,1,1,31,19278
4,0,1,0,19152
4,0,1,1,19275
4,0,1,2,19290
4,0,1,3,19300
4,0,1,4,19412
4,0,1,5,19561
4,0,1,6,19603
4,0,1,7,19279
4,0,1,8,19172
4,0,1,9,19344
4,0,1,10,19255
4,0,1,11,19467
4,0,1,12,19228
4,0,1,13,19201
4,0,1,14,19167
4,0,1,15,19366
4,0,1,16,19413
4,0,1,17,19213
4,0,1,18,19333
4,0,1,19,19294
4,0,1,20,19350
4,0,1,21,19150
4,0,1,22,19229
4,0,1,23,19203
4,0,1,24,19318
4,0,1,25,19508
4,0,1,26,19316
4,0,1,27,19202
4,0,1,28,19928
4,0,1,29,19562
4,0,1,30,19662
4,0,1,31,19512
4,0,2,0,19174
4,0,2,1,19267
4,0,2,2,19281
4,0,2,3,19238
4,0,2,4,19315
4,0,2,5,19466
4,0,2,6,19617
4,0,2,7,19231
4,0,2,8,19249
4,0,2,9,19642
4,0,2,10,19605
4,0,2,11,19286
4,0,2,12,19239
4,0,2,13,19251
4,0,2,14,19269
4,0,2,15,19196
4,0,2,16,19283
4,0,2,17,19243
4,0,2,18,19210
4,0,2,19,19275
4,0,2,20,19277
4,0,2,21,19323
4,0,2,22,19379
4,0,2,23,19224
4,0,2,24,19540
4,0,2,25,19239
4,0,2,26,19232
4,0,2,27,19209
4,0,2,28,19258
4,0,2,29,19197
4,0,2,30,19277
4,0,2,31,19274
4,1,2,0,19158
4,1,2,1,19159
4,1,2,2,19248
4,1,2,3,19533
4,1,2,4,19380
4,1,2,5,19570
4,1,2,6,19587
4,1,2,7,19506
4,1,2,8,19342
4,1,2,9,19255
4,1,2,10,19344
4,1,2,11,19246
4,1,2,12,19316
4,1,2,13,19215
4,1,2,14,19270
4,1,2,15,19313
4,1,2,16,19328
4,1,2,17,19256
4,1,2,18,19263
4,1,2,19,19343
4,1,2,20,19231
4,1,2,21,19182
4,1,2,22,19242
4,1,2,23,19482
4,1,2,24,19166
4,1,2,25,19204
4,1,2,26,19404
4,1,2,27,19236
4,1,2,28,19269
4,1,2,29,19153
4,1,2,30,19231
4,1,2,31,19358
4,2,2,0,19320
4,2,2,1,19380
4,2,2,2,19317
4,2,2,3,19403
4,2,2,4,19373
4,2,2,5,19446
4,2,2,6,19304
4,2,2,7,19375
4,2,2,8,19218
4,2,2,9,19279
4,2,2,10,19352
4,2,2,11,19377
4,2,2,12,19254
4,2,2,13,19382
4,2,2,14,19964
4,2,2,15,19453
4,2,2,16,19554
4,2,2,17,19487
4,2,2,18,19369
4,2,2,19,19483
4,2,2,20,19327
4,2,2,21,19408
4,2,2,22,19397
4,2,2,23,19335
4,2,2,24,19352
4,2,2,25,19335
4,2,2,26,19319
4,2,2,27,19468
4,2,2,28,19358
4,2,2,29,19395
4,2,2,30,19421
4,2,2,31,19417
4,3,2,0,19265
4,3,2,1,19142
4,3,2,2,19421
4,3,2,3,19306
4,3,2,4,19451
4,3,2,5,19259
4,3,2,6,19159
4,3,2,7,19294
4,3,2,8,19368
4,3,2,9,19313
4,3,2,10,19328
4,3,2,11,19321
4,3,2,12,19197
4,3,2,13,19265
4,3,2,14,19321
4,3,2,15,19192
4,3,2,16,19310
4,3,2,17,19272
4,3,2,18,19129
4,3,2,19,19263
4,3,2,20,19247
4,3,2,21,19469
4,3,2,22,19265
4,3,2,23,19277
4,3,2,24,19178
4,3,2,25,19296
4,3,2,26,19269
4,3,2,27,19212
4,3,2,28,19314
4,3,2,29,19311
4,3,2,30,19238
4,3,2,31,19317
4,4,2,0,19188
4,4,2,1,19236
4,4,2,2,19298
4,4,2,3,19562
4,4,2,4,19170
4,4,2,5,19583
4,4,2,6,19192
4,4,2,7,19324
4,4,2,8,19217
4,4,2,9,19258
4,4,2,10,19274
4,4,2,11,19353
4,4,2,12,19341
4,4,2,13,19221
4,4,2,14,19278
4,4,2,15,19295
4,4,2,16,19382
4,4,2,17,19187
4,4,2,18,19262
4,4,2,19,19305
4,4,2,20,19482
4,4,2,21,19562
4,4,2,22,19191
4,4,2,23,19559
4,4,2,24,19614
4,4,2,25,19575
4,4,2,26,19514
4,4,2,27,19296
4,4,2,28,19353
4,4,2,29,19223
4,4,2,30,19589
4,4,2,31,19523
4,4,3,0,20139
4,4,3,1,19576
4,4,3,2,19181
4,4,3,3,19422
4,4,3,4,19224
4,4,3,5,19231
4,4,3,6,19364
4,4,3,7,19383
4,4,3,8,19283
4,4,3,9,19380
4,4,3,10,19153
4,4,3,11,19359
4,4,3,12,19224
4,4,3,13,19337
4,4,3,14,19234
4,4,3,15,19174
4,4,3,16,19449
4,4,3,17,19296
4,4,3,18,19162
4,4,3,19,19374
4,4,3,20,19227
4,4,3,21,19320
4,4,3,22,19207
4,4,3,23,19217
4,4,3,24,19256
4,4,3,25,19262
4,4,3,26,19290
4,4,3,27,19273
4,4,3,28,19279
4,4,3,29,19287
4,4,3,30,19280
4,4,3,31,19575
4,3,3,0,19233
4,3,3,1,19203
4,3,3,2,19283
4,3,3,3,19404
4,3,3,4,19136
4,3,3,5,19283
4,3,3,6,19287
4,3,3,7,19308
4,3,3,8,19379
4,3,3,9,19185
4,3,3,10,19242
4,3,3,11,19336
4,3,3,12,19266
4,3,3,13,19218
4,3,3,14,19218
4,3,3,15,19330
4,3,3,16,19397
4,3,3,17,19225
4,3,3,18,19413
4,3,3,19,19256
4,3,3,20,19367
4,3,3,21,19298
4,3,3,22,19341
4,3,3,23,19210
4,3,3,24,19225
4,3,3,25,19288
4,3,3,26,19252
4,3,3,27,19343
4,3,3,28,19271
4,3,3,29,19244
4,3,3,30,19281
4,3,3,31,19167
4,2,3,0,19208
4,2,3,1,19358
4,2,3,2,19390
4,2,3,3,19528
4,2,3,4,19323
4,2,3,5,19448
4,2,3,6,19579
4,2,3,7,19267
4,2,3,8,19272
4,2,3,9,19321
4,2,3,10,19364
4,2,3,11,19295
4,2,3,12,19476
4,2,3,13,19332
4,2,3,14,19278
4,2,3,15,19495
4,2,3,16,19320
4,2,3,17,19228
4,2,3,18,19446
4,2,3,19,19323
4,2,3,20,19531
4,2,3,21,19987
4,2,3,22,19554
4,2,3,23,19385
4,2,3,24,19316
4,2,3,25,19331
4,2,3,26,19477
4,2,3,27,19335
4,2,3,28,19304
4,2,3,29,19394
4,2,3,30,19508
4,2,3,31,19353
4,1,3,0,19263
4,1,3,1,19201
4,1,3,2,19332
4,1,3,3,19253
4,1,3,4,19192
4,1,3,5,19471
4,1,3,6,19190
4,1,3,7,19229
4,1,3,8,19409
4,1,3,9,19440
4,1,3,10,19178
4,1,3,11,19167
4,1,3,12,19379
4,1,3,13,19450
4,1,3,14,19243
4,1,3,15,19329
4,1,3,16,19279
4,1,3,17,19129
4,1,3,18,19261
4,1,3,19,19412
4,1,3,20,19546
4,1,3,21,19225
4,1,3,22,19329
4,1,3,23,19273
4,1,3,24,19241
4,1,3,25,19350
4,1,3,26,19210
4,1,3,27,19244
4,1,3,28,19299
4,1,3,29,19581
4,1,3,30,19515
4,1,3,31,19642
4,0,3,0,19512
4,0,3,1,19586
4,0,3,2,19402
4,0,3,3,19510
4,0,3,4,19640
4,0,3,5,19173
4,0,3,6,19217
4,0,3,7,19273
4,0,3,8,19365
4,0,3,9,19313
4,0,3,10,19227
4,0,3,11,19268
4,0,3,12,19592
4,0,3,13,19265
4,0,3,14,19241
4,0,3,15,19598
4,0,3,16,19560
4,0,3,17,19384
4,0,3,18,19252
4,0,3,19,19311
4,0,3,20,19223
4,0,3,21,19330
4,0,3,22,19286
4,0,3,23,19276
4,0,3,24,19421
4,0,3,25,19279
4,0,3,26,19243
4,0,3,27,19580
4,0,3,28,19712
4,0,3,29,19246
4,0,3,30,19300
4,0,3,31,19363
4,0,4,0,19176
4,0,4,1,19219
4,0,4,2,19338
4,0,4,3,19215
4,0,4,4,19256
4,0,4,5,19335
4,0,4,6,19368
4,0,4,7,19980
4,0,4,8,19296
4,0,4,9,19257
4,0,4,10,19222
4,0,4,11,19247
4,0,4,12,19500
4,0,4,13,19264
4,0,4,14,19203
4,0,4,15,19170
4,0,4,16,19499
4,0,4,17,19210
4,0,4,18,19499
4,0,4,19,19337
4,0,4,20,19375
4,0,4,21,19231
4,0,4,22,19172
4,0,4,23,19265
4,0,4,24,19316
4,0,4,25,19232
4,0,4,26,19310
4,0,4,27,19196
4,0,4,28,19228
4,0,4,29,19249
4,0,4,30,19345
4,0,4,31,19287
4,1,4,0,19353
4,1,4,1,19411
4,1,4,2,19189
4,1,4,3,19181
4,1,4,4,19404
4,1,4,5,19281
4,1,4,6,19264
4,1,4,7,19329
4,1,4,8,19238
4,1,4,9,19408
4,1,4,10,19186
4,1,4,11,19255
4,1,4,12,19145
4,1,4,13,19277
4,1,4,14,19307
4,1,4,15,19193
4,1,4,16,19434
4,1,4,17,19375
4,1,4,18,19324
4,1,4,19,19351
4,1,4,20,19321
4,1,4,21,19234
4,1,4,22,19475
4,1,4,23,19385
4,1,4,24,19624
4,1,4,25,19165
4,1,4,26,19214
4,1,4,27,19197
4,1,4,28,19282
4,1,4,29,19351
4,1,4,30,19523
4,1,4,31,19523
4,2,4,0,19293
4,2,4,1,19388
4,2,4,2,19460
4,2,4,3,19436
4,2,4,4,19348
4,2,4,5,19386
4,2,4,6,19244
4,2,4,7,19499
4,2,4,8,19580
4,2,4,9,19479
4,2,4,10,19359
4,2,4,11,19308
4,2,4,12,19351
4,2,4,13,19207
4,2,4,14,19467
4,2,4,15,19635
4,2,4,16,19511
4,2,4,17,19377
4,2,4,18,19494
4,2,4,19,19417
4,2,4,20,19182
4,2,4,21,19627
4,2,4,22,19337
4,2,4,23,19374
4,2,4,24,19282
4,2,4,25,19245
4,2,4,26,19303
4,2,4,27,19329
4,2,4,28,19893
4,2,4,29,19598
4,2,4,30,19308
4,2,4,31,19546
4,3,4,0,19197
4,3,4,1,19379
4,3,4,2,19298
4,3,4,3,19273
4,3,4,4,19333
4,3,4,5,19320
4,3,4,6,19179
4,3,4,7,19283
4,3,4,8,19249
4,3,4,9,19253
4,3,4,10,19227
4,3,4,11,19306
4,3,4,12,19294
4,3,4,13,19354
4,3,4,14,19243
4,3,4,15,19326
4,3,4,16,19139
4,3,4,17,19333
4,3,4,18,19214
4,3,4,19,19409
4,3,4,20,19270
4,3,4,21,19313
4,3,4,22,19244
4,3,4,23,19339
4,3,4,24,19190
4,3,4,25,19324
4,3,4,26,19235
4,3,4,27,19422
4,3,4,28,19186
4,3,4,29,19183
4,3,4,30,19223
4,3,4,31,19285
4,4,4,0,19299
4,4,4,1,19285
4,4,4,2,19221
4,4,4,3,19338
4,4,4,4,19324
4,4,4,5,19639
4,4,4,6,19210
4,4,4,7,19202
4,4,4,8,19371
4,4,4,9,19334
4,4,4,10,19265
4,4,4,11,19192
4,4,4,12,19153
4,4,4,13,19519
4,4,4,14,19260
4,4,4,15,19321
4,4,4,16,19230
4,4,4,17,19382
4,4,4,18,19179
4,4,4,19,19205
4,4,4,20,19311
4,4,4,21,19218
4,4,4,22,19119
4,4,4,23,19232
4,4,4,24,19212
4,4,4,25,19333
4,4,4,26,19275
4,4,4,27,19309
4,4,4,28,19246
4,4,4,29,19390
4,4,4,30,19219
4,4,4,31,19297
4,4,5,0,19244
4,4,5,1,19290
4,4,5,2,19168
4,4,5,3,19330
4,4,5,4,19263
4,4,5,5,19238
4,4,5,6,19346
4,4,5,7,19283
4,4,5,8,19165
4,4,5,9,19228
4,4,5,10,19283
4,4,5,11,19190
4,4,5,12,19388
4,4,5,13,19224
4,4,5,14,20170
4,4,5,15,19654
4,4,5,16,19521
4,4,5,17,19563
4,4,5,18,19666
4,4,5,19,19612
4,4,5,20,19188
4,4,5,21,19378
4,4,5,22,19363
4,4,5,23,19427
4,4,5,24,19415
4,4,5,25,19270
4,4,5,26,19241
4,4,5,27,19342
4,4,5,28,19363
4,4,5,29,19338
4,4,5,30,19263
4,4,5,31,19266
4,3,5,0,19166
4,3,5,1,19236
4,3,5,2,19195
4,3,5,3,19335
4,3,5,4,19390
4,3,5,5,19336
4,3,5,6,19347
4,3,5,7,19232
4,3,5,8,19280
4,3,5,9,19218
4,3,5,10,19271
4,3,5,11,19295
4,3,5,12,19283
4,3,5,13,19290
4,3,5,14,19245
4,3,5,15,19238
4,3,5,16,19274
4,3,5,17,19210
4,3,5,18,19326
4,3,5,19,19143
4,3,5,20,19267
4,3,5,21,19258
4,3,5,22,19209
4,3,5,23,19268
4,3,5,24,19220
4,3,5,25,19255
4,3,5,26,19125
4,3,5,27,19152
4,3,5,28,19124
4,3,5,29,19266
4,3,5,30,19189
4,3,5,31,19447
4,2,5,0,19306
4,2,5,1,19411
4,2,5,2,19350
4,2,5,3,19528
4,2,5,4,19415
4,2,5,5,19370
4,2,5,6,19406
4,2,5,7,19365
4,2,5,8,19367
4,2,5,9,19479
4,2,5,10,19342
4,2,5,11,19329
4,2,5,12,19482
4,2,5,13,19288
4,2,5,14,19329
4,2,5,15,19407
4,2,5,16,19397
4,2,5,17,19470
4,2,5,18,19291
4,2,5,19,19239
4,2,5,20,19466
4,2,5,21,19373
4,2,5,22,19276
4,2,5,23,19411
4,2,5,24,19240
4,2,5,25,19446
4,2,5,26,19265
4,2,5,27,19288
4,2,5,28,19429
4,2,5,29,19361
4,2,5,30,19374
4,2,5,31,19334
4,1,5,0,19833
4,1,5,1,19373
4,1,5,2,19210
4,1,5,3,19196
4,1,5,4,19675
4,1,5,5,19229
4,1,5,6,19257
4,1,5,7,19395
4,1,5,8,19255
4,1,5,9,19218
4,1,5,10,19391
4,1,5,11,19396
4,1,5,12,19218
4,1,5,13,19309
4,1,5,14,19408
4,1,5,15,19658
4,1,5,16,19515
4,1,5,17,19477
4,1,5,18,19195
4,1,5,19,19289
4,1,5,20,19291
4,1,5,21,19424
4,1,5,22,19188
4,1,5,23,19260
4,1,5,24,19397
4,1,5,25,19265
4,1,5,26,19204
4,1,5,27,19667
4,1,5,28,19187
4,1,5,29,19303
4,1,5,30,19646
4,1,5,31,19558
4,0,5,0,19196
4,0,5,1,19327
4,0,5,2,19433
4,0,5,3,19228
4,0,5,4,19278
4,0,5,5,19334
4,0,5,6,19352
4,0,5,7,19214
4,0,5,8,19226
4,0,5,9,19253
4,0,5,10,19342
4,0,5,11,19286
4,0,5,12,19189
4,0,5,13,19372
4,0,5,14,19339
4,0,5,15,19467
4,0,5,16,19201
4,0,5,17,19370
4,0,5,18,19329
4,0,5,19,19258
4,0,5,20,19653
4,0,5,21,19196
4,0,5,22,19259
4,0,5,23,19306
4,0,5,24,19487
4,0,5,25,19315
4,0,5,26,19330
4,0,5,27,19282
4,0,5,28,19287
4,0,5,29,19198
4,0,5,30,19424
4,0,5,31,19415
4,0,6,0,19308
4,0,6,1,19152
4,0,6,2,19388
4,0,6,3,19552
4,0,6,4,19238
4,0,6,5,19411
4,0,6,6,19204
4,0,6,7,19262
4,0,6,8,19251
4,0,6,9,19353
4,0,6,10,19244
4,0,6,11,19381
4,0,6,12,19381
4,0,6,13,19159
4,0,6,14,19349
4,0,6,15,19228
4,0,6,16,19174
4,0,6,17,19283
4,0,6,18,19219
4,0,6,19,19395
4,0,6,20,19320
4,0,6,21,20014
4,0,6,22,19228
4,0,6,23,19523
4,0,6,24,19701
4,0,6,25,19262
4,0,6,26,19259
4,0,6,27,19593
4,0,6,28,19298
4,0,6,29,19290
4,0,6,30,19539
4,0,6,31,19177
4,1,6,0,19337
4,1,6,1,19212
4,1,6,2,19320
4,1,6,3,19252
4,1,6,4,19267
4,1,6,5,19568
4,1,6,6,19458
4,1,6,7,19400
4,1,6,8,19270
4,1,6,9,19335
4,1,6,10,19381
4,1,6,11,19323
4,1,6,12,19446
4,1,6,13,19161
4,1,6,14,19539
4,1,6,15,19319
4,1,6,16,19190
4,1,6,17,19510
4,1,6,18,19221
4,1,6,19,19587
4,1,6,20,19229
4,1,6,21,19294
4,1,6,22,19654
4,1,6,23,19604
4,1,6,24,19240
4,1,6,25,19273
4,1,6,26,19287
4,1,6,27,19480
4,1,6,28,19175
4,1,6,29,19260
4,1,6,30,19228
4,1,6,31,19490
4,2,6,0,19223
4,2,6,1,19317
4,2,6,2,19524
4,2,6,3,19439
4,2,6,4,19762
4,2,6,5,19374
4,2,6,6,19395
4,2,6,7,19379
4,2,6,8,19323
4,2,6,9,19332
4,2,6,10,19286
4,2,6,11,19377
4,2,6,12,19504
4,2,6,13,19237
4,2,6,14,19334
4,2,6,15,19223
4,2,6,16,19331
4,2,6,17,19307
4,2,6,18,19333
4,2,6,19,19340
4,2,6,20,19468
4,2,6,21,19337
4,2,6,22,19244
4,2,6,23,19234
4,2,6,24,19397
4,2,6,25,19527
4,2,6,26,19689
4,2,6,27,19274
4,2,6,28,19394
4,2,6,29,19200
4,2,6,30,19256
4,2,6,31,19367
4,3,6,0,19133
4,3,6,1,19574
4,3,6,2,19238
4,3,6,3,19348
4,3,6,4,19315
4,3,6,5,19313
4,3,6,6,19844
4,3,6,7,19389
4,3,6,8,19287
4,3,6,9,19327
4,3,6,10,19227
4,3,6,11,19193
4,3,6,12,19267
4,3,6,13,19524
4,3,6,14,19337
4,3,6,15,19316
4,3,6,16,19298
4,3,6,17,19211
4,3,6,18,19187
4,3,6,19,19189
4,3,6,20,19299
4,3,6,21,19265
4,3,6,22,19134
4,3,6,23,19231
4,3,6,24,19339
4,3,6,25,19301
4,3,6,26,19307
4,3,6,27,19209
4,3,6,28,19338
4,3,6,29,19095
4,3,6,30,19139
4,3,6,31,19215
4,4,6,0,19233
4,4,6,1,19320
4,4,6,2,19282
4,4,6,3,19265
4,4,6,4,19133
4,4,6,5,19270
4,4,6,6,19278
4,4,6,7,19323
4,4,6,8,19395
4,4,6,9,19291
4,4,6,10,19185
4,4,6,11,19295
4,4,6,12,19176
4,4,6,13,19238
4,4,6,14,19556
4,4,6,15,19316
4,4,6,16,19168
4,4,6,17,19209
4,4,6,18,19283
4,4,6,19,19483
4,4,6,20,19258
4,4,6,21,19323
4,4,6,22,19297
4,4,6,23,19275
4,4,6,24,19237
4,4,6,25,19310
4,4,6,26,19251
4,4,6,27,19171
4,4,6,28,19258
4,4,6,29,19324
4,4,6,30,19126
4,4,6,31,19214
4,4,7,0,19211
4,4,7,1,19314
4,4,7,2,19248
4,4,7,3,19301
4,4,7,4,19181
4,4,7,5,19278
4,4,7,6,19188
4,4,7,7,19182
4,4,7,8,19304
4,4,7,9,19383
4,4,7,10,19388
4,4,7,11,19331
4,4,7,12,19249
4,4,7,13,19222
4,4,7,14,19427
4,4,7,15,19256
4,4,7,16,19241
4,4,7,17,19166
4,4,7,18,19169
4,4,7,19,19202
4,4,7,20,19312
4,4,7,21,19340
4,4,7,22,19648
4,4,7,23,19488
4,4,7,24,19556
4,4,7,25,19521
4,4,7,26,19431
4,4,7,27,19317
4,4,7,28,19933
4,4,7,29,19497
4,4,7,30,19581
4,4,7,31,19685
4,3,7,0,19699
4,3,7,1,19372
4,3,7,2,19273
4,3,7,3,19510
4,3,7,4,19275
4,3,7,5,19230
4,3,7,6,19339
4,3,7,7,19212
4,3,7,8,19311
4,3,7,9,19175
4,3,7,10,19266
4,3,7,11,19312
4,3,7,12,19207
4,3,7,13,19251
4,3,7,14,19254
4,3,7,15,19288
4,3,7,16,19303
4,3,7,17,19395
4,3,7,18,19340
4,3,7,19,19189
4,3,7,20,19225
4,3,7,21,19342
4,3,7,22,19180
4,3,7,23,19187
4,3,7,24,19326
4,3,7,25,19175
4,3,7,26,19364
4,3,7,27,19265
4,3,7,28,19206
4,3,7,29,19358
4,3,7,30,19246
4,3,7,31,19279
4,2,7,0,19211
4,2,7,1,19538
4,2,7,2,19286
4,2,7,3,19502
4,2,7,4,19317
4,2,7,5,19309
4,2,7,6,19398
4,2,7,7,19335
4,2,7,8,19442
4,2,7,9,19401
4,2,7,10,19351
4,2,7,11,19374
4,2,7,12,19438
4,2,7,13,19382
4,2,7,14,19472
4,2,7,15,19271
4,2,7,16,19514
4,2,7,17,19476
4,2,7,18,19324
4,2,7,19,19489
4,2,7,20,19332
4,2,7,21,19428
4,2,7,22,19394
4,2,7,23,19409
4,2,7,24,19320
4,2,7,25,19586
4,2,7,26,19688
4,2,7,27,19552
4,2,7,28,19216
4,2,7,29,19333
4,2,7,30,19355
4,2,7,31,19334
4,1,7,0,19179
4,1,7,1,19282
4,1,7,2,19184
4,1,7,3,19509
4,1,7,4,19334
4,1,7,5,19202
4,1,7,6,19342
4,1,7,7,19486
4,1,7,8,19472
4,1,7,9,19311
4,1,7,10,19171
4,1,7,11,19253
4,1,7,12,19261
4,1,7,13,19282
4,1,7,14,20081
4,1,7,15,19717
4,1,7,16,19577
4,1,7,17,19616
4,1,7,18,19547
4,1,7,19,19563
4,1,7,20,19592
4,1,7,21,19285
4,1,7,22,19471
4,1,7,23,19540
4,1,7,24,19360
4,1,7,25,19219
4,1,7,26,19206
4,1,7,27,19449
4,1,7,28,19476
4,1,7,29,19232
4,1,7,30,19371
4,1,7,31,19210
4,0,7,0,20104
4,0,7,1,19539
4,0,7,2,19230
4,0,7,3,19312
4,0,7,4,19635
4,0,7,5,19216
4,0,7,6,19371
4,0,7,7,19578
4,0,7,8,19226
4,0,7,9,19599
4,0,7,10,19454
4,0,7,11,19201
4,0,7,12,19220
4,0,7,13,19355
4,0,7,14,19412
4,0,7,15,19146
4,0,7,16,19244
4,0,7,17,19183
4,0,7,18,19356
4,0,7,19,19524
4,0,7,20,19134
4,0,7,21,19252
4,0,7,22,19225
4,0,7,23,19274
4,0,7,24,19277
4,0,7,25,19658
4,0,7,26,19527
4,0,7,27,19279
4,0,7,28,19587
4,0,7,29,19320
4,0,7,30,19234
4,0,7,31,19247
