cpucycles tracesetup 0 amd64-perfpmcff precision 0 scaling 0.000000 only32 0
cpucycles tracesetup 1 amd64-perfpmc precision 0 scaling 0.000000 only32 0
cpucycles tracesetup 2 amd64-pmcff precision 0 scaling 0.000000 only32 0
cpucycles tracesetup 3 amd64-tsc precision 1080 scaling 0.467415 only32 0
cpucycles tracesetup 4 amd64-tscasm precision 1090 scaling 0.467415 only32 0
cpucycles tracesetup 5 default-perfevent precision 203 scaling 1.000000 only32 0
cpucycles tracesetup 6 default-mach precision 0 scaling 0.000000 only32 0
cpucycles tracesetup 7 default-monotonic precision 1074 scaling 1.400000 only32 0
cpucycles tracesetup 8 default-gettimeofday precision 2440 scaling 1400.000000 only32 0
cpucycles tracesetup 9 default-zero precision 0 scaling 0.000000 only32 0
region,variant,block,observation,cycles
0,0,0,0,998
0,0,0,1,924
0,0,0,2,936
0,0,0,3,951
0,0,0,4,951
0,0,0,5,958
0,0,0,6,964
0,0,0,7,958
0,0,0,8,954
0,0,0,9,949
0,0,0,10,938
0,0,0,11,993
0,0,0,12,952
0,0,0,13,957
0,0,0,14,971
0,0,0,15,997
0,0,0,16,963
0,0,0,17,960
0,0,0,18,959
0,0,0,19,957
0,0,0,20,969
0,0,0,21,963
0,0,0,22,970
0,0,0,23,938
0,0,0,24,947
0,0,0,25,943
0,0,0,26,937
0,0,0,27,972
0,0,0,28,954
0,0,0,29,990
0,0,0,30,984
0,0,0,31,941
0,1,0,0,947
0,1,0,1,962
0,1,0,2,982
0,1,0,3,968
0,1,0,4,946
0,1,0,5,947
0,1,0,6,968
0,1,0,7,955
0,1,0,8,936
0,1,0,9,958
0,1,0,10,951
0,1,0,11,959
0,1,0,12,936
0,1,0,13,950
0,1,0,14,948
0,1,0,15,952
0,1,0,16,951
0,1,0,17,938
0,1,0,18,972
0,1,0,19,948
0,1,0,20,950
0,1,0,21,925
0,1,0,22,945
0,1,0,23,957
0,1,0,24,939
0,1,0,25,936
0,1,0,26,965
0,1,0,27,963
0,1,0,28,946
0,1,0,29,948
0,1,0,30,951
0,1,0,31,948
0,2,0,0,965
0,2,0,1,991
0,2,0,2,964
0,2,0,3,969
0,2,0,4,947
0,2,0,5,947
0,2,0,6,959
0,2,0,7,936
0,2,0,8,957
0,2,0,9,955
0,2,0,10,953
0,2,0,11,927
0,2,0,12,947
0,2,0,13,969
0,2,0,14,958
0,2,0,15,929
0,2,0,16,947
0,2,0,17,962
0,2,0,18,926
0,2,0,19,925
0,2,0,20,938
0,2,0,21,978
0,2,0,22,943
0,2,0,23,954
0,2,0,24,927
0,2,0,25,949
0,2,0,26,937
0,2,0,27,951
0,2,0,28,940
0,2,0,29,936
0,2,0,30,944
0,2,0,31,946
0,3,0,0,956
0,3,0,1,953
0,3,0,2,953
0,3,0,3,938
0,3,0,4,931
0,3,0,5,944
0,3,0,6,945
0,3,0,7,963
0,3,0,8,975
0,3,0,9,940
0,3,0,10,960
0,3,0,11,934
0,3,0,12,936
0,3,0,13,944
0,3,0,14,981
0,3,0,15,938
0,3,0,16,971
0,3,0,17,950
0,3,0,18,943
0,3,0,19,938
0,3,0,20,941
0,3,0,21,957
0,3,0,22,978
0,3,0,23,955
0,3,0,24,957
0,3,0,25,949
0,3,0,26,943
0,3,0,27,949
0,3,0,28,962
0,3,0,29,937
0,3,0,30,957
0,3,0,31,963
0,4,0,0,984
0,4,0,1,978
0,4,0,2,983
0,4,0,3,984
0,4,0,4,991
0,4,0,5,957
0,4,0,6,967
0,4,0,7,938
0,4,0,8,964
0,4,0,9,955
0,4,0,10,940
0,4,0,11,949
0,4,0,12,940
0,4,0,13,961
0,4,0,14,972
0,4,0,15,949
0,4,0,16,956
0,4,0,17,975
0,4,0,18,968
0,4,0,19,950
0,4,0,20,964
0,4,0,21,963
0,4,0,22,941
0,4,0,23,950
0,4,0,24,956
0,4,0,25,933
0,4,0,26,935
0,4,0,27,939
0,4,0,28,949
0,4,0,29,981
0,4,0,30,973
0,4,0,31,940
0,4,1,0,963
0,4,1,1,944
0,4,1,2,963
0,4,1,3,955
0,4,1,4,958
0,4,1,5,963
0,4,1,6,988
0,4,1,7,963
0,4,1,8,977
0,4,1,9,968
0,4,1,10,951
0,4,1,11,953
0,4,1,12,933
0,4,1,13,939
0,4,1,14,939
0,4,1,15,935
0,4,1,16,959
0,4,1,17,948
0,4,1,18,964
0,4,1,19,958
0,4,1,20,983
0,4,1,21,959
0,4,1,22,957
0,4,1,23,961
0,4,1,24,963
0,4,1,25,952
0,4,1,26,978
0,4,1,27,998
0,4,1,28,956
0,4,1,29,951
0,4,1,30,955
0,4,1,31,947
0,3,1,0,959
0,3,1,1,968
0,3,1,2,989
0,3,1,3,988
0,3,1,4,981
0,3,1,5,951
0,3,1,6,939
0,3,1,7,960
0,3,1,8,967
0,3,1,9,969
0,3,1,10,969
0,3,1,11,975
0,3,1,12,950
0,3,1,13,956
0,3,1,14,957
0,3,1,15,958
0,3,1,16,963
0,3,1,17,935
0,3,1,18,962
0,3,1,19,975
0,3,1,20,958
0,3,1,21,967
0,3,1,22,969
0,3,1,23,961
0,3,1,24,950
0,3,1,25,946
0,3,1,26,922
0,3,1,27,956
0,3,1,28,941
0,3,1,29,941
0,3,1,30,935
0,3,1,31,937
0,2,1,0,950
0,2,1,1,990
0,2,1,2,966
0,2,1,3,973
0,2,1,4,969
0,2,1,5,974
0,2,1,6,967
0,2,1,7,975
0,2,1,8,11850
0,2,1,9,948
0,2,1,10,950
0,2,1,11,974
0,2,1,12,940
0,2,1,13,961
0,2,1,14,972
0,2,1,15,927
0,2,1,16,969
0,2,1,17,975
0,2,1,18,949
0,2,1,19,945
0,2,1,20,971
0,2,1,21,959
0,2,1,22,950
0,2,1,23,953
0,2,1,24,955
0,2,1,25,967
0,2,1,26,950
0,2,1,27,950
0,2,1,28,950
0,2,1,29,939
0,2,1,30,960
0,2,1,31,945
0,1,1,0,955
0,1,1,1,959
0,1,1,2,957
0,1,1,3,979
0,1,1,4,971
0,1,1,5,953
0,1,1,6,975
0,1,1,7,956
0,1,1,8,953
0,1,1,9,961
0,1,1,10,941
0,1,1,11,938
0,1,1,12,954
0,1,1,13,968
0,1,1,14,947
0,1,1,15,932
0,1,1,16,943
0,1,1,17,940
0,1,1,18,944
0,1,1,19,944
0,1,1,20,935
0,1,1,21,956
0,1,1,22,948
0,1,1,23,954
0,1,1,24,947
0,1,1,25,958
0,1,1,26,943
0,1,1,27,961
0,1,1,28,970
0,1,1,29,953
0,1,1,30,973
0,1,1,31,963
0,0,1,0,948
0,0,1,1,945
0,0,1,2,958
0,0,1,3,979
0,0,1,4,946
0,0,1,5,930
0,0,1,6,945
0,0,1,7,958
0,0,1,8,945
0,0,1,9,944
0,0,1,10,947
0,0,1,11,936
0,0,1,12,933
0,0,1,13,940
0,0,1,14,924
0,0,1,15,930
0,0,1,16,939
0,0,1,17,944
0,0,1,18,953
0,0,1,19,939
0,0,1,20,935
0,0,1,21,937
0,0,1,22,950
0,0,1,23,951
0,0,1,24,954
0,0,1,25,947
0,0,1,26,954
0,0,1,27,949
0,0,1,28,949
0,0,1,29,935
0,0,1,30,947
0,0,1,31,974
0,0,2,0,958
0,0,2,1,954
0,0,2,2,964
0,0,2,3,943
0,0,2,4,951
0,0,2,5,972
0,0,2,6,941
0,0,2,7,940
0,0,2,8,952
0,0,2,9,947
0,0,2,10,1337
0,0,2,11,1000
0,0,2,12,959
0,0,2,13,938
0,0,2,14,932
0,0,2,15,948
0,0,2,16,968
0,0,2,17,941
0,0,2,18,952
0,0,2,19,947
0,0,2,20,951
0,0,2,21,943
0,0,2,22,946
0,0,2,23,978
0,0,2,24,942
0,0,2,25,964
0,0,2,26,949
0,0,2,27,965
0,0,2,28,956
0,0,2,29,953
0,0,2,30,941
0,0,2,31,955
0,1,2,0,956
0,1,2,1,953
0,1,2,2,984
0,1,2,3,980
0,1,2,4,970
0,1,2,5,959
0,1,2,6,958
0,1,2,7,970
0,1,2,8,954
0,1,2,9,935
0,1,2,10,964
0,1,2,11,955
0,1,2,12,958
0,1,2,13,960
0,1,2,14,941
0,1,2,15,951
0,1,2,16,966
0,1,2,17,973
0,1,2,18,952
0,1,2,19,938
0,1,2,20,954
0,1,2,21,942
0,1,2,22,980
0,1,2,23,959
0,1,2,24,964
0,1,2,25,960
0,1,2,26,969
0,1,2,27,948
0,1,2,28,950
0,1,2,29,945
0,1,2,30,932
0,1,2,31,965
0,2,2,0,949
0,2,2,1,963
0,2,2,2,972
0,2,2,3,968
0,2,2,4,998
0,2,2,5,959
0,2,2,6,939
0,2,2,7,957
0,2,2,8,939
0,2,2,9,969
0,2,2,10,968
0,2,2,11,956
0,2,2,12,963
0,2,2,13,958
0,2,2,14,947
0,2,2,15,951
0,2,2,16,950
0,2,2,17,949
0,2,2,18,951
0,2,2,19,923
0,2,2,20,935
0,2,2,21,951
0,2,2,22,946
0,2,2,23,957
0,2,2,24,938
0,2,2,25,946
0,2,2,26,943
0,2,2,27,973
0,2,2,28,976
0,2,2,29,975
0,2,2,30,939
0,2,2,31,947
0,3,2,0,995
0,3,2,1,982
0,3,2,2,976
0,3,2,3,971
0,3,2,4,954
0,3,2,5,944
0,3,2,6,938
0,3,2,7,939
0,3,2,8,965
0,3,2,9,927
0,3,2,10,956
0,3,2,11,925
0,3,2,12,968
0,3,2,13,977
0,3,2,14,968
0,3,2,15,978
0,3,2,16,962
0,3,2,17,957
0,3,2,18,956
0,3,2,19,953
0,3,2,20,946
0,3,2,21,963
0,3,2,22,964
0,3,2,23,952
0,3,2,24,959
0,3,2,25,961
0,3,2,26,965
0,3,2,27,945
0,3,2,28,975
0,3,2,29,960
0,3,2,30,965
0,3,2,31,966
0,4,2,0,962
0,4,2,1,971
0,4,2,2,993
0,4,2,3,1000
0,4,2,4,979
0,4,2,5,938
0,4,2,6,983
0,4,2,7,963
0,4,2,8,976
0,4,2,9,936
0,4,2,10,973
0,4,2,11,953
0,4,2,12,972
0,4,2,13,959
0,4,2,14,957
0,4,2,15,974
0,4,2,16,968
0,4,2,17,967
0,4,2,18,966
0,4,2,19,988
0,4,2,20,953
0,4,2,21,951
0,4,2,22,962
0,4,2,23,959
0,4,2,24,940
0,4,2,25,954
0,4,2,26,954
0,4,2,27,950
0,4,2,28,988
0,4,2,29,965
0,4,2,30,962
0,4,2,31,970
0,4,3,0,943
0,4,3,1,962
0,4,3,2,960
0,4,3,3,982
0,4,3,4,950
0,4,3,5,955
0,4,3,6,932
0,4,3,7,946
0,4,3,8,963
0,4,3,9,948
0,4,3,10,960
0,4,3,11,950
0,4,3,12,945
0,4,3,13,967
0,4,3,14,963
0,4,3,15,978
0,4,3,16,969
0,4,3,17,944
0,4,3,18,954
0,4,3,19,970
0,4,3,20,957
0,4,3,21,965
0,4,3,22,955
0,4,3,23,931
0,4,3,24,976
0,4,3,25,951
0,4,3,26,965
0,4,3,27,945
0,4,3,28,957
0,4,3,29,960
0,4,3,30,952
0,4,3,31,943
0,3,3,0,975
0,3,3,1,980
0,3,3,2,979
0,3,3,3,981
0,3,3,4,981
0,3,3,5,975
0,3,3,6,951
0,3,3,7,943
0,3,3,8,953
0,3,3,9,962
0,3,3,10,960
0,3,3,11,927
0,3,3,12,979
0,3,3,13,982
0,3,3,14,945
0,3,3,15,923
0,3,3,16,928
0,3,3,17,940
0,3,3,18,962
0,3,3,19,942
0,3,3,20,952
0,3,3,21,960
0,3,3,22,944
0,3,3,23,971
0,3,3,24,964
0,3,3,25,972
0,3,3,26,983
0,3,3,27,953
0,3,3,28,946
0,3,3,29,931
0,3,3,30,952
0,3,3,31,943
0,2,3,0,953
0,2,3,1,982
0,2,3,2,989
0,2,3,3,968
0,2,3,4,989
0,2,3,5,955
0,2,3,6,956
0,2,3,7,960
0,2,3,8,959
0,2,3,9,966
0,2,3,10,960
0,2,3,11,991
0,2,3,12,957
0,2,3,13,970
0,2,3,14,953
0,2,3,15,973
0,2,3,16,961
0,2,3,17,970
0,2,3,18,951
0,2,3,19,962
0,2,3,20,959
0,2,3,21,959
0,2,3,22,941
0,2,3,23,952
0,2,3,24,951
0,2,3,25,937
0,2,3,26,950
0,2,3,27,939
0,2,3,28,963
0,2,3,29,984
0,2,3,30,947
0,2,3,31,934
0,1,3,0,976
0,1,3,1,957
0,1,3,2,945
0,1,3,3,969
0,1,3,4,944
0,1,3,5,963
0,1,3,6,978
0,1,3,7,981
0,1,3,8,972
0,1,3,9,949
0,1,3,10,959
0,1,3,11,977
0,1,3,12,944
0,1,3,13,955
0,1,3,14,938
0,1,3,15,937
0,1,3,16,947
0,1,3,17,928
0,1,3,18,943
0,1,3,19,952
0,1,3,20,942
0,1,3,21,958
0,1,3,22,947
0,1,3,23,977
0,1,3,24,951
0,1,3,25,959
0,1,3,26,945
0,1,3,27,938
0,1,3,28,954
0,1,3,29,967
0,1,3,30,966
0,1,3,31,978
0,0,3,0,949
0,0,3,1,976
0,0,3,2,978
0,0,3,3,971
0,0,3,4,990
0,0,3,5,931
0,0,3,6,929
0,0,3,7,962
0,0,3,8,968
0,0,3,9,966
0,0,3,10,963
0,0,3,11,947
0,0,3,12,935
0,0,3,13,956
0,0,3,14,950
0,0,3,15,968
0,0,3,16,940
0,0,3,17,965
0,0,3,18,951
0,0,3,19,959
0,0,3,20,957
0,0,3,21,940
0,0,3,22,932
0,0,3,23,949
0,0,3,24,955
0,0,3,25,932
0,0,3,26,936
0,0,3,27,980
0,0,3,28,960
0,0,3,29,960
0,0,3,30,970
0,0,3,31,947
0,0,4,0,954
0,0,4,1,944
0,0,4,2,955
0,0,4,3,955
0,0,4,4,955
0,0,4,5,942
0,0,4,6,971
0,0,4,7,933
0,0,4,8,948
0,0,4,9,949
0,0,4,10,956
0,0,4,11,964
0,0,4,12,940
0,0,4,13,960
0,0,4,14,955
0,0,4,15,955
0,0,4,16,973
0,0,4,17,971
0,0,4,18,950
0,0,4,19,967
0,0,4,20,940
0,0,4,21,955
0,0,4,22,967
0,0,4,23,954
0,0,4,24,960
0,0,4,25,939
0,0,4,26,941
0,0,4,27,926
0,0,4,28,953
0,0,4,29,947
0,0,4,30,937
0,0,4,31,941
0,1,4,0,977
0,1,4,1,967
0,1,4,2,963
0,1,4,3,962
0,1,4,4,976
0,1,4,5,955
0,1,4,6,950
0,1,4,7,958
0,1,4,8,951
0,1,4,9,946
0,1,4,10,974
0,1,4,11,955
0,1,4,12,951
0,1,4,13,959
0,1,4,14,951
0,1,4,15,935
0,1,4,16,946
0,1,4,17,957
0,1,4,18,953
0,1,4,19,972
0,1,4,20,977
0,1,4,21,947
0,1,4,22,966
0,1,4,23,964
0,1,4,24,967
0,1,4,25,946
0,1,4,26,966
0,1,4,27,941
0,1,4,28,980
0,1,4,29,939
0,1,4,30,965
0,1,4,31,937
0,2,4,0,948
0,2,4,1,982
0,2,4,2,977
0,2,4,3,971
0,2,4,4,967
0,2,4,5,925
0,2,4,6,948
0,2,4,7,952
0,2,4,8,952
0,2,4,9,945
0,2,4,10,947
0,2,4,11,966
0,2,4,12,950
0,2,4,13,943
0,2,4,14,947
0,2,4,15,948
0,2,4,16,932
0,2,4,17,978
0,2,4,18,972
0,2,4,19,965
0,2,4,20,946
0,2,4,21,961
0,2,4,22,959
0,2,4,23,948
0,2,4,24,953
0,2,4,25,960
0,2,4,26,945
0,2,4,27,958
0,2,4,28,963
0,2,4,29,949
0,2,4,30,950
0,2,4,31,921
0,3,4,0,952
0,3,4,1,997
0,3,4,2,967
0,3,4,3,999
0,3,4,4,974
0,3,4,5,949
0,3,4,6,975
0,3,4,7,958
0,3,4,8,931
0,3,4,9,970
0,3,4,10,942
0,3,4,11,944
0,3,4,12,967
0,3,4,13,953
0,3,4,14,953
0,3,4,15,961
0,3,4,16,939
0,3,4,17,973
0,3,4,18,978
0,3,4,19,939
0,3,4,20,967
0,3,4,21,946
0,3,4,22,933
0,3,4,23,968
0,3,4,24,953
0,3,4,25,959
0,3,4,26,939
0,3,4,27,965
0,3,4,28,940
0,3,4,29,933
0,3,4,30,959
0,3,4,31,958
0,4,4,0,937
0,4,4,1,973
0,4,4,2,968
0,4,4,3,962
0,4,4,4,959
0,4,4,5,963
0,4,4,6,951
0,4,4,7,955
0,4,4,8,951
0,4,4,9,956
0,4,4,10,991
0,4,4,11,966
0,4,4,12,952
0,4,4,13,954
0,4,4,14,945
0,4,4,15,952
0,4,4,16,966
0,4,4,17,965
0,4,4,18,952
0,4,4,19,959
0,4,4,20,939
0,4,4,21,948
0,4,4,22,959
0,4,4,23,959
0,4,4,24,948
0,4,4,25,976
0,4,4,26,965
0,4,4,27,949
0,4,4,28,966
0,4,4,29,980
0,4,4,30,957
0,4,4,31,953
0,4,5,0,962
0,4,5,1,982
0,4,5,2,944
0,4,5,3,955
0,4,5,4,933
0,4,5,5,979
0,4,5,6,974
0,4,5,7,946
0,4,5,8,963
0,4,5,9,937
0,4,5,10,949
0,4,5,11,980
0,4,5,12,941
0,4,5,13,952
0,4,5,14,968
0,4,5,15,946
0,4,5,16,957
0,4,5,17,977
0,4,5,18,954
0,4,5,19,941
0,4,5,20,928
0,4,5,21,959
0,4,5,22,956
0,4,5,23,957
0,4,5,24,938
0,4,5,25,939
0,4,5,26,941
0,4,5,27,954
0,4,5,28,965
0,4,5,29,948
0,4,5,30,961
0,4,5,31,960
0,3,5,0,952
0,3,5,1,965
0,3,5,2,968
0,3,5,3,978
0,3,5,4,1001
0,3,5,5,974
0,3,5,6,952
0,3,5,7,952
0,3,5,8,975
0,3,5,9,952
0,3,5,10,923
0,3,5,11,947
0,3,5,12,938
0,3,5,13,942
0,3,5,14,959
0,3,5,15,953
0,3,5,16,956
0,3,5,17,940
0,3,5,18,955
0,3,5,19,957
0,3,5,20,976
0,3,5,21,971
0,3,5,22,940
0,3,5,23,941
0,3,5,24,955
0,3,5,25,940
0,3,5,26,966
0,3,5,27,956
0,3,5,28,964
0,3,5,29,951
0,3,5,30,943
0,3,5,31,962
0,2,5,0,973
0,2,5,1,969
0,2,5,2,968
0,2,5,3,978
0,2,5,4,1012
0,2,5,5,928
0,2,5,6,949
0,2,5,7,950
0,2,5,8,953
0,2,5,9,957
0,2,5,10,953
0,2,5,11,966
0,2,5,12,937
0,2,5,13,944
0,2,5,14,964
0,2,5,15,948
0,2,5,16,981
0,2,5,17,975
0,2,5,18,955
0,2,5,19,977
0,2,5,20,957
0,2,5,21,957
0,2,5,22,954
0,2,5,23,945
0,2,5,24,966
0,2,5,25,961
0,2,5,26,956
0,2,5,27,940
0,2,5,28,944
0,2,5,29,948
0,2,5,30,970
0,2,5,31,949
0,1,5,0,974
0,1,5,1,978
0,1,5,2,980
0,1,5,3,980
0,1,5,4,984
0,1,5,5,958
0,1,5,6,972
0,1,5,7,963
0,1,5,8,951
0,1,5,9,976
0,1,5,10,960
0,1,5,11,953
0,1,5,12,950
0,1,5,13,936
0,1,5,14,933
0,1,5,15,946
0,1,5,16,962
0,1,5,17,967
0,1,5,18,965
0,1,5,19,964
0,1,5,20,946
0,1,5,21,928
0,1,5,22,945
0,1,5,23,949
0,1,5,24,941
0,1,5,25,949
0,1,5,26,971
0,1,5,27,937
0,1,5,28,952
0,1,5,29,947
0,1,5,30,953
0,1,5,31,947
0,0,5,0,931
0,0,5,1,982
0,0,5,2,988
0,0,5,3,972
0,0,5,4,976
0,0,5,5,934
0,0,5,6,959
0,0,5,7,958
0,0,5,8,934
0,0,5,9,956
0,0,5,10,964
0,0,5,11,961
0,0,5,12,940
0,0,5,13,946
0,0,5,14,964
0,0,5,15,947
0,0,5,16,954
0,0,5,17,948
0,0,5,18,943
0,0,5,19,957
0,0,5,20,965
0,0,5,21,948
0,0,5,22,963
0,0,5,23,969
0,0,5,24,954
0,0,5,25,935
0,0,5,26,970
0,0,5,27,955
0,0,5,28,934
0,0,5,29,956
0,0,5,30,956
0,0,5,31,945
0,0,6,0,957
0,0,6,1,941
0,0,6,2,928
0,0,6,3,954
0,0,6,4,939
0,0,6,5,938
0,0,6,6,937
0,0,6,7,967
0,0,6,8,962
0,0,6,9,932
0,0,6,10,956
0,0,6,11,939
0,0,6,12,929
0,0,6,13,956
0,0,6,14,958
0,0,6,15,955
0,0,6,16,952
0,0,6,17,977
0,0,6,18,953
0,0,6,19,951
0,0,6,20,960
0,0,6,21,955
0,0,6,22,973
0,0,6,23,982
0,0,6,24,948
0,0,6,25,935
0,0,6,26,970
0,0,6,27,968
0,0,6,28,943
0,0,6,29,947
0,0,6,30,935
0,0,6,31,952
0,1,6,0,964
0,1,6,1,966
0,1,6,2,973
0,1,6,3,997
0,1,6,4,967
0,1,6,5,958
0,1,6,6,967
0,1,6,7,960
0,1,6,8,949
0,1,6,9,937
0,1,6,10,957
0,1,6,11,942
0,1,6,12,938
0,1,6,13,971
0,1,6,14,967
0,1,6,15,967
0,1,6,16,924
0,1,6,17,953
0,1,6,18,962
0,1,6,19,961
0,1,6,20,938
0,1,6,21,967
0,1,6,22,931
0,1,6,23,965
0,1,6,24,935
0,1,6,25,938
0,1,6,26,949
0,1,6,27,936
0,1,6,28,933
0,1,6,29,955
0,1,6,30,936
0,1,6,31,923
0,2,6,0,945
0,2,6,1,967
0,2,6,2,973
0,2,6,3,957
0,2,6,4,977
0,2,6,5,961
0,2,6,6,956
0,2,6,7,967
0,2,6,8,932
0,2,6,9,949
0,2,6,10,959
0,2,6,11,962
0,2,6,12,969
0,2,6,13,954
0,2,6,14,938
0,2,6,15,956
0,2,6,16,945
0,2,6,17,954
0,2,6,18,946
0,2,6,19,948
0,2,6,20,939
0,2,6,21,971
0,2,6,22,954
0,2,6,23,949
0,2,6,24,953
0,2,6,25,931
0,2,6,26,967
0,2,6,27,950
0,2,6,28,945
0,2,6,29,965
0,2,6,30,944
0,2,6,31,939
0,3,6,0,957
0,3,6,1,964
0,3,6,2,983
0,3,6,3,988
0,3,6,4,955
0,3,6,5,947
0,3,6,6,958
0,3,6,7,956
0,3,6,8,935
0,3,6,9,955
0,3,6,10,958
0,3,6,11,941
0,3,6,12,957
0,3,6,13,955
0,3,6,14,951
0,3,6,15,931
0,3,6,16,954
0,3,6,17,949
0,3,6,18,930
0,3,6,19,947
0,3,6,20,957
0,3,6,21,961
0,3,6,22,939
0,3,6,23,966
0,3,6,24,953
0,3,6,25,958
0,3,6,26,1004
0,3,6,27,935
0,3,6,28,934
0,3,6,29,951
0,3,6,30,950
0,3,6,31,978
0,4,6,0,937
0,4,6,1,1008
0,4,6,2,949
0,4,6,3,969
0,4,6,4,995
0,4,6,5,941
0,4,6,6,957
0,4,6,7,952
0,4,6,8,935
0,4,6,9,961
0,4,6,10,943
0,4,6,11,970
0,4,6,12,961
0,4,6,13,963
0,4,6,14,961
0,4,6,15,952
0,4,6,16,940
0,4,6,17,960
0,4,6,18,940
0,4,6,19,967
0,4,6,20,943
0,4,6,21,961
0,4,6,22,959
0,4,6,23,955
0,4,6,24,941
0,4,6,25,947
0,4,6,26,956
0,4,6,27,970
0,4,6,28,952
0,4,6,29,960
0,4,6,30,950
0,4,6,31,982
0,4,7,0,941
0,4,7,1,959
0,4,7,2,952
0,4,7,3,958
0,4,7,4,944
0,4,7,5,963
0,4,7,6,972
0,4,7,7,954
0,4,7,8,967
0,4,7,9,953
0,4,7,10,963
0,4,7,11,938
0,4,7,12,956
0,4,7,13,943
0,4,7,14,965
0,4,7,15,955
0,4,7,16,967
0,4,7,17,950
0,4,7,18,961
0,4,7,19,958
0,4,7,20,932
0,4,7,21,967
0,4,7,22,956
0,4,7,23,954
0,4,7,24,956
0,4,7,25,936
0,4,7,26,936
0,4,7,27,955
0,4,7,28,962
0,4,7,29,943
0,4,7,30,933
0,4,7,31,962
0,3,7,0,964
0,3,7,1,959
0,3,7,2,979
0,3,7,3,962
0,3,7,4,986
0,3,7,5,954
0,3,7,6,937
0,3,7,7,965
0,3,7,8,950
0,3,7,9,944
0,3,7,10,962
0,3,7,11,940
0,3,7,12,949
0,3,7,13,952
0,3,7,14,939
0,3,7,15,944
0,3,7,16,964
0,3,7,17,933
0,3,7,18,969
0,3,7,19,946
0,3,7,20,931
0,3,7,21,948
0,3,7,22,950
0,3,7,23,947
0,3,7,24,961
0,3,7,25,929
0,3,7,26,951
0,3,7,27,960
0,3,7,28,939
0,3,7,29,963
0,3,7,30,940
0,3,7,31,949
0,2,7,0,980
0,2,7,1,964
0,2,7,2,960
0,2,7,3,973
0,2,7,4,993
0,2,7,5,964
0,2,7,6,933
0,2,7,7,940
0,2,7,8,934
0,2,7,9,933
0,2,7,10,954
0,2,7,11,941
0,2,7,12,941
0,2,7,13,939
0,2,7,14,935
0,2,7,15,928
0,2,7,16,953
0,2,7,17,945
0,2,7,18,978
0,2,7,19,948
0,2,7,20,955
0,2,7,21,946
0,2,7,22,956
0,2,7,23,962
0,2,7,24,947
0,2,7,25,953
0,2,7,26,948
0,2,7,27,951
0,2,7,28,966
0,2,7,29,967
0,2,7,30,941
0,2,7,31,961
0,1,7,0,958
0,1,7,1,999
0,1,7,2,996
0,1,7,3,963
0,1,7,4,956
0,1,7,5,957
0,1,7,6,942
0,1,7,7,940
0,1,7,8,952
0,1,7,9,944
0,1,7,10,935
0,1,7,11,982
0,1,7,12,972
0,1,7,13,946
0,1,7,14,950
0,1,7,15,948
0,1,7,16,966
0,1,7,17,941
0,1,7,18,963
0,1,7,19,985
0,1,7,20,936
0,1,7,21,966
0,1,7,22,968
0,1,7,23,951
0,1,7,24,927
0,1,7,25,962
0,1,7,26,933
0,1,7,27,976
0,1,7,28,935
0,1,7,29,965
0,1,7,30,956
0,1,7,31,945
0,0,7,0,981
0,0,7,1,965
0,0,7,2,962
0,0,7,3,979
0,0,7,4,968
0,0,7,5,945
0,0,7,6,956
0,0,7,7,970
0,0,7,8,936
0,0,7,9,936
0,0,7,10,964
0,0,7,11,962
0,0,7,12,948
0,0,7,13,959
0,0,7,14,955
0,0,7,15,971
0,0,7,16,945
0,0,7,17,928
0,0,7,18,955
0,0,7,19,980
0,0,7,20,945
0,0,7,21,954
0,0,7,22,979
0,0,7,23,957
0,0,7,24,958
0,0,7,25,939
0,0,7,26,936
0,0,7,27,952
0,0,7,28,953
0,0,7,29,954
0,0,7,30,944
0,0,7,31,968
1,0,0,0,863
1,0,0,1,788
1,0,0,2,784
1,0,0,3,794
1,0,0,4,784
1,0,0,5,813
1,0,0,6,819
1,0,0,7,818
1,0,0,8,808
1,0,0,9,810
1,0,0,10,838
1,0,0,11,800
1,0,0,12,800
1,0,0,13,828
1,0,0,14,847
1,0,0,15,833
1,0,0,16,815
1,0,0,17,800
1,0,0,18,814
1,0,0,19,804
1,0,0,20,800
1,0,0,21,809
1,0,0,22,807
1,0,0,23,836
1,0,0,24,806
1,0,0,25,787
1,0,0,26,806
1,0,0,27,786
1,0,0,28,811
1,0,0,29,835
1,0,0,30,782
1,0,0,31,839
1,1,0,0,820
1,1,0,1,778
1,1,0,2,804
1,1,0,3,791
1,1,0,4,777
1,1,0,5,843
1,1,0,6,788
1,1,0,7,829
1,1,0,8,808
1,1,0,9,786
1,1,0,10,847
1,1,0,11,792
1,1,0,12,780
1,1,0,13,821
1,1,0,14,785
1,1,0,15,831
1,1,0,16,837
1,1,0,17,783
1,1,0,18,812
1,1,0,19,802
1,1,0,20,788
1,1,0,21,799
1,1,0,22,799
1,1,0,23,786
1,1,0,24,806
1,1,0,25,804
1,1,0,26,827
1,1,0,27,802
1,1,0,28,786
1,1,0,29,824
1,1,0,30,806
1,1,0,31,825
1,2,0,0,754
1,2,0,1,775
1,2,0,2,742
1,2,0,3,758
1,2,0,4,762
1,2,0,5,752
1,2,0,6,772
1,2,0,7,758
1,2,0,8,800
1,2,0,9,770
1,2,0,10,763
1,2,0,11,766
1,2,0,12,754
1,2,0,13,767
1,2,0,14,762
1,2,0,15,757
1,2,0,16,765
1,2,0,17,766
1,2,0,18,761
1,2,0,19,771
1,2,0,20,764
1,2,0,21,771
1,2,0,22,775
1,2,0,23,752
1,2,0,24,761
1,2,0,25,748
1,2,0,26,748
1,2,0,27,767
1,2,0,28,758
1,2,0,29,763
1,2,0,30,761
1,2,0,31,757
1,3,0,0,798
1,3,0,1,773
1,3,0,2,771
1,3,0,3,789
1,3,0,4,776
1,3,0,5,761
1,3,0,6,769
1,3,0,7,771
1,3,0,8,761
1,3,0,9,746
1,3,0,10,753
1,3,0,11,761
1,3,0,12,946
1,3,0,13,769
1,3,0,14,738
1,3,0,15,746
1,3,0,16,766
1,3,0,17,747
1,3,0,18,769
1,3,0,19,760
1,3,0,20,754
1,3,0,21,768
1,3,0,22,756
1,3,0,23,746
1,3,0,24,770
1,3,0,25,761
1,3,0,26,937
1,3,0,27,765
1,3,0,28,758
1,3,0,29,757
1,3,0,30,729
1,3,0,31,756
1,4,0,0,828
1,4,0,1,806
1,4,0,2,809
1,4,0,3,810
1,4,0,4,812
1,4,0,5,806
1,4,0,6,788
1,4,0,7,797
1,4,0,8,799
1,4,0,9,792
1,4,0,10,813
1,4,0,11,807
1,4,0,12,802
1,4,0,13,803
1,4,0,14,793
1,4,0,15,818
1,4,0,16,834
1,4,0,17,792
1,4,0,18,829
1,4,0,19,800
1,4,0,20,780
1,4,0,21,794
1,4,0,22,800
1,4,0,23,802
1,4,0,24,780
1,4,0,25,802
1,4,0,26,804
1,4,0,27,794
1,4,0,28,799
1,4,0,29,807
1,4,0,30,797
1,4,0,31,819
1,4,1,0,780
1,4,1,1,782
1,4,1,2,773
1,4,1,3,781
1,4,1,4,789
1,4,1,5,801
1,4,1,6,789
1,4,1,7,787
1,4,1,8,784
1,4,1,9,797
1,4,1,10,809
1,4,1,11,806
1,4,1,12,798
1,4,1,13,824
1,4,1,14,800
1,4,1,15,806
1,4,1,16,802
1,4,1,17,777
1,4,1,18,800
1,4,1,19,782
1,4,1,20,785
1,4,1,21,795
1,4,1,22,795
1,4,1,23,804
1,4,1,24,793
1,4,1,25,803
1,4,1,26,819
1,4,1,27,802
1,4,1,28,783
1,4,1,29,806
1,4,1,30,792
1,4,1,31,791
1,3,1,0,746
1,3,1,1,777
1,3,1,2,789
1,3,1,3,786
1,3,1,4,771
1,3,1,5,741
1,3,1,6,744
1,3,1,7,734
1,3,1,8,752
1,3,1,9,745
1,3,1,10,776
1,3,1,11,759
1,3,1,12,746
1,3,1,13,766
1,3,1,14,755
1,3,1,15,761
1,3,1,16,766
1,3,1,17,758
1,3,1,18,773
1,3,1,19,766
1,3,1,20,757
1,3,1,21,757
1,3,1,22,758
1,3,1,23,762
1,3,1,24,759
1,3,1,25,749
1,3,1,26,774
1,3,1,27,774
1,3,1,28,772
1,3,1,29,768
1,3,1,30,739
1,3,1,31,765
1,2,1,0,750
1,2,1,1,776
1,2,1,2,779
1,2,1,3,786
1,2,1,4,778
1,2,1,5,764
1,2,1,6,772
1,2,1,7,804
1,2,1,8,785
1,2,1,9,772
1,2,1,10,769
1,2,1,11,759
1,2,1,12,760
1,2,1,13,756
1,2,1,14,761
1,2,1,15,783
1,2,1,16,800
1,2,1,17,768
1,2,1,18,762
1,2,1,19,774
1,2,1,20,752
1,2,1,21,766
1,2,1,22,765
1,2,1,23,756
1,2,1,24,763
1,2,1,25,762
1,2,1,26,790
1,2,1,27,772
1,2,1,28,761
1,2,1,29,768
1,2,1,30,758
1,2,1,31,776
1,1,1,0,807
1,1,1,1,796
1,1,1,2,807
1,1,1,3,806
1,1,1,4,821
1,1,1,5,827
1,1,1,6,819
1,1,1,7,823
1,1,1,8,834
1,1,1,9,797
1,1,1,10,834
1,1,1,11,801
1,1,1,12,806
1,1,1,13,844
1,1,1,14,822
1,1,1,15,849
1,1,1,16,834
1,1,1,17,807
1,1,1,18,855
1,1,1,19,793
1,1,1,20,800
1,1,1,21,816
1,1,1,22,789
1,1,1,23,823
1,1,1,24,804
1,1,1,25,835
1,1,1,26,811
1,1,1,27,791
1,1,1,28,799
1,1,1,29,817
1,1,1,30,785
1,1,1,31,839
1,0,1,0,798
1,0,1,1,814
1,0,1,2,803
1,0,1,3,820
1,0,1,4,820
1,0,1,5,821
1,0,1,6,801
1,0,1,7,833
1,0,1,8,850
1,0,1,9,797
1,0,1,10,807
1,0,1,11,798
1,0,1,12,819
1,0,1,13,827
1,0,1,14,802
1,0,1,15,813
1,0,1,16,802
1,0,1,17,783
1,0,1,18,829
1,0,1,19,813
1,0,1,20,804
1,0,1,21,822
1,0,1,22,799
1,0,1,23,816
1,0,1,24,811
1,0,1,25,808
1,0,1,26,803
1,0,1,27,816
1,0,1,28,793
1,0,1,29,844
1,0,1,30,793
1,0,1,31,825
1,0,2,0,776
1,0,2,1,794
1,0,2,2,797
1,0,2,3,787
1,0,2,4,784
1,0,2,5,810
1,0,2,6,806
1,0,2,7,806
1,0,2,8,837
1,0,2,9,799
1,0,2,10,818
1,0,2,11,795
1,0,2,12,807
1,0,2,13,793
1,0,2,14,811
1,0,2,15,837
1,0,2,16,816
1,0,2,17,799
1,0,2,18,830
1,0,2,19,796
1,0,2,20,805
1,0,2,21,813
1,0,2,22,796
1,0,2,23,811
1,0,2,24,807
1,0,2,25,784
1,0,2,26,807
1,0,2,27,797
1,0,2,28,822
1,0,2,29,807
1,0,2,30,795
1,0,2,31,814
1,1,2,0,811
1,1,2,1,804
1,1,2,2,815
1,1,2,3,809
1,1,2,4,797
1,1,2,5,830
1,1,2,6,792
1,1,2,7,816
1,1,2,8,803
1,1,2,9,792
1,1,2,10,853
1,1,2,11,803
1,1,2,12,800
1,1,2,13,837
1,1,2,14,797
1,1,2,15,814
1,1,2,16,805
1,1,2,17,790
1,1,2,18,816
1,1,2,19,786
1,1,2,20,788
1,1,2,21,813
1,1,2,22,802
1,1,2,23,808
1,1,2,24,833
1,1,2,25,801
1,1,2,26,807
1,1,2,27,813
1,1,2,28,806
1,1,2,29,822
1,1,2,30,797
1,1,2,31,829
1,2,2,0,758
1,2,2,1,760
1,2,2,2,799
1,2,2,3,778
1,2,2,4,785
1,2,2,5,762
1,2,2,6,763
1,2,2,7,779
1,2,2,8,775
1,2,2,9,756
1,2,2,10,761
1,2,2,11,777
1,2,2,12,763
1,2,2,13,785
1,2,2,14,771
1,2,2,15,762
1,2,2,16,777
1,2,2,17,766
1,2,2,18,787
1,2,2,19,766
1,2,2,20,765
1,2,2,21,768
1,2,2,22,772
1,2,2,23,750
1,2,2,24,774
1,2,2,25,761
1,2,2,26,773
1,2,2,27,777
1,2,2,28,756
1,2,2,29,778
1,2,2,30,762
1,2,2,31,769
1,3,2,0,731
1,3,2,1,781
1,3,2,2,782
1,3,2,3,788
1,3,2,4,791
1,3,2,5,775
1,3,2,6,756
1,3,2,7,745
1,3,2,8,768
1,3,2,9,745
1,3,2,10,767
1,3,2,11,774
1,3,2,12,750
1,3,2,13,770
1,3,2,14,756
1,3,2,15,757
1,3,2,16,756
1,3,2,17,753
1,3,2,18,757
1,3,2,19,761
1,3,2,20,759
1,3,2,21,764
1,3,2,22,761
1,3,2,23,766
1,3,2,24,770
1,3,2,25,774
1,3,2,26,777
1,3,2,27,770
1,3,2,28,762
1,3,2,29,771
1,3,2,30,758
1,3,2,31,768
1,4,2,0,809
1,4,2,1,805
1,4,2,2,810
1,4,2,3,809
1,4,2,4,810
1,4,2,5,810
1,4,2,6,794
1,4,2,7,812
1,4,2,8,823
1,4,2,9,774
1,4,2,10,806
1,4,2,11,807
1,4,2,12,829
1,4,2,13,796
1,4,2,14,803
1,4,2,15,837
1,4,2,16,837
1,4,2,17,815
1,4,2,18,810
1,4,2,19,804
1,4,2,20,801
1,4,2,21,829
1,4,2,22,797
1,4,2,23,808
1,4,2,24,807
1,4,2,25,801
1,4,2,26,808
1,4,2,27,820
1,4,2,28,792
1,4,2,29,831
1,4,2,30,794
1,4,2,31,814
1,4,3,0,778
1,4,3,1,772
1,4,3,2,780
1,4,3,3,796
1,4,3,4,785
1,4,3,5,820
1,4,3,6,818
1,4,3,7,834
1,4,3,8,820
1,4,3,9,798
1,4,3,10,837
1,4,3,11,797
1,4,3,12,805
1,4,3,13,827
1,4,3,14,798
1,4,3,15,823
1,4,3,16,826
1,4,3,17,788
1,4,3,18,816
1,4,3,19,813
1,4,3,20,809
1,4,3,21,827
1,4,3,22,811
1,4,3,23,828
1,4,3,24,818
1,4,3,25,798
1,4,3,26,824
1,4,3,27,796
1,4,3,28,826
1,4,3,29,835
1,4,3,30,794
1,4,3,31,838
1,3,3,0,739
1,3,3,1,772
1,3,3,2,780
1,3,3,3,778
1,3,3,4,758
1,3,3,5,755
1,3,3,6,751
1,3,3,7,741
1,3,3,8,756
1,3,3,9,752
1,3,3,10,758
1,3,3,11,774
1,3,3,12,771
1,3,3,13,765
1,3,3,14,760
1,3,3,15,756
1,3,3,16,772
1,3,3,17,752
1,3,3,18,768
1,3,3,19,766
1,3,3,20,750
1,3,3,21,755
1,3,3,22,762
1,3,3,23,754
1,3,3,24,753
1,3,3,25,757
1,3,3,26,756
1,3,3,27,773
1,3,3,28,755
1,3,3,29,761
1,3,3,30,750
1,3,3,31,766
1,2,3,0,759
1,2,3,1,759
1,2,3,2,774
1,2,3,3,788
1,2,3,4,784
1,2,3,5,771
1,2,3,6,786
1,2,3,7,758
1,2,3,8,780
1,2,3,9,11607
1,2,3,10,771
1,2,3,11,785
1,2,3,12,747
1,2,3,13,781
1,2,3,14,759
1,2,3,15,762
1,2,3,16,774
1,2,3,17,754
1,2,3,18,764
1,2,3,19,779
1,2,3,20,772
1,2,3,21,764
1,2,3,22,770
1,2,3,23,765
1,2,3,24,775
1,2,3,25,760
1,2,3,26,760
1,2,3,27,763
1,2,3,28,765
1,2,3,29,784
1,2,3,30,777
1,2,3,31,771
1,1,3,0,781
1,1,3,1,809
1,1,3,2,805
1,1,3,3,806
1,1,3,4,816
1,1,3,5,802
1,1,3,6,807
1,1,3,7,797
1,1,3,8,806
1,1,3,9,785
1,1,3,10,807
1,1,3,11,793
1,1,3,12,802
1,1,3,13,810
1,1,3,14,796
1,1,3,15,817
1,1,3,16,823
1,1,3,17,791
1,1,3,18,825
1,1,3,19,797
1,1,3,20,804
1,1,3,21,822
1,1,3,22,786
1,1,3,23,832
1,1,3,24,800
1,1,3,25,787
1,1,3,26,804
1,1,3,27,799
1,1,3,28,811
1,1,3,29,829
1,1,3,30,780
1,1,3,31,823
1,0,3,0,786
1,0,3,1,804
1,0,3,2,824
1,0,3,3,805
1,0,3,4,814
1,0,3,5,805
1,0,3,6,820
1,0,3,7,815
1,0,3,8,803
1,0,3,9,811
1,0,3,10,815
1,0,3,11,804
1,0,3,12,803
1,0,3,13,832
1,0,3,14,796
1,0,3,15,831
1,0,3,16,849
1,0,3,17,812
1,0,3,18,812
1,0,3,19,792
1,0,3,20,811
1,0,3,21,825
1,0,3,22,810
1,0,3,23,830
1,0,3,24,819
1,0,3,25,800
1,0,3,26,805
1,0,3,27,804
1,0,3,28,811
1,0,3,29,840
1,0,3,30,777
1,0,3,31,829
1,0,4,0,807
1,0,4,1,783
1,0,4,2,791
1,0,4,3,799
1,0,4,4,792
1,0,4,5,805
1,0,4,6,821
1,0,4,7,847
1,0,4,8,802
1,0,4,9,771
1,0,4,10,840
1,0,4,11,807
1,0,4,12,823
1,0,4,13,855
1,0,4,14,813
1,0,4,15,832
1,0,4,16,829
1,0,4,17,799
1,0,4,18,811
1,0,4,19,806
1,0,4,20,805
1,0,4,21,836
1,0,4,22,827
1,0,4,23,817
1,0,4,24,803
1,0,4,25,799
1,0,4,26,834
1,0,4,27,809
1,0,4,28,817
1,0,4,29,851
1,0,4,30,793
1,0,4,31,815
1,1,4,0,799
1,1,4,1,803
1,1,4,2,836
1,1,4,3,794
1,1,4,4,818
1,1,4,5,846
1,1,4,6,800
1,1,4,7,834
1,1,4,8,807
1,1,4,9,805
1,1,4,10,844
1,1,4,11,790
1,1,4,12,809
1,1,4,13,809
1,1,4,14,782
1,1,4,15,810
1,1,4,16,827
1,1,4,17,796
1,1,4,18,827
1,1,4,19,797
1,1,4,20,798
1,1,4,21,811
1,1,4,22,818
1,1,4,23,809
1,1,4,24,816
1,1,4,25,792
1,1,4,26,831
1,1,4,27,797
1,1,4,28,826
1,1,4,29,814
1,1,4,30,785
1,1,4,31,806
1,2,4,0,741
1,2,4,1,793
1,2,4,2,789
1,2,4,3,778
1,2,4,4,775
1,2,4,5,754
1,2,4,6,767
1,2,4,7,772
1,2,4,8,782
1,2,4,9,765
1,2,4,10,766
1,2,4,11,771
1,2,4,12,749
1,2,4,13,761
1,2,4,14,770
1,2,4,15,787
1,2,4,16,793
1,2,4,17,760
1,2,4,18,756
1,2,4,19,753
1,2,4,20,761
1,2,4,21,768
1,2,4,22,774
1,2,4,23,783
1,2,4,24,777
1,2,4,25,779
1,2,4,26,776
1,2,4,27,774
1,2,4,28,772
1,2,4,29,770
1,2,4,30,762
1,2,4,31,761
1,3,4,0,742
1,3,4,1,775
1,3,4,2,773
1,3,4,3,780
1,3,4,4,771
1,3,4,5,760
1,3,4,6,729
1,3,4,7,756
1,3,4,8,762
1,3,4,9,737
1,3,4,10,768
1,3,4,11,761
1,3,4,12,758
1,3,4,13,767
1,3,4,14,760
1,3,4,15,753
1,3,4,16,752
1,3,4,17,747
1,3,4,18,770
1,3,4,19,752
1,3,4,20,749
1,3,4,21,761
1,3,4,22,740
1,3,4,23,757
1,3,4,24,767
1,3,4,25,737
1,3,4,26,763
1,3,4,27,747
1,3,4,28,752
1,3,4,29,764
1,3,4,30,743
1,3,4,31,734
1,4,4,0,790
1,4,4,1,791
1,4,4,2,806
1,4,4,3,815
1,4,4,4,825
1,4,4,5,798
1,4,4,6,793
1,4,4,7,840
1,4,4,8,807
1,4,4,9,777
1,4,4,10,818
1,4,4,11,812
1,4,4,12,811
1,4,4,13,814
1,4,4,14,784
1,4,4,15,817
1,4,4,16,818
1,4,4,17,796
1,4,4,18,826
1,4,4,19,798
1,4,4,20,801
1,4,4,21,803
1,4,4,22,810
1,4,4,23,835
1,4,4,24,812
1,4,4,25,804
1,4,4,26,807
1,4,4,27,793
1,4,4,28,798
1,4,4,29,826
1,4,4,30,807
1,4,4,31,808
1,4,5,0,791
1,4,5,1,787
1,4,5,2,799
1,4,5,3,794
1,4,5,4,795
1,4,5,5,812
1,4,5,6,809
1,4,5,7,789
1,4,5,8,813
1,4,5,9,785
1,4,5,10,821
1,4,5,11,813
1,4,5,12,818
1,4,5,13,841
1,4,5,14,807
1,4,5,15,807
1,4,5,16,819
1,4,5,17,791
1,4,5,18,823
1,4,5,19,809
1,4,5,20,805
1,4,5,21,811
1,4,5,22,806
1,4,5,23,834
1,4,5,24,825
1,4,5,25,798
1,4,5,26,833
1,4,5,27,807
1,4,5,28,816
1,4,5,29,830
1,4,5,30,789
1,4,5,31,827
1,3,5,0,768
1,3,5,1,785
1,3,5,2,785
1,3,5,3,778
1,3,5,4,774
1,3,5,5,775
1,3,5,6,763
1,3,5,7,747
1,3,5,8,763
1,3,5,9,762
1,3,5,10,760
1,3,5,11,769
1,3,5,12,755
1,3,5,13,757
1,3,5,14,744
1,3,5,15,765
1,3,5,16,772
1,3,5,17,764
1,3,5,18,772
1,3,5,19,765
1,3,5,20,747
1,3,5,21,761
1,3,5,22,766
1,3,5,23,760
1,3,5,24,768
1,3,5,25,758
1,3,5,26,748
1,3,5,27,779
1,3,5,28,763
1,3,5,29,775
1,3,5,30,737
1,3,5,31,742
1,2,5,0,771
1,2,5,1,758
1,2,5,2,768
1,2,5,3,771
1,2,5,4,789
1,2,5,5,772
1,2,5,6,769
1,2,5,7,772
1,2,5,8,785
1,2,5,9,742
1,2,5,10,788
1,2,5,11,763
1,2,5,12,764
1,2,5,13,763
1,2,5,14,755
1,2,5,15,767
1,2,5,16,778
1,2,5,17,756
1,2,5,18,757
1,2,5,19,761
1,2,5,20,753
1,2,5,21,763
1,2,5,22,777
1,2,5,23,768
1,2,5,24,772
1,2,5,25,767
1,2,5,26,772
1,2,5,27,764
1,2,5,28,765
1,2,5,29,762
1,2,5,30,752
1,2,5,31,777
1,1,5,0,787
1,1,5,1,811
1,1,5,2,788
1,1,5,3,800
1,1,5,4,818
1,1,5,5,812
1,1,5,6,777
1,1,5,7,804
1,1,5,8,801
1,1,5,9,803
1,1,5,10,819
1,1,5,11,819
1,1,5,12,797
1,1,5,13,830
1,1,5,14,801
1,1,5,15,817
1,1,5,16,829
1,1,5,17,813
1,1,5,18,828
1,1,5,19,794
1,1,5,20,851
1,1,5,21,820
1,1,5,22,808
1,1,5,23,812
1,1,5,24,807
1,1,5,25,790
1,1,5,26,813
1,1,5,27,798
1,1,5,28,805
1,1,5,29,855
1,1,5,30,811
1,1,5,31,817
1,0,5,0,792
1,0,5,1,797
1,0,5,2,811
1,0,5,3,819
1,0,5,4,809
1,0,5,5,814
1,0,5,6,791
1,0,5,7,828
1,0,5,8,817
1,0,5,9,797
1,0,5,10,839
1,0,5,11,796
1,0,5,12,821
1,0,5,13,814
1,0,5,14,797
1,0,5,15,800
1,0,5,16,823
1,0,5,17,802
1,0,5,18,836
1,0,5,19,801
1,0,5,20,808
1,0,5,21,797
1,0,5,22,798
1,0,5,23,817
1,0,5,24,809
1,0,5,25,796
1,0,5,26,826
1,0,5,27,799
1,0,5,28,786
1,0,5,29,810
1,0,5,30,804
1,0,5,31,844
1,0,6,0,778
1,0,6,1,794
1,0,6,2,785
1,0,6,3,789
1,0,6,4,797
1,0,6,5,806
1,0,6,6,800
1,0,6,7,801
1,0,6,8,808
1,0,6,9,793
1,0,6,10,821
1,0,6,11,800
1,0,6,12,822
1,0,6,13,830
1,0,6,14,802
1,0,6,15,829
1,0,6,16,822
1,0,6,17,801
1,0,6,18,814
1,0,6,19,800
1,0,6,20,797
1,0,6,21,808
1,0,6,22,788
1,0,6,23,812
1,0,6,24,803
1,0,6,25,799
1,0,6,26,803
1,0,6,27,785
1,0,6,28,797
1,0,6,29,831
1,0,6,30,796
1,0,6,31,803
1,1,6,0,789
1,1,6,1,809
1,1,6,2,809
1,1,6,3,810
1,1,6,4,810
1,1,6,5,818
1,1,6,6,817
1,1,6,7,785
1,1,6,8,804
1,1,6,9,788
1,1,6,10,814
1,1,6,11,814
1,1,6,12,789
1,1,6,13,831
1,1,6,14,791
1,1,6,15,828
1,1,6,16,820
1,1,6,17,803
1,1,6,18,820
1,1,6,19,822
1,1,6,20,802
1,1,6,21,818
1,1,6,22,807
1,1,6,23,787
1,1,6,24,818
1,1,6,25,798
1,1,6,26,826
1,1,6,27,803
1,1,6,28,793
1,1,6,29,831
1,1,6,30,795
1,1,6,31,830
1,2,6,0,762
1,2,6,1,773
1,2,6,2,785
1,2,6,3,796
1,2,6,4,788
1,2,6,5,765
1,2,6,6,780
1,2,6,7,756
1,2,6,8,757
1,2,6,9,758
1,2,6,10,775
1,2,6,11,774
1,2,6,12,772
1,2,6,13,771
1,2,6,14,770
1,2,6,15,771
1,2,6,16,778
1,2,6,17,756
1,2,6,18,779
1,2,6,19,768
1,2,6,20,767
1,2,6,21,755
1,2,6,22,758
1,2,6,23,776
1,2,6,24,767
1,2,6,25,752
1,2,6,26,777
1,2,6,27,770
1,2,6,28,766
1,2,6,29,754
1,2,6,30,763
1,2,6,31,772
1,3,6,0,747
1,3,6,1,777
1,3,6,2,773
1,3,6,3,756
1,3,6,4,756
1,3,6,5,767
1,3,6,6,762
1,3,6,7,765
1,3,6,8,773
1,3,6,9,770
1,3,6,10,756
1,3,6,11,769
1,3,6,12,745
1,3,6,13,747
1,3,6,14,741
1,3,6,15,739
1,3,6,16,762
1,3,6,17,759
1,3,6,18,771
1,3,6,19,769
1,3,6,20,766
1,3,6,21,757
1,3,6,22,757
1,3,6,23,761
1,3,6,24,765
1,3,6,25,759
1,3,6,26,757
1,3,6,27,751
1,3,6,28,767
1,3,6,29,767
1,3,6,30,761
1,3,6,31,772
1,4,6,0,772
1,4,6,1,809
1,4,6,2,802
1,4,6,3,811
1,4,6,4,795
1,4,6,5,806
1,4,6,6,790
1,4,6,7,798
1,4,6,8,806
1,4,6,9,800
1,4,6,10,802
1,4,6,11,803
1,4,6,12,785
1,4,6,13,814
1,4,6,14,803
1,4,6,15,830
1,4,6,16,825
1,4,6,17,790
1,4,6,18,798
1,4,6,19,776
1,4,6,20,798
1,4,6,21,791
1,4,6,22,793
1,4,6,23,803
1,4,6,24,805
1,4,6,25,793
1,4,6,26,819
1,4,6,27,802
1,4,6,28,809
1,4,6,29,817
1,4,6,30,802
1,4,6,31,826
1,4,7,0,790
1,4,7,1,777
1,4,7,2,765
1,4,7,3,785
1,4,7,4,799
1,4,7,5,808
1,4,7,6,804
1,4,7,7,824
1,4,7,8,802
1,4,7,9,785
1,4,7,10,833
1,4,7,11,808
1,4,7,12,808
1,4,7,13,824
1,4,7,14,809
1,4,7,15,823
1,4,7,16,810
1,4,7,17,794
1,4,7,18,840
1,4,7,19,808
1,4,7,20,797
1,4,7,21,814
1,4,7,22,800
1,4,7,23,828
1,4,7,24,813
1,4,7,25,787
1,4,7,26,836
1,4,7,27,800
1,4,7,28,806
1,4,7,29,834
1,4,7,30,804
1,4,7,31,817
1,3,7,0,777
1,3,7,1,768
1,3,7,2,780
1,3,7,3,794
1,3,7,4,788
1,3,7,5,760
1,3,7,6,788
1,3,7,7,765
1,3,7,8,752
1,3,7,9,752
1,3,7,10,772
1,3,7,11,763
1,3,7,12,759
1,3,7,13,770
1,3,7,14,765
1,3,7,15,758
1,3,7,16,757
1,3,7,17,753
1,3,7,18,771
1,3,7,19,773
1,3,7,20,771
1,3,7,21,778
1,3,7,22,758
1,3,7,23,755
1,3,7,24,778
1,3,7,25,765
1,3,7,26,763
1,3,7,27,760
1,3,7,28,750
1,3,7,29,767
1,3,7,30,756
1,3,7,31,758
1,2,7,0,760
1,2,7,1,778
1,2,7,2,785
1,2,7,3,771
1,2,7,4,781
1,2,7,5,770
1,2,7,6,773
1,2,7,7,781
1,2,7,8,764
1,2,7,9,769
1,2,7,10,766
1,2,7,11,776
1,2,7,12,758
1,2,7,13,775
1,2,7,14,750
1,2,7,15,791
1,2,7,16,773
1,2,7,17,756
1,2,7,18,787
1,2,7,19,782
1,2,7,20,755
1,2,7,21,777
1,2,7,22,760
1,2,7,23,768
1,2,7,24,797
1,2,7,25,762
1,2,7,26,772
1,2,7,27,759
1,2,7,28,753
1,2,7,29,783
1,2,7,30,756
1,2,7,31,788
1,1,7,0,817
1,1,7,1,797
1,1,7,2,823
1,1,7,3,801
1,1,7,4,813
1,1,7,5,829
1,1,7,6,818
1,1,7,7,813
1,1,7,8,825
1,1,7,9,807
1,1,7,10,825
1,1,7,11,838
1,1,7,12,796
1,1,7,13,799
1,1,7,14,792
1,1,7,15,796
1,1,7,16,819
1,1,7,17,820
1,1,7,18,816
1,1,7,19,798
1,1,7,20,810
1,1,7,21,807
1,1,7,22,846
1,1,7,23,834
1,1,7,24,812
1,1,7,25,782
1,1,7,26,827
1,1,7,27,807
1,1,7,28,801
1,1,7,29,819
1,1,7,30,801
1,1,7,31,818
1,0,7,0,772
1,0,7,1,807
1,0,7,2,809
1,0,7,3,816
1,0,7,4,822
1,0,7,5,805
1,0,7,6,797
1,0,7,7,823
1,0,7,8,834
1,0,7,9,798
1,0,7,10,805
1,0,7,11,818
1,0,7,12,807
1,0,7,13,808
1,0,7,14,795
1,0,7,15,813
1,0,7,16,814
1,0,7,17,792
1,0,7,18,817
1,0,7,19,791
1,0,7,20,786
1,0,7,21,824
1,0,7,22,794
1,0,7,23,821
1,0,7,24,807
1,0,7,25,786
1,0,7,26,827
1,0,7,27,800
1,0,7,28,797
1,0,7,29,826
1,0,7,30,798
1,0,7,31,788
2,0,0,0,59068
2,0,0,1,58616
2,0,0,2,58786
2,0,0,3,58778
2,0,0,4,59021
2,0,0,5,58941
2,0,0,6,58912
2,0,0,7,59252
2,0,0,8,59218
2,0,0,9,59136
2,0,0,10,58649
2,0,0,11,58690
2,0,0,12,58805
2,0,0,13,58949
2,0,0,14,58594
2,0,0,15,70178
2,0,0,16,58953
2,0,0,17,59879
2,0,0,18,58985
2,0,0,19,59203
2,0,0,20,59083
2,0,0,21,58683
2,0,0,22,59193
2,0,0,23,58616
2,0,0,24,58707
2,0,0,25,59146
2,0,0,26,58767
2,0,0,27,58646
2,0,0,28,59287
2,0,0,29,58409
2,0,0,30,59122
2,0,0,31,58695
2,1,0,0,58899
2,1,0,1,58806
2,1,0,2,58990
2,1,0,3,58963
2,1,0,4,59063
2,1,0,5,59061
2,1,0,6,59033
2,1,0,7,69778
2,1,0,8,60143
2,1,0,9,59092
2,1,0,10,59266
2,1,0,11,59171
2,1,0,12,58967
2,1,0,13,58905
2,1,0,14,58711
2,1,0,15,59011
2,1,0,16,58980
2,1,0,17,58682
2,1,0,18,59023
2,1,0,19,59146
2,1,0,20,58780
2,1,0,21,58614
2,1,0,22,58809
2,1,0,23,59398
2,1,0,24,59318
2,1,0,25,58472
2,1,0,26,58864
2,1,0,27,59634
2,1,0,28,58734
2,1,0,29,58966
2,1,0,30,58664
2,1,0,31,58846
2,2,0,0,69886
2,2,0,1,59098
2,2,0,2,58543
2,2,0,3,59218
2,2,0,4,58891
2,2,0,5,58767
2,2,0,6,59234
2,2,0,7,59156
2,2,0,8,58883
2,2,0,9,58711
2,2,0,10,59019
2,2,0,11,58973
2,2,0,12,59359
2,2,0,13,59358
2,2,0,14,58596
2,2,0,15,59560
2,2,0,16,59323
2,2,0,17,58804
2,2,0,18,58452
2,2,0,19,59070
2,2,0,20,58878
2,2,0,21,59129
2,2,0,22,58310
2,2,0,23,58686
2,2,0,24,59221
2,2,0,25,58908
2,2,0,26,58726
2,2,0,27,59614
2,2,0,28,70195
2,2,0,29,59329
2,2,0,30,59215
2,2,0,31,58986
2,3,0,0,58971
2,3,0,1,59035
2,3,0,2,59410
2,3,0,3,61880
2,3,0,4,58711
2,3,0,5,58583
2,3,0,6,58743
2,3,0,7,59271
2,3,0,8,59135
2,3,0,9,59732
2,3,0,10,59008
2,3,0,11,59040
2,3,0,12,58748
2,3,0,13,58809
2,3,0,14,59064
2,3,0,15,58672
2,3,0,16,59369
2,3,0,17,59321
2,3,0,18,59687
2,3,0,19,58893
2,3,0,20,58666
2,3,0,21,58839
2,3,0,22,58546
2,3,0,23,58722
2,3,0,24,58899
2,3,0,25,59246
2,3,0,26,58759
2,3,0,27,58945
2,3,0,28,58773
2,3,0,29,58602
2,3,0,30,58690
2,3,0,31,59195
2,4,0,0,58920
2,4,0,1,58831
2,4,0,2,58722
2,4,0,3,58907
2,4,0,4,59169
2,4,0,5,59008
2,4,0,6,58590
2,4,0,7,58647
2,4,0,8,58766
2,4,0,9,59397
2,4,0,10,59798
2,4,0,11,59535
2,4,0,12,58918
2,4,0,13,58731
2,4,0,14,58911
2,4,0,15,58863
2,4,0,16,58896
2,4,0,17,58984
2,4,0,18,58915
2,4,0,19,59209
2,4,0,20,58656
2,4,0,21,59283
2,4,0,22,58499
2,4,0,23,59145
2,4,0,24,58861
2,4,0,25,59050
2,4,0,26,59258
2,4,0,27,58896
2,4,0,28,58655
2,4,0,29,58800
2,4,0,30,58912
2,4,0,31,58998
2,4,1,0,59016
2,4,1,1,59786
2,4,1,2,58721
2,4,1,3,59050
2,4,1,4,58906
2,4,1,5,58509
2,4,1,6,59306
2,4,1,7,58731
2,4,1,8,58740
2,4,1,9,59075
2,4,1,10,58667
2,4,1,11,58866
2,4,1,12,59061
2,4,1,13,58537
2,4,1,14,58342
2,4,1,15,59123
2,4,1,16,58959
2,4,1,17,58993
2,4,1,18,58988
2,4,1,19,58976
2,4,1,20,58835
2,4,1,21,59114
2,4,1,22,58663
2,4,1,23,58666
2,4,1,24,58925
2,4,1,25,58820
2,4,1,26,58675
2,4,1,27,59267
2,4,1,28,59184
2,4,1,29,59806
2,4,1,30,59328
2,4,1,31,58821
2,3,1,0,58749
2,3,1,1,58668
2,3,1,2,58936
2,3,1,3,58765
2,3,1,4,58943
2,3,1,5,58900
2,3,1,6,58708
2,3,1,7,58823
2,3,1,8,59239
2,3,1,9,59438
2,3,1,10,58947
2,3,1,11,59095
2,3,1,12,58964
2,3,1,13,58776
2,3,1,14,58911
2,3,1,15,59150
2,3,1,16,59207
2,3,1,17,58788
2,3,1,18,58983
2,3,1,19,59038
2,3,1,20,58904
2,3,1,21,58707
2,3,1,22,58862
2,3,1,23,58646
2,3,1,24,58990
2,3,1,25,59129
2,3,1,26,58850
2,3,1,27,58778
2,3,1,28,59223
2,3,1,29,58974
2,3,1,30,59154
2,3,1,31,59083
2,2,1,0,59079
2,2,1,1,59233
2,2,1,2,59839
2,2,1,3,58610
2,2,1,4,59637
2,2,1,5,58641
2,2,1,6,59040
2,2,1,7,58389
2,2,1,8,59275
2,2,1,9,59132
2,2,1,10,59116
2,2,1,11,58965
2,2,1,12,59892
2,2,1,13,58928
2,2,1,14,58697
2,2,1,15,59627
2,2,1,16,59493
2,2,1,17,59237
2,2,1,18,58513
2,2,1,19,58921
2,2,1,20,58850
2,2,1,21,59435
2,2,1,22,58967
2,2,1,23,58869
2,2,1,24,59148
2,2,1,25,59059
2,2,1,26,58661
2,2,1,27,58747
2,2,1,28,58679
2,2,1,29,58796
2,2,1,30,59094
2,2,1,31,58765
2,1,1,0,58756
2,1,1,1,58900
2,1,1,2,58937
2,1,1,3,58923
2,1,1,4,59958
2,1,1,5,58533
2,1,1,6,58595
2,1,1,7,58411
2,1,1,8,58649
2,1,1,9,59011
2,1,1,10,58638
2,1,1,11,59330
2,1,1,12,58624
2,1,1,13,58587
2,1,1,14,58698
2,1,1,15,59362
2,1,1,16,59387
2,1,1,17,59065
2,1,1,18,58737
2,1,1,19,58524
2,1,1,20,59080
2,1,1,21,58877
2,1,1,22,58961
2,1,1,23,59102
2,1,1,24,58558
2,1,1,25,58597
2,1,1,26,58633
2,1,1,27,58961
2,1,1,28,58940
2,1,1,29,59129
2,1,1,30,58876
2,1,1,31,59813
2,0,1,0,58864
2,0,1,1,58968
2,0,1,2,58909
2,0,1,3,58581
2,0,1,4,58978
2,0,1,5,58785
2,0,1,6,59208
2,0,1,7,58740
2,0,1,8,59509
2,0,1,9,58843
2,0,1,10,58768
2,0,1,11,59318
2,0,1,12,58911
2,0,1,13,58446
2,0,1,14,58656
2,0,1,15,58744
2,0,1,16,58638
2,0,1,17,58879
2,0,1,18,59325
2,0,1,19,58596
2,0,1,20,58723
2,0,1,21,58508
2,0,1,22,58426
2,0,1,23,60098
2,0,1,24,58984
2,0,1,25,58734
2,0,1,26,59580
2,0,1,27,58829
2,0,1,28,58723
2,0,1,29,59147
2,0,1,30,59086
2,0,1,31,59036
2,0,2,0,58409
2,0,2,1,58897
2,0,2,2,59071
2,0,2,3,59052
2,0,2,4,59020
2,0,2,5,58572
2,0,2,6,58605
2,0,2,7,59316
2,0,2,8,58809
2,0,2,9,58537
2,0,2,10,58969
2,0,2,11,59317
2,0,2,12,58456
2,0,2,13,58668
2,0,2,14,60102
2,0,2,15,58780
2,0,2,16,58632
2,0,2,17,58265
2,0,2,18,59023
2,0,2,19,59034
2,0,2,20,59055
2,0,2,21,58894
2,0,2,22,59126
2,0,2,23,58665
2,0,2,24,58766
2,0,2,25,59895
2,0,2,26,59154
2,0,2,27,59201
2,0,2,28,58935
2,0,2,29,58961
2,0,2,30,59828
2,0,2,31,59149
2,1,2,0,58946
2,1,2,1,58638
2,1,2,2,58818
2,1,2,3,58647
2,1,2,4,58957
2,1,2,5,58916
2,1,2,6,58978
2,1,2,7,58721
2,1,2,8,58957
2,1,2,9,59119
2,1,2,10,59343
2,1,2,11,58066
2,1,2,12,59194
2,1,2,13,59116
2,1,2,14,58772
2,1,2,15,58668
2,1,2,16,58732
2,1,2,17,58673
2,1,2,18,58747
2,1,2,19,58766
2,1,2,20,58652
2,1,2,21,58621
2,1,2,22,59044
2,1,2,23,58821
2,1,2,24,58866
2,1,2,25,59064
2,1,2,26,58883
2,1,2,27,58563
2,1,2,28,58910
2,1,2,29,59118
2,1,2,30,58503
2,1,2,31,59528
2,2,2,0,58925
2,2,2,1,59210
2,2,2,2,59684
2,2,2,3,59320
2,2,2,4,58894
2,2,2,5,58620
2,2,2,6,58804
2,2,2,7,59201
2,2,2,8,59055
2,2,2,9,58869
2,2,2,10,58956
2,2,2,11,59341
2,2,2,12,58822
2,2,2,13,58856
2,2,2,14,58597
2,2,2,15,59197
2,2,2,16,58975
2,2,2,17,59031
2,2,2,18,59038
2,2,2,19,59043
2,2,2,20,59194
2,2,2,21,58494
2,2,2,22,58989
2,2,2,23,58607
2,2,2,24,59190
2,2,2,25,58892
2,2,2,26,58911
2,2,2,27,58937
2,2,2,28,58897
2,2,2,29,58421
2,2,2,30,59302
2,2,2,31,58789
2,3,2,0,58939
2,3,2,1,58746
2,3,2,2,58165
2,3,2,3,58752
2,3,2,4,59148
2,3,2,5,58681
2,3,2,6,58936
2,3,2,7,59030
2,3,2,8,58638
2,3,2,9,58407
2,3,2,10,59517
2,3,2,11,58726
2,3,2,12,58491
2,3,2,13,59051
2,3,2,14,59265
2,3,2,15,58575
2,3,2,16,58612
2,3,2,17,59009
2,3,2,18,59073
2,3,2,19,58960
2,3,2,20,58508
2,3,2,21,58853
2,3,2,22,58659
2,3,2,23,58781
2,3,2,24,58479
2,3,2,25,59004
2,3,2,26,59281
2,3,2,27,58932
2,3,2,28,216654
2,3,2,29,215802
2,3,2,30,85136
2,3,2,31,59466
2,4,2,0,59629
2,4,2,1,59245
2,4,2,2,59105
2,4,2,3,58996
2,4,2,4,59051
2,4,2,5,58359
2,4,2,6,58703
2,4,2,7,58584
2,4,2,8,58447
2,4,2,9,58736
2,4,2,10,58813
2,4,2,11,58334
2,4,2,12,58550
2,4,2,13,58943
2,4,2,14,58381
2,4,2,15,58997
2,4,2,16,58673
2,4,2,17,59227
2,4,2,18,59671
2,4,2,19,59209
2,4,2,20,58849
2,4,2,21,58653
2,4,2,22,58695
2,4,2,23,59023
2,4,2,24,58631
2,4,2,25,58697
2,4,2,26,58862
2,4,2,27,59085
2,4,2,28,58617
2,4,2,29,58693
2,4,2,30,58828
2,4,2,31,58998
2,4,3,0,59201
2,4,3,1,58545
2,4,3,2,58743
2,4,3,3,58554
2,4,3,4,58241
2,4,3,5,58698
2,4,3,6,59180
2,4,3,7,58517
2,4,3,8,58605
2,4,3,9,59061
2,4,3,10,59026
2,4,3,11,58538
2,4,3,12,58736
2,4,3,13,59017
2,4,3,14,58762
2,4,3,15,58790
2,4,3,16,58493
2,4,3,17,58946
2,4,3,18,58607
2,4,3,19,59483
2,4,3,20,58702
2,4,3,21,59033
2,4,3,22,58723
2,4,3,23,59164
2,4,3,24,59241
2,4,3,25,58953
2,4,3,26,59159
2,4,3,27,59169
2,4,3,28,58972
2,4,3,29,59187
2,4,3,30,59098
2,4,3,31,59115
2,3,3,0,58862
2,3,3,1,59001
2,3,3,2,58899
2,3,3,3,58831
2,3,3,4,58855
2,3,3,5,58322
2,3,3,6,58716
2,3,3,7,59852
2,3,3,8,58517
2,3,3,9,59115
2,3,3,10,58853
2,3,3,11,58924
2,3,3,12,59261
2,3,3,13,58956
2,3,3,14,59086
2,3,3,15,59107
2,3,3,16,58544
2,3,3,17,58592
2,3,3,18,58768
2,3,3,19,58380
2,3,3,20,58783
2,3,3,21,59034
2,3,3,22,58666
2,3,3,23,58639
2,3,3,24,59344
2,3,3,25,58673
2,3,3,26,58742
2,3,3,27,58611
2,3,3,28,58822
2,3,3,29,59731
2,3,3,30,58488
2,3,3,31,59042
2,2,3,0,59234
2,2,3,1,58860
2,2,3,2,59379
2,2,3,3,59032
2,2,3,4,59049
2,2,3,5,58999
2,2,3,6,59367
2,2,3,7,58746
2,2,3,8,60255
2,2,3,9,59151
2,2,3,10,58283
2,2,3,11,58919
2,2,3,12,59544
2,2,3,13,58856
2,2,3,14,59416
2,2,3,15,58480
2,2,3,16,58344
2,2,3,17,58896
2,2,3,18,58725
2,2,3,19,58715
2,2,3,20,58851
2,2,3,21,59250
2,2,3,22,58987
2,2,3,23,58787
2,2,3,24,58802
2,2,3,25,58864
2,2,3,26,58499
2,2,3,27,59265
2,2,3,28,58522
2,2,3,29,58997
2,2,3,30,59611
2,2,3,31,58440
2,1,3,0,58841
2,1,3,1,58791
2,1,3,2,58724
2,1,3,3,58907
2,1,3,4,58970
2,1,3,5,59306
2,1,3,6,58559
2,1,3,7,58646
2,1,3,8,58659
2,1,3,9,58986
2,1,3,10,58825
2,1,3,11,59515
2,1,3,12,59243
2,1,3,13,59287
2,1,3,14,58808
2,1,3,15,59052
2,1,3,16,58805
2,1,3,17,58870
2,1,3,18,59628
2,1,3,19,58752
2,1,3,20,58785
2,1,3,21,59338
2,1,3,22,58785
2,1,3,23,58730
2,1,3,24,58662
2,1,3,25,59276
2,1,3,26,58858
2,1,3,27,58673
2,1,3,28,58877
2,1,3,29,59110
2,1,3,30,58637
2,1,3,31,58759
2,0,3,0,58620
2,0,3,1,59031
2,0,3,2,58711
2,0,3,3,59091
2,0,3,4,58892
2,0,3,5,58469
2,0,3,6,58680
2,0,3,7,58521
2,0,3,8,58790
2,0,3,9,58642
2,0,3,10,58853
2,0,3,11,58515
2,0,3,12,58502
2,0,3,13,59704
2,0,3,14,58460
2,0,3,15,59526
2,0,3,16,59043
2,0,3,17,59109
2,0,3,18,59055
2,0,3,19,58695
2,0,3,20,58644
2,0,3,21,58843
2,0,3,22,58695
2,0,3,23,58741
2,0,3,24,59055
2,0,3,25,58562
2,0,3,26,58977
2,0,3,27,58653
2,0,3,28,58412
2,0,3,29,58775
2,0,3,30,58567
2,0,3,31,59106
2,0,4,0,58933
2,0,4,1,58685
2,0,4,2,58895
2,0,4,3,58893
2,0,4,4,58526
2,0,4,5,59062
2,0,4,6,58971
2,0,4,7,59162
2,0,4,8,58702
2,0,4,9,58773
2,0,4,10,58670
2,0,4,11,58682
2,0,4,12,58746
2,0,4,13,58824
2,0,4,14,59026
2,0,4,15,58547
2,0,4,16,58601
2,0,4,17,59178
2,0,4,18,59046
2,0,4,19,58930
2,0,4,20,58897
2,0,4,21,59153
2,0,4,22,59017
2,0,4,23,59070
2,0,4,24,59143
2,0,4,25,58458
2,0,4,26,58847
2,0,4,27,58961
2,0,4,28,58796
2,0,4,29,59356
2,0,4,30,59050
2,0,4,31,58645
2,1,4,0,58909
2,1,4,1,59004
2,1,4,2,58692
2,1,4,3,59204
2,1,4,4,58893
2,1,4,5,58904
2,1,4,6,59563
2,1,4,7,58811
2,1,4,8,59132
2,1,4,9,58770
2,1,4,10,58940
2,1,4,11,59083
2,1,4,12,58316
2,1,4,13,58888
2,1,4,14,59125
2,1,4,15,58778
2,1,4,16,58737
2,1,4,17,58747
2,1,4,18,59271
2,1,4,19,59215
2,1,4,20,58914
2,1,4,21,58946
2,1,4,22,58707
2,1,4,23,59142
2,1,4,24,59039
2,1,4,25,58615
2,1,4,26,58802
2,1,4,27,59026
2,1,4,28,58702
2,1,4,29,58957
2,1,4,30,58712
2,1,4,31,58322
2,2,4,0,59136
2,2,4,1,58690
2,2,4,2,58616
2,2,4,3,59131
2,2,4,4,59242
2,2,4,5,59095
2,2,4,6,58962
2,2,4,7,58560
2,2,4,8,58765
2,2,4,9,58752
2,2,4,10,58599
2,2,4,11,58699
2,2,4,12,58975
2,2,4,13,58681
2,2,4,14,59654
2,2,4,15,58320
2,2,4,16,58421
2,2,4,17,58550
2,2,4,18,58580
2,2,4,19,58780
2,2,4,20,58767
2,2,4,21,58905
2,2,4,22,58587
2,2,4,23,58321
2,2,4,24,58896
2,2,4,25,59405
2,2,4,26,59108
2,2,4,27,58570
2,2,4,28,58542
2,2,4,29,58910
2,2,4,30,58527
2,2,4,31,60153
2,3,4,0,58702
2,3,4,1,58445
2,3,4,2,59203
2,3,4,3,58613
2,3,4,4,59304
2,3,4,5,58956
2,3,4,6,58467
2,3,4,7,59004
2,3,4,8,59053
2,3,4,9,58862
2,3,4,10,58915
2,3,4,11,58603
2,3,4,12,58820
2,3,4,13,58976
2,3,4,14,58091
2,3,4,15,59370
2,3,4,16,58988
2,3,4,17,58715
2,3,4,18,58906
2,3,4,19,58567
2,3,4,20,58685
2,3,4,21,59334
2,3,4,22,58843
2,3,4,23,59216
2,3,4,24,59140
2,3,4,25,58713
2,3,4,26,58506
2,3,4,27,58851
2,3,4,28,58781
2,3,4,29,58855
2,3,4,30,58877
2,3,4,31,58575
2,4,4,0,58788
2,4,4,1,58888
2,4,4,2,58710
2,4,4,3,59016
2,4,4,4,58868
2,4,4,5,59161
2,4,4,6,58456
2,4,4,7,58307
2,4,4,8,58743
2,4,4,9,58530
2,4,4,10,58815
2,4,4,11,58541
2,4,4,12,58998
2,4,4,13,58694
2,4,4,14,58707
2,4,4,15,58436
2,4,4,16,58870
2,4,4,17,59000
2,4,4,18,59026
2,4,4,19,58790
2,4,4,20,59012
2,4,4,21,58819
2,4,4,22,59080
2,4,4,23,59235
2,4,4,24,58756
2,4,4,25,58911
2,4,4,26,59261
2,4,4,27,58985
2,4,4,28,58677
2,4,4,29,58864
2,4,4,30,59065
2,4,4,31,58917
2,4,5,0,58782
2,4,5,1,58639
2,4,5,2,58312
2,4,5,3,58832
2,4,5,4,58820
2,4,5,5,58718
2,4,5,6,59273
2,4,5,7,58927
2,4,5,8,58820
2,4,5,9,59159
2,4,5,10,59276
2,4,5,11,58587
2,4,5,12,58292
2,4,5,13,58432
2,4,5,14,58855
2,4,5,15,58538
2,4,5,16,59731
2,4,5,17,58722
2,4,5,18,60340
2,4,5,19,58821
2,4,5,20,58636
2,4,5,21,58782
2,4,5,22,58998
2,4,5,23,58976
2,4,5,24,58781
2,4,5,25,59000
2,4,5,26,59229
2,4,5,27,58721
2,4,5,28,58694
2,4,5,29,59136
2,4,5,30,58783
2,4,5,31,58732
2,3,5,0,58525
2,3,5,1,58854
2,3,5,2,58985
2,3,5,3,58847
2,3,5,4,58863
2,3,5,5,58948
2,3,5,6,59133
2,3,5,7,58489
2,3,5,8,58624
2,3,5,9,58354
2,3,5,10,59819
2,3,5,11,58398
2,3,5,12,58620
2,3,5,13,58538
2,3,5,14,58357
2,3,5,15,58489
2,3,5,16,58531
2,3,5,17,58433
2,3,5,18,58736
2,3,5,19,58854
2,3,5,20,59078
2,3,5,21,59069
2,3,5,22,59057
2,3,5,23,58539
2,3,5,24,59314
2,3,5,25,58845
2,3,5,26,58889
2,3,5,27,58344
2,3,5,28,58709
2,3,5,29,58353
2,3,5,30,58901
2,3,5,31,58524
2,2,5,0,58567
2,2,5,1,59357
2,2,5,2,59099
2,2,5,3,59246
2,2,5,4,59011
2,2,5,5,58613
2,2,5,6,58651
2,2,5,7,58440
2,2,5,8,58915
2,2,5,9,58339
2,2,5,10,58841
2,2,5,11,58672
2,2,5,12,58808
2,2,5,13,58816
2,2,5,14,58981
2,2,5,15,58465
2,2,5,16,59242
2,2,5,17,58746
2,2,5,18,58797
2,2,5,19,58955
2,2,5,20,59034
2,2,5,21,58974
2,2,5,22,59279
2,2,5,23,59013
2,2,5,24,58589
2,2,5,25,58968
2,2,5,26,58661
2,2,5,27,58511
2,2,5,28,58904
2,2,5,29,59166
2,2,5,30,59042
2,2,5,31,58977
2,1,5,0,58588
2,1,5,1,58807
2,1,5,2,58826
2,1,5,3,59029
2,1,5,4,58682
2,1,5,5,58923
2,1,5,6,58727
2,1,5,7,58910
2,1,5,8,58751
2,1,5,9,59295
2,1,5,10,58737
2,1,5,11,58565
2,1,5,12,58938
2,1,5,13,59092
2,1,5,14,58938
2,1,5,15,58819
2,1,5,16,58709
2,1,5,17,58756
2,1,5,18,58887
2,1,5,19,59113
2,1,5,20,58564
2,1,5,21,58783
2,1,5,22,58938
2,1,5,23,58683
2,1,5,24,58755
2,1,5,25,58587
2,1,5,26,59015
2,1,5,27,59346
2,1,5,28,58789
2,1,5,29,58942
2,1,5,30,58716
2,1,5,31,58593
2,0,5,0,58831
2,0,5,1,58944
2,0,5,2,58956
2,0,5,3,58827
2,0,5,4,58854
2,0,5,5,59010
2,0,5,6,58868
2,0,5,7,58952
2,0,5,8,58286
2,0,5,9,59846
2,0,5,10,59090
2,0,5,11,58587
2,0,5,12,59024
2,0,5,13,58782
2,0,5,14,59116
2,0,5,15,58972
2,0,5,16,58795
2,0,5,17,59020
2,0,5,18,59096
2,0,5,19,59069
2,0,5,20,58965
2,0,5,21,58923
2,0,5,22,59065
2,0,5,23,59301
2,0,5,24,58600
2,0,5,25,59201
2,0,5,26,58569
2,0,5,27,59317
2,0,5,28,59072
2,0,5,29,58751
2,0,5,30,59118
2,0,5,31,58663
2,0,6,0,59129
2,0,6,1,58688
2,0,6,2,59035
2,0,6,3,58677
2,0,6,4,59957
2,0,6,5,58801
2,0,6,6,58422
2,0,6,7,58580
2,0,6,8,58459
2,0,6,9,58635
2,0,6,10,58572
2,0,6,11,58774
2,0,6,12,58883
2,0,6,13,58764
2,0,6,14,58880
2,0,6,15,58883
2,0,6,16,58702
2,0,6,17,58551
2,0,6,18,58794
2,0,6,19,59216
2,0,6,20,59176
2,0,6,21,58631
2,0,6,22,58852
2,0,6,23,59008
2,0,6,24,59091
2,0,6,25,59073
2,0,6,26,58905
2,0,6,27,58970
2,0,6,28,58800
2,0,6,29,59002
2,0,6,30,58827
2,0,6,31,59001
2,1,6,0,58710
2,1,6,1,59119
2,1,6,2,59119
2,1,6,3,58890
2,1,6,4,58655
2,1,6,5,58793
2,1,6,6,58822
2,1,6,7,59210
2,1,6,8,58843
2,1,6,9,58674
2,1,6,10,58769
2,1,6,11,58863
2,1,6,12,58550
2,1,6,13,58650
2,1,6,14,59028
2,1,6,15,58923
2,1,6,16,59056
2,1,6,17,59054
2,1,6,18,58981
2,1,6,19,59181
2,1,6,20,58893
2,1,6,21,58465
2,1,6,22,58561
2,1,6,23,60119
2,1,6,24,59024
2,1,6,25,59513
2,1,6,26,58642
2,1,6,27,58648
2,1,6,28,58921
2,1,6,29,58809
2,1,6,30,58926
2,1,6,31,58725
2,2,6,0,58678
2,2,6,1,58810
2,2,6,2,58702
2,2,6,3,58785
2,2,6,4,58557
2,2,6,5,59399
2,2,6,6,58837
2,2,6,7,58250
2,2,6,8,58767
2,2,6,9,58717
2,2,6,10,58926
2,2,6,11,58699
2,2,6,12,58897
2,2,6,13,58688
2,2,6,14,58978
2,2,6,15,59386
2,2,6,16,58538
2,2,6,17,58698
2,2,6,18,59044
2,2,6,19,59344
2,2,6,20,58927
2,2,6,21,58779
2,2,6,22,58964
2,2,6,23,58622
2,2,6,24,58235
2,2,6,25,58573
2,2,6,26,58957
2,2,6,27,59160
2,2,6,28,58745
2,2,6,29,58414
2,2,6,30,59140
2,2,6,31,58704
2,3,6,0,58942
2,3,6,1,59315
2,3,6,2,58800
2,3,6,3,59195
2,3,6,4,59287
2,3,6,5,58807
2,3,6,6,59359
2,3,6,7,58413
2,3,6,8,59292
2,3,6,9,58625
2,3,6,10,58972
2,3,6,11,58985
2,3,6,12,59031
2,3,6,13,58714
2,3,6,14,58463
2,3,6,15,58831
2,3,6,16,59298
2,3,6,17,58556
2,3,6,18,58844
2,3,6,19,58886
2,3,6,20,58647
2,3,6,21,62155
2,3,6,22,58748
2,3,6,23,58856
2,3,6,24,58970
2,3,6,25,59075
2,3,6,26,58750
2,3,6,27,58875
2,3,6,28,58577
2,3,6,29,58789
2,3,6,30,58710
2,3,6,31,58679
2,4,6,0,59257
2,4,6,1,58551
2,4,6,2,59266
2,4,6,3,58758
2,4,6,4,59154
2,4,6,5,58806
2,4,6,6,58782
2,4,6,7,58716
2,4,6,8,58681
2,4,6,9,58607
2,4,6,10,59078
2,4,6,11,58567
2,4,6,12,58884
2,4,6,13,59365
2,4,6,14,59041
2,4,6,15,58921
2,4,6,16,58825
2,4,6,17,58537
2,4,6,18,58622
2,4,6,19,59097
2,4,6,20,58893
2,4,6,21,58727
2,4,6,22,59174
2,4,6,23,58889
2,4,6,24,58776
2,4,6,25,70528
2,4,6,26,58544
2,4,6,27,58504
2,4,6,28,58561
2,4,6,29,59339
2,4,6,30,58603
2,4,6,31,59143
2,4,7,0,58883
2,4,7,1,58772
2,4,7,2,58890
2,4,7,3,59238
2,4,7,4,58649
2,4,7,5,59046
2,4,7,6,58877
2,4,7,7,59163
2,4,7,8,58701
2,4,7,9,59101
2,4,7,10,58954
2,4,7,11,58555
2,4,7,12,58567
2,4,7,13,59220
2,4,7,14,59358
2,4,7,15,59111
2,4,7,16,58777
2,4,7,17,70853
2,4,7,18,58614
2,4,7,19,58785
2,4,7,20,59490
2,4,7,21,58446
2,4,7,22,58550
2,4,7,23,58755
2,4,7,24,58836
2,4,7,25,58872
2,4,7,26,58971
2,4,7,27,58771
2,4,7,28,58749
2,4,7,29,58469
2,4,7,30,59352
2,4,7,31,59353
2,3,7,0,58196
2,3,7,1,58718
2,3,7,2,60018
2,3,7,3,59009
2,3,7,4,59476
2,3,7,5,59000
2,3,7,6,58844
2,3,7,7,59079
2,3,7,8,59142
2,3,7,9,58879
2,3,7,10,58695
2,3,7,11,58692
2,3,7,12,58850
2,3,7,13,58849
2,3,7,14,59189
2,3,7,15,59151
2,3,7,16,58730
2,3,7,17,59230
2,3,7,18,58929
2,3,7,19,58894
2,3,7,20,59385
2,3,7,21,58964
2,3,7,22,58798
2,3,7,23,59485
2,3,7,24,58845
2,3,7,25,58601
2,3,7,26,59184
2,3,7,27,58858
2,3,7,28,58828
2,3,7,29,59101
2,3,7,30,58545
2,3,7,31,58727
2,2,7,0,59745
2,2,7,1,59019
2,2,7,2,58559
2,2,7,3,59128
2,2,7,4,58518
2,2,7,5,59069
2,2,7,6,58696
2,2,7,7,58764
2,2,7,8,58614
2,2,7,9,59019
2,2,7,10,58854
2,2,7,11,58765
2,2,7,12,58786
2,2,7,13,58889
2,2,7,14,58981
2,2,7,15,58990
2,2,7,16,58934
2,2,7,17,58567
2,2,7,18,59235
2,2,7,19,58819
2,2,7,20,58760
2,2,7,21,58599
2,2,7,22,59113
2,2,7,23,58971
2,2,7,24,59583
2,2,7,25,58579
2,2,7,26,59109
2,2,7,27,59203
2,2,7,28,58848
2,2,7,29,59218
2,2,7,30,69664
2,2,7,31,59035
2,1,7,0,58842
2,1,7,1,58944
2,1,7,2,58610
2,1,7,3,58954
2,1,7,4,58983
2,1,7,5,58686
2,1,7,6,59089
2,1,7,7,58532
2,1,7,8,58846
2,1,7,9,59053
2,1,7,10,59108
2,1,7,11,59091
2,1,7,12,59463
2,1,7,13,58264
2,1,7,14,58830
2,1,7,15,59009
2,1,7,16,58554
2,1,7,17,58427
2,1,7,18,58685
2,1,7,19,59945
2,1,7,20,58937
2,1,7,21,58787
2,1,7,22,69429
2,1,7,23,59431
2,1,7,24,59065
2,1,7,25,58855
2,1,7,26,59117
2,1,7,27,58739
2,1,7,28,59076
2,1,7,29,59142
2,1,7,30,58568
2,1,7,31,58324
2,0,7,0,58827
2,0,7,1,58952
2,0,7,2,59296
2,0,7,3,58796
2,0,7,4,58674
2,0,7,5,59073
2,0,7,6,59109
2,0,7,7,59007
2,0,7,8,59149
2,0,7,9,58828
2,0,7,10,59181
2,0,7,11,58576
2,0,7,12,58619
2,0,7,13,59157
2,0,7,14,58626
2,0,7,15,58590
2,0,7,16,58763
2,0,7,17,58504
2,0,7,18,59021
2,0,7,19,58944
2,0,7,20,59002
2,0,7,21,58809
2,0,7,22,58801
2,0,7,23,58908
2,0,7,24,59226
2,0,7,25,59188
2,0,7,26,58902
2,0,7,27,58910
2,0,7,28,58404
2,0,7,29,58934
2,0,7,30,59223
2,0,7,31,59418
3,0,0,0,27939
3,0,0,1,27974
3,0,0,2,27882
3,0,0,3,27999
3,0,0,4,28032
3,0,0,5,27927
3,0,0,6,28581
3,0,0,7,28402
3,0,0,8,28017
3,0,0,9,28275
3,0,0,10,28160
3,0,0,11,28640
3,0,0,12,28146
3,0,0,13,28017
3,0,0,14,28150
3,0,0,15,27891
3,0,0,16,27982
3,0,0,17,28230
3,0,0,18,28176
3,0,0,19,27912
3,0,0,20,27861
3,0,0,21,27930
3,0,0,22,27927
3,0,0,23,27802
3,0,0,24,28116
3,0,0,25,28006
3,0,0,26,27907
3,0,0,27,28381
3,0,0,28,28249
3,0,0,29,28178
3,0,0,30,27842
3,0,0,31,28106
3,1,0,0,27858
3,1,0,1,27843
3,1,0,2,27867
3,1,0,3,28180
3,1,0,4,27943
3,1,0,5,27969
3,1,0,6,27892
3,1,0,7,27851
3,1,0,8,28003
3,1,0,9,28498
3,1,0,10,28314
3,1,0,11,27792
3,1,0,12,28183
3,1,0,13,28153
3,1,0,14,27997
3,1,0,15,28376
3,1,0,16,28008
3,1,0,17,28524
3,1,0,18,28115
3,1,0,19,27942
3,1,0,20,28247
3,1,0,21,27924
3,1,0,22,28097
3,1,0,23,28352
3,1,0,24,28351
3,1,0,25,28407
3,1,0,26,28321
3,1,0,27,28130
3,1,0,28,27822
3,1,0,29,28423
3,1,0,30,27876
3,1,0,31,28105
3,2,0,0,28003
3,2,0,1,28032
3,2,0,2,27911
3,2,0,3,27819
3,2,0,4,27957
3,2,0,5,28203
3,2,0,6,28342
3,2,0,7,28341
3,2,0,8,27987
3,2,0,9,28384
3,2,0,10,28370
3,2,0,11,27995
3,2,0,12,28171
3,2,0,13,27947
3,2,0,14,27908
3,2,0,15,27943
3,2,0,16,27968
3,2,0,17,27814
3,2,0,18,27812
3,2,0,19,38920
3,2,0,20,28017
3,2,0,21,27923
3,2,0,22,28041
3,2,0,23,27810
3,2,0,24,27805
3,2,0,25,27883
3,2,0,26,27872
3,2,0,27,28037
3,2,0,28,28052
3,2,0,29,27953
3,2,0,30,28101
3,2,0,31,28002
3,3,0,0,27799
3,3,0,1,28018
3,3,0,2,28073
3,3,0,3,28010
3,3,0,4,28101
3,3,0,5,28508
3,3,0,6,28224
3,3,0,7,28268
3,3,0,8,28354
3,3,0,9,28035
3,3,0,10,27831
3,3,0,11,27978
3,3,0,12,27789
3,3,0,13,27923
3,3,0,14,27945
3,3,0,15,28377
3,3,0,16,27948
3,3,0,17,28004
3,3,0,18,28001
3,3,0,19,28001
3,3,0,20,27863
3,3,0,21,27889
3,3,0,22,27858
3,3,0,23,27960
3,3,0,24,28372
3,3,0,25,28262
3,3,0,26,27955
3,3,0,27,28031
3,3,0,28,28001
3,3,0,29,27908
3,3,0,30,27889
3,3,0,31,27850
3,4,0,0,28447
3,4,0,1,28350
3,4,0,2,28398
3,4,0,3,28317
3,4,0,4,28167
3,4,0,5,28346
3,4,0,6,28432
3,4,0,7,28410
3,4,0,8,28421
3,4,0,9,28181
3,4,0,10,27949
3,4,0,11,28499
3,4,0,12,28346
3,4,0,13,27965
3,4,0,14,28002
3,4,0,15,28388
3,4,0,16,28143
3,4,0,17,28096
3,4,0,18,27824
3,4,0,19,27910
3,4,0,20,27853
3,4,0,21,28004
3,4,0,22,28351
3,4,0,23,28181
3,4,0,24,28210
3,4,0,25,28469
3,4,0,26,27940
3,4,0,27,27815
3,4,0,28,27876
3,4,0,29,28036
3,4,0,30,28004
3,4,0,31,28109
3,4,1,0,28074
3,4,1,1,28121
3,4,1,2,28041
3,4,1,3,28077
3,4,1,4,27969
3,4,1,5,28430
3,4,1,6,28118
3,4,1,7,27966
3,4,1,8,28080
3,4,1,9,27919
3,4,1,10,27934
3,4,1,11,28384
3,4,1,12,27998
3,4,1,13,28028
3,4,1,14,27990
3,4,1,15,27924
3,4,1,16,28082
3,4,1,17,27897
3,4,1,18,27954
3,4,1,19,28009
3,4,1,20,27908
3,4,1,21,28061
3,4,1,22,28132
3,4,1,23,28050
3,4,1,24,27930
3,4,1,25,28136
3,4,1,26,28115
3,4,1,27,27949
3,4,1,28,28336
3,4,1,29,28465
3,4,1,30,28449
3,4,1,31,28380
3,3,1,0,28308
3,3,1,1,27848
3,3,1,2,27893
3,3,1,3,27937
3,3,1,4,27960
3,3,1,5,27904
3,3,1,6,27912
3,3,1,7,27823
3,3,1,8,27944
3,3,1,9,27902
3,3,1,10,28042
3,3,1,11,27864
3,3,1,12,27871
3,3,1,13,28068
3,3,1,14,27925
3,3,1,15,28076
3,3,1,16,28030
3,3,1,17,28157
3,3,1,18,28111
3,3,1,19,28264
3,3,1,20,27970
3,3,1,21,27854
3,3,1,22,28083
3,3,1,23,28003
3,3,1,24,27831
3,3,1,25,27880
3,3,1,26,27856
3,3,1,27,27978
3,3,1,28,28124
3,3,1,29,28026
3,3,1,30,28294
3,3,1,31,27957
3,2,1,0,27999
3,2,1,1,27909
3,2,1,2,27954
3,2,1,3,27941
3,2,1,4,27849
3,2,1,5,27945
3,2,1,6,27879
3,2,1,7,27968
3,2,1,8,27843
3,2,1,9,27922
3,2,1,10,27835
3,2,1,11,27867
3,2,1,12,27914
3,2,1,13,27876
3,2,1,14,27876
3,2,1,15,27809
3,2,1,16,27883
3,2,1,17,27884
3,2,1,18,27871
3,2,1,19,27742
3,2,1,20,28057
3,2,1,21,27980
3,2,1,22,27970
3,2,1,23,27915
3,2,1,24,28502
3,2,1,25,28056
3,2,1,26,27860
3,2,1,27,27958
3,2,1,28,27845
3,2,1,29,27977
3,2,1,30,27918
3,2,1,31,27864
3,1,1,0,27994
3,1,1,1,27911
3,1,1,2,28066
3,1,1,3,28191
3,1,1,4,27916
3,1,1,5,27935
3,1,1,6,28002
3,1,1,7,38857
3,1,1,8,28095
3,1,1,9,28102
3,1,1,10,28146
3,1,1,11,28091
3,1,1,12,27926
3,1,1,13,27870
3,1,1,14,28460
3,1,1,15,28382
3,1,1,16,28435
3,1,1,17,27897
3,1,1,18,27878
3,1,1,19,27962
3,1,1,20,28264
3,1,1,21,28112
3,1,1,22,28092
3,1,1,23,28409
3,1,1,24,28279
3,1,1,25,27961
3,1,1,26,28204
3,1,1,27,28506
3,1,1,28,28010
3,1,1,29,27807
3,1,1,30,28160
3,1,1,31,28083
3,0,1,0,27878
3,0,1,1,27913
3,0,1,2,27972
3,0,1,3,27921
3,0,1,4,27952
3,0,1,5,28283
3,0,1,6,27928
3,0,1,7,28057
3,0,1,8,28106
3,0,1,9,28228
3,0,1,10,28177
3,0,1,11,27927
3,0,1,12,28188
3,0,1,13,28223
3,0,1,14,28085
3,0,1,15,27967
3,0,1,16,28179
3,0,1,17,28295
3,0,1,18,28927
3,0,1,19,28021
3,0,1,20,28422
3,0,1,21,28422
3,0,1,22,28303
3,0,1,23,27968
3,0,1,24,27861
3,0,1,25,27998
3,0,1,26,27962
3,0,1,27,27927
3,0,1,28,27950
3,0,1,29,28074
3,0,1,30,28019
3,0,1,31,27971
3,0,2,0,28270
3,0,2,1,27904
3,0,2,2,28150
3,0,2,3,28058
3,0,2,4,27924
3,0,2,5,27852
3,0,2,6,27895
3,0,2,7,28182
3,0,2,8,28042
3,0,2,9,28171
3,0,2,10,27924
3,0,2,11,28101
3,0,2,12,28128
3,0,2,13,27988
3,0,2,14,27981
3,0,2,15,27901
3,0,2,16,28234
3,0,2,17,28139
3,0,2,18,27969
3,0,2,19,28152
3,0,2,20,27978
3,0,2,21,27948
3,0,2,22,27860
3,0,2,23,28098
3,0,2,24,28400
3,0,2,25,28103
3,0,2,26,27861
3,0,2,27,27928
3,0,2,28,28247
3,0,2,29,28176
3,0,2,30,27893
3,0,2,31,28084
3,1,2,0,27951
3,1,2,1,28331
3,1,2,2,27907
3,1,2,3,27885
3,1,2,4,27924
3,1,2,5,27974
3,1,2,6,28164
3,1,2,7,28460
3,1,2,8,28304
3,1,2,9,28379
3,1,2,10,27952
3,1,2,11,28516
3,1,2,12,28440
3,1,2,13,28365
3,1,2,14,28353
3,1,2,15,28401
3,1,2,16,28344
3,1,2,17,28342
3,1,2,18,28038
3,1,2,19,27889
3,1,2,20,28022
3,1,2,21,28074
3,1,2,22,28138
3,1,2,23,27977
3,1,2,24,28239
3,1,2,25,27966
3,1,2,26,27901
3,1,2,27,28280
3,1,2,28,28198
3,1,2,29,28014
3,1,2,30,28089
3,1,2,31,28062
3,2,2,0,27941
3,2,2,1,27764
3,2,2,2,27932
3,2,2,3,27884
3,2,2,4,27910
3,2,2,5,28106
3,2,2,6,27958
3,2,2,7,28201
3,2,2,8,28115
3,2,2,9,27947
3,2,2,10,27977
3,2,2,11,27959
3,2,2,12,28044
3,2,2,13,27874
3,2,2,14,27845
3,2,2,15,27838
3,2,2,16,27955
3,2,2,17,27965
3,2,2,18,27913
3,2,2,19,27857
3,2,2,20,27934
3,2,2,21,27948
3,2,2,22,27861
3,2,2,23,27888
3,2,2,24,28016
3,2,2,25,27866
3,2,2,26,27974
3,2,2,27,27879
3,2,2,28,27850
3,2,2,29,28032
3,2,2,30,27958
3,2,2,31,27868
3,3,2,0,27827
3,3,2,1,27915
3,3,2,2,27986
3,3,2,3,28100
3,3,2,4,27820
3,3,2,5,27846
3,3,2,6,28289
3,3,2,7,28892
3,3,2,8,28325
3,3,2,9,28351
3,3,2,10,27923
3,3,2,11,27849
3,3,2,12,27835
3,3,2,13,27956
3,3,2,14,28053
3,3,2,15,27930
3,3,2,16,28396
3,3,2,17,27856
3,3,2,18,28093
3,3,2,19,27883
3,3,2,20,28113
3,3,2,21,28098
3,3,2,22,28052
3,3,2,23,27915
3,3,2,24,28004
3,3,2,25,27986
3,3,2,26,28064
3,3,2,27,28155
3,3,2,28,27919
3,3,2,29,28177
3,3,2,30,27923
3,3,2,31,27920
3,4,2,0,27849
3,4,2,1,27934
3,4,2,2,27907
3,4,2,3,27874
3,4,2,4,28078
3,4,2,5,27937
3,4,2,6,28348
3,4,2,7,28128
3,4,2,8,28064
3,4,2,9,27992
3,4,2,10,27958
3,4,2,11,28074
3,4,2,12,28124
3,4,2,13,28123
3,4,2,14,28015
3,4,2,15,28430
3,4,2,16,28328
3,4,2,17,28148
3,4,2,18,28144
3,4,2,19,27987
3,4,2,20,28129
3,4,2,21,28249
3,4,2,22,28052
3,4,2,23,27958
3,4,2,24,27958
3,4,2,25,28281
3,4,2,26,27907
3,4,2,27,28475
3,4,2,28,27996
3,4,2,29,28002
3,4,2,30,28210
3,4,2,31,28407
3,4,3,0,27891
3,4,3,1,28448
3,4,3,2,28377
3,4,3,3,28284
3,4,3,4,27788
3,4,3,5,28180
3,4,3,6,28115
3,4,3,7,28041
3,4,3,8,28028
3,4,3,9,27877
3,4,3,10,28106
3,4,3,11,27921
3,4,3,12,28114
3,4,3,13,28678
3,4,3,14,27936
3,4,3,15,27886
3,4,3,16,27894
3,4,3,17,28197
3,4,3,18,28433
3,4,3,19,28352
3,4,3,20,27935
3,4,3,21,28035
3,4,3,22,28227
3,4,3,23,27899
3,4,3,24,27992
3,4,3,25,27980
3,4,3,26,28056
3,4,3,27,27937
3,4,3,28,28109
3,4,3,29,28095
3,4,3,30,28375
3,4,3,31,28093
3,3,3,0,28285
3,3,3,1,28412
3,3,3,2,28277
3,3,3,3,27951
3,3,3,4,28411
3,3,3,5,28218
3,3,3,6,27818
3,3,3,7,27841
3,3,3,8,28319
3,3,3,9,28205
3,3,3,10,27844
3,3,3,11,28204
3,3,3,12,28017
3,3,3,13,28039
3,3,3,14,27995
3,3,3,15,27922
3,3,3,16,27966
3,3,3,17,27925
3,3,3,18,27908
3,3,3,19,28080
3,3,3,20,27969
3,3,3,21,28324
3,3,3,22,28494
3,3,3,23,28314
3,3,3,24,28477
3,3,3,25,28412
3,3,3,26,28096
3,3,3,27,27975
3,3,3,28,28339
3,3,3,29,28418
3,3,3,30,27936
3,3,3,31,28368
3,2,3,0,27828
3,2,3,1,28134
3,2,3,2,27937
3,2,3,3,27846
3,2,3,4,27888
3,2,3,5,27803
3,2,3,6,27944
3,2,3,7,27888
3,2,3,8,27833
3,2,3,9,27881
3,2,3,10,27959
3,2,3,11,27945
3,2,3,12,27842
3,2,3,13,28191
3,2,3,14,27927
3,2,3,15,27816
3,2,3,16,28080
3,2,3,17,27822
3,2,3,18,27959
3,2,3,19,27841
3,2,3,20,27898
3,2,3,21,27996
3,2,3,22,27844
3,2,3,23,38836
3,2,3,24,27878
3,2,3,25,27816
3,2,3,26,27848
3,2,3,27,27905
3,2,3,28,27860
3,2,3,29,28090
3,2,3,30,27946
3,2,3,31,28350
3,1,3,0,28271
3,1,3,1,28198
3,1,3,2,28324
3,1,3,3,28101
3,1,3,4,27840
3,1,3,5,27904
3,1,3,6,28281
3,1,3,7,27890
3,1,3,8,27942
3,1,3,9,28403
3,1,3,10,27954
3,1,3,11,28207
3,1,3,12,27951
3,1,3,13,28258
3,1,3,14,28019
3,1,3,15,28134
3,1,3,16,28221
3,1,3,17,28156
3,1,3,18,27966
3,1,3,19,28337
3,1,3,20,28373
3,1,3,21,28346
3,1,3,22,28345
3,1,3,23,28155
3,1,3,24,27842
3,1,3,25,27904
3,1,3,26,28808
3,1,3,27,27991
3,1,3,28,28299
3,1,3,29,27908
3,1,3,30,27959
3,1,3,31,27980
3,0,3,0,28334
3,0,3,1,27954
3,0,3,2,27999
3,0,3,3,27916
3,0,3,4,27887
3,0,3,5,27998
3,0,3,6,28017
3,0,3,7,27941
3,0,3,8,27916
3,0,3,9,27924
3,0,3,10,27930
3,0,3,11,28039
3,0,3,12,27890
3,0,3,13,28104
3,0,3,14,27882
3,0,3,15,27860
3,0,3,16,27905
3,0,3,17,27923
3,0,3,18,28010
3,0,3,19,38809
3,0,3,20,27962
3,0,3,21,27908
3,0,3,22,28018
3,0,3,23,27912
3,0,3,24,27933
3,0,3,25,27884
3,0,3,26,27959
3,0,3,27,27938
3,0,3,28,27924
3,0,3,29,27912
3,0,3,30,27932
3,0,3,31,28146
3,0,4,0,28397
3,0,4,1,28220
3,0,4,2,27985
3,0,4,3,28510
3,0,4,4,27934
3,0,4,5,28036
3,0,4,6,27876
3,0,4,7,28134
3,0,4,8,27966
3,0,4,9,27927
3,0,4,10,28374
3,0,4,11,27913
3,0,4,12,27967
3,0,4,13,28006
3,0,4,14,28008
3,0,4,15,27932
3,0,4,16,28015
3,0,4,17,27854
3,0,4,18,28034
3,0,4,19,27938
3,0,4,20,28752
3,0,4,21,28285
3,0,4,22,28304
3,0,4,23,28381
3,0,4,24,28322
3,0,4,25,28456
3,0,4,26,28291
3,0,4,27,28302
3,0,4,28,28353
3,0,4,29,28399
3,0,4,30,28140
3,0,4,31,27948
3,1,4,0,27897
3,1,4,1,27935
3,1,4,2,27966
3,1,4,3,27974
3,1,4,4,28090
3,1,4,5,28119
3,1,4,6,27983
3,1,4,7,28233
3,1,4,8,28114
3,1,4,9,28216
3,1,4,10,27910
3,1,4,11,27853
3,1,4,12,28050
3,1,4,13,27824
3,1,4,14,28139
3,1,4,15,27878
3,1,4,16,27859
3,1,4,17,28198
3,1,4,18,27984
3,1,4,19,28012
3,1,4,20,28104
3,1,4,21,28152
3,1,4,22,27962
3,1,4,23,28176
3,1,4,24,27930
3,1,4,25,27944
3,1,4,26,27907
3,1,4,27,28038
3,1,4,28,28204
3,1,4,29,28108
3,1,4,30,27974
3,1,4,31,27901
3,2,4,0,27975
3,2,4,1,28005
3,2,4,2,28030
3,2,4,3,28092
3,2,4,4,28162
3,2,4,5,27862
3,2,4,6,27986
3,2,4,7,27916
3,2,4,8,27860
3,2,4,9,28056
3,2,4,10,27888
3,2,4,11,27939
3,2,4,12,27870
3,2,4,13,27951
3,2,4,14,28734
3,2,4,15,27780
3,2,4,16,27925
3,2,4,17,28007
3,2,4,18,28088
3,2,4,19,28179
3,2,4,20,27887
3,2,4,21,27981
3,2,4,22,27882
3,2,4,23,27939
3,2,4,24,27931
3,2,4,25,27961
3,2,4,26,28368
3,2,4,27,27812
3,2,4,28,27898
3,2,4,29,27889
3,2,4,30,28187
3,2,4,31,28021
3,3,4,0,27937
3,3,4,1,28358
3,3,4,2,28189
3,3,4,3,28347
3,3,4,4,27870
3,3,4,5,27989
3,3,4,6,28055
3,3,4,7,27909
3,3,4,8,27832
3,3,4,9,28192
3,3,4,10,28162
3,3,4,11,38843
3,3,4,12,27876
3,3,4,13,27912
3,3,4,14,28112
3,3,4,15,27872
3,3,4,16,28277
3,3,4,17,28175
3,3,4,18,28325
3,3,4,19,27855
3,3,4,20,27915
3,3,4,21,27963
3,3,4,22,28034
3,3,4,23,28250
3,3,4,24,28332
3,3,4,25,28424
3,3,4,26,28050
3,3,4,27,28316
3,3,4,28,28374
3,3,4,29,28031
3,3,4,30,27995
3,3,4,31,27884
3,4,4,0,28257
3,4,4,1,28390
3,4,4,2,27995
3,4,4,3,28102
3,4,4,4,28124
3,4,4,5,27909
3,4,4,6,27925
3,4,4,7,28039
3,4,4,8,28433
3,4,4,9,28577
3,4,4,10,28443
3,4,4,11,28279
3,4,4,12,28362
3,4,4,13,28401
3,4,4,14,28317
3,4,4,15,28340
3,4,4,16,28255
3,4,4,17,28350
3,4,4,18,28261
3,4,4,19,28424
3,4,4,20,28297
3,4,4,21,28463
3,4,4,22,27948
3,4,4,23,28260
3,4,4,24,28229
3,4,4,25,28267
3,4,4,26,28002
3,4,4,27,27890
3,4,4,28,27866
3,4,4,29,27972
3,4,4,30,28345
3,4,4,31,27918
3,4,5,0,28332
3,4,5,1,28096
3,4,5,2,28159
3,4,5,3,28084
3,4,5,4,28142
3,4,5,5,28363
3,4,5,6,27898
3,4,5,7,38902
3,4,5,8,27882
3,4,5,9,27875
3,4,5,10,28111
3,4,5,11,27880
3,4,5,12,28050
3,4,5,13,27976
3,4,5,14,28089
3,4,5,15,28384
3,4,5,16,27916
3,4,5,17,28095
3,4,5,18,28043
3,4,5,19,28368
3,4,5,20,28107
3,4,5,21,27925
3,4,5,22,27929
3,4,5,23,28210
3,4,5,24,27958
3,4,5,25,28053
3,4,5,26,28078
3,4,5,27,28012
3,4,5,28,28171
3,4,5,29,28121
3,4,5,30,27913
3,4,5,31,28144
3,3,5,0,27769
3,3,5,1,27872
3,3,5,2,28531
3,3,5,3,28419
3,3,5,4,28508
3,3,5,5,28455
3,3,5,6,28378
3,3,5,7,28470
3,3,5,8,28328
3,3,5,9,28228
3,3,5,10,28378
3,3,5,11,28421
3,3,5,12,27963
3,3,5,13,27985
3,3,5,14,27922
3,3,5,15,27924
3,3,5,16,27950
3,3,5,17,28068
3,3,5,18,27878
3,3,5,19,27861
3,3,5,20,27872
3,3,5,21,28113
3,3,5,22,27932
3,3,5,23,28027
3,3,5,24,28035
3,3,5,25,28309
3,3,5,26,27859
3,3,5,27,27856
3,3,5,28,27903
3,3,5,29,27871
3,3,5,30,27906
3,3,5,31,27964
3,2,5,0,27895
3,2,5,1,27865
3,2,5,2,27975
3,2,5,3,28204
3,2,5,4,27906
3,2,5,5,28003
3,2,5,6,27857
3,2,5,7,28000
3,2,5,8,27812
3,2,5,9,27964
3,2,5,10,28011
3,2,5,11,27817
3,2,5,12,27860
3,2,5,13,27870
3,2,5,14,27936
3,2,5,15,28039
3,2,5,16,27871
3,2,5,17,28334
3,2,5,18,27906
3,2,5,19,27844
3,2,5,20,27831
3,2,5,21,27909
3,2,5,22,27814
3,2,5,23,27936
3,2,5,24,27959
3,2,5,25,27841
3,2,5,26,27806
3,2,5,27,27915
3,2,5,28,27879
3,2,5,29,27890
3,2,5,30,27860
3,2,5,31,28038
3,1,5,0,27959
3,1,5,1,28321
3,1,5,2,27847
3,1,5,3,27953
3,1,5,4,28293
3,1,5,5,27993
3,1,5,6,27884
3,1,5,7,27972
3,1,5,8,28072
3,1,5,9,27872
3,1,5,10,28206
3,1,5,11,28255
3,1,5,12,28080
3,1,5,13,28111
3,1,5,14,28089
3,1,5,15,28468
3,1,5,16,28162
3,1,5,17,28352
3,1,5,18,28007
3,1,5,19,28080
3,1,5,20,27965
3,1,5,21,28276
3,1,5,22,28130
3,1,5,23,27925
3,1,5,24,28409
3,1,5,25,27903
3,1,5,26,28112
3,1,5,27,27909
3,1,5,28,27977
3,1,5,29,28010
3,1,5,30,28410
3,1,5,31,28214
3,0,5,0,27877
3,0,5,1,28176
3,0,5,2,27891
3,0,5,3,27967
3,0,5,4,27967
3,0,5,5,27847
3,0,5,6,27918
3,0,5,7,28127
3,0,5,8,27976
3,0,5,9,27996
3,0,5,10,28050
3,0,5,11,28152
3,0,5,12,27821
3,0,5,13,27944
3,0,5,14,28022
3,0,5,15,27991
3,0,5,16,28142
3,0,5,17,27952
3,0,5,18,27945
3,0,5,19,27989
3,0,5,20,27937
3,0,5,21,28037
3,0,5,22,27800
3,0,5,23,27798
3,0,5,24,28000
3,0,5,25,27897
3,0,5,26,28364
3,0,5,27,28033
3,0,5,28,27933
3,0,5,29,28367
3,0,5,30,27885
3,0,5,31,27924
3,0,6,0,28413
3,0,6,1,28354
3,0,6,2,28436
3,0,6,3,28322
3,0,6,4,27835
3,0,6,5,27936
3,0,6,6,28131
3,0,6,7,27950
3,0,6,8,27978
3,0,6,9,27908
3,0,6,10,28362
3,0,6,11,28434
3,0,6,12,28313
3,0,6,13,28498
3,0,6,14,28404
3,0,6,15,28343
3,0,6,16,27964
3,0,6,17,28000
3,0,6,18,27872
3,0,6,19,27906
3,0,6,20,27928
3,0,6,21,27927
3,0,6,22,27858
3,0,6,23,27879
3,0,6,24,28013
3,0,6,25,27991
3,0,6,26,28132
3,0,6,27,27815
3,0,6,28,27957
3,0,6,29,28130
3,0,6,30,27921
3,0,6,31,27842
3,1,6,0,27790
3,1,6,1,28017
3,1,6,2,27975
3,1,6,3,27949
3,1,6,4,27841
3,1,6,5,27932
3,1,6,6,27841
3,1,6,7,28397
3,1,6,8,28282
3,1,6,9,28206
3,1,6,10,28289
3,1,6,11,27886
3,1,6,12,27936
3,1,6,13,27954
3,1,6,14,28004
3,1,6,15,27961
3,1,6,16,28070
3,1,6,17,28259
3,1,6,18,27950
3,1,6,19,28016
3,1,6,20,28043
3,1,6,21,28408
3,1,6,22,28028
3,1,6,23,28403
3,1,6,24,28032
3,1,6,25,27996
3,1,6,26,27904
3,1,6,27,28156
3,1,6,28,28197
3,1,6,29,28156
3,1,6,30,27968
3,1,6,31,28277
3,2,6,0,28325
3,2,6,1,28276
3,2,6,2,28338
3,2,6,3,28419
3,2,6,4,28370
3,2,6,5,27940
3,2,6,6,27909
3,2,6,7,27885
3,2,6,8,27822
3,2,6,9,28153
3,2,6,10,27963
3,2,6,11,28189
3,2,6,12,27849
3,2,6,13,27902
3,2,6,14,27830
3,2,6,15,28047
3,2,6,16,27870
3,2,6,17,27919
3,2,6,18,27774
3,2,6,19,27881
3,2,6,20,27872
3,2,6,21,27915
3,2,6,22,28240
3,2,6,23,27819
3,2,6,24,27913
3,2,6,25,27922
3,2,6,26,27948
3,2,6,27,38768
3,2,6,28,28045
3,2,6,29,28002
3,2,6,30,27728
3,2,6,31,27936
3,3,6,0,27787
3,3,6,1,28152
3,3,6,2,28050
3,3,6,3,27888
3,3,6,4,28039
3,3,6,5,28047
3,3,6,6,27801
3,3,6,7,28067
3,3,6,8,28281
3,3,6,9,28240
3,3,6,10,28327
3,3,6,11,28281
3,3,6,12,28322
3,3,6,13,28382
3,3,6,14,28325
3,3,6,15,28937
3,3,6,16,28339
3,3,6,17,28325
3,3,6,18,28361
3,3,6,19,28352
3,3,6,20,28347
3,3,6,21,28396
3,3,6,22,28339
3,3,6,23,28360
3,3,6,24,28373
3,3,6,25,28309
3,3,6,26,28304
3,3,6,27,27840
3,3,6,28,28441
3,3,6,29,28435
3,3,6,30,28391
3,3,6,31,28427
3,4,6,0,28267
3,4,6,1,28099
3,4,6,2,28346
3,4,6,3,27936
3,4,6,4,27937
3,4,6,5,28445
3,4,6,6,28397
3,4,6,7,28300
3,4,6,8,27953
3,4,6,9,28150
3,4,6,10,28277
3,4,6,11,28227
3,4,6,12,27940
3,4,6,13,28096
3,4,6,14,27837
3,4,6,15,28115
3,4,6,16,27979
3,4,6,17,27862
3,4,6,18,27873
3,4,6,19,28087
3,4,6,20,28077
3,4,6,21,28012
3,4,6,22,28028
3,4,6,23,39073
3,4,6,24,27943
3,4,6,25,28066
3,4,6,26,27991
3,4,6,27,27925
3,4,6,28,28091
3,4,6,29,28136
3,4,6,30,28197
3,4,6,31,28107
3,4,7,0,27924
3,4,7,1,27950
3,4,7,2,27841
3,4,7,3,28075
3,4,7,4,28076
3,4,7,5,28259
3,4,7,6,27938
3,4,7,7,28162
3,4,7,8,28180
3,4,7,9,28758
3,4,7,10,28288
3,4,7,11,28079
3,4,7,12,27989
3,4,7,13,28050
3,4,7,14,28242
3,4,7,15,28358
3,4,7,16,28196
3,4,7,17,27890
3,4,7,18,28230
3,4,7,19,27918
3,4,7,20,28381
3,4,7,21,28353
3,4,7,22,27928
3,4,7,23,28052
3,4,7,24,28353
3,4,7,25,28362
3,4,7,26,28404
3,4,7,27,28372
3,4,7,28,28333
3,4,7,29,28366
3,4,7,30,28488
3,4,7,31,28424
3,3,7,0,27810
3,3,7,1,28186
3,3,7,2,28172
3,3,7,3,28473
3,3,7,4,28416
3,3,7,5,28352
3,3,7,6,28377
3,3,7,7,28493
3,3,7,8,28340
3,3,7,9,28148
3,3,7,10,27842
3,3,7,11,27873
3,3,7,12,27891
3,3,7,13,28159
3,3,7,14,28079
3,3,7,15,28134
3,3,7,16,28130
3,3,7,17,28126
3,3,7,18,28227
3,3,7,19,28122
3,3,7,20,28035
3,3,7,21,28414
3,3,7,22,28205
3,3,7,23,27910
3,3,7,24,28006
3,3,7,25,27880
3,3,7,26,28066
3,3,7,27,27845
3,3,7,28,28022
3,3,7,29,27943
3,3,7,30,27930
3,3,7,31,27927
3,2,7,0,28283
3,2,7,1,27891
3,2,7,2,28081
3,2,7,3,28484
3,2,7,4,27994
3,2,7,5,27834
3,2,7,6,27921
3,2,7,7,28024
3,2,7,8,28045
3,2,7,9,28073
3,2,7,10,27883
3,2,7,11,27979
3,2,7,12,28081
3,2,7,13,27874
3,2,7,14,27867
3,2,7,15,28316
3,2,7,16,28460
3,2,7,17,28399
3,2,7,18,27879
3,2,7,19,27853
3,2,7,20,27832
3,2,7,21,27943
3,2,7,22,28420
3,2,7,23,28092
3,2,7,24,27891
3,2,7,25,27977
3,2,7,26,27819
3,2,7,27,28142
3,2,7,28,27914
3,2,7,29,28038
3,2,7,30,28157
3,2,7,31,28140
3,1,7,0,27837
3,1,7,1,27863
3,1,7,2,27851
3,1,7,3,28092
3,1,7,4,28419
3,1,7,5,28362
3,1,7,6,28332
3,1,7,7,28448
3,1,7,8,28402
3,1,7,9,28386
3,1,7,10,28420
3,1,7,11,28360
3,1,7,12,28294
3,1,7,13,28441
3,1,7,14,27899
3,1,7,15,27931
3,1,7,16,27937
3,1,7,17,27934
3,1,7,18,27956
3,1,7,19,27913
3,1,7,20,28419
3,1,7,21,27906
3,1,7,22,27966
3,1,7,23,28605
3,1,7,24,27958
3,1,7,25,27992
3,1,7,26,27953
3,1,7,27,28267
3,1,7,28,28324
3,1,7,29,28161
3,1,7,30,28286
3,1,7,31,27883
3,0,7,0,27839
3,0,7,1,27916
3,0,7,2,27854
3,0,7,3,27918
3,0,7,4,27967
3,0,7,5,28340
3,0,7,6,28167
3,0,7,7,27998
3,0,7,8,27963
3,0,7,9,27922
3,0,7,10,28429
3,0,7,11,27958
3,0,7,12,27967
3,0,7,13,27925
3,0,7,14,28137
3,0,7,15,28227
3,0,7,16,28063
3,0,7,17,28027
3,0,7,18,28051
3,0,7,19,27919
3,0,7,20,27840
3,0,7,21,27903
3,0,7,22,27981
3,0,7,23,28062
3,0,7,24,27972
3,0,7,25,28182
3,0,7,26,27874
3,0,7,27,28373
3,0,7,28,27921
3,0,7,29,27861
3,0,7,30,27926
3,0,7,31,27951
4,0,0,0,19293
4,0,0,1,19394
4,0,0,2,19337
4,0,0,3,19319
4,0,0,4,19447
4,0,0,5,19322
4,0,0,6,19267
4,0,0,7,19333
4,0,0,8,19451
4,0,0,9,19350
4,0,0,10,19682
4,0,0,11,19388
4,0,0,12,19357
4,0,0,13,19365
4,0,0,14,19341
4,0,0,15,19379
4,0,0,16,30185
4,0,0,17,19262
4,0,0,18,19353
4,0,0,19,19290
4,0,0,20,19300
4,0,0,21,19411
4,0,0,22,19279
4,0,0,23,19475
4,0,0,24,19361
4,0,0,25,19280
4,0,0,26,19308
4,0,0,27,19472
4,0,0,28,19379
4,0,0,29,19408
4,0,0,30,19256
4,0,0,31,19334
4,1,0,0,19398
4,1,0,1,19634
4,1,0,2,19384
4,1,0,3,19387
4,1,0,4,20034
4,1,0,5,19588
4,1,0,6,19510
4,1,0,7,19574
4,1,0,8,19576
4,1,0,9,19399
4,1,0,10,19496
4,1,0,11,19662
4,1,0,12,19331
4,1,0,13,19426
4,1,0,14,19296
4,1,0,15,19301
4,1,0,16,19346
4,1,0,17,19310
4,1,0,18,19347
4,1,0,19,19422
4,1,0,20,19364
4,1,0,21,19309
4,1,0,22,19428
4,1,0,23,19344
4,1,0,24,19461
4,1,0,25,19329
4,1,0,26,19335
4,1,0,27,19607
4,1,0,28,19677
4,1,0,29,19296
4,1,0,30,19317
4,1,0,31,19688
4,2,0,0,19432
4,2,0,1,19347
4,2,0,2,19316
4,2,0,3,19321
4,2,0,4,19390
4,2,0,5,19499
4,2,0,6,19463
4,2,0,7,19405
4,2,0,8,19284
4,2,0,9,19297
4,2,0,10,19431
4,2,0,11,19422
4,2,0,12,19415
4,2,0,13,19484
4,2,0,14,19397
4,2,0,15,19644
4,2,0,16,19248
4,2,0,17,19331
4,2,0,18,19342
4,2,0,19,19385
4,2,0,20,19335
4,2,0,21,19415
4,2,0,22,19465
4,2,0,23,19268
4,2,0,24,19448
4,2,0,25,19497
4,2,0,26,19297
4,2,0,27,19333
4,2,0,28,19468
4,2,0,29,19489
4,2,0,30,19449
4,2,0,31,19339
4,3,0,0,19316
4,3,0,1,19392
4,3,0,2,19283
4,3,0,3,19321
4,3,0,4,19479
4,3,0,5,19286
4,3,0,6,19292
4,3,0,7,19507
4,3,0,8,19315
4,3,0,9,19438
4,3,0,10,19285
4,3,0,11,19343
4,3,0,12,19249
4,3,0,13,19490
4,3,0,14,19223
4,3,0,15,19255
4,3,0,16,19386
4,3,0,17,19178
4,3,0,18,19383
4,3,0,19,19278
4,3,0,20,19409
4,3,0,21,19408
4,3,0,22,19210
4,3,0,23,19457
4,3,0,24,19280
4,3,0,25,19933
4,3,0,26,19302
4,3,0,27,19358
4,3,0,28,19301
4,3,0,29,19418
4,3,0,30,19375
4,3,0,31,19310
4,4,0,0,19457
4,4,0,1,19368
4,4,0,2,19363
4,4,0,3,19477
4,4,0,4,19647
4,4,0,5,19343
4,4,0,6,19368
4,4,0,7,19658
4,4,0,8,19459
4,4,0,9,19290
4,4,0,10,19437
4,4,0,11,19354
4,4,0,12,19402
4,4,0,13,19329
4,4,0,14,19408
4,4,0,15,19622
4,4,0,16,19537
4,4,0,17,19436
4,4,0,18,19448
4,4,0,19,19343
4,4,0,20,19377
4,4,0,21,19515
4,4,0,22,19704
4,4,0,23,19585
4,4,0,24,19600
4,4,0,25,19444
4,4,0,26,19230
4,4,0,27,19286
4,4,0,28,19251
4,4,0,29,19338
4,4,0,30,19289
4,4,0,31,19337
4,4,1,0,19192
4,4,1,1,19384
4,4,1,2,19401
4,4,1,3,19328
4,4,1,4,19338
4,4,1,5,19359
4,4,1,6,19397
4,4,1,7,19374
4,4,1,8,19324
4,4,1,9,19433
4,4,1,10,19276
4,4,1,11,19334
4,4,1,12,19408
4,4,1,13,19347
4,4,1,14,19311
4,4,1,15,19250
4,4,1,16,19362
4,4,1,17,19243
4,4,1,18,19280
4,4,1,19,19340
4,4,1,20,19590
4,4,1,21,19596
4,4,1,22,19415
4,4,1,23,19272
4,4,1,24,19283
4,4,1,25,19420
4,4,1,26,19467
4,4,1,27,19343
4,4,1,28,19262
4,4,1,29,19298
4,4,1,30,19279
4,4,1,31,19445
4,3,1,0,19207
4,3,1,1,19596
4,3,1,2,19269
4,3,1,3,19411
4,3,1,4,19363
4,3,1,5,19357
4,3,1,6,19418
4,3,1,7,19310
4,3,1,8,19316
4,3,1,9,19418
4,3,1,10,19349
4,3,1,11,20305
4,3,1,12,56675
4,3,1,13,31172
4,3,1,14,19392
4,3,1,15,19406
4,3,1,16,19247
4,3,1,17,19391
4,3,1,18,19349
4,3,1,19,19282
4,3,1,20,19305
4,3,1,21,19328
4,3,1,22,19453
4,3,1,23,19304
4,3,1,24,19362
4,3,1,25,19347
4,3,1,26,19309
4,3,1,27,19266
4,3,1,28,19427
4,3,1,29,19257
4,3,1,30,19386
4,3,1,31,19456
4,2,1,0,19345
4,2,1,1,19585
4,2,1,2,19304
4,2,1,3,19430
4,2,1,4,19548
4,2,1,5,19361
4,2,1,6,19531
4,2,1,7,19445
4,2,1,8,19277
4,2,1,9,19268
4,2,1,10,19454
4,2,1,11,19407
4,2,1,12,19374
4,2,1,13,19594
4,2,1,14,19353
4,2,1,15,19450
4,2,1,16,19325
4,2,1,17,19313
4,2,1,18,19304
4,2,1,19,19328
4,2,1,20,19505
4,2,1,21,19426
4,2,1,22,19596
4,2,1,23,19338
4,2,1,24,19367
4,2,1,25,19429
4,2,1,26,19377
4,2,1,27,19364
4,2,1,28,19264
4,2,1,29,19355
4,2,1,30,19479
4,2,1,31,19368
4,1,1,0,19231
4,1,1,1,19360
4,1,1,2,19615
4,1,1,3,19299
4,1,1,4,19371
4,1,1,5,19490
4,1,1,6,19531
4,1,1,7,19600
4,1,1,8,19394
4,1,1,9,19392
4,1,1,10,30413
4,1,1,11,19379
4,1,1,12,19324
4,1,1,13,19237
4,1,1,14,19285
4,1,1,15,19373
4,1,1,16,19330
4,1,1,17,19579
4,1,1,18,19695
4,1,1,19,19351
4,1,1,20,19273
4,1,1,21,19278
4,1,1,22,19560
4,1,1,23,19334
4,1,1,24,19288
4,1,1,25,19331
4,1,1,26,19375
4,1,1,27,20043
4,1,1,28,19526
4,1,1,29,19595
4,1,1,30,19540
4,1,1,31,19543
4,0,1,0,19606
4,0,1,1,19280
4,0,1,2,19532
4,0,1,3,19724
4,0,1,4,19581
4,0,1,5,19362
4,0,1,6,19603
4,0,1,7,19568
4,0,1,8,19529
4,0,1,9,19601
4,0,1,10,19640
4,0,1,11,19723
4,0,1,12,19531
4,0,1,13,19644
4,0,1,14,19582
4,0,1,15,19539
4,0,1,16,19526
4,0,1,17,19481
4,0,1,18,19670
4,0,1,19,19282
4,0,1,20,19445
4,0,1,21,19320
4,0,1,22,19460
4,0,1,23,19514
4,0,1,24,19372
4,0,1,25,19444
4,0,1,26,19633
4,0,1,27,19473
4,0,1,28,19296
4,0,1,29,19442
4,0,1,30,19240
4,0,1,31,19305
4,0,2,0,19630
4,0,2,1,19611
4,0,2,2,19558
4,0,2,3,19511
4,0,2,4,19305
4,0,2,5,19336
4,0,2,6,19174
4,0,2,7,19367
4,0,2,8,19199
4,0,2,9,19408
4,0,2,10,19330
4,0,2,11,19319
4,0,2,12,19576
4,0,2,13,19435
4,0,2,14,19337
4,0,2,15,19376
4,0,2,16,19361
4,0,2,17,19264
4,0,2,18,19363
4,0,2,19,19321
4,0,2,20,19381
4,0,2,21,19488
4,0,2,22,19429
4,0,2,23,19382
4,0,2,24,19376
4,0,2,25,19373
4,0,2,26,19517
4,0,2,27,19554
4,0,2,28,19740
4,0,2,29,19334
4,0,2,30,19352
4,0,2,31,19289
4,1,2,0,19187
4,1,2,1,19254
4,1,2,2,19326
4,1,2,3,19606
4,1,2,4,19360
4,1,2,5,19625
4,1,2,6,19509
4,1,2,7,19562
4,1,2,8,19352
4,1,2,9,19415
4,1,2,10,19268
4,1,2,11,19262
4,1,2,12,20012
4,1,2,13,19355
4,1,2,14,19284
4,1,2,15,19360
4,1,2,16,19416
4,1,2,17,19308
4,1,2,18,19264
4,1,2,19,19449
4,1,2,20,19293
4,1,2,21,19272
4,1,2,22,19440
4,1,2,23,19351
4,1,2,24,19353
4,1,2,25,19343
4,1,2,26,19402
4,1,2,27,19391
4,1,2,28,19530
4,1,2,29,19661
4,1,2,30,19392
4,1,2,31,19310
4,2,2,0,19214
4,2,2,1,19372
4,2,2,2,19326
4,2,2,3,19328
4,2,2,4,19455
4,2,2,5,19414
4,2,2,6,19319
4,2,2,7,19364
4,2,2,8,19304
4,2,2,9,19500
4,2,2,10,19516
4,2,2,11,19358
4,2,2,12,19379
4,2,2,13,19399
4,2,2,14,19516
4,2,2,15,19341
4,2,2,16,19352
4,2,2,17,19479
4,2,2,18,19369
4,2,2,19,19296
4,2,2,20,19424
4,2,2,21,19404
4,2,2,22,19332
4,2,2,23,19378
4,2,2,24,19577
4,2,2,25,19351
4,2,2,26,19316
4,2,2,27,19509
4,2,2,28,19402
4,2,2,29,19349
4,2,2,30,19233
4,2,2,31,19574
4,3,2,0,19209
4,3,2,1,19237
4,3,2,2,19261
4,3,2,3,19331
4,3,2,4,19338
4,3,2,5,19298
4,3,2,6,19330
4,3,2,7,19348
4,3,2,8,19259
4,3,2,9,19462
4,3,2,10,19280
4,3,2,11,19282
4,3,2,12,19342
4,3,2,13,19314
4,3,2,14,19469
4,3,2,15,19349
4,3,2,16,19270
4,3,2,17,19390
4,3,2,18,19296
4,3,2,19,19193
4,3,2,20,19363
4,3,2,21,19509
4,3,2,22,19187
4,3,2,23,19238
4,3,2,24,19352
4,3,2,25,19339
4,3,2,26,19376
4,3,2,27,19372
4,3,2,28,19331
4,3,2,29,19486
4,3,2,30,19335
4,3,2,31,19338
4,4,2,0,19412
4,4,2,1,19366
4,4,2,2,19373
4,4,2,3,19306
4,4,2,4,19290
4,4,2,5,19305
4,4,2,6,19336
4,4,2,7,19261
4,4,2,8,19285
4,4,2,9,19404
4,4,2,10,19292
4,4,2,11,19292
4,4,2,12,19203
4,4,2,13,19418
4,4,2,14,19397
4,4,2,15,19334
4,4,2,16,19232
4,4,2,17,19343
4,4,2,18,19623
4,4,2,19,19246
4,4,2,20,19312
4,4,2,21,19338
4,4,2,22,19346
4,4,2,23,19262
4,4,2,24,19546
4,4,2,25,19349
4,4,2,26,19338
4,4,2,27,19345
4,4,2,28,19362
4,4,2,29,19370
4,4,2,30,19323
4,4,2,31,19181
4,4,3,0,19277
4,4,3,1,19156
4,4,3,2,19422
4,4,3,3,19127
4,4,3,4,19373
4,4,3,5,19461
4,4,3,6,19370
4,4,3,7,19377
4,4,3,8,19257
4,4,3,9,19299
4,4,3,10,19322
4,4,3,11,19433
4,4,3,12,19265
4,4,3,13,19355
4,4,3,14,19365
4,4,3,15,19246
4,4,3,16,19217
4,4,3,17,19477
4,4,3,18,19327
4,4,3,19,19437
4,4,3,20,19324
4,4,3,21,19280
4,4,3,22,19329
4,4,3,23,19403
4,4,3,24,19289
4,4,3,25,19314
4,4,3,26,19265
4,4,3,27,19384
4,4,3,28,19327
4,4,3,29,19444
4,4,3,30,19268
4,4,3,31,19282
4,3,3,0,19348
4,3,3,1,19263
4,3,3,2,19444
4,3,3,3,19394
4,3,3,4,19433
4,3,3,5,19267
4,3,3,6,19365
4,3,3,7,19301
4,3,3,8,19262
4,3,3,9,19442
4,3,3,10,19320
4,3,3,11,19393
4,3,3,12,19280
4,3,3,13,19240
4,3,3,14,19358
4,3,3,15,19464
4,3,3,16,19345
4,3,3,17,19442
4,3,3,18,19410
4,3,3,19,20008
4,3,3,20,19260
4,3,3,21,19451
4,3,3,22,19362
4,3,3,23,19223
4,3,3,24,19366
4,3,3,25,19435
4,3,3,26,19312
4,3,3,27,19359
4,3,3,28,19459
4,3,3,29,19350
4,3,3,30,19274
4,3,3,31,19185
4,2,3,0,19329
4,2,3,1,19466
4,2,3,2,19419
4,2,3,3,19537
4,2,3,4,19343
4,2,3,5,19520
4,2,3,6,19355
4,2,3,7,19358
4,2,3,8,19544
4,2,3,9,19412
4,2,3,10,19319
4,2,3,11,19407
4,2,3,12,19470
4,2,3,13,19513
4,2,3,14,19311
4,2,3,15,19293
4,2,3,16,19382
4,2,3,17,19410
4,2,3,18,19476
4,2,3,19,19376
4,2,3,20,19261
4,2,3,21,19434
4,2,3,22,19462
4,2,3,23,19363
4,2,3,24,19318
4,2,3,25,19351
4,2,3,26,19242
4,2,3,27,19402
4,2,3,28,19502
4,2,3,29,19348
4,2,3,30,19297
4,2,3,31,19355
4,1,3,0,19292
4,1,3,1,19319
4,1,3,2,19301
4,1,3,3,19669
4,1,3,4,19268
4,1,3,5,19348
4,1,3,6,19315
4,1,3,7,19374
4,1,3,8,19635
4,1,3,9,19565
4,1,3,10,19384
4,1,3,11,19362
4,1,3,12,19329
4,1,3,13,19708
4,1,3,14,19196
4,1,3,15,19570
4,1,3,16,19360
4,1,3,17,19532
4,1,3,18,19438
4,1,3,19,19366
4,1,3,20,19338
4,1,3,21,19441
4,1,3,22,19279
4,1,3,23,19282
4,1,3,24,19353
4,1,3,25,19527
4,1,3,26,19371
4,1,3,27,19251
4,1,3,28,19628
4,1,3,29,19354
4,1,3,30,19346
4,1,3,31,19342
4,0,3,0,19370
4,0,3,1,19514
4,0,3,2,19631
4,0,3,3,19446
4,0,3,4,19894
4,0,3,5,19721
4,0,3,6,19296
4,0,3,7,19664
4,0,3,8,19347
4,0,3,9,19419
4,0,3,10,19330
4,0,3,11,19358
4,0,3,12,19322
4,0,3,13,19633
4,0,3,14,19300
4,0,3,15,19196
4,0,3,16,19299
4,0,3,17,19442
4,0,3,18,19633
4,0,3,19,19319
4,0,3,20,19368
4,0,3,21,19404
4,0,3,22,19390
4,0,3,23,19273
4,0,3,24,19414
4,0,3,25,19359
4,0,3,26,19288
4,0,3,27,19460
4,0,3,28,19355
4,0,3,29,19385
4,0,3,30,19270
4,0,3,31,19379
4,0,4,0,19325
4,0,4,1,19299
4,0,4,2,19303
4,0,4,3,19292
4,0,4,4,19483
4,0,4,5,19373
4,0,4,6,19224
4,0,4,7,19373
4,0,4,8,19321
4,0,4,9,19411
4,0,4,10,19378
4,0,4,11,19439
4,0,4,12,19368
4,0,4,13,19289
4,0,4,14,19466
4,0,4,15,19351
4,0,4,16,19357
4,0,4,17,19615
4,0,4,18,19441
4,0,4,19,19577
4,0,4,20,19593
4,0,4,21,19339
4,0,4,22,19371
4,0,4,23,19294
4,0,4,24,19365
4,0,4,25,19429
4,0,4,26,19380
4,0,4,27,19381
4,0,4,28,19391
4,0,4,29,19328
4,0,4,30,19451
4,0,4,31,19299
4,1,4,0,19519
4,1,4,1,19571
4,1,4,2,19547
4,1,4,3,19449
4,1,4,4,19577
4,1,4,5,19600
4,1,4,6,19565
4,1,4,7,19474
4,1,4,8,19378
4,1,4,9,19532
4,1,4,10,19605
4,1,4,11,19376
4,1,4,12,19356
4,1,4,13,19274
4,1,4,14,19722
4,1,4,15,19550
4,1,4,16,19580
4,1,4,17,19738
4,1,4,18,19517
4,1,4,19,19287
4,1,4,20,19749
4,1,4,21,19550
4,1,4,22,19525
4,1,4,23,19403
4,1,4,24,19301
4,1,4,25,19839
4,1,4,26,19459
4,1,4,27,19343
4,1,4,28,19422
4,1,4,29,19333
4,1,4,30,19272
4,1,4,31,19440
4,2,4,0,19179
4,2,4,1,19486
4,2,4,2,19494
4,2,4,3,19662
4,2,4,4,19602
4,2,4,5,19385
4,2,4,6,19293
4,2,4,7,19369
4,2,4,8,19304
4,2,4,9,19279
4,2,4,10,19451
4,2,4,11,19410
4,2,4,12,19458
4,2,4,13,19512
4,2,4,14,19406
4,2,4,15,19339
4,2,4,16,19351
4,2,4,17,19396
4,2,4,18,19224
4,2,4,19,19515
4,2,4,20,19407
4,2,4,21,19331
4,2,4,22,19296
4,2,4,23,19535
4,2,4,24,19564
4,2,4,25,19629
4,2,4,26,19314
4,2,4,27,19617
4,2,4,28,19382
4,2,4,29,19333
4,2,4,30,19414
4,2,4,31,19372
4,3,4,0,19179
4,3,4,1,19293
4,3,4,2,19449
4,3,4,3,19288
4,3,4,4,19268
4,3,4,5,19419
4,3,4,6,19280
4,3,4,7,19266
4,3,4,8,19517
4,3,4,9,19332
4,3,4,10,19348
4,3,4,11,19316
4,3,4,12,19368
4,3,4,13,19355
4,3,4,14,19275
4,3,4,15,19431
4,3,4,16,19363
4,3,4,17,19535
4,3,4,18,19303
4,3,4,19,19377
4,3,4,20,19507
4,3,4,21,19275
4,3,4,22,19310
4,3,4,23,19359
4,3,4,24,19357
4,3,4,25,19314
4,3,4,26,19380
4,3,4,27,19417
4,3,4,28,19392
4,3,4,29,19360
4,3,4,30,19283
4,3,4,31,19387
4,4,4,0,19247
4,4,4,1,19337
4,4,4,2,19353
4,4,4,3,19327
4,4,4,4,19416
4,4,4,5,19439
4,4,4,6,19397
4,4,4,7,19348
4,4,4,8,19408
4,4,4,9,19418
4,4,4,10,19481
4,4,4,11,19657
4,4,4,12,19422
4,4,4,13,19297
4,4,4,14,19268
4,4,4,15,19362
4,4,4,16,19327
4,4,4,17,19457
4,4,4,18,19328
4,4,4,19,19479
4,4,4,20,19380
4,4,4,21,19316
4,4,4,22,19262
4,4,4,23,19321
4,4,4,24,19259
4,4,4,25,19296
4,4,4,26,19288
4,4,4,27,19376
4,4,4,28,19284
4,4,4,29,19271
4,4,4,30,19440
4,4,4,31,19371
4,4,5,0,19290
4,4,5,1,19202
4,4,5,2,19192
4,4,5,3,19536
4,4,5,4,19247
4,4,5,5,19233
4,4,5,6,19370
4,4,5,7,19376
4,4,5,8,19296
4,4,5,9,19509
4,4,5,10,19254
4,4,5,11,19188
4,4,5,12,19509
4,4,5,13,19416
4,4,5,14,19302
4,4,5,15,19208
4,4,5,16,19343
4,4,5,17,19210
4,4,5,18,19288
4,4,5,19,19398
4,4,5,20,19316
4,4,5,21,19330
4,4,5,22,19348
4,4,5,23,19452
4,4,5,24,19379
4,4,5,25,19396
4,4,5,26,19322
4,4,5,27,19330
4,4,5,28,19363
4,4,5,29,19320
4,4,5,30,19254
4,4,5,31,19258
4,3,5,0,19351
4,3,5,1,19227
4,3,5,2,19429
4,3,5,3,19374
4,3,5,4,19279
4,3,5,5,19328
4,3,5,6,19428
4,3,5,7,19343
4,3,5,8,19293
4,3,5,9,19267
4,3,5,10,19375
4,3,5,11,19203
4,3,5,12,19332
4,3,5,13,19324
4,3,5,14,19551
4,3,5,15,19302
4,3,5,16,19325
4,3,5,17,19365
4,3,5,18,19244
4,3,5,19,19472
4,3,5,20,19340
4,3,5,21,19446
4,3,5,22,19474
4,3,5,23,19298
4,3,5,24,19296
4,3,5,25,19409
4,3,5,26,19267
4,3,5,27,19426
4,3,5,28,19265
4,3,5,29,19295
4,3,5,30,19395
4,3,5,31,19405
4,2,5,0,19223
4,2,5,1,19551
4,2,5,2,19675
4,2,5,3,19627
4,2,5,4,19603
4,2,5,5,19499
4,2,5,6,19533
4,2,5,7,19754
4,2,5,8,19423
4,2,5,9,19534
4,2,5,10,19732
4,2,5,11,19572
4,2,5,12,19545
4,2,5,13,19710
4,2,5,14,19631
4,2,5,15,19512
4,2,5,16,19615
4,2,5,17,19546
4,2,5,18,19550
4,2,5,19,19471
4,2,5,20,19490
4,2,5,21,19559
4,2,5,22,19318
4,2,5,23,19255
4,2,5,24,19417
4,2,5,25,19368
4,2,5,26,19517
4,2,5,27,19239
4,2,5,28,19379
4,2,5,29,19487
4,2,5,30,19330
4,2,5,31,19340
4,1,5,0,19578
4,1,5,1,19471
4,1,5,2,19621
4,1,5,3,19595
4,1,5,4,19537
4,1,5,5,19318
4,1,5,6,19343
4,1,5,7,19334
4,1,5,8,19705
4,1,5,9,19376
4,1,5,10,19402
4,1,5,11,19262
4,1,5,12,19306
4,1,5,13,19385
4,1,5,14,19278
4,1,5,15,19707
4,1,5,16,19244
4,1,5,17,19257
4,1,5,18,19576
4,1,5,19,19450
4,1,5,20,19400
4,1,5,21,19262
4,1,5,22,19388
4,1,5,23,19361
4,1,5,24,19710
4,1,5,25,19609
4,1,5,26,19323
4,1,5,27,19410
4,1,5,28,19426
4,1,5,29,19248
4,1,5,30,19462
4,1,5,31,19326
4,0,5,0,19349
4,0,5,1,19411
4,0,5,2,19337
4,0,5,3,19438
4,0,5,4,19269
4,0,5,5,19317
4,0,5,6,19497
4,0,5,7,19203
4,0,5,8,19253
4,0,5,9,19229
4,0,5,10,19286
4,0,5,11,19286
4,0,5,12,19380
4,0,5,13,19348
4,0,5,14,19305
4,0,5,15,19297
4,0,5,16,19372
4,0,5,17,20208
4,0,5,18,19748
4,0,5,19,19554
4,0,5,20,19700
4,0,5,21,19361
4,0,5,22,19635
4,0,5,23,19602
4,0,5,24,19543
4,0,5,25,19362
4,0,5,26,19457
4,0,5,27,19612
4,0,5,28,19555
4,0,5,29,19556
4,0,5,30,19505
4,0,5,31,19292
4,0,6,0,19228
4,0,6,1,19265
4,0,6,2,19346
4,0,6,3,19451
4,0,6,4,19337
4,0,6,5,19430
4,0,6,6,19263
4,0,6,7,19433
4,0,6,8,19346
4,0,6,9,19460
4,0,6,10,19336
4,0,6,11,19293
4,0,6,12,19292
4,0,6,13,19361
4,0,6,14,19269
4,0,6,15,19607
4,0,6,16,19693
4,0,6,17,19563
4,0,6,18,19434
4,0,6,19,19402
4,0,6,20,19528
4,0,6,21,19424
4,0,6,22,19619
4,0,6,23,19571
4,0,6,24,19636
4,0,6,25,19498
4,0,6,26,19624
4,0,6,27,19270
4,0,6,28,19516
4,0,6,29,19365
4,0,6,30,19246
4,0,6,31,19374
4,1,6,0,19282
4,1,6,1,19354
4,1,6,2,19375
4,1,6,3,19542
4,1,6,4,19366
4,1,6,5,19593
4,1,6,6,19527
4,1,6,7,19378
4,1,6,8,19336
4,1,6,9,19425
4,1,6,10,19282
4,1,6,11,19222
4,1,6,12,19274
4,1,6,13,19335
4,1,6,14,19524
4,1,6,15,19269
4,1,6,16,19398
4,1,6,17,19252
4,1,6,18,19188
4,1,6,19,19441
4,1,6,20,19263
4,1,6,21,19388
4,1,6,22,19405
4,1,6,23,19431
4,1,6,24,19623
4,1,6,25,19295
4,1,6,26,19352
4,1,6,27,19363
4,1,6,28,19464
4,1,6,29,19564
4,1,6,30,19275
4,1,6,31,19331
4,2,6,0,19254
4,2,6,1,19381
4,2,6,2,19546
4,2,6,3,19858
4,2,6,4,19353
4,2,6,5,19567
4,2,6,6,19391
4,2,6,7,19322
4,2,6,8,19436
4,2,6,9,19468
4,2,6,10,19466
4,2,6,11,19302
4,2,6,12,19321
4,2,6,13,19705
4,2,6,14,19527
4,2,6,15,19344
4,2,6,16,19445
4,2,6,17,19312
4,2,6,18,19317
4,2,6,19,19321
4,2,6,20,19430
4,2,6,21,19409
4,2,6,22,19466
4,2,6,23,19529
4,2,6,24,19305
4,2,6,25,19285
4,2,6,26,19316
4,2,6,27,19388
4,2,6,28,19330
4,2,6,29,19410
4,2,6,30,19411
4,2,6,31,19317
4,3,6,0,19340
4,3,6,1,19258
4,3,6,2,19345
4,3,6,3,19400
4,3,6,4,19215
4,3,6,5,19408
4,3,6,6,19344
4,3,6,7,19347
4,3,6,8,19266
4,3,6,9,19336
4,3,6,10,19293
4,3,6,11,19358
4,3,6,12,19278
4,3,6,13,19289
4,3,6,14,19272
4,3,6,15,19478
4,3,6,16,19327
4,3,6,17,19377
4,3,6,18,19480
4,3,6,19,19411
4,3,6,20,19356
4,3,6,21,19406
4,3,6,22,19340
4,3,6,23,19233
4,3,6,24,19361
4,3,6,25,19376
4,3,6,26,19344
4,3,6,27,19316
4,3,6,28,19333
4,3,6,29,19396
4,3,6,30,19324
4,3,6,31,19362
4,4,6,0,19493
4,4,6,1,19355
4,4,6,2,19476
4,4,6,3,19367
4,4,6,4,19388
4,4,6,5,19354
4,4,6,6,19369
4,4,6,7,19383
4,4,6,8,19658
4,4,6,9,19336
4,4,6,10,19372
4,4,6,11,19495
4,4,6,12,19305
4,4,6,13,19311
4,4,6,14,19309
4,4,6,15,19575
4,4,6,16,19337
4,4,6,17,19309
4,4,6,18,19231
4,4,6,19,19318
4,4,6,20,19373
4,4,6,21,19321
4,4,6,22,19409
4,4,6,23,19338
4,4,6,24,19827
4,4,6,25,19445
4,4,6,26,19250
4,4,6,27,19310
4,4,6,28,19440
4,4,6,29,19346
4,4,6,30,19383
4,4,6,31,19437
4,4,7,0,19303
4,4,7,1,19315
4,4,7,2,19368
4,4,7,3,19440
4,4,7,4,19285
4,4,7,5,19664
4,4,7,6,19539
4,4,7,7,19564
4,4,7,8,19585
4,4,7,9,19396
4,4,7,10,19282
4,4,7,11,19360
4,4,7,12,19351
4,4,7,13,19355
4,4,7,14,19365
4,4,7,15,19435
4,4,7,16,19608
4,4,7,17,19622
4,4,7,18,19609
4,4,7,19,19728
4,4,7,20,19599
4,4,7,21,19326
4,4,7,22,19326
4,4,7,23,19170
4,4,7,24,19211
4,4,7,25,19274
4,4,7,26,19355
4,4,7,27,19373
4,4,7,28,19329
4,4,7,29,19407
4,4,7,30,19349
4,4,7,31,19385
4,3,7,0,19284
4,3,7,1,19372
4,3,7,2,19392
4,3,7,3,19449
4,3,7,4,19330
4,3,7,5,19327
4,3,7,6,19456
4,3,7,7,19330
4,3,7,8,19456
4,3,7,9,19318
4,3,7,10,19339
4,3,7,11,19530
4,3,7,12,19455
4,3,7,13,19404
4,3,7,14,19418
4,3,7,15,19294
4,3,7,16,19293
4,3,7,17,19268
4,3,7,18,19204
4,3,7,19,19383
4,3,7,20,19365
4,3,7,21,19442
4,3,7,22,19368
4,3,7,23,19343
4,3,7,24,19330
4,3,7,25,19403
4,3,7,26,19370
4,3,7,27,19415
4,3,7,28,19317
4,3,7,29,19362
4,3,7,30,19259
4,3,7,31,19540
4,2,7,0,19435
4,2,7,1,19339
4,2,7,2,19299
4,2,7,3,19390
4,2,7,4,19338
4,2,7,5,19521
4,2,7,6,19336
4,2,7,7,19553
4,2,7,8,19423
4,2,7,9,20083
4,2,7,10,19684
4,2,7,11,19597
4,2,7,12,19551
4,2,7,13,19489
4,2,7,14,19294
4,2,7,15,19413
4,2,7,16,19315
4,2,7,17,19455
4,2,7,18,19397
4,2,7,19,19407
4,2,7,20,19569
4,2,7,21,19347
4,2,7,22,19257
4,2,7,23,19414
4,2,7,24,19368
4,2,7,25,19453
4,2,7,26,19357
4,2,7,27,19380
4,2,7,28,19345
4,2,7,29,19371
4,2,7,30,19430
4,2,7,31,19380
4,1,7,0,19391
4,1,7,1,19316
4,1,7,2,19457
4,1,7,3,19396
4,1,7,4,19554
4,1,7,5,19288
4,1,7,6,19312
4,1,7,7,19324
4,1,7,8,19230
4,1,7,9,19317
4,1,7,10,19399
4,1,7,11,19194
4,1,7,12,19311
4,1,7,13,19305
4,1,7,14,19351
4,1,7,15,19561
4,1,7,16,19312
4,1,7,17,19374
4,1,7,18,19386
4,1,7,19,19350
4,1,7,20,19377
4,1,7,21,19361
4,1,7,22,19437
4,1,7,23,19332
4,1,7,24,19346
4,1,7,25,19350
4,1,7,26,19189
4,1,7,27,19285
4,1,7,28,19336
4,1,7,29,19452
4,1,7,30,19336
4,1,7,31,19258
4,0,7,0,19191
4,0,7,1,19443
4,0,7,2,19287
4,0,7,3,19298
4,0,7,4,19450
4,0,7,5,19448
4,0,7,6,19337
4,0,7,7,19342
4,0,7,8,19312
4,0,7,9,19520
4,0,7,10,19415
4,0,7,11,19542
4,0,7,12,19401
4,0,7,13,19376
4,0,7,14,19268
4,0,7,15,19410
4,0,7,16,19276
4,0,7,17,19322
4,0,7,18,19285
4,0,7,19,19527
4,0,7,20,19510
4,0,7,21,19382
4,0,7,22,19289
4,0,7,23,19328
4,0,7,24,19430
4,0,7,25,19317
4,0,7,26,19446
4,0,7,27,19229
4,0,7,28,19251
4,0,7,29,19552
4,0,7,30,19429
4,0,7,31,19465
