implementation crypto_kem/ntruplus768/avx2 - 
publickeybytes 1152 
secretkeybytes 2336 
cpuid unknown_CPU_ID_ 
cpucycles_persecond 1400000000 
cpucycles_implementation default-perfevent 
compiler gcc_-march=native_-mtune=native_-O3_-fwrapv_-fPIC_-fPIE_-ffunction-sections_-fdata-sections_-Wl,--gc-sections_-gdwarf-4_-Wall 15.2.0 
forward_small_native_inplace_cycles - 957 +174+47+16+12+0-1-3+27-18+3-33-5+1-33-12-13-6+45-2-5+19+3-8-7+13+15+17+4+16-24-9+1
forward_small_preserve_input_cycles - 999 +111+5+23+8+2-10+14-8-9-10+6-19+1+8-5-11-16+2-3-17+0+10-11+7+21+14+6-2-22-27+19-13
forward_general_native_inplace_unqualified_cycles - 963 +32+18+15+15+6+3+4-23+11-6-15-8+32+6+1619-3-1-11+6-3+11-11-19+4-6-4+2-28-11-20-22+5
forward_general_preserve_input_unqualified_cycles - 980 +143+20+14+19-10+0+0+0+3-10-6-9+3-19+12-22+1+1+1-9+8-1-32+3+6-9+1-6-3+11+10-12
basemul_cycles - 724 +606+24+16+5+5-1+8-15+3+2-2-10+4-14-5-5+0-2+11+6-6-5-7-6+3-1+8+3-3-1-25+0
basemul_scale_cycles - 627 +399+13+14+2-1+2-1-4-3-1+0-4+3-1-3+5+2-4+5-7+5+2-5-4-4-3+3-4+8-3+2+0
inverse_cycles - 990 +718+106+11+19-7+10+25+12-2-7-15+2-19+3-1-1-8+8+1+1+25-12+6+1-10-3+11-14-22-13+25-12
baseinv_cycles - 1241 +1918+96+6-5+10569-13-7+16+3+5-22-11+0+13-3-17-14-22-18-16-17+156+19+6+4+21-18+2-4+1+16-8
poly_frombytes_cycles - 347 +94+8+0-1-2-6-4-4-2+4+6+1+8+4-2-4+5-6+1-1-1-4+3+7+2+1-6-4+6+0+4-2
poly_tobytes_cycles - 417 +51-3+4+4+0+6+5+8-1-6+3+2+4+3-2+8+3+6-3-2-2-7-4+0-4-3-3+4-3-1-4-2
cbd1_cycles - 318 +121+46+7-5-8+18-10+20-10-10-8+9+12+17+17-10+10+11-11-11+20-12+8+12+8+15-13-10-11-9-11-9
crepmod3_cycles - 427 +185+36+11-7-4+2+5+7-6-5-7-5+0-1-1-4+6-7-6-1-1+0-1+4+2+4+9-1+3-2+3-8
poly_add_cycles - 241 +112+30+3+0-11-5+3+3+5-2+1-5+6-4+2+7+3+2+1-15-14-15+4-15-13+3-9+0-3-1-14-14
poly_sub_cycles - 232 +146+33+11+4+15+8-2+3+0+3+5+4-1+6-2-6-4-1-3+1-1-2+1-4+0+9+3-5-2-1-2+0
sotp_encode_cycles - 316 +86+54+5-1-5-1-1+9+2-3-6-4+2+3+1+14-2+1+3-5+4-3-1+0-1+0+2-4+4-2+1-3
sotp_decode_cycles - 344 +304+9+2+4-5-2-2+2-3+0-1+10-3-5-3+6-2+6-5-1+2+6-2+0+4+3+4+1-2+0-2-6
hash_f_cycles - 10822 +2085+164+54+176+178-37+123-69+132+104+69-21-14+114-19-2-78+37-30-56-55-69+14-91-51+11-34+42-24-7+126-57
hash_g_cycles - 11971 +558+178+13+26-4+8+16+9+22-6+32+8-50-13+32-15+31-24+14-51-28+13-2-5-10+31-55-39-66-46-25-4
hash_h_cycles - 2650 +316+106+106+8+104+37+0+5+9+14-38-59-9+11-52-14-68-16-45-29-17+27+12-2+21-48-9-30+8-22+7+0
poly_mul_small_cycles - 2914 +633+178+49-19-35-8-7-35+6+10-9-24+20+35+21+22+25+9+2+3+0+9+56-26-21+4-21-5-5-24-4-62
poly_mul_general_cycles - 2920 +178-6-13-16+7+3+24+32-38-2-13+41+7-4+58+26+8-28+12-31-12-22+14+9-23+8+18-33-13+4-24-14
forward_small_native_inplace_cycles - 957 +52+2+8-28-8-1+20+10+21+0-7+1-3-10+17-17+0+17-9+12-5-21-4+10+3-3+6+4-16-10-26+1
forward_small_preserve_input_cycles - 979 +62+22+12+21+16+18+7-6-5-8+13+7-4+18-1-3-19+1-13-7-9-4+9+3+17-18-42-6-6+5+15-7
forward_general_native_inplace_unqualified_cycles - 967 +15-17-4-7+17-15+6-17+5-19+25-1-2+4+4+5+0+9-22-13+6-5+1+11+1+11-1-12-23+14+0-3
forward_general_preserve_input_unqualified_cycles - 982 +63+19+15+3-7+10-25+12-7+9+3-5-17-5+0-3+29-12-7-36+1-21+4-6+9+3-5+6-17-10+3+8
basemul_cycles - 722 +26+10+12+4-1+2+2+3-5+5+0+1-7+3+2-5-3-9-2+4+5+7-10+8-14-18-13-18-6-11-9-2
basemul_scale_cycles - 626 +9+14+17-3-3+10+3-3-3+5+0+2+4-4-4+3+3+1+1-2-3-6-2+4-3-4+3+7-5+4-2-2
inverse_cycles - 993 +39+18-1+11-3-3+2-17+2+14-10+18+14-19-9+0+29+8+5+2+1+9+15-8-7-13-2+5-2-34-8-8
baseinv_cycles - 1241 +30+5+17-17-5-4+22+38+27+36+0+2+114-3-1+18+18-9-5-13-8-13-11-14+151+2-12-11+4+4-3-18
poly_frombytes_cycles - 346 +29+11-1-4+0-3-2+1+5+4+2-2+6+4-3-2-5+2+2-3-1-2+8-2-4-1-1+2+5+0-2+10
poly_tobytes_cycles - 417 +2+14-3+0-1-1+3+0-2-3+3+2-1-2+0-1-3-3-2+5+5+3+3-3+6+0+0+1-3+2+0+10
cbd1_cycles - 318 +31+26-1+8+2-5-6+16-12+7-11+13-5-3+6-13+18-11+14+12-10+9-6+10-6-8-6-4+8-7-8+11
crepmod3_cycles - 424 +26+8-1-3+1+1-3+6-2+4-3-3+8+1+0-6-2+3+0+6-10-1+1+1+5+4+6-3-5+12-1+12
poly_add_cycles - 239 +49+7-8-13+5+8-2+15+6-3+2+8-3+1+1-2+3+3+7-8-1-4+10-13-2-10+1-1+2-11+1-8
poly_sub_cycles - 232 +11+4-8-9+2-4-5+10-2+2+1+5-8-7-8-1+3+3+1-5+1-3-4+0+3-1+1+2-3+5-1-7
sotp_encode_cycles - 315 +29+14+10+6+13+14+1+2-2+1+1-2-2-2-5-4+3-2+4+4-5-4-2-4+7+5+0-6-3+1+0+9
sotp_decode_cycles - 346 +36+5+1+1-6+0+2-6-4-5-6-5+0+5+3+1-3+5-5-4+7-6+1-1-2+3-1-2+2+3-1+0
hash_f_cycles - 10911 +87+125+82-11-49+90+73+18+31+27-6+49+26-171-116-3-96-77+89-156-60-7-35+31+37+30-137-49-176-10-113-6
hash_g_cycles - 12087 +378+195-170-61-72+114-140+140-82-133-121+55-125+78-135+395+114-119+77+109-31+118-29-145+169+82-2-109+61+130-131-151
hash_h_cycles - 2640 +81+5-23+18+0-1+17+9-12-17+5+9+5-46+4-53-11+28-25+20+6-8-3+28-12+12-8+17-13-32-49+0
poly_mul_small_cycles - 2921 +129+66+43-26+35-8-8-3-5+20-27-4+13+5+2-6+0-7-3+10+16+41+17+3-40-38-13-31+8+3+7-6
poly_mul_general_cycles - 2922 +69+9-16+16-10+18+10-18-23-16-10+0+24+14-44-15-5+8+37-26+32-23+14-5-4-31+40+23-16-24+54+32
forward_small_native_inplace_cycles - 948 +44+42+8+0-19-9-7-9-5-15-4+1+18+1+10-1+3+5+10+12-10-13+18-3+30-11-7+21-12+21+4-28
forward_small_preserve_input_cycles - 976 +57+11+9+6+2-3+3-18-7+25-4-16+20-1+9-20+27+2+40+25-10+9-4-39-6-10-5+2-14-5+1+5
forward_general_native_inplace_unqualified_cycles - 957 +20-5+21+13+2-4-4+5+25-4-22+11+1+8+18-9+5+2-7-9-2-21-7+15+17+0+0-26+8-13+0-2
forward_general_preserve_input_unqualified_cycles - 981 +69+8+17+2-6+3+11+18+1+3-20-5-23-5+7+4+0-17-1+25-30-7+4+17-10-4+33-19-1-1-11+0
basemul_cycles - 721 +31+2-2+3+4+7-2+1+0+0-7-1-3+8+2+1+2-1-4-2-12+0-9+3+8+2+1+0-8+7-14-4
basemul_scale_cycles - 625 +30+8+12+0-3+3-8-5-6+8-5-2-2-5+1+12+1+2+1-3+8+4-4-7+7-5+7-2-2-5+7+8
inverse_cycles - 993 +117+23+15-17+6-15+17-11+8-9+6+18+3+10-11+2-10-19+14-6-1-1+9+13-6-11+1+8-15-18-10-6
baseinv_cycles - 1243 +31+17+6-18-1-19+3-9-17-21-14+69-13-5-3+6-19+6+199+21+5+156-4-8-14+14-3+9-6-15+12+21
poly_frombytes_cycles - 346 +43+3-4-3+3-1-4+6-2+8+10+1+14+8+2-3-2+2-2+7+5+4-5+1-2-2-7-5+0-2+1+8
poly_tobytes_cycles - 417 +22-1-4+2+9+2-1+6-3-4+5+2-2+3-5-1+3+0-1+6-2-5+2-5-3-4-1-5+3+8-2+4
cbd1_cycles - 329 +11+3+1-13-6+0+10-17-22-16-12-15-4+9+3+9-17+4-23-24-2+4+9-18+5+6+4+1-1+7+5-16
crepmod3_cycles - 422 +24+7+4+3+4+3-2+4+5+0+1+5+2-3-13+4-4-5-1+1-1+1-8+10-5-1+1-1-8-3-1-10
poly_add_cycles - 239 +56+36-16-8-15-11-6+5-9-9-14-1+7+6-12+5+7+6+8+0-4+3+0+6-12-15+10+10-5+10-2+3
poly_sub_cycles - 235 +27+18+6-9-13+3+2+1-1-4-7+1-5-12-1+1-3+11+7+3-12-5+5+4-4+3-5-2+12+0-9+6
sotp_encode_cycles - 333 +37+17-7+2-4+0+2+5+7+1+2+1+8-6-1-2+0+1-2+1+5-3-3-2+9+1-1+7+1-2-1-4
sotp_decode_cycles - 343 +93+11+1-5-2+1+2+3-4-1-1-1+9-2+7-3-3-1+2-5+4+1-1+0-4+0-3-1+3-4+1+6
hash_f_cycles - 10817 +307+8+28+44+44-149+121-23+35-51-71-66+32-29+3+27-59-24+5-70-5+4-29+666+171+96-22+121+14-93-107-3
hash_g_cycles - 12149 -75+47+62+0+0-21+75+18+11-84+14+42+76-59-9-7-18-5-119+50+18+52+5-17+43-47+34-56+2-21-99-173
hash_h_cycles - 2647 +44+34-1+23+24+13+12-20-22+5+2-7+21+8-12-15-4-19+15-25-6+7-21+4-10+2-3-27+8+15-3-22
poly_mul_small_cycles - 2935 +65+15+37-20+21-8-15+2-17-29-22+10+5+14+12-29+29-24+17-4-13+11-9+32-1-15+6+2-33+32-44-4
poly_mul_general_cycles - 2920 +93+25+9+21-13+39-12-35-15+18+34-7+10+11-5+16-13-28+12+10-31-23+1-27-47-32+14+0-4-25+30-1
