implementation crypto_kem/ntruplus768/avx2 - 
publickeybytes 1152 
secretkeybytes 2336 
cpuid unknown_CPU_ID_ 
cpucycles_persecond 1400000000 
cpucycles_implementation default-perfevent 
compiler gcc_-march=native_-mtune=native_-O3_-fwrapv_-fPIC_-fPIE_-ffunction-sections_-fdata-sections_-Wl,--gc-sections_-gdwarf-4_-Wall 15.2.0 
forward_small_native_inplace_cycles - 948 +120+15+40-5+1-14+25+14-13+1-11-3+8-2+19-8-1+12+1-5+0-2+1-16+9-18-3+5+4-8-12+18
forward_small_preserve_input_cycles - 976 +173+40+10-1-5-7-5+5-26+10-2+16+6+1-23+5+0+12+1+7-14+2-3+2-9-6+18+13-9-16+0-6
forward_general_native_inplace_unqualified_cycles - 959 +31+0-26-20-36-18-17-1-22-18+0+3+17-10+6+13+10+6-1+5+25+3-1+1+1-7+11+15+1-24-4+4
forward_general_preserve_input_unqualified_cycles - 985 +168+21+37+8+9+5+18+1-2+1-9+5+14+3-23+13-11+9-24-9-10-1-2-9-9-12+31+2-1+1-3-12
basemul_cycles - 719 +387+24-2+4-4+3+12+10-9+7-5+6+2+0-8+2-4-1+16+6-1-2-1+7-15-8+11-3+1-4-2-19
basemul_scale_cycles - 626 +465+9+2-3-3+6+1-4-5+1-1+3+2+4+0-5+0-4-1+0-1-3+0-2-4-3+1-1+6-2+3+4
inverse_cycles - 992 +762+74+18+14-8-18+9-2+2+13+15-5+10-7-17+13-7+0+5-18-16-6+2-19+2+4-10-1-4-10-2+5
baseinv_cycles - 1240 +1638+351+10-16+1-17+4-6+1-8+11-2-3-19+17+19-17+13+18+4-15+34-2-9-4+5-1+6-2+72-6-26
poly_frombytes_cycles - 347 +95+6+3-6+2-7+3+2+7+7+2+1+0+6-1+0-4-1-6-2+1-7-7-4-4-6+2-3-2-2+2+5
poly_tobytes_cycles - 418 +66+2+1+2+0-3-3+7-7+1+5+4+9-5-4-6-6+7-6+7-5+1-1-1-7+2+1+12+7-2+5-1
cbd1_cycles - 326 +101-2-8-9-3-12+6+12-1-18-18-14-12+15-18+4+14+5+6-16+1+3-13-4-19+5-2+8+6+1+3+6
crepmod3_cycles - 428 +309+136+13+4+3+13-5+6+6+4+8+6-8+1+5-17-11-3+12+0-7-16-10+6-10-7+12-10-12-13-8-2
poly_add_cycles - 240 +112+33+2-8-2+4+0-2-6+0-3-1+2-12-11-12-2-3-3-7+4+9+11-1-11+10-7+1+6+4+14+7
poly_sub_cycles - 232 +176+52+12-5+2-2-1-3-4-4+5+0-2+5-1+4+12+1+2+2-5+1+1-6-6+2-1-1+1+1+4-7
sotp_encode_cycles - 329 +57+0+4-1+0+2+0+0+0-3+1-3-3+0-3-5+2-2-4+4-2-5+6+0-2-1-3+2+3+0-2+3
sotp_decode_cycles - 351 +303+1-3+0-4-7+2+2+11-6+9+8+7+2-5-3+14+8-4+4-4-2+3-10+0-8-1-5-4-14+1+1
hash_f_cycles - 10878 +1289+270-20+42+44+140+16+49+108+101+53+75+31+58+51-87-79-28+6-75-43+54-120-96-44-47-30-17-37-94-109-53
hash_g_cycles - 12122 +454+153+140-39+79-182-47+10-3+6+78-6+66+34+110-122-124+82-20+25+9-244+24-21+23-186-177-169-168+42-187-225
hash_h_cycles - 2643 +294+117-65+37-40+13-5-31+14+25-13+11-13+37+1+62+23+7-49-3-1-37+9-8-6-5+16-22+40-28+0-43
poly_mul_small_cycles - 2919 +413+86+88+27-14+7-9+0+6-2+23-11+1-11+23-1+20+20-14-21-21+6-41+20+2-13+24-13-24+37-41-8
poly_mul_general_cycles - 2933 +212-8+18+22+21+12-17-1+6-5+21-11-3-19-12+38-18+10-17-29-32+4+17-21-35+10+17-2+7-38+27-4
forward_small_native_inplace_cycles - 956 +22+4-5+8+5-6+1+8+0+4-2-2+1+4-16+5-12-8+11-12+2-15-4-7+0+9-6+1+22-9-4+16
forward_small_preserve_input_cycles - 973 +53+17+12-1+17+11+4+12+23-9-2+10+5-18-3-24-24-2-5+12+2+14+2-14-9-14+32-5-10-19-3+2
forward_general_native_inplace_unqualified_cycles - 955 +37+33+2+13-7-3+6+9-1-20-17+12+6-20+5-1-31+23+15+14-13-9-1+3-13+16-18-17-1-8+5-5
forward_general_preserve_input_unqualified_cycles - 976 +46+15-1+8-20+6+6-27-14-4-17+12-1-23-1-10-4-29+18+13-13+19-11-9+2-24-13+3+4+15+18+3
basemul_cycles - 719 +38+0+2+2-12+2+7-3+15+21+12+11-5+3-5-3-11-16-5-3+3+5+3-13+8-17-19+2-4+1-19-6
basemul_scale_cycles - 624 +21+14+5+0-1-4-5-3-8+2-1-3-3+3-2-2-3+1-4-5+6+3+4+0-3-1+4+3+2+2+3-1
inverse_cycles - 982 +83+41+24+30+2-5+23+22-7-8+0-3-1+2-2+5+1-18-6+7+9-7-2-10-3+9+16-6-3-15+7-3
baseinv_cycles - 1239 +124+136-9+0-20-3+149+24+5+1+61-3-1+3-10+6+8-9-17+0-13-3-9-12+1-7-6+62+4+2-8+5
poly_frombytes_cycles - 347 +41+14-5-5+3+2-1-2+2+1+5+1+6+1-3-5+0-2-4-6+1-8+1-1-5+0-3+7+2-7+2-4
poly_tobytes_cycles - 419 +112+7+14+7-1+10+6-1+8+0+2+7+4+1-2+6-1-7+1-1-5-7-5-9-5-4-4-5-5-6+0+4
cbd1_cycles - 327 +34+23-8-12+3+9+9+5+18-15+3-20+1+2+6-22+11+1+0-2-1+10-2-2+2-20+2-2-3-22+1-3
crepmod3_cycles - 427 +111+9+8+4-3+2+16+16+7+2+1-6-9-2-2+5+0-8-10-2-2+12+5-1-6+15-7+0+4-1+1-3
poly_add_cycles - 231 +55+18-5+0-2-5-4+0+1+7+12+13-4-3-5+11-1+15-4+16-8-1+12+24+12+9-6-2+0-5+3-4
poly_sub_cycles - 234 +19+7-1-3-6+4-3+9-6+2+1+10+2+4+1+3-3+4-2-2-7-3+0-3+4-1+1-2-9-1-4+2
sotp_encode_cycles - 315 +34+22+17+8+23+6+0+4+1+2+1+5-5-1+0+0+0-5-7-2-3+0+1-2-2+2-1+0+5+0+2+1
sotp_decode_cycles - 344 +41+10+1-1+5-2-4+4+1+1-5+0-4+11-4-3-1-2-4-1-4-1-5+1+6-7-1+9+5+9-5+4
hash_f_cycles - 10846 +313+140+135+105+60+134+44+95-5+97-14+59+0-17-63-30-56-62-14+14-21-84-73+21+5-22-75-68+21-69-4+32
hash_g_cycles - 11962 +381+123+229+35+25+47-14+5-39+36+38-58-44-25-31-39+28+22-38+50+54+195-53-38-95-23-123-75-70+12-1+34
hash_h_cycles - 2648 +70-12+1-9+37+21-4+9+2+21+5-13+40+7+19+9-27+25+37-12-20+9-17+1-41+36-51-11-15-26-34+1
poly_mul_small_cycles - 2931 +145+145-9+0-13-23+1+22+10+15-20+29-1-40-31-1+13+15-19-30+4-30+21-30+16-3-1-11+36+17+2-23
poly_mul_general_cycles - 2930 +190+106+0+28-2-16+38-37+21+5+18-1-29+5-8-1+2-23-10+1-45+18-30+7-22+20-14+3-21-4-17+13
forward_small_native_inplace_cycles - 946 +18+14+5-2+31-10+0+1+43-12-10+5+8-1+22-5+11-20+10-1-3+7-8-6+15-28-25-5+3-8-1+19
forward_small_preserve_input_cycles - 978 +66+15+23+28-23+18+0-17-3+4-16+34+5+8+8+9-10-4-22-9+2+4-2+4+1-6-4-20+9-9-3-11
forward_general_native_inplace_unqualified_cycles - 962 +5+13+11+3-17-11-7-3+4-7+6-11-17-13+1-23-1-12-5+6-3+6+8-6+3+9-5-15+423+47+43+19
forward_general_preserve_input_unqualified_cycles - 974 +105+11+9+9-11+21-14+3+1-5+26-12-19+7+15-21-10-4+8-11+10-11-1-9-24+9-4+25+37-6-20+6
basemul_cycles - 719 +50+24+13+4-7+3-7+11-7+14+2+0-19+1+16-15+0+3-1-20-9-23+9-8+2-1-10+11-6-12+2-9
basemul_scale_cycles - 625 +33+11+11-5-5+10+3+2+1+9+3+0-4-6-1+0-7+12-1-4-4+1-3-5-4-1-1-1+1+4-1+2
inverse_cycles - 992 +117+66+9-2+0-3-1+11+22+12-21-7-15+5-8+16-1-11+3-2+13+8+14+30-10-12+6-1-1-9-1-3
baseinv_cycles - 1234 +40+19+27-8+0-4+17-3+19-6+5-8-7+8-5+26+6+7-4-10+1+7-9-2-7+23+6-6-3-10+0+143
poly_frombytes_cycles - 345 +25-4-1+1+1+7+9-5+2-5-3-1+4-4-2-1-1+2+3-2+10+2+3+11+4-4+0-5-1+8-2+4
poly_tobytes_cycles - 419 +40+0+5+7+0+3+11+3-1+0+7+0-1-1-3-1+3+7+4+3-6-3+1-3-2-4-5-9+0-4+9-3
cbd1_cycles - 322 +19+0+2+4+15+8+11+4-12+8-16+13-8-9-12-16+6-12+8+6+12-14-17-13-6-13+13-11-10+6+2+12
crepmod3_cycles - 425 +90+16+1+8+3+7+0+8+4+8+12+7-7+1-13-3-8+0-8+3-6+5-2+1-2+8-4-3-3-2-8-8
poly_add_cycles - 244 +53+10-11-8+4-2+0-3+3+7+7+6-21-6-5+0+0+2+2-8-1-5+0-13+0-2+11+5+9+3-7-5
poly_sub_cycles - 229 +20+0-3+3-3+2+0-7+2-3-5+7+4-4-2+0+1-6+4-1+1-1+5+1+5+3-1+0-3+10+7+1
sotp_encode_cycles - 318 +82+11+9+5+5+0+10+11+3+8+13+10+4-6-6-7-3-6-7-2-4-4+2-4-3-5-7+1+9+7-7-2
sotp_decode_cycles - 343 +41+14+5+1+10+4-7+4+8+6-3+2+2-3-1-2-3-3-4+1-2-1-3-2-6-1+3-2-2-1+2+7
hash_f_cycles - 10905 +104-76-27-5-53-103-68-127-176-47-89-36-115-133-71+59+9+34+43+28+6+81-40+26+84+58+12+31+28+27+15+108
hash_g_cycles - 12146 +131+59-34-5-56-25+95-53-49+23-39+25-8-36-1-6-7+48+9+11+6-13+17-38-38+15+11-23+87+38-48+42
hash_h_cycles - 2645 +38-15+21-18+26+24-25+11+1+34-34-10-11+56+15-25-42+3-7+23-7-16+18+14-34-13+40-6+16+21-23-15
poly_mul_small_cycles - 2942 +77+34+2-5-10-17+22+1+8+4-18+20-40+5+24+0+2-60-13-6-3-15-2-39-12+5+404+41+21+21-2-11
poly_mul_general_cycles - 2928 +58+29+23-1+2+15-1+2+6-63-6-3-3-28-11+2-25-20-14-14+0+14+14+8-39-2-5+30+14+28+0-13
