cpucycles tracesetup 0 amd64-perfpmcff precision 0 scaling 0.000000 only32 0
cpucycles tracesetup 1 amd64-perfpmc precision 0 scaling 0.000000 only32 0
cpucycles tracesetup 2 amd64-pmcff precision 0 scaling 0.000000 only32 0
cpucycles tracesetup 3 amd64-tsc precision 1080 scaling 0.467415 only32 0
cpucycles tracesetup 4 amd64-tscasm precision 1090 scaling 0.467415 only32 0
cpucycles tracesetup 5 default-perfevent precision 205 scaling 1.000000 only32 0
cpucycles tracesetup 6 default-mach precision 0 scaling 0.000000 only32 0
cpucycles tracesetup 7 default-monotonic precision 1075 scaling 1.400000 only32 0
cpucycles tracesetup 8 default-gettimeofday precision 2440 scaling 1400.000000 only32 0
cpucycles tracesetup 9 default-zero precision 0 scaling 0.000000 only32 0
region,variant,block,observation,cycles
0,0,0,0,1036
0,0,0,1,984
0,0,0,2,1034
0,0,0,3,1021
0,0,0,4,975
0,0,0,5,988
0,0,0,6,1006
0,0,0,7,1004
0,0,0,8,1004
0,0,0,9,1015
0,0,0,10,998
0,0,0,11,1016
0,0,0,12,1013
0,0,0,13,999
0,0,0,14,993
0,0,0,15,1002
0,0,0,16,1006
0,0,0,17,1009
0,0,0,18,1018
0,0,0,19,1004
0,0,0,20,1009
0,0,0,21,980
0,0,0,22,1006
0,0,0,23,983
0,0,0,24,1009
0,0,0,25,996
0,0,0,26,1011
0,0,0,27,1008
0,0,0,28,1003
0,0,0,29,986
0,0,0,30,1003
0,0,0,31,987
0,0,0,32,1003
0,0,0,33,1010
0,0,0,34,1000
0,0,0,35,992
0,0,0,36,1007
0,0,0,37,990
0,0,0,38,1009
0,0,0,39,989
0,0,0,40,1005
0,0,0,41,999
0,0,0,42,992
0,0,0,43,992
0,0,0,44,982
0,0,0,45,995
0,0,0,46,990
0,0,0,47,984
0,0,0,48,992
0,0,0,49,988
0,0,0,50,981
0,0,0,51,1002
0,0,0,52,1024
0,0,0,53,996
0,0,0,54,1003
0,0,0,55,988
0,0,0,56,998
0,0,0,57,1000
0,0,0,58,978
0,0,0,59,1000
0,0,0,60,987
0,0,0,61,1005
0,0,0,62,998
0,0,0,63,991
0,1,0,0,999
0,1,0,1,991
0,1,0,2,981
0,1,0,3,993
0,1,0,4,994
0,1,0,5,985
0,1,0,6,982
0,1,0,7,981
0,1,0,8,987
0,1,0,9,991
0,1,0,10,985
0,1,0,11,991
0,1,0,12,990
0,1,0,13,980
0,1,0,14,980
0,1,0,15,990
0,1,0,16,988
0,1,0,17,989
0,1,0,18,1000
0,1,0,19,986
0,1,0,20,990
0,1,0,21,983
0,1,0,22,986
0,1,0,23,992
0,1,0,24,986
0,1,0,25,985
0,1,0,26,991
0,1,0,27,982
0,1,0,28,983
0,1,0,29,994
0,1,0,30,976
0,1,0,31,969
0,1,0,32,981
0,1,0,33,988
0,1,0,34,985
0,1,0,35,981
0,1,0,36,964
0,1,0,37,985
0,1,0,38,987
0,1,0,39,987
0,1,0,40,983
0,1,0,41,989
0,1,0,42,994
0,1,0,43,976
0,1,0,44,976
0,1,0,45,979
0,1,0,46,991
0,1,0,47,993
0,1,0,48,992
0,1,0,49,1019
0,1,0,50,978
0,1,0,51,1002
0,1,0,52,987
0,1,0,53,979
0,1,0,54,966
0,1,0,55,992
0,1,0,56,972
0,1,0,57,991
0,1,0,58,1010
0,1,0,59,987
0,1,0,60,995
0,1,0,61,986
0,1,0,62,994
0,1,0,63,983
0,1,1,0,960
0,1,1,1,1006
0,1,1,2,972
0,1,1,3,993
0,1,1,4,987
0,1,1,5,988
0,1,1,6,994
0,1,1,7,988
0,1,1,8,982
0,1,1,9,978
0,1,1,10,980
0,1,1,11,985
0,1,1,12,964
0,1,1,13,988
0,1,1,14,1001
0,1,1,15,1003
0,1,1,16,996
0,1,1,17,1002
0,1,1,18,988
0,1,1,19,990
0,1,1,20,977
0,1,1,21,979
0,1,1,22,983
0,1,1,23,978
0,1,1,24,991
0,1,1,25,978
0,1,1,26,984
0,1,1,27,995
0,1,1,28,1002
0,1,1,29,981
0,1,1,30,978
0,1,1,31,992
0,1,1,32,983
0,1,1,33,982
0,1,1,34,983
0,1,1,35,984
0,1,1,36,1001
0,1,1,37,1002
0,1,1,38,986
0,1,1,39,984
0,1,1,40,977
0,1,1,41,993
0,1,1,42,960
0,1,1,43,988
0,1,1,44,992
0,1,1,45,1002
0,1,1,46,990
0,1,1,47,984
0,1,1,48,970
0,1,1,49,997
0,1,1,50,992
0,1,1,51,968
0,1,1,52,992
0,1,1,53,971
0,1,1,54,989
0,1,1,55,984
0,1,1,56,1002
0,1,1,57,1003
0,1,1,58,987
0,1,1,59,1001
0,1,1,60,998
0,1,1,61,981
0,1,1,62,993
0,1,1,63,980
0,0,1,0,990
0,0,1,1,1024
0,0,1,2,1020
0,0,1,3,1017
0,0,1,4,1006
0,0,1,5,1010
0,0,1,6,997
0,0,1,7,982
0,0,1,8,997
0,0,1,9,1006
0,0,1,10,1002
0,0,1,11,1014
0,0,1,12,985
0,0,1,13,994
0,0,1,14,1012
0,0,1,15,996
0,0,1,16,981
0,0,1,17,993
0,0,1,18,995
0,0,1,19,990
0,0,1,20,998
0,0,1,21,994
0,0,1,22,994
0,0,1,23,995
0,0,1,24,992
0,0,1,25,1009
0,0,1,26,1018
0,0,1,27,984
0,0,1,28,1017
0,0,1,29,993
0,0,1,30,1002
0,0,1,31,990
0,0,1,32,990
0,0,1,33,1005
0,0,1,34,985
0,0,1,35,990
0,0,1,36,1020
0,0,1,37,1005
0,0,1,38,987
0,0,1,39,999
0,0,1,40,1003
0,0,1,41,996
0,0,1,42,990
0,0,1,43,993
0,0,1,44,990
0,0,1,45,973
0,0,1,46,1000
0,0,1,47,1000
0,0,1,48,989
0,0,1,49,1017
0,0,1,50,998
0,0,1,51,1013
0,0,1,52,1016
0,0,1,53,1004
0,0,1,54,990
0,0,1,55,990
0,0,1,56,1000
0,0,1,57,1008
0,0,1,58,1026
0,0,1,59,984
0,0,1,60,1005
0,0,1,61,1019
0,0,1,62,1002
0,0,1,63,977
0,0,2,0,987
0,0,2,1,980
0,0,2,2,996
0,0,2,3,991
0,0,2,4,992
0,0,2,5,999
0,0,2,6,984
0,0,2,7,1015
0,0,2,8,1000
0,0,2,9,993
0,0,2,10,979
0,0,2,11,1018
0,0,2,12,1015
0,0,2,13,1004
0,0,2,14,999
0,0,2,15,971
0,0,2,16,990
0,0,2,17,997
0,0,2,18,1005
0,0,2,19,994
0,0,2,20,990
0,0,2,21,985
0,0,2,22,981
0,0,2,23,996
0,0,2,24,989
0,0,2,25,997
0,0,2,26,993
0,0,2,27,999
0,0,2,28,979
0,0,2,29,1000
0,0,2,30,991
0,0,2,31,999
0,0,2,32,995
0,0,2,33,999
0,0,2,34,980
0,0,2,35,997
0,0,2,36,1001
0,0,2,37,986
0,0,2,38,1008
0,0,2,39,993
0,0,2,40,1000
0,0,2,41,987
0,0,2,42,983
0,0,2,43,982
0,0,2,44,983
0,0,2,45,984
0,0,2,46,991
0,0,2,47,1011
0,0,2,48,999
0,0,2,49,983
0,0,2,50,997
0,0,2,51,978
0,0,2,52,1006
0,0,2,53,1000
0,0,2,54,986
0,0,2,55,1000
0,0,2,56,997
0,0,2,57,1000
0,0,2,58,998
0,0,2,59,1003
0,0,2,60,977
0,0,2,61,990
0,0,2,62,1022
0,0,2,63,1005
0,1,2,0,977
0,1,2,1,1013
0,1,2,2,1009
0,1,2,3,1020
0,1,2,4,1009
0,1,2,5,976
0,1,2,6,982
0,1,2,7,989
0,1,2,8,987
0,1,2,9,1006
0,1,2,10,983
0,1,2,11,987
0,1,2,12,978
0,1,2,13,976
0,1,2,14,1340
0,1,2,15,976
0,1,2,16,991
0,1,2,17,1007
0,1,2,18,990
0,1,2,19,983
0,1,2,20,995
0,1,2,21,982
0,1,2,22,971
0,1,2,23,1000
0,1,2,24,995
0,1,2,25,978
0,1,2,26,995
0,1,2,27,983
0,1,2,28,980
0,1,2,29,994
0,1,2,30,1006
0,1,2,31,987
0,1,2,32,983
0,1,2,33,1000
0,1,2,34,976
0,1,2,35,985
0,1,2,36,995
0,1,2,37,976
0,1,2,38,996
0,1,2,39,1010
0,1,2,40,995
0,1,2,41,990
0,1,2,42,985
0,1,2,43,983
0,1,2,44,992
0,1,2,45,993
0,1,2,46,979
0,1,2,47,988
0,1,2,48,983
0,1,2,49,990
0,1,2,50,982
0,1,2,51,973
0,1,2,52,980
0,1,2,53,994
0,1,2,54,1005
0,1,2,55,983
0,1,2,56,990
0,1,2,57,987
0,1,2,58,995
0,1,2,59,977
0,1,2,60,977
0,1,2,61,1004
0,1,2,62,989
0,1,2,63,987
0,1,3,0,964
0,1,3,1,988
0,1,3,2,972
0,1,3,3,983
0,1,3,4,993
0,1,3,5,978
0,1,3,6,982
0,1,3,7,1002
0,1,3,8,986
0,1,3,9,977
0,1,3,10,985
0,1,3,11,987
0,1,3,12,995
0,1,3,13,986
0,1,3,14,991
0,1,3,15,990
0,1,3,16,1006
0,1,3,17,965
0,1,3,18,990
0,1,3,19,984
0,1,3,20,976
0,1,3,21,986
0,1,3,22,982
0,1,3,23,992
0,1,3,24,981
0,1,3,25,996
0,1,3,26,991
0,1,3,27,984
0,1,3,28,981
0,1,3,29,992
0,1,3,30,988
0,1,3,31,990
0,1,3,32,1002
0,1,3,33,983
0,1,3,34,987
0,1,3,35,977
0,1,3,36,1004
0,1,3,37,992
0,1,3,38,986
0,1,3,39,1002
0,1,3,40,997
0,1,3,41,985
0,1,3,42,969
0,1,3,43,980
0,1,3,44,989
0,1,3,45,1006
0,1,3,46,983
0,1,3,47,982
0,1,3,48,986
0,1,3,49,969
0,1,3,50,955
0,1,3,51,970
0,1,3,52,983
0,1,3,53,984
0,1,3,54,987
0,1,3,55,984
0,1,3,56,981
0,1,3,57,989
0,1,3,58,996
0,1,3,59,997
0,1,3,60,988
0,1,3,61,984
0,1,3,62,995
0,1,3,63,1001
0,0,3,0,999
0,0,3,1,1036
0,0,3,2,1046
0,0,3,3,1005
0,0,3,4,1034
0,0,3,5,1012
0,0,3,6,1018
0,0,3,7,1008
0,0,3,8,981
0,0,3,9,1005
0,0,3,10,980
0,0,3,11,993
0,0,3,12,972
0,0,3,13,988
0,0,3,14,992
0,0,3,15,990
0,0,3,16,1001
0,0,3,17,992
0,0,3,18,987
0,0,3,19,1001
0,0,3,20,993
0,0,3,21,986
0,0,3,22,992
0,0,3,23,1013
0,0,3,24,993
0,0,3,25,981
0,0,3,26,970
0,0,3,27,1005
0,0,3,28,1008
0,0,3,29,1002
0,0,3,30,1006
0,0,3,31,985
0,0,3,32,1000
0,0,3,33,1019
0,0,3,34,1002
0,0,3,35,992
0,0,3,36,990
0,0,3,37,988
0,0,3,38,983
0,0,3,39,1004
0,0,3,40,993
0,0,3,41,1001
0,0,3,42,994
0,0,3,43,988
0,0,3,44,987
0,0,3,45,986
0,0,3,46,1004
0,0,3,47,1003
0,0,3,48,992
0,0,3,49,978
0,0,3,50,986
0,0,3,51,1004
0,0,3,52,985
0,0,3,53,970
0,0,3,54,998
0,0,3,55,997
0,0,3,56,975
0,0,3,57,1005
0,0,3,58,1013
0,0,3,59,1011
0,0,3,60,1010
0,0,3,61,997
0,0,3,62,1016
0,0,3,63,991
0,0,4,0,992
0,0,4,1,991
0,0,4,2,1003
0,0,4,3,992
0,0,4,4,1004
0,0,4,5,1014
0,0,4,6,995
0,0,4,7,988
0,0,4,8,1023
0,0,4,9,998
0,0,4,10,998
0,0,4,11,991
0,0,4,12,983
0,0,4,13,980
0,0,4,14,1004
0,0,4,15,997
0,0,4,16,990
0,0,4,17,1027
0,0,4,18,1000
0,0,4,19,1009
0,0,4,20,1001
0,0,4,21,1015
0,0,4,22,1000
0,0,4,23,996
0,0,4,24,987
0,0,4,25,1006
0,0,4,26,1003
0,0,4,27,998
0,0,4,28,990
0,0,4,29,1016
0,0,4,30,1020
0,0,4,31,985
0,0,4,32,1012
0,0,4,33,989
0,0,4,34,987
0,0,4,35,969
0,0,4,36,989
0,0,4,37,989
0,0,4,38,1001
0,0,4,39,1006
0,0,4,40,983
0,0,4,41,989
0,0,4,42,977
0,0,4,43,1018
0,0,4,44,1010
0,0,4,45,1005
0,0,4,46,980
0,0,4,47,994
0,0,4,48,989
0,0,4,49,996
0,0,4,50,1007
0,0,4,51,987
0,0,4,52,979
0,0,4,53,986
0,0,4,54,992
0,0,4,55,979
0,0,4,56,989
0,0,4,57,985
0,0,4,58,990
0,0,4,59,1006
0,0,4,60,1017
0,0,4,61,1007
0,0,4,62,994
0,0,4,63,989
0,1,4,0,949
0,1,4,1,1002
0,1,4,2,984
0,1,4,3,1018
0,1,4,4,1010
0,1,4,5,1000
0,1,4,6,987
0,1,4,7,987
0,1,4,8,985
0,1,4,9,991
0,1,4,10,989
0,1,4,11,990
0,1,4,12,977
0,1,4,13,987
0,1,4,14,998
0,1,4,15,998
0,1,4,16,996
0,1,4,17,987
0,1,4,18,1011
0,1,4,19,986
0,1,4,20,960
0,1,4,21,985
0,1,4,22,993
0,1,4,23,1000
0,1,4,24,1001
0,1,4,25,975
0,1,4,26,991
0,1,4,27,985
0,1,4,28,1003
0,1,4,29,980
0,1,4,30,996
0,1,4,31,976
0,1,4,32,997
0,1,4,33,997
0,1,4,34,1002
0,1,4,35,982
0,1,4,36,973
0,1,4,37,998
0,1,4,38,987
0,1,4,39,1004
0,1,4,40,974
0,1,4,41,963
0,1,4,42,990
0,1,4,43,977
0,1,4,44,975
0,1,4,45,987
0,1,4,46,980
0,1,4,47,1018
0,1,4,48,987
0,1,4,49,995
0,1,4,50,985
0,1,4,51,975
0,1,4,52,994
0,1,4,53,979
0,1,4,54,991
0,1,4,55,989
0,1,4,56,978
0,1,4,57,1003
0,1,4,58,976
0,1,4,59,995
0,1,4,60,1005
0,1,4,61,968
0,1,4,62,976
0,1,4,63,993
0,1,5,0,966
0,1,5,1,976
0,1,5,2,983
0,1,5,3,995
0,1,5,4,1005
0,1,5,5,968
0,1,5,6,961
0,1,5,7,999
0,1,5,8,986
0,1,5,9,998
0,1,5,10,972
0,1,5,11,993
0,1,5,12,985
0,1,5,13,968
0,1,5,14,966
0,1,5,15,994
0,1,5,16,996
0,1,5,17,984
0,1,5,18,975
0,1,5,19,987
0,1,5,20,994
0,1,5,21,986
0,1,5,22,970
0,1,5,23,978
0,1,5,24,985
0,1,5,25,997
0,1,5,26,1009
0,1,5,27,999
0,1,5,28,991
0,1,5,29,992
0,1,5,30,1011
0,1,5,31,999
0,1,5,32,981
0,1,5,33,993
0,1,5,34,981
0,1,5,35,997
0,1,5,36,988
0,1,5,37,981
0,1,5,38,975
0,1,5,39,981
0,1,5,40,988
0,1,5,41,982
0,1,5,42,988
0,1,5,43,985
0,1,5,44,997
0,1,5,45,974
0,1,5,46,982
0,1,5,47,989
0,1,5,48,978
0,1,5,49,995
0,1,5,50,1007
0,1,5,51,980
0,1,5,52,981
0,1,5,53,994
0,1,5,54,979
0,1,5,55,978
0,1,5,56,997
0,1,5,57,986
0,1,5,58,1009
0,1,5,59,988
0,1,5,60,984
0,1,5,61,993
0,1,5,62,1014
0,1,5,63,979
0,0,5,0,979
0,0,5,1,1020
0,0,5,2,1003
0,0,5,3,1009
0,0,5,4,1015
0,0,5,5,994
0,0,5,6,993
0,0,5,7,992
0,0,5,8,1004
0,0,5,9,994
0,0,5,10,999
0,0,5,11,1000
0,0,5,12,991
0,0,5,13,979
0,0,5,14,991
0,0,5,15,996
0,0,5,16,979
0,0,5,17,1020
0,0,5,18,982
0,0,5,19,1001
0,0,5,20,992
0,0,5,21,1003
0,0,5,22,1014
0,0,5,23,1012
0,0,5,24,1005
0,0,5,25,1002
0,0,5,26,1012
0,0,5,27,991
0,0,5,28,1003
0,0,5,29,1006
0,0,5,30,998
0,0,5,31,996
0,0,5,32,998
0,0,5,33,1008
0,0,5,34,984
0,0,5,35,993
0,0,5,36,1005
0,0,5,37,1006
0,0,5,38,1017
0,0,5,39,999
0,0,5,40,998
0,0,5,41,1000
0,0,5,42,993
0,0,5,43,993
0,0,5,44,998
0,0,5,45,1012
0,0,5,46,1007
0,0,5,47,986
0,0,5,48,971
0,0,5,49,987
0,0,5,50,991
0,0,5,51,1006
0,0,5,52,993
0,0,5,53,1010
0,0,5,54,995
0,0,5,55,1002
0,0,5,56,997
0,0,5,57,1001
0,0,5,58,994
0,0,5,59,1012
0,0,5,60,993
0,0,5,61,1012
0,0,5,62,996
0,0,5,63,1020
0,0,6,0,995
0,0,6,1,997
0,0,6,2,1004
0,0,6,3,994
0,0,6,4,998
0,0,6,5,1001
0,0,6,6,1008
0,0,6,7,998
0,0,6,8,1011
0,0,6,9,1005
0,0,6,10,1019
0,0,6,11,1001
0,0,6,12,989
0,0,6,13,1003
0,0,6,14,1011
0,0,6,15,993
0,0,6,16,994
0,0,6,17,992
0,0,6,18,991
0,0,6,19,985
0,0,6,20,997
0,0,6,21,999
0,0,6,22,1001
0,0,6,23,1005
0,0,6,24,1011
0,0,6,25,1003
0,0,6,26,1003
0,0,6,27,991
0,0,6,28,1000
0,0,6,29,969
0,0,6,30,993
0,0,6,31,1009
0,0,6,32,969
0,0,6,33,999
0,0,6,34,1002
0,0,6,35,983
0,0,6,36,1012
0,0,6,37,983
0,0,6,38,984
0,0,6,39,1003
0,0,6,40,1015
0,0,6,41,1033
0,0,6,42,988
0,0,6,43,995
0,0,6,44,1007
0,0,6,45,1011
0,0,6,46,974
0,0,6,47,1003
0,0,6,48,1018
0,0,6,49,993
0,0,6,50,995
0,0,6,51,984
0,0,6,52,998
0,0,6,53,985
0,0,6,54,982
0,0,6,55,999
0,0,6,56,997
0,0,6,57,1012
0,0,6,58,985
0,0,6,59,987
0,0,6,60,1001
0,0,6,61,987
0,0,6,62,992
0,0,6,63,1004
0,1,6,0,969
0,1,6,1,987
0,1,6,2,1005
0,1,6,3,1012
0,1,6,4,1012
0,1,6,5,975
0,1,6,6,980
0,1,6,7,978
0,1,6,8,976
0,1,6,9,993
0,1,6,10,987
0,1,6,11,967
0,1,6,12,991
0,1,6,13,990
0,1,6,14,983
0,1,6,15,946
0,1,6,16,987
0,1,6,17,979
0,1,6,18,982
0,1,6,19,982
0,1,6,20,985
0,1,6,21,973
0,1,6,22,994
0,1,6,23,975
0,1,6,24,971
0,1,6,25,987
0,1,6,26,985
0,1,6,27,972
0,1,6,28,999
0,1,6,29,982
0,1,6,30,983
0,1,6,31,985
0,1,6,32,961
0,1,6,33,1007
0,1,6,34,979
0,1,6,35,972
0,1,6,36,1008
0,1,6,37,978
0,1,6,38,985
0,1,6,39,1007
0,1,6,40,1335
0,1,6,41,1001
0,1,6,42,994
0,1,6,43,1009
0,1,6,44,978
0,1,6,45,988
0,1,6,46,980
0,1,6,47,993
0,1,6,48,984
0,1,6,49,992
0,1,6,50,979
0,1,6,51,975
0,1,6,52,990
0,1,6,53,1001
0,1,6,54,978
0,1,6,55,981
0,1,6,56,987
0,1,6,57,997
0,1,6,58,985
0,1,6,59,994
0,1,6,60,981
0,1,6,61,984
0,1,6,62,994
0,1,6,63,993
0,1,7,0,997
0,1,7,1,990
0,1,7,2,1004
0,1,7,3,985
0,1,7,4,982
0,1,7,5,984
0,1,7,6,975
0,1,7,7,945
0,1,7,8,992
0,1,7,9,995
0,1,7,10,993
0,1,7,11,989
0,1,7,12,974
0,1,7,13,982
0,1,7,14,991
0,1,7,15,991
0,1,7,16,988
0,1,7,17,1001
0,1,7,18,1000
0,1,7,19,993
0,1,7,20,988
0,1,7,21,995
0,1,7,22,973
0,1,7,23,985
0,1,7,24,986
0,1,7,25,990
0,1,7,26,1002
0,1,7,27,1004
0,1,7,28,994
0,1,7,29,980
0,1,7,30,972
0,1,7,31,971
0,1,7,32,986
0,1,7,33,985
0,1,7,34,978
0,1,7,35,977
0,1,7,36,995
0,1,7,37,997
0,1,7,38,1020
0,1,7,39,991
0,1,7,40,977
0,1,7,41,987
0,1,7,42,994
0,1,7,43,979
0,1,7,44,1008
0,1,7,45,976
0,1,7,46,999
0,1,7,47,992
0,1,7,48,999
0,1,7,49,996
0,1,7,50,990
0,1,7,51,1004
0,1,7,52,992
0,1,7,53,978
0,1,7,54,971
0,1,7,55,981
0,1,7,56,960
0,1,7,57,986
0,1,7,58,1007
0,1,7,59,1000
0,1,7,60,965
0,1,7,61,976
0,1,7,62,991
0,1,7,63,1003
0,0,7,0,984
0,0,7,1,1024
0,0,7,2,1013
0,0,7,3,1019
0,0,7,4,1032
0,0,7,5,1007
0,0,7,6,975
0,0,7,7,995
0,0,7,8,1011
0,0,7,9,1017
0,0,7,10,993
0,0,7,11,1007
0,0,7,12,1004
0,0,7,13,1000
0,0,7,14,1024
0,0,7,15,1009
0,0,7,16,991
0,0,7,17,1004
0,0,7,18,992
0,0,7,19,992
0,0,7,20,1002
0,0,7,21,979
0,0,7,22,986
0,0,7,23,978
0,0,7,24,977
0,0,7,25,977
0,0,7,26,1006
0,0,7,27,987
0,0,7,28,993
0,0,7,29,986
0,0,7,30,994
0,0,7,31,997
0,0,7,32,978
0,0,7,33,994
0,0,7,34,1007
0,0,7,35,1001
0,0,7,36,997
0,0,7,37,1011
0,0,7,38,1010
0,0,7,39,996
0,0,7,40,1009
0,0,7,41,993
0,0,7,42,1009
0,0,7,43,992
0,0,7,44,996
0,0,7,45,996
0,0,7,46,1007
0,0,7,47,995
0,0,7,48,1005
0,0,7,49,1003
0,0,7,50,1006
0,0,7,51,1002
0,0,7,52,1010
0,0,7,53,1003
0,0,7,54,991
0,0,7,55,995
0,0,7,56,1003
0,0,7,57,999
0,0,7,58,994
0,0,7,59,999
0,0,7,60,1008
0,0,7,61,993
0,0,7,62,1007
0,0,7,63,995
1,0,0,0,1187
1,0,0,1,1210
1,0,0,2,1203
1,0,0,3,1197
1,0,0,4,1169
1,0,0,5,1166
1,0,0,6,1195
1,0,0,7,1194
1,0,0,8,1193
1,0,0,9,1180
1,0,0,10,1194
1,0,0,11,1196
1,0,0,12,1181
1,0,0,13,1183
1,0,0,14,1191
1,0,0,15,1194
1,0,0,16,1191
1,0,0,17,1170
1,0,0,18,1190
1,0,0,19,1205
1,0,0,20,1185
1,0,0,21,1210
1,0,0,22,1206
1,0,0,23,1169
1,0,0,24,1171
1,0,0,25,1202
1,0,0,26,1184
1,0,0,27,1190
1,0,0,28,1189
1,0,0,29,1187
1,0,0,30,1186
1,0,0,31,1218
1,0,0,32,1194
1,0,0,33,1199
1,0,0,34,1205
1,0,0,35,1206
1,0,0,36,1178
1,0,0,37,1177
1,0,0,38,1206
1,0,0,39,1194
1,0,0,40,1200
1,0,0,41,1198
1,0,0,42,1207
1,0,0,43,1193
1,0,0,44,1194
1,0,0,45,1194
1,0,0,46,1205
1,0,0,47,1202
1,0,0,48,1196
1,0,0,49,1199
1,0,0,50,1201
1,0,0,51,1187
1,0,0,52,1174
1,0,0,53,1203
1,0,0,54,1185
1,0,0,55,1203
1,0,0,56,1207
1,0,0,57,1196
1,0,0,58,1184
1,0,0,59,1184
1,0,0,60,1207
1,0,0,61,1181
1,0,0,62,1187
1,0,0,63,1192
1,1,0,0,1204
1,1,0,1,1210
1,1,0,2,1211
1,1,0,3,1200
1,1,0,4,1196
1,1,0,5,1174
1,1,0,6,1196
1,1,0,7,1184
1,1,0,8,1190
1,1,0,9,1192
1,1,0,10,1180
1,1,0,11,1198
1,1,0,12,1205
1,1,0,13,1169
1,1,0,14,1184
1,1,0,15,1170
1,1,0,16,1201
1,1,0,17,1183
1,1,0,18,1190
1,1,0,19,1188
1,1,0,20,1184
1,1,0,21,1179
1,1,0,22,1171
1,1,0,23,1186
1,1,0,24,1197
1,1,0,25,1178
1,1,0,26,1183
1,1,0,27,1177
1,1,0,28,1175
1,1,0,29,1180
1,1,0,30,1187
1,1,0,31,1192
1,1,0,32,1183
1,1,0,33,1185
1,1,0,34,1176
1,1,0,35,1180
1,1,0,36,1198
1,1,0,37,1193
1,1,0,38,1171
1,1,0,39,1184
1,1,0,40,1177
1,1,0,41,1188
1,1,0,42,1188
1,1,0,43,1186
1,1,0,44,1175
1,1,0,45,1172
1,1,0,46,1167
1,1,0,47,1183
1,1,0,48,1185
1,1,0,49,1179
1,1,0,50,1195
1,1,0,51,1179
1,1,0,52,1177
1,1,0,53,1178
1,1,0,54,1176
1,1,0,55,1194
1,1,0,56,1186
1,1,0,57,1208
1,1,0,58,1187
1,1,0,59,1176
1,1,0,60,1171
1,1,0,61,1171
1,1,0,62,1162
1,1,0,63,1194
1,1,1,0,1172
1,1,1,1,1163
1,1,1,2,1164
1,1,1,3,1168
1,1,1,4,1154
1,1,1,5,1173
1,1,1,6,1176
1,1,1,7,1185
1,1,1,8,1191
1,1,1,9,1169
1,1,1,10,1166
1,1,1,11,1170
1,1,1,12,1187
1,1,1,13,1162
1,1,1,14,1184
1,1,1,15,1173
1,1,1,16,1191
1,1,1,17,1163
1,1,1,18,1199
1,1,1,19,1179
1,1,1,20,1177
1,1,1,21,1206
1,1,1,22,1184
1,1,1,23,1169
1,1,1,24,1196
1,1,1,25,1176
1,1,1,26,1184
1,1,1,27,1188
1,1,1,28,1185
1,1,1,29,1189
1,1,1,30,1162
1,1,1,31,1189
1,1,1,32,1150
1,1,1,33,1170
1,1,1,34,1171
1,1,1,35,1178
1,1,1,36,1170
1,1,1,37,1192
1,1,1,38,1198
1,1,1,39,1193
1,1,1,40,1180
1,1,1,41,1199
1,1,1,42,1169
1,1,1,43,1172
1,1,1,44,1176
1,1,1,45,1181
1,1,1,46,1192
1,1,1,47,1192
1,1,1,48,1197
1,1,1,49,1187
1,1,1,50,1208
1,1,1,51,1203
1,1,1,52,1171
1,1,1,53,1203
1,1,1,54,1189
1,1,1,55,1190
1,1,1,56,1184
1,1,1,57,1180
1,1,1,58,1200
1,1,1,59,1169
1,1,1,60,1183
1,1,1,61,1166
1,1,1,62,1200
1,1,1,63,1174
1,0,1,0,1176
1,0,1,1,1195
1,0,1,2,1205
1,0,1,3,1198
1,0,1,4,1182
1,0,1,5,1192
1,0,1,6,1191
1,0,1,7,1187
1,0,1,8,1197
1,0,1,9,1177
1,0,1,10,1161
1,0,1,11,1183
1,0,1,12,1155
1,0,1,13,1169
1,0,1,14,1194
1,0,1,15,1172
1,0,1,16,1184
1,0,1,17,1184
1,0,1,18,1189
1,0,1,19,1199
1,0,1,20,1171
1,0,1,21,1187
1,0,1,22,1193
1,0,1,23,1199
1,0,1,24,1195
1,0,1,25,1195
1,0,1,26,1149
1,0,1,27,1193
1,0,1,28,1204
1,0,1,29,1178
1,0,1,30,1190
1,0,1,31,1188
1,0,1,32,1194
1,0,1,33,1189
1,0,1,34,1167
1,0,1,35,1214
1,0,1,36,1183
1,0,1,37,1176
1,0,1,38,1191
1,0,1,39,1203
1,0,1,40,1187
1,0,1,41,1207
1,0,1,42,1193
1,0,1,43,1200
1,0,1,44,1197
1,0,1,45,1189
1,0,1,46,1196
1,0,1,47,1199
1,0,1,48,1196
1,0,1,49,1163
1,0,1,50,1212
1,0,1,51,1207
1,0,1,52,1192
1,0,1,53,1185
1,0,1,54,1175
1,0,1,55,1199
1,0,1,56,1183
1,0,1,57,1187
1,0,1,58,1182
1,0,1,59,1187
1,0,1,60,1210
1,0,1,61,1199
1,0,1,62,1198
1,0,1,63,1170
1,0,2,0,1180
1,0,2,1,1170
1,0,2,2,1160
1,0,2,3,1174
1,0,2,4,1197
1,0,2,5,1179
1,0,2,6,1186
1,0,2,7,1175
1,0,2,8,1201
1,0,2,9,1183
1,0,2,10,1175
1,0,2,11,1192
1,0,2,12,1192
1,0,2,13,1198
1,0,2,14,1197
1,0,2,15,1189
1,0,2,16,1176
1,0,2,17,1202
1,0,2,18,1183
1,0,2,19,1174
1,0,2,20,1208
1,0,2,21,1197
1,0,2,22,1174
1,0,2,23,1197
1,0,2,24,1200
1,0,2,25,1178
1,0,2,26,1219
1,0,2,27,1205
1,0,2,28,1174
1,0,2,29,1185
1,0,2,30,1188
1,0,2,31,1203
1,0,2,32,1201
1,0,2,33,1194
1,0,2,34,1186
1,0,2,35,1178
1,0,2,36,1210
1,0,2,37,1173
1,0,2,38,1197
1,0,2,39,1173
1,0,2,40,1197
1,0,2,41,1234
1,0,2,42,1182
1,0,2,43,1186
1,0,2,44,1185
1,0,2,45,1164
1,0,2,46,1191
1,0,2,47,1195
1,0,2,48,1172
1,0,2,49,1153
1,0,2,50,1215
1,0,2,51,1188
1,0,2,52,1173
1,0,2,53,1177
1,0,2,54,1199
1,0,2,55,1196
1,0,2,56,1206
1,0,2,57,1211
1,0,2,58,1178
1,0,2,59,1211
1,0,2,60,1198
1,0,2,61,1184
1,0,2,62,1187
1,0,2,63,1200
1,1,2,0,1172
1,1,2,1,1217
1,1,2,2,1195
1,1,2,3,1177
1,1,2,4,1198
1,1,2,5,1159
1,1,2,6,1183
1,1,2,7,1167
1,1,2,8,1176
1,1,2,9,1210
1,1,2,10,1197
1,1,2,11,1184
1,1,2,12,1209
1,1,2,13,1171
1,1,2,14,1163
1,1,2,15,1183
1,1,2,16,1178
1,1,2,17,1215
1,1,2,18,1188
1,1,2,19,1196
1,1,2,20,1201
1,1,2,21,1192
1,1,2,22,1188
1,1,2,23,1198
1,1,2,24,1187
1,1,2,25,1190
1,1,2,26,1161
1,1,2,27,1172
1,1,2,28,1195
1,1,2,29,1184
1,1,2,30,1187
1,1,2,31,1175
1,1,2,32,1181
1,1,2,33,1173
1,1,2,34,1178
1,1,2,35,1178
1,1,2,36,1618
1,1,2,37,1182
1,1,2,38,1160
1,1,2,39,1156
1,1,2,40,1165
1,1,2,41,1178
1,1,2,42,1146
1,1,2,43,1173
1,1,2,44,1170
1,1,2,45,1187
1,1,2,46,1189
1,1,2,47,1203
1,1,2,48,1192
1,1,2,49,1182
1,1,2,50,1160
1,1,2,51,1196
1,1,2,52,1186
1,1,2,53,1194
1,1,2,54,1176
1,1,2,55,1189
1,1,2,56,1181
1,1,2,57,1200
1,1,2,58,1178
1,1,2,59,1185
1,1,2,60,1181
1,1,2,61,1190
1,1,2,62,1200
1,1,2,63,1160
1,1,3,0,1148
1,1,3,1,1170
1,1,3,2,1183
1,1,3,3,1173
1,1,3,4,1185
1,1,3,5,1186
1,1,3,6,1182
1,1,3,7,1174
1,1,3,8,1163
1,1,3,9,1184
1,1,3,10,1172
1,1,3,11,1199
1,1,3,12,1178
1,1,3,13,1188
1,1,3,14,1180
1,1,3,15,1175
1,1,3,16,1597
1,1,3,17,1172
1,1,3,18,1786
1,1,3,19,1193
1,1,3,20,1182
1,1,3,21,1173
1,1,3,22,1185
1,1,3,23,1192
1,1,3,24,1179
1,1,3,25,1179
1,1,3,26,1192
1,1,3,27,1181
1,1,3,28,1175
1,1,3,29,1188
1,1,3,30,1386
1,1,3,31,1402
1,1,3,32,1165
1,1,3,33,1191
1,1,3,34,1177
1,1,3,35,1156
1,1,3,36,1188
1,1,3,37,1209
1,1,3,38,1174
1,1,3,39,1198
1,1,3,40,1201
1,1,3,41,1191
1,1,3,42,1173
1,1,3,43,1200
1,1,3,44,1174
1,1,3,45,1169
1,1,3,46,1187
1,1,3,47,1171
1,1,3,48,1174
1,1,3,49,1192
1,1,3,50,1164
1,1,3,51,1172
1,1,3,52,1184
1,1,3,53,1178
1,1,3,54,1189
1,1,3,55,1196
1,1,3,56,1183
1,1,3,57,1202
1,1,3,58,1174
1,1,3,59,1181
1,1,3,60,1185
1,1,3,61,1188
1,1,3,62,1188
1,1,3,63,1183
1,0,3,0,1180
1,0,3,1,1201
1,0,3,2,1217
1,0,3,3,1203
1,0,3,4,1201
1,0,3,5,1205
1,0,3,6,1210
1,0,3,7,1199
1,0,3,8,1193
1,0,3,9,1204
1,0,3,10,1175
1,0,3,11,1186
1,0,3,12,1201
1,0,3,13,1193
1,0,3,14,1197
1,0,3,15,1187
1,0,3,16,1180
1,0,3,17,1159
1,0,3,18,1184
1,0,3,19,1189
1,0,3,20,1174
1,0,3,21,1183
1,0,3,22,1196
1,0,3,23,1177
1,0,3,24,1201
1,0,3,25,1194
1,0,3,26,1188
1,0,3,27,1182
1,0,3,28,1177
1,0,3,29,1178
1,0,3,30,1192
1,0,3,31,1204
1,0,3,32,1222
1,0,3,33,1187
1,0,3,34,1193
1,0,3,35,1196
1,0,3,36,1169
1,0,3,37,1193
1,0,3,38,1180
1,0,3,39,1151
1,0,3,40,1196
1,0,3,41,1187
1,0,3,42,1177
1,0,3,43,1186
1,0,3,44,1187
1,0,3,45,1196
1,0,3,46,1182
1,0,3,47,1217
1,0,3,48,1198
1,0,3,49,1198
1,0,3,50,1173
1,0,3,51,1201
1,0,3,52,1187
1,0,3,53,1168
1,0,3,54,1207
1,0,3,55,1215
1,0,3,56,1201
1,0,3,57,1203
1,0,3,58,1185
1,0,3,59,1199
1,0,3,60,1212
1,0,3,61,1199
1,0,3,62,1183
1,0,3,63,1157
1,0,4,0,1161
1,0,4,1,1183
1,0,4,2,1181
1,0,4,3,1212
1,0,4,4,1172
1,0,4,5,1208
1,0,4,6,1207
1,0,4,7,1190
1,0,4,8,1199
1,0,4,9,1211
1,0,4,10,1203
1,0,4,11,1164
1,0,4,12,1186
1,0,4,13,1205
1,0,4,14,1193
1,0,4,15,1185
1,0,4,16,1198
1,0,4,17,1194
1,0,4,18,1180
1,0,4,19,1184
1,0,4,20,1192
1,0,4,21,1180
1,0,4,22,1171
1,0,4,23,1201
1,0,4,24,1172
1,0,4,25,1196
1,0,4,26,1180
1,0,4,27,1194
1,0,4,28,1182
1,0,4,29,1185
1,0,4,30,1199
1,0,4,31,1197
1,0,4,32,1180
1,0,4,33,1163
1,0,4,34,1180
1,0,4,35,1187
1,0,4,36,1202
1,0,4,37,1200
1,0,4,38,1182
1,0,4,39,1194
1,0,4,40,1203
1,0,4,41,1207
1,0,4,42,1196
1,0,4,43,1198
1,0,4,44,1194
1,0,4,45,1186
1,0,4,46,1191
1,0,4,47,1203
1,0,4,48,1192
1,0,4,49,1181
1,0,4,50,1179
1,0,4,51,1185
1,0,4,52,1196
1,0,4,53,1194
1,0,4,54,1197
1,0,4,55,1205
1,0,4,56,1189
1,0,4,57,1193
1,0,4,58,1204
1,0,4,59,1184
1,0,4,60,1171
1,0,4,61,1179
1,0,4,62,1182
1,0,4,63,1185
1,1,4,0,1151
1,1,4,1,1205
1,1,4,2,1189
1,1,4,3,1194
1,1,4,4,1225
1,1,4,5,1195
1,1,4,6,1171
1,1,4,7,1174
1,1,4,8,1185
1,1,4,9,1186
1,1,4,10,1184
1,1,4,11,1175
1,1,4,12,1194
1,1,4,13,1182
1,1,4,14,1187
1,1,4,15,1191
1,1,4,16,1188
1,1,4,17,1173
1,1,4,18,1175
1,1,4,19,1175
1,1,4,20,1186
1,1,4,21,1172
1,1,4,22,1184
1,1,4,23,1197
1,1,4,24,1192
1,1,4,25,1199
1,1,4,26,1188
1,1,4,27,1189
1,1,4,28,1171
1,1,4,29,1173
1,1,4,30,1177
1,1,4,31,1174
1,1,4,32,1186
1,1,4,33,1195
1,1,4,34,1187
1,1,4,35,1178
1,1,4,36,1194
1,1,4,37,1166
1,1,4,38,1186
1,1,4,39,1197
1,1,4,40,1180
1,1,4,41,1177
1,1,4,42,1177
1,1,4,43,1182
1,1,4,44,1178
1,1,4,45,1189
1,1,4,46,1165
1,1,4,47,1175
1,1,4,48,1168
1,1,4,49,1168
1,1,4,50,1163
1,1,4,51,1184
1,1,4,52,1193
1,1,4,53,1172
1,1,4,54,1164
1,1,4,55,1163
1,1,4,56,1188
1,1,4,57,1177
1,1,4,58,1187
1,1,4,59,1187
1,1,4,60,1186
1,1,4,61,1209
1,1,4,62,1179
1,1,4,63,1197
1,1,5,0,1149
1,1,5,1,1201
1,1,5,2,1168
1,1,5,3,1199
1,1,5,4,1207
1,1,5,5,1183
1,1,5,6,1173
1,1,5,7,1186
1,1,5,8,1198
1,1,5,9,1189
1,1,5,10,1182
1,1,5,11,1175
1,1,5,12,1172
1,1,5,13,1156
1,1,5,14,1175
1,1,5,15,1183
1,1,5,16,1187
1,1,5,17,1170
1,1,5,18,1169
1,1,5,19,1189
1,1,5,20,1160
1,1,5,21,1190
1,1,5,22,1191
1,1,5,23,1193
1,1,5,24,1166
1,1,5,25,1182
1,1,5,26,1194
1,1,5,27,1183
1,1,5,28,1193
1,1,5,29,1182
1,1,5,30,1191
1,1,5,31,1188
1,1,5,32,1188
1,1,5,33,1184
1,1,5,34,1200
1,1,5,35,1189
1,1,5,36,1168
1,1,5,37,1197
1,1,5,38,1189
1,1,5,39,1175
1,1,5,40,1165
1,1,5,41,1167
1,1,5,42,1168
1,1,5,43,1157
1,1,5,44,1156
1,1,5,45,1166
1,1,5,46,1184
1,1,5,47,1187
1,1,5,48,1191
1,1,5,49,1187
1,1,5,50,1194
1,1,5,51,1190
1,1,5,52,1195
1,1,5,53,1190
1,1,5,54,1180
1,1,5,55,1168
1,1,5,56,1196
1,1,5,57,1197
1,1,5,58,1205
1,1,5,59,1207
1,1,5,60,1189
1,1,5,61,1188
1,1,5,62,1188
1,1,5,63,1180
1,0,5,0,1186
1,0,5,1,1211
1,0,5,2,1203
1,0,5,3,1214
1,0,5,4,1194
1,0,5,5,1213
1,0,5,6,1185
1,0,5,7,1172
1,0,5,8,1169
1,0,5,9,1210
1,0,5,10,1187
1,0,5,11,1204
1,0,5,12,1192
1,0,5,13,1196
1,0,5,14,1174
1,0,5,15,1180
1,0,5,16,1176
1,0,5,17,1168
1,0,5,18,1154
1,0,5,19,1185
1,0,5,20,1184
1,0,5,21,1183
1,0,5,22,1192
1,0,5,23,1203
1,0,5,24,1203
1,0,5,25,1174
1,0,5,26,1191
1,0,5,27,1192
1,0,5,28,1184
1,0,5,29,1198
1,0,5,30,1182
1,0,5,31,1186
1,0,5,32,1207
1,0,5,33,1198
1,0,5,34,1177
1,0,5,35,1203
1,0,5,36,1196
1,0,5,37,1199
1,0,5,38,1207
1,0,5,39,1188
1,0,5,40,1191
1,0,5,41,1168
1,0,5,42,1198
1,0,5,43,1191
1,0,5,44,1193
1,0,5,45,1161
1,0,5,46,1201
1,0,5,47,1186
1,0,5,48,1214
1,0,5,49,1168
1,0,5,50,1188
1,0,5,51,1198
1,0,5,52,1177
1,0,5,53,1199
1,0,5,54,1169
1,0,5,55,1186
1,0,5,56,1175
1,0,5,57,1188
1,0,5,58,1173
1,0,5,59,1189
1,0,5,60,1195
1,0,5,61,1179
1,0,5,62,1179
1,0,5,63,1189
1,0,6,0,1183
1,0,6,1,1177
1,0,6,2,1163
1,0,6,3,1188
1,0,6,4,1183
1,0,6,5,1185
1,0,6,6,1197
1,0,6,7,1208
1,0,6,8,1203
1,0,6,9,1214
1,0,6,10,1186
1,0,6,11,1183
1,0,6,12,1184
1,0,6,13,1192
1,0,6,14,1191
1,0,6,15,1190
1,0,6,16,1211
1,0,6,17,1188
1,0,6,18,1195
1,0,6,19,1196
1,0,6,20,1195
1,0,6,21,1189
1,0,6,22,1184
1,0,6,23,1167
1,0,6,24,1190
1,0,6,25,1177
1,0,6,26,1215
1,0,6,27,1209
1,0,6,28,1190
1,0,6,29,1195
1,0,6,30,1170
1,0,6,31,1196
1,0,6,32,1204
1,0,6,33,1187
1,0,6,34,1177
1,0,6,35,1174
1,0,6,36,1187
1,0,6,37,1166
1,0,6,38,1192
1,0,6,39,1176
1,0,6,40,1226
1,0,6,41,1200
1,0,6,42,1186
1,0,6,43,1218
1,0,6,44,1181
1,0,6,45,1213
1,0,6,46,1182
1,0,6,47,1210
1,0,6,48,1195
1,0,6,49,1187
1,0,6,50,1213
1,0,6,51,1183
1,0,6,52,1200
1,0,6,53,1192
1,0,6,54,1163
1,0,6,55,1206
1,0,6,56,1192
1,0,6,57,1199
1,0,6,58,1205
1,0,6,59,1196
1,0,6,60,1213
1,0,6,61,1189
1,0,6,62,1198
1,0,6,63,1188
1,1,6,0,1180
1,1,6,1,1181
1,1,6,2,1208
1,1,6,3,1216
1,1,6,4,1211
1,1,6,5,1172
1,1,6,6,1179
1,1,6,7,1197
1,1,6,8,1163
1,1,6,9,1164
1,1,6,10,1182
1,1,6,11,1174
1,1,6,12,1184
1,1,6,13,1198
1,1,6,14,1176
1,1,6,15,1199
1,1,6,16,1166
1,1,6,17,1185
1,1,6,18,1181
1,1,6,19,1185
1,1,6,20,1190
1,1,6,21,1202
1,1,6,22,1174
1,1,6,23,1180
1,1,6,24,1189
1,1,6,25,1172
1,1,6,26,1197
1,1,6,27,1186
1,1,6,28,1191
1,1,6,29,1173
1,1,6,30,1168
1,1,6,31,1591
1,1,6,32,1185
1,1,6,33,1185
1,1,6,34,1186
1,1,6,35,1182
1,1,6,36,1158
1,1,6,37,1190
1,1,6,38,1195
1,1,6,39,1156
1,1,6,40,1171
1,1,6,41,1193
1,1,6,42,1186
1,1,6,43,1182
1,1,6,44,1200
1,1,6,45,1190
1,1,6,46,1162
1,1,6,47,1178
1,1,6,48,1163
1,1,6,49,1200
1,1,6,50,1195
1,1,6,51,1177
1,1,6,52,1164
1,1,6,53,1177
1,1,6,54,1202
1,1,6,55,1172
1,1,6,56,1187
1,1,6,57,1218
1,1,6,58,1171
1,1,6,59,1178
1,1,6,60,1201
1,1,6,61,1189
1,1,6,62,1166
1,1,6,63,1183
1,1,7,0,1180
1,1,7,1,1171
1,1,7,2,1193
1,1,7,3,1154
1,1,7,4,1193
1,1,7,5,1178
1,1,7,6,1175
1,1,7,7,1179
1,1,7,8,1174
1,1,7,9,1180
1,1,7,10,1164
1,1,7,11,1188
1,1,7,12,1191
1,1,7,13,1182
1,1,7,14,1199
1,1,7,15,1194
1,1,7,16,1200
1,1,7,17,1181
1,1,7,18,1172
1,1,7,19,1171
1,1,7,20,1160
1,1,7,21,1178
1,1,7,22,1170
1,1,7,23,1193
1,1,7,24,1173
1,1,7,25,1208
1,1,7,26,1176
1,1,7,27,1171
1,1,7,28,1172
1,1,7,29,1170
1,1,7,30,1176
1,1,7,31,1179
1,1,7,32,1178
1,1,7,33,1186
1,1,7,34,1167
1,1,7,35,1168
1,1,7,36,1170
1,1,7,37,1162
1,1,7,38,1173
1,1,7,39,1191
1,1,7,40,1187
1,1,7,41,1185
1,1,7,42,1194
1,1,7,43,1174
1,1,7,44,1180
1,1,7,45,1191
1,1,7,46,1187
1,1,7,47,1157
1,1,7,48,1178
1,1,7,49,1171
1,1,7,50,1188
1,1,7,51,1175
1,1,7,52,1181
1,1,7,53,1181
1,1,7,54,1187
1,1,7,55,1188
1,1,7,56,1202
1,1,7,57,1184
1,1,7,58,1195
1,1,7,59,1169
1,1,7,60,1179
1,1,7,61,1173
1,1,7,62,1176
1,1,7,63,1200
1,0,7,0,1214
1,0,7,1,1202
1,0,7,2,1220
1,0,7,3,1226
1,0,7,4,1211
1,0,7,5,1184
1,0,7,6,1171
1,0,7,7,1218
1,0,7,8,1205
1,0,7,9,1198
1,0,7,10,1199
1,0,7,11,1188
1,0,7,12,1181
1,0,7,13,1197
1,0,7,14,1188
1,0,7,15,1206
1,0,7,16,1180
1,0,7,17,1207
1,0,7,18,1177
1,0,7,19,1187
1,0,7,20,1178
1,0,7,21,1191
1,0,7,22,1195
1,0,7,23,1192
1,0,7,24,1182
1,0,7,25,1194
1,0,7,26,1202
1,0,7,27,1193
1,0,7,28,1214
1,0,7,29,1222
1,0,7,30,1194
1,0,7,31,1205
1,0,7,32,1200
1,0,7,33,1217
1,0,7,34,1189
1,0,7,35,1178
1,0,7,36,1197
1,0,7,37,1192
1,0,7,38,1189
1,0,7,39,1196
1,0,7,40,1192
1,0,7,41,1204
1,0,7,42,1193
1,0,7,43,1177
1,0,7,44,1209
1,0,7,45,1182
1,0,7,46,1181
1,0,7,47,1181
1,0,7,48,1183
1,0,7,49,1200
1,0,7,50,1196
1,0,7,51,1199
1,0,7,52,1180
1,0,7,53,1184
1,0,7,54,1219
1,0,7,55,1182
1,0,7,56,1184
1,0,7,57,1207
1,0,7,58,1200
1,0,7,59,1206
1,0,7,60,1217
1,0,7,61,1200
1,0,7,62,1187
1,0,7,63,1188
2,0,0,0,19350
2,0,0,1,19427
2,0,0,2,19568
2,0,0,3,19269
2,0,0,4,19321
2,0,0,5,19649
2,0,0,6,19233
2,0,0,7,19453
2,0,0,8,19589
2,0,0,9,19378
2,0,0,10,19767
2,0,0,11,19369
2,0,0,12,19622
2,0,0,13,19546
2,0,0,14,19344
2,0,0,15,19665
2,0,0,16,19610
2,0,0,17,19721
2,0,0,18,30432
2,0,0,19,19615
2,0,0,20,19647
2,0,0,21,19598
2,0,0,22,19623
2,0,0,23,19255
2,0,0,24,19362
2,0,0,25,19607
2,0,0,26,19621
2,0,0,27,19686
2,0,0,28,19561
2,0,0,29,19378
2,0,0,30,19283
2,0,0,31,19564
2,0,0,32,19614
2,0,0,33,19616
2,0,0,34,19325
2,0,0,35,19347
2,0,0,36,19434
2,0,0,37,19365
2,0,0,38,19389
2,0,0,39,19348
2,0,0,40,19609
2,0,0,41,19394
2,0,0,42,19537
2,0,0,43,19585
2,0,0,44,19481
2,0,0,45,19765
2,0,0,46,19682
2,0,0,47,19673
2,0,0,48,19535
2,0,0,49,19348
2,0,0,50,19541
2,0,0,51,19622
2,0,0,52,19624
2,0,0,53,19512
2,0,0,54,19398
2,0,0,55,19439
2,0,0,56,20068
2,0,0,57,19700
2,0,0,58,19394
2,0,0,59,19476
2,0,0,60,19473
2,0,0,61,19336
2,0,0,62,19596
2,0,0,63,19705
2,1,0,0,19471
2,1,0,1,19567
2,1,0,2,19614
2,1,0,3,19382
2,1,0,4,19677
2,1,0,5,19248
2,1,0,6,19359
2,1,0,7,19636
2,1,0,8,19681
2,1,0,9,19487
2,1,0,10,19641
2,1,0,11,19306
2,1,0,12,19542
2,1,0,13,19401
2,1,0,14,19726
2,1,0,15,19487
2,1,0,16,19414
2,1,0,17,19492
2,1,0,18,19580
2,1,0,19,19591
2,1,0,20,19281
2,1,0,21,19491
2,1,0,22,19408
2,1,0,23,19336
2,1,0,24,19348
2,1,0,25,19307
2,1,0,26,19338
2,1,0,27,19465
2,1,0,28,19514
2,1,0,29,19592
2,1,0,30,19336
2,1,0,31,19347
2,1,0,32,19477
2,1,0,33,19515
2,1,0,34,19304
2,1,0,35,19375
2,1,0,36,19696
2,1,0,37,19359
2,1,0,38,19268
2,1,0,39,19252
2,1,0,40,19318
2,1,0,41,19527
2,1,0,42,19509
2,1,0,43,19434
2,1,0,44,19408
2,1,0,45,19309
2,1,0,46,19330
2,1,0,47,19412
2,1,0,48,19279
2,1,0,49,19301
2,1,0,50,19617
2,1,0,51,19539
2,1,0,52,19327
2,1,0,53,19467
2,1,0,54,19553
2,1,0,55,19634
2,1,0,56,19696
2,1,0,57,19606
2,1,0,58,19388
2,1,0,59,19798
2,1,0,60,19600
2,1,0,61,19414
2,1,0,62,19372
2,1,0,63,19669
2,1,1,0,19262
2,1,1,1,19275
2,1,1,2,19239
2,1,1,3,19654
2,1,1,4,19198
2,1,1,5,19567
2,1,1,6,19298
2,1,1,7,19294
2,1,1,8,19580
2,1,1,9,19595
2,1,1,10,19286
2,1,1,11,19698
2,1,1,12,19668
2,1,1,13,20133
2,1,1,14,19466
2,1,1,15,19151
2,1,1,16,19486
2,1,1,17,19685
2,1,1,18,19260
2,1,1,19,19533
2,1,1,20,19284
2,1,1,21,19691
2,1,1,22,19242
2,1,1,23,19626
2,1,1,24,19574
2,1,1,25,19729
2,1,1,26,19288
2,1,1,27,19688
2,1,1,28,19651
2,1,1,29,19579
2,1,1,30,19577
2,1,1,31,19377
2,1,1,32,19294
2,1,1,33,19334
2,1,1,34,19306
2,1,1,35,19301
2,1,1,36,19366
2,1,1,37,19353
2,1,1,38,19300
2,1,1,39,19514
2,1,1,40,19396
2,1,1,41,19645
2,1,1,42,19308
2,1,1,43,19616
2,1,1,44,19462
2,1,1,45,19634
2,1,1,46,19699
2,1,1,47,19610
2,1,1,48,19252
2,1,1,49,19535
2,1,1,50,19364
2,1,1,51,19542
2,1,1,52,19575
2,1,1,53,19515
2,1,1,54,19597
2,1,1,55,19695
2,1,1,56,19620
2,1,1,57,19357
2,1,1,58,19483
2,1,1,59,19358
2,1,1,60,19204
2,1,1,61,19292
2,1,1,62,19410
2,1,1,63,19319
2,0,1,0,19226
2,0,1,1,19684
2,0,1,2,19532
2,0,1,3,19275
2,0,1,4,19681
2,0,1,5,19583
2,0,1,6,19269
2,0,1,7,19423
2,0,1,8,19366
2,0,1,9,19600
2,0,1,10,19572
2,0,1,11,19571
2,0,1,12,19274
2,0,1,13,19610
2,0,1,14,19216
2,0,1,15,19352
2,0,1,16,19606
2,0,1,17,19533
2,0,1,18,19530
2,0,1,19,19713
2,0,1,20,19377
2,0,1,21,19696
2,0,1,22,19574
2,0,1,23,19737
2,0,1,24,19359
2,0,1,25,19420
2,0,1,26,19623
2,0,1,27,19592
2,0,1,28,19561
2,0,1,29,19371
2,0,1,30,19565
2,0,1,31,19448
2,0,1,32,19381
2,0,1,33,19415
2,0,1,34,19519
2,0,1,35,19412
2,0,1,36,19536
2,0,1,37,20527
2,0,1,38,19404
2,0,1,39,19670
2,0,1,40,19597
2,0,1,41,19405
2,0,1,42,19504
2,0,1,43,19980
2,0,1,44,19789
2,0,1,45,19721
2,0,1,46,19458
2,0,1,47,19602
2,0,1,48,19549
2,0,1,49,19555
2,0,1,50,19447
2,0,1,51,19888
2,0,1,52,19267
2,0,1,53,19419
2,0,1,54,19284
2,0,1,55,19493
2,0,1,56,19551
2,0,1,57,19560
2,0,1,58,19255
2,0,1,59,19464
2,0,1,60,19549
2,0,1,61,19610
2,0,1,62,19409
2,0,1,63,19451
2,0,2,0,19646
2,0,2,1,19583
2,0,2,2,19538
2,0,2,3,19509
2,0,2,4,19415
2,0,2,5,19242
2,0,2,6,19412
2,0,2,7,19566
2,0,2,8,19294
2,0,2,9,19402
2,0,2,10,19490
2,0,2,11,19297
2,0,2,12,19443
2,0,2,13,19281
2,0,2,14,19242
2,0,2,15,19322
2,0,2,16,19262
2,0,2,17,19586
2,0,2,18,19673
2,0,2,19,19541
2,0,2,20,19382
2,0,2,21,19580
2,0,2,22,19573
2,0,2,23,19419
2,0,2,24,19330
2,0,2,25,19495
2,0,2,26,19704
2,0,2,27,19229
2,0,2,28,19579
2,0,2,29,19349
2,0,2,30,19260
2,0,2,31,19698
2,0,2,32,19716
2,0,2,33,19545
2,0,2,34,19463
2,0,2,35,19412
2,0,2,36,19445
2,0,2,37,19624
2,0,2,38,19284
2,0,2,39,19626
2,0,2,40,19832
2,0,2,41,19482
2,0,2,42,19702
2,0,2,43,19698
2,0,2,44,19694
2,0,2,45,19433
2,0,2,46,19337
2,0,2,47,19630
2,0,2,48,19265
2,0,2,49,19715
2,0,2,50,19609
2,0,2,51,19722
2,0,2,52,19596
2,0,2,53,19614
2,0,2,54,19603
2,0,2,55,19282
2,0,2,56,19440
2,0,2,57,19288
2,0,2,58,19574
2,0,2,59,19593
2,0,2,60,19676
2,0,2,61,19565
2,0,2,62,19727
2,0,2,63,19308
2,1,2,0,19361
2,1,2,1,19408
2,1,2,2,19519
2,1,2,3,19303
2,1,2,4,19610
2,1,2,5,19573
2,1,2,6,19559
2,1,2,7,19614
2,1,2,8,19345
2,1,2,9,19747
2,1,2,10,19356
2,1,2,11,19690
2,1,2,12,19348
2,1,2,13,19531
2,1,2,14,19450
2,1,2,15,19447
2,1,2,16,19237
2,1,2,17,19666
2,1,2,18,19787
2,1,2,19,19342
2,1,2,20,19426
2,1,2,21,19249
2,1,2,22,19271
2,1,2,23,19510
2,1,2,24,19629
2,1,2,25,19669
2,1,2,26,19661
2,1,2,27,19287
2,1,2,28,19546
2,1,2,29,19267
2,1,2,30,19530
2,1,2,31,19464
2,1,2,32,19330
2,1,2,33,19618
2,1,2,34,19395
2,1,2,35,19380
2,1,2,36,19686
2,1,2,37,19268
2,1,2,38,19500
2,1,2,39,19270
2,1,2,40,19786
2,1,2,41,19506
2,1,2,42,19690
2,1,2,43,19387
2,1,2,44,19172
2,1,2,45,19309
2,1,2,46,19336
2,1,2,47,19298
2,1,2,48,19366
2,1,2,49,19364
2,1,2,50,19400
2,1,2,51,19661
2,1,2,52,19365
2,1,2,53,19335
2,1,2,54,19377
2,1,2,55,19433
2,1,2,56,19416
2,1,2,57,19302
2,1,2,58,19619
2,1,2,59,19330
2,1,2,60,19275
2,1,2,61,19304
2,1,2,62,19568
2,1,2,63,19479
2,1,3,0,19634
2,1,3,1,19396
2,1,3,2,19419
2,1,3,3,19394
2,1,3,4,19386
2,1,3,5,19335
2,1,3,6,19241
2,1,3,7,19188
2,1,3,8,19603
2,1,3,9,19611
2,1,3,10,19440
2,1,3,11,19739
2,1,3,12,19189
2,1,3,13,19383
2,1,3,14,19643
2,1,3,15,19281
2,1,3,16,19274
2,1,3,17,19895
2,1,3,18,19438
2,1,3,19,19307
2,1,3,20,19444
2,1,3,21,19580
2,1,3,22,19304
2,1,3,23,19526
2,1,3,24,19555
2,1,3,25,19249
2,1,3,26,19416
2,1,3,27,19269
2,1,3,28,19416
2,1,3,29,19340
2,1,3,30,19735
2,1,3,31,19615
2,1,3,32,19577
2,1,3,33,19609
2,1,3,34,19658
2,1,3,35,19722
2,1,3,36,19349
2,1,3,37,19521
2,1,3,38,19488
2,1,3,39,19397
2,1,3,40,19354
2,1,3,41,19201
2,1,3,42,19415
2,1,3,43,19304
2,1,3,44,19374
2,1,3,45,19325
2,1,3,46,19272
2,1,3,47,19512
2,1,3,48,19620
2,1,3,49,19571
2,1,3,50,19417
2,1,3,51,19407
2,1,3,52,19556
2,1,3,53,19604
2,1,3,54,19436
2,1,3,55,19352
2,1,3,56,19668
2,1,3,57,19556
2,1,3,58,19286
2,1,3,59,19311
2,1,3,60,19694
2,1,3,61,19378
2,1,3,62,19435
2,1,3,63,19226
2,0,3,0,19366
2,0,3,1,19327
2,0,3,2,19453
2,0,3,3,19273
2,0,3,4,19356
2,0,3,5,19413
2,0,3,6,19614
2,0,3,7,19576
2,0,3,8,19315
2,0,3,9,19704
2,0,3,10,19407
2,0,3,11,19726
2,0,3,12,19385
2,0,3,13,19414
2,0,3,14,19341
2,0,3,15,19247
2,0,3,16,19316
2,0,3,17,19471
2,0,3,18,19454
2,0,3,19,19397
2,0,3,20,19441
2,0,3,21,19405
2,0,3,22,19479
2,0,3,23,19384
2,0,3,24,19275
2,0,3,25,19710
2,0,3,26,19558
2,0,3,27,19425
2,0,3,28,19279
2,0,3,29,19564
2,0,3,30,19360
2,0,3,31,19674
2,0,3,32,19395
2,0,3,33,19537
2,0,3,34,19488
2,0,3,35,19386
2,0,3,36,19388
2,0,3,37,19619
2,0,3,38,19306
2,0,3,39,19646
2,0,3,40,19682
2,0,3,41,19997
2,0,3,42,19427
2,0,3,43,19628
2,0,3,44,19267
2,0,3,45,19605
2,0,3,46,19744
2,0,3,47,19214
2,0,3,48,19378
2,0,3,49,19589
2,0,3,50,19591
2,0,3,51,19608
2,0,3,52,19422
2,0,3,53,19343
2,0,3,54,19338
2,0,3,55,19336
2,0,3,56,19575
2,0,3,57,19563
2,0,3,58,19627
2,0,3,59,19314
2,0,3,60,19388
2,0,3,61,19461
2,0,3,62,19582
2,0,3,63,19669
2,0,4,0,19256
2,0,4,1,19499
2,0,4,2,19725
2,0,4,3,19666
2,0,4,4,19455
2,0,4,5,19447
2,0,4,6,19493
2,0,4,7,19643
2,0,4,8,19352
2,0,4,9,19667
2,0,4,10,19228
2,0,4,11,19627
2,0,4,12,19320
2,0,4,13,19469
2,0,4,14,19628
2,0,4,15,19443
2,0,4,16,19397
2,0,4,17,19620
2,0,4,18,19580
2,0,4,19,19451
2,0,4,20,19567
2,0,4,21,19515
2,0,4,22,19223
2,0,4,23,19538
2,0,4,24,19618
2,0,4,25,19399
2,0,4,26,19592
2,0,4,27,19735
2,0,4,28,19563
2,0,4,29,19565
2,0,4,30,19433
2,0,4,31,19682
2,0,4,32,19633
2,0,4,33,19442
2,0,4,34,19319
2,0,4,35,19330
2,0,4,36,19507
2,0,4,37,19268
2,0,4,38,19426
2,0,4,39,19436
2,0,4,40,19428
2,0,4,41,19599
2,0,4,42,19447
2,0,4,43,19567
2,0,4,44,19421
2,0,4,45,19255
2,0,4,46,19629
2,0,4,47,19294
2,0,4,48,19348
2,0,4,49,19331
2,0,4,50,19402
2,0,4,51,19639
2,0,4,52,19368
2,0,4,53,19553
2,0,4,54,19464
2,0,4,55,19687
2,0,4,56,19418
2,0,4,57,19464
2,0,4,58,19321
2,0,4,59,19436
2,0,4,60,19372
2,0,4,61,19433
2,0,4,62,19601
2,0,4,63,19375
2,1,4,0,19374
2,1,4,1,19530
2,1,4,2,19424
2,1,4,3,19317
2,1,4,4,19646
2,1,4,5,19855
2,1,4,6,19507
2,1,4,7,19369
2,1,4,8,19659
2,1,4,9,19425
2,1,4,10,19447
2,1,4,11,19429
2,1,4,12,19527
2,1,4,13,19526
2,1,4,14,19272
2,1,4,15,19654
2,1,4,16,19622
2,1,4,17,19268
2,1,4,18,19262
2,1,4,19,19407
2,1,4,20,19427
2,1,4,21,19652
2,1,4,22,19282
2,1,4,23,19597
2,1,4,24,19591
2,1,4,25,19443
2,1,4,26,19644
2,1,4,27,19579
2,1,4,28,19311
2,1,4,29,19577
2,1,4,30,19221
2,1,4,31,19678
2,1,4,32,19366
2,1,4,33,19465
2,1,4,34,19306
2,1,4,35,19413
2,1,4,36,19267
2,1,4,37,19312
2,1,4,38,19455
2,1,4,39,19365
2,1,4,40,19335
2,1,4,41,19525
2,1,4,42,19232
2,1,4,43,19592
2,1,4,44,19308
2,1,4,45,19460
2,1,4,46,19275
2,1,4,47,19423
2,1,4,48,19586
2,1,4,49,19327
2,1,4,50,19536
2,1,4,51,19404
2,1,4,52,19393
2,1,4,53,19569
2,1,4,54,19260
2,1,4,55,19427
2,1,4,56,19275
2,1,4,57,19337
2,1,4,58,19323
2,1,4,59,19657
2,1,4,60,19496
2,1,4,61,19448
2,1,4,62,19321
2,1,4,63,19252
2,1,5,0,19609
2,1,5,1,19319
2,1,5,2,19454
2,1,5,3,19349
2,1,5,4,19180
2,1,5,5,19325
2,1,5,6,19384
2,1,5,7,19491
2,1,5,8,19344
2,1,5,9,19380
2,1,5,10,19223
2,1,5,11,19526
2,1,5,12,19361
2,1,5,13,19460
2,1,5,14,19307
2,1,5,15,19366
2,1,5,16,19126
2,1,5,17,19681
2,1,5,18,19505
2,1,5,19,19311
2,1,5,20,19540
2,1,5,21,19319
2,1,5,22,20022
2,1,5,23,19641
2,1,5,24,19254
2,1,5,25,19340
2,1,5,26,19414
2,1,5,27,19632
2,1,5,28,19578
2,1,5,29,19251
2,1,5,30,19799
2,1,5,31,19718
2,1,5,32,19485
2,1,5,33,19437
2,1,5,34,19381
2,1,5,35,19427
2,1,5,36,19627
2,1,5,37,19273
2,1,5,38,19406
2,1,5,39,19393
2,1,5,40,19309
2,1,5,41,19610
2,1,5,42,19524
2,1,5,43,19235
2,1,5,44,19342
2,1,5,45,19466
2,1,5,46,19528
2,1,5,47,19468
2,1,5,48,19643
2,1,5,49,19192
2,1,5,50,19227
2,1,5,51,19311
2,1,5,52,19324
2,1,5,53,19557
2,1,5,54,19317
2,1,5,55,19617
2,1,5,56,19375
2,1,5,57,19342
2,1,5,58,19727
2,1,5,59,19361
2,1,5,60,19284
2,1,5,61,19669
2,1,5,62,19280
2,1,5,63,19553
2,0,5,0,19435
2,0,5,1,19466
2,0,5,2,19448
2,0,5,3,19402
2,0,5,4,19686
2,0,5,5,19790
2,0,5,6,19602
2,0,5,7,19258
2,0,5,8,19344
2,0,5,9,19696
2,0,5,10,19232
2,0,5,11,19634
2,0,5,12,19333
2,0,5,13,19322
2,0,5,14,19519
2,0,5,15,19223
2,0,5,16,19758
2,0,5,17,19391
2,0,5,18,19651
2,0,5,19,19228
2,0,5,20,19583
2,0,5,21,19404
2,0,5,22,19749
2,0,5,23,19222
2,0,5,24,19269
2,0,5,25,19505
2,0,5,26,19435
2,0,5,27,19422
2,0,5,28,19418
2,0,5,29,30340
2,0,5,30,19485
2,0,5,31,19369
2,0,5,32,19429
2,0,5,33,19390
2,0,5,34,19332
2,0,5,35,19354
2,0,5,36,19793
2,0,5,37,19548
2,0,5,38,19668
2,0,5,39,19314
2,0,5,40,19522
2,0,5,41,19294
2,0,5,42,19461
2,0,5,43,19355
2,0,5,44,19237
2,0,5,45,19288
2,0,5,46,20117
2,0,5,47,19608
2,0,5,48,19550
2,0,5,49,19348
2,0,5,50,19407
2,0,5,51,19285
2,0,5,52,19329
2,0,5,53,19303
2,0,5,54,19755
2,0,5,55,19574
2,0,5,56,19329
2,0,5,57,19566
2,0,5,58,19241
2,0,5,59,19504
2,0,5,60,19341
2,0,5,61,19378
2,0,5,62,19263
2,0,5,63,19717
2,0,6,0,19478
2,0,6,1,19619
2,0,6,2,19663
2,0,6,3,19480
2,0,6,4,19462
2,0,6,5,19568
2,0,6,6,19553
2,0,6,7,19424
2,0,6,8,19459
2,0,6,9,19488
2,0,6,10,19359
2,0,6,11,19386
2,0,6,12,19567
2,0,6,13,19603
2,0,6,14,19313
2,0,6,15,19602
2,0,6,16,19605
2,0,6,17,19570
2,0,6,18,19362
2,0,6,19,19710
2,0,6,20,19433
2,0,6,21,19281
2,0,6,22,19417
2,0,6,23,19685
2,0,6,24,19464
2,0,6,25,19359
2,0,6,26,19443
2,0,6,27,19585
2,0,6,28,19549
2,0,6,29,19458
2,0,6,30,19329
2,0,6,31,19537
2,0,6,32,19470
2,0,6,33,19306
2,0,6,34,19312
2,0,6,35,19550
2,0,6,36,19405
2,0,6,37,19545
2,0,6,38,19583
2,0,6,39,19257
2,0,6,40,19607
2,0,6,41,19225
2,0,6,42,19522
2,0,6,43,19321
2,0,6,44,19360
2,0,6,45,19587
2,0,6,46,19350
2,0,6,47,19333
2,0,6,48,19550
2,0,6,49,19537
2,0,6,50,19657
2,0,6,51,19636
2,0,6,52,19446
2,0,6,53,19378
2,0,6,54,19300
2,0,6,55,19298
2,0,6,56,30601
2,0,6,57,19422
2,0,6,58,19676
2,0,6,59,19650
2,0,6,60,19639
2,0,6,61,19684
2,0,6,62,19312
2,0,6,63,19437
2,1,6,0,19338
2,1,6,1,19334
2,1,6,2,20087
2,1,6,3,19432
2,1,6,4,19417
2,1,6,5,19367
2,1,6,6,19344
2,1,6,7,19326
2,1,6,8,19518
2,1,6,9,19243
2,1,6,10,19789
2,1,6,11,19363
2,1,6,12,19253
2,1,6,13,19608
2,1,6,14,19513
2,1,6,15,19316
2,1,6,16,19578
2,1,6,17,19346
2,1,6,18,19477
2,1,6,19,19467
2,1,6,20,19588
2,1,6,21,19578
2,1,6,22,19251
2,1,6,23,19327
2,1,6,24,19435
2,1,6,25,19466
2,1,6,26,19415
2,1,6,27,19245
2,1,6,28,19608
2,1,6,29,19291
2,1,6,30,19625
2,1,6,31,19605
2,1,6,32,19337
2,1,6,33,19359
2,1,6,34,19322
2,1,6,35,19688
2,1,6,36,19476
2,1,6,37,19365
2,1,6,38,19745
2,1,6,39,19257
2,1,6,40,19479
2,1,6,41,19252
2,1,6,42,19401
2,1,6,43,19604
2,1,6,44,19598
2,1,6,45,19331
2,1,6,46,19454
2,1,6,47,19359
2,1,6,48,19584
2,1,6,49,19372
2,1,6,50,19405
2,1,6,51,19585
2,1,6,52,19683
2,1,6,53,19544
2,1,6,54,19614
2,1,6,55,19713
2,1,6,56,19557
2,1,6,57,19595
2,1,6,58,19661
2,1,6,59,19561
2,1,6,60,19338
2,1,6,61,19606
2,1,6,62,19311
2,1,6,63,19625
2,1,7,0,19330
2,1,7,1,19416
2,1,7,2,19606
2,1,7,3,19357
2,1,7,4,19374
2,1,7,5,19462
2,1,7,6,19449
2,1,7,7,19599
2,1,7,8,19517
2,1,7,9,19619
2,1,7,10,19617
2,1,7,11,19489
2,1,7,12,19738
2,1,7,13,19604
2,1,7,14,19660
2,1,7,15,19527
2,1,7,16,19573
2,1,7,17,19564
2,1,7,18,19500
2,1,7,19,19709
2,1,7,20,19519
2,1,7,21,19250
2,1,7,22,19429
2,1,7,23,19374
2,1,7,24,19417
2,1,7,25,19665
2,1,7,26,19883
2,1,7,27,19372
2,1,7,28,19405
2,1,7,29,19423
2,1,7,30,19367
2,1,7,31,19337
2,1,7,32,19220
2,1,7,33,19345
2,1,7,34,19399
2,1,7,35,19443
2,1,7,36,19186
2,1,7,37,19214
2,1,7,38,19306
2,1,7,39,19486
2,1,7,40,19375
2,1,7,41,19334
2,1,7,42,19401
2,1,7,43,19374
2,1,7,44,19257
2,1,7,45,19437
2,1,7,46,19357
2,1,7,47,19262
2,1,7,48,19294
2,1,7,49,19543
2,1,7,50,19597
2,1,7,51,19758
2,1,7,52,19265
2,1,7,53,19266
2,1,7,54,19315
2,1,7,55,19595
2,1,7,56,19609
2,1,7,57,19542
2,1,7,58,19484
2,1,7,59,19646
2,1,7,60,19490
2,1,7,61,19396
2,1,7,62,19719
2,1,7,63,19308
2,0,7,0,19507
2,0,7,1,19448
2,0,7,2,19585
2,0,7,3,19357
2,0,7,4,19829
2,0,7,5,19592
2,0,7,6,19276
2,0,7,7,19296
2,0,7,8,19462
2,0,7,9,19608
2,0,7,10,19431
2,0,7,11,19422
2,0,7,12,19555
2,0,7,13,19295
2,0,7,14,19271
2,0,7,15,19280
2,0,7,16,19334
2,0,7,17,19302
2,0,7,18,19395
2,0,7,19,19476
2,0,7,20,19681
2,0,7,21,19590
2,0,7,22,19588
2,0,7,23,19343
2,0,7,24,19368
2,0,7,25,19511
2,0,7,26,19370
2,0,7,27,19517
2,0,7,28,19659
2,0,7,29,19298
2,0,7,30,19491
2,0,7,31,19691
2,0,7,32,19318
2,0,7,33,19219
2,0,7,34,19365
2,0,7,35,19472
2,0,7,36,19313
2,0,7,37,19350
2,0,7,38,19641
2,0,7,39,19335
2,0,7,40,19447
2,0,7,41,19390
2,0,7,42,30148
2,0,7,43,19329
2,0,7,44,19578
2,0,7,45,19497
2,0,7,46,19340
2,0,7,47,19376
2,0,7,48,19389
2,0,7,49,19319
2,0,7,50,20039
2,0,7,51,19571
2,0,7,52,19453
2,0,7,53,19649
2,0,7,54,19266
2,0,7,55,19718
2,0,7,56,19555
2,0,7,57,19698
2,0,7,58,19508
2,0,7,59,19336
2,0,7,60,19234
2,0,7,61,19539
2,0,7,62,19396
2,0,7,63,19340
