cpucycles tracesetup 0 amd64-perfpmcff precision 0 scaling 0.000000 only32 0
cpucycles tracesetup 1 amd64-perfpmc precision 0 scaling 0.000000 only32 0
cpucycles tracesetup 2 amd64-pmcff precision 0 scaling 0.000000 only32 0
cpucycles tracesetup 3 amd64-tsc precision 1016 scaling 0.467415 only32 0
cpucycles tracesetup 4 amd64-tscasm precision 1026 scaling 0.467415 only32 0
cpucycles tracesetup 5 default-perfevent precision 204 scaling 1.000000 only32 0
cpucycles tracesetup 6 default-mach precision 0 scaling 0.000000 only32 0
cpucycles tracesetup 7 default-monotonic precision 1075 scaling 1.400000 only32 0
cpucycles tracesetup 8 default-gettimeofday precision 2440 scaling 1400.000000 only32 0
cpucycles tracesetup 9 default-zero precision 0 scaling 0.000000 only32 0
region,variant,block,observation,cycles
0,0,0,0,1030
0,0,0,1,972
0,0,0,2,982
0,0,0,3,1001
0,0,0,4,1006
0,0,0,5,974
0,0,0,6,997
0,0,0,7,991
0,0,0,8,1010
0,0,0,9,1002
0,0,0,10,987
0,0,0,11,992
0,0,0,12,985
0,0,0,13,983
0,0,0,14,995
0,0,0,15,992
0,0,0,16,993
0,0,0,17,996
0,0,0,18,999
0,0,0,19,999
0,0,0,20,1005
0,0,0,21,990
0,0,0,22,984
0,0,0,23,990
0,0,0,24,995
0,0,0,25,1000
0,0,0,26,993
0,0,0,27,997
0,0,0,28,992
0,0,0,29,1000
0,0,0,30,999
0,0,0,31,996
0,0,0,32,976
0,0,0,33,997
0,0,0,34,990
0,0,0,35,1008
0,0,0,36,990
0,0,0,37,995
0,0,0,38,1001
0,0,0,39,984
0,0,0,40,981
0,0,0,41,991
0,0,0,42,1000
0,0,0,43,998
0,0,0,44,987
0,0,0,45,1004
0,0,0,46,984
0,0,0,47,994
0,0,0,48,1016
0,0,0,49,1010
0,0,0,50,998
0,0,0,51,1011
0,0,0,52,1010
0,0,0,53,994
0,0,0,54,996
0,0,0,55,1009
0,0,0,56,1001
0,0,0,57,999
0,0,0,58,996
0,0,0,59,1014
0,0,0,60,1002
0,0,0,61,986
0,0,0,62,997
0,0,0,63,988
0,1,0,0,1030
0,1,0,1,994
0,1,0,2,1007
0,1,0,3,994
0,1,0,4,1003
0,1,0,5,1004
0,1,0,6,988
0,1,0,7,991
0,1,0,8,999
0,1,0,9,987
0,1,0,10,992
0,1,0,11,992
0,1,0,12,984
0,1,0,13,1008
0,1,0,14,994
0,1,0,15,991
0,1,0,16,991
0,1,0,17,978
0,1,0,18,1006
0,1,0,19,983
0,1,0,20,999
0,1,0,21,994
0,1,0,22,994
0,1,0,23,998
0,1,0,24,988
0,1,0,25,969
0,1,0,26,1004
0,1,0,27,973
0,1,0,28,973
0,1,0,29,995
0,1,0,30,990
0,1,0,31,987
0,1,0,32,1004
0,1,0,33,991
0,1,0,34,983
0,1,0,35,998
0,1,0,36,973
0,1,0,37,977
0,1,0,38,985
0,1,0,39,1006
0,1,0,40,998
0,1,0,41,976
0,1,0,42,1004
0,1,0,43,991
0,1,0,44,1008
0,1,0,45,984
0,1,0,46,990
0,1,0,47,1007
0,1,0,48,983
0,1,0,49,992
0,1,0,50,1015
0,1,0,51,988
0,1,0,52,1003
0,1,0,53,989
0,1,0,54,998
0,1,0,55,1008
0,1,0,56,995
0,1,0,57,999
0,1,0,58,983
0,1,0,59,977
0,1,0,60,989
0,1,0,61,989
0,1,0,62,1008
0,1,0,63,1003
0,1,1,0,962
0,1,1,1,968
0,1,1,2,982
0,1,1,3,987
0,1,1,4,998
0,1,1,5,993
0,1,1,6,982
0,1,1,7,993
0,1,1,8,1001
0,1,1,9,993
0,1,1,10,985
0,1,1,11,982
0,1,1,12,989
0,1,1,13,1001
0,1,1,14,998
0,1,1,15,975
0,1,1,16,1006
0,1,1,17,970
0,1,1,18,975
0,1,1,19,996
0,1,1,20,993
0,1,1,21,1000
0,1,1,22,972
0,1,1,23,984
0,1,1,24,973
0,1,1,25,979
0,1,1,26,986
0,1,1,27,985
0,1,1,28,990
0,1,1,29,994
0,1,1,30,978
0,1,1,31,989
0,1,1,32,1010
0,1,1,33,969
0,1,1,34,995
0,1,1,35,990
0,1,1,36,985
0,1,1,37,990
0,1,1,38,974
0,1,1,39,982
0,1,1,40,991
0,1,1,41,942
0,1,1,42,984
0,1,1,43,997
0,1,1,44,992
0,1,1,45,987
0,1,1,46,990
0,1,1,47,981
0,1,1,48,1005
0,1,1,49,971
0,1,1,50,984
0,1,1,51,997
0,1,1,52,1000
0,1,1,53,1000
0,1,1,54,987
0,1,1,55,1009
0,1,1,56,972
0,1,1,57,988
0,1,1,58,990
0,1,1,59,1009
0,1,1,60,992
0,1,1,61,982
0,1,1,62,974
0,1,1,63,999
0,0,1,0,1017
0,0,1,1,1036
0,0,1,2,968
0,0,1,3,11737
0,0,1,4,1008
0,0,1,5,999
0,0,1,6,996
0,0,1,7,1010
0,0,1,8,995
0,0,1,9,1022
0,0,1,10,991
0,0,1,11,986
0,0,1,12,1010
0,0,1,13,1018
0,0,1,14,1010
0,0,1,15,984
0,0,1,16,986
0,0,1,17,987
0,0,1,18,1009
0,0,1,19,988
0,0,1,20,1010
0,0,1,21,983
0,0,1,22,981
0,0,1,23,990
0,0,1,24,1004
0,0,1,25,1020
0,0,1,26,1016
0,0,1,27,995
0,0,1,28,979
0,0,1,29,999
0,0,1,30,1014
0,0,1,31,986
0,0,1,32,1003
0,0,1,33,991
0,0,1,34,1000
0,0,1,35,981
0,0,1,36,1016
0,0,1,37,988
0,0,1,38,994
0,0,1,39,983
0,0,1,40,997
0,0,1,41,1011
0,0,1,42,989
0,0,1,43,991
0,0,1,44,972
0,0,1,45,982
0,0,1,46,989
0,0,1,47,999
0,0,1,48,995
0,0,1,49,999
0,0,1,50,996
0,0,1,51,990
0,0,1,52,983
0,0,1,53,980
0,0,1,54,1000
0,0,1,55,990
0,0,1,56,1003
0,0,1,57,1010
0,0,1,58,989
0,0,1,59,989
0,0,1,60,1013
0,0,1,61,1005
0,0,1,62,1001
0,0,1,63,1025
0,0,2,0,991
0,0,2,1,1000
0,0,2,2,996
0,0,2,3,976
0,0,2,4,1005
0,0,2,5,996
0,0,2,6,986
0,0,2,7,982
0,0,2,8,985
0,0,2,9,1003
0,0,2,10,986
0,0,2,11,989
0,0,2,12,979
0,0,2,13,1013
0,0,2,14,986
0,0,2,15,1003
0,0,2,16,1005
0,0,2,17,985
0,0,2,18,996
0,0,2,19,999
0,0,2,20,991
0,0,2,21,991
0,0,2,22,968
0,0,2,23,1000
0,0,2,24,975
0,0,2,25,1022
0,0,2,26,991
0,0,2,27,1005
0,0,2,28,1024
0,0,2,29,1002
0,0,2,30,1000
0,0,2,31,998
0,0,2,32,1009
0,0,2,33,976
0,0,2,34,989
0,0,2,35,1010
0,0,2,36,1010
0,0,2,37,996
0,0,2,38,995
0,0,2,39,1005
0,0,2,40,1009
0,0,2,41,1012
0,0,2,42,986
0,0,2,43,988
0,0,2,44,1005
0,0,2,45,1007
0,0,2,46,1011
0,0,2,47,996
0,0,2,48,996
0,0,2,49,1021
0,0,2,50,987
0,0,2,51,995
0,0,2,52,984
0,0,2,53,1014
0,0,2,54,1006
0,0,2,55,994
0,0,2,56,1015
0,0,2,57,996
0,0,2,58,1006
0,0,2,59,986
0,0,2,60,983
0,0,2,61,987
0,0,2,62,1008
0,0,2,63,1002
0,1,2,0,993
0,1,2,1,1011
0,1,2,2,1029
0,1,2,3,1009
0,1,2,4,1014
0,1,2,5,997
0,1,2,6,996
0,1,2,7,1000
0,1,2,8,982
0,1,2,9,1009
0,1,2,10,1006
0,1,2,11,1005
0,1,2,12,1000
0,1,2,13,967
0,1,2,14,991
0,1,2,15,1008
0,1,2,16,979
0,1,2,17,992
0,1,2,18,992
0,1,2,19,957
0,1,2,20,1000
0,1,2,21,977
0,1,2,22,996
0,1,2,23,986
0,1,2,24,987
0,1,2,25,992
0,1,2,26,987
0,1,2,27,978
0,1,2,28,968
0,1,2,29,985
0,1,2,30,977
0,1,2,31,974
0,1,2,32,980
0,1,2,33,995
0,1,2,34,994
0,1,2,35,998
0,1,2,36,994
0,1,2,37,1002
0,1,2,38,996
0,1,2,39,986
0,1,2,40,992
0,1,2,41,995
0,1,2,42,989
0,1,2,43,1002
0,1,2,44,982
0,1,2,45,995
0,1,2,46,986
0,1,2,47,1000
0,1,2,48,1003
0,1,2,49,1004
0,1,2,50,997
0,1,2,51,973
0,1,2,52,1003
0,1,2,53,991
0,1,2,54,979
0,1,2,55,993
0,1,2,56,972
0,1,2,57,980
0,1,2,58,998
0,1,2,59,995
0,1,2,60,998
0,1,2,61,994
0,1,2,62,982
0,1,2,63,984
0,1,3,0,998
0,1,3,1,987
0,1,3,2,970
0,1,3,3,987
0,1,3,4,991
0,1,3,5,1001
0,1,3,6,972
0,1,3,7,983
0,1,3,8,997
0,1,3,9,964
0,1,3,10,1013
0,1,3,11,977
0,1,3,12,998
0,1,3,13,981
0,1,3,14,1005
0,1,3,15,989
0,1,3,16,996
0,1,3,17,995
0,1,3,18,1005
0,1,3,19,1009
0,1,3,20,983
0,1,3,21,988
0,1,3,22,994
0,1,3,23,971
0,1,3,24,996
0,1,3,25,985
0,1,3,26,1008
0,1,3,27,998
0,1,3,28,1009
0,1,3,29,986
0,1,3,30,1004
0,1,3,31,1000
0,1,3,32,974
0,1,3,33,998
0,1,3,34,986
0,1,3,35,988
0,1,3,36,987
0,1,3,37,1006
0,1,3,38,994
0,1,3,39,997
0,1,3,40,984
0,1,3,41,997
0,1,3,42,985
0,1,3,43,1010
0,1,3,44,989
0,1,3,45,995
0,1,3,46,983
0,1,3,47,995
0,1,3,48,1005
0,1,3,49,997
0,1,3,50,982
0,1,3,51,1472
0,1,3,52,1014
0,1,3,53,993
0,1,3,54,961
0,1,3,55,996
0,1,3,56,998
0,1,3,57,990
0,1,3,58,998
0,1,3,59,981
0,1,3,60,981
0,1,3,61,996
0,1,3,62,985
0,1,3,63,994
0,0,3,0,971
0,0,3,1,1019
0,0,3,2,1014
0,0,3,3,1010
0,0,3,4,1002
0,0,3,5,1003
0,0,3,6,991
0,0,3,7,999
0,0,3,8,1012
0,0,3,9,1013
0,0,3,10,998
0,0,3,11,987
0,0,3,12,1019
0,0,3,13,993
0,0,3,14,1006
0,0,3,15,984
0,0,3,16,994
0,0,3,17,996
0,0,3,18,1004
0,0,3,19,1018
0,0,3,20,964
0,0,3,21,1004
0,0,3,22,1002
0,0,3,23,966
0,0,3,24,1003
0,0,3,25,1001
0,0,3,26,995
0,0,3,27,1006
0,0,3,28,1005
0,0,3,29,1004
0,0,3,30,1007
0,0,3,31,1001
0,0,3,32,980
0,0,3,33,986
0,0,3,34,990
0,0,3,35,963
0,0,3,36,1002
0,0,3,37,1007
0,0,3,38,991
0,0,3,39,990
0,0,3,40,995
0,0,3,41,995
0,0,3,42,979
0,0,3,43,986
0,0,3,44,995
0,0,3,45,996
0,0,3,46,1003
0,0,3,47,991
0,0,3,48,970
0,0,3,49,980
0,0,3,50,974
0,0,3,51,985
0,0,3,52,1002
0,0,3,53,995
0,0,3,54,982
0,0,3,55,981
0,0,3,56,976
0,0,3,57,976
0,0,3,58,995
0,0,3,59,982
0,0,3,60,989
0,0,3,61,1010
0,0,3,62,994
0,0,3,63,997
0,0,4,0,988
0,0,4,1,980
0,0,4,2,1004
0,0,4,3,1006
0,0,4,4,1002
0,0,4,5,1008
0,0,4,6,1008
0,0,4,7,990
0,0,4,8,985
0,0,4,9,999
0,0,4,10,1001
0,0,4,11,1017
0,0,4,12,996
0,0,4,13,989
0,0,4,14,999
0,0,4,15,997
0,0,4,16,983
0,0,4,17,992
0,0,4,18,991
0,0,4,19,981
0,0,4,20,966
0,0,4,21,987
0,0,4,22,994
0,0,4,23,1015
0,0,4,24,1008
0,0,4,25,1025
0,0,4,26,1010
0,0,4,27,1004
0,0,4,28,989
0,0,4,29,1000
0,0,4,30,997
0,0,4,31,985
0,0,4,32,989
0,0,4,33,1000
0,0,4,34,979
0,0,4,35,1001
0,0,4,36,1012
0,0,4,37,1009
0,0,4,38,989
0,0,4,39,994
0,0,4,40,1017
0,0,4,41,988
0,0,4,42,1019
0,0,4,43,997
0,0,4,44,1020
0,0,4,45,999
0,0,4,46,992
0,0,4,47,992
0,0,4,48,999
0,0,4,49,1009
0,0,4,50,1011
0,0,4,51,1029
0,0,4,52,987
0,0,4,53,1005
0,0,4,54,1026
0,0,4,55,995
0,0,4,56,1010
0,0,4,57,1018
0,0,4,58,1005
0,0,4,59,976
0,0,4,60,1010
0,0,4,61,989
0,0,4,62,981
0,0,4,63,979
0,1,4,0,974
0,1,4,1,995
0,1,4,2,1033
0,1,4,3,995
0,1,4,4,992
0,1,4,5,984
0,1,4,6,1017
0,1,4,7,999
0,1,4,8,986
0,1,4,9,970
0,1,4,10,987
0,1,4,11,978
0,1,4,12,1006
0,1,4,13,989
0,1,4,14,995
0,1,4,15,986
0,1,4,16,1015
0,1,4,17,1000
0,1,4,18,1001
0,1,4,19,984
0,1,4,20,989
0,1,4,21,997
0,1,4,22,987
0,1,4,23,991
0,1,4,24,962
0,1,4,25,978
0,1,4,26,999
0,1,4,27,964
0,1,4,28,991
0,1,4,29,997
0,1,4,30,979
0,1,4,31,982
0,1,4,32,983
0,1,4,33,981
0,1,4,34,986
0,1,4,35,989
0,1,4,36,982
0,1,4,37,998
0,1,4,38,971
0,1,4,39,983
0,1,4,40,974
0,1,4,41,992
0,1,4,42,1005
0,1,4,43,977
0,1,4,44,1001
0,1,4,45,1007
0,1,4,46,1007
0,1,4,47,979
0,1,4,48,972
0,1,4,49,979
0,1,4,50,996
0,1,4,51,996
0,1,4,52,985
0,1,4,53,997
0,1,4,54,981
0,1,4,55,999
0,1,4,56,989
0,1,4,57,986
0,1,4,58,981
0,1,4,59,980
0,1,4,60,981
0,1,4,61,968
0,1,4,62,960
0,1,4,63,971
0,1,5,0,966
0,1,5,1,984
0,1,5,2,980
0,1,5,3,992
0,1,5,4,976
0,1,5,5,996
0,1,5,6,1000
0,1,5,7,997
0,1,5,8,1004
0,1,5,9,983
0,1,5,10,1012
0,1,5,11,975
0,1,5,12,988
0,1,5,13,987
0,1,5,14,990
0,1,5,15,996
0,1,5,16,1001
0,1,5,17,993
0,1,5,18,971
0,1,5,19,996
0,1,5,20,1002
0,1,5,21,997
0,1,5,22,972
0,1,5,23,995
0,1,5,24,1001
0,1,5,25,983
0,1,5,26,998
0,1,5,27,1003
0,1,5,28,1001
0,1,5,29,994
0,1,5,30,1009
0,1,5,31,980
0,1,5,32,991
0,1,5,33,979
0,1,5,34,984
0,1,5,35,981
0,1,5,36,1001
0,1,5,37,1001
0,1,5,38,1002
0,1,5,39,978
0,1,5,40,1014
0,1,5,41,969
0,1,5,42,1002
0,1,5,43,992
0,1,5,44,981
0,1,5,45,1004
0,1,5,46,990
0,1,5,47,979
0,1,5,48,980
0,1,5,49,973
0,1,5,50,984
0,1,5,51,973
0,1,5,52,997
0,1,5,53,986
0,1,5,54,976
0,1,5,55,1008
0,1,5,56,982
0,1,5,57,1002
0,1,5,58,994
0,1,5,59,981
0,1,5,60,1010
0,1,5,61,980
0,1,5,62,1007
0,1,5,63,993
0,0,5,0,991
0,0,5,1,1017
0,0,5,2,993
0,0,5,3,1004
0,0,5,4,1018
0,0,5,5,1002
0,0,5,6,999
0,0,5,7,1008
0,0,5,8,1020
0,0,5,9,998
0,0,5,10,983
0,0,5,11,978
0,0,5,12,987
0,0,5,13,972
0,0,5,14,992
0,0,5,15,986
0,0,5,16,1011
0,0,5,17,997
0,0,5,18,1000
0,0,5,19,1000
0,0,5,20,994
0,0,5,21,985
0,0,5,22,1020
0,0,5,23,973
0,0,5,24,974
0,0,5,25,991
0,0,5,26,1002
0,0,5,27,993
0,0,5,28,991
0,0,5,29,983
0,0,5,30,997
0,0,5,31,1000
0,0,5,32,990
0,0,5,33,1022
0,0,5,34,1002
0,0,5,35,989
0,0,5,36,1007
0,0,5,37,992
0,0,5,38,990
0,0,5,39,997
0,0,5,40,995
0,0,5,41,1025
0,0,5,42,998
0,0,5,43,1011
0,0,5,44,980
0,0,5,45,990
0,0,5,46,996
0,0,5,47,991
0,0,5,48,1006
0,0,5,49,1000
0,0,5,50,976
0,0,5,51,998
0,0,5,52,1005
0,0,5,53,1003
0,0,5,54,997
0,0,5,55,993
0,0,5,56,997
0,0,5,57,1009
0,0,5,58,1010
0,0,5,59,992
0,0,5,60,1007
0,0,5,61,997
0,0,5,62,1012
0,0,5,63,989
0,0,6,0,989
0,0,6,1,987
0,0,6,2,995
0,0,6,3,997
0,0,6,4,999
0,0,6,5,1014
0,0,6,6,989
0,0,6,7,987
0,0,6,8,984
0,0,6,9,1028
0,0,6,10,997
0,0,6,11,1001
0,0,6,12,1000
0,0,6,13,1006
0,0,6,14,994
0,0,6,15,995
0,0,6,16,1001
0,0,6,17,993
0,0,6,18,1010
0,0,6,19,1003
0,0,6,20,990
0,0,6,21,1007
0,0,6,22,997
0,0,6,23,1001
0,0,6,24,996
0,0,6,25,987
0,0,6,26,997
0,0,6,27,977
0,0,6,28,997
0,0,6,29,995
0,0,6,30,1003
0,0,6,31,1002
0,0,6,32,977
0,0,6,33,986
0,0,6,34,985
0,0,6,35,978
0,0,6,36,997
0,0,6,37,977
0,0,6,38,985
0,0,6,39,978
0,0,6,40,1004
0,0,6,41,989
0,0,6,42,988
0,0,6,43,981
0,0,6,44,1015
0,0,6,45,1027
0,0,6,46,988
0,0,6,47,1010
0,0,6,48,1008
0,0,6,49,1019
0,0,6,50,1012
0,0,6,51,1003
0,0,6,52,981
0,0,6,53,995
0,0,6,54,1001
0,0,6,55,992
0,0,6,56,991
0,0,6,57,1015
0,0,6,58,1020
0,0,6,59,1006
0,0,6,60,1002
0,0,6,61,975
0,0,6,62,1016
0,0,6,63,994
0,1,6,0,964
0,1,6,1,1026
0,1,6,2,1032
0,1,6,3,1005
0,1,6,4,1030
0,1,6,5,969
0,1,6,6,1007
0,1,6,7,974
0,1,6,8,1006
0,1,6,9,984
0,1,6,10,993
0,1,6,11,986
0,1,6,12,980
0,1,6,13,988
0,1,6,14,1003
0,1,6,15,997
0,1,6,16,984
0,1,6,17,983
0,1,6,18,982
0,1,6,19,1000
0,1,6,20,993
0,1,6,21,984
0,1,6,22,997
0,1,6,23,999
0,1,6,24,984
0,1,6,25,981
0,1,6,26,1001
0,1,6,27,993
0,1,6,28,987
0,1,6,29,1006
0,1,6,30,988
0,1,6,31,1004
0,1,6,32,978
0,1,6,33,977
0,1,6,34,984
0,1,6,35,992
0,1,6,36,991
0,1,6,37,995
0,1,6,38,1001
0,1,6,39,997
0,1,6,40,1020
0,1,6,41,1009
0,1,6,42,1014
0,1,6,43,980
0,1,6,44,978
0,1,6,45,1002
0,1,6,46,997
0,1,6,47,987
0,1,6,48,988
0,1,6,49,1011
0,1,6,50,988
0,1,6,51,975
0,1,6,52,994
0,1,6,53,970
0,1,6,54,990
0,1,6,55,992
0,1,6,56,1009
0,1,6,57,985
0,1,6,58,986
0,1,6,59,1008
0,1,6,60,998
0,1,6,61,987
0,1,6,62,992
0,1,6,63,982
0,1,7,0,947
0,1,7,1,979
0,1,7,2,988
0,1,7,3,989
0,1,7,4,1008
0,1,7,5,992
0,1,7,6,1001
0,1,7,7,990
0,1,7,8,984
0,1,7,9,1004
0,1,7,10,980
0,1,7,11,997
0,1,7,12,1011
0,1,7,13,991
0,1,7,14,1002
0,1,7,15,998
0,1,7,16,1000
0,1,7,17,1011
0,1,7,18,990
0,1,7,19,983
0,1,7,20,982
0,1,7,21,986
0,1,7,22,985
0,1,7,23,992
0,1,7,24,1004
0,1,7,25,977
0,1,7,26,978
0,1,7,27,982
0,1,7,28,997
0,1,7,29,981
0,1,7,30,992
0,1,7,31,970
0,1,7,32,990
0,1,7,33,988
0,1,7,34,995
0,1,7,35,983
0,1,7,36,995
0,1,7,37,1011
0,1,7,38,1002
0,1,7,39,995
0,1,7,40,1002
0,1,7,41,990
0,1,7,42,996
0,1,7,43,985
0,1,7,44,1001
0,1,7,45,982
0,1,7,46,965
0,1,7,47,984
0,1,7,48,1001
0,1,7,49,999
0,1,7,50,990
0,1,7,51,1045
0,1,7,52,994
0,1,7,53,983
0,1,7,54,979
0,1,7,55,996
0,1,7,56,1000
0,1,7,57,997
0,1,7,58,1000
0,1,7,59,984
0,1,7,60,987
0,1,7,61,969
0,1,7,62,996
0,1,7,63,970
0,0,7,0,956
0,0,7,1,1012
0,0,7,2,1039
0,0,7,3,1027
0,0,7,4,1008
0,0,7,5,1006
0,0,7,6,1013
0,0,7,7,990
0,0,7,8,1007
0,0,7,9,1000
0,0,7,10,1002
0,0,7,11,1019
0,0,7,12,1009
0,0,7,13,1011
0,0,7,14,996
0,0,7,15,995
0,0,7,16,1004
0,0,7,17,980
0,0,7,18,1002
0,0,7,19,978
0,0,7,20,1022
0,0,7,21,1006
0,0,7,22,996
0,0,7,23,996
0,0,7,24,982
0,0,7,25,995
0,0,7,26,985
0,0,7,27,990
0,0,7,28,994
0,0,7,29,1021
0,0,7,30,992
0,0,7,31,1016
0,0,7,32,1009
0,0,7,33,995
0,0,7,34,981
0,0,7,35,998
0,0,7,36,989
0,0,7,37,999
0,0,7,38,997
0,0,7,39,1004
0,0,7,40,990
0,0,7,41,1021
0,0,7,42,991
0,0,7,43,1009
0,0,7,44,1004
0,0,7,45,995
0,0,7,46,994
0,0,7,47,1003
0,0,7,48,991
0,0,7,49,1010
0,0,7,50,1004
0,0,7,51,1005
0,0,7,52,997
0,0,7,53,982
0,0,7,54,973
0,0,7,55,998
0,0,7,56,1012
0,0,7,57,992
0,0,7,58,998
0,0,7,59,988
0,0,7,60,994
0,0,7,61,1031
0,0,7,62,992
0,0,7,63,991
1,0,0,0,1182
1,0,0,1,1223
1,0,0,2,1221
1,0,0,3,1211
1,0,0,4,1207
1,0,0,5,1187
1,0,0,6,1192
1,0,0,7,1203
1,0,0,8,1201
1,0,0,9,1198
1,0,0,10,1210
1,0,0,11,1204
1,0,0,12,1207
1,0,0,13,1192
1,0,0,14,1180
1,0,0,15,1196
1,0,0,16,1198
1,0,0,17,1196
1,0,0,18,1216
1,0,0,19,1178
1,0,0,20,1193
1,0,0,21,1188
1,0,0,22,1179
1,0,0,23,1199
1,0,0,24,1178
1,0,0,25,1186
1,0,0,26,1162
1,0,0,27,1172
1,0,0,28,1168
1,0,0,29,1200
1,0,0,30,1205
1,0,0,31,1206
1,0,0,32,1177
1,0,0,33,1187
1,0,0,34,1181
1,0,0,35,1176
1,0,0,36,1201
1,0,0,37,1218
1,0,0,38,1194
1,0,0,39,1194
1,0,0,40,1201
1,0,0,41,1190
1,0,0,42,1177
1,0,0,43,1204
1,0,0,44,1188
1,0,0,45,1205
1,0,0,46,1198
1,0,0,47,1205
1,0,0,48,1186
1,0,0,49,1208
1,0,0,50,1172
1,0,0,51,1194
1,0,0,52,1204
1,0,0,53,1165
1,0,0,54,1188
1,0,0,55,1216
1,0,0,56,1187
1,0,0,57,1198
1,0,0,58,1190
1,0,0,59,1205
1,0,0,60,1212
1,0,0,61,1198
1,0,0,62,1199
1,0,0,63,1168
1,1,0,0,1184
1,1,0,1,1215
1,1,0,2,1228
1,1,0,3,1196
1,1,0,4,1223
1,1,0,5,1195
1,1,0,6,1170
1,1,0,7,1174
1,1,0,8,1185
1,1,0,9,1189
1,1,0,10,1198
1,1,0,11,1192
1,1,0,12,1189
1,1,0,13,1190
1,1,0,14,1192
1,1,0,15,1175
1,1,0,16,1184
1,1,0,17,1192
1,1,0,18,1179
1,1,0,19,1192
1,1,0,20,1213
1,1,0,21,1201
1,1,0,22,1187
1,1,0,23,1178
1,1,0,24,1192
1,1,0,25,1177
1,1,0,26,1193
1,1,0,27,1193
1,1,0,28,1186
1,1,0,29,1194
1,1,0,30,1191
1,1,0,31,1186
1,1,0,32,1199
1,1,0,33,1200
1,1,0,34,1185
1,1,0,35,1184
1,1,0,36,1169
1,1,0,37,1181
1,1,0,38,1202
1,1,0,39,1197
1,1,0,40,1201
1,1,0,41,1214
1,1,0,42,1203
1,1,0,43,1199
1,1,0,44,1169
1,1,0,45,1178
1,1,0,46,1189
1,1,0,47,1190
1,1,0,48,1158
1,1,0,49,1193
1,1,0,50,1195
1,1,0,51,1178
1,1,0,52,1213
1,1,0,53,1202
1,1,0,54,1207
1,1,0,55,1190
1,1,0,56,1194
1,1,0,57,1197
1,1,0,58,1187
1,1,0,59,1182
1,1,0,60,1176
1,1,0,61,1186
1,1,0,62,1177
1,1,0,63,1178
1,1,1,0,1157
1,1,1,1,1188
1,1,1,2,1179
1,1,1,3,1181
1,1,1,4,1185
1,1,1,5,1202
1,1,1,6,1208
1,1,1,7,1203
1,1,1,8,1186
1,1,1,9,1163
1,1,1,10,1213
1,1,1,11,1195
1,1,1,12,1203
1,1,1,13,1189
1,1,1,14,1188
1,1,1,15,1198
1,1,1,16,1183
1,1,1,17,1193
1,1,1,18,1186
1,1,1,19,1195
1,1,1,20,1204
1,1,1,21,1190
1,1,1,22,1202
1,1,1,23,1196
1,1,1,24,1189
1,1,1,25,1189
1,1,1,26,1182
1,1,1,27,1197
1,1,1,28,1180
1,1,1,29,1193
1,1,1,30,1172
1,1,1,31,1175
1,1,1,32,1186
1,1,1,33,1179
1,1,1,34,1196
1,1,1,35,1175
1,1,1,36,1175
1,1,1,37,1190
1,1,1,38,1171
1,1,1,39,1209
1,1,1,40,1186
1,1,1,41,1185
1,1,1,42,1195
1,1,1,43,1172
1,1,1,44,1207
1,1,1,45,1182
1,1,1,46,1186
1,1,1,47,1180
1,1,1,48,1188
1,1,1,49,1174
1,1,1,50,1173
1,1,1,51,1186
1,1,1,52,1178
1,1,1,53,1164
1,1,1,54,1174
1,1,1,55,1189
1,1,1,56,1210
1,1,1,57,1193
1,1,1,58,1195
1,1,1,59,1191
1,1,1,60,1181
1,1,1,61,1188
1,1,1,62,1191
1,1,1,63,1189
1,0,1,0,1213
1,0,1,1,1207
1,0,1,2,1225
1,0,1,3,1194
1,0,1,4,1193
1,0,1,5,1180
1,0,1,6,1204
1,0,1,7,1190
1,0,1,8,1180
1,0,1,9,1177
1,0,1,10,1184
1,0,1,11,1172
1,0,1,12,1193
1,0,1,13,1187
1,0,1,14,1193
1,0,1,15,1173
1,0,1,16,1184
1,0,1,17,1182
1,0,1,18,1186
1,0,1,19,1189
1,0,1,20,1195
1,0,1,21,1200
1,0,1,22,1219
1,0,1,23,1211
1,0,1,24,1173
1,0,1,25,1182
1,0,1,26,1191
1,0,1,27,1203
1,0,1,28,1194
1,0,1,29,1190
1,0,1,30,1202
1,0,1,31,1180
1,0,1,32,1179
1,0,1,33,1190
1,0,1,34,1167
1,0,1,35,1206
1,0,1,36,1207
1,0,1,37,1215
1,0,1,38,1196
1,0,1,39,1192
1,0,1,40,1211
1,0,1,41,1184
1,0,1,42,1181
1,0,1,43,1203
1,0,1,44,1184
1,0,1,45,1169
1,0,1,46,1179
1,0,1,47,1201
1,0,1,48,1177
1,0,1,49,1188
1,0,1,50,1211
1,0,1,51,1203
1,0,1,52,1205
1,0,1,53,1172
1,0,1,54,1200
1,0,1,55,1207
1,0,1,56,1170
1,0,1,57,1201
1,0,1,58,1198
1,0,1,59,1182
1,0,1,60,1188
1,0,1,61,1197
1,0,1,62,1167
1,0,1,63,1196
1,0,2,0,1188
1,0,2,1,1176
1,0,2,2,1196
1,0,2,3,1194
1,0,2,4,1218
1,0,2,5,1194
1,0,2,6,1196
1,0,2,7,1175
1,0,2,8,1198
1,0,2,9,1167
1,0,2,10,1215
1,0,2,11,1176
1,0,2,12,1180
1,0,2,13,1184
1,0,2,14,1189
1,0,2,15,1181
1,0,2,16,1181
1,0,2,17,1185
1,0,2,18,1177
1,0,2,19,1186
1,0,2,20,1201
1,0,2,21,1180
1,0,2,22,1196
1,0,2,23,1197
1,0,2,24,1165
1,0,2,25,1205
1,0,2,26,1202
1,0,2,27,1187
1,0,2,28,1184
1,0,2,29,1196
1,0,2,30,1169
1,0,2,31,1196
1,0,2,32,1218
1,0,2,33,1182
1,0,2,34,1176
1,0,2,35,1168
1,0,2,36,1206
1,0,2,37,1190
1,0,2,38,1179
1,0,2,39,1182
1,0,2,40,1202
1,0,2,41,1179
1,0,2,42,1195
1,0,2,43,1170
1,0,2,44,1185
1,0,2,45,1198
1,0,2,46,1186
1,0,2,47,1187
1,0,2,48,1195
1,0,2,49,1189
1,0,2,50,1195
1,0,2,51,1203
1,0,2,52,1180
1,0,2,53,1228
1,0,2,54,1182
1,0,2,55,1201
1,0,2,56,1196
1,0,2,57,1185
1,0,2,58,1172
1,0,2,59,1189
1,0,2,60,1183
1,0,2,61,1194
1,0,2,62,1181
1,0,2,63,1199
1,1,2,0,1177
1,1,2,1,1200
1,1,2,2,1221
1,1,2,3,1183
1,1,2,4,1212
1,1,2,5,1188
1,1,2,6,1179
1,1,2,7,1201
1,1,2,8,1198
1,1,2,9,1188
1,1,2,10,1200
1,1,2,11,1196
1,1,2,12,1179
1,1,2,13,1198
1,1,2,14,1201
1,1,2,15,1210
1,1,2,16,1184
1,1,2,17,1190
1,1,2,18,1188
1,1,2,19,1174
1,1,2,20,1190
1,1,2,21,1195
1,1,2,22,1171
1,1,2,23,1221
1,1,2,24,1182
1,1,2,25,1178
1,1,2,26,1183
1,1,2,27,1156
1,1,2,28,1179
1,1,2,29,1175
1,1,2,30,1184
1,1,2,31,1190
1,1,2,32,1181
1,1,2,33,1201
1,1,2,34,1186
1,1,2,35,1196
1,1,2,36,1195
1,1,2,37,1190
1,1,2,38,1211
1,1,2,39,1198
1,1,2,40,1188
1,1,2,41,1194
1,1,2,42,1202
1,1,2,43,1211
1,1,2,44,1198
1,1,2,45,1192
1,1,2,46,1167
1,1,2,47,1199
1,1,2,48,1179
1,1,2,49,1179
1,1,2,50,1193
1,1,2,51,1197
1,1,2,52,1192
1,1,2,53,1194
1,1,2,54,1192
1,1,2,55,1205
1,1,2,56,1185
1,1,2,57,1194
1,1,2,58,1180
1,1,2,59,1179
1,1,2,60,1177
1,1,2,61,1193
1,1,2,62,1189
1,1,2,63,1196
1,1,3,0,1133
1,1,3,1,1164
1,1,3,2,1186
1,1,3,3,1193
1,1,3,4,1198
1,1,3,5,1196
1,1,3,6,1209
1,1,3,7,1200
1,1,3,8,1205
1,1,3,9,1189
1,1,3,10,1183
1,1,3,11,1190
1,1,3,12,1180
1,1,3,13,1186
1,1,3,14,1181
1,1,3,15,1194
1,1,3,16,1196
1,1,3,17,1183
1,1,3,18,1198
1,1,3,19,1188
1,1,3,20,1184
1,1,3,21,1198
1,1,3,22,1197
1,1,3,23,1188
1,1,3,24,1200
1,1,3,25,1207
1,1,3,26,1202
1,1,3,27,1192
1,1,3,28,1192
1,1,3,29,1197
1,1,3,30,1210
1,1,3,31,1168
1,1,3,32,1175
1,1,3,33,1200
1,1,3,34,1193
1,1,3,35,1191
1,1,3,36,1177
1,1,3,37,1164
1,1,3,38,1203
1,1,3,39,1185
1,1,3,40,1190
1,1,3,41,1186
1,1,3,42,1208
1,1,3,43,1186
1,1,3,44,1160
1,1,3,45,1185
1,1,3,46,1201
1,1,3,47,1173
1,1,3,48,1168
1,1,3,49,1182
1,1,3,50,1198
1,1,3,51,1185
1,1,3,52,1172
1,1,3,53,1195
1,1,3,54,1205
1,1,3,55,1183
1,1,3,56,1180
1,1,3,57,1168
1,1,3,58,1194
1,1,3,59,1196
1,1,3,60,1159
1,1,3,61,1180
1,1,3,62,1180
1,1,3,63,1185
1,0,3,0,1191
1,0,3,1,1216
1,0,3,2,1219
1,0,3,3,1218
1,0,3,4,1201
1,0,3,5,1205
1,0,3,6,1184
1,0,3,7,1198
1,0,3,8,1180
1,0,3,9,1180
1,0,3,10,1198
1,0,3,11,1184
1,0,3,12,1180
1,0,3,13,1191
1,0,3,14,1196
1,0,3,15,1198
1,0,3,16,1189
1,0,3,17,1168
1,0,3,18,1196
1,0,3,19,1185
1,0,3,20,1198
1,0,3,21,1183
1,0,3,22,1202
1,0,3,23,1202
1,0,3,24,1185
1,0,3,25,1203
1,0,3,26,1164
1,0,3,27,1199
1,0,3,28,1189
1,0,3,29,1179
1,0,3,30,1178
1,0,3,31,1184
1,0,3,32,1177
1,0,3,33,1206
1,0,3,34,1180
1,0,3,35,1184
1,0,3,36,1185
1,0,3,37,1194
1,0,3,38,1193
1,0,3,39,1172
1,0,3,40,1183
1,0,3,41,1178
1,0,3,42,1192
1,0,3,43,1188
1,0,3,44,1185
1,0,3,45,1193
1,0,3,46,1196
1,0,3,47,1178
1,0,3,48,1190
1,0,3,49,1186
1,0,3,50,1225
1,0,3,51,1211
1,0,3,52,1174
1,0,3,53,1205
1,0,3,54,1179
1,0,3,55,1177
1,0,3,56,1200
1,0,3,57,1199
1,0,3,58,1196
1,0,3,59,1179
1,0,3,60,1178
1,0,3,61,1173
1,0,3,62,1232
1,0,3,63,1197
1,0,4,0,1187
1,0,4,1,1170
1,0,4,2,1172
1,0,4,3,1185
1,0,4,4,1179
1,0,4,5,1174
1,0,4,6,1209
1,0,4,7,1187
1,0,4,8,1217
1,0,4,9,1168
1,0,4,10,1193
1,0,4,11,1186
1,0,4,12,1185
1,0,4,13,1185
1,0,4,14,1188
1,0,4,15,1183
1,0,4,16,1190
1,0,4,17,1183
1,0,4,18,1182
1,0,4,19,1178
1,0,4,20,1176
1,0,4,21,1197
1,0,4,22,1196
1,0,4,23,1186
1,0,4,24,1201
1,0,4,25,1180
1,0,4,26,1169
1,0,4,27,1157
1,0,4,28,1173
1,0,4,29,1169
1,0,4,30,1202
1,0,4,31,1195
1,0,4,32,1200
1,0,4,33,1180
1,0,4,34,1181
1,0,4,35,1185
1,0,4,36,1196
1,0,4,37,1209
1,0,4,38,1196
1,0,4,39,1183
1,0,4,40,1204
1,0,4,41,1206
1,0,4,42,1220
1,0,4,43,1182
1,0,4,44,1174
1,0,4,45,1186
1,0,4,46,1208
1,0,4,47,1192
1,0,4,48,1196
1,0,4,49,1201
1,0,4,50,1174
1,0,4,51,1191
1,0,4,52,1181
1,0,4,53,1204
1,0,4,54,1190
1,0,4,55,1203
1,0,4,56,1205
1,0,4,57,1191
1,0,4,58,1205
1,0,4,59,1191
1,0,4,60,1208
1,0,4,61,1192
1,0,4,62,1188
1,0,4,63,1168
1,1,4,0,1156
1,1,4,1,1198
1,1,4,2,1204
1,1,4,3,1222
1,1,4,4,1221
1,1,4,5,1209
1,1,4,6,1194
1,1,4,7,1196
1,1,4,8,1190
1,1,4,9,1195
1,1,4,10,1187
1,1,4,11,1178
1,1,4,12,1212
1,1,4,13,1179
1,1,4,14,1192
1,1,4,15,1193
1,1,4,16,1171
1,1,4,17,1192
1,1,4,18,1197
1,1,4,19,1189
1,1,4,20,1197
1,1,4,21,1192
1,1,4,22,1197
1,1,4,23,1189
1,1,4,24,1185
1,1,4,25,1199
1,1,4,26,1190
1,1,4,27,1171
1,1,4,28,1191
1,1,4,29,1168
1,1,4,30,1168
1,1,4,31,1181
1,1,4,32,1180
1,1,4,33,1166
1,1,4,34,1201
1,1,4,35,1197
1,1,4,36,1180
1,1,4,37,1186
1,1,4,38,1174
1,1,4,39,1181
1,1,4,40,1179
1,1,4,41,1186
1,1,4,42,1189
1,1,4,43,1177
1,1,4,44,1186
1,1,4,45,1173
1,1,4,46,1188
1,1,4,47,1187
1,1,4,48,1205
1,1,4,49,1191
1,1,4,50,1180
1,1,4,51,1188
1,1,4,52,1178
1,1,4,53,1193
1,1,4,54,1205
1,1,4,55,1207
1,1,4,56,1184
1,1,4,57,1191
1,1,4,58,1194
1,1,4,59,1199
1,1,4,60,1222
1,1,4,61,1195
1,1,4,62,1194
1,1,4,63,1163
1,1,5,0,1169
1,1,5,1,1190
1,1,5,2,1187
1,1,5,3,1189
1,1,5,4,1186
1,1,5,5,1191
1,1,5,6,1177
1,1,5,7,1187
1,1,5,8,1173
1,1,5,9,1177
1,1,5,10,1204
1,1,5,11,1170
1,1,5,12,1190
1,1,5,13,1190
1,1,5,14,1179
1,1,5,15,1174
1,1,5,16,1201
1,1,5,17,1190
1,1,5,18,1184
1,1,5,19,1192
1,1,5,20,1188
1,1,5,21,1191
1,1,5,22,1170
1,1,5,23,1183
1,1,5,24,1161
1,1,5,25,1201
1,1,5,26,1177
1,1,5,27,1186
1,1,5,28,1178
1,1,5,29,1204
1,1,5,30,1212
1,1,5,31,1220
1,1,5,32,1222
1,1,5,33,1171
1,1,5,34,1201
1,1,5,35,1176
1,1,5,36,1183
1,1,5,37,1194
1,1,5,38,1190
1,1,5,39,1169
1,1,5,40,1186
1,1,5,41,1197
1,1,5,42,1211
1,1,5,43,1178
1,1,5,44,1191
1,1,5,45,1189
1,1,5,46,1177
1,1,5,47,1185
1,1,5,48,1159
1,1,5,49,1197
1,1,5,50,1187
1,1,5,51,1173
1,1,5,52,1204
1,1,5,53,1194
1,1,5,54,1188
1,1,5,55,1175
1,1,5,56,1194
1,1,5,57,1204
1,1,5,58,1189
1,1,5,59,1195
1,1,5,60,1177
1,1,5,61,1180
1,1,5,62,1192
1,1,5,63,1181
1,0,5,0,1176
1,0,5,1,1210
1,0,5,2,1225
1,0,5,3,1209
1,0,5,4,1204
1,0,5,5,1190
1,0,5,6,1198
1,0,5,7,1185
1,0,5,8,1186
1,0,5,9,1188
1,0,5,10,1183
1,0,5,11,1192
1,0,5,12,1192
1,0,5,13,1198
1,0,5,14,1192
1,0,5,15,1197
1,0,5,16,1188
1,0,5,17,1180
1,0,5,18,1191
1,0,5,19,1215
1,0,5,20,1188
1,0,5,21,1199
1,0,5,22,1190
1,0,5,23,1183
1,0,5,24,1198
1,0,5,25,1206
1,0,5,26,1187
1,0,5,27,1189
1,0,5,28,1183
1,0,5,29,1200
1,0,5,30,1186
1,0,5,31,1193
1,0,5,32,1194
1,0,5,33,1181
1,0,5,34,1185
1,0,5,35,1178
1,0,5,36,1186
1,0,5,37,1177
1,0,5,38,1199
1,0,5,39,1175
1,0,5,40,1205
1,0,5,41,1199
1,0,5,42,1184
1,0,5,43,1186
1,0,5,44,1209
1,0,5,45,1215
1,0,5,46,1184
1,0,5,47,1197
1,0,5,48,1211
1,0,5,49,1198
1,0,5,50,1188
1,0,5,51,1190
1,0,5,52,1210
1,0,5,53,1200
1,0,5,54,1180
1,0,5,55,1204
1,0,5,56,1197
1,0,5,57,1167
1,0,5,58,1201
1,0,5,59,1168
1,0,5,60,1188
1,0,5,61,1176
1,0,5,62,1184
1,0,5,63,1192
1,0,6,0,1184
1,0,6,1,1182
1,0,6,2,1182
1,0,6,3,1193
1,0,6,4,1190
1,0,6,5,1181
1,0,6,6,1208
1,0,6,7,1173
1,0,6,8,1173
1,0,6,9,1185
1,0,6,10,1204
1,0,6,11,1186
1,0,6,12,1223
1,0,6,13,1191
1,0,6,14,1165
1,0,6,15,1189
1,0,6,16,1173
1,0,6,17,1203
1,0,6,18,1172
1,0,6,19,1196
1,0,6,20,1185
1,0,6,21,1178
1,0,6,22,1205
1,0,6,23,1187
1,0,6,24,1212
1,0,6,25,1197
1,0,6,26,1171
1,0,6,27,1184
1,0,6,28,1178
1,0,6,29,1198
1,0,6,30,1199
1,0,6,31,1169
1,0,6,32,1175
1,0,6,33,1173
1,0,6,34,1189
1,0,6,35,1188
1,0,6,36,1173
1,0,6,37,1213
1,0,6,38,1212
1,0,6,39,1199
1,0,6,40,1194
1,0,6,41,1154
1,0,6,42,1193
1,0,6,43,1185
1,0,6,44,1178
1,0,6,45,1191
1,0,6,46,1175
1,0,6,47,1208
1,0,6,48,1208
1,0,6,49,1190
1,0,6,50,1189
1,0,6,51,1191
1,0,6,52,1192
1,0,6,53,1192
1,0,6,54,1186
1,0,6,55,1183
1,0,6,56,1174
1,0,6,57,1182
1,0,6,58,1196
1,0,6,59,1187
1,0,6,60,1200
1,0,6,61,1197
1,0,6,62,1203
1,0,6,63,1185
1,1,6,0,1189
1,1,6,1,1215
1,1,6,2,1204
1,1,6,3,1194
1,1,6,4,1232
1,1,6,5,1189
1,1,6,6,1198
1,1,6,7,1187
1,1,6,8,1199
1,1,6,9,1199
1,1,6,10,1211
1,1,6,11,1197
1,1,6,12,1182
1,1,6,13,1187
1,1,6,14,1206
1,1,6,15,1177
1,1,6,16,1188
1,1,6,17,1180
1,1,6,18,1182
1,1,6,19,1181
1,1,6,20,1199
1,1,6,21,1198
1,1,6,22,1196
1,1,6,23,1188
1,1,6,24,1182
1,1,6,25,1168
1,1,6,26,1178
1,1,6,27,1173
1,1,6,28,1192
1,1,6,29,1200
1,1,6,30,1178
1,1,6,31,1198
1,1,6,32,1182
1,1,6,33,1174
1,1,6,34,1185
1,1,6,35,1193
1,1,6,36,1183
1,1,6,37,1191
1,1,6,38,1177
1,1,6,39,1180
1,1,6,40,1191
1,1,6,41,1182
1,1,6,42,1186
1,1,6,43,1180
1,1,6,44,1181
1,1,6,45,1170
1,1,6,46,1186
1,1,6,47,1199
1,1,6,48,1174
1,1,6,49,1197
1,1,6,50,1185
1,1,6,51,1162
1,1,6,52,1180
1,1,6,53,1187
1,1,6,54,1187
1,1,6,55,1205
1,1,6,56,1192
1,1,6,57,1178
1,1,6,58,1187
1,1,6,59,1185
1,1,6,60,1198
1,1,6,61,1185
1,1,6,62,1203
1,1,6,63,1180
1,1,7,0,1172
1,1,7,1,1187
1,1,7,2,1176
1,1,7,3,1191
1,1,7,4,1190
1,1,7,5,1196
1,1,7,6,1162
1,1,7,7,1185
1,1,7,8,1201
1,1,7,9,1178
1,1,7,10,1196
1,1,7,11,1192
1,1,7,12,1180
1,1,7,13,1171
1,1,7,14,1193
1,1,7,15,1172
1,1,7,16,1199
1,1,7,17,1196
1,1,7,18,1201
1,1,7,19,1193
1,1,7,20,1201
1,1,7,21,1183
1,1,7,22,1186
1,1,7,23,1198
1,1,7,24,1198
1,1,7,25,1188
1,1,7,26,1204
1,1,7,27,1193
1,1,7,28,1188
1,1,7,29,1214
1,1,7,30,1194
1,1,7,31,1207
1,1,7,32,1314
1,1,7,33,1176
1,1,7,34,1181
1,1,7,35,1163
1,1,7,36,1176
1,1,7,37,1173
1,1,7,38,1172
1,1,7,39,1175
1,1,7,40,1179
1,1,7,41,1186
1,1,7,42,1178
1,1,7,43,1169
1,1,7,44,1184
1,1,7,45,1192
1,1,7,46,1196
1,1,7,47,1198
1,1,7,48,1181
1,1,7,49,1190
1,1,7,50,1190
1,1,7,51,1176
1,1,7,52,1170
1,1,7,53,1207
1,1,7,54,1207
1,1,7,55,1201
1,1,7,56,1188
1,1,7,57,1194
1,1,7,58,1178
1,1,7,59,1177
1,1,7,60,1197
1,1,7,61,1169
1,1,7,62,1198
1,1,7,63,1206
1,0,7,0,1190
1,0,7,1,1187
1,0,7,2,1205
1,0,7,3,1205
1,0,7,4,1200
1,0,7,5,1188
1,0,7,6,1191
1,0,7,7,1211
1,0,7,8,1189
1,0,7,9,1178
1,0,7,10,1172
1,0,7,11,1173
1,0,7,12,1194
1,0,7,13,1201
1,0,7,14,1184
1,0,7,15,1196
1,0,7,16,1168
1,0,7,17,1186
1,0,7,18,1179
1,0,7,19,1194
1,0,7,20,1188
1,0,7,21,1184
1,0,7,22,1178
1,0,7,23,1186
1,0,7,24,1217
1,0,7,25,1188
1,0,7,26,1184
1,0,7,27,1183
1,0,7,28,1201
1,0,7,29,1191
1,0,7,30,1190
1,0,7,31,1189
1,0,7,32,1210
1,0,7,33,1201
1,0,7,34,1204
1,0,7,35,1196
1,0,7,36,1185
1,0,7,37,1197
1,0,7,38,1190
1,0,7,39,1196
1,0,7,40,1176
1,0,7,41,1204
1,0,7,42,1193
1,0,7,43,1176
1,0,7,44,1198
1,0,7,45,1186
1,0,7,46,1188
1,0,7,47,1196
1,0,7,48,1212
1,0,7,49,1208
1,0,7,50,1189
1,0,7,51,1198
1,0,7,52,1182
1,0,7,53,1182
1,0,7,54,1184
1,0,7,55,1186
1,0,7,56,1193
1,0,7,57,1190
1,0,7,58,1202
1,0,7,59,1193
1,0,7,60,1201
1,0,7,61,1188
1,0,7,62,1199
1,0,7,63,1197
2,0,0,0,19693
2,0,0,1,19234
2,0,0,2,19680
2,0,0,3,19282
2,0,0,4,19394
2,0,0,5,19787
2,0,0,6,19692
2,0,0,7,19628
2,0,0,8,19357
2,0,0,9,19638
2,0,0,10,19479
2,0,0,11,19237
2,0,0,12,19564
2,0,0,13,19370
2,0,0,14,19762
2,0,0,15,19382
2,0,0,16,19483
2,0,0,17,19255
2,0,0,18,19396
2,0,0,19,19648
2,0,0,20,19608
2,0,0,21,19411
2,0,0,22,19402
2,0,0,23,19469
2,0,0,24,19456
2,0,0,25,19339
2,0,0,26,19430
2,0,0,27,19401
2,0,0,28,19291
2,0,0,29,19448
2,0,0,30,19535
2,0,0,31,19693
2,0,0,32,19342
2,0,0,33,19503
2,0,0,34,19470
2,0,0,35,19537
2,0,0,36,19637
2,0,0,37,19229
2,0,0,38,19555
2,0,0,39,19674
2,0,0,40,19357
2,0,0,41,19476
2,0,0,42,19333
2,0,0,43,19337
2,0,0,44,19611
2,0,0,45,19404
2,0,0,46,19343
2,0,0,47,19300
2,0,0,48,19416
2,0,0,49,19376
2,0,0,50,19487
2,0,0,51,19606
2,0,0,52,19800
2,0,0,53,19648
2,0,0,54,19307
2,0,0,55,19596
2,0,0,56,19386
2,0,0,57,19449
2,0,0,58,19285
2,0,0,59,19541
2,0,0,60,19310
2,0,0,61,19307
2,0,0,62,19605
2,0,0,63,19314
2,1,0,0,19327
2,1,0,1,19374
2,1,0,2,19863
2,1,0,3,19425
2,1,0,4,19249
2,1,0,5,19502
2,1,0,6,19336
2,1,0,7,19456
2,1,0,8,19830
2,1,0,9,19509
2,1,0,10,19302
2,1,0,11,19304
2,1,0,12,19513
2,1,0,13,19325
2,1,0,14,19330
2,1,0,15,19369
2,1,0,16,19406
2,1,0,17,19264
2,1,0,18,19651
2,1,0,19,19711
2,1,0,20,19592
2,1,0,21,19584
2,1,0,22,19586
2,1,0,23,19701
2,1,0,24,19505
2,1,0,25,19226
2,1,0,26,19323
2,1,0,27,19240
2,1,0,28,19629
2,1,0,29,19610
2,1,0,30,19593
2,1,0,31,19554
2,1,0,32,19663
2,1,0,33,19557
2,1,0,34,19761
2,1,0,35,19322
2,1,0,36,19556
2,1,0,37,19373
2,1,0,38,19424
2,1,0,39,19655
2,1,0,40,19582
2,1,0,41,19535
2,1,0,42,19609
2,1,0,43,19588
2,1,0,44,19558
2,1,0,45,19347
2,1,0,46,19421
2,1,0,47,19444
2,1,0,48,19626
2,1,0,49,19692
2,1,0,50,19476
2,1,0,51,19660
2,1,0,52,19403
2,1,0,53,19606
2,1,0,54,19517
2,1,0,55,19762
2,1,0,56,19637
2,1,0,57,19604
2,1,0,58,19549
2,1,0,59,19591
2,1,0,60,19751
2,1,0,61,19283
2,1,0,62,19483
2,1,0,63,19379
2,1,1,0,19312
2,1,1,1,19545
2,1,1,2,19456
2,1,1,3,19545
2,1,1,4,19325
2,1,1,5,19275
2,1,1,6,19336
2,1,1,7,19304
2,1,1,8,19257
2,1,1,9,19538
2,1,1,10,19542
2,1,1,11,19204
2,1,1,12,19401
2,1,1,13,19514
2,1,1,14,19247
2,1,1,15,19309
2,1,1,16,19358
2,1,1,17,19416
2,1,1,18,19302
2,1,1,19,19738
2,1,1,20,19657
2,1,1,21,19333
2,1,1,22,19411
2,1,1,23,19652
2,1,1,24,19708
2,1,1,25,19644
2,1,1,26,20125
2,1,1,27,19366
2,1,1,28,19578
2,1,1,29,19299
2,1,1,30,19601
2,1,1,31,19603
2,1,1,32,19629
2,1,1,33,19641
2,1,1,34,19553
2,1,1,35,19385
2,1,1,36,19520
2,1,1,37,19604
2,1,1,38,19301
2,1,1,39,19435
2,1,1,40,19316
2,1,1,41,19602
2,1,1,42,19653
2,1,1,43,19425
2,1,1,44,19588
2,1,1,45,19298
2,1,1,46,19261
2,1,1,47,19522
2,1,1,48,19249
2,1,1,49,19365
2,1,1,50,19494
2,1,1,51,19431
2,1,1,52,19381
2,1,1,53,19509
2,1,1,54,19599
2,1,1,55,19252
2,1,1,56,19340
2,1,1,57,19396
2,1,1,58,19426
2,1,1,59,19414
2,1,1,60,19284
2,1,1,61,19447
2,1,1,62,19340
2,1,1,63,19309
2,0,1,0,19426
2,0,1,1,19547
2,0,1,2,19464
2,0,1,3,19730
2,0,1,4,19548
2,0,1,5,19437
2,0,1,6,19413
2,0,1,7,19701
2,0,1,8,19547
2,0,1,9,19727
2,0,1,10,19467
2,0,1,11,19335
2,0,1,12,19362
2,0,1,13,19720
2,0,1,14,19691
2,0,1,15,19615
2,0,1,16,19725
2,0,1,17,19692
2,0,1,18,19699
2,0,1,19,19336
2,0,1,20,19279
2,0,1,21,19543
2,0,1,22,19205
2,0,1,23,19419
2,0,1,24,19304
2,0,1,25,19422
2,0,1,26,19326
2,0,1,27,19245
2,0,1,28,19563
2,0,1,29,19213
2,0,1,30,19362
2,0,1,31,19446
2,0,1,32,19359
2,0,1,33,19341
2,0,1,34,19366
2,0,1,35,19566
2,0,1,36,19388
2,0,1,37,19709
2,0,1,38,19624
2,0,1,39,19437
2,0,1,40,19593
2,0,1,41,19555
2,0,1,42,19762
2,0,1,43,19647
2,0,1,44,19630
2,0,1,45,19402
2,0,1,46,19511
2,0,1,47,19600
2,0,1,48,19536
2,0,1,49,19607
2,0,1,50,20001
2,0,1,51,19616
2,0,1,52,19201
2,0,1,53,19375
2,0,1,54,19405
2,0,1,55,19360
2,0,1,56,19349
2,0,1,57,19426
2,0,1,58,19459
2,0,1,59,19273
2,0,1,60,19663
2,0,1,61,19309
2,0,1,62,19433
2,0,1,63,19254
2,0,2,0,19335
2,0,2,1,19305
2,0,2,2,19512
2,0,2,3,19362
2,0,2,4,19342
2,0,2,5,19817
2,0,2,6,19261
2,0,2,7,19281
2,0,2,8,19719
2,0,2,9,19385
2,0,2,10,19236
2,0,2,11,19541
2,0,2,12,19347
2,0,2,13,19570
2,0,2,14,19586
2,0,2,15,19571
2,0,2,16,19290
2,0,2,17,19404
2,0,2,18,19489
2,0,2,19,19693
2,0,2,20,19397
2,0,2,21,19749
2,0,2,22,19574
2,0,2,23,19358
2,0,2,24,19486
2,0,2,25,19480
2,0,2,26,19590
2,0,2,27,19712
2,0,2,28,19626
2,0,2,29,19571
2,0,2,30,19624
2,0,2,31,19455
2,0,2,32,19609
2,0,2,33,19288
2,0,2,34,19391
2,0,2,35,19307
2,0,2,36,19599
2,0,2,37,19645
2,0,2,38,19524
2,0,2,39,19402
2,0,2,40,19406
2,0,2,41,19772
2,0,2,42,19713
2,0,2,43,19714
2,0,2,44,19370
2,0,2,45,19555
2,0,2,46,19543
2,0,2,47,19604
2,0,2,48,19623
2,0,2,49,19491
2,0,2,50,19248
2,0,2,51,19243
2,0,2,52,19732
2,0,2,53,19254
2,0,2,54,19333
2,0,2,55,19304
2,0,2,56,19585
2,0,2,57,19383
2,0,2,58,19596
2,0,2,59,19753
2,0,2,60,19338
2,0,2,61,19613
2,0,2,62,19397
2,0,2,63,19697
2,1,2,0,19601
2,1,2,1,19340
2,1,2,2,19454
2,1,2,3,19517
2,1,2,4,19628
2,1,2,5,19548
2,1,2,6,19552
2,1,2,7,20107
2,1,2,8,19485
2,1,2,9,19478
2,1,2,10,19477
2,1,2,11,19325
2,1,2,12,19433
2,1,2,13,19412
2,1,2,14,19338
2,1,2,15,19276
2,1,2,16,19304
2,1,2,17,19425
2,1,2,18,19668
2,1,2,19,19474
2,1,2,20,19522
2,1,2,21,19539
2,1,2,22,19802
2,1,2,23,19200
2,1,2,24,19629
2,1,2,25,19659
2,1,2,26,19282
2,1,2,27,19526
2,1,2,28,19498
2,1,2,29,19633
2,1,2,30,19309
2,1,2,31,19487
2,1,2,32,19407
2,1,2,33,19410
2,1,2,34,19625
2,1,2,35,19599
2,1,2,36,19332
2,1,2,37,19219
2,1,2,38,19416
2,1,2,39,19219
2,1,2,40,19490
2,1,2,41,19390
2,1,2,42,19443
2,1,2,43,19451
2,1,2,44,19524
2,1,2,45,19247
2,1,2,46,19298
2,1,2,47,19654
2,1,2,48,19323
2,1,2,49,19478
2,1,2,50,19383
2,1,2,51,19292
2,1,2,52,19580
2,1,2,53,19343
2,1,2,54,19412
2,1,2,55,19364
2,1,2,56,19625
2,1,2,57,19362
2,1,2,58,19730
2,1,2,59,19493
2,1,2,60,19324
2,1,2,61,19603
2,1,2,62,19369
2,1,2,63,19595
2,1,3,0,19254
2,1,3,1,19623
2,1,3,2,19752
2,1,3,3,19597
2,1,3,4,19598
2,1,3,5,19534
2,1,3,6,19601
2,1,3,7,19548
2,1,3,8,19639
2,1,3,9,19559
2,1,3,10,19649
2,1,3,11,19647
2,1,3,12,19589
2,1,3,13,19319
2,1,3,14,19414
2,1,3,15,19357
2,1,3,16,19590
2,1,3,17,19291
2,1,3,18,19238
2,1,3,19,19608
2,1,3,20,19490
2,1,3,21,19695
2,1,3,22,19589
2,1,3,23,19562
2,1,3,24,19694
2,1,3,25,19268
2,1,3,26,19359
2,1,3,27,19611
2,1,3,28,19627
2,1,3,29,19491
2,1,3,30,19567
2,1,3,31,20395
2,1,3,32,19430
2,1,3,33,19360
2,1,3,34,19598
2,1,3,35,19232
2,1,3,36,19280
2,1,3,37,19455
2,1,3,38,19563
2,1,3,39,19420
2,1,3,40,19268
2,1,3,41,19396
2,1,3,42,19444
2,1,3,43,19289
2,1,3,44,19192
2,1,3,45,19540
2,1,3,46,19746
2,1,3,47,19599
2,1,3,48,19708
2,1,3,49,19773
2,1,3,50,19317
2,1,3,51,19614
2,1,3,52,19663
2,1,3,53,19579
2,1,3,54,19609
2,1,3,55,19636
2,1,3,56,19726
2,1,3,57,19379
2,1,3,58,19635
2,1,3,59,19597
2,1,3,60,19418
2,1,3,61,19405
2,1,3,62,19665
2,1,3,63,19683
2,0,3,0,19417
2,0,3,1,19766
2,0,3,2,19320
2,0,3,3,19387
2,0,3,4,19444
2,0,3,5,19418
2,0,3,6,19495
2,0,3,7,19304
2,0,3,8,19607
2,0,3,9,19571
2,0,3,10,19435
2,0,3,11,19675
2,0,3,12,19617
2,0,3,13,19600
2,0,3,14,19390
2,0,3,15,19273
2,0,3,16,19496
2,0,3,17,19581
2,0,3,18,19671
2,0,3,19,19712
2,0,3,20,19607
2,0,3,21,19334
2,0,3,22,19349
2,0,3,23,19604
2,0,3,24,19395
2,0,3,25,19385
2,0,3,26,19461
2,0,3,27,19252
2,0,3,28,19242
2,0,3,29,19445
2,0,3,30,19382
2,0,3,31,19382
2,0,3,32,19419
2,0,3,33,19622
2,0,3,34,19630
2,0,3,35,19559
2,0,3,36,19327
2,0,3,37,19511
2,0,3,38,19697
2,0,3,39,19631
2,0,3,40,19577
2,0,3,41,19712
2,0,3,42,19645
2,0,3,43,19682
2,0,3,44,19415
2,0,3,45,19394
2,0,3,46,19552
2,0,3,47,19710
2,0,3,48,19452
2,0,3,49,19219
2,0,3,50,19462
2,0,3,51,19562
2,0,3,52,19337
2,0,3,53,20224
2,0,3,54,19694
2,0,3,55,19691
2,0,3,56,19429
2,0,3,57,19306
2,0,3,58,19701
2,0,3,59,19279
2,0,3,60,19412
2,0,3,61,19314
2,0,3,62,19348
2,0,3,63,19359
2,0,4,0,19381
2,0,4,1,19333
2,0,4,2,19762
2,0,4,3,19643
2,0,4,4,19582
2,0,4,5,19326
2,0,4,6,19678
2,0,4,7,19593
2,0,4,8,19465
2,0,4,9,19579
2,0,4,10,19316
2,0,4,11,19356
2,0,4,12,19488
2,0,4,13,19641
2,0,4,14,19306
2,0,4,15,19321
2,0,4,16,19590
2,0,4,17,19466
2,0,4,18,19322
2,0,4,19,19510
2,0,4,20,19591
2,0,4,21,19490
2,0,4,22,19271
2,0,4,23,19582
2,0,4,24,19585
2,0,4,25,19560
2,0,4,26,19549
2,0,4,27,19381
2,0,4,28,19731
2,0,4,29,19423
2,0,4,30,19400
2,0,4,31,19536
2,0,4,32,19378
2,0,4,33,19286
2,0,4,34,19432
2,0,4,35,19607
2,0,4,36,19410
2,0,4,37,19447
2,0,4,38,19625
2,0,4,39,19289
2,0,4,40,19630
2,0,4,41,19834
2,0,4,42,19444
2,0,4,43,19662
2,0,4,44,19513
2,0,4,45,19474
2,0,4,46,19299
2,0,4,47,19509
2,0,4,48,19290
2,0,4,49,19597
2,0,4,50,19283
2,0,4,51,19660
2,0,4,52,19476
2,0,4,53,19584
2,0,4,54,19541
2,0,4,55,19352
2,0,4,56,19509
2,0,4,57,19288
2,0,4,58,19303
2,0,4,59,19414
2,0,4,60,19439
2,0,4,61,19284
2,0,4,62,19256
2,0,4,63,19517
2,1,4,0,19401
2,1,4,1,19568
2,1,4,2,19664
2,1,4,3,19274
2,1,4,4,19640
2,1,4,5,19299
2,1,4,6,19535
2,1,4,7,19278
2,1,4,8,19254
2,1,4,9,19389
2,1,4,10,20244
2,1,4,11,19366
2,1,4,12,19338
2,1,4,13,19374
2,1,4,14,19326
2,1,4,15,19311
2,1,4,16,19599
2,1,4,17,19859
2,1,4,18,19788
2,1,4,19,19789
2,1,4,20,19960
2,1,4,21,19714
2,1,4,22,19546
2,1,4,23,19195
2,1,4,24,19605
2,1,4,25,19610
2,1,4,26,19494
2,1,4,27,19593
2,1,4,28,19576
2,1,4,29,19717
2,1,4,30,19474
2,1,4,31,19292
2,1,4,32,19324
2,1,4,33,19527
2,1,4,34,19267
2,1,4,35,19513
2,1,4,36,19256
2,1,4,37,19751
2,1,4,38,19505
2,1,4,39,19223
2,1,4,40,19479
2,1,4,41,19655
2,1,4,42,19603
2,1,4,43,19700
2,1,4,44,19595
2,1,4,45,19732
2,1,4,46,19554
2,1,4,47,19587
2,1,4,48,19725
2,1,4,49,19563
2,1,4,50,19653
2,1,4,51,19535
2,1,4,52,19358
2,1,4,53,19497
2,1,4,54,19641
2,1,4,55,19297
2,1,4,56,19266
2,1,4,57,19567
2,1,4,58,19677
2,1,4,59,19305
2,1,4,60,19521
2,1,4,61,19346
2,1,4,62,19590
2,1,4,63,19375
2,1,5,0,19481
2,1,5,1,19294
2,1,5,2,19624
2,1,5,3,19520
2,1,5,4,19696
2,1,5,5,19312
2,1,5,6,19642
2,1,5,7,19332
2,1,5,8,19222
2,1,5,9,19583
2,1,5,10,19320
2,1,5,11,19316
2,1,5,12,19298
2,1,5,13,19429
2,1,5,14,19218
2,1,5,15,19276
2,1,5,16,19550
2,1,5,17,19647
2,1,5,18,19606
2,1,5,19,19576
2,1,5,20,19531
2,1,5,21,19598
2,1,5,22,19662
2,1,5,23,19368
2,1,5,24,19706
2,1,5,25,19413
2,1,5,26,19565
2,1,5,27,19420
2,1,5,28,19281
2,1,5,29,19506
2,1,5,30,19353
2,1,5,31,19238
2,1,5,32,19588
2,1,5,33,19456
2,1,5,34,20247
2,1,5,35,19436
2,1,5,36,19605
2,1,5,37,19754
2,1,5,38,19402
2,1,5,39,19238
2,1,5,40,19721
2,1,5,41,19579
2,1,5,42,19255
2,1,5,43,19280
2,1,5,44,19364
2,1,5,45,19662
2,1,5,46,19654
2,1,5,47,19457
2,1,5,48,19450
2,1,5,49,19370
2,1,5,50,19291
2,1,5,51,19568
2,1,5,52,19567
2,1,5,53,19455
2,1,5,54,19576
2,1,5,55,19421
2,1,5,56,19477
2,1,5,57,19390
2,1,5,58,19494
2,1,5,59,19388
2,1,5,60,19357
2,1,5,61,19544
2,1,5,62,19290
2,1,5,63,19402
2,0,5,0,19271
2,0,5,1,19542
2,0,5,2,19450
2,0,5,3,19694
2,0,5,4,19641
2,0,5,5,19546
2,0,5,6,19658
2,0,5,7,19427
2,0,5,8,19702
2,0,5,9,19232
2,0,5,10,19271
2,0,5,11,19558
2,0,5,12,19645
2,0,5,13,19611
2,0,5,14,19803
2,0,5,15,19422
2,0,5,16,19466
2,0,5,17,19580
2,0,5,18,19460
2,0,5,19,19403
2,0,5,20,19404
2,0,5,21,19438
2,0,5,22,19250
2,0,5,23,19375
2,0,5,24,19655
2,0,5,25,19271
2,0,5,26,19280
2,0,5,27,19266
2,0,5,28,19610
2,0,5,29,19378
2,0,5,30,19426
2,0,5,31,19695
2,0,5,32,19323
2,0,5,33,19584
2,0,5,34,19434
2,0,5,35,19437
2,0,5,36,19330
2,0,5,37,19501
2,0,5,38,19549
2,0,5,39,19286
2,0,5,40,19662
2,0,5,41,19601
2,0,5,42,19455
2,0,5,43,19488
2,0,5,44,19329
2,0,5,45,19706
2,0,5,46,19349
2,0,5,47,19436
2,0,5,48,19501
2,0,5,49,19373
2,0,5,50,19544
2,0,5,51,19575
2,0,5,52,19496
2,0,5,53,19589
2,0,5,54,19647
2,0,5,55,19217
2,0,5,56,19575
2,0,5,57,20083
2,0,5,58,19726
2,0,5,59,19577
2,0,5,60,19273
2,0,5,61,19519
2,0,5,62,19282
2,0,5,63,19344
2,0,6,0,19512
2,0,6,1,19303
2,0,6,2,19517
2,0,6,3,19326
2,0,6,4,19634
2,0,6,5,19465
2,0,6,6,19571
2,0,6,7,19620
2,0,6,8,19559
2,0,6,9,19362
2,0,6,10,19421
2,0,6,11,19574
2,0,6,12,19498
2,0,6,13,19664
2,0,6,14,19522
2,0,6,15,19538
2,0,6,16,19418
2,0,6,17,19578
2,0,6,18,19701
2,0,6,19,19228
2,0,6,20,19580
2,0,6,21,19729
2,0,6,22,19576
2,0,6,23,19532
2,0,6,24,19414
2,0,6,25,19683
2,0,6,26,19686
2,0,6,27,19277
2,0,6,28,19316
2,0,6,29,19391
2,0,6,30,19548
2,0,6,31,19393
2,0,6,32,19453
2,0,6,33,19358
2,0,6,34,19622
2,0,6,35,19506
2,0,6,36,19457
2,0,6,37,19536
2,0,6,38,19533
2,0,6,39,19393
2,0,6,40,19208
2,0,6,41,19476
2,0,6,42,19325
2,0,6,43,19715
2,0,6,44,19546
2,0,6,45,19302
2,0,6,46,19618
2,0,6,47,19367
2,0,6,48,19358
2,0,6,49,19604
2,0,6,50,19301
2,0,6,51,19699
2,0,6,52,19522
2,0,6,53,19329
2,0,6,54,19565
2,0,6,55,19735
2,0,6,56,19334
2,0,6,57,19395
2,0,6,58,19376
2,0,6,59,19475
2,0,6,60,19322
2,0,6,61,19755
2,0,6,62,19606
2,0,6,63,19438
2,1,6,0,19246
2,1,6,1,19283
2,1,6,2,19646
2,1,6,3,19700
2,1,6,4,19371
2,1,6,5,19389
2,1,6,6,19454
2,1,6,7,19495
2,1,6,8,19747
2,1,6,9,19303
2,1,6,10,19577
2,1,6,11,19474
2,1,6,12,19556
2,1,6,13,19594
2,1,6,14,20243
2,1,6,15,19631
2,1,6,16,19492
2,1,6,17,19342
2,1,6,18,19232
2,1,6,19,19360
2,1,6,20,19387
2,1,6,21,19237
2,1,6,22,19276
2,1,6,23,19349
2,1,6,24,19257
2,1,6,25,19640
2,1,6,26,19330
2,1,6,27,19656
2,1,6,28,19405
2,1,6,29,19488
2,1,6,30,19385
2,1,6,31,19512
2,1,6,32,19598
2,1,6,33,19557
2,1,6,34,19230
2,1,6,35,19326
2,1,6,36,19420
2,1,6,37,19623
2,1,6,38,19515
2,1,6,39,19416
2,1,6,40,19415
2,1,6,41,19568
2,1,6,42,19556
2,1,6,43,19596
2,1,6,44,19582
2,1,6,45,19711
2,1,6,46,19631
2,1,6,47,19641
2,1,6,48,19677
2,1,6,49,19238
2,1,6,50,19446
2,1,6,51,19555
2,1,6,52,19364
2,1,6,53,19609
2,1,6,54,19473
2,1,6,55,19627
2,1,6,56,19544
2,1,6,57,19384
2,1,6,58,19315
2,1,6,59,19561
2,1,6,60,19237
2,1,6,61,19591
2,1,6,62,19203
2,1,6,63,19420
2,1,7,0,19223
2,1,7,1,19287
2,1,7,2,19632
2,1,7,3,19329
2,1,7,4,19297
2,1,7,5,19562
2,1,7,6,19503
2,1,7,7,19340
2,1,7,8,19448
2,1,7,9,19528
2,1,7,10,19354
2,1,7,11,19393
2,1,7,12,19315
2,1,7,13,19515
2,1,7,14,19310
2,1,7,15,19402
2,1,7,16,19395
2,1,7,17,19493
2,1,7,18,19413
2,1,7,19,19351
2,1,7,20,19360
2,1,7,21,19580
2,1,7,22,19367
2,1,7,23,19402
2,1,7,24,19616
2,1,7,25,19372
2,1,7,26,19239
2,1,7,27,19518
2,1,7,28,19551
2,1,7,29,19685
2,1,7,30,19386
2,1,7,31,19777
2,1,7,32,19606
2,1,7,33,19458
2,1,7,34,19556
2,1,7,35,19240
2,1,7,36,19253
2,1,7,37,19372
2,1,7,38,20418
2,1,7,39,19712
2,1,7,40,19218
2,1,7,41,19522
2,1,7,42,19344
2,1,7,43,19677
2,1,7,44,20401
2,1,7,45,19659
2,1,7,46,19690
2,1,7,47,19632
2,1,7,48,19933
2,1,7,49,19351
2,1,7,50,19299
2,1,7,51,19530
2,1,7,52,19425
2,1,7,53,19397
2,1,7,54,19329
2,1,7,55,19274
2,1,7,56,19478
2,1,7,57,19546
2,1,7,58,19329
2,1,7,59,19379
2,1,7,60,19222
2,1,7,61,19562
2,1,7,62,19317
2,1,7,63,19381
2,0,7,0,19287
2,0,7,1,19653
2,0,7,2,19589
2,0,7,3,19450
2,0,7,4,19544
2,0,7,5,19292
2,0,7,6,19252
2,0,7,7,19527
2,0,7,8,19523
2,0,7,9,19545
2,0,7,10,19701
2,0,7,11,19820
2,0,7,12,19378
2,0,7,13,19650
2,0,7,14,19366
2,0,7,15,19535
2,0,7,16,19773
2,0,7,17,19217
2,0,7,18,19226
2,0,7,19,19737
2,0,7,20,19306
2,0,7,21,19321
2,0,7,22,19415
2,0,7,23,19596
2,0,7,24,19587
2,0,7,25,19488
2,0,7,26,19262
2,0,7,27,19340
2,0,7,28,19610
2,0,7,29,19298
2,0,7,30,19538
2,0,7,31,19586
2,0,7,32,19540
2,0,7,33,19320
2,0,7,34,19342
2,0,7,35,19542
2,0,7,36,19651
2,0,7,37,19330
2,0,7,38,19577
2,0,7,39,19457
2,0,7,40,19383
2,0,7,41,19430
2,0,7,42,19586
2,0,7,43,19290
2,0,7,44,19743
2,0,7,45,19390
2,0,7,46,19556
2,0,7,47,19286
2,0,7,48,19252
2,0,7,49,19582
2,0,7,50,19529
2,0,7,51,19562
2,0,7,52,19692
2,0,7,53,19514
2,0,7,54,19375
2,0,7,55,19356
2,0,7,56,19322
2,0,7,57,19495
2,0,7,58,19305
2,0,7,59,19588
2,0,7,60,19289
2,0,7,61,19400
2,0,7,62,20221
2,0,7,63,19454
