cpucycles tracesetup 0 amd64-perfpmcff precision 0 scaling 0.000000 only32 0
cpucycles tracesetup 1 amd64-perfpmc precision 0 scaling 0.000000 only32 0
cpucycles tracesetup 2 amd64-pmcff precision 0 scaling 0.000000 only32 0
cpucycles tracesetup 3 amd64-tsc precision 1080 scaling 0.467415 only32 0
cpucycles tracesetup 4 amd64-tscasm precision 1090 scaling 0.467415 only32 0
cpucycles tracesetup 5 default-perfevent precision 203 scaling 1.000000 only32 0
cpucycles tracesetup 6 default-mach precision 0 scaling 0.000000 only32 0
cpucycles tracesetup 7 default-monotonic precision 1075 scaling 1.400000 only32 0
cpucycles tracesetup 8 default-gettimeofday precision 2440 scaling 1400.000000 only32 0
cpucycles tracesetup 9 default-zero precision 0 scaling 0.000000 only32 0
region,variant,block,observation,cycles
0,0,0,0,1055
0,0,0,1,966
0,0,0,2,962
0,0,0,3,955
0,0,0,4,965
0,0,0,5,1017
0,0,0,6,986
0,0,0,7,961
0,0,0,8,965
0,0,0,9,970
0,0,0,10,981
0,0,0,11,988
0,0,0,12,974
0,0,0,13,976
0,0,0,14,981
0,0,0,15,988
0,0,0,16,975
0,0,0,17,958
0,0,0,18,967
0,0,0,19,965
0,0,0,20,969
0,0,0,21,982
0,0,0,22,974
0,0,0,23,961
0,0,0,24,972
0,0,0,25,954
0,0,0,26,966
0,0,0,27,978
0,0,0,28,960
0,0,0,29,971
0,0,0,30,972
0,0,0,31,975
0,0,0,32,974
0,0,0,33,965
0,0,0,34,974
0,0,0,35,974
0,0,0,36,972
0,0,0,37,975
0,0,0,38,981
0,0,0,39,960
0,0,0,40,982
0,0,0,41,966
0,0,0,42,990
0,0,0,43,960
0,0,0,44,972
0,0,0,45,977
0,0,0,46,976
0,0,0,47,981
0,0,0,48,978
0,0,0,49,971
0,0,0,50,963
0,0,0,51,983
0,0,0,52,968
0,0,0,53,980
0,0,0,54,970
0,0,0,55,963
0,0,0,56,973
0,0,0,57,968
0,0,0,58,977
0,0,0,59,985
0,0,0,60,984
0,0,0,61,976
0,0,0,62,968
0,0,0,63,978
0,1,0,0,1047
0,1,0,1,1031
0,1,0,2,1029
0,1,0,3,1042
0,1,0,4,1033
0,1,0,5,1019
0,1,0,6,1018
0,1,0,7,1034
0,1,0,8,1008
0,1,0,9,1007
0,1,0,10,1005
0,1,0,11,994
0,1,0,12,1008
0,1,0,13,1014
0,1,0,14,1009
0,1,0,15,1018
0,1,0,16,997
0,1,0,17,1012
0,1,0,18,1017
0,1,0,19,1024
0,1,0,20,990
0,1,0,21,1007
0,1,0,22,1013
0,1,0,23,1019
0,1,0,24,1011
0,1,0,25,1001
0,1,0,26,1006
0,1,0,27,995
0,1,0,28,1021
0,1,0,29,997
0,1,0,30,1005
0,1,0,31,1016
0,1,0,32,993
0,1,0,33,1007
0,1,0,34,992
0,1,0,35,1016
0,1,0,36,1022
0,1,0,37,1024
0,1,0,38,1012
0,1,0,39,1010
0,1,0,40,1007
0,1,0,41,1000
0,1,0,42,1022
0,1,0,43,1003
0,1,0,44,1013
0,1,0,45,1004
0,1,0,46,1002
0,1,0,47,1004
0,1,0,48,1006
0,1,0,49,1004
0,1,0,50,1016
0,1,0,51,1015
0,1,0,52,1004
0,1,0,53,996
0,1,0,54,989
0,1,0,55,988
0,1,0,56,1008
0,1,0,57,1003
0,1,0,58,998
0,1,0,59,1021
0,1,0,60,1024
0,1,0,61,1004
0,1,0,62,1017
0,1,0,63,1029
0,1,1,0,987
0,1,1,1,1009
0,1,1,2,996
0,1,1,3,1009
0,1,1,4,1015
0,1,1,5,1000
0,1,1,6,1003
0,1,1,7,1011
0,1,1,8,1018
0,1,1,9,1004
0,1,1,10,1001
0,1,1,11,1012
0,1,1,12,1017
0,1,1,13,1005
0,1,1,14,1002
0,1,1,15,1024
0,1,1,16,1019
0,1,1,17,1007
0,1,1,18,1007
0,1,1,19,993
0,1,1,20,1024
0,1,1,21,1003
0,1,1,22,1017
0,1,1,23,1013
0,1,1,24,1012
0,1,1,25,1013
0,1,1,26,1005
0,1,1,27,1019
0,1,1,28,1009
0,1,1,29,1024
0,1,1,30,1015
0,1,1,31,1010
0,1,1,32,998
0,1,1,33,998
0,1,1,34,993
0,1,1,35,1005
0,1,1,36,1000
0,1,1,37,1006
0,1,1,38,1008
0,1,1,39,993
0,1,1,40,1014
0,1,1,41,1000
0,1,1,42,1006
0,1,1,43,1011
0,1,1,44,1018
0,1,1,45,1007
0,1,1,46,1005
0,1,1,47,1013
0,1,1,48,1006
0,1,1,49,1003
0,1,1,50,1000
0,1,1,51,1014
0,1,1,52,1017
0,1,1,53,991
0,1,1,54,1025
0,1,1,55,1032
0,1,1,56,1005
0,1,1,57,1020
0,1,1,58,998
0,1,1,59,1005
0,1,1,60,993
0,1,1,61,1009
0,1,1,62,1015
0,1,1,63,1013
0,0,1,0,985
0,0,1,1,1001
0,0,1,2,995
0,0,1,3,970
0,0,1,4,953
0,0,1,5,971
0,0,1,6,987
0,0,1,7,960
0,0,1,8,967
0,0,1,9,974
0,0,1,10,971
0,0,1,11,988
0,0,1,12,976
0,0,1,13,962
0,0,1,14,960
0,0,1,15,977
0,0,1,16,966
0,0,1,17,975
0,0,1,18,971
0,0,1,19,981
0,0,1,20,970
0,0,1,21,978
0,0,1,22,968
0,0,1,23,981
0,0,1,24,986
0,0,1,25,973
0,0,1,26,982
0,0,1,27,975
0,0,1,28,983
0,0,1,29,969
0,0,1,30,972
0,0,1,31,978
0,0,1,32,966
0,0,1,33,999
0,0,1,34,965
0,0,1,35,965
0,0,1,36,959
0,0,1,37,978
0,0,1,38,973
0,0,1,39,973
0,0,1,40,978
0,0,1,41,980
0,0,1,42,981
0,0,1,43,965
0,0,1,44,961
0,0,1,45,968
0,0,1,46,960
0,0,1,47,974
0,0,1,48,970
0,0,1,49,970
0,0,1,50,960
0,0,1,51,971
0,0,1,52,961
0,0,1,53,977
0,0,1,54,975
0,0,1,55,956
0,0,1,56,994
0,0,1,57,955
0,0,1,58,967
0,0,1,59,970
0,0,1,60,968
0,0,1,61,976
0,0,1,62,965
0,0,1,63,970
0,0,2,0,962
0,0,2,1,971
0,0,2,2,979
0,0,2,3,966
0,0,2,4,976
0,0,2,5,978
0,0,2,6,974
0,0,2,7,958
0,0,2,8,961
0,0,2,9,974
0,0,2,10,976
0,0,2,11,976
0,0,2,12,978
0,0,2,13,979
0,0,2,14,970
0,0,2,15,953
0,0,2,16,963
0,0,2,17,973
0,0,2,18,964
0,0,2,19,964
0,0,2,20,961
0,0,2,21,971
0,0,2,22,983
0,0,2,23,959
0,0,2,24,974
0,0,2,25,967
0,0,2,26,958
0,0,2,27,982
0,0,2,28,966
0,0,2,29,971
0,0,2,30,951
0,0,2,31,985
0,0,2,32,956
0,0,2,33,983
0,0,2,34,978
0,0,2,35,966
0,0,2,36,969
0,0,2,37,978
0,0,2,38,969
0,0,2,39,970
0,0,2,40,978
0,0,2,41,977
0,0,2,42,975
0,0,2,43,970
0,0,2,44,979
0,0,2,45,955
0,0,2,46,964
0,0,2,47,960
0,0,2,48,980
0,0,2,49,981
0,0,2,50,972
0,0,2,51,972
0,0,2,52,965
0,0,2,53,969
0,0,2,54,977
0,0,2,55,978
0,0,2,56,969
0,0,2,57,962
0,0,2,58,971
0,0,2,59,968
0,0,2,60,977
0,0,2,61,969
0,0,2,62,980
0,0,2,63,966
0,1,2,0,991
0,1,2,1,1030
0,1,2,2,1032
0,1,2,3,1029
0,1,2,4,1037
0,1,2,5,1024
0,1,2,6,984
0,1,2,7,1004
0,1,2,8,1000
0,1,2,9,1000
0,1,2,10,1019
0,1,2,11,981
0,1,2,12,1003
0,1,2,13,997
0,1,2,14,1002
0,1,2,15,1003
0,1,2,16,1004
0,1,2,17,978
0,1,2,18,1000
0,1,2,19,995
0,1,2,20,992
0,1,2,21,991
0,1,2,22,988
0,1,2,23,1006
0,1,2,24,1012
0,1,2,25,1008
0,1,2,26,1012
0,1,2,27,1001
0,1,2,28,999
0,1,2,29,1007
0,1,2,30,1014
0,1,2,31,1020
0,1,2,32,1001
0,1,2,33,1026
0,1,2,34,1005
0,1,2,35,1008
0,1,2,36,996
0,1,2,37,1022
0,1,2,38,1000
0,1,2,39,1011
0,1,2,40,1016
0,1,2,41,994
0,1,2,42,989
0,1,2,43,985
0,1,2,44,1012
0,1,2,45,1012
0,1,2,46,1002
0,1,2,47,1003
0,1,2,48,1011
0,1,2,49,1005
0,1,2,50,1004
0,1,2,51,1009
0,1,2,52,1002
0,1,2,53,1000
0,1,2,54,1005
0,1,2,55,1015
0,1,2,56,1014
0,1,2,57,1007
0,1,2,58,999
0,1,2,59,993
0,1,2,60,1019
0,1,2,61,983
0,1,2,62,1020
0,1,2,63,999
0,1,3,0,990
0,1,3,1,1006
0,1,3,2,1010
0,1,3,3,994
0,1,3,4,1017
0,1,3,5,1026
0,1,3,6,999
0,1,3,7,1001
0,1,3,8,1002
0,1,3,9,1016
0,1,3,10,1017
0,1,3,11,1019
0,1,3,12,1014
0,1,3,13,1010
0,1,3,14,1012
0,1,3,15,1008
0,1,3,16,998
0,1,3,17,1001
0,1,3,18,991
0,1,3,19,1015
0,1,3,20,1007
0,1,3,21,1004
0,1,3,22,1010
0,1,3,23,1004
0,1,3,24,1016
0,1,3,25,1021
0,1,3,26,1006
0,1,3,27,1008
0,1,3,28,1009
0,1,3,29,998
0,1,3,30,1011
0,1,3,31,1008
0,1,3,32,1014
0,1,3,33,1003
0,1,3,34,1013
0,1,3,35,1016
0,1,3,36,1022
0,1,3,37,1011
0,1,3,38,980
0,1,3,39,1021
0,1,3,40,996
0,1,3,41,1011
0,1,3,42,1015
0,1,3,43,1013
0,1,3,44,1015
0,1,3,45,1010
0,1,3,46,1003
0,1,3,47,1007
0,1,3,48,1005
0,1,3,49,1007
0,1,3,50,1008
0,1,3,51,995
0,1,3,52,1004
0,1,3,53,997
0,1,3,54,1022
0,1,3,55,1011
0,1,3,56,1023
0,1,3,57,1006
0,1,3,58,997
0,1,3,59,1018
0,1,3,60,1013
0,1,3,61,1005
0,1,3,62,999
0,1,3,63,1012
0,0,3,0,958
0,0,3,1,1004
0,0,3,2,982
0,0,3,3,977
0,0,3,4,989
0,0,3,5,971
0,0,3,6,976
0,0,3,7,968
0,0,3,8,977
0,0,3,9,962
0,0,3,10,968
0,0,3,11,971
0,0,3,12,961
0,0,3,13,999
0,0,3,14,967
0,0,3,15,968
0,0,3,16,968
0,0,3,17,965
0,0,3,18,963
0,0,3,19,970
0,0,3,20,956
0,0,3,21,974
0,0,3,22,972
0,0,3,23,971
0,0,3,24,983
0,0,3,25,964
0,0,3,26,988
0,0,3,27,981
0,0,3,28,978
0,0,3,29,989
0,0,3,30,961
0,0,3,31,967
0,0,3,32,968
0,0,3,33,965
0,0,3,34,969
0,0,3,35,973
0,0,3,36,965
0,0,3,37,980
0,0,3,38,972
0,0,3,39,977
0,0,3,40,973
0,0,3,41,986
0,0,3,42,961
0,0,3,43,979
0,0,3,44,975
0,0,3,45,973
0,0,3,46,1002
0,0,3,47,967
0,0,3,48,963
0,0,3,49,983
0,0,3,50,975
0,0,3,51,974
0,0,3,52,983
0,0,3,53,988
0,0,3,54,984
0,0,3,55,973
0,0,3,56,980
0,0,3,57,983
0,0,3,58,985
0,0,3,59,973
0,0,3,60,971
0,0,3,61,976
0,0,3,62,977
0,0,3,63,975
0,0,4,0,972
0,0,4,1,976
0,0,4,2,976
0,0,4,3,977
0,0,4,4,978
0,0,4,5,997
0,0,4,6,961
0,0,4,7,981
0,0,4,8,972
0,0,4,9,975
0,0,4,10,969
0,0,4,11,965
0,0,4,12,967
0,0,4,13,967
0,0,4,14,985
0,0,4,15,992
0,0,4,16,991
0,0,4,17,971
0,0,4,18,1004
0,0,4,19,986
0,0,4,20,969
0,0,4,21,975
0,0,4,22,976
0,0,4,23,969
0,0,4,24,970
0,0,4,25,976
0,0,4,26,961
0,0,4,27,972
0,0,4,28,963
0,0,4,29,961
0,0,4,30,980
0,0,4,31,964
0,0,4,32,956
0,0,4,33,970
0,0,4,34,978
0,0,4,35,968
0,0,4,36,979
0,0,4,37,980
0,0,4,38,976
0,0,4,39,988
0,0,4,40,964
0,0,4,41,983
0,0,4,42,956
0,0,4,43,987
0,0,4,44,965
0,0,4,45,956
0,0,4,46,989
0,0,4,47,957
0,0,4,48,976
0,0,4,49,975
0,0,4,50,972
0,0,4,51,964
0,0,4,52,960
0,0,4,53,963
0,0,4,54,956
0,0,4,55,967
0,0,4,56,975
0,0,4,57,978
0,0,4,58,969
0,0,4,59,966
0,0,4,60,984
0,0,4,61,960
0,0,4,62,950
0,0,4,63,974
0,1,4,0,991
0,1,4,1,1041
0,1,4,2,1019
0,1,4,3,1016
0,1,4,4,1026
0,1,4,5,1004
0,1,4,6,1028
0,1,4,7,1001
0,1,4,8,989
0,1,4,9,1019
0,1,4,10,1011
0,1,4,11,1000
0,1,4,12,1021
0,1,4,13,1022
0,1,4,14,1001
0,1,4,15,971
0,1,4,16,1011
0,1,4,17,1026
0,1,4,18,1015
0,1,4,19,1004
0,1,4,20,989
0,1,4,21,998
0,1,4,22,1024
0,1,4,23,1005
0,1,4,24,1010
0,1,4,25,1012
0,1,4,26,995
0,1,4,27,1003
0,1,4,28,1011
0,1,4,29,1020
0,1,4,30,979
0,1,4,31,1014
0,1,4,32,1008
0,1,4,33,1007
0,1,4,34,995
0,1,4,35,994
0,1,4,36,1000
0,1,4,37,994
0,1,4,38,994
0,1,4,39,1003
0,1,4,40,1014
0,1,4,41,1002
0,1,4,42,1002
0,1,4,43,1011
0,1,4,44,1015
0,1,4,45,1021
0,1,4,46,1012
0,1,4,47,996
0,1,4,48,1005
0,1,4,49,1022
0,1,4,50,1003
0,1,4,51,1006
0,1,4,52,981
0,1,4,53,1004
0,1,4,54,998
0,1,4,55,1002
0,1,4,56,1010
0,1,4,57,1001
0,1,4,58,1004
0,1,4,59,1007
0,1,4,60,991
0,1,4,61,1010
0,1,4,62,1002
0,1,4,63,994
0,1,5,0,987
0,1,5,1,1011
0,1,5,2,1010
0,1,5,3,1010
0,1,5,4,1032
0,1,5,5,1001
0,1,5,6,1001
0,1,5,7,1008
0,1,5,8,997
0,1,5,9,1003
0,1,5,10,1008
0,1,5,11,997
0,1,5,12,1032
0,1,5,13,1010
0,1,5,14,1006
0,1,5,15,1001
0,1,5,16,999
0,1,5,17,1010
0,1,5,18,1008
0,1,5,19,1011
0,1,5,20,1018
0,1,5,21,1005
0,1,5,22,1008
0,1,5,23,994
0,1,5,24,1011
0,1,5,25,1010
0,1,5,26,1012
0,1,5,27,1023
0,1,5,28,1020
0,1,5,29,1023
0,1,5,30,1009
0,1,5,31,1007
0,1,5,32,1017
0,1,5,33,1005
0,1,5,34,996
0,1,5,35,981
0,1,5,36,1018
0,1,5,37,1006
0,1,5,38,991
0,1,5,39,1008
0,1,5,40,1002
0,1,5,41,1009
0,1,5,42,1017
0,1,5,43,1007
0,1,5,44,998
0,1,5,45,981
0,1,5,46,1019
0,1,5,47,1014
0,1,5,48,992
0,1,5,49,1021
0,1,5,50,983
0,1,5,51,1003
0,1,5,52,1008
0,1,5,53,998
0,1,5,54,1021
0,1,5,55,995
0,1,5,56,1011
0,1,5,57,1024
0,1,5,58,1009
0,1,5,59,1023
0,1,5,60,1018
0,1,5,61,1006
0,1,5,62,991
0,1,5,63,1008
0,0,5,0,964
0,0,5,1,1003
0,0,5,2,976
0,0,5,3,989
0,0,5,4,1002
0,0,5,5,971
0,0,5,6,964
0,0,5,7,971
0,0,5,8,953
0,0,5,9,970
0,0,5,10,971
0,0,5,11,977
0,0,5,12,980
0,0,5,13,958
0,0,5,14,976
0,0,5,15,958
0,0,5,16,965
0,0,5,17,973
0,0,5,18,962
0,0,5,19,974
0,0,5,20,990
0,0,5,21,997
0,0,5,22,974
0,0,5,23,956
0,0,5,24,968
0,0,5,25,972
0,0,5,26,967
0,0,5,27,975
0,0,5,28,978
0,0,5,29,988
0,0,5,30,965
0,0,5,31,987
0,0,5,32,969
0,0,5,33,962
0,0,5,34,976
0,0,5,35,991
0,0,5,36,972
0,0,5,37,987
0,0,5,38,979
0,0,5,39,977
0,0,5,40,967
0,0,5,41,989
0,0,5,42,961
0,0,5,43,988
0,0,5,44,975
0,0,5,45,969
0,0,5,46,963
0,0,5,47,977
0,0,5,48,982
0,0,5,49,970
0,0,5,50,987
0,0,5,51,981
0,0,5,52,981
0,0,5,53,985
0,0,5,54,974
0,0,5,55,972
0,0,5,56,984
0,0,5,57,965
0,0,5,58,973
0,0,5,59,964
0,0,5,60,983
0,0,5,61,963
0,0,5,62,954
0,0,5,63,988
0,0,6,0,959
0,0,6,1,979
0,0,6,2,978
0,0,6,3,970
0,0,6,4,981
0,0,6,5,975
0,0,6,6,965
0,0,6,7,958
0,0,6,8,973
0,0,6,9,987
0,0,6,10,960
0,0,6,11,984
0,0,6,12,978
0,0,6,13,959
0,0,6,14,974
0,0,6,15,983
0,0,6,16,969
0,0,6,17,973
0,0,6,18,977
0,0,6,19,969
0,0,6,20,998
0,0,6,21,977
0,0,6,22,968
0,0,6,23,988
0,0,6,24,973
0,0,6,25,986
0,0,6,26,973
0,0,6,27,973
0,0,6,28,971
0,0,6,29,968
0,0,6,30,989
0,0,6,31,966
0,0,6,32,973
0,0,6,33,978
0,0,6,34,961
0,0,6,35,982
0,0,6,36,975
0,0,6,37,986
0,0,6,38,985
0,0,6,39,979
0,0,6,40,973
0,0,6,41,973
0,0,6,42,983
0,0,6,43,999
0,0,6,44,991
0,0,6,45,965
0,0,6,46,966
0,0,6,47,991
0,0,6,48,958
0,0,6,49,974
0,0,6,50,970
0,0,6,51,950
0,0,6,52,964
0,0,6,53,977
0,0,6,54,963
0,0,6,55,983
0,0,6,56,972
0,0,6,57,981
0,0,6,58,973
0,0,6,59,982
0,0,6,60,991
0,0,6,61,981
0,0,6,62,959
0,0,6,63,958
0,1,6,0,1008
0,1,6,1,1032
0,1,6,2,1030
0,1,6,3,1028
0,1,6,4,1022
0,1,6,5,1001
0,1,6,6,1002
0,1,6,7,1016
0,1,6,8,1004
0,1,6,9,996
0,1,6,10,1010
0,1,6,11,1011
0,1,6,12,1011
0,1,6,13,1014
0,1,6,14,1020
0,1,6,15,1008
0,1,6,16,1022
0,1,6,17,1015
0,1,6,18,1005
0,1,6,19,1029
0,1,6,20,1015
0,1,6,21,1013
0,1,6,22,1003
0,1,6,23,1017
0,1,6,24,1007
0,1,6,25,1006
0,1,6,26,1004
0,1,6,27,1008
0,1,6,28,994
0,1,6,29,1002
0,1,6,30,1007
0,1,6,31,1029
0,1,6,32,1000
0,1,6,33,1016
0,1,6,34,992
0,1,6,35,1015
0,1,6,36,1025
0,1,6,37,1024
0,1,6,38,1023
0,1,6,39,1032
0,1,6,40,1006
0,1,6,41,1003
0,1,6,42,1022
0,1,6,43,1010
0,1,6,44,1010
0,1,6,45,1000
0,1,6,46,1007
0,1,6,47,1001
0,1,6,48,1014
0,1,6,49,1016
0,1,6,50,1010
0,1,6,51,997
0,1,6,52,1013
0,1,6,53,1007
0,1,6,54,1008
0,1,6,55,1021
0,1,6,56,1019
0,1,6,57,1006
0,1,6,58,1008
0,1,6,59,1026
0,1,6,60,1018
0,1,6,61,1025
0,1,6,62,1024
0,1,6,63,1003
0,1,7,0,996
0,1,7,1,1002
0,1,7,2,1007
0,1,7,3,1008
0,1,7,4,1000
0,1,7,5,995
0,1,7,6,983
0,1,7,7,993
0,1,7,8,1000
0,1,7,9,998
0,1,7,10,1018
0,1,7,11,1012
0,1,7,12,1008
0,1,7,13,1004
0,1,7,14,1023
0,1,7,15,1006
0,1,7,16,1013
0,1,7,17,1003
0,1,7,18,1005
0,1,7,19,1008
0,1,7,20,1022
0,1,7,21,1012
0,1,7,22,1003
0,1,7,23,1019
0,1,7,24,1002
0,1,7,25,1010
0,1,7,26,1007
0,1,7,27,1012
0,1,7,28,1017
0,1,7,29,1019
0,1,7,30,1001
0,1,7,31,998
0,1,7,32,1006
0,1,7,33,1001
0,1,7,34,1005
0,1,7,35,1015
0,1,7,36,1012
0,1,7,37,1007
0,1,7,38,1003
0,1,7,39,1011
0,1,7,40,1000
0,1,7,41,999
0,1,7,42,1001
0,1,7,43,1010
0,1,7,44,1007
0,1,7,45,994
0,1,7,46,1006
0,1,7,47,1011
0,1,7,48,1004
0,1,7,49,1005
0,1,7,50,1002
0,1,7,51,1011
0,1,7,52,1005
0,1,7,53,997
0,1,7,54,1018
0,1,7,55,1004
0,1,7,56,995
0,1,7,57,1022
0,1,7,58,1000
0,1,7,59,1003
0,1,7,60,1006
0,1,7,61,1007
0,1,7,62,1001
0,1,7,63,1007
0,0,7,0,969
0,0,7,1,1003
0,0,7,2,1007
0,0,7,3,1000
0,0,7,4,1022
0,0,7,5,964
0,0,7,6,966
0,0,7,7,976
0,0,7,8,972
0,0,7,9,971
0,0,7,10,976
0,0,7,11,979
0,0,7,12,977
0,0,7,13,981
0,0,7,14,990
0,0,7,15,974
0,0,7,16,976
0,0,7,17,979
0,0,7,18,974
0,0,7,19,976
0,0,7,20,969
0,0,7,21,955
0,0,7,22,956
0,0,7,23,979
0,0,7,24,976
0,0,7,25,960
0,0,7,26,972
0,0,7,27,978
0,0,7,28,955
0,0,7,29,959
0,0,7,30,982
0,0,7,31,961
0,0,7,32,974
0,0,7,33,971
0,0,7,34,976
0,0,7,35,976
0,0,7,36,998
0,0,7,37,977
0,0,7,38,972
0,0,7,39,977
0,0,7,40,967
0,0,7,41,966
0,0,7,42,974
0,0,7,43,969
0,0,7,44,968
0,0,7,45,973
0,0,7,46,982
0,0,7,47,969
0,0,7,48,973
0,0,7,49,965
0,0,7,50,974
0,0,7,51,956
0,0,7,52,967
0,0,7,53,975
0,0,7,54,958
0,0,7,55,971
0,0,7,56,955
0,0,7,57,976
0,0,7,58,969
0,0,7,59,964
0,0,7,60,977
0,0,7,61,984
0,0,7,62,971
0,0,7,63,987
1,0,0,0,1182
1,0,0,1,1169
1,0,0,2,1172
1,0,0,3,1179
1,0,0,4,1199
1,0,0,5,1167
1,0,0,6,1158
1,0,0,7,1170
1,0,0,8,1179
1,0,0,9,1180
1,0,0,10,1179
1,0,0,11,1157
1,0,0,12,1182
1,0,0,13,1166
1,0,0,14,1161
1,0,0,15,1170
1,0,0,16,1160
1,0,0,17,1178
1,0,0,18,1172
1,0,0,19,1181
1,0,0,20,1161
1,0,0,21,1156
1,0,0,22,1178
1,0,0,23,1163
1,0,0,24,1163
1,0,0,25,1168
1,0,0,26,1150
1,0,0,27,1168
1,0,0,28,1179
1,0,0,29,1161
1,0,0,30,1159
1,0,0,31,1177
1,0,0,32,1166
1,0,0,33,1156
1,0,0,34,1161
1,0,0,35,1185
1,0,0,36,1157
1,0,0,37,1179
1,0,0,38,1172
1,0,0,39,1172
1,0,0,40,1167
1,0,0,41,1150
1,0,0,42,1157
1,0,0,43,1166
1,0,0,44,1154
1,0,0,45,1170
1,0,0,46,1177
1,0,0,47,1174
1,0,0,48,1173
1,0,0,49,1153
1,0,0,50,1177
1,0,0,51,1163
1,0,0,52,1177
1,0,0,53,1174
1,0,0,54,1178
1,0,0,55,1184
1,0,0,56,1152
1,0,0,57,1157
1,0,0,58,1161
1,0,0,59,1174
1,0,0,60,1164
1,0,0,61,1160
1,0,0,62,1173
1,0,0,63,1161
1,1,0,0,1222
1,1,0,1,1211
1,1,0,2,1212
1,1,0,3,1222
1,1,0,4,1219
1,1,0,5,1189
1,1,0,6,1195
1,1,0,7,1196
1,1,0,8,1187
1,1,0,9,1208
1,1,0,10,1195
1,1,0,11,1202
1,1,0,12,1194
1,1,0,13,1216
1,1,0,14,1205
1,1,0,15,1222
1,1,0,16,1199
1,1,0,17,1193
1,1,0,18,1205
1,1,0,19,1219
1,1,0,20,1190
1,1,0,21,1199
1,1,0,22,1203
1,1,0,23,1215
1,1,0,24,1209
1,1,0,25,1204
1,1,0,26,1211
1,1,0,27,1208
1,1,0,28,1200
1,1,0,29,1184
1,1,0,30,1201
1,1,0,31,1229
1,1,0,32,1188
1,1,0,33,1196
1,1,0,34,1198
1,1,0,35,1187
1,1,0,36,1202
1,1,0,37,1216
1,1,0,38,1201
1,1,0,39,1202
1,1,0,40,1217
1,1,0,41,1197
1,1,0,42,1192
1,1,0,43,1192
1,1,0,44,1201
1,1,0,45,1200
1,1,0,46,1186
1,1,0,47,1203
1,1,0,48,1199
1,1,0,49,1188
1,1,0,50,1207
1,1,0,51,1194
1,1,0,52,1181
1,1,0,53,1192
1,1,0,54,1183
1,1,0,55,1194
1,1,0,56,1215
1,1,0,57,1190
1,1,0,58,1185
1,1,0,59,1207
1,1,0,60,1213
1,1,0,61,1200
1,1,0,62,1225
1,1,0,63,1211
1,1,1,0,1211
1,1,1,1,1189
1,1,1,2,1190
1,1,1,3,1188
1,1,1,4,1200
1,1,1,5,1204
1,1,1,6,1209
1,1,1,7,1200
1,1,1,8,1206
1,1,1,9,1205
1,1,1,10,1215
1,1,1,11,1214
1,1,1,12,1203
1,1,1,13,1186
1,1,1,14,1211
1,1,1,15,1206
1,1,1,16,1206
1,1,1,17,1216
1,1,1,18,1204
1,1,1,19,1187
1,1,1,20,1213
1,1,1,21,1191
1,1,1,22,1198
1,1,1,23,1208
1,1,1,24,1214
1,1,1,25,1196
1,1,1,26,1179
1,1,1,27,1189
1,1,1,28,1213
1,1,1,29,1198
1,1,1,30,1195
1,1,1,31,1189
1,1,1,32,1198
1,1,1,33,1192
1,1,1,34,1186
1,1,1,35,1194
1,1,1,36,1205
1,1,1,37,1200
1,1,1,38,1192
1,1,1,39,1184
1,1,1,40,1208
1,1,1,41,1191
1,1,1,42,1196
1,1,1,43,1196
1,1,1,44,1195
1,1,1,45,1195
1,1,1,46,1210
1,1,1,47,1194
1,1,1,48,1196
1,1,1,49,1194
1,1,1,50,1214
1,1,1,51,1222
1,1,1,52,1202
1,1,1,53,1210
1,1,1,54,1213
1,1,1,55,1206
1,1,1,56,1201
1,1,1,57,1207
1,1,1,58,1230
1,1,1,59,1195
1,1,1,60,1201
1,1,1,61,1212
1,1,1,62,1195
1,1,1,63,1201
1,0,1,0,1178
1,0,1,1,1190
1,0,1,2,1187
1,0,1,3,1194
1,0,1,4,1189
1,0,1,5,1159
1,0,1,6,1166
1,0,1,7,1149
1,0,1,8,1170
1,0,1,9,1156
1,0,1,10,1157
1,0,1,11,1155
1,0,1,12,1165
1,0,1,13,1151
1,0,1,14,1171
1,0,1,15,1173
1,0,1,16,1173
1,0,1,17,1172
1,0,1,18,1175
1,0,1,19,1172
1,0,1,20,1158
1,0,1,21,1151
1,0,1,22,1167
1,0,1,23,1163
1,0,1,24,1162
1,0,1,25,1176
1,0,1,26,1164
1,0,1,27,1168
1,0,1,28,1158
1,0,1,29,1169
1,0,1,30,1164
1,0,1,31,1172
1,0,1,32,1159
1,0,1,33,1153
1,0,1,34,1172
1,0,1,35,1171
1,0,1,36,1160
1,0,1,37,1168
1,0,1,38,1164
1,0,1,39,1163
1,0,1,40,1175
1,0,1,41,1166
1,0,1,42,1160
1,0,1,43,1164
1,0,1,44,1170
1,0,1,45,1171
1,0,1,46,1165
1,0,1,47,1175
1,0,1,48,1158
1,0,1,49,1176
1,0,1,50,1187
1,0,1,51,1180
1,0,1,52,1171
1,0,1,53,1151
1,0,1,54,1136
1,0,1,55,1184
1,0,1,56,1165
1,0,1,57,1185
1,0,1,58,1174
1,0,1,59,1167
1,0,1,60,1161
1,0,1,61,1148
1,0,1,62,1170
1,0,1,63,1170
1,0,2,0,1148
1,0,2,1,1169
1,0,2,2,1151
1,0,2,3,1159
1,0,2,4,1155
1,0,2,5,1168
1,0,2,6,1144
1,0,2,7,1150
1,0,2,8,1160
1,0,2,9,1168
1,0,2,10,1140
1,0,2,11,1160
1,0,2,12,1168
1,0,2,13,1168
1,0,2,14,1152
1,0,2,15,1149
1,0,2,16,1151
1,0,2,17,1173
1,0,2,18,1163
1,0,2,19,1174
1,0,2,20,1166
1,0,2,21,1175
1,0,2,22,1175
1,0,2,23,1171
1,0,2,24,1162
1,0,2,25,1175
1,0,2,26,1163
1,0,2,27,1163
1,0,2,28,1173
1,0,2,29,1166
1,0,2,30,1156
1,0,2,31,1162
1,0,2,32,1161
1,0,2,33,1166
1,0,2,34,1171
1,0,2,35,1171
1,0,2,36,1165
1,0,2,37,1606
1,0,2,38,1181
1,0,2,39,1155
1,0,2,40,1177
1,0,2,41,1158
1,0,2,42,1136
1,0,2,43,1166
1,0,2,44,1168
1,0,2,45,1167
1,0,2,46,1191
1,0,2,47,1155
1,0,2,48,1161
1,0,2,49,1157
1,0,2,50,1165
1,0,2,51,1166
1,0,2,52,1177
1,0,2,53,1173
1,0,2,54,1166
1,0,2,55,1151
1,0,2,56,1172
1,0,2,57,1179
1,0,2,58,1170
1,0,2,59,1157
1,0,2,60,1170
1,0,2,61,1165
1,0,2,62,1160
1,0,2,63,1160
1,1,2,0,1182
1,1,2,1,1224
1,1,2,2,1220
1,1,2,3,1195
1,1,2,4,1233
1,1,2,5,1201
1,1,2,6,1191
1,1,2,7,1191
1,1,2,8,1187
1,1,2,9,1214
1,1,2,10,1202
1,1,2,11,1198
1,1,2,12,1191
1,1,2,13,1195
1,1,2,14,1210
1,1,2,15,1205
1,1,2,16,1181
1,1,2,17,1219
1,1,2,18,1195
1,1,2,19,1192
1,1,2,20,1200
1,1,2,21,1208
1,1,2,22,1194
1,1,2,23,1199
1,1,2,24,1202
1,1,2,25,1201
1,1,2,26,1201
1,1,2,27,1206
1,1,2,28,1230
1,1,2,29,1192
1,1,2,30,1210
1,1,2,31,1207
1,1,2,32,1189
1,1,2,33,1201
1,1,2,34,1193
1,1,2,35,1194
1,1,2,36,1200
1,1,2,37,1208
1,1,2,38,1195
1,1,2,39,1190
1,1,2,40,1203
1,1,2,41,1201
1,1,2,42,1202
1,1,2,43,1209
1,1,2,44,1189
1,1,2,45,1226
1,1,2,46,1208
1,1,2,47,1197
1,1,2,48,1220
1,1,2,49,1210
1,1,2,50,1207
1,1,2,51,1199
1,1,2,52,1203
1,1,2,53,1216
1,1,2,54,1197
1,1,2,55,1222
1,1,2,56,1197
1,1,2,57,1188
1,1,2,58,1210
1,1,2,59,1210
1,1,2,60,1204
1,1,2,61,1203
1,1,2,62,1199
1,1,2,63,1210
1,1,3,0,1179
1,1,3,1,1190
1,1,3,2,1189
1,1,3,3,1202
1,1,3,4,1212
1,1,3,5,1211
1,1,3,6,1206
1,1,3,7,1189
1,1,3,8,1197
1,1,3,9,1205
1,1,3,10,1186
1,1,3,11,1197
1,1,3,12,1198
1,1,3,13,1179
1,1,3,14,1190
1,1,3,15,1210
1,1,3,16,1182
1,1,3,17,1192
1,1,3,18,1226
1,1,3,19,1216
1,1,3,20,1184
1,1,3,21,1200
1,1,3,22,1208
1,1,3,23,1202
1,1,3,24,1204
1,1,3,25,1193
1,1,3,26,1202
1,1,3,27,1193
1,1,3,28,1208
1,1,3,29,1195
1,1,3,30,1205
1,1,3,31,1212
1,1,3,32,1200
1,1,3,33,1215
1,1,3,34,1201
1,1,3,35,1203
1,1,3,36,1200
1,1,3,37,1187
1,1,3,38,1204
1,1,3,39,1224
1,1,3,40,1214
1,1,3,41,1209
1,1,3,42,1213
1,1,3,43,1222
1,1,3,44,1203
1,1,3,45,1214
1,1,3,46,1201
1,1,3,47,1202
1,1,3,48,1199
1,1,3,49,1189
1,1,3,50,1188
1,1,3,51,1197
1,1,3,52,1205
1,1,3,53,1194
1,1,3,54,1193
1,1,3,55,1191
1,1,3,56,1213
1,1,3,57,1219
1,1,3,58,1197
1,1,3,59,1215
1,1,3,60,1205
1,1,3,61,1209
1,1,3,62,1213
1,1,3,63,1217
1,0,3,0,1169
1,0,3,1,1190
1,0,3,2,1186
1,0,3,3,1213
1,0,3,4,1185
1,0,3,5,1169
1,0,3,6,1167
1,0,3,7,1164
1,0,3,8,1182
1,0,3,9,1188
1,0,3,10,1184
1,0,3,11,1137
1,0,3,12,1165
1,0,3,13,1163
1,0,3,14,1175
1,0,3,15,1174
1,0,3,16,1163
1,0,3,17,1183
1,0,3,18,1162
1,0,3,19,1181
1,0,3,20,1162
1,0,3,21,1166
1,0,3,22,1151
1,0,3,23,1174
1,0,3,24,1163
1,0,3,25,1178
1,0,3,26,1169
1,0,3,27,1169
1,0,3,28,1164
1,0,3,29,1175
1,0,3,30,1164
1,0,3,31,1173
1,0,3,32,1164
1,0,3,33,1168
1,0,3,34,1168
1,0,3,35,1161
1,0,3,36,1165
1,0,3,37,1151
1,0,3,38,1169
1,0,3,39,1176
1,0,3,40,1173
1,0,3,41,1178
1,0,3,42,1180
1,0,3,43,1166
1,0,3,44,1182
1,0,3,45,1164
1,0,3,46,1166
1,0,3,47,1158
1,0,3,48,1164
1,0,3,49,1155
1,0,3,50,1155
1,0,3,51,1163
1,0,3,52,1145
1,0,3,53,1158
1,0,3,54,1163
1,0,3,55,1162
1,0,3,56,1151
1,0,3,57,1156
1,0,3,58,1165
1,0,3,59,1140
1,0,3,60,1157
1,0,3,61,1153
1,0,3,62,1157
1,0,3,63,1156
1,0,4,0,1153
1,0,4,1,1162
1,0,4,2,1149
1,0,4,3,1169
1,0,4,4,1163
1,0,4,5,1161
1,0,4,6,1171
1,0,4,7,1156
1,0,4,8,1146
1,0,4,9,1157
1,0,4,10,1160
1,0,4,11,1169
1,0,4,12,1184
1,0,4,13,1169
1,0,4,14,1166
1,0,4,15,1154
1,0,4,16,1163
1,0,4,17,1186
1,0,4,18,1170
1,0,4,19,1165
1,0,4,20,1161
1,0,4,21,1163
1,0,4,22,1156
1,0,4,23,1155
1,0,4,24,1159
1,0,4,25,1154
1,0,4,26,1153
1,0,4,27,1154
1,0,4,28,1156
1,0,4,29,1177
1,0,4,30,1178
1,0,4,31,1157
1,0,4,32,1146
1,0,4,33,1168
1,0,4,34,1161
1,0,4,35,1160
1,0,4,36,1165
1,0,4,37,1147
1,0,4,38,1169
1,0,4,39,1164
1,0,4,40,1168
1,0,4,41,1176
1,0,4,42,1173
1,0,4,43,1160
1,0,4,44,1183
1,0,4,45,1145
1,0,4,46,1145
1,0,4,47,1165
1,0,4,48,1173
1,0,4,49,1169
1,0,4,50,1156
1,0,4,51,1154
1,0,4,52,1167
1,0,4,53,1161
1,0,4,54,1170
1,0,4,55,1175
1,0,4,56,1164
1,0,4,57,1171
1,0,4,58,1151
1,0,4,59,1174
1,0,4,60,1160
1,0,4,61,1166
1,0,4,62,1172
1,0,4,63,1181
1,1,4,0,1199
1,1,4,1,1221
1,1,4,2,1234
1,1,4,3,1226
1,1,4,4,1233
1,1,4,5,1207
1,1,4,6,1202
1,1,4,7,1220
1,1,4,8,1207
1,1,4,9,1206
1,1,4,10,1204
1,1,4,11,1222
1,1,4,12,1194
1,1,4,13,1202
1,1,4,14,1208
1,1,4,15,1213
1,1,4,16,1199
1,1,4,17,1211
1,1,4,18,1201
1,1,4,19,1194
1,1,4,20,1203
1,1,4,21,1185
1,1,4,22,1220
1,1,4,23,1191
1,1,4,24,1194
1,1,4,25,1195
1,1,4,26,1206
1,1,4,27,1192
1,1,4,28,1206
1,1,4,29,1208
1,1,4,30,1206
1,1,4,31,1190
1,1,4,32,1181
1,1,4,33,1200
1,1,4,34,1205
1,1,4,35,1192
1,1,4,36,1196
1,1,4,37,1230
1,1,4,38,1214
1,1,4,39,1213
1,1,4,40,1201
1,1,4,41,1207
1,1,4,42,1212
1,1,4,43,1217
1,1,4,44,1200
1,1,4,45,1200
1,1,4,46,1202
1,1,4,47,1217
1,1,4,48,1198
1,1,4,49,1190
1,1,4,50,1217
1,1,4,51,1183
1,1,4,52,1220
1,1,4,53,1202
1,1,4,54,1188
1,1,4,55,1193
1,1,4,56,1196
1,1,4,57,1204
1,1,4,58,1188
1,1,4,59,1197
1,1,4,60,1208
1,1,4,61,1185
1,1,4,62,1194
1,1,4,63,1207
1,1,5,0,1211
1,1,5,1,1190
1,1,5,2,1209
1,1,5,3,1182
1,1,5,4,1187
1,1,5,5,1202
1,1,5,6,1211
1,1,5,7,1204
1,1,5,8,1214
1,1,5,9,1192
1,1,5,10,1194
1,1,5,11,1205
1,1,5,12,1211
1,1,5,13,1206
1,1,5,14,1215
1,1,5,15,1208
1,1,5,16,1201
1,1,5,17,1220
1,1,5,18,1210
1,1,5,19,1206
1,1,5,20,1183
1,1,5,21,1202
1,1,5,22,1191
1,1,5,23,1195
1,1,5,24,1197
1,1,5,25,1206
1,1,5,26,1202
1,1,5,27,1191
1,1,5,28,1204
1,1,5,29,1213
1,1,5,30,1203
1,1,5,31,1207
1,1,5,32,1192
1,1,5,33,1199
1,1,5,34,1208
1,1,5,35,1203
1,1,5,36,1192
1,1,5,37,1214
1,1,5,38,1217
1,1,5,39,1205
1,1,5,40,1200
1,1,5,41,1200
1,1,5,42,1211
1,1,5,43,1210
1,1,5,44,1200
1,1,5,45,1219
1,1,5,46,1211
1,1,5,47,1190
1,1,5,48,1205
1,1,5,49,1219
1,1,5,50,1196
1,1,5,51,1194
1,1,5,52,1180
1,1,5,53,1226
1,1,5,54,1219
1,1,5,55,1185
1,1,5,56,1202
1,1,5,57,1212
1,1,5,58,1209
1,1,5,59,1198
1,1,5,60,1187
1,1,5,61,1202
1,1,5,62,1203
1,1,5,63,1197
1,0,5,0,1184
1,0,5,1,1192
1,0,5,2,1196
1,0,5,3,1180
1,0,5,4,1187
1,0,5,5,1166
1,0,5,6,1164
1,0,5,7,1167
1,0,5,8,1155
1,0,5,9,1164
1,0,5,10,1162
1,0,5,11,1157
1,0,5,12,1181
1,0,5,13,1172
1,0,5,14,1179
1,0,5,15,1167
1,0,5,16,1167
1,0,5,17,1162
1,0,5,18,1173
1,0,5,19,1166
1,0,5,20,1170
1,0,5,21,1160
1,0,5,22,1180
1,0,5,23,1168
1,0,5,24,1160
1,0,5,25,1171
1,0,5,26,1193
1,0,5,27,1185
1,0,5,28,1183
1,0,5,29,1164
1,0,5,30,1177
1,0,5,31,1159
1,0,5,32,1178
1,0,5,33,1170
1,0,5,34,1160
1,0,5,35,1161
1,0,5,36,1156
1,0,5,37,1164
1,0,5,38,1164
1,0,5,39,1154
1,0,5,40,1163
1,0,5,41,1159
1,0,5,42,1174
1,0,5,43,1168
1,0,5,44,1172
1,0,5,45,1160
1,0,5,46,1169
1,0,5,47,1175
1,0,5,48,1177
1,0,5,49,1162
1,0,5,50,1162
1,0,5,51,1169
1,0,5,52,1177
1,0,5,53,1151
1,0,5,54,1151
1,0,5,55,1169
1,0,5,56,1166
1,0,5,57,1139
1,0,5,58,1151
1,0,5,59,1154
1,0,5,60,1186
1,0,5,61,1160
1,0,5,62,1186
1,0,5,63,1170
1,0,6,0,1145
1,0,6,1,1165
1,0,6,2,1164
1,0,6,3,1155
1,0,6,4,1176
1,0,6,5,1149
1,0,6,6,1172
1,0,6,7,1167
1,0,6,8,1162
1,0,6,9,1168
1,0,6,10,1163
1,0,6,11,1154
1,0,6,12,1164
1,0,6,13,1169
1,0,6,14,1158
1,0,6,15,1157
1,0,6,16,1163
1,0,6,17,1164
1,0,6,18,1145
1,0,6,19,1165
1,0,6,20,1168
1,0,6,21,1160
1,0,6,22,1163
1,0,6,23,1158
1,0,6,24,1161
1,0,6,25,1165
1,0,6,26,1177
1,0,6,27,1162
1,0,6,28,1174
1,0,6,29,1176
1,0,6,30,1179
1,0,6,31,1163
1,0,6,32,1170
1,0,6,33,1165
1,0,6,34,1164
1,0,6,35,1159
1,0,6,36,1171
1,0,6,37,1173
1,0,6,38,1160
1,0,6,39,1167
1,0,6,40,1191
1,0,6,41,1153
1,0,6,42,1169
1,0,6,43,1158
1,0,6,44,1182
1,0,6,45,1158
1,0,6,46,1169
1,0,6,47,1165
1,0,6,48,1173
1,0,6,49,1169
1,0,6,50,1164
1,0,6,51,1164
1,0,6,52,1178
1,0,6,53,1164
1,0,6,54,1171
1,0,6,55,1154
1,0,6,56,1164
1,0,6,57,1153
1,0,6,58,1171
1,0,6,59,1165
1,0,6,60,1162
1,0,6,61,1155
1,0,6,62,1180
1,0,6,63,1174
1,1,6,0,1222
1,1,6,1,1230
1,1,6,2,1213
1,1,6,3,1227
1,1,6,4,1236
1,1,6,5,1209
1,1,6,6,1191
1,1,6,7,1216
1,1,6,8,1182
1,1,6,9,1228
1,1,6,10,1203
1,1,6,11,1199
1,1,6,12,1194
1,1,6,13,1198
1,1,6,14,1195
1,1,6,15,1204
1,1,6,16,1202
1,1,6,17,1196
1,1,6,18,1186
1,1,6,19,1193
1,1,6,20,1206
1,1,6,21,1207
1,1,6,22,1192
1,1,6,23,1206
1,1,6,24,1215
1,1,6,25,1192
1,1,6,26,1197
1,1,6,27,1185
1,1,6,28,1204
1,1,6,29,1209
1,1,6,30,1194
1,1,6,31,1202
1,1,6,32,1202
1,1,6,33,1202
1,1,6,34,1183
1,1,6,35,1188
1,1,6,36,1213
1,1,6,37,1191
1,1,6,38,1195
1,1,6,39,1206
1,1,6,40,1195
1,1,6,41,1212
1,1,6,42,1190
1,1,6,43,1205
1,1,6,44,1207
1,1,6,45,1210
1,1,6,46,1214
1,1,6,47,1212
1,1,6,48,1198
1,1,6,49,1211
1,1,6,50,1200
1,1,6,51,1203
1,1,6,52,1201
1,1,6,53,1203
1,1,6,54,1209
1,1,6,55,1210
1,1,6,56,1215
1,1,6,57,1215
1,1,6,58,1222
1,1,6,59,1195
1,1,6,60,1227
1,1,6,61,1200
1,1,6,62,1222
1,1,6,63,1207
1,1,7,0,1211
1,1,7,1,1214
1,1,7,2,1191
1,1,7,3,1190
1,1,7,4,1205
1,1,7,5,1190
1,1,7,6,1209
1,1,7,7,1213
1,1,7,8,1198
1,1,7,9,1207
1,1,7,10,1211
1,1,7,11,1210
1,1,7,12,1193
1,1,7,13,1210
1,1,7,14,1217
1,1,7,15,1207
1,1,7,16,1210
1,1,7,17,1199
1,1,7,18,1206
1,1,7,19,1202
1,1,7,20,1195
1,1,7,21,1199
1,1,7,22,1194
1,1,7,23,1199
1,1,7,24,1198
1,1,7,25,1221
1,1,7,26,1206
1,1,7,27,1212
1,1,7,28,1197
1,1,7,29,1205
1,1,7,30,1214
1,1,7,31,1199
1,1,7,32,1221
1,1,7,33,1198
1,1,7,34,1221
1,1,7,35,1205
1,1,7,36,1172
1,1,7,37,1192
1,1,7,38,1189
1,1,7,39,1204
1,1,7,40,1198
1,1,7,41,1217
1,1,7,42,1203
1,1,7,43,1204
1,1,7,44,1206
1,1,7,45,1199
1,1,7,46,1206
1,1,7,47,1190
1,1,7,48,1217
1,1,7,49,1215
1,1,7,50,1189
1,1,7,51,1199
1,1,7,52,1212
1,1,7,53,1215
1,1,7,54,1201
1,1,7,55,1229
1,1,7,56,1202
1,1,7,57,1202
1,1,7,58,1194
1,1,7,59,1216
1,1,7,60,1207
1,1,7,61,1209
1,1,7,62,1210
1,1,7,63,1193
1,0,7,0,1166
1,0,7,1,1175
1,0,7,2,1155
1,0,7,3,1183
1,0,7,4,1191
1,0,7,5,1167
1,0,7,6,1158
1,0,7,7,1153
1,0,7,8,1185
1,0,7,9,1170
1,0,7,10,1161
1,0,7,11,1170
1,0,7,12,1181
1,0,7,13,1172
1,0,7,14,1176
1,0,7,15,1143
1,0,7,16,1171
1,0,7,17,1171
1,0,7,18,1165
1,0,7,19,1168
1,0,7,20,1174
1,0,7,21,1171
1,0,7,22,1183
1,0,7,23,1170
1,0,7,24,1167
1,0,7,25,1163
1,0,7,26,1185
1,0,7,27,1170
1,0,7,28,1156
1,0,7,29,1174
1,0,7,30,1171
1,0,7,31,1164
1,0,7,32,1169
1,0,7,33,1167
1,0,7,34,1175
1,0,7,35,1174
1,0,7,36,1176
1,0,7,37,1177
1,0,7,38,1164
1,0,7,39,1160
1,0,7,40,1163
1,0,7,41,1160
1,0,7,42,1151
1,0,7,43,1186
1,0,7,44,1160
1,0,7,45,1192
1,0,7,46,1170
1,0,7,47,1176
1,0,7,48,1176
1,0,7,49,1153
1,0,7,50,1164
1,0,7,51,1163
1,0,7,52,1169
1,0,7,53,1164
1,0,7,54,1157
1,0,7,55,1178
1,0,7,56,1184
1,0,7,57,1173
1,0,7,58,1160
1,0,7,59,1165
1,0,7,60,1165
1,0,7,61,1166
1,0,7,62,1150
1,0,7,63,1177
2,0,0,0,19678
2,0,0,1,19614
2,0,0,2,19624
2,0,0,3,19452
2,0,0,4,19519
2,0,0,5,19659
2,0,0,6,19460
2,0,0,7,19492
2,0,0,8,19423
2,0,0,9,19401
2,0,0,10,19608
2,0,0,11,19673
2,0,0,12,19656
2,0,0,13,19686
2,0,0,14,19525
2,0,0,15,19569
2,0,0,16,19724
2,0,0,17,19644
2,0,0,18,19472
2,0,0,19,19558
2,0,0,20,19548
2,0,0,21,19366
2,0,0,22,19622
2,0,0,23,19665
2,0,0,24,19541
2,0,0,25,19337
2,0,0,26,19573
2,0,0,27,19614
2,0,0,28,19542
2,0,0,29,19531
2,0,0,30,19520
2,0,0,31,19623
2,0,0,32,19538
2,0,0,33,19241
2,0,0,34,19648
2,0,0,35,19400
2,0,0,36,19525
2,0,0,37,19677
2,0,0,38,19403
2,0,0,39,19557
2,0,0,40,19569
2,0,0,41,19424
2,0,0,42,19536
2,0,0,43,19586
2,0,0,44,19538
2,0,0,45,20003
2,0,0,46,19314
2,0,0,47,19572
2,0,0,48,19641
2,0,0,49,19349
2,0,0,50,19506
2,0,0,51,19663
2,0,0,52,19589
2,0,0,53,19517
2,0,0,54,19593
2,0,0,55,19553
2,0,0,56,19693
2,0,0,57,19566
2,0,0,58,19565
2,0,0,59,19491
2,0,0,60,19639
2,0,0,61,19816
2,0,0,62,19633
2,0,0,63,19527
2,1,0,0,19717
2,1,0,1,19632
2,1,0,2,19720
2,1,0,3,19460
2,1,0,4,19412
2,1,0,5,19591
2,1,0,6,19628
2,1,0,7,19447
2,1,0,8,19345
2,1,0,9,19576
2,1,0,10,19713
2,1,0,11,19552
2,1,0,12,19437
2,1,0,13,19645
2,1,0,14,19480
2,1,0,15,19409
2,1,0,16,19630
2,1,0,17,19598
2,1,0,18,19687
2,1,0,19,19507
2,1,0,20,19545
2,1,0,21,19625
2,1,0,22,19663
2,1,0,23,19589
2,1,0,24,19590
2,1,0,25,19618
2,1,0,26,19654
2,1,0,27,19615
2,1,0,28,19788
2,1,0,29,19786
2,1,0,30,19667
2,1,0,31,19420
2,1,0,32,19424
2,1,0,33,19546
2,1,0,34,19781
2,1,0,35,19574
2,1,0,36,19635
2,1,0,37,19624
2,1,0,38,19781
2,1,0,39,19543
2,1,0,40,19718
2,1,0,41,19641
2,1,0,42,19478
2,1,0,43,19667
2,1,0,44,19398
2,1,0,45,19438
2,1,0,46,19632
2,1,0,47,19540
2,1,0,48,19548
2,1,0,49,19588
2,1,0,50,19634
2,1,0,51,19597
2,1,0,52,19621
2,1,0,53,19709
2,1,0,54,19712
2,1,0,55,19474
2,1,0,56,19437
2,1,0,57,19620
2,1,0,58,19551
2,1,0,59,19721
2,1,0,60,19770
2,1,0,61,19616
2,1,0,62,19469
2,1,0,63,19586
2,1,1,0,19420
2,1,1,1,20192
2,1,1,2,19491
2,1,1,3,19287
2,1,1,4,19620
2,1,1,5,19505
2,1,1,6,19668
2,1,1,7,19549
2,1,1,8,19566
2,1,1,9,19498
2,1,1,10,19614
2,1,1,11,19687
2,1,1,12,19636
2,1,1,13,19662
2,1,1,14,19651
2,1,1,15,19604
2,1,1,16,19706
2,1,1,17,19585
2,1,1,18,19644
2,1,1,19,19687
2,1,1,20,19550
2,1,1,21,19588
2,1,1,22,19572
2,1,1,23,19495
2,1,1,24,19570
2,1,1,25,19650
2,1,1,26,19482
2,1,1,27,19701
2,1,1,28,19518
2,1,1,29,19724
2,1,1,30,19607
2,1,1,31,19602
2,1,1,32,19316
2,1,1,33,19472
2,1,1,34,19420
2,1,1,35,19566
2,1,1,36,19627
2,1,1,37,19818
2,1,1,38,19545
2,1,1,39,19641
2,1,1,40,19719
2,1,1,41,19557
2,1,1,42,19416
2,1,1,43,19542
2,1,1,44,19496
2,1,1,45,19571
2,1,1,46,19529
2,1,1,47,19699
2,1,1,48,19608
2,1,1,49,19591
2,1,1,50,19669
2,1,1,51,19658
2,1,1,52,19596
2,1,1,53,19644
2,1,1,54,19619
2,1,1,55,19404
2,1,1,56,19357
2,1,1,57,19779
2,1,1,58,19563
2,1,1,59,19645
2,1,1,60,19533
2,1,1,61,19715
2,1,1,62,19471
2,1,1,63,19566
2,0,1,0,19515
2,0,1,1,19524
2,0,1,2,19651
2,0,1,3,19531
2,0,1,4,19540
2,0,1,5,19459
2,0,1,6,19491
2,0,1,7,19467
2,0,1,8,19569
2,0,1,9,19506
2,0,1,10,19330
2,0,1,11,19337
2,0,1,12,19709
2,0,1,13,19632
2,0,1,14,19619
2,0,1,15,19522
2,0,1,16,19744
2,0,1,17,19414
2,0,1,18,19706
2,0,1,19,19528
2,0,1,20,19554
2,0,1,21,19531
2,0,1,22,19462
2,0,1,23,19583
2,0,1,24,19451
2,0,1,25,19365
2,0,1,26,19659
2,0,1,27,19634
2,0,1,28,19507
2,0,1,29,19717
2,0,1,30,19278
2,0,1,31,19579
2,0,1,32,19699
2,0,1,33,19522
2,0,1,34,19550
2,0,1,35,19688
2,0,1,36,19716
2,0,1,37,19548
2,0,1,38,19445
2,0,1,39,19682
2,0,1,40,19498
2,0,1,41,19463
2,0,1,42,19607
2,0,1,43,19562
2,0,1,44,19471
2,0,1,45,19590
2,0,1,46,19338
2,0,1,47,19663
2,0,1,48,19516
2,0,1,49,19555
2,0,1,50,19600
2,0,1,51,19445
2,0,1,52,19585
2,0,1,53,19545
2,0,1,54,19591
2,0,1,55,19685
2,0,1,56,19299
2,0,1,57,19467
2,0,1,58,19514
2,0,1,59,19515
2,0,1,60,19475
2,0,1,61,19644
2,0,1,62,19516
2,0,1,63,19439
2,0,2,0,19501
2,0,2,1,19490
2,0,2,2,19398
2,0,2,3,19669
2,0,2,4,19624
2,0,2,5,19582
2,0,2,6,19439
2,0,2,7,19682
2,0,2,8,19529
2,0,2,9,19462
2,0,2,10,19336
2,0,2,11,19597
2,0,2,12,19612
2,0,2,13,19693
2,0,2,14,19596
2,0,2,15,19513
2,0,2,16,19276
2,0,2,17,19489
2,0,2,18,19572
2,0,2,19,19667
2,0,2,20,19474
2,0,2,21,19619
2,0,2,22,19540
2,0,2,23,19560
2,0,2,24,19626
2,0,2,25,19597
2,0,2,26,19673
2,0,2,27,19533
2,0,2,28,19521
2,0,2,29,19756
2,0,2,30,19707
2,0,2,31,19643
2,0,2,32,19456
2,0,2,33,19509
2,0,2,34,19640
2,0,2,35,19375
2,0,2,36,19585
2,0,2,37,19614
2,0,2,38,19610
2,0,2,39,19533
2,0,2,40,19551
2,0,2,41,19544
2,0,2,42,19581
2,0,2,43,19577
2,0,2,44,19349
2,0,2,45,19561
2,0,2,46,19595
2,0,2,47,19743
2,0,2,48,20114
2,0,2,49,19350
2,0,2,50,19789
2,0,2,51,19608
2,0,2,52,19492
2,0,2,53,19594
2,0,2,54,19532
2,0,2,55,19404
2,0,2,56,19539
2,0,2,57,19540
2,0,2,58,19648
2,0,2,59,19591
2,0,2,60,19532
2,0,2,61,19620
2,0,2,62,19475
2,0,2,63,19468
2,1,2,0,19748
2,1,2,1,19537
2,1,2,2,19672
2,1,2,3,19565
2,1,2,4,19396
2,1,2,5,19351
2,1,2,6,19777
2,1,2,7,19521
2,1,2,8,19423
2,1,2,9,19514
2,1,2,10,19405
2,1,2,11,19394
2,1,2,12,19462
2,1,2,13,19494
2,1,2,14,19769
2,1,2,15,19602
2,1,2,16,19640
2,1,2,17,19581
2,1,2,18,19235
2,1,2,19,19520
2,1,2,20,19493
2,1,2,21,19608
2,1,2,22,19638
2,1,2,23,19737
2,1,2,24,19630
2,1,2,25,19373
2,1,2,26,19671
2,1,2,27,19489
2,1,2,28,19545
2,1,2,29,19676
2,1,2,30,19662
2,1,2,31,19534
2,1,2,32,19699
2,1,2,33,19598
2,1,2,34,19370
2,1,2,35,19544
2,1,2,36,19654
2,1,2,37,19648
2,1,2,38,19324
2,1,2,39,19535
2,1,2,40,19515
2,1,2,41,19606
2,1,2,42,19571
2,1,2,43,19649
2,1,2,44,19665
2,1,2,45,19727
2,1,2,46,19732
2,1,2,47,19606
2,1,2,48,19640
2,1,2,49,19663
2,1,2,50,19558
2,1,2,51,19492
2,1,2,52,19743
2,1,2,53,19494
2,1,2,54,19535
2,1,2,55,19643
2,1,2,56,19570
2,1,2,57,19670
2,1,2,58,19611
2,1,2,59,19408
2,1,2,60,19679
2,1,2,61,19651
2,1,2,62,19655
2,1,2,63,19476
2,1,3,0,19549
2,1,3,1,19287
2,1,3,2,19565
2,1,3,3,19491
2,1,3,4,19580
2,1,3,5,19680
2,1,3,6,19362
2,1,3,7,19476
2,1,3,8,19612
2,1,3,9,19337
2,1,3,10,19610
2,1,3,11,19669
2,1,3,12,19667
2,1,3,13,19772
2,1,3,14,19437
2,1,3,15,19595
2,1,3,16,19555
2,1,3,17,19592
2,1,3,18,19542
2,1,3,19,19593
2,1,3,20,19564
2,1,3,21,19594
2,1,3,22,19580
2,1,3,23,19674
2,1,3,24,19540
2,1,3,25,19495
2,1,3,26,19663
2,1,3,27,19719
2,1,3,28,19578
2,1,3,29,19719
2,1,3,30,19422
2,1,3,31,19565
2,1,3,32,19384
2,1,3,33,19342
2,1,3,34,19468
2,1,3,35,19617
2,1,3,36,19542
2,1,3,37,19591
2,1,3,38,19753
2,1,3,39,19607
2,1,3,40,19194
2,1,3,41,19634
2,1,3,42,19668
2,1,3,43,19509
2,1,3,44,19719
2,1,3,45,19701
2,1,3,46,19738
2,1,3,47,19333
2,1,3,48,19329
2,1,3,49,19366
2,1,3,50,19338
2,1,3,51,19352
2,1,3,52,19570
2,1,3,53,19732
2,1,3,54,19662
2,1,3,55,19627
2,1,3,56,19526
2,1,3,57,19631
2,1,3,58,19583
2,1,3,59,19678
2,1,3,60,19584
2,1,3,61,19657
2,1,3,62,19325
2,1,3,63,19574
2,0,3,0,19376
2,0,3,1,19401
2,0,3,2,19238
2,0,3,3,19472
2,0,3,4,19281
2,0,3,5,19446
2,0,3,6,19621
2,0,3,7,19744
2,0,3,8,19395
2,0,3,9,19490
2,0,3,10,19637
2,0,3,11,19378
2,0,3,12,19568
2,0,3,13,19694
2,0,3,14,19613
2,0,3,15,19569
2,0,3,16,19701
2,0,3,17,19563
2,0,3,18,19647
2,0,3,19,19438
2,0,3,20,19472
2,0,3,21,19627
2,0,3,22,19527
2,0,3,23,19313
2,0,3,24,19569
2,0,3,25,19409
2,0,3,26,19572
2,0,3,27,19770
2,0,3,28,20037
2,0,3,29,19756
2,0,3,30,19416
2,0,3,31,19747
2,0,3,32,19567
2,0,3,33,19244
2,0,3,34,19477
2,0,3,35,19499
2,0,3,36,19569
2,0,3,37,19610
2,0,3,38,19585
2,0,3,39,19506
2,0,3,40,19630
2,0,3,41,19497
2,0,3,42,19513
2,0,3,43,19715
2,0,3,44,19542
2,0,3,45,19723
2,0,3,46,19548
2,0,3,47,19539
2,0,3,48,19254
2,0,3,49,19650
2,0,3,50,19560
2,0,3,51,19467
2,0,3,52,19610
2,0,3,53,19391
2,0,3,54,19517
2,0,3,55,19648
2,0,3,56,19649
2,0,3,57,19612
2,0,3,58,19570
2,0,3,59,19533
2,0,3,60,19637
2,0,3,61,19379
2,0,3,62,19593
2,0,3,63,19557
2,0,4,0,19470
2,0,4,1,19277
2,0,4,2,19531
2,0,4,3,19536
2,0,4,4,19576
2,0,4,5,19567
2,0,4,6,19613
2,0,4,7,19542
2,0,4,8,19476
2,0,4,9,19586
2,0,4,10,19618
2,0,4,11,19528
2,0,4,12,19473
2,0,4,13,19500
2,0,4,14,19538
2,0,4,15,19313
2,0,4,16,19579
2,0,4,17,19744
2,0,4,18,19541
2,0,4,19,19601
2,0,4,20,19640
2,0,4,21,19516
2,0,4,22,19437
2,0,4,23,19486
2,0,4,24,19469
2,0,4,25,19509
2,0,4,26,19503
2,0,4,27,19670
2,0,4,28,19562
2,0,4,29,19588
2,0,4,30,19579
2,0,4,31,19600
2,0,4,32,19497
2,0,4,33,19373
2,0,4,34,19533
2,0,4,35,19536
2,0,4,36,19526
2,0,4,37,19604
2,0,4,38,19532
2,0,4,39,19526
2,0,4,40,19646
2,0,4,41,19589
2,0,4,42,19511
2,0,4,43,19410
2,0,4,44,19261
2,0,4,45,19402
2,0,4,46,19643
2,0,4,47,19503
2,0,4,48,19523
2,0,4,49,19590
2,0,4,50,19468
2,0,4,51,19557
2,0,4,52,20048
2,0,4,53,19430
2,0,4,54,19584
2,0,4,55,19536
2,0,4,56,19629
2,0,4,57,19513
2,0,4,58,19417
2,0,4,59,19531
2,0,4,60,19561
2,0,4,61,19554
2,0,4,62,19339
2,0,4,63,19720
2,1,4,0,19615
2,1,4,1,19635
2,1,4,2,19642
2,1,4,3,19525
2,1,4,4,19414
2,1,4,5,19549
2,1,4,6,19494
2,1,4,7,19615
2,1,4,8,19511
2,1,4,9,19633
2,1,4,10,19729
2,1,4,11,19619
2,1,4,12,19592
2,1,4,13,19661
2,1,4,14,19538
2,1,4,15,19700
2,1,4,16,19639
2,1,4,17,19594
2,1,4,18,19636
2,1,4,19,19533
2,1,4,20,19545
2,1,4,21,19444
2,1,4,22,19366
2,1,4,23,19604
2,1,4,24,19468
2,1,4,25,19593
2,1,4,26,19530
2,1,4,27,19694
2,1,4,28,19322
2,1,4,29,19655
2,1,4,30,19548
2,1,4,31,19261
2,1,4,32,19589
2,1,4,33,19427
2,1,4,34,19713
2,1,4,35,19561
2,1,4,36,19498
2,1,4,37,19614
2,1,4,38,19694
2,1,4,39,19506
2,1,4,40,19612
2,1,4,41,19667
2,1,4,42,19589
2,1,4,43,19585
2,1,4,44,19756
2,1,4,45,19665
2,1,4,46,19540
2,1,4,47,19648
2,1,4,48,19608
2,1,4,49,19711
2,1,4,50,19598
2,1,4,51,19678
2,1,4,52,19580
2,1,4,53,19717
2,1,4,54,19542
2,1,4,55,19661
2,1,4,56,19602
2,1,4,57,19648
2,1,4,58,19605
2,1,4,59,19740
2,1,4,60,19538
2,1,4,61,19674
2,1,4,62,19531
2,1,4,63,19604
2,1,5,0,19649
2,1,5,1,19595
2,1,5,2,19597
2,1,5,3,19604
2,1,5,4,19329
2,1,5,5,19592
2,1,5,6,19743
2,1,5,7,19510
2,1,5,8,20023
2,1,5,9,19415
2,1,5,10,19592
2,1,5,11,19431
2,1,5,12,19439
2,1,5,13,19610
2,1,5,14,19658
2,1,5,15,19427
2,1,5,16,19568
2,1,5,17,19627
2,1,5,18,19584
2,1,5,19,19701
2,1,5,20,19619
2,1,5,21,19639
2,1,5,22,19557
2,1,5,23,19417
2,1,5,24,19631
2,1,5,25,19549
2,1,5,26,19473
2,1,5,27,19617
2,1,5,28,19198
2,1,5,29,19638
2,1,5,30,19494
2,1,5,31,19362
2,1,5,32,19385
2,1,5,33,19346
2,1,5,34,19656
2,1,5,35,19663
2,1,5,36,19240
2,1,5,37,19639
2,1,5,38,19783
2,1,5,39,19544
2,1,5,40,19568
2,1,5,41,19495
2,1,5,42,19468
2,1,5,43,19527
2,1,5,44,19585
2,1,5,45,19591
2,1,5,46,19742
2,1,5,47,19378
2,1,5,48,19703
2,1,5,49,19567
2,1,5,50,19437
2,1,5,51,19539
2,1,5,52,19494
2,1,5,53,19574
2,1,5,54,19565
2,1,5,55,19714
2,1,5,56,19569
2,1,5,57,19787
2,1,5,58,19439
2,1,5,59,19417
2,1,5,60,19560
2,1,5,61,19469
2,1,5,62,19454
2,1,5,63,19663
2,0,5,0,19424
2,0,5,1,19695
2,0,5,2,19580
2,0,5,3,19480
2,0,5,4,19645
2,0,5,5,19639
2,0,5,6,19647
2,0,5,7,19562
2,0,5,8,19378
2,0,5,9,19353
2,0,5,10,19546
2,0,5,11,19447
2,0,5,12,19519
2,0,5,13,19638
2,0,5,14,19378
2,0,5,15,19604
2,0,5,16,19566
2,0,5,17,19526
2,0,5,18,19728
2,0,5,19,19435
2,0,5,20,19631
2,0,5,21,19671
2,0,5,22,19581
2,0,5,23,19526
2,0,5,24,19643
2,0,5,25,19613
2,0,5,26,19605
2,0,5,27,19535
2,0,5,28,19590
2,0,5,29,19663
2,0,5,30,19627
2,0,5,31,19645
2,0,5,32,20153
2,0,5,33,19301
2,0,5,34,19250
2,0,5,35,19671
2,0,5,36,19513
2,0,5,37,19565
2,0,5,38,19512
2,0,5,39,19667
2,0,5,40,19497
2,0,5,41,19340
2,0,5,42,19706
2,0,5,43,19525
2,0,5,44,19560
2,0,5,45,19676
2,0,5,46,19605
2,0,5,47,19575
2,0,5,48,19578
2,0,5,49,19593
2,0,5,50,19648
2,0,5,51,19492
2,0,5,52,19495
2,0,5,53,19559
2,0,5,54,19544
2,0,5,55,19452
2,0,5,56,19501
2,0,5,57,19507
2,0,5,58,19583
2,0,5,59,19641
2,0,5,60,19613
2,0,5,61,19653
2,0,5,62,19611
2,0,5,63,19707
2,0,6,0,19170
2,0,6,1,19359
2,0,6,2,19537
2,0,6,3,19496
2,0,6,4,19522
2,0,6,5,19559
2,0,6,6,19389
2,0,6,7,19540
2,0,6,8,19636
2,0,6,9,19593
2,0,6,10,19555
2,0,6,11,19674
2,0,6,12,19568
2,0,6,13,19486
2,0,6,14,19481
2,0,6,15,19686
2,0,6,16,19595
2,0,6,17,19627
2,0,6,18,19481
2,0,6,19,19567
2,0,6,20,19586
2,0,6,21,19610
2,0,6,22,19530
2,0,6,23,19647
2,0,6,24,19556
2,0,6,25,19610
2,0,6,26,19755
2,0,6,27,19573
2,0,6,28,19420
2,0,6,29,19386
2,0,6,30,19530
2,0,6,31,19355
2,0,6,32,19638
2,0,6,33,19612
2,0,6,34,19314
2,0,6,35,19590
2,0,6,36,19435
2,0,6,37,19560
2,0,6,38,19649
2,0,6,39,19586
2,0,6,40,19473
2,0,6,41,19533
2,0,6,42,19517
2,0,6,43,19686
2,0,6,44,19449
2,0,6,45,19548
2,0,6,46,19574
2,0,6,47,19594
2,0,6,48,19562
2,0,6,49,19504
2,0,6,50,19660
2,0,6,51,19521
2,0,6,52,19359
2,0,6,53,19574
2,0,6,54,19676
2,0,6,55,19559
2,0,6,56,20186
2,0,6,57,19360
2,0,6,58,19376
2,0,6,59,19632
2,0,6,60,19533
2,0,6,61,19685
2,0,6,62,19600
2,0,6,63,19547
2,1,6,0,19543
2,1,6,1,19575
2,1,6,2,19661
2,1,6,3,19640
2,1,6,4,19654
2,1,6,5,19659
2,1,6,6,19557
2,1,6,7,19644
2,1,6,8,19529
2,1,6,9,19651
2,1,6,10,19584
2,1,6,11,19387
2,1,6,12,19519
2,1,6,13,19702
2,1,6,14,19483
2,1,6,15,19575
2,1,6,16,19743
2,1,6,17,19602
2,1,6,18,19766
2,1,6,19,19680
2,1,6,20,19453
2,1,6,21,19523
2,1,6,22,19605
2,1,6,23,19692
2,1,6,24,19364
2,1,6,25,19475
2,1,6,26,19312
2,1,6,27,19465
2,1,6,28,19372
2,1,6,29,19622
2,1,6,30,19749
2,1,6,31,19665
2,1,6,32,19293
2,1,6,33,19582
2,1,6,34,19303
2,1,6,35,19525
2,1,6,36,19676
2,1,6,37,19609
2,1,6,38,19470
2,1,6,39,19705
2,1,6,40,19591
2,1,6,41,19658
2,1,6,42,19691
2,1,6,43,19667
2,1,6,44,19564
2,1,6,45,19703
2,1,6,46,19664
2,1,6,47,19530
2,1,6,48,19409
2,1,6,49,19356
2,1,6,50,19709
2,1,6,51,19452
2,1,6,52,19532
2,1,6,53,19705
2,1,6,54,19589
2,1,6,55,19365
2,1,6,56,19389
2,1,6,57,19688
2,1,6,58,19530
2,1,6,59,19610
2,1,6,60,19562
2,1,6,61,19605
2,1,6,62,19519
2,1,6,63,19566
2,1,7,0,19447
2,1,7,1,19640
2,1,7,2,19274
2,1,7,3,19535
2,1,7,4,19678
2,1,7,5,19320
2,1,7,6,19564
2,1,7,7,19536
2,1,7,8,19584
2,1,7,9,19776
2,1,7,10,19538
2,1,7,11,19553
2,1,7,12,20142
2,1,7,13,19674
2,1,7,14,19746
2,1,7,15,19460
2,1,7,16,19673
2,1,7,17,19665
2,1,7,18,19294
2,1,7,19,19563
2,1,7,20,19694
2,1,7,21,19552
2,1,7,22,19275
2,1,7,23,19580
2,1,7,24,19664
2,1,7,25,19558
2,1,7,26,19571
2,1,7,27,19588
2,1,7,28,19585
2,1,7,29,19713
2,1,7,30,19605
2,1,7,31,19468
2,1,7,32,19775
2,1,7,33,19423
2,1,7,34,19580
2,1,7,35,19586
2,1,7,36,19710
2,1,7,37,19627
2,1,7,38,19719
2,1,7,39,19651
2,1,7,40,19749
2,1,7,41,19618
2,1,7,42,19582
2,1,7,43,19646
2,1,7,44,19476
2,1,7,45,19429
2,1,7,46,19501
2,1,7,47,19634
2,1,7,48,19591
2,1,7,49,19573
2,1,7,50,19376
2,1,7,51,19708
2,1,7,52,19643
2,1,7,53,19515
2,1,7,54,19516
2,1,7,55,19338
2,1,7,56,19707
2,1,7,57,19853
2,1,7,58,19772
2,1,7,59,19473
2,1,7,60,19696
2,1,7,61,19814
2,1,7,62,19641
2,1,7,63,19710
2,0,7,0,19312
2,0,7,1,19594
2,0,7,2,19270
2,0,7,3,19744
2,0,7,4,19626
2,0,7,5,19469
2,0,7,6,19575
2,0,7,7,19511
2,0,7,8,19327
2,0,7,9,19402
2,0,7,10,19516
2,0,7,11,19270
2,0,7,12,19686
2,0,7,13,19456
2,0,7,14,19837
2,0,7,15,22962
2,0,7,16,19521
2,0,7,17,19635
2,0,7,18,19695
2,0,7,19,19657
2,0,7,20,19567
2,0,7,21,19541
2,0,7,22,19759
2,0,7,23,19747
2,0,7,24,19701
2,0,7,25,19509
2,0,7,26,19585
2,0,7,27,19543
2,0,7,28,19343
2,0,7,29,19450
2,0,7,30,19397
2,0,7,31,19581
2,0,7,32,19734
2,0,7,33,19639
2,0,7,34,19588
2,0,7,35,19630
2,0,7,36,20251
2,0,7,37,19501
2,0,7,38,19501
2,0,7,39,19466
2,0,7,40,19666
2,0,7,41,19737
2,0,7,42,19535
2,0,7,43,19462
2,0,7,44,19539
2,0,7,45,19687
2,0,7,46,19573
2,0,7,47,19497
2,0,7,48,19598
2,0,7,49,19653
2,0,7,50,19542
2,0,7,51,19492
2,0,7,52,19395
2,0,7,53,19532
2,0,7,54,19644
2,0,7,55,19562
2,0,7,56,19341
2,0,7,57,19422
2,0,7,58,19523
2,0,7,59,19299
2,0,7,60,19358
2,0,7,61,19498
2,0,7,62,19265
2,0,7,63,19661
