cpucycles tracesetup 0 amd64-perfpmcff precision 0 scaling 0.000000 only32 0
cpucycles tracesetup 1 amd64-perfpmc precision 0 scaling 0.000000 only32 0
cpucycles tracesetup 2 amd64-pmcff precision 0 scaling 0.000000 only32 0
cpucycles tracesetup 3 amd64-tsc precision 1080 scaling 0.467415 only32 0
cpucycles tracesetup 4 amd64-tscasm precision 1090 scaling 0.467415 only32 0
cpucycles tracesetup 5 default-perfevent precision 203 scaling 1.000000 only32 0
cpucycles tracesetup 6 default-mach precision 0 scaling 0.000000 only32 0
cpucycles tracesetup 7 default-monotonic precision 1074 scaling 1.400000 only32 0
cpucycles tracesetup 8 default-gettimeofday precision 2440 scaling 1400.000000 only32 0
cpucycles tracesetup 9 default-zero precision 0 scaling 0.000000 only32 0
region,variant,block,observation,cycles
0,0,0,0,997
0,0,0,1,955
0,0,0,2,968
0,0,0,3,966
0,0,0,4,981
0,0,0,5,951
0,0,0,6,972
0,0,0,7,961
0,0,0,8,964
0,0,0,9,970
0,0,0,10,964
0,0,0,11,976
0,0,0,12,971
0,0,0,13,963
0,0,0,14,978
0,0,0,15,987
0,0,0,16,955
0,0,0,17,974
0,0,0,18,968
0,0,0,19,976
0,0,0,20,954
0,0,0,21,985
0,0,0,22,955
0,0,0,23,988
0,0,0,24,960
0,0,0,25,978
0,0,0,26,960
0,0,0,27,943
0,0,0,28,949
0,0,0,29,978
0,0,0,30,978
0,0,0,31,987
0,0,0,32,981
0,0,0,33,983
0,0,0,34,975
0,0,0,35,978
0,0,0,36,954
0,0,0,37,960
0,0,0,38,975
0,0,0,39,968
0,0,0,40,964
0,0,0,41,963
0,0,0,42,976
0,0,0,43,946
0,0,0,44,957
0,0,0,45,985
0,0,0,46,964
0,0,0,47,977
0,0,0,48,969
0,0,0,49,979
0,0,0,50,970
0,0,0,51,966
0,0,0,52,986
0,0,0,53,966
0,0,0,54,980
0,0,0,55,969
0,0,0,56,994
0,0,0,57,960
0,0,0,58,980
0,0,0,59,976
0,0,0,60,966
0,0,0,61,971
0,0,0,62,968
0,0,0,63,962
0,1,0,0,993
0,1,0,1,990
0,1,0,2,990
0,1,0,3,969
0,1,0,4,977
0,1,0,5,966
0,1,0,6,989
0,1,0,7,964
0,1,0,8,972
0,1,0,9,995
0,1,0,10,991
0,1,0,11,980
0,1,0,12,984
0,1,0,13,984
0,1,0,14,987
0,1,0,15,984
0,1,0,16,997
0,1,0,17,991
0,1,0,18,973
0,1,0,19,987
0,1,0,20,965
0,1,0,21,981
0,1,0,22,962
0,1,0,23,973
0,1,0,24,976
0,1,0,25,968
0,1,0,26,969
0,1,0,27,981
0,1,0,28,983
0,1,0,29,989
0,1,0,30,1001
0,1,0,31,979
0,1,0,32,994
0,1,0,33,1011
0,1,0,34,986
0,1,0,35,979
0,1,0,36,967
0,1,0,37,996
0,1,0,38,991
0,1,0,39,996
0,1,0,40,997
0,1,0,41,991
0,1,0,42,970
0,1,0,43,988
0,1,0,44,961
0,1,0,45,982
0,1,0,46,973
0,1,0,47,974
0,1,0,48,985
0,1,0,49,973
0,1,0,50,982
0,1,0,51,997
0,1,0,52,984
0,1,0,53,990
0,1,0,54,982
0,1,0,55,970
0,1,0,56,1023
0,1,0,57,985
0,1,0,58,986
0,1,0,59,987
0,1,0,60,996
0,1,0,61,1004
0,1,0,62,997
0,1,0,63,1019
0,1,1,0,983
0,1,1,1,989
0,1,1,2,994
0,1,1,3,966
0,1,1,4,997
0,1,1,5,995
0,1,1,6,1003
0,1,1,7,991
0,1,1,8,977
0,1,1,9,993
0,1,1,10,977
0,1,1,11,981
0,1,1,12,992
0,1,1,13,977
0,1,1,14,995
0,1,1,15,990
0,1,1,16,982
0,1,1,17,993
0,1,1,18,1001
0,1,1,19,977
0,1,1,20,981
0,1,1,21,988
0,1,1,22,979
0,1,1,23,990
0,1,1,24,1005
0,1,1,25,959
0,1,1,26,975
0,1,1,27,985
0,1,1,28,984
0,1,1,29,992
0,1,1,30,985
0,1,1,31,1003
0,1,1,32,998
0,1,1,33,985
0,1,1,34,979
0,1,1,35,1013
0,1,1,36,1004
0,1,1,37,1004
0,1,1,38,1007
0,1,1,39,975
0,1,1,40,1009
0,1,1,41,989
0,1,1,42,1004
0,1,1,43,994
0,1,1,44,993
0,1,1,45,983
0,1,1,46,992
0,1,1,47,984
0,1,1,48,994
0,1,1,49,994
0,1,1,50,1008
0,1,1,51,986
0,1,1,52,999
0,1,1,53,997
0,1,1,54,983
0,1,1,55,988
0,1,1,56,1006
0,1,1,57,990
0,1,1,58,995
0,1,1,59,1002
0,1,1,60,980
0,1,1,61,994
0,1,1,62,989
0,1,1,63,1008
0,0,1,0,951
0,0,1,1,991
0,0,1,2,981
0,0,1,3,989
0,0,1,4,984
0,0,1,5,974
0,0,1,6,972
0,0,1,7,952
0,0,1,8,956
0,0,1,9,980
0,0,1,10,974
0,0,1,11,985
0,0,1,12,979
0,0,1,13,980
0,0,1,14,972
0,0,1,15,974
0,0,1,16,984
0,0,1,17,966
0,0,1,18,972
0,0,1,19,969
0,0,1,20,984
0,0,1,21,985
0,0,1,22,965
0,0,1,23,1343
0,0,1,24,983
0,0,1,25,964
0,0,1,26,954
0,0,1,27,965
0,0,1,28,969
0,0,1,29,967
0,0,1,30,957
0,0,1,31,963
0,0,1,32,964
0,0,1,33,981
0,0,1,34,971
0,0,1,35,960
0,0,1,36,990
0,0,1,37,978
0,0,1,38,972
0,0,1,39,978
0,0,1,40,983
0,0,1,41,968
0,0,1,42,984
0,0,1,43,964
0,0,1,44,973
0,0,1,45,974
0,0,1,46,968
0,0,1,47,985
0,0,1,48,963
0,0,1,49,955
0,0,1,50,962
0,0,1,51,972
0,0,1,52,970
0,0,1,53,963
0,0,1,54,965
0,0,1,55,965
0,0,1,56,958
0,0,1,57,989
0,0,1,58,960
0,0,1,59,979
0,0,1,60,975
0,0,1,61,975
0,0,1,62,971
0,0,1,63,962
0,0,2,0,957
0,0,2,1,954
0,0,2,2,979
0,0,2,3,977
0,0,2,4,959
0,0,2,5,980
0,0,2,6,985
0,0,2,7,966
0,0,2,8,975
0,0,2,9,968
0,0,2,10,958
0,0,2,11,958
0,0,2,12,982
0,0,2,13,972
0,0,2,14,964
0,0,2,15,978
0,0,2,16,980
0,0,2,17,956
0,0,2,18,962
0,0,2,19,955
0,0,2,20,973
0,0,2,21,965
0,0,2,22,969
0,0,2,23,983
0,0,2,24,970
0,0,2,25,986
0,0,2,26,980
0,0,2,27,972
0,0,2,28,984
0,0,2,29,953
0,0,2,30,973
0,0,2,31,984
0,0,2,32,982
0,0,2,33,970
0,0,2,34,983
0,0,2,35,973
0,0,2,36,966
0,0,2,37,973
0,0,2,38,988
0,0,2,39,977
0,0,2,40,968
0,0,2,41,957
0,0,2,42,970
0,0,2,43,978
0,0,2,44,985
0,0,2,45,978
0,0,2,46,975
0,0,2,47,976
0,0,2,48,963
0,0,2,49,985
0,0,2,50,966
0,0,2,51,976
0,0,2,52,981
0,0,2,53,995
0,0,2,54,966
0,0,2,55,972
0,0,2,56,963
0,0,2,57,950
0,0,2,58,970
0,0,2,59,972
0,0,2,60,951
0,0,2,61,975
0,0,2,62,969
0,0,2,63,956
0,1,2,0,971
0,1,2,1,1018
0,1,2,2,1007
0,1,2,3,1011
0,1,2,4,1002
0,1,2,5,976
0,1,2,6,976
0,1,2,7,981
0,1,2,8,992
0,1,2,9,994
0,1,2,10,986
0,1,2,11,1016
0,1,2,12,971
0,1,2,13,990
0,1,2,14,989
0,1,2,15,980
0,1,2,16,994
0,1,2,17,983
0,1,2,18,1005
0,1,2,19,985
0,1,2,20,984
0,1,2,21,978
0,1,2,22,987
0,1,2,23,986
0,1,2,24,1009
0,1,2,25,986
0,1,2,26,987
0,1,2,27,964
0,1,2,28,987
0,1,2,29,979
0,1,2,30,970
0,1,2,31,992
0,1,2,32,982
0,1,2,33,977
0,1,2,34,1014
0,1,2,35,995
0,1,2,36,1000
0,1,2,37,999
0,1,2,38,995
0,1,2,39,996
0,1,2,40,1006
0,1,2,41,980
0,1,2,42,992
0,1,2,43,986
0,1,2,44,984
0,1,2,45,974
0,1,2,46,978
0,1,2,47,1013
0,1,2,48,988
0,1,2,49,967
0,1,2,50,973
0,1,2,51,993
0,1,2,52,981
0,1,2,53,981
0,1,2,54,988
0,1,2,55,966
0,1,2,56,981
0,1,2,57,1002
0,1,2,58,972
0,1,2,59,997
0,1,2,60,984
0,1,2,61,977
0,1,2,62,993
0,1,2,63,977
0,1,3,0,962
0,1,3,1,989
0,1,3,2,984
0,1,3,3,963
0,1,3,4,999
0,1,3,5,997
0,1,3,6,978
0,1,3,7,988
0,1,3,8,971
0,1,3,9,978
0,1,3,10,984
0,1,3,11,983
0,1,3,12,989
0,1,3,13,970
0,1,3,14,980
0,1,3,15,959
0,1,3,16,961
0,1,3,17,978
0,1,3,18,989
0,1,3,19,994
0,1,3,20,985
0,1,3,21,981
0,1,3,22,976
0,1,3,23,988
0,1,3,24,999
0,1,3,25,977
0,1,3,26,988
0,1,3,27,971
0,1,3,28,998
0,1,3,29,989
0,1,3,30,986
0,1,3,31,992
0,1,3,32,977
0,1,3,33,988
0,1,3,34,1000
0,1,3,35,998
0,1,3,36,994
0,1,3,37,976
0,1,3,38,994
0,1,3,39,979
0,1,3,40,974
0,1,3,41,987
0,1,3,42,975
0,1,3,43,990
0,1,3,44,981
0,1,3,45,989
0,1,3,46,974
0,1,3,47,992
0,1,3,48,986
0,1,3,49,984
0,1,3,50,971
0,1,3,51,981
0,1,3,52,997
0,1,3,53,973
0,1,3,54,989
0,1,3,55,985
0,1,3,56,998
0,1,3,57,993
0,1,3,58,995
0,1,3,59,987
0,1,3,60,976
0,1,3,61,981
0,1,3,62,1005
0,1,3,63,997
0,0,3,0,957
0,0,3,1,981
0,0,3,2,987
0,0,3,3,994
0,0,3,4,987
0,0,3,5,952
0,0,3,6,965
0,0,3,7,969
0,0,3,8,990
0,0,3,9,978
0,0,3,10,979
0,0,3,11,953
0,0,3,12,963
0,0,3,13,971
0,0,3,14,988
0,0,3,15,971
0,0,3,16,973
0,0,3,17,973
0,0,3,18,974
0,0,3,19,966
0,0,3,20,966
0,0,3,21,970
0,0,3,22,965
0,0,3,23,969
0,0,3,24,975
0,0,3,25,985
0,0,3,26,976
0,0,3,27,961
0,0,3,28,975
0,0,3,29,964
0,0,3,30,961
0,0,3,31,955
0,0,3,32,980
0,0,3,33,973
0,0,3,34,969
0,0,3,35,968
0,0,3,36,960
0,0,3,37,962
0,0,3,38,970
0,0,3,39,952
0,0,3,40,964
0,0,3,41,952
0,0,3,42,968
0,0,3,43,982
0,0,3,44,970
0,0,3,45,973
0,0,3,46,965
0,0,3,47,972
0,0,3,48,956
0,0,3,49,970
0,0,3,50,946
0,0,3,51,946
0,0,3,52,963
0,0,3,53,967
0,0,3,54,959
0,0,3,55,973
0,0,3,56,983
0,0,3,57,971
0,0,3,58,959
0,0,3,59,975
0,0,3,60,962
0,0,3,61,963
0,0,3,62,969
0,0,3,63,960
0,0,4,0,974
0,0,4,1,971
0,0,4,2,959
0,0,4,3,948
0,0,4,4,952
0,0,4,5,967
0,0,4,6,962
0,0,4,7,974
0,0,4,8,953
0,0,4,9,967
0,0,4,10,955
0,0,4,11,974
0,0,4,12,967
0,0,4,13,968
0,0,4,14,985
0,0,4,15,957
0,0,4,16,970
0,0,4,17,994
0,0,4,18,966
0,0,4,19,967
0,0,4,20,965
0,0,4,21,956
0,0,4,22,956
0,0,4,23,955
0,0,4,24,963
0,0,4,25,964
0,0,4,26,982
0,0,4,27,955
0,0,4,28,960
0,0,4,29,970
0,0,4,30,949
0,0,4,31,967
0,0,4,32,964
0,0,4,33,970
0,0,4,34,961
0,0,4,35,965
0,0,4,36,971
0,0,4,37,933
0,0,4,38,953
0,0,4,39,966
0,0,4,40,957
0,0,4,41,954
0,0,4,42,972
0,0,4,43,956
0,0,4,44,974
0,0,4,45,977
0,0,4,46,958
0,0,4,47,968
0,0,4,48,969
0,0,4,49,979
0,0,4,50,969
0,0,4,51,968
0,0,4,52,969
0,0,4,53,973
0,0,4,54,969
0,0,4,55,966
0,0,4,56,973
0,0,4,57,959
0,0,4,58,971
0,0,4,59,960
0,0,4,60,967
0,0,4,61,951
0,0,4,62,953
0,0,4,63,968
0,1,4,0,989
0,1,4,1,1012
0,1,4,2,1015
0,1,4,3,1032
0,1,4,4,1008
0,1,4,5,1000
0,1,4,6,988
0,1,4,7,998
0,1,4,8,988
0,1,4,9,978
0,1,4,10,982
0,1,4,11,983
0,1,4,12,987
0,1,4,13,989
0,1,4,14,981
0,1,4,15,996
0,1,4,16,997
0,1,4,17,993
0,1,4,18,989
0,1,4,19,993
0,1,4,20,984
0,1,4,21,984
0,1,4,22,1010
0,1,4,23,995
0,1,4,24,982
0,1,4,25,983
0,1,4,26,999
0,1,4,27,984
0,1,4,28,992
0,1,4,29,984
0,1,4,30,977
0,1,4,31,1007
0,1,4,32,980
0,1,4,33,998
0,1,4,34,980
0,1,4,35,1013
0,1,4,36,1002
0,1,4,37,968
0,1,4,38,974
0,1,4,39,990
0,1,4,40,990
0,1,4,41,993
0,1,4,42,981
0,1,4,43,989
0,1,4,44,993
0,1,4,45,997
0,1,4,46,997
0,1,4,47,975
0,1,4,48,994
0,1,4,49,976
0,1,4,50,968
0,1,4,51,971
0,1,4,52,981
0,1,4,53,971
0,1,4,54,993
0,1,4,55,984
0,1,4,56,980
0,1,4,57,969
0,1,4,58,993
0,1,4,59,974
0,1,4,60,997
0,1,4,61,991
0,1,4,62,982
0,1,4,63,980
0,1,5,0,959
0,1,5,1,975
0,1,5,2,986
0,1,5,3,979
0,1,5,4,955
0,1,5,5,974
0,1,5,6,979
0,1,5,7,990
0,1,5,8,976
0,1,5,9,999
0,1,5,10,989
0,1,5,11,995
0,1,5,12,994
0,1,5,13,992
0,1,5,14,975
0,1,5,15,981
0,1,5,16,1002
0,1,5,17,1003
0,1,5,18,992
0,1,5,19,965
0,1,5,20,976
0,1,5,21,1003
0,1,5,22,1000
0,1,5,23,965
0,1,5,24,986
0,1,5,25,984
0,1,5,26,980
0,1,5,27,1013
0,1,5,28,997
0,1,5,29,966
0,1,5,30,996
0,1,5,31,989
0,1,5,32,1004
0,1,5,33,970
0,1,5,34,997
0,1,5,35,1006
0,1,5,36,991
0,1,5,37,972
0,1,5,38,991
0,1,5,39,972
0,1,5,40,1020
0,1,5,41,979
0,1,5,42,992
0,1,5,43,1011
0,1,5,44,1003
0,1,5,45,987
0,1,5,46,973
0,1,5,47,1011
0,1,5,48,979
0,1,5,49,990
0,1,5,50,976
0,1,5,51,985
0,1,5,52,985
0,1,5,53,994
0,1,5,54,990
0,1,5,55,997
0,1,5,56,980
0,1,5,57,988
0,1,5,58,971
0,1,5,59,1006
0,1,5,60,975
0,1,5,61,964
0,1,5,62,978
0,1,5,63,999
0,0,5,0,952
0,0,5,1,993
0,0,5,2,997
0,0,5,3,1016
0,0,5,4,975
0,0,5,5,968
0,0,5,6,954
0,0,5,7,951
0,0,5,8,965
0,0,5,9,967
0,0,5,10,979
0,0,5,11,969
0,0,5,12,977
0,0,5,13,989
0,0,5,14,980
0,0,5,15,977
0,0,5,16,963
0,0,5,17,963
0,0,5,18,972
0,0,5,19,973
0,0,5,20,968
0,0,5,21,969
0,0,5,22,958
0,0,5,23,974
0,0,5,24,973
0,0,5,25,968
0,0,5,26,963
0,0,5,27,973
0,0,5,28,947
0,0,5,29,953
0,0,5,30,950
0,0,5,31,962
0,0,5,32,970
0,0,5,33,964
0,0,5,34,970
0,0,5,35,950
0,0,5,36,968
0,0,5,37,973
0,0,5,38,954
0,0,5,39,977
0,0,5,40,973
0,0,5,41,968
0,0,5,42,971
0,0,5,43,973
0,0,5,44,974
0,0,5,45,953
0,0,5,46,963
0,0,5,47,992
0,0,5,48,982
0,0,5,49,977
0,0,5,50,959
0,0,5,51,974
0,0,5,52,969
0,0,5,53,966
0,0,5,54,981
0,0,5,55,977
0,0,5,56,977
0,0,5,57,963
0,0,5,58,964
0,0,5,59,968
0,0,5,60,970
0,0,5,61,963
0,0,5,62,963
0,0,5,63,972
0,0,6,0,965
0,0,6,1,968
0,0,6,2,959
0,0,6,3,979
0,0,6,4,948
0,0,6,5,965
0,0,6,6,961
0,0,6,7,985
0,0,6,8,962
0,0,6,9,976
0,0,6,10,947
0,0,6,11,958
0,0,6,12,983
0,0,6,13,986
0,0,6,14,978
0,0,6,15,963
0,0,6,16,976
0,0,6,17,961
0,0,6,18,970
0,0,6,19,980
0,0,6,20,980
0,0,6,21,972
0,0,6,22,968
0,0,6,23,971
0,0,6,24,988
0,0,6,25,986
0,0,6,26,978
0,0,6,27,971
0,0,6,28,957
0,0,6,29,967
0,0,6,30,959
0,0,6,31,965
0,0,6,32,987
0,0,6,33,972
0,0,6,34,977
0,0,6,35,975
0,0,6,36,983
0,0,6,37,980
0,0,6,38,974
0,0,6,39,967
0,0,6,40,969
0,0,6,41,963
0,0,6,42,969
0,0,6,43,957
0,0,6,44,979
0,0,6,45,978
0,0,6,46,968
0,0,6,47,965
0,0,6,48,965
0,0,6,49,973
0,0,6,50,957
0,0,6,51,978
0,0,6,52,965
0,0,6,53,974
0,0,6,54,966
0,0,6,55,973
0,0,6,56,981
0,0,6,57,972
0,0,6,58,978
0,0,6,59,975
0,0,6,60,994
0,0,6,61,993
0,0,6,62,958
0,0,6,63,972
0,1,6,0,977
0,1,6,1,1024
0,1,6,2,1002
0,1,6,3,999
0,1,6,4,1003
0,1,6,5,973
0,1,6,6,980
0,1,6,7,975
0,1,6,8,980
0,1,6,9,985
0,1,6,10,970
0,1,6,11,959
0,1,6,12,987
0,1,6,13,996
0,1,6,14,983
0,1,6,15,981
0,1,6,16,1002
0,1,6,17,997
0,1,6,18,972
0,1,6,19,990
0,1,6,20,956
0,1,6,21,977
0,1,6,22,988
0,1,6,23,971
0,1,6,24,1003
0,1,6,25,997
0,1,6,26,991
0,1,6,27,987
0,1,6,28,978
0,1,6,29,979
0,1,6,30,971
0,1,6,31,980
0,1,6,32,1009
0,1,6,33,983
0,1,6,34,971
0,1,6,35,998
0,1,6,36,1005
0,1,6,37,989
0,1,6,38,997
0,1,6,39,990
0,1,6,40,987
0,1,6,41,986
0,1,6,42,964
0,1,6,43,1001
0,1,6,44,991
0,1,6,45,989
0,1,6,46,996
0,1,6,47,988
0,1,6,48,1002
0,1,6,49,983
0,1,6,50,980
0,1,6,51,980
0,1,6,52,985
0,1,6,53,975
0,1,6,54,999
0,1,6,55,980
0,1,6,56,984
0,1,6,57,1006
0,1,6,58,984
0,1,6,59,988
0,1,6,60,988
0,1,6,61,968
0,1,6,62,995
0,1,6,63,994
0,1,7,0,976
0,1,7,1,977
0,1,7,2,982
0,1,7,3,1000
0,1,7,4,1019
0,1,7,5,993
0,1,7,6,1000
0,1,7,7,965
0,1,7,8,992
0,1,7,9,994
0,1,7,10,976
0,1,7,11,986
0,1,7,12,985
0,1,7,13,986
0,1,7,14,993
0,1,7,15,992
0,1,7,16,998
0,1,7,17,987
0,1,7,18,1000
0,1,7,19,1003
0,1,7,20,987
0,1,7,21,989
0,1,7,22,985
0,1,7,23,987
0,1,7,24,983
0,1,7,25,1007
0,1,7,26,984
0,1,7,27,991
0,1,7,28,983
0,1,7,29,970
0,1,7,30,989
0,1,7,31,972
0,1,7,32,983
0,1,7,33,995
0,1,7,34,996
0,1,7,35,1006
0,1,7,36,999
0,1,7,37,977
0,1,7,38,1008
0,1,7,39,980
0,1,7,40,976
0,1,7,41,984
0,1,7,42,992
0,1,7,43,1000
0,1,7,44,977
0,1,7,45,985
0,1,7,46,992
0,1,7,47,969
0,1,7,48,990
0,1,7,49,1002
0,1,7,50,991
0,1,7,51,968
0,1,7,52,979
0,1,7,53,994
0,1,7,54,990
0,1,7,55,992
0,1,7,56,992
0,1,7,57,996
0,1,7,58,1003
0,1,7,59,988
0,1,7,60,1004
0,1,7,61,977
0,1,7,62,995
0,1,7,63,971
0,0,7,0,956
0,0,7,1,988
0,0,7,2,973
0,0,7,3,997
0,0,7,4,992
0,0,7,5,992
0,0,7,6,965
0,0,7,7,979
0,0,7,8,970
0,0,7,9,973
0,0,7,10,957
0,0,7,11,987
0,0,7,12,955
0,0,7,13,977
0,0,7,14,956
0,0,7,15,962
0,0,7,16,976
0,0,7,17,971
0,0,7,18,988
0,0,7,19,985
0,0,7,20,979
0,0,7,21,963
0,0,7,22,978
0,0,7,23,966
0,0,7,24,983
0,0,7,25,953
0,0,7,26,980
0,0,7,27,983
0,0,7,28,968
0,0,7,29,966
0,0,7,30,976
0,0,7,31,971
0,0,7,32,950
0,0,7,33,988
0,0,7,34,988
0,0,7,35,974
0,0,7,36,969
0,0,7,37,953
0,0,7,38,970
0,0,7,39,969
0,0,7,40,970
0,0,7,41,979
0,0,7,42,987
0,0,7,43,942
0,0,7,44,966
0,0,7,45,968
0,0,7,46,963
0,0,7,47,958
0,0,7,48,977
0,0,7,49,962
0,0,7,50,978
0,0,7,51,983
0,0,7,52,963
0,0,7,53,989
0,0,7,54,968
0,0,7,55,969
0,0,7,56,983
0,0,7,57,972
0,0,7,58,955
0,0,7,59,965
0,0,7,60,961
0,0,7,61,935
0,0,7,62,960
0,0,7,63,962
1,0,0,0,1172
1,0,0,1,1184
1,0,0,2,1185
1,0,0,3,1183
1,0,0,4,1152
1,0,0,5,1163
1,0,0,6,1148
1,0,0,7,1145
1,0,0,8,1153
1,0,0,9,1156
1,0,0,10,1158
1,0,0,11,1164
1,0,0,12,1143
1,0,0,13,1158
1,0,0,14,1144
1,0,0,15,1145
1,0,0,16,1148
1,0,0,17,1171
1,0,0,18,1170
1,0,0,19,1158
1,0,0,20,1169
1,0,0,21,1160
1,0,0,22,1171
1,0,0,23,1165
1,0,0,24,1173
1,0,0,25,1115
1,0,0,26,1165
1,0,0,27,1149
1,0,0,28,1161
1,0,0,29,1145
1,0,0,30,1166
1,0,0,31,1168
1,0,0,32,1154
1,0,0,33,1157
1,0,0,34,1157
1,0,0,35,1156
1,0,0,36,1175
1,0,0,37,1155
1,0,0,38,1152
1,0,0,39,1167
1,0,0,40,1161
1,0,0,41,1165
1,0,0,42,1167
1,0,0,43,1166
1,0,0,44,1167
1,0,0,45,1146
1,0,0,46,1170
1,0,0,47,1178
1,0,0,48,1167
1,0,0,49,1167
1,0,0,50,1144
1,0,0,51,1143
1,0,0,52,1153
1,0,0,53,1156
1,0,0,54,1135
1,0,0,55,1161
1,0,0,56,1160
1,0,0,57,1154
1,0,0,58,1145
1,0,0,59,1137
1,0,0,60,1128
1,0,0,61,1140
1,0,0,62,1172
1,0,0,63,1142
1,1,0,0,1186
1,1,0,1,1210
1,1,0,2,1208
1,1,0,3,1195
1,1,0,4,1213
1,1,0,5,1176
1,1,0,6,1189
1,1,0,7,1183
1,1,0,8,1186
1,1,0,9,1169
1,1,0,10,1187
1,1,0,11,1173
1,1,0,12,1193
1,1,0,13,1200
1,1,0,14,1173
1,1,0,15,1177
1,1,0,16,1156
1,1,0,17,1178
1,1,0,18,1172
1,1,0,19,1176
1,1,0,20,1181
1,1,0,21,1167
1,1,0,22,1181
1,1,0,23,1184
1,1,0,24,1172
1,1,0,25,1186
1,1,0,26,1176
1,1,0,27,1155
1,1,0,28,1181
1,1,0,29,1173
1,1,0,30,1177
1,1,0,31,1189
1,1,0,32,1172
1,1,0,33,1197
1,1,0,34,1173
1,1,0,35,1176
1,1,0,36,1165
1,1,0,37,1155
1,1,0,38,1176
1,1,0,39,1173
1,1,0,40,1169
1,1,0,41,1187
1,1,0,42,1169
1,1,0,43,1181
1,1,0,44,1195
1,1,0,45,1172
1,1,0,46,1175
1,1,0,47,1190
1,1,0,48,1195
1,1,0,49,1175
1,1,0,50,1180
1,1,0,51,1181
1,1,0,52,1190
1,1,0,53,1179
1,1,0,54,1193
1,1,0,55,1170
1,1,0,56,1179
1,1,0,57,1164
1,1,0,58,1188
1,1,0,59,1180
1,1,0,60,1189
1,1,0,61,1168
1,1,0,62,1192
1,1,0,63,1180
1,1,1,0,1154
1,1,1,1,1179
1,1,1,2,1185
1,1,1,3,1190
1,1,1,4,1176
1,1,1,5,1195
1,1,1,6,1175
1,1,1,7,1177
1,1,1,8,1164
1,1,1,9,1195
1,1,1,10,1182
1,1,1,11,1205
1,1,1,12,1200
1,1,1,13,1188
1,1,1,14,1167
1,1,1,15,1186
1,1,1,16,1185
1,1,1,17,1158
1,1,1,18,1186
1,1,1,19,1205
1,1,1,20,1170
1,1,1,21,1195
1,1,1,22,1177
1,1,1,23,1185
1,1,1,24,1198
1,1,1,25,1167
1,1,1,26,1179
1,1,1,27,1176
1,1,1,28,1180
1,1,1,29,1188
1,1,1,30,1176
1,1,1,31,1188
1,1,1,32,1176
1,1,1,33,1198
1,1,1,34,1175
1,1,1,35,1170
1,1,1,36,1183
1,1,1,37,1169
1,1,1,38,1174
1,1,1,39,1183
1,1,1,40,1188
1,1,1,41,1193
1,1,1,42,1206
1,1,1,43,1199
1,1,1,44,1193
1,1,1,45,1199
1,1,1,46,1171
1,1,1,47,1174
1,1,1,48,1183
1,1,1,49,1186
1,1,1,50,1186
1,1,1,51,1175
1,1,1,52,1166
1,1,1,53,1170
1,1,1,54,1169
1,1,1,55,1199
1,1,1,56,1179
1,1,1,57,1199
1,1,1,58,1203
1,1,1,59,1179
1,1,1,60,1178
1,1,1,61,1172
1,1,1,62,1180
1,1,1,63,1188
1,0,1,0,1168
1,0,1,1,1178
1,0,1,2,1178
1,0,1,3,1176
1,0,1,4,1176
1,0,1,5,1148
1,0,1,6,1161
1,0,1,7,1166
1,0,1,8,1154
1,0,1,9,1156
1,0,1,10,1154
1,0,1,11,1171
1,0,1,12,1151
1,0,1,13,1159
1,0,1,14,1136
1,0,1,15,1161
1,0,1,16,1184
1,0,1,17,1178
1,0,1,18,1165
1,0,1,19,1146
1,0,1,20,1144
1,0,1,21,1162
1,0,1,22,1178
1,0,1,23,1155
1,0,1,24,1164
1,0,1,25,1164
1,0,1,26,1158
1,0,1,27,1163
1,0,1,28,1170
1,0,1,29,1164
1,0,1,30,1166
1,0,1,31,1160
1,0,1,32,1170
1,0,1,33,1163
1,0,1,34,1182
1,0,1,35,1190
1,0,1,36,1172
1,0,1,37,1157
1,0,1,38,1159
1,0,1,39,1162
1,0,1,40,1170
1,0,1,41,1153
1,0,1,42,1152
1,0,1,43,1164
1,0,1,44,1146
1,0,1,45,1163
1,0,1,46,1136
1,0,1,47,1158
1,0,1,48,1155
1,0,1,49,1147
1,0,1,50,1163
1,0,1,51,1170
1,0,1,52,1162
1,0,1,53,1170
1,0,1,54,1162
1,0,1,55,1168
1,0,1,56,1165
1,0,1,57,1179
1,0,1,58,1169
1,0,1,59,1152
1,0,1,60,1165
1,0,1,61,1146
1,0,1,62,1192
1,0,1,63,1161
1,0,2,0,1147
1,0,2,1,1164
1,0,2,2,1150
1,0,2,3,1172
1,0,2,4,1156
1,0,2,5,1156
1,0,2,6,1156
1,0,2,7,1167
1,0,2,8,1154
1,0,2,9,1146
1,0,2,10,1184
1,0,2,11,1183
1,0,2,12,1162
1,0,2,13,1168
1,0,2,14,1166
1,0,2,15,1151
1,0,2,16,1173
1,0,2,17,1155
1,0,2,18,1160
1,0,2,19,1162
1,0,2,20,1180
1,0,2,21,1147
1,0,2,22,1156
1,0,2,23,1161
1,0,2,24,1177
1,0,2,25,1137
1,0,2,26,1163
1,0,2,27,1145
1,0,2,28,1143
1,0,2,29,1145
1,0,2,30,1141
1,0,2,31,1176
1,0,2,32,1170
1,0,2,33,1152
1,0,2,34,1169
1,0,2,35,1156
1,0,2,36,1156
1,0,2,37,1169
1,0,2,38,1169
1,0,2,39,1165
1,0,2,40,1167
1,0,2,41,1164
1,0,2,42,1166
1,0,2,43,1164
1,0,2,44,1170
1,0,2,45,1149
1,0,2,46,1153
1,0,2,47,1146
1,0,2,48,1168
1,0,2,49,1157
1,0,2,50,1166
1,0,2,51,1167
1,0,2,52,1143
1,0,2,53,1174
1,0,2,54,1156
1,0,2,55,1159
1,0,2,56,1164
1,0,2,57,1165
1,0,2,58,1170
1,0,2,59,1168
1,0,2,60,1168
1,0,2,61,1179
1,0,2,62,1160
1,0,2,63,1176
1,1,2,0,1208
1,1,2,1,1197
1,1,2,2,1194
1,1,2,3,1202
1,1,2,4,1173
1,1,2,5,1175
1,1,2,6,1194
1,1,2,7,1182
1,1,2,8,1199
1,1,2,9,1175
1,1,2,10,1189
1,1,2,11,1174
1,1,2,12,1173
1,1,2,13,1186
1,1,2,14,1179
1,1,2,15,1178
1,1,2,16,1177
1,1,2,17,1184
1,1,2,18,1178
1,1,2,19,1181
1,1,2,20,1177
1,1,2,21,1181
1,1,2,22,1151
1,1,2,23,1194
1,1,2,24,1171
1,1,2,25,1170
1,1,2,26,1172
1,1,2,27,1171
1,1,2,28,1167
1,1,2,29,1181
1,1,2,30,1172
1,1,2,31,1184
1,1,2,32,1173
1,1,2,33,1180
1,1,2,34,1162
1,1,2,35,1169
1,1,2,36,1178
1,1,2,37,1182
1,1,2,38,1160
1,1,2,39,1163
1,1,2,40,1165
1,1,2,41,1188
1,1,2,42,1174
1,1,2,43,1168
1,1,2,44,1164
1,1,2,45,1163
1,1,2,46,1191
1,1,2,47,1171
1,1,2,48,1159
1,1,2,49,1166
1,1,2,50,1167
1,1,2,51,1178
1,1,2,52,1191
1,1,2,53,1186
1,1,2,54,1170
1,1,2,55,1188
1,1,2,56,1195
1,1,2,57,1170
1,1,2,58,1191
1,1,2,59,1194
1,1,2,60,1169
1,1,2,61,1182
1,1,2,62,1174
1,1,2,63,1190
1,1,3,0,1162
1,1,3,1,1168
1,1,3,2,1153
1,1,3,3,1180
1,1,3,4,1180
1,1,3,5,1176
1,1,3,6,1180
1,1,3,7,1155
1,1,3,8,1159
1,1,3,9,1185
1,1,3,10,1172
1,1,3,11,1183
1,1,3,12,1173
1,1,3,13,1208
1,1,3,14,1170
1,1,3,15,1178
1,1,3,16,1156
1,1,3,17,1186
1,1,3,18,1177
1,1,3,19,1178
1,1,3,20,1187
1,1,3,21,1168
1,1,3,22,1176
1,1,3,23,1188
1,1,3,24,1179
1,1,3,25,1184
1,1,3,26,1163
1,1,3,27,1175
1,1,3,28,1172
1,1,3,29,1169
1,1,3,30,1190
1,1,3,31,1198
1,1,3,32,1173
1,1,3,33,1189
1,1,3,34,1182
1,1,3,35,1188
1,1,3,36,1190
1,1,3,37,1178
1,1,3,38,1179
1,1,3,39,1188
1,1,3,40,1176
1,1,3,41,1165
1,1,3,42,1169
1,1,3,43,1158
1,1,3,44,1190
1,1,3,45,1204
1,1,3,46,1188
1,1,3,47,1174
1,1,3,48,1151
1,1,3,49,1182
1,1,3,50,1160
1,1,3,51,1176
1,1,3,52,1183
1,1,3,53,1155
1,1,3,54,1180
1,1,3,55,1211
1,1,3,56,1179
1,1,3,57,1158
1,1,3,58,1189
1,1,3,59,1196
1,1,3,60,1188
1,1,3,61,1191
1,1,3,62,1171
1,1,3,63,1164
1,0,3,0,1168
1,0,3,1,1179
1,0,3,2,1182
1,0,3,3,1192
1,0,3,4,1176
1,0,3,5,1156
1,0,3,6,1137
1,0,3,7,1181
1,0,3,8,1176
1,0,3,9,1175
1,0,3,10,1169
1,0,3,11,1172
1,0,3,12,1152
1,0,3,13,1178
1,0,3,14,1171
1,0,3,15,1148
1,0,3,16,1169
1,0,3,17,1170
1,0,3,18,1187
1,0,3,19,1133
1,0,3,20,1152
1,0,3,21,1175
1,0,3,22,1151
1,0,3,23,1151
1,0,3,24,1143
1,0,3,25,1178
1,0,3,26,1160
1,0,3,27,1161
1,0,3,28,1166
1,0,3,29,1157
1,0,3,30,1161
1,0,3,31,1165
1,0,3,32,1146
1,0,3,33,1170
1,0,3,34,1171
1,0,3,35,1161
1,0,3,36,1157
1,0,3,37,1179
1,0,3,38,1181
1,0,3,39,1160
1,0,3,40,1169
1,0,3,41,1154
1,0,3,42,1135
1,0,3,43,1162
1,0,3,44,1157
1,0,3,45,1166
1,0,3,46,1162
1,0,3,47,1163
1,0,3,48,1205
1,0,3,49,1157
1,0,3,50,1175
1,0,3,51,1148
1,0,3,52,1145
1,0,3,53,1168
1,0,3,54,1176
1,0,3,55,1164
1,0,3,56,1157
1,0,3,57,1164
1,0,3,58,1177
1,0,3,59,1164
1,0,3,60,1162
1,0,3,61,1180
1,0,3,62,1170
1,0,3,63,1180
1,0,4,0,1147
1,0,4,1,1175
1,0,4,2,1186
1,0,4,3,1182
1,0,4,4,1156
1,0,4,5,1149
1,0,4,6,1164
1,0,4,7,1152
1,0,4,8,1156
1,0,4,9,1139
1,0,4,10,1160
1,0,4,11,1156
1,0,4,12,1144
1,0,4,13,1183
1,0,4,14,1163
1,0,4,15,1166
1,0,4,16,1162
1,0,4,17,1152
1,0,4,18,1161
1,0,4,19,1169
1,0,4,20,1159
1,0,4,21,1139
1,0,4,22,1167
1,0,4,23,1161
1,0,4,24,1158
1,0,4,25,1133
1,0,4,26,1164
1,0,4,27,1154
1,0,4,28,1166
1,0,4,29,1167
1,0,4,30,1171
1,0,4,31,1177
1,0,4,32,1174
1,0,4,33,1177
1,0,4,34,1160
1,0,4,35,1182
1,0,4,36,1157
1,0,4,37,1164
1,0,4,38,1167
1,0,4,39,1165
1,0,4,40,1161
1,0,4,41,1156
1,0,4,42,1155
1,0,4,43,1167
1,0,4,44,1144
1,0,4,45,1147
1,0,4,46,1169
1,0,4,47,1171
1,0,4,48,1181
1,0,4,49,1171
1,0,4,50,1158
1,0,4,51,1182
1,0,4,52,1144
1,0,4,53,1172
1,0,4,54,1170
1,0,4,55,1146
1,0,4,56,1131
1,0,4,57,1141
1,0,4,58,1164
1,0,4,59,1150
1,0,4,60,1152
1,0,4,61,1149
1,0,4,62,1166
1,0,4,63,1142
1,1,4,0,1175
1,1,4,1,1191
1,1,4,2,1180
1,1,4,3,1195
1,1,4,4,1197
1,1,4,5,1174
1,1,4,6,1174
1,1,4,7,1188
1,1,4,8,1177
1,1,4,9,1177
1,1,4,10,1183
1,1,4,11,1189
1,1,4,12,1165
1,1,4,13,1189
1,1,4,14,1190
1,1,4,15,1176
1,1,4,16,1174
1,1,4,17,1179
1,1,4,18,1163
1,1,4,19,1174
1,1,4,20,1176
1,1,4,21,1168
1,1,4,22,1181
1,1,4,23,1191
1,1,4,24,1199
1,1,4,25,1199
1,1,4,26,1181
1,1,4,27,1176
1,1,4,28,1211
1,1,4,29,1177
1,1,4,30,1207
1,1,4,31,1179
1,1,4,32,1184
1,1,4,33,1184
1,1,4,34,1160
1,1,4,35,1160
1,1,4,36,1179
1,1,4,37,1164
1,1,4,38,1196
1,1,4,39,1187
1,1,4,40,1196
1,1,4,41,1154
1,1,4,42,1200
1,1,4,43,1177
1,1,4,44,1190
1,1,4,45,1158
1,1,4,46,1170
1,1,4,47,1168
1,1,4,48,1192
1,1,4,49,1155
1,1,4,50,1191
1,1,4,51,1174
1,1,4,52,1167
1,1,4,53,1144
1,1,4,54,1181
1,1,4,55,1203
1,1,4,56,1188
1,1,4,57,1186
1,1,4,58,1169
1,1,4,59,1186
1,1,4,60,1209
1,1,4,61,1156
1,1,4,62,1187
1,1,4,63,1176
1,1,5,0,1162
1,1,5,1,1163
1,1,5,2,1192
1,1,5,3,1172
1,1,5,4,1163
1,1,5,5,1199
1,1,5,6,1180
1,1,5,7,1189
1,1,5,8,1183
1,1,5,9,1213
1,1,5,10,1191
1,1,5,11,1171
1,1,5,12,1181
1,1,5,13,1160
1,1,5,14,1166
1,1,5,15,1178
1,1,5,16,1175
1,1,5,17,1179
1,1,5,18,1183
1,1,5,19,1192
1,1,5,20,1176
1,1,5,21,1171
1,1,5,22,1174
1,1,5,23,1186
1,1,5,24,1163
1,1,5,25,1182
1,1,5,26,1172
1,1,5,27,1191
1,1,5,28,1169
1,1,5,29,1189
1,1,5,30,1183
1,1,5,31,1185
1,1,5,32,1191
1,1,5,33,1183
1,1,5,34,1177
1,1,5,35,1192
1,1,5,36,1192
1,1,5,37,1163
1,1,5,38,1177
1,1,5,39,1174
1,1,5,40,1167
1,1,5,41,1140
1,1,5,42,1182
1,1,5,43,1184
1,1,5,44,1168
1,1,5,45,1165
1,1,5,46,1176
1,1,5,47,1162
1,1,5,48,1183
1,1,5,49,1162
1,1,5,50,1187
1,1,5,51,1161
1,1,5,52,1188
1,1,5,53,1174
1,1,5,54,1194
1,1,5,55,1237
1,1,5,56,1185
1,1,5,57,1183
1,1,5,58,1157
1,1,5,59,1191
1,1,5,60,1179
1,1,5,61,1176
1,1,5,62,1185
1,1,5,63,1195
1,0,5,0,1175
1,0,5,1,1186
1,0,5,2,1186
1,0,5,3,1164
1,0,5,4,1176
1,0,5,5,1139
1,0,5,6,1161
1,0,5,7,1173
1,0,5,8,1150
1,0,5,9,1157
1,0,5,10,1183
1,0,5,11,1169
1,0,5,12,1169
1,0,5,13,1159
1,0,5,14,1153
1,0,5,15,1156
1,0,5,16,1170
1,0,5,17,1172
1,0,5,18,1140
1,0,5,19,1174
1,0,5,20,1179
1,0,5,21,1150
1,0,5,22,1172
1,0,5,23,1162
1,0,5,24,1169
1,0,5,25,1160
1,0,5,26,1162
1,0,5,27,1170
1,0,5,28,1154
1,0,5,29,1163
1,0,5,30,1149
1,0,5,31,1156
1,0,5,32,1159
1,0,5,33,1179
1,0,5,34,1169
1,0,5,35,1166
1,0,5,36,1152
1,0,5,37,1170
1,0,5,38,1144
1,0,5,39,1157
1,0,5,40,1159
1,0,5,41,1158
1,0,5,42,1158
1,0,5,43,1151
1,0,5,44,1175
1,0,5,45,1163
1,0,5,46,1157
1,0,5,47,1170
1,0,5,48,1152
1,0,5,49,1168
1,0,5,50,1164
1,0,5,51,1150
1,0,5,52,1164
1,0,5,53,1166
1,0,5,54,1166
1,0,5,55,1160
1,0,5,56,1159
1,0,5,57,1161
1,0,5,58,1158
1,0,5,59,1172
1,0,5,60,1148
1,0,5,61,1161
1,0,5,62,1171
1,0,5,63,1168
1,0,6,0,1150
1,0,6,1,1179
1,0,6,2,1170
1,0,6,3,1163
1,0,6,4,1159
1,0,6,5,1146
1,0,6,6,1168
1,0,6,7,1161
1,0,6,8,1146
1,0,6,9,1146
1,0,6,10,1163
1,0,6,11,1178
1,0,6,12,1159
1,0,6,13,1166
1,0,6,14,1145
1,0,6,15,1169
1,0,6,16,1155
1,0,6,17,1177
1,0,6,18,1185
1,0,6,19,1183
1,0,6,20,1155
1,0,6,21,1150
1,0,6,22,1142
1,0,6,23,1178
1,0,6,24,1169
1,0,6,25,1170
1,0,6,26,1140
1,0,6,27,1160
1,0,6,28,1169
1,0,6,29,1174
1,0,6,30,1144
1,0,6,31,1153
1,0,6,32,1170
1,0,6,33,1156
1,0,6,34,1161
1,0,6,35,1146
1,0,6,36,1148
1,0,6,37,1169
1,0,6,38,1150
1,0,6,39,1165
1,0,6,40,1158
1,0,6,41,1163
1,0,6,42,1158
1,0,6,43,1182
1,0,6,44,1170
1,0,6,45,1173
1,0,6,46,1171
1,0,6,47,1161
1,0,6,48,1187
1,0,6,49,1167
1,0,6,50,1162
1,0,6,51,1163
1,0,6,52,1163
1,0,6,53,1160
1,0,6,54,1160
1,0,6,55,1144
1,0,6,56,1158
1,0,6,57,1147
1,0,6,58,1148
1,0,6,59,1140
1,0,6,60,1157
1,0,6,61,1153
1,0,6,62,1169
1,0,6,63,1170
1,1,6,0,1168
1,1,6,1,1192
1,1,6,2,1221
1,1,6,3,1203
1,1,6,4,1217
1,1,6,5,1175
1,1,6,6,1182
1,1,6,7,1172
1,1,6,8,1162
1,1,6,9,1194
1,1,6,10,1190
1,1,6,11,1185
1,1,6,12,1174
1,1,6,13,1182
1,1,6,14,1156
1,1,6,15,1159
1,1,6,16,1168
1,1,6,17,1172
1,1,6,18,1182
1,1,6,19,1183
1,1,6,20,1191
1,1,6,21,1183
1,1,6,22,1163
1,1,6,23,1186
1,1,6,24,1181
1,1,6,25,1181
1,1,6,26,1178
1,1,6,27,1204
1,1,6,28,1189
1,1,6,29,1178
1,1,6,30,1181
1,1,6,31,1171
1,1,6,32,1195
1,1,6,33,1192
1,1,6,34,1176
1,1,6,35,1184
1,1,6,36,1179
1,1,6,37,1171
1,1,6,38,1196
1,1,6,39,1182
1,1,6,40,1177
1,1,6,41,1174
1,1,6,42,1188
1,1,6,43,1175
1,1,6,44,1189
1,1,6,45,1170
1,1,6,46,1159
1,1,6,47,1177
1,1,6,48,1189
1,1,6,49,1179
1,1,6,50,1185
1,1,6,51,1182
1,1,6,52,1182
1,1,6,53,1196
1,1,6,54,1204
1,1,6,55,1164
1,1,6,56,1191
1,1,6,57,1185
1,1,6,58,1177
1,1,6,59,1169
1,1,6,60,1182
1,1,6,61,1194
1,1,6,62,1181
1,1,6,63,1184
1,1,7,0,1158
1,1,7,1,1147
1,1,7,2,1190
1,1,7,3,1167
1,1,7,4,1178
1,1,7,5,1163
1,1,7,6,1201
1,1,7,7,1206
1,1,7,8,1192
1,1,7,9,1186
1,1,7,10,1195
1,1,7,11,1192
1,1,7,12,1200
1,1,7,13,1188
1,1,7,14,1183
1,1,7,15,1191
1,1,7,16,1163
1,1,7,17,1201
1,1,7,18,1183
1,1,7,19,1184
1,1,7,20,1168
1,1,7,21,1169
1,1,7,22,1183
1,1,7,23,1167
1,1,7,24,1187
1,1,7,25,1157
1,1,7,26,1168
1,1,7,27,1194
1,1,7,28,1186
1,1,7,29,1185
1,1,7,30,1182
1,1,7,31,1198
1,1,7,32,1186
1,1,7,33,1190
1,1,7,34,1163
1,1,7,35,1181
1,1,7,36,1190
1,1,7,37,1178
1,1,7,38,1175
1,1,7,39,1181
1,1,7,40,1165
1,1,7,41,1186
1,1,7,42,1185
1,1,7,43,1158
1,1,7,44,1171
1,1,7,45,1182
1,1,7,46,1196
1,1,7,47,1185
1,1,7,48,1188
1,1,7,49,1181
1,1,7,50,1189
1,1,7,51,1187
1,1,7,52,1186
1,1,7,53,1169
1,1,7,54,1166
1,1,7,55,1177
1,1,7,56,1150
1,1,7,57,1176
1,1,7,58,1178
1,1,7,59,1167
1,1,7,60,1164
1,1,7,61,1181
1,1,7,62,1176
1,1,7,63,1182
1,0,7,0,1179
1,0,7,1,1178
1,0,7,2,1164
1,0,7,3,1186
1,0,7,4,1187
1,0,7,5,1156
1,0,7,6,1157
1,0,7,7,1156
1,0,7,8,1148
1,0,7,9,1152
1,0,7,10,1157
1,0,7,11,1150
1,0,7,12,1173
1,0,7,13,1158
1,0,7,14,1149
1,0,7,15,1164
1,0,7,16,1150
1,0,7,17,1161
1,0,7,18,1156
1,0,7,19,1166
1,0,7,20,1167
1,0,7,21,1158
1,0,7,22,1156
1,0,7,23,1156
1,0,7,24,1152
1,0,7,25,1144
1,0,7,26,1158
1,0,7,27,1163
1,0,7,28,1161
1,0,7,29,1174
1,0,7,30,1151
1,0,7,31,1164
1,0,7,32,1162
1,0,7,33,1153
1,0,7,34,1147
1,0,7,35,1153
1,0,7,36,1155
1,0,7,37,1138
1,0,7,38,1155
1,0,7,39,1153
1,0,7,40,1173
1,0,7,41,1160
1,0,7,42,1164
1,0,7,43,1189
1,0,7,44,1178
1,0,7,45,1146
1,0,7,46,1152
1,0,7,47,1151
1,0,7,48,1137
1,0,7,49,1162
1,0,7,50,1163
1,0,7,51,1167
1,0,7,52,1140
1,0,7,53,1175
1,0,7,54,1160
1,0,7,55,1147
1,0,7,56,1158
1,0,7,57,1140
1,0,7,58,1164
1,0,7,59,1159
1,0,7,60,1164
1,0,7,61,1144
1,0,7,62,1178
1,0,7,63,1145
2,0,0,0,19638
2,0,0,1,19630
2,0,0,2,19544
2,0,0,3,19654
2,0,0,4,19826
2,0,0,5,19841
2,0,0,6,19737
2,0,0,7,19771
2,0,0,8,19563
2,0,0,9,19620
2,0,0,10,19628
2,0,0,11,19781
2,0,0,12,19637
2,0,0,13,19614
2,0,0,14,19876
2,0,0,15,19700
2,0,0,16,19896
2,0,0,17,19828
2,0,0,18,19779
2,0,0,19,19744
2,0,0,20,19629
2,0,0,21,19704
2,0,0,22,19514
2,0,0,23,19536
2,0,0,24,19705
2,0,0,25,20408
2,0,0,26,19754
2,0,0,27,19755
2,0,0,28,19635
2,0,0,29,19665
2,0,0,30,19742
2,0,0,31,19891
2,0,0,32,19848
2,0,0,33,19740
2,0,0,34,19792
2,0,0,35,19922
2,0,0,36,19715
2,0,0,37,19765
2,0,0,38,19831
2,0,0,39,19746
2,0,0,40,19578
2,0,0,41,19711
2,0,0,42,19767
2,0,0,43,19729
2,0,0,44,19512
2,0,0,45,19733
2,0,0,46,19943
2,0,0,47,19805
2,0,0,48,19760
2,0,0,49,19692
2,0,0,50,19572
2,0,0,51,19759
2,0,0,52,19716
2,0,0,53,19657
2,0,0,54,19644
2,0,0,55,19739
2,0,0,56,19617
2,0,0,57,19676
2,0,0,58,19700
2,0,0,59,19624
2,0,0,60,19592
2,0,0,61,19650
2,0,0,62,19697
2,0,0,63,19700
2,1,0,0,19775
2,1,0,1,19808
2,1,0,2,19634
2,1,0,3,19662
2,1,0,4,19830
2,1,0,5,19538
2,1,0,6,19633
2,1,0,7,19747
2,1,0,8,19640
2,1,0,9,19877
2,1,0,10,19659
2,1,0,11,19902
2,1,0,12,19738
2,1,0,13,19869
2,1,0,14,19708
2,1,0,15,19915
2,1,0,16,19555
2,1,0,17,19613
2,1,0,18,19557
2,1,0,19,19880
2,1,0,20,19586
2,1,0,21,19823
2,1,0,22,19594
2,1,0,23,19762
2,1,0,24,19767
2,1,0,25,19577
2,1,0,26,19546
2,1,0,27,19849
2,1,0,28,19881
2,1,0,29,19843
2,1,0,30,19801
2,1,0,31,19744
2,1,0,32,19837
2,1,0,33,19860
2,1,0,34,19920
2,1,0,35,19795
2,1,0,36,19849
2,1,0,37,19683
2,1,0,38,19759
2,1,0,39,19888
2,1,0,40,19677
2,1,0,41,19642
2,1,0,42,19639
2,1,0,43,19964
2,1,0,44,19632
2,1,0,45,19562
2,1,0,46,19775
2,1,0,47,19770
2,1,0,48,20227
2,1,0,49,19780
2,1,0,50,19800
2,1,0,51,19763
2,1,0,52,19791
2,1,0,53,19614
2,1,0,54,19661
2,1,0,55,19705
2,1,0,56,19574
2,1,0,57,19555
2,1,0,58,19560
2,1,0,59,19888
2,1,0,60,19678
2,1,0,61,19583
2,1,0,62,19632
2,1,0,63,19560
2,1,1,0,19911
2,1,1,1,19548
2,1,1,2,19750
2,1,1,3,19698
2,1,1,4,19599
2,1,1,5,19778
2,1,1,6,19821
2,1,1,7,19629
2,1,1,8,19561
2,1,1,9,19838
2,1,1,10,19673
2,1,1,11,19680
2,1,1,12,19764
2,1,1,13,19682
2,1,1,14,19748
2,1,1,15,19766
2,1,1,16,19665
2,1,1,17,19580
2,1,1,18,19750
2,1,1,19,19772
2,1,1,20,19659
2,1,1,21,19698
2,1,1,22,19780
2,1,1,23,19646
2,1,1,24,19840
2,1,1,25,19729
2,1,1,26,19652
2,1,1,27,19807
2,1,1,28,19666
2,1,1,29,19783
2,1,1,30,19651
2,1,1,31,19768
2,1,1,32,19620
2,1,1,33,19560
2,1,1,34,19693
2,1,1,35,19631
2,1,1,36,19757
2,1,1,37,19592
2,1,1,38,19651
2,1,1,39,19765
2,1,1,40,19863
2,1,1,41,19727
2,1,1,42,19651
2,1,1,43,19811
2,1,1,44,19744
2,1,1,45,19710
2,1,1,46,19567
2,1,1,47,19713
2,1,1,48,19694
2,1,1,49,19630
2,1,1,50,19748
2,1,1,51,19547
2,1,1,52,19802
2,1,1,53,19685
2,1,1,54,19902
2,1,1,55,19834
2,1,1,56,19811
2,1,1,57,19705
2,1,1,58,19749
2,1,1,59,19601
2,1,1,60,19861
2,1,1,61,19758
2,1,1,62,19720
2,1,1,63,19648
2,0,1,0,19780
2,0,1,1,19661
2,0,1,2,19610
2,0,1,3,19814
2,0,1,4,20458
2,0,1,5,19849
2,0,1,6,19583
2,0,1,7,19717
2,0,1,8,19621
2,0,1,9,19752
2,0,1,10,19691
2,0,1,11,19674
2,0,1,12,19518
2,0,1,13,19863
2,0,1,14,19672
2,0,1,15,19830
2,0,1,16,19637
2,0,1,17,19781
2,0,1,18,19845
2,0,1,19,19556
2,0,1,20,19718
2,0,1,21,19858
2,0,1,22,19775
2,0,1,23,19535
2,0,1,24,19704
2,0,1,25,19683
2,0,1,26,19723
2,0,1,27,19623
2,0,1,28,19671
2,0,1,29,19739
2,0,1,30,19484
2,0,1,31,19597
2,0,1,32,19621
2,0,1,33,19553
2,0,1,34,19779
2,0,1,35,19624
2,0,1,36,19672
2,0,1,37,19590
2,0,1,38,19555
2,0,1,39,19646
2,0,1,40,19557
2,0,1,41,19603
2,0,1,42,19723
2,0,1,43,19628
2,0,1,44,19577
2,0,1,45,19737
2,0,1,46,19625
2,0,1,47,19808
2,0,1,48,19820
2,0,1,49,19676
2,0,1,50,19853
2,0,1,51,19564
2,0,1,52,19604
2,0,1,53,19635
2,0,1,54,19740
2,0,1,55,19563
2,0,1,56,19717
2,0,1,57,19562
2,0,1,58,19752
2,0,1,59,19743
2,0,1,60,19552
2,0,1,61,19628
2,0,1,62,19779
2,0,1,63,19744
2,0,2,0,19795
2,0,2,1,19683
2,0,2,2,19651
2,0,2,3,19668
2,0,2,4,19678
2,0,2,5,19939
2,0,2,6,19784
2,0,2,7,19753
2,0,2,8,19512
2,0,2,9,19629
2,0,2,10,19606
2,0,2,11,19760
2,0,2,12,19783
2,0,2,13,19770
2,0,2,14,19663
2,0,2,15,19748
2,0,2,16,19562
2,0,2,17,19682
2,0,2,18,19805
2,0,2,19,19718
2,0,2,20,19824
2,0,2,21,19680
2,0,2,22,19574
2,0,2,23,19720
2,0,2,24,19752
2,0,2,25,19750
2,0,2,26,19736
2,0,2,27,20290
2,0,2,28,19716
2,0,2,29,19784
2,0,2,30,19806
2,0,2,31,19889
2,0,2,32,19584
2,0,2,33,19644
2,0,2,34,19669
2,0,2,35,19850
2,0,2,36,19872
2,0,2,37,19751
2,0,2,38,19580
2,0,2,39,19635
2,0,2,40,19796
2,0,2,41,19722
2,0,2,42,19515
2,0,2,43,19731
2,0,2,44,19638
2,0,2,45,19698
2,0,2,46,19726
2,0,2,47,19795
2,0,2,48,19860
2,0,2,49,19555
2,0,2,50,19590
2,0,2,51,19568
2,0,2,52,19520
2,0,2,53,19968
2,0,2,54,19546
2,0,2,55,19532
2,0,2,56,19719
2,0,2,57,19698
2,0,2,58,19628
2,0,2,59,19514
2,0,2,60,19843
2,0,2,61,19643
2,0,2,62,19665
2,0,2,63,19719
2,1,2,0,19767
2,1,2,1,19797
2,1,2,2,19763
2,1,2,3,19646
2,1,2,4,19743
2,1,2,5,19586
2,1,2,6,19826
2,1,2,7,19539
2,1,2,8,19697
2,1,2,9,19720
2,1,2,10,19797
2,1,2,11,19639
2,1,2,12,19700
2,1,2,13,19628
2,1,2,14,19712
2,1,2,15,19741
2,1,2,16,19600
2,1,2,17,19685
2,1,2,18,19815
2,1,2,19,19676
2,1,2,20,19805
2,1,2,21,19691
2,1,2,22,19614
2,1,2,23,19759
2,1,2,24,19633
2,1,2,25,19582
2,1,2,26,19687
2,1,2,27,19544
2,1,2,28,19672
2,1,2,29,19610
2,1,2,30,19686
2,1,2,31,19916
2,1,2,32,19783
2,1,2,33,19517
2,1,2,34,19593
2,1,2,35,19820
2,1,2,36,19559
2,1,2,37,19653
2,1,2,38,19781
2,1,2,39,19647
2,1,2,40,19569
2,1,2,41,19649
2,1,2,42,19838
2,1,2,43,19585
2,1,2,44,19783
2,1,2,45,19774
2,1,2,46,19558
2,1,2,47,19852
2,1,2,48,19585
2,1,2,49,19634
2,1,2,50,20184
2,1,2,51,19737
2,1,2,52,19636
2,1,2,53,19953
2,1,2,54,19785
2,1,2,55,19793
2,1,2,56,19708
2,1,2,57,19748
2,1,2,58,19734
2,1,2,59,19671
2,1,2,60,19655
2,1,2,61,19756
2,1,2,62,19709
2,1,2,63,19890
2,1,3,0,19743
2,1,3,1,19618
2,1,3,2,19524
2,1,3,3,19754
2,1,3,4,19592
2,1,3,5,19704
2,1,3,6,19794
2,1,3,7,19776
2,1,3,8,19547
2,1,3,9,19896
2,1,3,10,19583
2,1,3,11,19776
2,1,3,12,19675
2,1,3,13,19578
2,1,3,14,19716
2,1,3,15,19772
2,1,3,16,19915
2,1,3,17,19779
2,1,3,18,19831
2,1,3,19,19598
2,1,3,20,19749
2,1,3,21,19701
2,1,3,22,19868
2,1,3,23,19798
2,1,3,24,19887
2,1,3,25,19737
2,1,3,26,19833
2,1,3,27,19749
2,1,3,28,19693
2,1,3,29,19798
2,1,3,30,19792
2,1,3,31,19773
2,1,3,32,19840
2,1,3,33,19738
2,1,3,34,19741
2,1,3,35,19817
2,1,3,36,19760
2,1,3,37,19600
2,1,3,38,19554
2,1,3,39,19658
2,1,3,40,19622
2,1,3,41,19699
2,1,3,42,19575
2,1,3,43,19769
2,1,3,44,19764
2,1,3,45,19691
2,1,3,46,19615
2,1,3,47,19721
2,1,3,48,19772
2,1,3,49,19559
2,1,3,50,19739
2,1,3,51,19639
2,1,3,52,19660
2,1,3,53,19895
2,1,3,54,19960
2,1,3,55,19689
2,1,3,56,19586
2,1,3,57,19600
2,1,3,58,19862
2,1,3,59,19797
2,1,3,60,19588
2,1,3,61,19690
2,1,3,62,19708
2,1,3,63,19579
2,0,3,0,19681
2,0,3,1,19689
2,0,3,2,19832
2,0,3,3,19611
2,0,3,4,19747
2,0,3,5,19774
2,0,3,6,19739
2,0,3,7,19793
2,0,3,8,19548
2,0,3,9,19564
2,0,3,10,19545
2,0,3,11,19658
2,0,3,12,19675
2,0,3,13,19859
2,0,3,14,19915
2,0,3,15,19861
2,0,3,16,19650
2,0,3,17,19775
2,0,3,18,19622
2,0,3,19,19684
2,0,3,20,19858
2,0,3,21,19617
2,0,3,22,19673
2,0,3,23,19825
2,0,3,24,19639
2,0,3,25,19572
2,0,3,26,19632
2,0,3,27,19821
2,0,3,28,19556
2,0,3,29,19516
2,0,3,30,19851
2,0,3,31,19454
2,0,3,32,19762
2,0,3,33,19522
2,0,3,34,19935
2,0,3,35,19790
2,0,3,36,19774
2,0,3,37,19700
2,0,3,38,19765
2,0,3,39,19675
2,0,3,40,19773
2,0,3,41,19800
2,0,3,42,19589
2,0,3,43,19655
2,0,3,44,19679
2,0,3,45,19771
2,0,3,46,19556
2,0,3,47,19647
2,0,3,48,19863
2,0,3,49,19522
2,0,3,50,19899
2,0,3,51,19763
2,0,3,52,19555
2,0,3,53,19793
2,0,3,54,19634
2,0,3,55,19544
2,0,3,56,19664
2,0,3,57,19623
2,0,3,58,19651
2,0,3,59,19605
2,0,3,60,19737
2,0,3,61,19501
2,0,3,62,19575
2,0,3,63,19735
2,0,4,0,19685
2,0,4,1,19744
2,0,4,2,19718
2,0,4,3,19645
2,0,4,4,19516
2,0,4,5,19838
2,0,4,6,19481
2,0,4,7,19636
2,0,4,8,19606
2,0,4,9,19739
2,0,4,10,19579
2,0,4,11,19817
2,0,4,12,19676
2,0,4,13,19726
2,0,4,14,19650
2,0,4,15,19507
2,0,4,16,19728
2,0,4,17,19777
2,0,4,18,19577
2,0,4,19,19909
2,0,4,20,19570
2,0,4,21,19882
2,0,4,22,19674
2,0,4,23,19658
2,0,4,24,19571
2,0,4,25,19553
2,0,4,26,19554
2,0,4,27,19649
2,0,4,28,19817
2,0,4,29,20278
2,0,4,30,19746
2,0,4,31,19712
2,0,4,32,19884
2,0,4,33,19653
2,0,4,34,19731
2,0,4,35,19877
2,0,4,36,19778
2,0,4,37,19573
2,0,4,38,19688
2,0,4,39,19567
2,0,4,40,19502
2,0,4,41,19534
2,0,4,42,19565
2,0,4,43,19541
2,0,4,44,19668
2,0,4,45,19762
2,0,4,46,19776
2,0,4,47,19728
2,0,4,48,19631
2,0,4,49,19584
2,0,4,50,19757
2,0,4,51,19742
2,0,4,52,19607
2,0,4,53,19564
2,0,4,54,19539
2,0,4,55,19749
2,0,4,56,19739
2,0,4,57,19619
2,0,4,58,19764
2,0,4,59,19836
2,0,4,60,19800
2,0,4,61,19510
2,0,4,62,19583
2,0,4,63,19664
2,1,4,0,19655
2,1,4,1,19732
2,1,4,2,19706
2,1,4,3,19732
2,1,4,4,19660
2,1,4,5,19583
2,1,4,6,19743
2,1,4,7,19835
2,1,4,8,19849
2,1,4,9,19644
2,1,4,10,19752
2,1,4,11,19663
2,1,4,12,19686
2,1,4,13,19591
2,1,4,14,19618
2,1,4,15,19545
2,1,4,16,19571
2,1,4,17,19665
2,1,4,18,19635
2,1,4,19,19692
2,1,4,20,19666
2,1,4,21,19869
2,1,4,22,19804
2,1,4,23,19720
2,1,4,24,19538
2,1,4,25,19891
2,1,4,26,19799
2,1,4,27,19676
2,1,4,28,19741
2,1,4,29,19520
2,1,4,30,19914
2,1,4,31,19653
2,1,4,32,19723
2,1,4,33,19637
2,1,4,34,19602
2,1,4,35,19727
2,1,4,36,19823
2,1,4,37,19637
2,1,4,38,19588
2,1,4,39,19808
2,1,4,40,19537
2,1,4,41,19785
2,1,4,42,19797
2,1,4,43,19787
2,1,4,44,19606
2,1,4,45,19581
2,1,4,46,19542
2,1,4,47,19747
2,1,4,48,19689
2,1,4,49,20160
2,1,4,50,19781
2,1,4,51,19855
2,1,4,52,20490
2,1,4,53,19795
2,1,4,54,19887
2,1,4,55,19744
2,1,4,56,19843
2,1,4,57,19665
2,1,4,58,19846
2,1,4,59,19904
2,1,4,60,19648
2,1,4,61,19714
2,1,4,62,19584
2,1,4,63,19692
2,1,5,0,19823
2,1,5,1,19809
2,1,5,2,19768
2,1,5,3,19831
2,1,5,4,19847
2,1,5,5,19666
2,1,5,6,19744
2,1,5,7,19786
2,1,5,8,19582
2,1,5,9,19812
2,1,5,10,19856
2,1,5,11,19669
2,1,5,12,19626
2,1,5,13,19808
2,1,5,14,19581
2,1,5,15,19467
2,1,5,16,19808
2,1,5,17,19765
2,1,5,18,19753
2,1,5,19,19822
2,1,5,20,19854
2,1,5,21,19650
2,1,5,22,19735
2,1,5,23,19831
2,1,5,24,19516
2,1,5,25,19564
2,1,5,26,19904
2,1,5,27,19721
2,1,5,28,19814
2,1,5,29,19995
2,1,5,30,19581
2,1,5,31,19852
2,1,5,32,19767
2,1,5,33,19542
2,1,5,34,19597
2,1,5,35,19542
2,1,5,36,19831
2,1,5,37,19790
2,1,5,38,19913
2,1,5,39,19646
2,1,5,40,19530
2,1,5,41,19527
2,1,5,42,19708
2,1,5,43,19667
2,1,5,44,19821
2,1,5,45,19689
2,1,5,46,19532
2,1,5,47,19798
2,1,5,48,19763
2,1,5,49,19550
2,1,5,50,19571
2,1,5,51,19708
2,1,5,52,19966
2,1,5,53,19670
2,1,5,54,19633
2,1,5,55,19890
2,1,5,56,19752
2,1,5,57,19762
2,1,5,58,19766
2,1,5,59,19621
2,1,5,60,19790
2,1,5,61,19661
2,1,5,62,19748
2,1,5,63,19624
2,0,5,0,19712
2,0,5,1,19863
2,0,5,2,19781
2,0,5,3,19684
2,0,5,4,19566
2,0,5,5,19667
2,0,5,6,19687
2,0,5,7,20261
2,0,5,8,19564
2,0,5,9,19615
2,0,5,10,19533
2,0,5,11,19634
2,0,5,12,19636
2,0,5,13,19671
2,0,5,14,19633
2,0,5,15,19795
2,0,5,16,19729
2,0,5,17,19687
2,0,5,18,19621
2,0,5,19,19560
2,0,5,20,19524
2,0,5,21,19877
2,0,5,22,19771
2,0,5,23,19867
2,0,5,24,19804
2,0,5,25,19663
2,0,5,26,19615
2,0,5,27,19710
2,0,5,28,19592
2,0,5,29,19524
2,0,5,30,19959
2,0,5,31,19546
2,0,5,32,19535
2,0,5,33,19657
2,0,5,34,19614
2,0,5,35,19642
2,0,5,36,19694
2,0,5,37,19897
2,0,5,38,19811
2,0,5,39,19830
2,0,5,40,19793
2,0,5,41,19712
2,0,5,42,19837
2,0,5,43,19534
2,0,5,44,19557
2,0,5,45,19933
2,0,5,46,19784
2,0,5,47,19518
2,0,5,48,19762
2,0,5,49,19705
2,0,5,50,19575
2,0,5,51,19788
2,0,5,52,19694
2,0,5,53,19682
2,0,5,54,19651
2,0,5,55,19572
2,0,5,56,19664
2,0,5,57,19544
2,0,5,58,19725
2,0,5,59,19956
2,0,5,60,19504
2,0,5,61,19726
2,0,5,62,19595
2,0,5,63,19775
2,0,6,0,19764
2,0,6,1,19627
2,0,6,2,19772
2,0,6,3,19808
2,0,6,4,19709
2,0,6,5,19608
2,0,6,6,19738
2,0,6,7,19816
2,0,6,8,19675
2,0,6,9,19566
2,0,6,10,19589
2,0,6,11,19653
2,0,6,12,19656
2,0,6,13,19745
2,0,6,14,19556
2,0,6,15,19626
2,0,6,16,19679
2,0,6,17,19657
2,0,6,18,19700
2,0,6,19,19513
2,0,6,20,19578
2,0,6,21,19474
2,0,6,22,19587
2,0,6,23,19777
2,0,6,24,19700
2,0,6,25,19526
2,0,6,26,19780
2,0,6,27,19485
2,0,6,28,19591
2,0,6,29,19799
2,0,6,30,19574
2,0,6,31,20087
2,0,6,32,19974
2,0,6,33,19562
2,0,6,34,19509
2,0,6,35,19646
2,0,6,36,19607
2,0,6,37,19530
2,0,6,38,19848
2,0,6,39,19695
2,0,6,40,19803
2,0,6,41,19890
2,0,6,42,19579
2,0,6,43,19742
2,0,6,44,19697
2,0,6,45,19652
2,0,6,46,19684
2,0,6,47,19629
2,0,6,48,19763
2,0,6,49,19507
2,0,6,50,30474
2,0,6,51,19581
2,0,6,52,19842
2,0,6,53,19555
2,0,6,54,19683
2,0,6,55,19694
2,0,6,56,19535
2,0,6,57,19612
2,0,6,58,19666
2,0,6,59,19725
2,0,6,60,19646
2,0,6,61,19724
2,0,6,62,19580
2,0,6,63,19739
2,1,6,0,19738
2,1,6,1,19734
2,1,6,2,19594
2,1,6,3,19619
2,1,6,4,19714
2,1,6,5,19805
2,1,6,6,19903
2,1,6,7,19754
2,1,6,8,19564
2,1,6,9,19579
2,1,6,10,19695
2,1,6,11,19580
2,1,6,12,19793
2,1,6,13,19839
2,1,6,14,19768
2,1,6,15,19609
2,1,6,16,19482
2,1,6,17,19757
2,1,6,18,19491
2,1,6,19,19666
2,1,6,20,19869
2,1,6,21,19753
2,1,6,22,19519
2,1,6,23,19742
2,1,6,24,19748
2,1,6,25,19599
2,1,6,26,19755
2,1,6,27,19907
2,1,6,28,19762
2,1,6,29,19720
2,1,6,30,19686
2,1,6,31,19627
2,1,6,32,19838
2,1,6,33,19613
2,1,6,34,19644
2,1,6,35,19671
2,1,6,36,19765
2,1,6,37,19873
2,1,6,38,19770
2,1,6,39,19686
2,1,6,40,19753
2,1,6,41,19759
2,1,6,42,19683
2,1,6,43,19782
2,1,6,44,19809
2,1,6,45,19810
2,1,6,46,19579
2,1,6,47,19574
2,1,6,48,19741
2,1,6,49,19538
2,1,6,50,19783
2,1,6,51,19712
2,1,6,52,19595
2,1,6,53,20356
2,1,6,54,19796
2,1,6,55,19742
2,1,6,56,19657
2,1,6,57,19568
2,1,6,58,19686
2,1,6,59,19567
2,1,6,60,19660
2,1,6,61,19793
2,1,6,62,19561
2,1,6,63,19675
2,1,7,0,19567
2,1,7,1,19709
2,1,7,2,19944
2,1,7,3,19749
2,1,7,4,19673
2,1,7,5,19971
2,1,7,6,19629
2,1,7,7,19740
2,1,7,8,19498
2,1,7,9,19658
2,1,7,10,19636
2,1,7,11,19809
2,1,7,12,19762
2,1,7,13,19573
2,1,7,14,19717
2,1,7,15,19639
2,1,7,16,19815
2,1,7,17,19600
2,1,7,18,19827
2,1,7,19,19532
2,1,7,20,19656
2,1,7,21,19592
2,1,7,22,19812
2,1,7,23,19542
2,1,7,24,19577
2,1,7,25,19900
2,1,7,26,19643
2,1,7,27,19686
2,1,7,28,19752
2,1,7,29,19854
2,1,7,30,19717
2,1,7,31,19563
2,1,7,32,19761
2,1,7,33,19452
2,1,7,34,19707
2,1,7,35,19644
2,1,7,36,19702
2,1,7,37,19989
2,1,7,38,19727
2,1,7,39,19941
2,1,7,40,19726
2,1,7,41,19695
2,1,7,42,19616
2,1,7,43,19588
2,1,7,44,19765
2,1,7,45,19788
2,1,7,46,19605
2,1,7,47,19605
2,1,7,48,19773
2,1,7,49,19555
2,1,7,50,19713
2,1,7,51,19809
2,1,7,52,19735
2,1,7,53,19785
2,1,7,54,19496
2,1,7,55,19652
2,1,7,56,19629
2,1,7,57,19647
2,1,7,58,19767
2,1,7,59,19767
2,1,7,60,19788
2,1,7,61,19778
2,1,7,62,19631
2,1,7,63,19525
2,0,7,0,19548
2,0,7,1,19613
2,0,7,2,19643
2,0,7,3,19603
2,0,7,4,19888
2,0,7,5,19608
2,0,7,6,19553
2,0,7,7,19715
2,0,7,8,19647
2,0,7,9,19998
2,0,7,10,19586
2,0,7,11,19532
2,0,7,12,19800
2,0,7,13,19530
2,0,7,14,19572
2,0,7,15,19648
2,0,7,16,19577
2,0,7,17,19504
2,0,7,18,19660
2,0,7,19,19558
2,0,7,20,19513
2,0,7,21,19808
2,0,7,22,19779
2,0,7,23,19675
2,0,7,24,19639
2,0,7,25,19683
2,0,7,26,19597
2,0,7,27,19550
2,0,7,28,19538
2,0,7,29,19813
2,0,7,30,19599
2,0,7,31,19738
2,0,7,32,19577
2,0,7,33,19612
2,0,7,34,30547
2,0,7,35,19697
2,0,7,36,19511
2,0,7,37,19807
2,0,7,38,19531
2,0,7,39,19638
2,0,7,40,19821
2,0,7,41,19615
2,0,7,42,19656
2,0,7,43,19637
2,0,7,44,19561
2,0,7,45,19727
2,0,7,46,19683
2,0,7,47,19612
2,0,7,48,19497
2,0,7,49,19545
2,0,7,50,20015
2,0,7,51,19769
2,0,7,52,19656
2,0,7,53,19749
2,0,7,54,19668
2,0,7,55,19574
2,0,7,56,19774
2,0,7,57,19584
2,0,7,58,19623
2,0,7,59,19699
2,0,7,60,19691
2,0,7,61,19647
2,0,7,62,19600
2,0,7,63,19616
