cpucycles tracesetup 0 amd64-perfpmcff precision 0 scaling 0.000000 only32 0
cpucycles tracesetup 1 amd64-perfpmc precision 0 scaling 0.000000 only32 0
cpucycles tracesetup 2 amd64-pmcff precision 0 scaling 0.000000 only32 0
cpucycles tracesetup 3 amd64-tsc precision 1080 scaling 0.467415 only32 0
cpucycles tracesetup 4 amd64-tscasm precision 1090 scaling 0.467415 only32 0
cpucycles tracesetup 5 default-perfevent precision 203 scaling 1.000000 only32 0
cpucycles tracesetup 6 default-mach precision 0 scaling 0.000000 only32 0
cpucycles tracesetup 7 default-monotonic precision 1075 scaling 1.400000 only32 0
cpucycles tracesetup 8 default-gettimeofday precision 2440 scaling 1400.000000 only32 0
cpucycles tracesetup 9 default-zero precision 0 scaling 0.000000 only32 0
region,variant,block,observation,cycles
0,0,0,0,1008
0,0,0,1,958
0,0,0,2,959
0,0,0,3,947
0,0,0,4,966
0,0,0,5,967
0,0,0,6,968
0,0,0,7,967
0,0,0,8,959
0,0,0,9,967
0,0,0,10,967
0,0,0,11,965
0,0,0,12,963
0,0,0,13,963
0,0,0,14,984
0,0,0,15,972
0,0,0,16,999
0,0,0,17,984
0,0,0,18,962
0,0,0,19,969
0,0,0,20,958
0,0,0,21,950
0,0,0,22,954
0,0,0,23,989
0,0,0,24,980
0,0,0,25,965
0,0,0,26,950
0,0,0,27,968
0,0,0,28,948
0,0,0,29,949
0,0,0,30,970
0,0,0,31,957
0,0,0,32,976
0,0,0,33,993
0,0,0,34,943
0,0,0,35,955
0,0,0,36,965
0,0,0,37,964
0,0,0,38,957
0,0,0,39,956
0,0,0,40,962
0,0,0,41,979
0,0,0,42,955
0,0,0,43,966
0,0,0,44,975
0,0,0,45,953
0,0,0,46,976
0,0,0,47,971
0,0,0,48,962
0,0,0,49,971
0,0,0,50,977
0,0,0,51,960
0,0,0,52,967
0,0,0,53,943
0,0,0,54,939
0,0,0,55,970
0,0,0,56,954
0,0,0,57,973
0,0,0,58,959
0,0,0,59,981
0,0,0,60,972
0,0,0,61,966
0,0,0,62,985
0,0,0,63,1002
0,1,0,0,1003
0,1,0,1,993
0,1,0,2,986
0,1,0,3,984
0,1,0,4,999
0,1,0,5,992
0,1,0,6,992
0,1,0,7,1002
0,1,0,8,981
0,1,0,9,979
0,1,0,10,981
0,1,0,11,990
0,1,0,12,995
0,1,0,13,1005
0,1,0,14,984
0,1,0,15,985
0,1,0,16,977
0,1,0,17,968
0,1,0,18,995
0,1,0,19,980
0,1,0,20,974
0,1,0,21,980
0,1,0,22,990
0,1,0,23,997
0,1,0,24,978
0,1,0,25,982
0,1,0,26,982
0,1,0,27,973
0,1,0,28,983
0,1,0,29,1016
0,1,0,30,1001
0,1,0,31,981
0,1,0,32,991
0,1,0,33,1000
0,1,0,34,1004
0,1,0,35,1001
0,1,0,36,1005
0,1,0,37,986
0,1,0,38,1007
0,1,0,39,1006
0,1,0,40,979
0,1,0,41,975
0,1,0,42,979
0,1,0,43,995
0,1,0,44,989
0,1,0,45,990
0,1,0,46,1005
0,1,0,47,960
0,1,0,48,962
0,1,0,49,984
0,1,0,50,984
0,1,0,51,998
0,1,0,52,992
0,1,0,53,980
0,1,0,54,988
0,1,0,55,997
0,1,0,56,971
0,1,0,57,989
0,1,0,58,976
0,1,0,59,984
0,1,0,60,981
0,1,0,61,988
0,1,0,62,986
0,1,0,63,968
0,1,1,0,975
0,1,1,1,986
0,1,1,2,965
0,1,1,3,979
0,1,1,4,976
0,1,1,5,1005
0,1,1,6,974
0,1,1,7,975
0,1,1,8,995
0,1,1,9,986
0,1,1,10,967
0,1,1,11,978
0,1,1,12,980
0,1,1,13,984
0,1,1,14,993
0,1,1,15,986
0,1,1,16,997
0,1,1,17,985
0,1,1,18,979
0,1,1,19,990
0,1,1,20,987
0,1,1,21,1000
0,1,1,22,988
0,1,1,23,1005
0,1,1,24,999
0,1,1,25,971
0,1,1,26,996
0,1,1,27,995
0,1,1,28,996
0,1,1,29,1004
0,1,1,30,984
0,1,1,31,990
0,1,1,32,984
0,1,1,33,996
0,1,1,34,1001
0,1,1,35,975
0,1,1,36,980
0,1,1,37,1000
0,1,1,38,991
0,1,1,39,986
0,1,1,40,980
0,1,1,41,1001
0,1,1,42,979
0,1,1,43,992
0,1,1,44,975
0,1,1,45,1011
0,1,1,46,1005
0,1,1,47,975
0,1,1,48,990
0,1,1,49,1005
0,1,1,50,986
0,1,1,51,972
0,1,1,52,977
0,1,1,53,1001
0,1,1,54,962
0,1,1,55,981
0,1,1,56,977
0,1,1,57,1009
0,1,1,58,989
0,1,1,59,982
0,1,1,60,977
0,1,1,61,1003
0,1,1,62,1003
0,1,1,63,986
0,0,1,0,986
0,0,1,1,956
0,0,1,2,981
0,0,1,3,953
0,0,1,4,973
0,0,1,5,974
0,0,1,6,955
0,0,1,7,967
0,0,1,8,967
0,0,1,9,964
0,0,1,10,946
0,0,1,11,969
0,0,1,12,960
0,0,1,13,968
0,0,1,14,974
0,0,1,15,971
0,0,1,16,972
0,0,1,17,965
0,0,1,18,974
0,0,1,19,969
0,0,1,20,980
0,0,1,21,952
0,0,1,22,959
0,0,1,23,963
0,0,1,24,975
0,0,1,25,973
0,0,1,26,959
0,0,1,27,970
0,0,1,28,969
0,0,1,29,961
0,0,1,30,946
0,0,1,31,973
0,0,1,32,966
0,0,1,33,980
0,0,1,34,967
0,0,1,35,991
0,0,1,36,978
0,0,1,37,987
0,0,1,38,966
0,0,1,39,975
0,0,1,40,961
0,0,1,41,960
0,0,1,42,962
0,0,1,43,971
0,0,1,44,973
0,0,1,45,952
0,0,1,46,960
0,0,1,47,966
0,0,1,48,948
0,0,1,49,957
0,0,1,50,954
0,0,1,51,969
0,0,1,52,971
0,0,1,53,977
0,0,1,54,979
0,0,1,55,975
0,0,1,56,967
0,0,1,57,982
0,0,1,58,992
0,0,1,59,991
0,0,1,60,986
0,0,1,61,965
0,0,1,62,1021
0,0,1,63,975
0,0,2,0,947
0,0,2,1,963
0,0,2,2,980
0,0,2,3,978
0,0,2,4,971
0,0,2,5,965
0,0,2,6,978
0,0,2,7,982
0,0,2,8,974
0,0,2,9,950
0,0,2,10,947
0,0,2,11,960
0,0,2,12,970
0,0,2,13,981
0,0,2,14,956
0,0,2,15,961
0,0,2,16,957
0,0,2,17,955
0,0,2,18,964
0,0,2,19,946
0,0,2,20,980
0,0,2,21,961
0,0,2,22,969
0,0,2,23,984
0,0,2,24,947
0,0,2,25,964
0,0,2,26,967
0,0,2,27,974
0,0,2,28,960
0,0,2,29,948
0,0,2,30,975
0,0,2,31,968
0,0,2,32,963
0,0,2,33,965
0,0,2,34,972
0,0,2,35,982
0,0,2,36,969
0,0,2,37,950
0,0,2,38,952
0,0,2,39,970
0,0,2,40,954
0,0,2,41,963
0,0,2,42,966
0,0,2,43,972
0,0,2,44,947
0,0,2,45,977
0,0,2,46,971
0,0,2,47,965
0,0,2,48,976
0,0,2,49,981
0,0,2,50,964
0,0,2,51,962
0,0,2,52,951
0,0,2,53,961
0,0,2,54,963
0,0,2,55,971
0,0,2,56,957
0,0,2,57,976
0,0,2,58,981
0,0,2,59,968
0,0,2,60,967
0,0,2,61,961
0,0,2,62,976
0,0,2,63,979
0,1,2,0,974
0,1,2,1,1023
0,1,2,2,984
0,1,2,3,987
0,1,2,4,975
0,1,2,5,974
0,1,2,6,974
0,1,2,7,978
0,1,2,8,985
0,1,2,9,973
0,1,2,10,985
0,1,2,11,980
0,1,2,12,992
0,1,2,13,1001
0,1,2,14,1008
0,1,2,15,985
0,1,2,16,995
0,1,2,17,997
0,1,2,18,970
0,1,2,19,978
0,1,2,20,992
0,1,2,21,980
0,1,2,22,999
0,1,2,23,988
0,1,2,24,982
0,1,2,25,974
0,1,2,26,993
0,1,2,27,983
0,1,2,28,991
0,1,2,29,1000
0,1,2,30,987
0,1,2,31,974
0,1,2,32,969
0,1,2,33,988
0,1,2,34,993
0,1,2,35,985
0,1,2,36,980
0,1,2,37,1000
0,1,2,38,979
0,1,2,39,988
0,1,2,40,975
0,1,2,41,980
0,1,2,42,984
0,1,2,43,1017
0,1,2,44,992
0,1,2,45,981
0,1,2,46,983
0,1,2,47,982
0,1,2,48,968
0,1,2,49,982
0,1,2,50,988
0,1,2,51,989
0,1,2,52,1001
0,1,2,53,1005
0,1,2,54,986
0,1,2,55,978
0,1,2,56,998
0,1,2,57,986
0,1,2,58,979
0,1,2,59,982
0,1,2,60,992
0,1,2,61,999
0,1,2,62,989
0,1,2,63,988
0,1,3,0,972
0,1,3,1,995
0,1,3,2,1005
0,1,3,3,964
0,1,3,4,992
0,1,3,5,982
0,1,3,6,965
0,1,3,7,986
0,1,3,8,987
0,1,3,9,982
0,1,3,10,974
0,1,3,11,977
0,1,3,12,987
0,1,3,13,991
0,1,3,14,997
0,1,3,15,972
0,1,3,16,977
0,1,3,17,993
0,1,3,18,986
0,1,3,19,1011
0,1,3,20,983
0,1,3,21,975
0,1,3,22,998
0,1,3,23,981
0,1,3,24,987
0,1,3,25,990
0,1,3,26,999
0,1,3,27,979
0,1,3,28,973
0,1,3,29,1006
0,1,3,30,984
0,1,3,31,977
0,1,3,32,997
0,1,3,33,976
0,1,3,34,977
0,1,3,35,981
0,1,3,36,1003
0,1,3,37,988
0,1,3,38,975
0,1,3,39,985
0,1,3,40,984
0,1,3,41,1004
0,1,3,42,990
0,1,3,43,980
0,1,3,44,995
0,1,3,45,989
0,1,3,46,1003
0,1,3,47,982
0,1,3,48,986
0,1,3,49,973
0,1,3,50,962
0,1,3,51,981
0,1,3,52,988
0,1,3,53,974
0,1,3,54,1012
0,1,3,55,980
0,1,3,56,991
0,1,3,57,981
0,1,3,58,988
0,1,3,59,996
0,1,3,60,994
0,1,3,61,995
0,1,3,62,986
0,1,3,63,997
0,0,3,0,963
0,0,3,1,979
0,0,3,2,967
0,0,3,3,965
0,0,3,4,991
0,0,3,5,965
0,0,3,6,974
0,0,3,7,977
0,0,3,8,972
0,0,3,9,965
0,0,3,10,984
0,0,3,11,941
0,0,3,12,980
0,0,3,13,959
0,0,3,14,963
0,0,3,15,973
0,0,3,16,971
0,0,3,17,976
0,0,3,18,971
0,0,3,19,965
0,0,3,20,968
0,0,3,21,975
0,0,3,22,965
0,0,3,23,968
0,0,3,24,974
0,0,3,25,972
0,0,3,26,975
0,0,3,27,982
0,0,3,28,973
0,0,3,29,965
0,0,3,30,955
0,0,3,31,974
0,0,3,32,967
0,0,3,33,980
0,0,3,34,973
0,0,3,35,969
0,0,3,36,967
0,0,3,37,984
0,0,3,38,962
0,0,3,39,964
0,0,3,40,972
0,0,3,41,974
0,0,3,42,977
0,0,3,43,975
0,0,3,44,970
0,0,3,45,958
0,0,3,46,971
0,0,3,47,962
0,0,3,48,964
0,0,3,49,985
0,0,3,50,947
0,0,3,51,978
0,0,3,52,981
0,0,3,53,956
0,0,3,54,974
0,0,3,55,976
0,0,3,56,967
0,0,3,57,969
0,0,3,58,966
0,0,3,59,976
0,0,3,60,964
0,0,3,61,974
0,0,3,62,979
0,0,3,63,971
0,0,4,0,967
0,0,4,1,964
0,0,4,2,969
0,0,4,3,977
0,0,4,4,979
0,0,4,5,966
0,0,4,6,974
0,0,4,7,968
0,0,4,8,973
0,0,4,9,967
0,0,4,10,989
0,0,4,11,969
0,0,4,12,966
0,0,4,13,990
0,0,4,14,980
0,0,4,15,978
0,0,4,16,963
0,0,4,17,962
0,0,4,18,979
0,0,4,19,998
0,0,4,20,983
0,0,4,21,970
0,0,4,22,955
0,0,4,23,970
0,0,4,24,965
0,0,4,25,968
0,0,4,26,991
0,0,4,27,972
0,0,4,28,975
0,0,4,29,995
0,0,4,30,972
0,0,4,31,972
0,0,4,32,970
0,0,4,33,970
0,0,4,34,960
0,0,4,35,964
0,0,4,36,968
0,0,4,37,966
0,0,4,38,986
0,0,4,39,940
0,0,4,40,961
0,0,4,41,957
0,0,4,42,954
0,0,4,43,951
0,0,4,44,979
0,0,4,45,963
0,0,4,46,988
0,0,4,47,976
0,0,4,48,963
0,0,4,49,980
0,0,4,50,977
0,0,4,51,978
0,0,4,52,977
0,0,4,53,991
0,0,4,54,991
0,0,4,55,984
0,0,4,56,981
0,0,4,57,987
0,0,4,58,976
0,0,4,59,989
0,0,4,60,980
0,0,4,61,979
0,0,4,62,970
0,0,4,63,981
0,1,4,0,964
0,1,4,1,1013
0,1,4,2,1005
0,1,4,3,983
0,1,4,4,1000
0,1,4,5,979
0,1,4,6,989
0,1,4,7,974
0,1,4,8,962
0,1,4,9,966
0,1,4,10,984
0,1,4,11,999
0,1,4,12,969
0,1,4,13,1016
0,1,4,14,987
0,1,4,15,996
0,1,4,16,988
0,1,4,17,1006
0,1,4,18,990
0,1,4,19,994
0,1,4,20,961
0,1,4,21,972
0,1,4,22,990
0,1,4,23,974
0,1,4,24,992
0,1,4,25,978
0,1,4,26,994
0,1,4,27,987
0,1,4,28,973
0,1,4,29,1011
0,1,4,30,987
0,1,4,31,1003
0,1,4,32,967
0,1,4,33,984
0,1,4,34,993
0,1,4,35,986
0,1,4,36,984
0,1,4,37,995
0,1,4,38,970
0,1,4,39,985
0,1,4,40,995
0,1,4,41,970
0,1,4,42,984
0,1,4,43,970
0,1,4,44,959
0,1,4,45,997
0,1,4,46,989
0,1,4,47,977
0,1,4,48,979
0,1,4,49,973
0,1,4,50,978
0,1,4,51,980
0,1,4,52,985
0,1,4,53,969
0,1,4,54,997
0,1,4,55,971
0,1,4,56,1008
0,1,4,57,985
0,1,4,58,975
0,1,4,59,984
0,1,4,60,986
0,1,4,61,998
0,1,4,62,980
0,1,4,63,982
0,1,5,0,945
0,1,5,1,967
0,1,5,2,972
0,1,5,3,997
0,1,5,4,972
0,1,5,5,984
0,1,5,6,1001
0,1,5,7,973
0,1,5,8,969
0,1,5,9,1004
0,1,5,10,982
0,1,5,11,993
0,1,5,12,989
0,1,5,13,1002
0,1,5,14,987
0,1,5,15,987
0,1,5,16,966
0,1,5,17,996
0,1,5,18,996
0,1,5,19,982
0,1,5,20,994
0,1,5,21,1002
0,1,5,22,989
0,1,5,23,1004
0,1,5,24,991
0,1,5,25,989
0,1,5,26,1012
0,1,5,27,978
0,1,5,28,982
0,1,5,29,1012
0,1,5,30,1003
0,1,5,31,974
0,1,5,32,985
0,1,5,33,971
0,1,5,34,968
0,1,5,35,978
0,1,5,36,1008
0,1,5,37,960
0,1,5,38,960
0,1,5,39,982
0,1,5,40,1002
0,1,5,41,990
0,1,5,42,991
0,1,5,43,1009
0,1,5,44,989
0,1,5,45,984
0,1,5,46,973
0,1,5,47,980
0,1,5,48,972
0,1,5,49,968
0,1,5,50,987
0,1,5,51,981
0,1,5,52,983
0,1,5,53,976
0,1,5,54,1003
0,1,5,55,978
0,1,5,56,991
0,1,5,57,968
0,1,5,58,981
0,1,5,59,980
0,1,5,60,974
0,1,5,61,994
0,1,5,62,988
0,1,5,63,996
0,0,5,0,954
0,0,5,1,1012
0,0,5,2,983
0,0,5,3,985
0,0,5,4,972
0,0,5,5,966
0,0,5,6,963
0,0,5,7,958
0,0,5,8,958
0,0,5,9,963
0,0,5,10,965
0,0,5,11,987
0,0,5,12,965
0,0,5,13,981
0,0,5,14,981
0,0,5,15,981
0,0,5,16,976
0,0,5,17,964
0,0,5,18,964
0,0,5,19,963
0,0,5,20,973
0,0,5,21,965
0,0,5,22,969
0,0,5,23,985
0,0,5,24,972
0,0,5,25,968
0,0,5,26,980
0,0,5,27,972
0,0,5,28,992
0,0,5,29,986
0,0,5,30,964
0,0,5,31,955
0,0,5,32,960
0,0,5,33,960
0,0,5,34,945
0,0,5,35,980
0,0,5,36,985
0,0,5,37,972
0,0,5,38,968
0,0,5,39,956
0,0,5,40,949
0,0,5,41,945
0,0,5,42,980
0,0,5,43,969
0,0,5,44,970
0,0,5,45,956
0,0,5,46,974
0,0,5,47,988
0,0,5,48,978
0,0,5,49,973
0,0,5,50,973
0,0,5,51,988
0,0,5,52,984
0,0,5,53,979
0,0,5,54,975
0,0,5,55,980
0,0,5,56,974
0,0,5,57,963
0,0,5,58,981
0,0,5,59,987
0,0,5,60,973
0,0,5,61,998
0,0,5,62,967
0,0,5,63,973
0,0,6,0,979
0,0,6,1,941
0,0,6,2,981
0,0,6,3,968
0,0,6,4,965
0,0,6,5,965
0,0,6,6,982
0,0,6,7,979
0,0,6,8,987
0,0,6,9,982
0,0,6,10,984
0,0,6,11,971
0,0,6,12,976
0,0,6,13,986
0,0,6,14,959
0,0,6,15,975
0,0,6,16,962
0,0,6,17,961
0,0,6,18,989
0,0,6,19,970
0,0,6,20,974
0,0,6,21,982
0,0,6,22,985
0,0,6,23,981
0,0,6,24,981
0,0,6,25,969
0,0,6,26,960
0,0,6,27,962
0,0,6,28,981
0,0,6,29,978
0,0,6,30,978
0,0,6,31,997
0,0,6,32,975
0,0,6,33,988
0,0,6,34,955
0,0,6,35,974
0,0,6,36,974
0,0,6,37,979
0,0,6,38,984
0,0,6,39,985
0,0,6,40,976
0,0,6,41,983
0,0,6,42,982
0,0,6,43,992
0,0,6,44,978
0,0,6,45,973
0,0,6,46,982
0,0,6,47,962
0,0,6,48,977
0,0,6,49,971
0,0,6,50,966
0,0,6,51,985
0,0,6,52,985
0,0,6,53,973
0,0,6,54,963
0,0,6,55,982
0,0,6,56,966
0,0,6,57,984
0,0,6,58,993
0,0,6,59,983
0,0,6,60,983
0,0,6,61,970
0,0,6,62,985
0,0,6,63,970
0,1,6,0,978
0,1,6,1,1019
0,1,6,2,1019
0,1,6,3,1016
0,1,6,4,1011
0,1,6,5,982
0,1,6,6,977
0,1,6,7,974
0,1,6,8,983
0,1,6,9,990
0,1,6,10,966
0,1,6,11,967
0,1,6,12,990
0,1,6,13,1005
0,1,6,14,988
0,1,6,15,1011
0,1,6,16,984
0,1,6,17,984
0,1,6,18,982
0,1,6,19,983
0,1,6,20,995
0,1,6,21,986
0,1,6,22,984
0,1,6,23,989
0,1,6,24,981
0,1,6,25,990
0,1,6,26,978
0,1,6,27,986
0,1,6,28,983
0,1,6,29,992
0,1,6,30,997
0,1,6,31,1001
0,1,6,32,975
0,1,6,33,957
0,1,6,34,980
0,1,6,35,990
0,1,6,36,1000
0,1,6,37,974
0,1,6,38,964
0,1,6,39,984
0,1,6,40,976
0,1,6,41,976
0,1,6,42,985
0,1,6,43,1013
0,1,6,44,972
0,1,6,45,993
0,1,6,46,998
0,1,6,47,991
0,1,6,48,969
0,1,6,49,993
0,1,6,50,979
0,1,6,51,973
0,1,6,52,1000
0,1,6,53,986
0,1,6,54,1001
0,1,6,55,983
0,1,6,56,986
0,1,6,57,988
0,1,6,58,999
0,1,6,59,986
0,1,6,60,968
0,1,6,61,1011
0,1,6,62,982
0,1,6,63,1005
0,1,7,0,942
0,1,7,1,990
0,1,7,2,959
0,1,7,3,987
0,1,7,4,985
0,1,7,5,984
0,1,7,6,1009
0,1,7,7,975
0,1,7,8,997
0,1,7,9,979
0,1,7,10,991
0,1,7,11,967
0,1,7,12,994
0,1,7,13,995
0,1,7,14,1007
0,1,7,15,981
0,1,7,16,991
0,1,7,17,986
0,1,7,18,991
0,1,7,19,969
0,1,7,20,998
0,1,7,21,966
0,1,7,22,999
0,1,7,23,978
0,1,7,24,965
0,1,7,25,1007
0,1,7,26,1000
0,1,7,27,980
0,1,7,28,962
0,1,7,29,1017
0,1,7,30,1006
0,1,7,31,1003
0,1,7,32,963
0,1,7,33,978
0,1,7,34,999
0,1,7,35,982
0,1,7,36,970
0,1,7,37,999
0,1,7,38,996
0,1,7,39,970
0,1,7,40,979
0,1,7,41,971
0,1,7,42,973
0,1,7,43,980
0,1,7,44,986
0,1,7,45,1007
0,1,7,46,994
0,1,7,47,994
0,1,7,48,979
0,1,7,49,975
0,1,7,50,980
0,1,7,51,983
0,1,7,52,984
0,1,7,53,988
0,1,7,54,991
0,1,7,55,989
0,1,7,56,984
0,1,7,57,977
0,1,7,58,997
0,1,7,59,971
0,1,7,60,964
0,1,7,61,985
0,1,7,62,994
0,1,7,63,1000
0,0,7,0,961
0,0,7,1,1007
0,0,7,2,986
0,0,7,3,988
0,0,7,4,981
0,0,7,5,981
0,0,7,6,988
0,0,7,7,975
0,0,7,8,975
0,0,7,9,975
0,0,7,10,972
0,0,7,11,975
0,0,7,12,962
0,0,7,13,988
0,0,7,14,973
0,0,7,15,986
0,0,7,16,970
0,0,7,17,973
0,0,7,18,966
0,0,7,19,972
0,0,7,20,958
0,0,7,21,979
0,0,7,22,958
0,0,7,23,986
0,0,7,24,977
0,0,7,25,968
0,0,7,26,963
0,0,7,27,960
0,0,7,28,970
0,0,7,29,982
0,0,7,30,961
0,0,7,31,979
0,0,7,32,976
0,0,7,33,975
0,0,7,34,989
0,0,7,35,984
0,0,7,36,993
0,0,7,37,953
0,0,7,38,976
0,0,7,39,968
0,0,7,40,979
0,0,7,41,965
0,0,7,42,975
0,0,7,43,998
0,0,7,44,966
0,0,7,45,971
0,0,7,46,981
0,0,7,47,986
0,0,7,48,975
0,0,7,49,963
0,0,7,50,972
0,0,7,51,959
0,0,7,52,955
0,0,7,53,954
0,0,7,54,958
0,0,7,55,958
0,0,7,56,982
0,0,7,57,984
0,0,7,58,958
0,0,7,59,957
0,0,7,60,973
0,0,7,61,969
0,0,7,62,981
0,0,7,63,978
1,0,0,0,1201
1,0,0,1,1177
1,0,0,2,1166
1,0,0,3,1186
1,0,0,4,1175
1,0,0,5,1154
1,0,0,6,1165
1,0,0,7,1138
1,0,0,8,1155
1,0,0,9,1161
1,0,0,10,1153
1,0,0,11,1171
1,0,0,12,1152
1,0,0,13,1179
1,0,0,14,1158
1,0,0,15,1162
1,0,0,16,1141
1,0,0,17,1160
1,0,0,18,1158
1,0,0,19,1148
1,0,0,20,1148
1,0,0,21,1166
1,0,0,22,1158
1,0,0,23,1152
1,0,0,24,1153
1,0,0,25,1155
1,0,0,26,1176
1,0,0,27,1166
1,0,0,28,1154
1,0,0,29,1179
1,0,0,30,1170
1,0,0,31,1144
1,0,0,32,1161
1,0,0,33,1166
1,0,0,34,1163
1,0,0,35,1173
1,0,0,36,1150
1,0,0,37,1155
1,0,0,38,1177
1,0,0,39,1146
1,0,0,40,1142
1,0,0,41,1169
1,0,0,42,1132
1,0,0,43,1166
1,0,0,44,1171
1,0,0,45,1164
1,0,0,46,1189
1,0,0,47,1156
1,0,0,48,1154
1,0,0,49,1147
1,0,0,50,1143
1,0,0,51,1151
1,0,0,52,1163
1,0,0,53,1157
1,0,0,54,1144
1,0,0,55,1153
1,0,0,56,1157
1,0,0,57,1143
1,0,0,58,1164
1,0,0,59,1158
1,0,0,60,1154
1,0,0,61,1161
1,0,0,62,1150
1,0,0,63,1161
1,1,0,0,1182
1,1,0,1,1193
1,1,0,2,1201
1,1,0,3,1189
1,1,0,4,1188
1,1,0,5,1178
1,1,0,6,1181
1,1,0,7,1186
1,1,0,8,1157
1,1,0,9,1187
1,1,0,10,1169
1,1,0,11,1178
1,1,0,12,1192
1,1,0,13,1185
1,1,0,14,1182
1,1,0,15,1200
1,1,0,16,1192
1,1,0,17,1185
1,1,0,18,1170
1,1,0,19,1171
1,1,0,20,1178
1,1,0,21,1186
1,1,0,22,1179
1,1,0,23,1186
1,1,0,24,1180
1,1,0,25,1181
1,1,0,26,1185
1,1,0,27,1177
1,1,0,28,1189
1,1,0,29,1175
1,1,0,30,1163
1,1,0,31,1194
1,1,0,32,1174
1,1,0,33,1168
1,1,0,34,1178
1,1,0,35,1175
1,1,0,36,1174
1,1,0,37,1176
1,1,0,38,1183
1,1,0,39,1159
1,1,0,40,1179
1,1,0,41,1188
1,1,0,42,1183
1,1,0,43,1166
1,1,0,44,1182
1,1,0,45,1202
1,1,0,46,1195
1,1,0,47,1189
1,1,0,48,1177
1,1,0,49,1179
1,1,0,50,1160
1,1,0,51,1165
1,1,0,52,1167
1,1,0,53,1191
1,1,0,54,1195
1,1,0,55,1205
1,1,0,56,1173
1,1,0,57,1167
1,1,0,58,1184
1,1,0,59,1167
1,1,0,60,1193
1,1,0,61,1189
1,1,0,62,1177
1,1,0,63,1194
1,1,1,0,1131
1,1,1,1,1166
1,1,1,2,1180
1,1,1,3,1189
1,1,1,4,1188
1,1,1,5,1203
1,1,1,6,1169
1,1,1,7,1166
1,1,1,8,1169
1,1,1,9,1184
1,1,1,10,1169
1,1,1,11,1162
1,1,1,12,1192
1,1,1,13,1179
1,1,1,14,1170
1,1,1,15,1186
1,1,1,16,1173
1,1,1,17,1169
1,1,1,18,1163
1,1,1,19,1181
1,1,1,20,1177
1,1,1,21,1147
1,1,1,22,1160
1,1,1,23,1172
1,1,1,24,1159
1,1,1,25,1184
1,1,1,26,1175
1,1,1,27,1184
1,1,1,28,1192
1,1,1,29,1200
1,1,1,30,1170
1,1,1,31,1179
1,1,1,32,1173
1,1,1,33,1177
1,1,1,34,1165
1,1,1,35,1181
1,1,1,36,1186
1,1,1,37,1181
1,1,1,38,1172
1,1,1,39,1167
1,1,1,40,1167
1,1,1,41,1198
1,1,1,42,1181
1,1,1,43,1184
1,1,1,44,1180
1,1,1,45,1164
1,1,1,46,1184
1,1,1,47,1169
1,1,1,48,1195
1,1,1,49,1169
1,1,1,50,1177
1,1,1,51,1174
1,1,1,52,1171
1,1,1,53,1165
1,1,1,54,1155
1,1,1,55,1172
1,1,1,56,1175
1,1,1,57,1168
1,1,1,58,1182
1,1,1,59,1166
1,1,1,60,1169
1,1,1,61,1156
1,1,1,62,1177
1,1,1,63,1177
1,0,1,0,1172
1,0,1,1,1179
1,0,1,2,1172
1,0,1,3,1165
1,0,1,4,1184
1,0,1,5,1163
1,0,1,6,1165
1,0,1,7,1169
1,0,1,8,1139
1,0,1,9,1175
1,0,1,10,1167
1,0,1,11,1197
1,0,1,12,1181
1,0,1,13,1159
1,0,1,14,1152
1,0,1,15,1178
1,0,1,16,1163
1,0,1,17,1169
1,0,1,18,1157
1,0,1,19,1162
1,0,1,20,1162
1,0,1,21,1172
1,0,1,22,1165
1,0,1,23,1166
1,0,1,24,1150
1,0,1,25,1151
1,0,1,26,1164
1,0,1,27,1165
1,0,1,28,1158
1,0,1,29,1156
1,0,1,30,1148
1,0,1,31,1152
1,0,1,32,1159
1,0,1,33,1159
1,0,1,34,1171
1,0,1,35,1154
1,0,1,36,1178
1,0,1,37,1145
1,0,1,38,1157
1,0,1,39,1152
1,0,1,40,1142
1,0,1,41,1124
1,0,1,42,1166
1,0,1,43,1138
1,0,1,44,1164
1,0,1,45,1171
1,0,1,46,1144
1,0,1,47,1152
1,0,1,48,1133
1,0,1,49,1169
1,0,1,50,1169
1,0,1,51,1164
1,0,1,52,1164
1,0,1,53,1145
1,0,1,54,1155
1,0,1,55,1158
1,0,1,56,1149
1,0,1,57,1148
1,0,1,58,1141
1,0,1,59,1175
1,0,1,60,1163
1,0,1,61,1175
1,0,1,62,1148
1,0,1,63,1157
1,0,2,0,1170
1,0,2,1,1127
1,0,2,2,1146
1,0,2,3,1153
1,0,2,4,1155
1,0,2,5,1166
1,0,2,6,1163
1,0,2,7,1158
1,0,2,8,1157
1,0,2,9,1141
1,0,2,10,1155
1,0,2,11,1131
1,0,2,12,1145
1,0,2,13,1146
1,0,2,14,1150
1,0,2,15,1157
1,0,2,16,1166
1,0,2,17,1167
1,0,2,18,1152
1,0,2,19,1167
1,0,2,20,1150
1,0,2,21,1152
1,0,2,22,1178
1,0,2,23,1164
1,0,2,24,1165
1,0,2,25,1161
1,0,2,26,1159
1,0,2,27,1154
1,0,2,28,1160
1,0,2,29,1155
1,0,2,30,1155
1,0,2,31,1157
1,0,2,32,1156
1,0,2,33,1171
1,0,2,34,1161
1,0,2,35,1163
1,0,2,36,1163
1,0,2,37,1163
1,0,2,38,1152
1,0,2,39,1149
1,0,2,40,1160
1,0,2,41,1159
1,0,2,42,1150
1,0,2,43,1164
1,0,2,44,1167
1,0,2,45,1143
1,0,2,46,1162
1,0,2,47,1164
1,0,2,48,1164
1,0,2,49,1155
1,0,2,50,1165
1,0,2,51,1170
1,0,2,52,1168
1,0,2,53,1165
1,0,2,54,1157
1,0,2,55,1165
1,0,2,56,1166
1,0,2,57,1146
1,0,2,58,1154
1,0,2,59,1157
1,0,2,60,1148
1,0,2,61,1151
1,0,2,62,1179
1,0,2,63,1180
1,1,2,0,1166
1,1,2,1,1176
1,1,2,2,1198
1,1,2,3,1190
1,1,2,4,1202
1,1,2,5,1187
1,1,2,6,1171
1,1,2,7,1165
1,1,2,8,1187
1,1,2,9,1177
1,1,2,10,1171
1,1,2,11,1181
1,1,2,12,1164
1,1,2,13,1168
1,1,2,14,1188
1,1,2,15,1176
1,1,2,16,1159
1,1,2,17,1168
1,1,2,18,1170
1,1,2,19,1172
1,1,2,20,1180
1,1,2,21,1187
1,1,2,22,1176
1,1,2,23,1180
1,1,2,24,1175
1,1,2,25,1184
1,1,2,26,1176
1,1,2,27,1168
1,1,2,28,1182
1,1,2,29,1174
1,1,2,30,1177
1,1,2,31,1171
1,1,2,32,1180
1,1,2,33,1171
1,1,2,34,1171
1,1,2,35,1160
1,1,2,36,1191
1,1,2,37,1170
1,1,2,38,1175
1,1,2,39,1174
1,1,2,40,1172
1,1,2,41,1157
1,1,2,42,1177
1,1,2,43,1178
1,1,2,44,1195
1,1,2,45,1190
1,1,2,46,1180
1,1,2,47,1179
1,1,2,48,1159
1,1,2,49,1208
1,1,2,50,1170
1,1,2,51,1181
1,1,2,52,1177
1,1,2,53,1175
1,1,2,54,1172
1,1,2,55,1192
1,1,2,56,1172
1,1,2,57,1178
1,1,2,58,1177
1,1,2,59,1150
1,1,2,60,1179
1,1,2,61,1163
1,1,2,62,1193
1,1,2,63,1161
1,1,3,0,1135
1,1,3,1,1159
1,1,3,2,1180
1,1,3,3,1173
1,1,3,4,1176
1,1,3,5,1189
1,1,3,6,1168
1,1,3,7,1188
1,1,3,8,1164
1,1,3,9,1187
1,1,3,10,1193
1,1,3,11,1172
1,1,3,12,1178
1,1,3,13,1179
1,1,3,14,1179
1,1,3,15,1172
1,1,3,16,1189
1,1,3,17,1182
1,1,3,18,1172
1,1,3,19,1196
1,1,3,20,1172
1,1,3,21,1178
1,1,3,22,1186
1,1,3,23,1194
1,1,3,24,1218
1,1,3,25,1165
1,1,3,26,1164
1,1,3,27,1164
1,1,3,28,1200
1,1,3,29,1186
1,1,3,30,1181
1,1,3,31,1165
1,1,3,32,1183
1,1,3,33,1195
1,1,3,34,1181
1,1,3,35,1181
1,1,3,36,1192
1,1,3,37,1188
1,1,3,38,1174
1,1,3,39,1166
1,1,3,40,1165
1,1,3,41,1177
1,1,3,42,1181
1,1,3,43,1185
1,1,3,44,1184
1,1,3,45,1157
1,1,3,46,1170
1,1,3,47,1183
1,1,3,48,1175
1,1,3,49,1188
1,1,3,50,1180
1,1,3,51,1202
1,1,3,52,1182
1,1,3,53,1181
1,1,3,54,1177
1,1,3,55,1167
1,1,3,56,1196
1,1,3,57,1175
1,1,3,58,1168
1,1,3,59,1177
1,1,3,60,1177
1,1,3,61,1153
1,1,3,62,1182
1,1,3,63,1160
1,0,3,0,1162
1,0,3,1,1191
1,0,3,2,1191
1,0,3,3,1168
1,0,3,4,1193
1,0,3,5,1144
1,0,3,6,1164
1,0,3,7,1169
1,0,3,8,1162
1,0,3,9,1185
1,0,3,10,1163
1,0,3,11,1181
1,0,3,12,1150
1,0,3,13,1167
1,0,3,14,1149
1,0,3,15,1170
1,0,3,16,1149
1,0,3,17,1200
1,0,3,18,1160
1,0,3,19,1161
1,0,3,20,1183
1,0,3,21,1164
1,0,3,22,1173
1,0,3,23,1177
1,0,3,24,1159
1,0,3,25,1159
1,0,3,26,1164
1,0,3,27,1157
1,0,3,28,1145
1,0,3,29,1129
1,0,3,30,1160
1,0,3,31,1153
1,0,3,32,1147
1,0,3,33,1177
1,0,3,34,1151
1,0,3,35,1168
1,0,3,36,1161
1,0,3,37,1141
1,0,3,38,1169
1,0,3,39,1155
1,0,3,40,1142
1,0,3,41,1142
1,0,3,42,1149
1,0,3,43,1142
1,0,3,44,1155
1,0,3,45,1148
1,0,3,46,1160
1,0,3,47,1164
1,0,3,48,1158
1,0,3,49,1170
1,0,3,50,1168
1,0,3,51,1164
1,0,3,52,1138
1,0,3,53,1141
1,0,3,54,1156
1,0,3,55,1160
1,0,3,56,1158
1,0,3,57,1163
1,0,3,58,1160
1,0,3,59,1161
1,0,3,60,1144
1,0,3,61,1148
1,0,3,62,1168
1,0,3,63,1158
1,0,4,0,1152
1,0,4,1,1181
1,0,4,2,1162
1,0,4,3,1168
1,0,4,4,1147
1,0,4,5,1168
1,0,4,6,1156
1,0,4,7,1155
1,0,4,8,1152
1,0,4,9,1150
1,0,4,10,1163
1,0,4,11,1154
1,0,4,12,1159
1,0,4,13,1154
1,0,4,14,1177
1,0,4,15,1161
1,0,4,16,1156
1,0,4,17,1153
1,0,4,18,1150
1,0,4,19,1149
1,0,4,20,1151
1,0,4,21,1165
1,0,4,22,1174
1,0,4,23,1148
1,0,4,24,1170
1,0,4,25,1160
1,0,4,26,1155
1,0,4,27,1165
1,0,4,28,1154
1,0,4,29,1180
1,0,4,30,1142
1,0,4,31,1142
1,0,4,32,1146
1,0,4,33,1182
1,0,4,34,1161
1,0,4,35,1161
1,0,4,36,1179
1,0,4,37,1166
1,0,4,38,1161
1,0,4,39,1151
1,0,4,40,1154
1,0,4,41,1175
1,0,4,42,1175
1,0,4,43,1159
1,0,4,44,1165
1,0,4,45,1166
1,0,4,46,1163
1,0,4,47,1163
1,0,4,48,1149
1,0,4,49,1166
1,0,4,50,1161
1,0,4,51,1180
1,0,4,52,1156
1,0,4,53,1157
1,0,4,54,1166
1,0,4,55,1178
1,0,4,56,1161
1,0,4,57,1165
1,0,4,58,1140
1,0,4,59,1178
1,0,4,60,1140
1,0,4,61,1149
1,0,4,62,1148
1,0,4,63,1159
1,1,4,0,1183
1,1,4,1,1198
1,1,4,2,1217
1,1,4,3,1187
1,1,4,4,1195
1,1,4,5,1171
1,1,4,6,1180
1,1,4,7,1184
1,1,4,8,1194
1,1,4,9,1170
1,1,4,10,1191
1,1,4,11,1181
1,1,4,12,1189
1,1,4,13,1177
1,1,4,14,1179
1,1,4,15,1176
1,1,4,16,1182
1,1,4,17,1182
1,1,4,18,1182
1,1,4,19,1199
1,1,4,20,1199
1,1,4,21,1187
1,1,4,22,1174
1,1,4,23,1184
1,1,4,24,1167
1,1,4,25,1197
1,1,4,26,1188
1,1,4,27,1176
1,1,4,28,1186
1,1,4,29,1166
1,1,4,30,1172
1,1,4,31,1187
1,1,4,32,1166
1,1,4,33,1187
1,1,4,34,1175
1,1,4,35,1166
1,1,4,36,1173
1,1,4,37,1192
1,1,4,38,1188
1,1,4,39,1172
1,1,4,40,1157
1,1,4,41,1190
1,1,4,42,1177
1,1,4,43,1170
1,1,4,44,1208
1,1,4,45,1178
1,1,4,46,1163
1,1,4,47,1202
1,1,4,48,1194
1,1,4,49,1198
1,1,4,50,1168
1,1,4,51,1159
1,1,4,52,1195
1,1,4,53,1182
1,1,4,54,1166
1,1,4,55,1163
1,1,4,56,1163
1,1,4,57,1156
1,1,4,58,1179
1,1,4,59,1153
1,1,4,60,1181
1,1,4,61,1170
1,1,4,62,1161
1,1,4,63,1202
1,1,5,0,1149
1,1,5,1,1169
1,1,5,2,1164
1,1,5,3,1167
1,1,5,4,1178
1,1,5,5,1185
1,1,5,6,1193
1,1,5,7,1188
1,1,5,8,1162
1,1,5,9,1179
1,1,5,10,1158
1,1,5,11,1194
1,1,5,12,1187
1,1,5,13,1187
1,1,5,14,1172
1,1,5,15,1176
1,1,5,16,1159
1,1,5,17,1186
1,1,5,18,1171
1,1,5,19,1167
1,1,5,20,1179
1,1,5,21,1160
1,1,5,22,1193
1,1,5,23,1165
1,1,5,24,1176
1,1,5,25,1190
1,1,5,26,1191
1,1,5,27,1169
1,1,5,28,1177
1,1,5,29,1163
1,1,5,30,1173
1,1,5,31,1170
1,1,5,32,1157
1,1,5,33,1179
1,1,5,34,1174
1,1,5,35,1184
1,1,5,36,1183
1,1,5,37,1184
1,1,5,38,1172
1,1,5,39,1182
1,1,5,40,1175
1,1,5,41,1186
1,1,5,42,1191
1,1,5,43,1177
1,1,5,44,1177
1,1,5,45,1171
1,1,5,46,1208
1,1,5,47,1183
1,1,5,48,1179
1,1,5,49,1185
1,1,5,50,1183
1,1,5,51,1177
1,1,5,52,1192
1,1,5,53,1171
1,1,5,54,1183
1,1,5,55,1173
1,1,5,56,1167
1,1,5,57,1173
1,1,5,58,1191
1,1,5,59,1198
1,1,5,60,1195
1,1,5,61,1176
1,1,5,62,1199
1,1,5,63,1179
1,0,5,0,1156
1,0,5,1,1171
1,0,5,2,1178
1,0,5,3,1176
1,0,5,4,1193
1,0,5,5,1167
1,0,5,6,1152
1,0,5,7,1139
1,0,5,8,1158
1,0,5,9,1147
1,0,5,10,1157
1,0,5,11,1149
1,0,5,12,1166
1,0,5,13,1141
1,0,5,14,1146
1,0,5,15,1153
1,0,5,16,1142
1,0,5,17,1161
1,0,5,18,1148
1,0,5,19,1166
1,0,5,20,1145
1,0,5,21,1162
1,0,5,22,1148
1,0,5,23,1156
1,0,5,24,1153
1,0,5,25,1182
1,0,5,26,1146
1,0,5,27,1146
1,0,5,28,1147
1,0,5,29,1141
1,0,5,30,1174
1,0,5,31,1135
1,0,5,32,1143
1,0,5,33,1166
1,0,5,34,1170
1,0,5,35,1155
1,0,5,36,1165
1,0,5,37,1152
1,0,5,38,1156
1,0,5,39,1166
1,0,5,40,1160
1,0,5,41,1153
1,0,5,42,1167
1,0,5,43,1166
1,0,5,44,1168
1,0,5,45,1167
1,0,5,46,1157
1,0,5,47,1155
1,0,5,48,1152
1,0,5,49,1169
1,0,5,50,1153
1,0,5,51,1154
1,0,5,52,1180
1,0,5,53,1162
1,0,5,54,1160
1,0,5,55,1160
1,0,5,56,1144
1,0,5,57,1172
1,0,5,58,1164
1,0,5,59,1145
1,0,5,60,1151
1,0,5,61,1174
1,0,5,62,1158
1,0,5,63,1170
1,0,6,0,1174
1,0,6,1,1153
1,0,6,2,1165
1,0,6,3,1180
1,0,6,4,1181
1,0,6,5,1157
1,0,6,6,1164
1,0,6,7,1143
1,0,6,8,1166
1,0,6,9,1153
1,0,6,10,1169
1,0,6,11,1152
1,0,6,12,1158
1,0,6,13,1158
1,0,6,14,1137
1,0,6,15,1159
1,0,6,16,1186
1,0,6,17,1168
1,0,6,18,1172
1,0,6,19,1163
1,0,6,20,1150
1,0,6,21,1173
1,0,6,22,1156
1,0,6,23,1155
1,0,6,24,1174
1,0,6,25,1174
1,0,6,26,1198
1,0,6,27,1171
1,0,6,28,1183
1,0,6,29,1166
1,0,6,30,1157
1,0,6,31,1157
1,0,6,32,1171
1,0,6,33,1144
1,0,6,34,1165
1,0,6,35,1152
1,0,6,36,1163
1,0,6,37,1158
1,0,6,38,1144
1,0,6,39,1154
1,0,6,40,1165
1,0,6,41,1161
1,0,6,42,1171
1,0,6,43,1164
1,0,6,44,1150
1,0,6,45,1155
1,0,6,46,1163
1,0,6,47,1169
1,0,6,48,1159
1,0,6,49,1175
1,0,6,50,1180
1,0,6,51,1154
1,0,6,52,1178
1,0,6,53,1152
1,0,6,54,1176
1,0,6,55,1141
1,0,6,56,1163
1,0,6,57,1158
1,0,6,58,1173
1,0,6,59,1146
1,0,6,60,1159
1,0,6,61,1169
1,0,6,62,1161
1,0,6,63,1136
1,1,6,0,1174
1,1,6,1,1185
1,1,6,2,1213
1,1,6,3,1196
1,1,6,4,1182
1,1,6,5,1176
1,1,6,6,1151
1,1,6,7,1171
1,1,6,8,1177
1,1,6,9,1178
1,1,6,10,1180
1,1,6,11,1196
1,1,6,12,1179
1,1,6,13,1181
1,1,6,14,1179
1,1,6,15,1169
1,1,6,16,1168
1,1,6,17,1169
1,1,6,18,1184
1,1,6,19,1184
1,1,6,20,1190
1,1,6,21,1183
1,1,6,22,1171
1,1,6,23,1164
1,1,6,24,1159
1,1,6,25,1170
1,1,6,26,1185
1,1,6,27,1180
1,1,6,28,1192
1,1,6,29,1185
1,1,6,30,1168
1,1,6,31,1171
1,1,6,32,1185
1,1,6,33,1187
1,1,6,34,1205
1,1,6,35,1190
1,1,6,36,1161
1,1,6,37,1171
1,1,6,38,1188
1,1,6,39,1170
1,1,6,40,1210
1,1,6,41,1188
1,1,6,42,1190
1,1,6,43,1193
1,1,6,44,1207
1,1,6,45,1173
1,1,6,46,1179
1,1,6,47,1192
1,1,6,48,1196
1,1,6,49,1176
1,1,6,50,1173
1,1,6,51,1179
1,1,6,52,1186
1,1,6,53,1181
1,1,6,54,1175
1,1,6,55,1164
1,1,6,56,1180
1,1,6,57,1170
1,1,6,58,1191
1,1,6,59,1165
1,1,6,60,1185
1,1,6,61,1185
1,1,6,62,1193
1,1,6,63,1194
1,1,7,0,1167
1,1,7,1,1181
1,1,7,2,1160
1,1,7,3,1173
1,1,7,4,1166
1,1,7,5,1168
1,1,7,6,1193
1,1,7,7,1169
1,1,7,8,1202
1,1,7,9,1184
1,1,7,10,1164
1,1,7,11,1201
1,1,7,12,1185
1,1,7,13,1167
1,1,7,14,1194
1,1,7,15,1185
1,1,7,16,1194
1,1,7,17,1191
1,1,7,18,1176
1,1,7,19,1191
1,1,7,20,1195
1,1,7,21,1168
1,1,7,22,1185
1,1,7,23,1173
1,1,7,24,1175
1,1,7,25,1176
1,1,7,26,1198
1,1,7,27,1198
1,1,7,28,1168
1,1,7,29,1193
1,1,7,30,1208
1,1,7,31,1177
1,1,7,32,1160
1,1,7,33,1190
1,1,7,34,1187
1,1,7,35,1211
1,1,7,36,1182
1,1,7,37,1183
1,1,7,38,1165
1,1,7,39,1186
1,1,7,40,1199
1,1,7,41,1154
1,1,7,42,1186
1,1,7,43,1185
1,1,7,44,1182
1,1,7,45,1177
1,1,7,46,1170
1,1,7,47,1189
1,1,7,48,1182
1,1,7,49,1171
1,1,7,50,1199
1,1,7,51,1176
1,1,7,52,1160
1,1,7,53,1170
1,1,7,54,1177
1,1,7,55,1189
1,1,7,56,1160
1,1,7,57,1177
1,1,7,58,1182
1,1,7,59,1172
1,1,7,60,1195
1,1,7,61,1175
1,1,7,62,1171
1,1,7,63,1182
1,0,7,0,1177
1,0,7,1,1164
1,0,7,2,1155
1,0,7,3,1180
1,0,7,4,1174
1,0,7,5,1142
1,0,7,6,1164
1,0,7,7,1149
1,0,7,8,1159
1,0,7,9,1152
1,0,7,10,1149
1,0,7,11,1160
1,0,7,12,1163
1,0,7,13,1148
1,0,7,14,1145
1,0,7,15,1141
1,0,7,16,1169
1,0,7,17,1160
1,0,7,18,1163
1,0,7,19,1147
1,0,7,20,1143
1,0,7,21,1151
1,0,7,22,1162
1,0,7,23,1160
1,0,7,24,1168
1,0,7,25,1155
1,0,7,26,1163
1,0,7,27,1155
1,0,7,28,1159
1,0,7,29,1163
1,0,7,30,1145
1,0,7,31,1157
1,0,7,32,1147
1,0,7,33,1165
1,0,7,34,1169
1,0,7,35,1159
1,0,7,36,1156
1,0,7,37,1189
1,0,7,38,1161
1,0,7,39,1140
1,0,7,40,1151
1,0,7,41,1164
1,0,7,42,1151
1,0,7,43,1150
1,0,7,44,1185
1,0,7,45,1166
1,0,7,46,1151
1,0,7,47,1129
1,0,7,48,1151
1,0,7,49,1155
1,0,7,50,1146
1,0,7,51,1152
1,0,7,52,1157
1,0,7,53,1148
1,0,7,54,1164
1,0,7,55,1153
1,0,7,56,1160
1,0,7,57,1156
1,0,7,58,1159
1,0,7,59,1165
1,0,7,60,1156
1,0,7,61,1168
1,0,7,62,1157
1,0,7,63,1170
2,0,0,0,19534
2,0,0,1,19242
2,0,0,2,19318
2,0,0,3,19556
2,0,0,4,19618
2,0,0,5,19308
2,0,0,6,19702
2,0,0,7,19468
2,0,0,8,19245
2,0,0,9,19561
2,0,0,10,19574
2,0,0,11,19591
2,0,0,12,19586
2,0,0,13,19551
2,0,0,14,19513
2,0,0,15,19461
2,0,0,16,19386
2,0,0,17,19597
2,0,0,18,19272
2,0,0,19,19311
2,0,0,20,19234
2,0,0,21,19358
2,0,0,22,19346
2,0,0,23,19361
2,0,0,24,19359
2,0,0,25,19283
2,0,0,26,19549
2,0,0,27,19370
2,0,0,28,19368
2,0,0,29,19313
2,0,0,30,19388
2,0,0,31,19297
2,0,0,32,19229
2,0,0,33,19454
2,0,0,34,19393
2,0,0,35,19440
2,0,0,36,19336
2,0,0,37,19372
2,0,0,38,19316
2,0,0,39,19259
2,0,0,40,19393
2,0,0,41,19426
2,0,0,42,19325
2,0,0,43,19180
2,0,0,44,19371
2,0,0,45,19265
2,0,0,46,19472
2,0,0,47,19353
2,0,0,48,19344
2,0,0,49,19218
2,0,0,50,19415
2,0,0,51,19327
2,0,0,52,19622
2,0,0,53,19412
2,0,0,54,19268
2,0,0,55,19319
2,0,0,56,19415
2,0,0,57,19370
2,0,0,58,19306
2,0,0,59,19693
2,0,0,60,19570
2,0,0,61,19530
2,0,0,62,19505
2,0,0,63,19304
2,1,0,0,19261
2,1,0,1,19427
2,1,0,2,19587
2,1,0,3,19285
2,1,0,4,19666
2,1,0,5,19366
2,1,0,6,19334
2,1,0,7,19792
2,1,0,8,19584
2,1,0,9,19616
2,1,0,10,19486
2,1,0,11,19377
2,1,0,12,19994
2,1,0,13,19662
2,1,0,14,19548
2,1,0,15,19403
2,1,0,16,19285
2,1,0,17,19459
2,1,0,18,19457
2,1,0,19,19384
2,1,0,20,19321
2,1,0,21,19707
2,1,0,22,19308
2,1,0,23,19258
2,1,0,24,19649
2,1,0,25,19760
2,1,0,26,19434
2,1,0,27,19500
2,1,0,28,19448
2,1,0,29,19420
2,1,0,30,19441
2,1,0,31,19357
2,1,0,32,19641
2,1,0,33,19626
2,1,0,34,19527
2,1,0,35,19473
2,1,0,36,19608
2,1,0,37,19298
2,1,0,38,19502
2,1,0,39,19319
2,1,0,40,19325
2,1,0,41,19643
2,1,0,42,19445
2,1,0,43,19333
2,1,0,44,19428
2,1,0,45,19279
2,1,0,46,19575
2,1,0,47,19319
2,1,0,48,19308
2,1,0,49,19346
2,1,0,50,19612
2,1,0,51,19527
2,1,0,52,19627
2,1,0,53,19629
2,1,0,54,19540
2,1,0,55,19276
2,1,0,56,19511
2,1,0,57,19610
2,1,0,58,19440
2,1,0,59,19306
2,1,0,60,19453
2,1,0,61,19292
2,1,0,62,19313
2,1,0,63,19696
2,1,1,0,19554
2,1,1,1,19628
2,1,1,2,19269
2,1,1,3,19385
2,1,1,4,19302
2,1,1,5,19351
2,1,1,6,19646
2,1,1,7,19414
2,1,1,8,19330
2,1,1,9,19279
2,1,1,10,19435
2,1,1,11,19492
2,1,1,12,19397
2,1,1,13,19435
2,1,1,14,19230
2,1,1,15,19310
2,1,1,16,19449
2,1,1,17,19341
2,1,1,18,19475
2,1,1,19,19387
2,1,1,20,19455
2,1,1,21,19630
2,1,1,22,19290
2,1,1,23,19325
2,1,1,24,19463
2,1,1,25,19431
2,1,1,26,19285
2,1,1,27,19302
2,1,1,28,19500
2,1,1,29,19347
2,1,1,30,19257
2,1,1,31,19444
2,1,1,32,19302
2,1,1,33,19333
2,1,1,34,19561
2,1,1,35,19264
2,1,1,36,19493
2,1,1,37,19613
2,1,1,38,19350
2,1,1,39,19497
2,1,1,40,19257
2,1,1,41,19282
2,1,1,42,19426
2,1,1,43,19420
2,1,1,44,19458
2,1,1,45,19250
2,1,1,46,19330
2,1,1,47,19370
2,1,1,48,19483
2,1,1,49,19448
2,1,1,50,19237
2,1,1,51,19442
2,1,1,52,19383
2,1,1,53,19259
2,1,1,54,19482
2,1,1,55,19545
2,1,1,56,19291
2,1,1,57,19487
2,1,1,58,19429
2,1,1,59,19542
2,1,1,60,19517
2,1,1,61,19266
2,1,1,62,19769
2,1,1,63,19348
2,0,1,0,19432
2,0,1,1,19531
2,0,1,2,19224
2,0,1,3,19409
2,0,1,4,19227
2,0,1,5,19658
2,0,1,6,19354
2,0,1,7,19627
2,0,1,8,19232
2,0,1,9,19723
2,0,1,10,19532
2,0,1,11,19371
2,0,1,12,19364
2,0,1,13,19761
2,0,1,14,19551
2,0,1,15,19418
2,0,1,16,19680
2,0,1,17,19502
2,0,1,18,19480
2,0,1,19,19791
2,0,1,20,19590
2,0,1,21,19582
2,0,1,22,19627
2,0,1,23,19434
2,0,1,24,19599
2,0,1,25,19249
2,0,1,26,19649
2,0,1,27,19669
2,0,1,28,19664
2,0,1,29,19621
2,0,1,30,19513
2,0,1,31,19542
2,0,1,32,19273
2,0,1,33,19409
2,0,1,34,19518
2,0,1,35,19428
2,0,1,36,19276
2,0,1,37,19233
2,0,1,38,19454
2,0,1,39,19587
2,0,1,40,19648
2,0,1,41,19252
2,0,1,42,19313
2,0,1,43,19421
2,0,1,44,19576
2,0,1,45,19467
2,0,1,46,19381
2,0,1,47,19206
2,0,1,48,19572
2,0,1,49,19373
2,0,1,50,19746
2,0,1,51,19402
2,0,1,52,19709
2,0,1,53,19622
2,0,1,54,19557
2,0,1,55,19545
2,0,1,56,19635
2,0,1,57,19632
2,0,1,58,19629
2,0,1,59,19248
2,0,1,60,19304
2,0,1,61,19886
2,0,1,62,19301
2,0,1,63,19569
2,0,2,0,19305
2,0,2,1,19295
2,0,2,2,19552
2,0,2,3,19231
2,0,2,4,19242
2,0,2,5,19290
2,0,2,6,19200
2,0,2,7,19241
2,0,2,8,19420
2,0,2,9,19278
2,0,2,10,19363
2,0,2,11,19290
2,0,2,12,19409
2,0,2,13,19241
2,0,2,14,19433
2,0,2,15,19363
2,0,2,16,19330
2,0,2,17,19329
2,0,2,18,19280
2,0,2,19,19359
2,0,2,20,19368
2,0,2,21,19590
2,0,2,22,19526
2,0,2,23,19398
2,0,2,24,19262
2,0,2,25,19483
2,0,2,26,19280
2,0,2,27,19492
2,0,2,28,19373
2,0,2,29,19295
2,0,2,30,19473
2,0,2,31,19385
2,0,2,32,19284
2,0,2,33,19348
2,0,2,34,19581
2,0,2,35,19283
2,0,2,36,19596
2,0,2,37,19229
2,0,2,38,19691
2,0,2,39,19257
2,0,2,40,19339
2,0,2,41,19221
2,0,2,42,19464
2,0,2,43,19247
2,0,2,44,19315
2,0,2,45,19263
2,0,2,46,19293
2,0,2,47,19350
2,0,2,48,19312
2,0,2,49,19406
2,0,2,50,19519
2,0,2,51,19634
2,0,2,52,19362
2,0,2,53,19321
2,0,2,54,19444
2,0,2,55,19458
2,0,2,56,19375
2,0,2,57,19312
2,0,2,58,19290
2,0,2,59,19539
2,0,2,60,19241
2,0,2,61,19661
2,0,2,62,19367
2,0,2,63,19297
2,1,2,0,19562
2,1,2,1,19641
2,1,2,2,19397
2,1,2,3,19519
2,1,2,4,19362
2,1,2,5,19369
2,1,2,6,19445
2,1,2,7,19370
2,1,2,8,19306
2,1,2,9,19321
2,1,2,10,19430
2,1,2,11,19583
2,1,2,12,19491
2,1,2,13,19350
2,1,2,14,19748
2,1,2,15,19294
2,1,2,16,19339
2,1,2,17,20133
2,1,2,18,19838
2,1,2,19,19643
2,1,2,20,19415
2,1,2,21,19383
2,1,2,22,19384
2,1,2,23,19386
2,1,2,24,19472
2,1,2,25,19358
2,1,2,26,19308
2,1,2,27,19502
2,1,2,28,19494
2,1,2,29,19442
2,1,2,30,19361
2,1,2,31,19238
2,1,2,32,19369
2,1,2,33,19286
2,1,2,34,19631
2,1,2,35,19348
2,1,2,36,19707
2,1,2,37,19394
2,1,2,38,19456
2,1,2,39,19345
2,1,2,40,19475
2,1,2,41,19347
2,1,2,42,19360
2,1,2,43,19529
2,1,2,44,19271
2,1,2,45,19528
2,1,2,46,19488
2,1,2,47,19306
2,1,2,48,19366
2,1,2,49,19441
2,1,2,50,19429
2,1,2,51,19645
2,1,2,52,19436
2,1,2,53,19422
2,1,2,54,19310
2,1,2,55,19581
2,1,2,56,19757
2,1,2,57,19611
2,1,2,58,19442
2,1,2,59,19452
2,1,2,60,19299
2,1,2,61,19469
2,1,2,62,19437
2,1,2,63,19327
2,1,3,0,19373
2,1,3,1,19473
2,1,3,2,19372
2,1,3,3,19500
2,1,3,4,19525
2,1,3,5,19359
2,1,3,6,19274
2,1,3,7,19340
2,1,3,8,19258
2,1,3,9,19259
2,1,3,10,19312
2,1,3,11,19445
2,1,3,12,19343
2,1,3,13,19409
2,1,3,14,19344
2,1,3,15,19546
2,1,3,16,19298
2,1,3,17,19246
2,1,3,18,19301
2,1,3,19,19776
2,1,3,20,19372
2,1,3,21,19274
2,1,3,22,19450
2,1,3,23,19425
2,1,3,24,19423
2,1,3,25,19514
2,1,3,26,19470
2,1,3,27,19310
2,1,3,28,19333
2,1,3,29,19518
2,1,3,30,19324
2,1,3,31,19470
2,1,3,32,19390
2,1,3,33,19413
2,1,3,34,19286
2,1,3,35,19268
2,1,3,36,19327
2,1,3,37,19534
2,1,3,38,19283
2,1,3,39,19278
2,1,3,40,19610
2,1,3,41,19656
2,1,3,42,20246
2,1,3,43,19346
2,1,3,44,19415
2,1,3,45,19579
2,1,3,46,19360
2,1,3,47,19594
2,1,3,48,19380
2,1,3,49,19564
2,1,3,50,19450
2,1,3,51,19457
2,1,3,52,19410
2,1,3,53,19316
2,1,3,54,19701
2,1,3,55,19324
2,1,3,56,19351
2,1,3,57,19499
2,1,3,58,19415
2,1,3,59,19674
2,1,3,60,19365
2,1,3,61,19456
2,1,3,62,19637
2,1,3,63,19514
2,0,3,0,19523
2,0,3,1,19251
2,0,3,2,19482
2,0,3,3,19548
2,0,3,4,19518
2,0,3,5,19459
2,0,3,6,19469
2,0,3,7,19549
2,0,3,8,19248
2,0,3,9,19535
2,0,3,10,19355
2,0,3,11,19286
2,0,3,12,19297
2,0,3,13,19403
2,0,3,14,19236
2,0,3,15,19332
2,0,3,16,19298
2,0,3,17,19296
2,0,3,18,19554
2,0,3,19,19726
2,0,3,20,19447
2,0,3,21,19268
2,0,3,22,19327
2,0,3,23,19401
2,0,3,24,19282
2,0,3,25,19322
2,0,3,26,19666
2,0,3,27,19391
2,0,3,28,19345
2,0,3,29,19299
2,0,3,30,19293
2,0,3,31,19360
2,0,3,32,19319
2,0,3,33,19342
2,0,3,34,19373
2,0,3,35,19605
2,0,3,36,19189
2,0,3,37,19313
2,0,3,38,19322
2,0,3,39,19703
2,0,3,40,19283
2,0,3,41,19385
2,0,3,42,19314
2,0,3,43,19280
2,0,3,44,19251
2,0,3,45,19691
2,0,3,46,19617
2,0,3,47,19342
2,0,3,48,19531
2,0,3,49,19481
2,0,3,50,19617
2,0,3,51,19617
2,0,3,52,19392
2,0,3,53,19322
2,0,3,54,19433
2,0,3,55,19222
2,0,3,56,19398
2,0,3,57,19492
2,0,3,58,19497
2,0,3,59,19758
2,0,3,60,19314
2,0,3,61,19356
2,0,3,62,19866
2,0,3,63,19643
2,0,4,0,19393
2,0,4,1,19596
2,0,4,2,19663
2,0,4,3,19581
2,0,4,4,19300
2,0,4,5,19830
2,0,4,6,19354
2,0,4,7,19240
2,0,4,8,19238
2,0,4,9,19286
2,0,4,10,19237
2,0,4,11,19270
2,0,4,12,19422
2,0,4,13,19236
2,0,4,14,19255
2,0,4,15,19446
2,0,4,16,19256
2,0,4,17,19279
2,0,4,18,19435
2,0,4,19,19398
2,0,4,20,19520
2,0,4,21,19593
2,0,4,22,19431
2,0,4,23,19293
2,0,4,24,19384
2,0,4,25,19599
2,0,4,26,19228
2,0,4,27,19346
2,0,4,28,19188
2,0,4,29,19283
2,0,4,30,19343
2,0,4,31,19484
2,0,4,32,19480
2,0,4,33,19345
2,0,4,34,19218
2,0,4,35,19328
2,0,4,36,19295
2,0,4,37,19322
2,0,4,38,19324
2,0,4,39,19386
2,0,4,40,19438
2,0,4,41,19291
2,0,4,42,19273
2,0,4,43,19274
2,0,4,44,19596
2,0,4,45,19286
2,0,4,46,19271
2,0,4,47,19383
2,0,4,48,19576
2,0,4,49,19374
2,0,4,50,19542
2,0,4,51,19398
2,0,4,52,19217
2,0,4,53,19467
2,0,4,54,19631
2,0,4,55,19665
2,0,4,56,19488
2,0,4,57,19693
2,0,4,58,19439
2,0,4,59,19576
2,0,4,60,19580
2,0,4,61,19578
2,0,4,62,19534
2,0,4,63,19738
2,1,4,0,19613
2,1,4,1,19546
2,1,4,2,19369
2,1,4,3,19682
2,1,4,4,19621
2,1,4,5,19368
2,1,4,6,19286
2,1,4,7,19425
2,1,4,8,19703
2,1,4,9,19444
2,1,4,10,19441
2,1,4,11,19496
2,1,4,12,19361
2,1,4,13,19454
2,1,4,14,19199
2,1,4,15,19837
2,1,4,16,19299
2,1,4,17,19320
2,1,4,18,19792
2,1,4,19,19439
2,1,4,20,19322
2,1,4,21,19540
2,1,4,22,19236
2,1,4,23,19551
2,1,4,24,19441
2,1,4,25,19484
2,1,4,26,19700
2,1,4,27,19659
2,1,4,28,19394
2,1,4,29,19276
2,1,4,30,19459
2,1,4,31,19465
2,1,4,32,19460
2,1,4,33,19578
2,1,4,34,19386
2,1,4,35,19528
2,1,4,36,19428
2,1,4,37,19610
2,1,4,38,19410
2,1,4,39,19432
2,1,4,40,19291
2,1,4,41,19630
2,1,4,42,19663
2,1,4,43,19534
2,1,4,44,19388
2,1,4,45,19394
2,1,4,46,19671
2,1,4,47,19392
2,1,4,48,19306
2,1,4,49,19302
2,1,4,50,19524
2,1,4,51,19556
2,1,4,52,19402
2,1,4,53,19484
2,1,4,54,19515
2,1,4,55,19525
2,1,4,56,19654
2,1,4,57,19764
2,1,4,58,19511
2,1,4,59,19236
2,1,4,60,19201
2,1,4,61,19679
2,1,4,62,19387
2,1,4,63,19591
2,1,5,0,19236
2,1,5,1,19333
2,1,5,2,19210
2,1,5,3,19447
2,1,5,4,19599
2,1,5,5,19412
2,1,5,6,19429
2,1,5,7,19491
2,1,5,8,19516
2,1,5,9,19390
2,1,5,10,19526
2,1,5,11,19551
2,1,5,12,19437
2,1,5,13,19373
2,1,5,14,19443
2,1,5,15,19516
2,1,5,16,19355
2,1,5,17,19458
2,1,5,18,19463
2,1,5,19,19420
2,1,5,20,19257
2,1,5,21,19423
2,1,5,22,19546
2,1,5,23,19447
2,1,5,24,19482
2,1,5,25,19406
2,1,5,26,19515
2,1,5,27,19383
2,1,5,28,19308
2,1,5,29,19342
2,1,5,30,19419
2,1,5,31,19439
2,1,5,32,19401
2,1,5,33,19552
2,1,5,34,19225
2,1,5,35,19568
2,1,5,36,19294
2,1,5,37,19351
2,1,5,38,19632
2,1,5,39,19394
2,1,5,40,19335
2,1,5,41,19330
2,1,5,42,19369
2,1,5,43,19340
2,1,5,44,19326
2,1,5,45,19406
2,1,5,46,19633
2,1,5,47,20315
2,1,5,48,19580
2,1,5,49,19464
2,1,5,50,19308
2,1,5,51,19664
2,1,5,52,19490
2,1,5,53,19640
2,1,5,54,19413
2,1,5,55,19519
2,1,5,56,19400
2,1,5,57,19443
2,1,5,58,19479
2,1,5,59,19513
2,1,5,60,19328
2,1,5,61,19627
2,1,5,62,19600
2,1,5,63,19254
2,0,5,0,19533
2,0,5,1,19313
2,0,5,2,19637
2,0,5,3,19297
2,0,5,4,19432
2,0,5,5,19407
2,0,5,6,19608
2,0,5,7,19608
2,0,5,8,19627
2,0,5,9,19566
2,0,5,10,19412
2,0,5,11,19382
2,0,5,12,19459
2,0,5,13,19336
2,0,5,14,19495
2,0,5,15,19403
2,0,5,16,19263
2,0,5,17,19415
2,0,5,18,19282
2,0,5,19,19274
2,0,5,20,19601
2,0,5,21,19637
2,0,5,22,19339
2,0,5,23,19261
2,0,5,24,19363
2,0,5,25,19519
2,0,5,26,19527
2,0,5,27,19246
2,0,5,28,19329
2,0,5,29,19361
2,0,5,30,19179
2,0,5,31,19385
2,0,5,32,19311
2,0,5,33,19381
2,0,5,34,19283
2,0,5,35,19333
2,0,5,36,19621
2,0,5,37,19317
2,0,5,38,19281
2,0,5,39,19507
2,0,5,40,19481
2,0,5,41,19575
2,0,5,42,19513
2,0,5,43,19362
2,0,5,44,19333
2,0,5,45,19598
2,0,5,46,19427
2,0,5,47,19304
2,0,5,48,19394
2,0,5,49,19370
2,0,5,50,19165
2,0,5,51,19516
2,0,5,52,19401
2,0,5,53,19290
2,0,5,54,19332
2,0,5,55,19348
2,0,5,56,19259
2,0,5,57,19431
2,0,5,58,19272
2,0,5,59,19382
2,0,5,60,19309
2,0,5,61,19271
2,0,5,62,19280
2,0,5,63,19258
2,0,6,0,19754
2,0,6,1,19380
2,0,6,2,19547
2,0,6,3,19665
2,0,6,4,19676
2,0,6,5,19399
2,0,6,6,19364
2,0,6,7,19591
2,0,6,8,19551
2,0,6,9,19420
2,0,6,10,19491
2,0,6,11,19623
2,0,6,12,19243
2,0,6,13,19523
2,0,6,14,19342
2,0,6,15,19315
2,0,6,16,19275
2,0,6,17,19401
2,0,6,18,19724
2,0,6,19,19363
2,0,6,20,19241
2,0,6,21,19430
2,0,6,22,19283
2,0,6,23,19230
2,0,6,24,19759
2,0,6,25,19353
2,0,6,26,19328
2,0,6,27,19763
2,0,6,28,19289
2,0,6,29,19397
2,0,6,30,19775
2,0,6,31,19777
2,0,6,32,19651
2,0,6,33,19467
2,0,6,34,19638
2,0,6,35,19553
2,0,6,36,19288
2,0,6,37,19338
2,0,6,38,19337
2,0,6,39,19343
2,0,6,40,19587
2,0,6,41,19396
2,0,6,42,19361
2,0,6,43,19519
2,0,6,44,19703
2,0,6,45,19241
2,0,6,46,19740
2,0,6,47,19366
2,0,6,48,19639
2,0,6,49,19626
2,0,6,50,19549
2,0,6,51,19305
2,0,6,52,19274
2,0,6,53,19536
2,0,6,54,19335
2,0,6,55,19328
2,0,6,56,19369
2,0,6,57,19374
2,0,6,58,19382
2,0,6,59,19219
2,0,6,60,19366
2,0,6,61,19441
2,0,6,62,19322
2,0,6,63,19530
2,1,6,0,19254
2,1,6,1,19589
2,1,6,2,19468
2,1,6,3,19413
2,1,6,4,19348
2,1,6,5,19658
2,1,6,6,19391
2,1,6,7,19484
2,1,6,8,19601
2,1,6,9,19456
2,1,6,10,19317
2,1,6,11,19495
2,1,6,12,19505
2,1,6,13,19503
2,1,6,14,19533
2,1,6,15,19424
2,1,6,16,19376
2,1,6,17,19540
2,1,6,18,19488
2,1,6,19,19336
2,1,6,20,19548
2,1,6,21,19405
2,1,6,22,19463
2,1,6,23,19445
2,1,6,24,19459
2,1,6,25,19487
2,1,6,26,19803
2,1,6,27,19614
2,1,6,28,20047
2,1,6,29,19790
2,1,6,30,19523
2,1,6,31,19455
2,1,6,32,19618
2,1,6,33,19333
2,1,6,34,19262
2,1,6,35,19257
2,1,6,36,19454
2,1,6,37,19421
2,1,6,38,19376
2,1,6,39,19283
2,1,6,40,19409
2,1,6,41,19646
2,1,6,42,19252
2,1,6,43,19444
2,1,6,44,19300
2,1,6,45,19546
2,1,6,46,19402
2,1,6,47,19477
2,1,6,48,19445
2,1,6,49,19808
2,1,6,50,19380
2,1,6,51,19343
2,1,6,52,19311
2,1,6,53,19344
2,1,6,54,19286
2,1,6,55,19271
2,1,6,56,19402
2,1,6,57,19319
2,1,6,58,19541
2,1,6,59,19570
2,1,6,60,19460
2,1,6,61,19209
2,1,6,62,19440
2,1,6,63,19591
2,1,7,0,19399
2,1,7,1,19484
2,1,7,2,19590
2,1,7,3,19253
2,1,7,4,19548
2,1,7,5,19401
2,1,7,6,19635
2,1,7,7,19580
2,1,7,8,19324
2,1,7,9,19453
2,1,7,10,19264
2,1,7,11,19408
2,1,7,12,19371
2,1,7,13,19312
2,1,7,14,19441
2,1,7,15,19475
2,1,7,16,19491
2,1,7,17,19242
2,1,7,18,19574
2,1,7,19,19456
2,1,7,20,19305
2,1,7,21,19608
2,1,7,22,19336
2,1,7,23,19301
2,1,7,24,19371
2,1,7,25,19561
2,1,7,26,19440
2,1,7,27,19434
2,1,7,28,19543
2,1,7,29,19545
2,1,7,30,19350
2,1,7,31,19483
2,1,7,32,19288
2,1,7,33,19393
2,1,7,34,19381
2,1,7,35,19312
2,1,7,36,19455
2,1,7,37,19506
2,1,7,38,19404
2,1,7,39,19368
2,1,7,40,19692
2,1,7,41,19251
2,1,7,42,19557
2,1,7,43,19389
2,1,7,44,19359
2,1,7,45,19570
2,1,7,46,19407
2,1,7,47,19320
2,1,7,48,19586
2,1,7,49,19424
2,1,7,50,19573
2,1,7,51,19559
2,1,7,52,19963
2,1,7,53,19769
2,1,7,54,19472
2,1,7,55,19510
2,1,7,56,19610
2,1,7,57,19400
2,1,7,58,19367
2,1,7,59,19542
2,1,7,60,19505
2,1,7,61,19328
2,1,7,62,19255
2,1,7,63,19695
2,0,7,0,19367
2,0,7,1,19502
2,0,7,2,19423
2,0,7,3,19281
2,0,7,4,19607
2,0,7,5,19563
2,0,7,6,19360
2,0,7,7,19185
2,0,7,8,19311
2,0,7,9,19262
2,0,7,10,19363
2,0,7,11,19201
2,0,7,12,19450
2,0,7,13,19314
2,0,7,14,19329
2,0,7,15,19263
2,0,7,16,19288
2,0,7,17,19412
2,0,7,18,19261
2,0,7,19,19424
2,0,7,20,19561
2,0,7,21,19449
2,0,7,22,19574
2,0,7,23,19317
2,0,7,24,19249
2,0,7,25,19416
2,0,7,26,19269
2,0,7,27,19580
2,0,7,28,19588
2,0,7,29,19248
2,0,7,30,19325
2,0,7,31,19405
2,0,7,32,19268
2,0,7,33,19322
2,0,7,34,19481
2,0,7,35,19284
2,0,7,36,19330
2,0,7,37,19373
2,0,7,38,19357
2,0,7,39,19330
2,0,7,40,19392
2,0,7,41,19405
2,0,7,42,19485
2,0,7,43,19430
2,0,7,44,19262
2,0,7,45,19432
2,0,7,46,19256
2,0,7,47,19562
2,0,7,48,19322
2,0,7,49,19295
2,0,7,50,19523
2,0,7,51,19635
2,0,7,52,19653
2,0,7,53,19281
2,0,7,54,19322
2,0,7,55,19492
2,0,7,56,19309
2,0,7,57,19457
2,0,7,58,19585
2,0,7,59,19401
2,0,7,60,19309
2,0,7,61,19253
2,0,7,62,19496
2,0,7,63,19545
