cpucycles tracesetup 0 amd64-perfpmcff precision 0 scaling 0.000000 only32 0
cpucycles tracesetup 1 amd64-perfpmc precision 0 scaling 0.000000 only32 0
cpucycles tracesetup 2 amd64-pmcff precision 0 scaling 0.000000 only32 0
cpucycles tracesetup 3 amd64-tsc precision 1080 scaling 0.467415 only32 0
cpucycles tracesetup 4 amd64-tscasm precision 1090 scaling 0.467415 only32 0
cpucycles tracesetup 5 default-perfevent precision 203 scaling 1.000000 only32 0
cpucycles tracesetup 6 default-mach precision 0 scaling 0.000000 only32 0
cpucycles tracesetup 7 default-monotonic precision 1077 scaling 1.400000 only32 0
cpucycles tracesetup 8 default-gettimeofday precision 2440 scaling 1400.000000 only32 0
cpucycles tracesetup 9 default-zero precision 0 scaling 0.000000 only32 0
region,variant,block,observation,cycles
0,0,0,0,1030
0,0,0,1,967
0,0,0,2,981
0,0,0,3,980
0,0,0,4,990
0,0,0,5,973
0,0,0,6,977
0,0,0,7,973
0,0,0,8,987
0,0,0,9,985
0,0,0,10,980
0,0,0,11,984
0,0,0,12,980
0,0,0,13,992
0,0,0,14,971
0,0,0,15,988
0,0,0,16,1006
0,0,0,17,1000
0,0,0,18,979
0,0,0,19,986
0,0,0,20,1049
0,0,0,21,999
0,0,0,22,973
0,0,0,23,966
0,0,0,24,983
0,0,0,25,978
0,0,0,26,983
0,0,0,27,1000
0,0,0,28,997
0,0,0,29,984
0,0,0,30,1014
0,0,0,31,986
0,0,0,32,994
0,0,0,33,983
0,0,0,34,987
0,0,0,35,989
0,0,0,36,991
0,0,0,37,994
0,0,0,38,977
0,0,0,39,977
0,0,0,40,979
0,0,0,41,1000
0,0,0,42,991
0,0,0,43,1005
0,0,0,44,1005
0,0,0,45,984
0,0,0,46,980
0,0,0,47,982
0,0,0,48,992
0,0,0,49,1005
0,0,0,50,988
0,0,0,51,996
0,0,0,52,985
0,0,0,53,997
0,0,0,54,989
0,0,0,55,990
0,0,0,56,1005
0,0,0,57,1011
0,0,0,58,990
0,0,0,59,998
0,0,0,60,1000
0,0,0,61,1002
0,0,0,62,998
0,0,0,63,992
0,1,0,0,1000
0,1,0,1,1021
0,1,0,2,1021
0,1,0,3,1007
0,1,0,4,1006
0,1,0,5,1007
0,1,0,6,1022
0,1,0,7,1023
0,1,0,8,1013
0,1,0,9,1008
0,1,0,10,1014
0,1,0,11,1007
0,1,0,12,1008
0,1,0,13,1020
0,1,0,14,1004
0,1,0,15,1020
0,1,0,16,1009
0,1,0,17,992
0,1,0,18,1008
0,1,0,19,1002
0,1,0,20,1001
0,1,0,21,992
0,1,0,22,1019
0,1,0,23,997
0,1,0,24,992
0,1,0,25,1041
0,1,0,26,1002
0,1,0,27,1015
0,1,0,28,1006
0,1,0,29,1007
0,1,0,30,1012
0,1,0,31,1016
0,1,0,32,1016
0,1,0,33,1023
0,1,0,34,1034
0,1,0,35,1011
0,1,0,36,1014
0,1,0,37,1009
0,1,0,38,993
0,1,0,39,1016
0,1,0,40,998
0,1,0,41,1001
0,1,0,42,998
0,1,0,43,980
0,1,0,44,995
0,1,0,45,1010
0,1,0,46,1003
0,1,0,47,990
0,1,0,48,1024
0,1,0,49,998
0,1,0,50,993
0,1,0,51,1009
0,1,0,52,1005
0,1,0,53,1007
0,1,0,54,999
0,1,0,55,1011
0,1,0,56,1006
0,1,0,57,997
0,1,0,58,1000
0,1,0,59,998
0,1,0,60,983
0,1,0,61,996
0,1,0,62,1020
0,1,0,63,1016
0,1,1,0,972
0,1,1,1,1005
0,1,1,2,1009
0,1,1,3,1017
0,1,1,4,1007
0,1,1,5,1007
0,1,1,6,999
0,1,1,7,1004
0,1,1,8,985
0,1,1,9,1024
0,1,1,10,997
0,1,1,11,1003
0,1,1,12,1008
0,1,1,13,1001
0,1,1,14,1018
0,1,1,15,1008
0,1,1,16,1017
0,1,1,17,1011
0,1,1,18,1002
0,1,1,19,998
0,1,1,20,1018
0,1,1,21,1015
0,1,1,22,1006
0,1,1,23,1001
0,1,1,24,1014
0,1,1,25,1020
0,1,1,26,1003
0,1,1,27,992
0,1,1,28,1008
0,1,1,29,1003
0,1,1,30,997
0,1,1,31,1014
0,1,1,32,1008
0,1,1,33,1010
0,1,1,34,1003
0,1,1,35,1008
0,1,1,36,991
0,1,1,37,1010
0,1,1,38,1009
0,1,1,39,1017
0,1,1,40,1002
0,1,1,41,1027
0,1,1,42,998
0,1,1,43,1014
0,1,1,44,1025
0,1,1,45,1000
0,1,1,46,995
0,1,1,47,996
0,1,1,48,1005
0,1,1,49,1016
0,1,1,50,1016
0,1,1,51,1020
0,1,1,52,1012
0,1,1,53,1006
0,1,1,54,1020
0,1,1,55,994
0,1,1,56,1016
0,1,1,57,1024
0,1,1,58,1006
0,1,1,59,996
0,1,1,60,1013
0,1,1,61,1009
0,1,1,62,1007
0,1,1,63,1009
0,0,1,0,1022
0,0,1,1,994
0,0,1,2,985
0,0,1,3,986
0,0,1,4,996
0,0,1,5,997
0,0,1,6,987
0,0,1,7,1009
0,0,1,8,1003
0,0,1,9,991
0,0,1,10,1008
0,0,1,11,982
0,0,1,12,977
0,0,1,13,992
0,0,1,14,1004
0,0,1,15,985
0,0,1,16,995
0,0,1,17,979
0,0,1,18,988
0,0,1,19,999
0,0,1,20,989
0,0,1,21,978
0,0,1,22,975
0,0,1,23,992
0,0,1,24,972
0,0,1,25,971
0,0,1,26,999
0,0,1,27,982
0,0,1,28,984
0,0,1,29,977
0,0,1,30,992
0,0,1,31,1001
0,0,1,32,995
0,0,1,33,992
0,0,1,34,976
0,0,1,35,972
0,0,1,36,984
0,0,1,37,1007
0,0,1,38,986
0,0,1,39,979
0,0,1,40,990
0,0,1,41,987
0,0,1,42,1012
0,0,1,43,981
0,0,1,44,992
0,0,1,45,987
0,0,1,46,977
0,0,1,47,980
0,0,1,48,1001
0,0,1,49,1001
0,0,1,50,998
0,0,1,51,1001
0,0,1,52,1008
0,0,1,53,980
0,0,1,54,1031
0,0,1,55,987
0,0,1,56,1015
0,0,1,57,994
0,0,1,58,993
0,0,1,59,987
0,0,1,60,991
0,0,1,61,973
0,0,1,62,979
0,0,1,63,986
0,0,2,0,982
0,0,2,1,979
0,0,2,2,982
0,0,2,3,986
0,0,2,4,993
0,0,2,5,992
0,0,2,6,973
0,0,2,7,988
0,0,2,8,973
0,0,2,9,991
0,0,2,10,994
0,0,2,11,981
0,0,2,12,1000
0,0,2,13,975
0,0,2,14,989
0,0,2,15,1007
0,0,2,16,1000
0,0,2,17,969
0,0,2,18,987
0,0,2,19,997
0,0,2,20,979
0,0,2,21,989
0,0,2,22,997
0,0,2,23,993
0,0,2,24,1013
0,0,2,25,1000
0,0,2,26,989
0,0,2,27,979
0,0,2,28,988
0,0,2,29,1001
0,0,2,30,991
0,0,2,31,987
0,0,2,32,989
0,0,2,33,1003
0,0,2,34,977
0,0,2,35,980
0,0,2,36,992
0,0,2,37,977
0,0,2,38,996
0,0,2,39,983
0,0,2,40,987
0,0,2,41,974
0,0,2,42,989
0,0,2,43,982
0,0,2,44,972
0,0,2,45,987
0,0,2,46,992
0,0,2,47,985
0,0,2,48,994
0,0,2,49,986
0,0,2,50,979
0,0,2,51,1002
0,0,2,52,988
0,0,2,53,982
0,0,2,54,974
0,0,2,55,989
0,0,2,56,975
0,0,2,57,999
0,0,2,58,989
0,0,2,59,987
0,0,2,60,1001
0,0,2,61,983
0,0,2,62,988
0,0,2,63,1002
0,1,2,0,991
0,1,2,1,1020
0,1,2,2,1026
0,1,2,3,1023
0,1,2,4,1035
0,1,2,5,1027
0,1,2,6,1003
0,1,2,7,1002
0,1,2,8,1009
0,1,2,9,1014
0,1,2,10,1006
0,1,2,11,981
0,1,2,12,1010
0,1,2,13,1026
0,1,2,14,1003
0,1,2,15,1008
0,1,2,16,1000
0,1,2,17,990
0,1,2,18,1007
0,1,2,19,999
0,1,2,20,1001
0,1,2,21,1008
0,1,2,22,995
0,1,2,23,1002
0,1,2,24,989
0,1,2,25,1038
0,1,2,26,1027
0,1,2,27,999
0,1,2,28,992
0,1,2,29,1017
0,1,2,30,1022
0,1,2,31,1005
0,1,2,32,1029
0,1,2,33,1009
0,1,2,34,1014
0,1,2,35,1008
0,1,2,36,1021
0,1,2,37,1028
0,1,2,38,1009
0,1,2,39,1014
0,1,2,40,1022
0,1,2,41,1033
0,1,2,42,992
0,1,2,43,995
0,1,2,44,1003
0,1,2,45,1020
0,1,2,46,1019
0,1,2,47,1012
0,1,2,48,1013
0,1,2,49,999
0,1,2,50,1023
0,1,2,51,1016
0,1,2,52,1001
0,1,2,53,1005
0,1,2,54,1012
0,1,2,55,1012
0,1,2,56,1007
0,1,2,57,1022
0,1,2,58,1013
0,1,2,59,1008
0,1,2,60,1013
0,1,2,61,1007
0,1,2,62,1005
0,1,2,63,1011
0,1,3,0,970
0,1,3,1,1011
0,1,3,2,991
0,1,3,3,1005
0,1,3,4,1010
0,1,3,5,1005
0,1,3,6,1005
0,1,3,7,1020
0,1,3,8,995
0,1,3,9,1006
0,1,3,10,989
0,1,3,11,1010
0,1,3,12,1002
0,1,3,13,1003
0,1,3,14,1007
0,1,3,15,1008
0,1,3,16,1018
0,1,3,17,1017
0,1,3,18,1018
0,1,3,19,1009
0,1,3,20,1028
0,1,3,21,1002
0,1,3,22,995
0,1,3,23,1014
0,1,3,24,992
0,1,3,25,1025
0,1,3,26,1022
0,1,3,27,998
0,1,3,28,995
0,1,3,29,1021
0,1,3,30,994
0,1,3,31,1008
0,1,3,32,985
0,1,3,33,1008
0,1,3,34,998
0,1,3,35,1002
0,1,3,36,1023
0,1,3,37,1022
0,1,3,38,1027
0,1,3,39,1008
0,1,3,40,1026
0,1,3,41,1029
0,1,3,42,980
0,1,3,43,1004
0,1,3,44,1017
0,1,3,45,995
0,1,3,46,1005
0,1,3,47,1028
0,1,3,48,991
0,1,3,49,1006
0,1,3,50,998
0,1,3,51,1003
0,1,3,52,1009
0,1,3,53,1009
0,1,3,54,995
0,1,3,55,1015
0,1,3,56,1010
0,1,3,57,1018
0,1,3,58,1037
0,1,3,59,1002
0,1,3,60,999
0,1,3,61,1010
0,1,3,62,1018
0,1,3,63,1026
0,0,3,0,975
0,0,3,1,1021
0,0,3,2,1027
0,0,3,3,1023
0,0,3,4,993
0,0,3,5,1007
0,0,3,6,992
0,0,3,7,997
0,0,3,8,994
0,0,3,9,998
0,0,3,10,995
0,0,3,11,1001
0,0,3,12,993
0,0,3,13,974
0,0,3,14,987
0,0,3,15,1005
0,0,3,16,990
0,0,3,17,980
0,0,3,18,985
0,0,3,19,988
0,0,3,20,976
0,0,3,21,993
0,0,3,22,982
0,0,3,23,983
0,0,3,24,1005
0,0,3,25,987
0,0,3,26,1000
0,0,3,27,996
0,0,3,28,995
0,0,3,29,1000
0,0,3,30,993
0,0,3,31,993
0,0,3,32,972
0,0,3,33,978
0,0,3,34,967
0,0,3,35,992
0,0,3,36,998
0,0,3,37,987
0,0,3,38,985
0,0,3,39,989
0,0,3,40,993
0,0,3,41,1000
0,0,3,42,992
0,0,3,43,1003
0,0,3,44,985
0,0,3,45,980
0,0,3,46,988
0,0,3,47,971
0,0,3,48,997
0,0,3,49,984
0,0,3,50,975
0,0,3,51,988
0,0,3,52,984
0,0,3,53,991
0,0,3,54,973
0,0,3,55,1002
0,0,3,56,1000
0,0,3,57,1019
0,0,3,58,978
0,0,3,59,998
0,0,3,60,987
0,0,3,61,987
0,0,3,62,990
0,0,3,63,985
0,0,4,0,945
0,0,4,1,1003
0,0,4,2,965
0,0,4,3,978
0,0,4,4,994
0,0,4,5,989
0,0,4,6,987
0,0,4,7,975
0,0,4,8,996
0,0,4,9,978
0,0,4,10,993
0,0,4,11,995
0,0,4,12,973
0,0,4,13,994
0,0,4,14,991
0,0,4,15,979
0,0,4,16,965
0,0,4,17,990
0,0,4,18,1000
0,0,4,19,1000
0,0,4,20,985
0,0,4,21,1012
0,0,4,22,996
0,0,4,23,977
0,0,4,24,980
0,0,4,25,998
0,0,4,26,989
0,0,4,27,966
0,0,4,28,1006
0,0,4,29,978
0,0,4,30,970
0,0,4,31,970
0,0,4,32,973
0,0,4,33,973
0,0,4,34,977
0,0,4,35,967
0,0,4,36,979
0,0,4,37,973
0,0,4,38,990
0,0,4,39,997
0,0,4,40,984
0,0,4,41,983
0,0,4,42,981
0,0,4,43,996
0,0,4,44,982
0,0,4,45,973
0,0,4,46,977
0,0,4,47,990
0,0,4,48,983
0,0,4,49,982
0,0,4,50,977
0,0,4,51,981
0,0,4,52,979
0,0,4,53,1010
0,0,4,54,977
0,0,4,55,988
0,0,4,56,1011
0,0,4,57,984
0,0,4,58,1003
0,0,4,59,976
0,0,4,60,996
0,0,4,61,976
0,0,4,62,981
0,0,4,63,974
0,1,4,0,1008
0,1,4,1,1030
0,1,4,2,1033
0,1,4,3,1034
0,1,4,4,1035
0,1,4,5,1014
0,1,4,6,1003
0,1,4,7,999
0,1,4,8,1008
0,1,4,9,1018
0,1,4,10,1020
0,1,4,11,1012
0,1,4,12,994
0,1,4,13,1008
0,1,4,14,1003
0,1,4,15,995
0,1,4,16,1008
0,1,4,17,996
0,1,4,18,1028
0,1,4,19,1018
0,1,4,20,1015
0,1,4,21,1004
0,1,4,22,997
0,1,4,23,1007
0,1,4,24,998
0,1,4,25,1022
0,1,4,26,1006
0,1,4,27,1009
0,1,4,28,1013
0,1,4,29,1005
0,1,4,30,999
0,1,4,31,992
0,1,4,32,1017
0,1,4,33,991
0,1,4,34,1011
0,1,4,35,1021
0,1,4,36,1002
0,1,4,37,1011
0,1,4,38,1010
0,1,4,39,1009
0,1,4,40,1006
0,1,4,41,1028
0,1,4,42,1006
0,1,4,43,997
0,1,4,44,1002
0,1,4,45,1011
0,1,4,46,1005
0,1,4,47,1010
0,1,4,48,1016
0,1,4,49,1002
0,1,4,50,1002
0,1,4,51,1020
0,1,4,52,1019
0,1,4,53,1016
0,1,4,54,1002
0,1,4,55,1020
0,1,4,56,991
0,1,4,57,1038
0,1,4,58,1014
0,1,4,59,1009
0,1,4,60,1011
0,1,4,61,1010
0,1,4,62,999
0,1,4,63,997
0,1,5,0,979
0,1,5,1,1000
0,1,5,2,999
0,1,5,3,1024
0,1,5,4,1004
0,1,5,5,1021
0,1,5,6,992
0,1,5,7,1010
0,1,5,8,992
0,1,5,9,1025
0,1,5,10,1018
0,1,5,11,1010
0,1,5,12,1009
0,1,5,13,1003
0,1,5,14,1007
0,1,5,15,995
0,1,5,16,1023
0,1,5,17,986
0,1,5,18,1018
0,1,5,19,1010
0,1,5,20,1003
0,1,5,21,1002
0,1,5,22,1006
0,1,5,23,1013
0,1,5,24,1022
0,1,5,25,1014
0,1,5,26,1006
0,1,5,27,1004
0,1,5,28,1005
0,1,5,29,1008
0,1,5,30,1020
0,1,5,31,1023
0,1,5,32,994
0,1,5,33,1006
0,1,5,34,1003
0,1,5,35,1005
0,1,5,36,1014
0,1,5,37,1003
0,1,5,38,991
0,1,5,39,1025
0,1,5,40,994
0,1,5,41,1004
0,1,5,42,1013
0,1,5,43,1018
0,1,5,44,999
0,1,5,45,1017
0,1,5,46,1017
0,1,5,47,1026
0,1,5,48,1015
0,1,5,49,1016
0,1,5,50,1008
0,1,5,51,1003
0,1,5,52,988
0,1,5,53,1000
0,1,5,54,1012
0,1,5,55,1018
0,1,5,56,992
0,1,5,57,1023
0,1,5,58,1006
0,1,5,59,996
0,1,5,60,1010
0,1,5,61,1018
0,1,5,62,1002
0,1,5,63,1016
0,0,5,0,993
0,0,5,1,1034
0,0,5,2,1009
0,0,5,3,1010
0,0,5,4,1007
0,0,5,5,983
0,0,5,6,970
0,0,5,7,997
0,0,5,8,972
0,0,5,9,1000
0,0,5,10,978
0,0,5,11,986
0,0,5,12,988
0,0,5,13,971
0,0,5,14,987
0,0,5,15,988
0,0,5,16,1003
0,0,5,17,971
0,0,5,18,986
0,0,5,19,1001
0,0,5,20,972
0,0,5,21,981
0,0,5,22,987
0,0,5,23,1006
0,0,5,24,983
0,0,5,25,977
0,0,5,26,990
0,0,5,27,983
0,0,5,28,995
0,0,5,29,1015
0,0,5,30,982
0,0,5,31,997
0,0,5,32,978
0,0,5,33,983
0,0,5,34,997
0,0,5,35,994
0,0,5,36,1011
0,0,5,37,983
0,0,5,38,986
0,0,5,39,986
0,0,5,40,990
0,0,5,41,992
0,0,5,42,993
0,0,5,43,994
0,0,5,44,993
0,0,5,45,984
0,0,5,46,994
0,0,5,47,984
0,0,5,48,985
0,0,5,49,980
0,0,5,50,985
0,0,5,51,986
0,0,5,52,972
0,0,5,53,989
0,0,5,54,980
0,0,5,55,982
0,0,5,56,966
0,0,5,57,998
0,0,5,58,990
0,0,5,59,997
0,0,5,60,999
0,0,5,61,986
0,0,5,62,985
0,0,5,63,978
0,0,6,0,957
0,0,6,1,979
0,0,6,2,990
0,0,6,3,1012
0,0,6,4,996
0,0,6,5,989
0,0,6,6,988
0,0,6,7,981
0,0,6,8,988
0,0,6,9,990
0,0,6,10,984
0,0,6,11,961
0,0,6,12,987
0,0,6,13,980
0,0,6,14,978
0,0,6,15,984
0,0,6,16,981
0,0,6,17,981
0,0,6,18,991
0,0,6,19,987
0,0,6,20,992
0,0,6,21,975
0,0,6,22,990
0,0,6,23,994
0,0,6,24,988
0,0,6,25,988
0,0,6,26,1011
0,0,6,27,974
0,0,6,28,1004
0,0,6,29,981
0,0,6,30,993
0,0,6,31,981
0,0,6,32,995
0,0,6,33,1007
0,0,6,34,988
0,0,6,35,1005
0,0,6,36,989
0,0,6,37,990
0,0,6,38,981
0,0,6,39,977
0,0,6,40,996
0,0,6,41,975
0,0,6,42,984
0,0,6,43,991
0,0,6,44,1007
0,0,6,45,988
0,0,6,46,987
0,0,6,47,994
0,0,6,48,969
0,0,6,49,977
0,0,6,50,989
0,0,6,51,1000
0,0,6,52,981
0,0,6,53,967
0,0,6,54,980
0,0,6,55,1000
0,0,6,56,989
0,0,6,57,1012
0,0,6,58,996
0,0,6,59,995
0,0,6,60,982
0,0,6,61,982
0,0,6,62,987
0,0,6,63,1000
0,1,6,0,1006
0,1,6,1,1024
0,1,6,2,1025
0,1,6,3,1033
0,1,6,4,1033
0,1,6,5,1017
0,1,6,6,998
0,1,6,7,1017
0,1,6,8,1004
0,1,6,9,1020
0,1,6,10,1021
0,1,6,11,1010
0,1,6,12,1017
0,1,6,13,1012
0,1,6,14,1008
0,1,6,15,1007
0,1,6,16,995
0,1,6,17,1004
0,1,6,18,1000
0,1,6,19,1017
0,1,6,20,1014
0,1,6,21,1023
0,1,6,22,1027
0,1,6,23,1029
0,1,6,24,1008
0,1,6,25,1036
0,1,6,26,1014
0,1,6,27,1027
0,1,6,28,1013
0,1,6,29,1019
0,1,6,30,1039
0,1,6,31,1013
0,1,6,32,1012
0,1,6,33,1007
0,1,6,34,1005
0,1,6,35,1000
0,1,6,36,1021
0,1,6,37,1014
0,1,6,38,1006
0,1,6,39,1029
0,1,6,40,1004
0,1,6,41,1007
0,1,6,42,988
0,1,6,43,1015
0,1,6,44,1016
0,1,6,45,1008
0,1,6,46,1008
0,1,6,47,1013
0,1,6,48,1007
0,1,6,49,1009
0,1,6,50,1027
0,1,6,51,1015
0,1,6,52,1004
0,1,6,53,1000
0,1,6,54,1007
0,1,6,55,1002
0,1,6,56,1015
0,1,6,57,1037
0,1,6,58,1026
0,1,6,59,1015
0,1,6,60,1013
0,1,6,61,999
0,1,6,62,1010
0,1,6,63,986
0,1,7,0,978
0,1,7,1,1010
0,1,7,2,991
0,1,7,3,1018
0,1,7,4,1015
0,1,7,5,1016
0,1,7,6,1015
0,1,7,7,1012
0,1,7,8,1006
0,1,7,9,1041
0,1,7,10,990
0,1,7,11,1021
0,1,7,12,1010
0,1,7,13,1039
0,1,7,14,998
0,1,7,15,995
0,1,7,16,985
0,1,7,17,1005
0,1,7,18,1018
0,1,7,19,999
0,1,7,20,1016
0,1,7,21,1003
0,1,7,22,1017
0,1,7,23,1029
0,1,7,24,1011
0,1,7,25,1026
0,1,7,26,1002
0,1,7,27,1007
0,1,7,28,1002
0,1,7,29,1002
0,1,7,30,1017
0,1,7,31,1015
0,1,7,32,1004
0,1,7,33,1016
0,1,7,34,1005
0,1,7,35,1006
0,1,7,36,1006
0,1,7,37,1016
0,1,7,38,1013
0,1,7,39,999
0,1,7,40,1027
0,1,7,41,1020
0,1,7,42,998
0,1,7,43,998
0,1,7,44,979
0,1,7,45,989
0,1,7,46,1003
0,1,7,47,1002
0,1,7,48,1015
0,1,7,49,1002
0,1,7,50,1023
0,1,7,51,1005
0,1,7,52,1017
0,1,7,53,1022
0,1,7,54,1016
0,1,7,55,1017
0,1,7,56,997
0,1,7,57,1018
0,1,7,58,1001
0,1,7,59,1014
0,1,7,60,1003
0,1,7,61,1015
0,1,7,62,1015
0,1,7,63,1004
0,0,7,0,997
0,0,7,1,999
0,0,7,2,993
0,0,7,3,1001
0,0,7,4,999
0,0,7,5,1001
0,0,7,6,986
0,0,7,7,981
0,0,7,8,977
0,0,7,9,986
0,0,7,10,968
0,0,7,11,985
0,0,7,12,1003
0,0,7,13,988
0,0,7,14,978
0,0,7,15,965
0,0,7,16,998
0,0,7,17,1004
0,0,7,18,1001
0,0,7,19,978
0,0,7,20,1000
0,0,7,21,976
0,0,7,22,973
0,0,7,23,980
0,0,7,24,969
0,0,7,25,981
0,0,7,26,997
0,0,7,27,972
0,0,7,28,1005
0,0,7,29,985
0,0,7,30,1004
0,0,7,31,999
0,0,7,32,982
0,0,7,33,966
0,0,7,34,980
0,0,7,35,988
0,0,7,36,993
0,0,7,37,987
0,0,7,38,986
0,0,7,39,975
0,0,7,40,978
0,0,7,41,962
0,0,7,42,981
0,0,7,43,991
0,0,7,44,999
0,0,7,45,987
0,0,7,46,980
0,0,7,47,974
0,0,7,48,972
0,0,7,49,993
0,0,7,50,985
0,0,7,51,991
0,0,7,52,971
0,0,7,53,970
0,0,7,54,970
0,0,7,55,971
0,0,7,56,985
0,0,7,57,1000
0,0,7,58,987
0,0,7,59,978
0,0,7,60,988
0,0,7,61,976
0,0,7,62,993
0,0,7,63,980
1,0,0,0,1174
1,0,0,1,1195
1,0,0,2,1189
1,0,0,3,1193
1,0,0,4,1199
1,0,0,5,1177
1,0,0,6,1171
1,0,0,7,1176
1,0,0,8,1170
1,0,0,9,1172
1,0,0,10,1174
1,0,0,11,1158
1,0,0,12,1191
1,0,0,13,1161
1,0,0,14,1188
1,0,0,15,1189
1,0,0,16,1158
1,0,0,17,1181
1,0,0,18,1175
1,0,0,19,1182
1,0,0,20,1190
1,0,0,21,1167
1,0,0,22,1201
1,0,0,23,1177
1,0,0,24,1166
1,0,0,25,1188
1,0,0,26,1192
1,0,0,27,1176
1,0,0,28,1184
1,0,0,29,1197
1,0,0,30,1164
1,0,0,31,1182
1,0,0,32,1186
1,0,0,33,1177
1,0,0,34,1170
1,0,0,35,1180
1,0,0,36,1187
1,0,0,37,1191
1,0,0,38,1176
1,0,0,39,1148
1,0,0,40,1202
1,0,0,41,1151
1,0,0,42,1165
1,0,0,43,1174
1,0,0,44,1163
1,0,0,45,1190
1,0,0,46,1175
1,0,0,47,1155
1,0,0,48,1194
1,0,0,49,1188
1,0,0,50,1180
1,0,0,51,1202
1,0,0,52,1170
1,0,0,53,1183
1,0,0,54,1178
1,0,0,55,1167
1,0,0,56,1186
1,0,0,57,1174
1,0,0,58,1201
1,0,0,59,1181
1,0,0,60,1185
1,0,0,61,1178
1,0,0,62,1183
1,0,0,63,1172
1,1,0,0,1205
1,1,0,1,1208
1,1,0,2,1238
1,1,0,3,1203
1,1,0,4,1216
1,1,0,5,1179
1,1,0,6,1205
1,1,0,7,1208
1,1,0,8,1211
1,1,0,9,1190
1,1,0,10,1196
1,1,0,11,1198
1,1,0,12,1217
1,1,0,13,1194
1,1,0,14,1201
1,1,0,15,1193
1,1,0,16,1184
1,1,0,17,1223
1,1,0,18,1201
1,1,0,19,1208
1,1,0,20,1206
1,1,0,21,1214
1,1,0,22,1200
1,1,0,23,1201
1,1,0,24,1201
1,1,0,25,1199
1,1,0,26,1184
1,1,0,27,1200
1,1,0,28,1196
1,1,0,29,1198
1,1,0,30,1176
1,1,0,31,1191
1,1,0,32,1201
1,1,0,33,1203
1,1,0,34,1215
1,1,0,35,1197
1,1,0,36,1221
1,1,0,37,1192
1,1,0,38,1205
1,1,0,39,1191
1,1,0,40,1194
1,1,0,41,1206
1,1,0,42,1201
1,1,0,43,1190
1,1,0,44,1189
1,1,0,45,1196
1,1,0,46,1195
1,1,0,47,1176
1,1,0,48,1198
1,1,0,49,1202
1,1,0,50,1199
1,1,0,51,1189
1,1,0,52,1200
1,1,0,53,1201
1,1,0,54,1200
1,1,0,55,1193
1,1,0,56,1204
1,1,0,57,1219
1,1,0,58,1204
1,1,0,59,1204
1,1,0,60,1208
1,1,0,61,1213
1,1,0,62,1193
1,1,0,63,1187
1,1,1,0,1193
1,1,1,1,1179
1,1,1,2,1204
1,1,1,3,1214
1,1,1,4,1193
1,1,1,5,1182
1,1,1,6,1209
1,1,1,7,1184
1,1,1,8,1200
1,1,1,9,1202
1,1,1,10,1201
1,1,1,11,1201
1,1,1,12,1178
1,1,1,13,1182
1,1,1,14,1218
1,1,1,15,1225
1,1,1,16,1194
1,1,1,17,1195
1,1,1,18,1202
1,1,1,19,1188
1,1,1,20,1191
1,1,1,21,1207
1,1,1,22,1205
1,1,1,23,1196
1,1,1,24,1192
1,1,1,25,1192
1,1,1,26,1203
1,1,1,27,1199
1,1,1,28,1174
1,1,1,29,1187
1,1,1,30,1196
1,1,1,31,1195
1,1,1,32,1207
1,1,1,33,1172
1,1,1,34,1203
1,1,1,35,1198
1,1,1,36,1218
1,1,1,37,1203
1,1,1,38,1200
1,1,1,39,1212
1,1,1,40,1192
1,1,1,41,1213
1,1,1,42,1217
1,1,1,43,1207
1,1,1,44,1207
1,1,1,45,1206
1,1,1,46,1207
1,1,1,47,1211
1,1,1,48,1204
1,1,1,49,1202
1,1,1,50,1202
1,1,1,51,1199
1,1,1,52,1196
1,1,1,53,1197
1,1,1,54,1202
1,1,1,55,1196
1,1,1,56,1196
1,1,1,57,1195
1,1,1,58,1198
1,1,1,59,1190
1,1,1,60,1194
1,1,1,61,1188
1,1,1,62,1201
1,1,1,63,1203
1,0,1,0,1185
1,0,1,1,1203
1,0,1,2,1196
1,0,1,3,1205
1,0,1,4,1185
1,0,1,5,1186
1,0,1,6,1197
1,0,1,7,1191
1,0,1,8,1191
1,0,1,9,1188
1,0,1,10,1194
1,0,1,11,1172
1,0,1,12,1197
1,0,1,13,1173
1,0,1,14,1180
1,0,1,15,1182
1,0,1,16,1183
1,0,1,17,1175
1,0,1,18,1171
1,0,1,19,1175
1,0,1,20,1192
1,0,1,21,1160
1,0,1,22,1205
1,0,1,23,1188
1,0,1,24,1183
1,0,1,25,1174
1,0,1,26,1192
1,0,1,27,1170
1,0,1,28,1204
1,0,1,29,1146
1,0,1,30,1168
1,0,1,31,1178
1,0,1,32,1187
1,0,1,33,1188
1,0,1,34,1182
1,0,1,35,1186
1,0,1,36,1165
1,0,1,37,1183
1,0,1,38,1196
1,0,1,39,1168
1,0,1,40,1155
1,0,1,41,1186
1,0,1,42,1181
1,0,1,43,1196
1,0,1,44,1161
1,0,1,45,1181
1,0,1,46,1176
1,0,1,47,1164
1,0,1,48,1157
1,0,1,49,1190
1,0,1,50,1184
1,0,1,51,1149
1,0,1,52,1174
1,0,1,53,1179
1,0,1,54,1167
1,0,1,55,1189
1,0,1,56,1175
1,0,1,57,1158
1,0,1,58,1183
1,0,1,59,1184
1,0,1,60,1159
1,0,1,61,1189
1,0,1,62,1193
1,0,1,63,1179
1,0,2,0,1182
1,0,2,1,1171
1,0,2,2,1186
1,0,2,3,1174
1,0,2,4,1169
1,0,2,5,1198
1,0,2,6,1191
1,0,2,7,1186
1,0,2,8,1179
1,0,2,9,1190
1,0,2,10,1190
1,0,2,11,1179
1,0,2,12,1186
1,0,2,13,1167
1,0,2,14,1177
1,0,2,15,1197
1,0,2,16,1185
1,0,2,17,1178
1,0,2,18,1188
1,0,2,19,1192
1,0,2,20,1167
1,0,2,21,1173
1,0,2,22,1163
1,0,2,23,1190
1,0,2,24,1186
1,0,2,25,1176
1,0,2,26,1167
1,0,2,27,1178
1,0,2,28,1183
1,0,2,29,1187
1,0,2,30,1168
1,0,2,31,1178
1,0,2,32,1168
1,0,2,33,1182
1,0,2,34,1175
1,0,2,35,1178
1,0,2,36,1177
1,0,2,37,1199
1,0,2,38,1199
1,0,2,39,1193
1,0,2,40,1171
1,0,2,41,1161
1,0,2,42,1175
1,0,2,43,1177
1,0,2,44,1182
1,0,2,45,1185
1,0,2,46,1173
1,0,2,47,1176
1,0,2,48,1185
1,0,2,49,1189
1,0,2,50,1175
1,0,2,51,1177
1,0,2,52,1165
1,0,2,53,1196
1,0,2,54,1172
1,0,2,55,1189
1,0,2,56,1169
1,0,2,57,1179
1,0,2,58,1177
1,0,2,59,1168
1,0,2,60,1203
1,0,2,61,1168
1,0,2,62,1173
1,0,2,63,1187
1,1,2,0,1186
1,1,2,1,1225
1,1,2,2,1216
1,1,2,3,1236
1,1,2,4,1207
1,1,2,5,1191
1,1,2,6,1177
1,1,2,7,1194
1,1,2,8,1168
1,1,2,9,1214
1,1,2,10,1198
1,1,2,11,1204
1,1,2,12,1207
1,1,2,13,1189
1,1,2,14,1190
1,1,2,15,1214
1,1,2,16,1207
1,1,2,17,1186
1,1,2,18,1202
1,1,2,19,1172
1,1,2,20,1182
1,1,2,21,1216
1,1,2,22,1190
1,1,2,23,1198
1,1,2,24,1213
1,1,2,25,1195
1,1,2,26,1207
1,1,2,27,1203
1,1,2,28,1198
1,1,2,29,1204
1,1,2,30,1183
1,1,2,31,1200
1,1,2,32,1201
1,1,2,33,1216
1,1,2,34,1188
1,1,2,35,1190
1,1,2,36,1211
1,1,2,37,1187
1,1,2,38,1198
1,1,2,39,1184
1,1,2,40,1187
1,1,2,41,1196
1,1,2,42,1187
1,1,2,43,1218
1,1,2,44,1191
1,1,2,45,1225
1,1,2,46,1205
1,1,2,47,1188
1,1,2,48,1202
1,1,2,49,1196
1,1,2,50,1202
1,1,2,51,1200
1,1,2,52,1211
1,1,2,53,1185
1,1,2,54,1212
1,1,2,55,1219
1,1,2,56,1192
1,1,2,57,1200
1,1,2,58,1190
1,1,2,59,1178
1,1,2,60,1201
1,1,2,61,1183
1,1,2,62,1208
1,1,2,63,1196
1,1,3,0,1199
1,1,3,1,1208
1,1,3,2,1201
1,1,3,3,1169
1,1,3,4,1177
1,1,3,5,1203
1,1,3,6,1192
1,1,3,7,1205
1,1,3,8,1211
1,1,3,9,1188
1,1,3,10,1204
1,1,3,11,1185
1,1,3,12,1204
1,1,3,13,1194
1,1,3,14,1195
1,1,3,15,1199
1,1,3,16,1214
1,1,3,17,1189
1,1,3,18,1216
1,1,3,19,1226
1,1,3,20,1208
1,1,3,21,1191
1,1,3,22,1192
1,1,3,23,1204
1,1,3,24,1195
1,1,3,25,1222
1,1,3,26,1180
1,1,3,27,1217
1,1,3,28,1194
1,1,3,29,1196
1,1,3,30,1180
1,1,3,31,1212
1,1,3,32,1210
1,1,3,33,1226
1,1,3,34,1215
1,1,3,35,1201
1,1,3,36,1198
1,1,3,37,1192
1,1,3,38,1212
1,1,3,39,1206
1,1,3,40,1179
1,1,3,41,1201
1,1,3,42,1402
1,1,3,43,1199
1,1,3,44,1203
1,1,3,45,1193
1,1,3,46,1199
1,1,3,47,1194
1,1,3,48,1188
1,1,3,49,1201
1,1,3,50,1196
1,1,3,51,1164
1,1,3,52,1202
1,1,3,53,1194
1,1,3,54,1205
1,1,3,55,1186
1,1,3,56,1187
1,1,3,57,1197
1,1,3,58,1185
1,1,3,59,1202
1,1,3,60,1191
1,1,3,61,1191
1,1,3,62,1201
1,1,3,63,1208
1,0,3,0,1214
1,0,3,1,1161
1,0,3,2,1207
1,0,3,3,1189
1,0,3,4,1188
1,0,3,5,1194
1,0,3,6,1172
1,0,3,7,1201
1,0,3,8,1181
1,0,3,9,1167
1,0,3,10,1186
1,0,3,11,1192
1,0,3,12,1170
1,0,3,13,1189
1,0,3,14,1176
1,0,3,15,1176
1,0,3,16,1162
1,0,3,17,1171
1,0,3,18,1176
1,0,3,19,1169
1,0,3,20,1187
1,0,3,21,1178
1,0,3,22,1189
1,0,3,23,1191
1,0,3,24,1166
1,0,3,25,1165
1,0,3,26,1176
1,0,3,27,1191
1,0,3,28,1187
1,0,3,29,1184
1,0,3,30,1169
1,0,3,31,1178
1,0,3,32,1189
1,0,3,33,1203
1,0,3,34,1166
1,0,3,35,1153
1,0,3,36,1192
1,0,3,37,1186
1,0,3,38,1189
1,0,3,39,1181
1,0,3,40,1190
1,0,3,41,1169
1,0,3,42,1186
1,0,3,43,1174
1,0,3,44,1184
1,0,3,45,1184
1,0,3,46,1184
1,0,3,47,1176
1,0,3,48,1175
1,0,3,49,1179
1,0,3,50,1190
1,0,3,51,1164
1,0,3,52,1185
1,0,3,53,1181
1,0,3,54,1189
1,0,3,55,1178
1,0,3,56,1175
1,0,3,57,1175
1,0,3,58,1201
1,0,3,59,1163
1,0,3,60,1161
1,0,3,61,1177
1,0,3,62,1177
1,0,3,63,1178
1,0,4,0,1153
1,0,4,1,1178
1,0,4,2,1166
1,0,4,3,1163
1,0,4,4,1182
1,0,4,5,1191
1,0,4,6,1188
1,0,4,7,1177
1,0,4,8,1194
1,0,4,9,1164
1,0,4,10,1158
1,0,4,11,1183
1,0,4,12,1182
1,0,4,13,1185
1,0,4,14,1188
1,0,4,15,1169
1,0,4,16,1166
1,0,4,17,1169
1,0,4,18,1180
1,0,4,19,1187
1,0,4,20,1167
1,0,4,21,1201
1,0,4,22,1201
1,0,4,23,1202
1,0,4,24,1167
1,0,4,25,1190
1,0,4,26,1158
1,0,4,27,1173
1,0,4,28,1175
1,0,4,29,1192
1,0,4,30,1169
1,0,4,31,1188
1,0,4,32,1191
1,0,4,33,1183
1,0,4,34,1180
1,0,4,35,1195
1,0,4,36,1187
1,0,4,37,1188
1,0,4,38,1142
1,0,4,39,1178
1,0,4,40,1182
1,0,4,41,1164
1,0,4,42,1189
1,0,4,43,1192
1,0,4,44,1180
1,0,4,45,1183
1,0,4,46,1192
1,0,4,47,1176
1,0,4,48,1184
1,0,4,49,1187
1,0,4,50,1161
1,0,4,51,1192
1,0,4,52,1184
1,0,4,53,1173
1,0,4,54,1173
1,0,4,55,1187
1,0,4,56,1178
1,0,4,57,1185
1,0,4,58,1175
1,0,4,59,1194
1,0,4,60,1165
1,0,4,61,1192
1,0,4,62,1176
1,0,4,63,1175
1,1,4,0,1189
1,1,4,1,1230
1,1,4,2,1247
1,1,4,3,1216
1,1,4,4,1247
1,1,4,5,1202
1,1,4,6,1194
1,1,4,7,1199
1,1,4,8,1216
1,1,4,9,1195
1,1,4,10,1187
1,1,4,11,1202
1,1,4,12,1191
1,1,4,13,1204
1,1,4,14,1170
1,1,4,15,1209
1,1,4,16,1198
1,1,4,17,1189
1,1,4,18,1195
1,1,4,19,1190
1,1,4,20,1167
1,1,4,21,1173
1,1,4,22,1181
1,1,4,23,1223
1,1,4,24,1170
1,1,4,25,1186
1,1,4,26,1201
1,1,4,27,1199
1,1,4,28,1218
1,1,4,29,1191
1,1,4,30,1171
1,1,4,31,1199
1,1,4,32,1220
1,1,4,33,1177
1,1,4,34,1199
1,1,4,35,1186
1,1,4,36,1200
1,1,4,37,1202
1,1,4,38,1189
1,1,4,39,1191
1,1,4,40,1181
1,1,4,41,1214
1,1,4,42,1181
1,1,4,43,1200
1,1,4,44,1193
1,1,4,45,1198
1,1,4,46,1183
1,1,4,47,1183
1,1,4,48,1200
1,1,4,49,1193
1,1,4,50,1219
1,1,4,51,1208
1,1,4,52,1201
1,1,4,53,1190
1,1,4,54,1205
1,1,4,55,1191
1,1,4,56,1216
1,1,4,57,1208
1,1,4,58,1203
1,1,4,59,1203
1,1,4,60,1196
1,1,4,61,1218
1,1,4,62,1187
1,1,4,63,1206
1,1,5,0,1169
1,1,5,1,1203
1,1,5,2,1193
1,1,5,3,1214
1,1,5,4,1183
1,1,5,5,1187
1,1,5,6,1200
1,1,5,7,1197
1,1,5,8,1204
1,1,5,9,1193
1,1,5,10,1198
1,1,5,11,1200
1,1,5,12,1189
1,1,5,13,1188
1,1,5,14,1194
1,1,5,15,1210
1,1,5,16,1205
1,1,5,17,1180
1,1,5,18,1203
1,1,5,19,1187
1,1,5,20,1180
1,1,5,21,1168
1,1,5,22,1209
1,1,5,23,1200
1,1,5,24,1221
1,1,5,25,1207
1,1,5,26,1213
1,1,5,27,1196
1,1,5,28,1196
1,1,5,29,1202
1,1,5,30,1191
1,1,5,31,1200
1,1,5,32,1201
1,1,5,33,1187
1,1,5,34,1204
1,1,5,35,1192
1,1,5,36,1185
1,1,5,37,1203
1,1,5,38,1199
1,1,5,39,1196
1,1,5,40,1204
1,1,5,41,1201
1,1,5,42,1194
1,1,5,43,1203
1,1,5,44,1206
1,1,5,45,1184
1,1,5,46,1202
1,1,5,47,1217
1,1,5,48,1197
1,1,5,49,1201
1,1,5,50,1197
1,1,5,51,1180
1,1,5,52,1208
1,1,5,53,1217
1,1,5,54,1216
1,1,5,55,1198
1,1,5,56,1181
1,1,5,57,1195
1,1,5,58,1193
1,1,5,59,1225
1,1,5,60,1200
1,1,5,61,1205
1,1,5,62,1197
1,1,5,63,1208
1,0,5,0,1177
1,0,5,1,1177
1,0,5,2,1209
1,0,5,3,1206
1,0,5,4,1205
1,0,5,5,1184
1,0,5,6,1166
1,0,5,7,1174
1,0,5,8,1180
1,0,5,9,1188
1,0,5,10,1177
1,0,5,11,1165
1,0,5,12,1175
1,0,5,13,1166
1,0,5,14,1173
1,0,5,15,1189
1,0,5,16,1179
1,0,5,17,1177
1,0,5,18,1183
1,0,5,19,1182
1,0,5,20,1197
1,0,5,21,1166
1,0,5,22,1185
1,0,5,23,1169
1,0,5,24,1182
1,0,5,25,1186
1,0,5,26,1184
1,0,5,27,1212
1,0,5,28,1189
1,0,5,29,1173
1,0,5,30,1182
1,0,5,31,1163
1,0,5,32,1172
1,0,5,33,1161
1,0,5,34,1187
1,0,5,35,1181
1,0,5,36,1173
1,0,5,37,1164
1,0,5,38,1185
1,0,5,39,1172
1,0,5,40,1189
1,0,5,41,1171
1,0,5,42,1191
1,0,5,43,1184
1,0,5,44,1180
1,0,5,45,1184
1,0,5,46,1170
1,0,5,47,1180
1,0,5,48,1167
1,0,5,49,1194
1,0,5,50,1167
1,0,5,51,1187
1,0,5,52,1185
1,0,5,53,1172
1,0,5,54,1193
1,0,5,55,1172
1,0,5,56,1184
1,0,5,57,1164
1,0,5,58,1182
1,0,5,59,1169
1,0,5,60,1196
1,0,5,61,1188
1,0,5,62,1191
1,0,5,63,1177
1,0,6,0,1188
1,0,6,1,1188
1,0,6,2,1198
1,0,6,3,1153
1,0,6,4,1155
1,0,6,5,1176
1,0,6,6,1169
1,0,6,7,1172
1,0,6,8,1157
1,0,6,9,1176
1,0,6,10,1176
1,0,6,11,1191
1,0,6,12,1181
1,0,6,13,1183
1,0,6,14,1194
1,0,6,15,1177
1,0,6,16,1155
1,0,6,17,1184
1,0,6,18,1171
1,0,6,19,1179
1,0,6,20,1170
1,0,6,21,1177
1,0,6,22,1181
1,0,6,23,1165
1,0,6,24,1189
1,0,6,25,1176
1,0,6,26,1174
1,0,6,27,1180
1,0,6,28,1185
1,0,6,29,1177
1,0,6,30,1170
1,0,6,31,1151
1,0,6,32,1175
1,0,6,33,1169
1,0,6,34,1170
1,0,6,35,1167
1,0,6,36,1161
1,0,6,37,1157
1,0,6,38,1172
1,0,6,39,1176
1,0,6,40,1170
1,0,6,41,1210
1,0,6,42,1190
1,0,6,43,1172
1,0,6,44,1167
1,0,6,45,1164
1,0,6,46,1173
1,0,6,47,1170
1,0,6,48,1176
1,0,6,49,1184
1,0,6,50,1201
1,0,6,51,1189
1,0,6,52,1166
1,0,6,53,1170
1,0,6,54,1172
1,0,6,55,1177
1,0,6,56,1179
1,0,6,57,1186
1,0,6,58,1183
1,0,6,59,1185
1,0,6,60,1194
1,0,6,61,1178
1,0,6,62,1165
1,0,6,63,1195
1,1,6,0,1154
1,1,6,1,1207
1,1,6,2,1215
1,1,6,3,1221
1,1,6,4,1244
1,1,6,5,1197
1,1,6,6,1190
1,1,6,7,1195
1,1,6,8,1203
1,1,6,9,1222
1,1,6,10,1208
1,1,6,11,1173
1,1,6,12,1172
1,1,6,13,1205
1,1,6,14,1209
1,1,6,15,1209
1,1,6,16,1183
1,1,6,17,1196
1,1,6,18,1195
1,1,6,19,1205
1,1,6,20,1181
1,1,6,21,1186
1,1,6,22,1188
1,1,6,23,1194
1,1,6,24,1192
1,1,6,25,1205
1,1,6,26,1180
1,1,6,27,1217
1,1,6,28,1198
1,1,6,29,1171
1,1,6,30,1203
1,1,6,31,1191
1,1,6,32,1200
1,1,6,33,1196
1,1,6,34,1184
1,1,6,35,1208
1,1,6,36,1193
1,1,6,37,1203
1,1,6,38,1202
1,1,6,39,1197
1,1,6,40,1198
1,1,6,41,1196
1,1,6,42,1180
1,1,6,43,1192
1,1,6,44,1199
1,1,6,45,1197
1,1,6,46,1186
1,1,6,47,1224
1,1,6,48,1206
1,1,6,49,1199
1,1,6,50,1202
1,1,6,51,1206
1,1,6,52,1195
1,1,6,53,1192
1,1,6,54,1209
1,1,6,55,1179
1,1,6,56,1182
1,1,6,57,1171
1,1,6,58,1197
1,1,6,59,1205
1,1,6,60,1201
1,1,6,61,1210
1,1,6,62,1194
1,1,6,63,1200
1,1,7,0,1172
1,1,7,1,1189
1,1,7,2,1195
1,1,7,3,1190
1,1,7,4,1173
1,1,7,5,1204
1,1,7,6,1207
1,1,7,7,1223
1,1,7,8,1212
1,1,7,9,1181
1,1,7,10,1192
1,1,7,11,1204
1,1,7,12,1176
1,1,7,13,1181
1,1,7,14,1205
1,1,7,15,1204
1,1,7,16,1204
1,1,7,17,1198
1,1,7,18,1180
1,1,7,19,1201
1,1,7,20,1186
1,1,7,21,1186
1,1,7,22,1193
1,1,7,23,1188
1,1,7,24,1196
1,1,7,25,1188
1,1,7,26,1194
1,1,7,27,1202
1,1,7,28,1215
1,1,7,29,1215
1,1,7,30,1215
1,1,7,31,1213
1,1,7,32,1203
1,1,7,33,1202
1,1,7,34,1186
1,1,7,35,1203
1,1,7,36,1185
1,1,7,37,1201
1,1,7,38,1185
1,1,7,39,1205
1,1,7,40,1181
1,1,7,41,1198
1,1,7,42,1190
1,1,7,43,1214
1,1,7,44,1201
1,1,7,45,1175
1,1,7,46,1211
1,1,7,47,1192
1,1,7,48,1208
1,1,7,49,1198
1,1,7,50,1202
1,1,7,51,1181
1,1,7,52,1181
1,1,7,53,1200
1,1,7,54,1192
1,1,7,55,1179
1,1,7,56,1185
1,1,7,57,1187
1,1,7,58,1183
1,1,7,59,1186
1,1,7,60,1196
1,1,7,61,1184
1,1,7,62,1208
1,1,7,63,1208
1,0,7,0,1171
1,0,7,1,1200
1,0,7,2,1190
1,0,7,3,1208
1,0,7,4,1220
1,0,7,5,1180
1,0,7,6,1182
1,0,7,7,1203
1,0,7,8,1176
1,0,7,9,1191
1,0,7,10,1152
1,0,7,11,1180
1,0,7,12,1178
1,0,7,13,1148
1,0,7,14,1189
1,0,7,15,1164
1,0,7,16,1179
1,0,7,17,1177
1,0,7,18,1183
1,0,7,19,1192
1,0,7,20,1188
1,0,7,21,1183
1,0,7,22,1189
1,0,7,23,1177
1,0,7,24,1179
1,0,7,25,1179
1,0,7,26,1165
1,0,7,27,1169
1,0,7,28,1181
1,0,7,29,1176
1,0,7,30,1181
1,0,7,31,1170
1,0,7,32,1188
1,0,7,33,1189
1,0,7,34,1196
1,0,7,35,1160
1,0,7,36,1178
1,0,7,37,1195
1,0,7,38,1160
1,0,7,39,1180
1,0,7,40,1207
1,0,7,41,1162
1,0,7,42,1179
1,0,7,43,1179
1,0,7,44,1202
1,0,7,45,1178
1,0,7,46,1182
1,0,7,47,1190
1,0,7,48,1176
1,0,7,49,1166
1,0,7,50,1206
1,0,7,51,1174
1,0,7,52,1171
1,0,7,53,1176
1,0,7,54,1172
1,0,7,55,1169
1,0,7,56,1173
1,0,7,57,1169
1,0,7,58,1186
1,0,7,59,1203
1,0,7,60,1159
1,0,7,61,1202
1,0,7,62,1175
1,0,7,63,1158
2,0,0,0,19376
2,0,0,1,19725
2,0,0,2,19555
2,0,0,3,19425
2,0,0,4,19774
2,0,0,5,19546
2,0,0,6,19823
2,0,0,7,19393
2,0,0,8,19364
2,0,0,9,19583
2,0,0,10,19616
2,0,0,11,19561
2,0,0,12,19595
2,0,0,13,19593
2,0,0,14,19581
2,0,0,15,19623
2,0,0,16,19570
2,0,0,17,19547
2,0,0,18,19556
2,0,0,19,19537
2,0,0,20,19664
2,0,0,21,19532
2,0,0,22,19615
2,0,0,23,19677
2,0,0,24,19691
2,0,0,25,19546
2,0,0,26,20193
2,0,0,27,19509
2,0,0,28,19528
2,0,0,29,19597
2,0,0,30,19707
2,0,0,31,19376
2,0,0,32,19980
2,0,0,33,19694
2,0,0,34,19796
2,0,0,35,19761
2,0,0,36,19648
2,0,0,37,19936
2,0,0,38,19421
2,0,0,39,19566
2,0,0,40,19891
2,0,0,41,19590
2,0,0,42,19854
2,0,0,43,19504
2,0,0,44,19469
2,0,0,45,19640
2,0,0,46,19629
2,0,0,47,19629
2,0,0,48,19595
2,0,0,49,19533
2,0,0,50,19525
2,0,0,51,19591
2,0,0,52,19510
2,0,0,53,19640
2,0,0,54,19538
2,0,0,55,19631
2,0,0,56,19526
2,0,0,57,19357
2,0,0,58,19506
2,0,0,59,19647
2,0,0,60,20092
2,0,0,61,19780
2,0,0,62,19843
2,0,0,63,19702
2,1,0,0,19747
2,1,0,1,19699
2,1,0,2,19516
2,1,0,3,19376
2,1,0,4,19385
2,1,0,5,19395
2,1,0,6,19339
2,1,0,7,19258
2,1,0,8,19433
2,1,0,9,19531
2,1,0,10,19419
2,1,0,11,19405
2,1,0,12,19311
2,1,0,13,19277
2,1,0,14,19603
2,1,0,15,19371
2,1,0,16,19396
2,1,0,17,19715
2,1,0,18,19289
2,1,0,19,19633
2,1,0,20,19379
2,1,0,21,19579
2,1,0,22,19557
2,1,0,23,19539
2,1,0,24,19635
2,1,0,25,19643
2,1,0,26,19356
2,1,0,27,19653
2,1,0,28,19377
2,1,0,29,19549
2,1,0,30,19632
2,1,0,31,19397
2,1,0,32,19561
2,1,0,33,19603
2,1,0,34,19357
2,1,0,35,19431
2,1,0,36,19319
2,1,0,37,19597
2,1,0,38,19631
2,1,0,39,19618
2,1,0,40,19338
2,1,0,41,19321
2,1,0,42,19639
2,1,0,43,19492
2,1,0,44,19600
2,1,0,45,19715
2,1,0,46,19365
2,1,0,47,19750
2,1,0,48,19389
2,1,0,49,19708
2,1,0,50,19427
2,1,0,51,19606
2,1,0,52,19522
2,1,0,53,19671
2,1,0,54,19471
2,1,0,55,19589
2,1,0,56,19430
2,1,0,57,19312
2,1,0,58,19583
2,1,0,59,19374
2,1,0,60,19230
2,1,0,61,19473
2,1,0,62,19378
2,1,0,63,19647
2,1,1,0,19405
2,1,1,1,19361
2,1,1,2,19576
2,1,1,3,19797
2,1,1,4,19628
2,1,1,5,19527
2,1,1,6,19596
2,1,1,7,19530
2,1,1,8,19499
2,1,1,9,19661
2,1,1,10,19569
2,1,1,11,19543
2,1,1,12,19650
2,1,1,13,19808
2,1,1,14,20119
2,1,1,15,19610
2,1,1,16,20085
2,1,1,17,19684
2,1,1,18,19710
2,1,1,19,19617
2,1,1,20,19335
2,1,1,21,19220
2,1,1,22,19457
2,1,1,23,19602
2,1,1,24,19607
2,1,1,25,19771
2,1,1,26,19666
2,1,1,27,19398
2,1,1,28,19220
2,1,1,29,19348
2,1,1,30,19588
2,1,1,31,19663
2,1,1,32,19453
2,1,1,33,19575
2,1,1,34,19613
2,1,1,35,19290
2,1,1,36,19430
2,1,1,37,19429
2,1,1,38,19359
2,1,1,39,19331
2,1,1,40,19594
2,1,1,41,19731
2,1,1,42,19640
2,1,1,43,19594
2,1,1,44,19670
2,1,1,45,19655
2,1,1,46,19502
2,1,1,47,19675
2,1,1,48,19659
2,1,1,49,19617
2,1,1,50,19294
2,1,1,51,19600
2,1,1,52,19549
2,1,1,53,19370
2,1,1,54,19404
2,1,1,55,19618
2,1,1,56,19583
2,1,1,57,19638
2,1,1,58,19671
2,1,1,59,19643
2,1,1,60,19605
2,1,1,61,19287
2,1,1,62,19764
2,1,1,63,19328
2,0,1,0,19658
2,0,1,1,19509
2,0,1,2,19567
2,0,1,3,19462
2,0,1,4,19454
2,0,1,5,19525
2,0,1,6,19766
2,0,1,7,19442
2,0,1,8,19587
2,0,1,9,19773
2,0,1,10,19558
2,0,1,11,19468
2,0,1,12,19420
2,0,1,13,19619
2,0,1,14,19636
2,0,1,15,19540
2,0,1,16,19605
2,0,1,17,19492
2,0,1,18,19560
2,0,1,19,19648
2,0,1,20,19763
2,0,1,21,19608
2,0,1,22,19664
2,0,1,23,19592
2,0,1,24,19708
2,0,1,25,19537
2,0,1,26,19644
2,0,1,27,19668
2,0,1,28,19644
2,0,1,29,19569
2,0,1,30,19411
2,0,1,31,19521
2,0,1,32,19562
2,0,1,33,19308
2,0,1,34,19543
2,0,1,35,19349
2,0,1,36,19535
2,0,1,37,19711
2,0,1,38,19539
2,0,1,39,19524
2,0,1,40,19593
2,0,1,41,19358
2,0,1,42,19409
2,0,1,43,19373
2,0,1,44,19394
2,0,1,45,19567
2,0,1,46,19664
2,0,1,47,19280
2,0,1,48,19388
2,0,1,49,19463
2,0,1,50,19692
2,0,1,51,19459
2,0,1,52,19361
2,0,1,53,19343
2,0,1,54,19662
2,0,1,55,19567
2,0,1,56,19548
2,0,1,57,19299
2,0,1,58,19492
2,0,1,59,19715
2,0,1,60,19528
2,0,1,61,19447
2,0,1,62,19440
2,0,1,63,19594
2,0,2,0,19364
2,0,2,1,19630
2,0,2,2,19612
2,0,2,3,19313
2,0,2,4,19569
2,0,2,5,19363
2,0,2,6,19322
2,0,2,7,19329
2,0,2,8,19344
2,0,2,9,19563
2,0,2,10,19523
2,0,2,11,19387
2,0,2,12,19433
2,0,2,13,19606
2,0,2,14,19515
2,0,2,15,19340
2,0,2,16,19410
2,0,2,17,19408
2,0,2,18,19464
2,0,2,19,19290
2,0,2,20,19433
2,0,2,21,19627
2,0,2,22,19289
2,0,2,23,19671
2,0,2,24,19466
2,0,2,25,19509
2,0,2,26,19617
2,0,2,27,19487
2,0,2,28,19418
2,0,2,29,19510
2,0,2,30,19542
2,0,2,31,19596
2,0,2,32,19637
2,0,2,33,19730
2,0,2,34,19693
2,0,2,35,19669
2,0,2,36,19588
2,0,2,37,19463
2,0,2,38,19583
2,0,2,39,19635
2,0,2,40,19534
2,0,2,41,19293
2,0,2,42,19705
2,0,2,43,19521
2,0,2,44,19442
2,0,2,45,19283
2,0,2,46,19491
2,0,2,47,19539
2,0,2,48,19581
2,0,2,49,19443
2,0,2,50,19646
2,0,2,51,19224
2,0,2,52,19633
2,0,2,53,19549
2,0,2,54,19578
2,0,2,55,19274
2,0,2,56,19278
2,0,2,57,19689
2,0,2,58,19586
2,0,2,59,19324
2,0,2,60,19607
2,0,2,61,19534
2,0,2,62,19298
2,0,2,63,20201
2,1,2,0,19343
2,1,2,1,19578
2,1,2,2,19588
2,1,2,3,19703
2,1,2,4,19611
2,1,2,5,19361
2,1,2,6,19537
2,1,2,7,19545
2,1,2,8,19588
2,1,2,9,19742
2,1,2,10,19696
2,1,2,11,19746
2,1,2,12,19542
2,1,2,13,19558
2,1,2,14,19673
2,1,2,15,19606
2,1,2,16,19683
2,1,2,17,19536
2,1,2,18,19506
2,1,2,19,19338
2,1,2,20,19589
2,1,2,21,19723
2,1,2,22,19344
2,1,2,23,19673
2,1,2,24,19686
2,1,2,25,19725
2,1,2,26,19617
2,1,2,27,19533
2,1,2,28,19453
2,1,2,29,19548
2,1,2,30,19637
2,1,2,31,19681
2,1,2,32,19618
2,1,2,33,19697
2,1,2,34,19411
2,1,2,35,19490
2,1,2,36,19751
2,1,2,37,19736
2,1,2,38,19660
2,1,2,39,19238
2,1,2,40,19764
2,1,2,41,19422
2,1,2,42,19607
2,1,2,43,19670
2,1,2,44,19360
2,1,2,45,19309
2,1,2,46,19557
2,1,2,47,19658
2,1,2,48,19683
2,1,2,49,19542
2,1,2,50,19637
2,1,2,51,19620
2,1,2,52,19514
2,1,2,53,19481
2,1,2,54,19509
2,1,2,55,19345
2,1,2,56,19609
2,1,2,57,19659
2,1,2,58,19486
2,1,2,59,19786
2,1,2,60,19565
2,1,2,61,19491
2,1,2,62,19355
2,1,2,63,19407
2,1,3,0,19673
2,1,3,1,19496
2,1,3,2,19699
2,1,3,3,19378
2,1,3,4,19632
2,1,3,5,19453
2,1,3,6,19323
2,1,3,7,19512
2,1,3,8,19565
2,1,3,9,19541
2,1,3,10,19538
2,1,3,11,19368
2,1,3,12,19327
2,1,3,13,19420
2,1,3,14,19474
2,1,3,15,19645
2,1,3,16,19727
2,1,3,17,19326
2,1,3,18,19739
2,1,3,19,19537
2,1,3,20,19535
2,1,3,21,19390
2,1,3,22,19520
2,1,3,23,19576
2,1,3,24,19660
2,1,3,25,19329
2,1,3,26,19683
2,1,3,27,19655
2,1,3,28,19587
2,1,3,29,19629
2,1,3,30,19549
2,1,3,31,19500
2,1,3,32,19673
2,1,3,33,19639
2,1,3,34,19728
2,1,3,35,19256
2,1,3,36,19675
2,1,3,37,19697
2,1,3,38,19628
2,1,3,39,19360
2,1,3,40,19251
2,1,3,41,19725
2,1,3,42,19534
2,1,3,43,19724
2,1,3,44,19397
2,1,3,45,19647
2,1,3,46,19537
2,1,3,47,19587
2,1,3,48,19721
2,1,3,49,19418
2,1,3,50,19578
2,1,3,51,19612
2,1,3,52,19269
2,1,3,53,19347
2,1,3,54,19504
2,1,3,55,19483
2,1,3,56,19741
2,1,3,57,19579
2,1,3,58,19500
2,1,3,59,19626
2,1,3,60,19542
2,1,3,61,19835
2,1,3,62,19258
2,1,3,63,19575
2,0,3,0,19290
2,0,3,1,19470
2,0,3,2,19274
2,0,3,3,19593
2,0,3,4,19626
2,0,3,5,19376
2,0,3,6,19390
2,0,3,7,19413
2,0,3,8,19323
2,0,3,9,19532
2,0,3,10,19583
2,0,3,11,19658
2,0,3,12,19685
2,0,3,13,19333
2,0,3,14,19517
2,0,3,15,19550
2,0,3,16,19533
2,0,3,17,19637
2,0,3,18,19672
2,0,3,19,19618
2,0,3,20,19675
2,0,3,21,19430
2,0,3,22,19663
2,0,3,23,19408
2,0,3,24,19312
2,0,3,25,19705
2,0,3,26,19573
2,0,3,27,19334
2,0,3,28,19657
2,0,3,29,19637
2,0,3,30,19589
2,0,3,31,19484
2,0,3,32,19560
2,0,3,33,19604
2,0,3,34,19862
2,0,3,35,19635
2,0,3,36,19557
2,0,3,37,19206
2,0,3,38,19661
2,0,3,39,19589
2,0,3,40,19701
2,0,3,41,19631
2,0,3,42,19505
2,0,3,43,20149
2,0,3,44,19470
2,0,3,45,19603
2,0,3,46,19404
2,0,3,47,19647
2,0,3,48,19588
2,0,3,49,19554
2,0,3,50,19593
2,0,3,51,19669
2,0,3,52,19629
2,0,3,53,19696
2,0,3,54,19711
2,0,3,55,19633
2,0,3,56,19570
2,0,3,57,19638
2,0,3,58,19529
2,0,3,59,19245
2,0,3,60,19715
2,0,3,61,19462
2,0,3,62,19556
2,0,3,63,19522
2,0,4,0,19722
2,0,4,1,19435
2,0,4,2,19231
2,0,4,3,19566
2,0,4,4,19603
2,0,4,5,19722
2,0,4,6,19332
2,0,4,7,19283
2,0,4,8,19591
2,0,4,9,19415
2,0,4,10,19746
2,0,4,11,19336
2,0,4,12,19540
2,0,4,13,19661
2,0,4,14,19587
2,0,4,15,19213
2,0,4,16,19471
2,0,4,17,19316
2,0,4,18,19527
2,0,4,19,19770
2,0,4,20,19522
2,0,4,21,19623
2,0,4,22,19362
2,0,4,23,19382
2,0,4,24,19678
2,0,4,25,19707
2,0,4,26,19582
2,0,4,27,19348
2,0,4,28,19561
2,0,4,29,19735
2,0,4,30,19507
2,0,4,31,19583
2,0,4,32,19660
2,0,4,33,19482
2,0,4,34,19583
2,0,4,35,19603
2,0,4,36,19672
2,0,4,37,19242
2,0,4,38,19435
2,0,4,39,19678
2,0,4,40,19584
2,0,4,41,19577
2,0,4,42,19566
2,0,4,43,19661
2,0,4,44,19248
2,0,4,45,19563
2,0,4,46,19653
2,0,4,47,19318
2,0,4,48,19417
2,0,4,49,19507
2,0,4,50,19504
2,0,4,51,19277
2,0,4,52,19402
2,0,4,53,19629
2,0,4,54,19670
2,0,4,55,19638
2,0,4,56,19701
2,0,4,57,19255
2,0,4,58,19561
2,0,4,59,19778
2,0,4,60,19565
2,0,4,61,19569
2,0,4,62,19392
2,0,4,63,19630
2,1,4,0,19663
2,1,4,1,19467
2,1,4,2,19340
2,1,4,3,19769
2,1,4,4,19641
2,1,4,5,19317
2,1,4,6,19543
2,1,4,7,19324
2,1,4,8,19539
2,1,4,9,19558
2,1,4,10,19313
2,1,4,11,19686
2,1,4,12,19776
2,1,4,13,19642
2,1,4,14,19680
2,1,4,15,19580
2,1,4,16,19641
2,1,4,17,19674
2,1,4,18,19320
2,1,4,19,19634
2,1,4,20,19326
2,1,4,21,19777
2,1,4,22,19486
2,1,4,23,19467
2,1,4,24,19350
2,1,4,25,19540
2,1,4,26,19380
2,1,4,27,19269
2,1,4,28,19768
2,1,4,29,19590
2,1,4,30,19764
2,1,4,31,19357
2,1,4,32,19645
2,1,4,33,19327
2,1,4,34,19748
2,1,4,35,19656
2,1,4,36,19380
2,1,4,37,19520
2,1,4,38,19713
2,1,4,39,19663
2,1,4,40,19635
2,1,4,41,19646
2,1,4,42,19655
2,1,4,43,19334
2,1,4,44,19651
2,1,4,45,19584
2,1,4,46,19844
2,1,4,47,19639
2,1,4,48,19666
2,1,4,49,19758
2,1,4,50,19566
2,1,4,51,19321
2,1,4,52,19776
2,1,4,53,19601
2,1,4,54,19655
2,1,4,55,19431
2,1,4,56,19401
2,1,4,57,19487
2,1,4,58,19714
2,1,4,59,19605
2,1,4,60,19699
2,1,4,61,19672
2,1,4,62,19550
2,1,4,63,19701
2,1,5,0,19480
2,1,5,1,19765
2,1,5,2,19383
2,1,5,3,19567
2,1,5,4,19620
2,1,5,5,19673
2,1,5,6,19437
2,1,5,7,19599
2,1,5,8,19730
2,1,5,9,19404
2,1,5,10,19340
2,1,5,11,19614
2,1,5,12,19497
2,1,5,13,19571
2,1,5,14,19579
2,1,5,15,19268
2,1,5,16,19703
2,1,5,17,19515
2,1,5,18,19286
2,1,5,19,19608
2,1,5,20,19654
2,1,5,21,19298
2,1,5,22,19567
2,1,5,23,20122
2,1,5,24,19517
2,1,5,25,19358
2,1,5,26,19290
2,1,5,27,19787
2,1,5,28,19543
2,1,5,29,19259
2,1,5,30,19626
2,1,5,31,19735
2,1,5,32,19736
2,1,5,33,19629
2,1,5,34,19482
2,1,5,35,19439
2,1,5,36,19535
2,1,5,37,19662
2,1,5,38,19613
2,1,5,39,19589
2,1,5,40,19629
2,1,5,41,19639
2,1,5,42,19567
2,1,5,43,19484
2,1,5,44,19319
2,1,5,45,19681
2,1,5,46,19782
2,1,5,47,19455
2,1,5,48,19670
2,1,5,49,19736
2,1,5,50,19754
2,1,5,51,19622
2,1,5,52,19630
2,1,5,53,19737
2,1,5,54,19408
2,1,5,55,19660
2,1,5,56,19573
2,1,5,57,19575
2,1,5,58,19398
2,1,5,59,19793
2,1,5,60,19647
2,1,5,61,19554
2,1,5,62,19666
2,1,5,63,19589
2,0,5,0,19270
2,0,5,1,19645
2,0,5,2,19642
2,0,5,3,19660
2,0,5,4,19758
2,0,5,5,19477
2,0,5,6,19497
2,0,5,7,19260
2,0,5,8,19460
2,0,5,9,19439
2,0,5,10,19575
2,0,5,11,19641
2,0,5,12,19524
2,0,5,13,19631
2,0,5,14,19558
2,0,5,15,19596
2,0,5,16,19649
2,0,5,17,19628
2,0,5,18,19650
2,0,5,19,19505
2,0,5,20,19652
2,0,5,21,19550
2,0,5,22,19335
2,0,5,23,19598
2,0,5,24,19466
2,0,5,25,19543
2,0,5,26,19542
2,0,5,27,19637
2,0,5,28,19597
2,0,5,29,19577
2,0,5,30,19369
2,0,5,31,19493
2,0,5,32,19534
2,0,5,33,19740
2,0,5,34,19558
2,0,5,35,19636
2,0,5,36,19724
2,0,5,37,19635
2,0,5,38,19624
2,0,5,39,19635
2,0,5,40,19318
2,0,5,41,19542
2,0,5,42,19610
2,0,5,43,19658
2,0,5,44,19626
2,0,5,45,19595
2,0,5,46,19558
2,0,5,47,20157
2,0,5,48,19446
2,0,5,49,19402
2,0,5,50,19573
2,0,5,51,19499
2,0,5,52,19701
2,0,5,53,19674
2,0,5,54,19605
2,0,5,55,19319
2,0,5,56,19605
2,0,5,57,19498
2,0,5,58,19546
2,0,5,59,19285
2,0,5,60,19433
2,0,5,61,19606
2,0,5,62,19359
2,0,5,63,19713
2,0,6,0,19592
2,0,6,1,19572
2,0,6,2,19581
2,0,6,3,19632
2,0,6,4,19652
2,0,6,5,19574
2,0,6,6,19460
2,0,6,7,19654
2,0,6,8,19384
2,0,6,9,19593
2,0,6,10,19600
2,0,6,11,19573
2,0,6,12,19524
2,0,6,13,19552
2,0,6,14,19607
2,0,6,15,19601
2,0,6,16,19314
2,0,6,17,19395
2,0,6,18,19658
2,0,6,19,19599
2,0,6,20,19668
2,0,6,21,19261
2,0,6,22,19285
2,0,6,23,19794
2,0,6,24,19430
2,0,6,25,19395
2,0,6,26,19513
2,0,6,27,19580
2,0,6,28,19392
2,0,6,29,19568
2,0,6,30,19716
2,0,6,31,19441
2,0,6,32,19625
2,0,6,33,19364
2,0,6,34,19351
2,0,6,35,19361
2,0,6,36,19451
2,0,6,37,19296
2,0,6,38,19653
2,0,6,39,19418
2,0,6,40,19318
2,0,6,41,19664
2,0,6,42,19568
2,0,6,43,19633
2,0,6,44,19581
2,0,6,45,19789
2,0,6,46,19603
2,0,6,47,19322
2,0,6,48,19578
2,0,6,49,19228
2,0,6,50,19636
2,0,6,51,19615
2,0,6,52,19671
2,0,6,53,19496
2,0,6,54,19668
2,0,6,55,19451
2,0,6,56,19359
2,0,6,57,19314
2,0,6,58,19706
2,0,6,59,19601
2,0,6,60,19658
2,0,6,61,19368
2,0,6,62,19728
2,0,6,63,19341
2,1,6,0,19228
2,1,6,1,19498
2,1,6,2,19712
2,1,6,3,20387
2,1,6,4,19496
2,1,6,5,19598
2,1,6,6,19594
2,1,6,7,19693
2,1,6,8,19636
2,1,6,9,19579
2,1,6,10,19620
2,1,6,11,19560
2,1,6,12,19605
2,1,6,13,19664
2,1,6,14,19790
2,1,6,15,19280
2,1,6,16,19547
2,1,6,17,19764
2,1,6,18,19716
2,1,6,19,19574
2,1,6,20,19565
2,1,6,21,19715
2,1,6,22,19290
2,1,6,23,19314
2,1,6,24,19542
2,1,6,25,19610
2,1,6,26,19692
2,1,6,27,19610
2,1,6,28,19644
2,1,6,29,19659
2,1,6,30,19757
2,1,6,31,19708
2,1,6,32,19694
2,1,6,33,19538
2,1,6,34,19399
2,1,6,35,19672
2,1,6,36,19330
2,1,6,37,19768
2,1,6,38,19630
2,1,6,39,19741
2,1,6,40,19653
2,1,6,41,19627
2,1,6,42,19594
2,1,6,43,19591
2,1,6,44,19604
2,1,6,45,19765
2,1,6,46,19690
2,1,6,47,19648
2,1,6,48,19639
2,1,6,49,19657
2,1,6,50,19711
2,1,6,51,19682
2,1,6,52,19567
2,1,6,53,19667
2,1,6,54,19517
2,1,6,55,19418
2,1,6,56,19672
2,1,6,57,19565
2,1,6,58,19308
2,1,6,59,19311
2,1,6,60,19316
2,1,6,61,19676
2,1,6,62,19375
2,1,6,63,19309
2,1,7,0,19322
2,1,7,1,19441
2,1,7,2,19563
2,1,7,3,19615
2,1,7,4,19425
2,1,7,5,19591
2,1,7,6,19676
2,1,7,7,19416
2,1,7,8,19764
2,1,7,9,19588
2,1,7,10,19742
2,1,7,11,19320
2,1,7,12,19367
2,1,7,13,19773
2,1,7,14,19495
2,1,7,15,19383
2,1,7,16,19639
2,1,7,17,19630
2,1,7,18,19620
2,1,7,19,19717
2,1,7,20,19655
2,1,7,21,19516
2,1,7,22,19597
2,1,7,23,19460
2,1,7,24,19594
2,1,7,25,19665
2,1,7,26,19466
2,1,7,27,19526
2,1,7,28,19650
2,1,7,29,19607
2,1,7,30,19640
2,1,7,31,19763
2,1,7,32,19640
2,1,7,33,19343
2,1,7,34,19468
2,1,7,35,19599
2,1,7,36,19680
2,1,7,37,19658
2,1,7,38,19316
2,1,7,39,19636
2,1,7,40,19495
2,1,7,41,19540
2,1,7,42,19373
2,1,7,43,19732
2,1,7,44,19517
2,1,7,45,19587
2,1,7,46,19661
2,1,7,47,19604
2,1,7,48,19490
2,1,7,49,19623
2,1,7,50,19700
2,1,7,51,19348
2,1,7,52,19640
2,1,7,53,19296
2,1,7,54,19619
2,1,7,55,19549
2,1,7,56,19624
2,1,7,57,19589
2,1,7,58,19363
2,1,7,59,19623
2,1,7,60,19529
2,1,7,61,19310
2,1,7,62,19678
2,1,7,63,19706
2,0,7,0,19587
2,0,7,1,19627
2,0,7,2,19660
2,0,7,3,19706
2,0,7,4,19707
2,0,7,5,19628
2,0,7,6,19481
2,0,7,7,19352
2,0,7,8,19712
2,0,7,9,19613
2,0,7,10,19674
2,0,7,11,19524
2,0,7,12,19405
2,0,7,13,19625
2,0,7,14,19644
2,0,7,15,19571
2,0,7,16,19479
2,0,7,17,19351
2,0,7,18,19369
2,0,7,19,19434
2,0,7,20,19612
2,0,7,21,19777
2,0,7,22,19564
2,0,7,23,19330
2,0,7,24,19592
2,0,7,25,19631
2,0,7,26,19501
2,0,7,27,19568
2,0,7,28,19495
2,0,7,29,19407
2,0,7,30,19284
2,0,7,31,19611
2,0,7,32,19761
2,0,7,33,19638
2,0,7,34,19305
2,0,7,35,19578
2,0,7,36,19578
2,0,7,37,19561
2,0,7,38,19651
2,0,7,39,19631
2,0,7,40,19454
2,0,7,41,19650
2,0,7,42,19285
2,0,7,43,19583
2,0,7,44,19632
2,0,7,45,19476
2,0,7,46,19553
2,0,7,47,19701
2,0,7,48,19424
2,0,7,49,19953
2,0,7,50,19456
2,0,7,51,19488
2,0,7,52,19260
2,0,7,53,19487
2,0,7,54,19726
2,0,7,55,19537
2,0,7,56,19440
2,0,7,57,19290
2,0,7,58,19404
2,0,7,59,19409
2,0,7,60,19575
2,0,7,61,19627
2,0,7,62,19426
2,0,7,63,19487
