cpucycles tracesetup 0 amd64-perfpmcff precision 0 scaling 0.000000 only32 0
cpucycles tracesetup 1 amd64-perfpmc precision 0 scaling 0.000000 only32 0
cpucycles tracesetup 2 amd64-pmcff precision 0 scaling 0.000000 only32 0
cpucycles tracesetup 3 amd64-tsc precision 1080 scaling 0.467415 only32 0
cpucycles tracesetup 4 amd64-tscasm precision 1090 scaling 0.467415 only32 0
cpucycles tracesetup 5 default-perfevent precision 204 scaling 1.000000 only32 0
cpucycles tracesetup 6 default-mach precision 0 scaling 0.000000 only32 0
cpucycles tracesetup 7 default-monotonic precision 1075 scaling 1.400000 only32 0
cpucycles tracesetup 8 default-gettimeofday precision 2440 scaling 1400.000000 only32 0
cpucycles tracesetup 9 default-zero precision 0 scaling 0.000000 only32 0
region,variant,block,observation,cycles
0,0,0,0,1043
0,0,0,1,983
0,0,0,2,968
0,0,0,3,983
0,0,0,4,988
0,0,0,5,994
0,0,0,6,995
0,0,0,7,983
0,0,0,8,1034
0,0,0,9,1013
0,0,0,10,1027
0,0,0,11,1013
0,0,0,12,1007
0,0,0,13,992
0,0,0,14,1013
0,0,0,15,997
0,0,0,16,1004
0,0,0,17,1011
0,0,0,18,1003
0,0,0,19,995
0,0,0,20,1011
0,0,0,21,1006
0,0,0,22,1005
0,0,0,23,997
0,0,0,24,1006
0,0,0,25,986
0,0,0,26,989
0,0,0,27,1003
0,0,0,28,1019
0,0,0,29,1000
0,0,0,30,989
0,0,0,31,1012
0,0,0,32,1064
0,0,0,33,1024
0,0,0,34,970
0,0,0,35,982
0,0,0,36,986
0,0,0,37,972
0,0,0,38,975
0,0,0,39,1003
0,0,0,40,1012
0,0,0,41,989
0,0,0,42,997
0,0,0,43,1000
0,0,0,44,997
0,0,0,45,996
0,0,0,46,1015
0,0,0,47,990
0,0,0,48,983
0,0,0,49,989
0,0,0,50,987
0,0,0,51,999
0,0,0,52,1005
0,0,0,53,977
0,0,0,54,1001
0,0,0,55,987
0,0,0,56,986
0,0,0,57,1005
0,0,0,58,999
0,0,0,59,984
0,0,0,60,975
0,0,0,61,976
0,0,0,62,976
0,0,0,63,1001
0,1,0,0,1015
0,1,0,1,970
0,1,0,2,1011
0,1,0,3,965
0,1,0,4,991
0,1,0,5,985
0,1,0,6,978
0,1,0,7,982
0,1,0,8,986
0,1,0,9,979
0,1,0,10,992
0,1,0,11,997
0,1,0,12,984
0,1,0,13,994
0,1,0,14,962
0,1,0,15,983
0,1,0,16,978
0,1,0,17,981
0,1,0,18,990
0,1,0,19,988
0,1,0,20,995
0,1,0,21,1004
0,1,0,22,991
0,1,0,23,978
0,1,0,24,979
0,1,0,25,977
0,1,0,26,981
0,1,0,27,1001
0,1,0,28,998
0,1,0,29,1004
0,1,0,30,997
0,1,0,31,1001
0,1,0,32,986
0,1,0,33,1001
0,1,0,34,982
0,1,0,35,972
0,1,0,36,968
0,1,0,37,980
0,1,0,38,978
0,1,0,39,980
0,1,0,40,984
0,1,0,41,1004
0,1,0,42,973
0,1,0,43,995
0,1,0,44,987
0,1,0,45,982
0,1,0,46,999
0,1,0,47,999
0,1,0,48,979
0,1,0,49,983
0,1,0,50,979
0,1,0,51,1007
0,1,0,52,985
0,1,0,53,967
0,1,0,54,975
0,1,0,55,979
0,1,0,56,980
0,1,0,57,980
0,1,0,58,972
0,1,0,59,987
0,1,0,60,994
0,1,0,61,992
0,1,0,62,984
0,1,0,63,993
0,1,1,0,968
0,1,1,1,963
0,1,1,2,1372
0,1,1,3,988
0,1,1,4,963
0,1,1,5,980
0,1,1,6,976
0,1,1,7,996
0,1,1,8,1013
0,1,1,9,1003
0,1,1,10,991
0,1,1,11,985
0,1,1,12,991
0,1,1,13,985
0,1,1,14,1001
0,1,1,15,993
0,1,1,16,986
0,1,1,17,1002
0,1,1,18,972
0,1,1,19,986
0,1,1,20,974
0,1,1,21,1005
0,1,1,22,976
0,1,1,23,993
0,1,1,24,993
0,1,1,25,996
0,1,1,26,1004
0,1,1,27,998
0,1,1,28,989
0,1,1,29,998
0,1,1,30,993
0,1,1,31,994
0,1,1,32,990
0,1,1,33,993
0,1,1,34,1005
0,1,1,35,983
0,1,1,36,998
0,1,1,37,998
0,1,1,38,989
0,1,1,39,987
0,1,1,40,984
0,1,1,41,985
0,1,1,42,987
0,1,1,43,1016
0,1,1,44,983
0,1,1,45,1002
0,1,1,46,959
0,1,1,47,1000
0,1,1,48,988
0,1,1,49,990
0,1,1,50,991
0,1,1,51,991
0,1,1,52,996
0,1,1,53,984
0,1,1,54,1001
0,1,1,55,1001
0,1,1,56,1000
0,1,1,57,997
0,1,1,58,973
0,1,1,59,980
0,1,1,60,987
0,1,1,61,1001
0,1,1,62,989
0,1,1,63,979
0,0,1,0,1032
0,0,1,1,1024
0,0,1,2,1001
0,0,1,3,1010
0,0,1,4,1016
0,0,1,5,997
0,0,1,6,993
0,0,1,7,988
0,0,1,8,995
0,0,1,9,981
0,0,1,10,974
0,0,1,11,1002
0,0,1,12,1004
0,0,1,13,987
0,0,1,14,999
0,0,1,15,1001
0,0,1,16,1004
0,0,1,17,998
0,0,1,18,998
0,0,1,19,1005
0,0,1,20,986
0,0,1,21,1011
0,0,1,22,999
0,0,1,23,981
0,0,1,24,1000
0,0,1,25,1004
0,0,1,26,1001
0,0,1,27,999
0,0,1,28,1000
0,0,1,29,993
0,0,1,30,1007
0,0,1,31,1007
0,0,1,32,1010
0,0,1,33,1009
0,0,1,34,999
0,0,1,35,997
0,0,1,36,1008
0,0,1,37,1405
0,0,1,38,1022
0,0,1,39,1004
0,0,1,40,977
0,0,1,41,966
0,0,1,42,971
0,0,1,43,993
0,0,1,44,992
0,0,1,45,1010
0,0,1,46,997
0,0,1,47,998
0,0,1,48,998
0,0,1,49,1003
0,0,1,50,1008
0,0,1,51,1000
0,0,1,52,999
0,0,1,53,1008
0,0,1,54,1016
0,0,1,55,999
0,0,1,56,997
0,0,1,57,1000
0,0,1,58,995
0,0,1,59,998
0,0,1,60,1002
0,0,1,61,984
0,0,1,62,990
0,0,1,63,1010
0,0,2,0,971
0,0,2,1,997
0,0,2,2,995
0,0,2,3,996
0,0,2,4,1001
0,0,2,5,1015
0,0,2,6,1005
0,0,2,7,1016
0,0,2,8,1001
0,0,2,9,1003
0,0,2,10,1001
0,0,2,11,1006
0,0,2,12,996
0,0,2,13,998
0,0,2,14,1014
0,0,2,15,1013
0,0,2,16,994
0,0,2,17,981
0,0,2,18,1006
0,0,2,19,996
0,0,2,20,993
0,0,2,21,999
0,0,2,22,1006
0,0,2,23,991
0,0,2,24,1009
0,0,2,25,1010
0,0,2,26,995
0,0,2,27,1005
0,0,2,28,996
0,0,2,29,991
0,0,2,30,974
0,0,2,31,1003
0,0,2,32,1005
0,0,2,33,976
0,0,2,34,988
0,0,2,35,997
0,0,2,36,1022
0,0,2,37,975
0,0,2,38,997
0,0,2,39,1013
0,0,2,40,1009
0,0,2,41,983
0,0,2,42,1008
0,0,2,43,999
0,0,2,44,978
0,0,2,45,968
0,0,2,46,994
0,0,2,47,990
0,0,2,48,988
0,0,2,49,980
0,0,2,50,996
0,0,2,51,994
0,0,2,52,987
0,0,2,53,1000
0,0,2,54,974
0,0,2,55,1004
0,0,2,56,967
0,0,2,57,968
0,0,2,58,977
0,0,2,59,983
0,0,2,60,981
0,0,2,61,980
0,0,2,62,970
0,0,2,63,998
0,1,2,0,997
0,1,2,1,1013
0,1,2,2,1007
0,1,2,3,1014
0,1,2,4,999
0,1,2,5,1352
0,1,2,6,992
0,1,2,7,977
0,1,2,8,993
0,1,2,9,987
0,1,2,10,994
0,1,2,11,994
0,1,2,12,976
0,1,2,13,990
0,1,2,14,989
0,1,2,15,984
0,1,2,16,990
0,1,2,17,996
0,1,2,18,986
0,1,2,19,1004
0,1,2,20,1001
0,1,2,21,994
0,1,2,22,981
0,1,2,23,974
0,1,2,24,984
0,1,2,25,986
0,1,2,26,983
0,1,2,27,998
0,1,2,28,987
0,1,2,29,968
0,1,2,30,983
0,1,2,31,993
0,1,2,32,990
0,1,2,33,979
0,1,2,34,985
0,1,2,35,961
0,1,2,36,959
0,1,2,37,968
0,1,2,38,970
0,1,2,39,973
0,1,2,40,981
0,1,2,41,993
0,1,2,42,1001
0,1,2,43,991
0,1,2,44,991
0,1,2,45,975
0,1,2,46,995
0,1,2,47,1003
0,1,2,48,985
0,1,2,49,1002
0,1,2,50,994
0,1,2,51,997
0,1,2,52,975
0,1,2,53,1004
0,1,2,54,976
0,1,2,55,1004
0,1,2,56,1009
0,1,2,57,978
0,1,2,58,976
0,1,2,59,994
0,1,2,60,991
0,1,2,61,983
0,1,2,62,997
0,1,2,63,984
0,1,3,0,943
0,1,3,1,994
0,1,3,2,977
0,1,3,3,980
0,1,3,4,997
0,1,3,5,977
0,1,3,6,994
0,1,3,7,1002
0,1,3,8,993
0,1,3,9,992
0,1,3,10,987
0,1,3,11,997
0,1,3,12,994
0,1,3,13,978
0,1,3,14,979
0,1,3,15,991
0,1,3,16,1000
0,1,3,17,995
0,1,3,18,986
0,1,3,19,980
0,1,3,20,1000
0,1,3,21,978
0,1,3,22,1023
0,1,3,23,973
0,1,3,24,987
0,1,3,25,967
0,1,3,26,976
0,1,3,27,978
0,1,3,28,989
0,1,3,29,1001
0,1,3,30,998
0,1,3,31,983
0,1,3,32,995
0,1,3,33,987
0,1,3,34,1006
0,1,3,35,997
0,1,3,36,986
0,1,3,37,1004
0,1,3,38,972
0,1,3,39,971
0,1,3,40,990
0,1,3,41,980
0,1,3,42,990
0,1,3,43,1377
0,1,3,44,977
0,1,3,45,959
0,1,3,46,974
0,1,3,47,971
0,1,3,48,1003
0,1,3,49,982
0,1,3,50,977
0,1,3,51,988
0,1,3,52,994
0,1,3,53,1007
0,1,3,54,983
0,1,3,55,982
0,1,3,56,995
0,1,3,57,998
0,1,3,58,987
0,1,3,59,974
0,1,3,60,989
0,1,3,61,995
0,1,3,62,999
0,1,3,63,988
0,0,3,0,980
0,0,3,1,1017
0,0,3,2,1036
0,0,3,3,1013
0,0,3,4,1028
0,0,3,5,1014
0,0,3,6,986
0,0,3,7,994
0,0,3,8,1008
0,0,3,9,998
0,0,3,10,1005
0,0,3,11,999
0,0,3,12,977
0,0,3,13,977
0,0,3,14,975
0,0,3,15,984
0,0,3,16,1003
0,0,3,17,988
0,0,3,18,992
0,0,3,19,989
0,0,3,20,990
0,0,3,21,995
0,0,3,22,1000
0,0,3,23,1012
0,0,3,24,998
0,0,3,25,988
0,0,3,26,1005
0,0,3,27,999
0,0,3,28,1000
0,0,3,29,993
0,0,3,30,1010
0,0,3,31,1021
0,0,3,32,982
0,0,3,33,1000
0,0,3,34,996
0,0,3,35,991
0,0,3,36,1000
0,0,3,37,989
0,0,3,38,976
0,0,3,39,996
0,0,3,40,1021
0,0,3,41,995
0,0,3,42,1026
0,0,3,43,1000
0,0,3,44,991
0,0,3,45,1004
0,0,3,46,968
0,0,3,47,1008
0,0,3,48,990
0,0,3,49,989
0,0,3,50,987
0,0,3,51,971
0,0,3,52,992
0,0,3,53,986
0,0,3,54,1014
0,0,3,55,1010
0,0,3,56,999
0,0,3,57,991
0,0,3,58,981
0,0,3,59,977
0,0,3,60,988
0,0,3,61,1011
0,0,3,62,983
0,0,3,63,981
0,0,4,0,974
0,0,4,1,1015
0,0,4,2,1008
0,0,4,3,1002
0,0,4,4,1021
0,0,4,5,986
0,0,4,6,986
0,0,4,7,1013
0,0,4,8,998
0,0,4,9,989
0,0,4,10,989
0,0,4,11,1013
0,0,4,12,1019
0,0,4,13,1016
0,0,4,14,1019
0,0,4,15,1041
0,0,4,16,1021
0,0,4,17,974
0,0,4,18,965
0,0,4,19,993
0,0,4,20,975
0,0,4,21,983
0,0,4,22,980
0,0,4,23,1001
0,0,4,24,1000
0,0,4,25,986
0,0,4,26,1002
0,0,4,27,981
0,0,4,28,1013
0,0,4,29,992
0,0,4,30,972
0,0,4,31,975
0,0,4,32,1007
0,0,4,33,1004
0,0,4,34,983
0,0,4,35,1008
0,0,4,36,992
0,0,4,37,1017
0,0,4,38,1003
0,0,4,39,989
0,0,4,40,1001
0,0,4,41,989
0,0,4,42,995
0,0,4,43,976
0,0,4,44,993
0,0,4,45,999
0,0,4,46,1020
0,0,4,47,1021
0,0,4,48,1002
0,0,4,49,990
0,0,4,50,1009
0,0,4,51,995
0,0,4,52,985
0,0,4,53,1007
0,0,4,54,1028
0,0,4,55,988
0,0,4,56,988
0,0,4,57,991
0,0,4,58,1006
0,0,4,59,988
0,0,4,60,1012
0,0,4,61,997
0,0,4,62,979
0,0,4,63,1003
0,1,4,0,974
0,1,4,1,1011
0,1,4,2,1005
0,1,4,3,1017
0,1,4,4,1012
0,1,4,5,984
0,1,4,6,1005
0,1,4,7,993
0,1,4,8,989
0,1,4,9,998
0,1,4,10,976
0,1,4,11,992
0,1,4,12,996
0,1,4,13,1010
0,1,4,14,979
0,1,4,15,999
0,1,4,16,989
0,1,4,17,983
0,1,4,18,1002
0,1,4,19,998
0,1,4,20,970
0,1,4,21,974
0,1,4,22,981
0,1,4,23,992
0,1,4,24,980
0,1,4,25,1005
0,1,4,26,992
0,1,4,27,993
0,1,4,28,998
0,1,4,29,1004
0,1,4,30,995
0,1,4,31,991
0,1,4,32,984
0,1,4,33,999
0,1,4,34,1011
0,1,4,35,968
0,1,4,36,981
0,1,4,37,990
0,1,4,38,998
0,1,4,39,999
0,1,4,40,995
0,1,4,41,984
0,1,4,42,983
0,1,4,43,981
0,1,4,44,1006
0,1,4,45,985
0,1,4,46,1002
0,1,4,47,973
0,1,4,48,988
0,1,4,49,986
0,1,4,50,988
0,1,4,51,984
0,1,4,52,978
0,1,4,53,986
0,1,4,54,992
0,1,4,55,1386
0,1,4,56,989
0,1,4,57,1001
0,1,4,58,982
0,1,4,59,995
0,1,4,60,992
0,1,4,61,977
0,1,4,62,985
0,1,4,63,970
0,1,5,0,956
0,1,5,1,995
0,1,5,2,980
0,1,5,3,979
0,1,5,4,984
0,1,5,5,992
0,1,5,6,992
0,1,5,7,999
0,1,5,8,986
0,1,5,9,1007
0,1,5,10,993
0,1,5,11,981
0,1,5,12,1019
0,1,5,13,974
0,1,5,14,971
0,1,5,15,985
0,1,5,16,969
0,1,5,17,981
0,1,5,18,975
0,1,5,19,988
0,1,5,20,985
0,1,5,21,999
0,1,5,22,1000
0,1,5,23,992
0,1,5,24,996
0,1,5,25,1007
0,1,5,26,998
0,1,5,27,987
0,1,5,28,987
0,1,5,29,996
0,1,5,30,1002
0,1,5,31,992
0,1,5,32,999
0,1,5,33,985
0,1,5,34,987
0,1,5,35,985
0,1,5,36,976
0,1,5,37,999
0,1,5,38,991
0,1,5,39,996
0,1,5,40,985
0,1,5,41,978
0,1,5,42,993
0,1,5,43,995
0,1,5,44,974
0,1,5,45,981
0,1,5,46,990
0,1,5,47,997
0,1,5,48,976
0,1,5,49,975
0,1,5,50,992
0,1,5,51,974
0,1,5,52,997
0,1,5,53,984
0,1,5,54,992
0,1,5,55,1006
0,1,5,56,996
0,1,5,57,993
0,1,5,58,985
0,1,5,59,987
0,1,5,60,995
0,1,5,61,991
0,1,5,62,971
0,1,5,63,987
0,0,5,0,959
0,0,5,1,1026
0,0,5,2,1017
0,0,5,3,1040
0,0,5,4,1024
0,0,5,5,1022
0,0,5,6,973
0,0,5,7,1008
0,0,5,8,1004
0,0,5,9,995
0,0,5,10,1008
0,0,5,11,1005
0,0,5,12,1010
0,0,5,13,983
0,0,5,14,1000
0,0,5,15,994
0,0,5,16,988
0,0,5,17,1020
0,0,5,18,1005
0,0,5,19,1008
0,0,5,20,983
0,0,5,21,996
0,0,5,22,1003
0,0,5,23,986
0,0,5,24,1016
0,0,5,25,999
0,0,5,26,997
0,0,5,27,992
0,0,5,28,999
0,0,5,29,1012
0,0,5,30,992
0,0,5,31,981
0,0,5,32,993
0,0,5,33,1017
0,0,5,34,1004
0,0,5,35,1023
0,0,5,36,995
0,0,5,37,1003
0,0,5,38,1004
0,0,5,39,1001
0,0,5,40,996
0,0,5,41,960
0,0,5,42,994
0,0,5,43,982
0,0,5,44,993
0,0,5,45,1000
0,0,5,46,989
0,0,5,47,1006
0,0,5,48,1007
0,0,5,49,1013
0,0,5,50,996
0,0,5,51,998
0,0,5,52,1002
0,0,5,53,1000
0,0,5,54,1004
0,0,5,55,1005
0,0,5,56,1009
0,0,5,57,1007
0,0,5,58,1003
0,0,5,59,1002
0,0,5,60,988
0,0,5,61,985
0,0,5,62,1011
0,0,5,63,1000
0,0,6,0,972
0,0,6,1,1011
0,0,6,2,1010
0,0,6,3,976
0,0,6,4,984
0,0,6,5,1000
0,0,6,6,996
0,0,6,7,1002
0,0,6,8,1004
0,0,6,9,1019
0,0,6,10,1034
0,0,6,11,996
0,0,6,12,993
0,0,6,13,1005
0,0,6,14,1004
0,0,6,15,992
0,0,6,16,978
0,0,6,17,990
0,0,6,18,1011
0,0,6,19,985
0,0,6,20,988
0,0,6,21,991
0,0,6,22,998
0,0,6,23,1007
0,0,6,24,993
0,0,6,25,1000
0,0,6,26,997
0,0,6,27,1008
0,0,6,28,1021
0,0,6,29,977
0,0,6,30,990
0,0,6,31,992
0,0,6,32,998
0,0,6,33,1004
0,0,6,34,1011
0,0,6,35,999
0,0,6,36,972
0,0,6,37,1002
0,0,6,38,993
0,0,6,39,991
0,0,6,40,1017
0,0,6,41,981
0,0,6,42,1006
0,0,6,43,994
0,0,6,44,1004
0,0,6,45,996
0,0,6,46,992
0,0,6,47,980
0,0,6,48,1005
0,0,6,49,978
0,0,6,50,1005
0,0,6,51,999
0,0,6,52,1001
0,0,6,53,1007
0,0,6,54,1014
0,0,6,55,973
0,0,6,56,1000
0,0,6,57,1002
0,0,6,58,999
0,0,6,59,1007
0,0,6,60,996
0,0,6,61,979
0,0,6,62,1004
0,0,6,63,995
0,1,6,0,979
0,1,6,1,1004
0,1,6,2,1015
0,1,6,3,1003
0,1,6,4,999
0,1,6,5,982
0,1,6,6,1027
0,1,6,7,994
0,1,6,8,970
0,1,6,9,982
0,1,6,10,970
0,1,6,11,972
0,1,6,12,981
0,1,6,13,1001
0,1,6,14,975
0,1,6,15,986
0,1,6,16,996
0,1,6,17,983
0,1,6,18,997
0,1,6,19,976
0,1,6,20,960
0,1,6,21,992
0,1,6,22,980
0,1,6,23,977
0,1,6,24,982
0,1,6,25,1003
0,1,6,26,990
0,1,6,27,1001
0,1,6,28,977
0,1,6,29,993
0,1,6,30,967
0,1,6,31,980
0,1,6,32,982
0,1,6,33,968
0,1,6,34,990
0,1,6,35,993
0,1,6,36,1000
0,1,6,37,986
0,1,6,38,974
0,1,6,39,976
0,1,6,40,997
0,1,6,41,1012
0,1,6,42,1002
0,1,6,43,995
0,1,6,44,980
0,1,6,45,995
0,1,6,46,995
0,1,6,47,996
0,1,6,48,1005
0,1,6,49,975
0,1,6,50,1001
0,1,6,51,991
0,1,6,52,989
0,1,6,53,996
0,1,6,54,1016
0,1,6,55,994
0,1,6,56,981
0,1,6,57,1015
0,1,6,58,985
0,1,6,59,990
0,1,6,60,1003
0,1,6,61,985
0,1,6,62,994
0,1,6,63,986
0,1,7,0,964
0,1,7,1,992
0,1,7,2,992
0,1,7,3,1005
0,1,7,4,1012
0,1,7,5,998
0,1,7,6,978
0,1,7,7,1002
0,1,7,8,985
0,1,7,9,986
0,1,7,10,986
0,1,7,11,995
0,1,7,12,1006
0,1,7,13,1010
0,1,7,14,999
0,1,7,15,976
0,1,7,16,987
0,1,7,17,975
0,1,7,18,972
0,1,7,19,1001
0,1,7,20,996
0,1,7,21,1013
0,1,7,22,992
0,1,7,23,998
0,1,7,24,980
0,1,7,25,998
0,1,7,26,976
0,1,7,27,986
0,1,7,28,996
0,1,7,29,994
0,1,7,30,986
0,1,7,31,990
0,1,7,32,993
0,1,7,33,983
0,1,7,34,976
0,1,7,35,987
0,1,7,36,1007
0,1,7,37,1000
0,1,7,38,990
0,1,7,39,993
0,1,7,40,986
0,1,7,41,996
0,1,7,42,970
0,1,7,43,998
0,1,7,44,985
0,1,7,45,959
0,1,7,46,981
0,1,7,47,986
0,1,7,48,987
0,1,7,49,988
0,1,7,50,979
0,1,7,51,986
0,1,7,52,1000
0,1,7,53,981
0,1,7,54,999
0,1,7,55,987
0,1,7,56,987
0,1,7,57,997
0,1,7,58,995
0,1,7,59,977
0,1,7,60,977
0,1,7,61,987
0,1,7,62,990
0,1,7,63,977
0,0,7,0,966
0,0,7,1,986
0,0,7,2,1011
0,0,7,3,1000
0,0,7,4,1009
0,0,7,5,1011
0,0,7,6,1021
0,0,7,7,995
0,0,7,8,1005
0,0,7,9,1002
0,0,7,10,993
0,0,7,11,1005
0,0,7,12,1019
0,0,7,13,998
0,0,7,14,1013
0,0,7,15,1020
0,0,7,16,995
0,0,7,17,994
0,0,7,18,989
0,0,7,19,993
0,0,7,20,977
0,0,7,21,996
0,0,7,22,1002
0,0,7,23,992
0,0,7,24,1000
0,0,7,25,995
0,0,7,26,1003
0,0,7,27,993
0,0,7,28,1002
0,0,7,29,1003
0,0,7,30,1000
0,0,7,31,1004
0,0,7,32,1001
0,0,7,33,1012
0,0,7,34,997
0,0,7,35,1021
0,0,7,36,982
0,0,7,37,997
0,0,7,38,1013
0,0,7,39,1008
0,0,7,40,992
0,0,7,41,1027
0,0,7,42,993
0,0,7,43,984
0,0,7,44,991
0,0,7,45,1007
0,0,7,46,989
0,0,7,47,980
0,0,7,48,989
0,0,7,49,1020
0,0,7,50,988
0,0,7,51,1010
0,0,7,52,1016
0,0,7,53,1002
0,0,7,54,1003
0,0,7,55,1006
0,0,7,56,997
0,0,7,57,1003
0,0,7,58,999
0,0,7,59,997
0,0,7,60,1018
0,0,7,61,1014
0,0,7,62,996
0,0,7,63,1002
1,0,0,0,1182
1,0,0,1,1202
1,0,0,2,1218
1,0,0,3,1211
1,0,0,4,1193
1,0,0,5,1212
1,0,0,6,1186
1,0,0,7,1214
1,0,0,8,1185
1,0,0,9,1202
1,0,0,10,1186
1,0,0,11,1172
1,0,0,12,1195
1,0,0,13,1185
1,0,0,14,1198
1,0,0,15,1190
1,0,0,16,1181
1,0,0,17,1154
1,0,0,18,1162
1,0,0,19,1172
1,0,0,20,1185
1,0,0,21,1174
1,0,0,22,1201
1,0,0,23,1192
1,0,0,24,1183
1,0,0,25,1208
1,0,0,26,1202
1,0,0,27,1181
1,0,0,28,1195
1,0,0,29,1174
1,0,0,30,1198
1,0,0,31,1189
1,0,0,32,1196
1,0,0,33,1188
1,0,0,34,1188
1,0,0,35,1182
1,0,0,36,1213
1,0,0,37,1182
1,0,0,38,1196
1,0,0,39,1194
1,0,0,40,1205
1,0,0,41,1164
1,0,0,42,1197
1,0,0,43,1198
1,0,0,44,1202
1,0,0,45,1188
1,0,0,46,1191
1,0,0,47,1188
1,0,0,48,1197
1,0,0,49,1177
1,0,0,50,1203
1,0,0,51,1172
1,0,0,52,1192
1,0,0,53,1204
1,0,0,54,1199
1,0,0,55,1194
1,0,0,56,1200
1,0,0,57,1172
1,0,0,58,1187
1,0,0,59,1185
1,0,0,60,1181
1,0,0,61,1199
1,0,0,62,1192
1,0,0,63,1217
1,1,0,0,1184
1,1,0,1,1192
1,1,0,2,1185
1,1,0,3,1206
1,1,0,4,1190
1,1,0,5,1172
1,1,0,6,1190
1,1,0,7,1178
1,1,0,8,1180
1,1,0,9,1200
1,1,0,10,1193
1,1,0,11,1185
1,1,0,12,1191
1,1,0,13,1183
1,1,0,14,1175
1,1,0,15,1177
1,1,0,16,1172
1,1,0,17,1195
1,1,0,18,1173
1,1,0,19,1175
1,1,0,20,1189
1,1,0,21,1181
1,1,0,22,1183
1,1,0,23,1190
1,1,0,24,1179
1,1,0,25,1187
1,1,0,26,1171
1,1,0,27,1178
1,1,0,28,1174
1,1,0,29,1175
1,1,0,30,1174
1,1,0,31,1177
1,1,0,32,1155
1,1,0,33,1188
1,1,0,34,1167
1,1,0,35,1167
1,1,0,36,1179
1,1,0,37,1178
1,1,0,38,1163
1,1,0,39,1182
1,1,0,40,1186
1,1,0,41,1179
1,1,0,42,1183
1,1,0,43,1189
1,1,0,44,1197
1,1,0,45,1187
1,1,0,46,1179
1,1,0,47,1197
1,1,0,48,1192
1,1,0,49,1188
1,1,0,50,1201
1,1,0,51,1188
1,1,0,52,1184
1,1,0,53,1172
1,1,0,54,1182
1,1,0,55,1192
1,1,0,56,1186
1,1,0,57,1188
1,1,0,58,1171
1,1,0,59,1172
1,1,0,60,1179
1,1,0,61,1166
1,1,0,62,1185
1,1,0,63,1160
1,1,1,0,1151
1,1,1,1,1148
1,1,1,2,1180
1,1,1,3,1203
1,1,1,4,1194
1,1,1,5,1184
1,1,1,6,1189
1,1,1,7,1199
1,1,1,8,1183
1,1,1,9,1205
1,1,1,10,1178
1,1,1,11,1182
1,1,1,12,1178
1,1,1,13,1167
1,1,1,14,1179
1,1,1,15,1190
1,1,1,16,1192
1,1,1,17,1169
1,1,1,18,1192
1,1,1,19,1183
1,1,1,20,1183
1,1,1,21,1180
1,1,1,22,1194
1,1,1,23,1168
1,1,1,24,1179
1,1,1,25,1195
1,1,1,26,1185
1,1,1,27,1156
1,1,1,28,1189
1,1,1,29,1187
1,1,1,30,1187
1,1,1,31,1176
1,1,1,32,1184
1,1,1,33,1180
1,1,1,34,1178
1,1,1,35,1185
1,1,1,36,1184
1,1,1,37,1211
1,1,1,38,1199
1,1,1,39,1182
1,1,1,40,1168
1,1,1,41,1178
1,1,1,42,1170
1,1,1,43,1152
1,1,1,44,1166
1,1,1,45,1185
1,1,1,46,1157
1,1,1,47,1181
1,1,1,48,1196
1,1,1,49,1168
1,1,1,50,1172
1,1,1,51,1190
1,1,1,52,1195
1,1,1,53,1181
1,1,1,54,1204
1,1,1,55,1181
1,1,1,56,1180
1,1,1,57,1186
1,1,1,58,1180
1,1,1,59,1190
1,1,1,60,1182
1,1,1,61,1182
1,1,1,62,1168
1,1,1,63,1169
1,0,1,0,1187
1,0,1,1,1213
1,0,1,2,1206
1,0,1,3,1219
1,0,1,4,1216
1,0,1,5,1172
1,0,1,6,1180
1,0,1,7,1193
1,0,1,8,1168
1,0,1,9,1198
1,0,1,10,1201
1,0,1,11,1177
1,0,1,12,1208
1,0,1,13,1210
1,0,1,14,1199
1,0,1,15,1192
1,0,1,16,1173
1,0,1,17,1199
1,0,1,18,1208
1,0,1,19,1185
1,0,1,20,1183
1,0,1,21,1191
1,0,1,22,1189
1,0,1,23,1205
1,0,1,24,1186
1,0,1,25,1195
1,0,1,26,1186
1,0,1,27,1165
1,0,1,28,1187
1,0,1,29,1181
1,0,1,30,1188
1,0,1,31,1212
1,0,1,32,1182
1,0,1,33,1186
1,0,1,34,1200
1,0,1,35,1195
1,0,1,36,1188
1,0,1,37,1182
1,0,1,38,1194
1,0,1,39,1205
1,0,1,40,1189
1,0,1,41,1186
1,0,1,42,1198
1,0,1,43,1204
1,0,1,44,1214
1,0,1,45,1188
1,0,1,46,1183
1,0,1,47,1166
1,0,1,48,1188
1,0,1,49,1166
1,0,1,50,1180
1,0,1,51,1194
1,0,1,52,1197
1,0,1,53,1200
1,0,1,54,1197
1,0,1,55,1208
1,0,1,56,1191
1,0,1,57,1176
1,0,1,58,1186
1,0,1,59,1192
1,0,1,60,1172
1,0,1,61,1191
1,0,1,62,1190
1,0,1,63,1199
1,0,2,0,1183
1,0,2,1,1170
1,0,2,2,1186
1,0,2,3,1187
1,0,2,4,1197
1,0,2,5,1176
1,0,2,6,1190
1,0,2,7,1182
1,0,2,8,1195
1,0,2,9,1188
1,0,2,10,1172
1,0,2,11,1158
1,0,2,12,1199
1,0,2,13,1184
1,0,2,14,1177
1,0,2,15,1176
1,0,2,16,1187
1,0,2,17,1191
1,0,2,18,1186
1,0,2,19,1181
1,0,2,20,1205
1,0,2,21,1192
1,0,2,22,1198
1,0,2,23,1194
1,0,2,24,1177
1,0,2,25,1191
1,0,2,26,1171
1,0,2,27,1193
1,0,2,28,1186
1,0,2,29,1212
1,0,2,30,1179
1,0,2,31,1195
1,0,2,32,1189
1,0,2,33,1184
1,0,2,34,1190
1,0,2,35,1185
1,0,2,36,1198
1,0,2,37,1198
1,0,2,38,1210
1,0,2,39,1184
1,0,2,40,1157
1,0,2,41,1193
1,0,2,42,1202
1,0,2,43,1191
1,0,2,44,1194
1,0,2,45,1196
1,0,2,46,1172
1,0,2,47,1203
1,0,2,48,1186
1,0,2,49,1200
1,0,2,50,1232
1,0,2,51,1197
1,0,2,52,1195
1,0,2,53,1184
1,0,2,54,1182
1,0,2,55,1192
1,0,2,56,1191
1,0,2,57,1206
1,0,2,58,1192
1,0,2,59,1180
1,0,2,60,1202
1,0,2,61,1189
1,0,2,62,1194
1,0,2,63,1220
1,1,2,0,1177
1,1,2,1,1207
1,1,2,2,1224
1,1,2,3,1197
1,1,2,4,1196
1,1,2,5,1167
1,1,2,6,1176
1,1,2,7,1174
1,1,2,8,1172
1,1,2,9,1189
1,1,2,10,1170
1,1,2,11,1162
1,1,2,12,1171
1,1,2,13,1196
1,1,2,14,1196
1,1,2,15,1208
1,1,2,16,1156
1,1,2,17,1164
1,1,2,18,1179
1,1,2,19,1182
1,1,2,20,1190
1,1,2,21,1197
1,1,2,22,1186
1,1,2,23,1198
1,1,2,24,1188
1,1,2,25,1183
1,1,2,26,1188
1,1,2,27,1173
1,1,2,28,1188
1,1,2,29,1170
1,1,2,30,1168
1,1,2,31,1199
1,1,2,32,1172
1,1,2,33,1184
1,1,2,34,1183
1,1,2,35,1169
1,1,2,36,1168
1,1,2,37,1159
1,1,2,38,1166
1,1,2,39,1179
1,1,2,40,1180
1,1,2,41,1172
1,1,2,42,1174
1,1,2,43,1175
1,1,2,44,1159
1,1,2,45,1181
1,1,2,46,1185
1,1,2,47,1200
1,1,2,48,1179
1,1,2,49,1194
1,1,2,50,1204
1,1,2,51,1197
1,1,2,52,1195
1,1,2,53,1177
1,1,2,54,1178
1,1,2,55,1194
1,1,2,56,1174
1,1,2,57,1171
1,1,2,58,1186
1,1,2,59,1189
1,1,2,60,1200
1,1,2,61,1192
1,1,2,62,1177
1,1,2,63,1184
1,1,3,0,1165
1,1,3,1,1182
1,1,3,2,1186
1,1,3,3,1179
1,1,3,4,1191
1,1,3,5,1206
1,1,3,6,1188
1,1,3,7,1177
1,1,3,8,1171
1,1,3,9,1182
1,1,3,10,1157
1,1,3,11,1172
1,1,3,12,1198
1,1,3,13,1185
1,1,3,14,1184
1,1,3,15,1179
1,1,3,16,1175
1,1,3,17,1197
1,1,3,18,1192
1,1,3,19,1179
1,1,3,20,1181
1,1,3,21,1200
1,1,3,22,1218
1,1,3,23,1171
1,1,3,24,1152
1,1,3,25,1192
1,1,3,26,1192
1,1,3,27,1188
1,1,3,28,1173
1,1,3,29,1185
1,1,3,30,1195
1,1,3,31,1182
1,1,3,32,1169
1,1,3,33,1164
1,1,3,34,1174
1,1,3,35,1171
1,1,3,36,1186
1,1,3,37,1190
1,1,3,38,1154
1,1,3,39,1169
1,1,3,40,1170
1,1,3,41,1164
1,1,3,42,1205
1,1,3,43,1185
1,1,3,44,1181
1,1,3,45,1161
1,1,3,46,1172
1,1,3,47,1187
1,1,3,48,1183
1,1,3,49,1180
1,1,3,50,1176
1,1,3,51,1180
1,1,3,52,1197
1,1,3,53,1181
1,1,3,54,1212
1,1,3,55,1197
1,1,3,56,1185
1,1,3,57,1179
1,1,3,58,1177
1,1,3,59,1173
1,1,3,60,1174
1,1,3,61,1155
1,1,3,62,1203
1,1,3,63,1189
1,0,3,0,1197
1,0,3,1,1194
1,0,3,2,1217
1,0,3,3,1200
1,0,3,4,1219
1,0,3,5,1204
1,0,3,6,1201
1,0,3,7,1198
1,0,3,8,1193
1,0,3,9,1181
1,0,3,10,1178
1,0,3,11,1173
1,0,3,12,1208
1,0,3,13,1194
1,0,3,14,1162
1,0,3,15,1181
1,0,3,16,1168
1,0,3,17,1169
1,0,3,18,1176
1,0,3,19,1192
1,0,3,20,1189
1,0,3,21,1210
1,0,3,22,1213
1,0,3,23,1171
1,0,3,24,1178
1,0,3,25,1169
1,0,3,26,1179
1,0,3,27,1188
1,0,3,28,1195
1,0,3,29,1195
1,0,3,30,1177
1,0,3,31,1192
1,0,3,32,1213
1,0,3,33,1198
1,0,3,34,1210
1,0,3,35,1189
1,0,3,36,1190
1,0,3,37,1173
1,0,3,38,1200
1,0,3,39,1185
1,0,3,40,1187
1,0,3,41,1187
1,0,3,42,1187
1,0,3,43,1183
1,0,3,44,1201
1,0,3,45,1199
1,0,3,46,1185
1,0,3,47,1180
1,0,3,48,1192
1,0,3,49,1179
1,0,3,50,1199
1,0,3,51,1182
1,0,3,52,1170
1,0,3,53,1201
1,0,3,54,1183
1,0,3,55,1201
1,0,3,56,1186
1,0,3,57,1177
1,0,3,58,1185
1,0,3,59,1179
1,0,3,60,1181
1,0,3,61,1206
1,0,3,62,1210
1,0,3,63,1189
1,0,4,0,1209
1,0,4,1,1188
1,0,4,2,1174
1,0,4,3,1175
1,0,4,4,1180
1,0,4,5,1177
1,0,4,6,1194
1,0,4,7,1203
1,0,4,8,1184
1,0,4,9,1180
1,0,4,10,1187
1,0,4,11,1187
1,0,4,12,1196
1,0,4,13,1184
1,0,4,14,1191
1,0,4,15,1189
1,0,4,16,1184
1,0,4,17,1197
1,0,4,18,1173
1,0,4,19,1178
1,0,4,20,1183
1,0,4,21,1181
1,0,4,22,1212
1,0,4,23,1216
1,0,4,24,1171
1,0,4,25,1160
1,0,4,26,1175
1,0,4,27,1178
1,0,4,28,1181
1,0,4,29,1191
1,0,4,30,1179
1,0,4,31,1201
1,0,4,32,1195
1,0,4,33,1175
1,0,4,34,1168
1,0,4,35,1183
1,0,4,36,1183
1,0,4,37,1180
1,0,4,38,1196
1,0,4,39,1200
1,0,4,40,1186
1,0,4,41,1194
1,0,4,42,1194
1,0,4,43,1187
1,0,4,44,1192
1,0,4,45,1172
1,0,4,46,1179
1,0,4,47,1160
1,0,4,48,1183
1,0,4,49,1213
1,0,4,50,1199
1,0,4,51,1191
1,0,4,52,1179
1,0,4,53,1170
1,0,4,54,1147
1,0,4,55,1219
1,0,4,56,1173
1,0,4,57,1193
1,0,4,58,1172
1,0,4,59,1176
1,0,4,60,1188
1,0,4,61,1209
1,0,4,62,1218
1,0,4,63,1197
1,1,4,0,1187
1,1,4,1,1205
1,1,4,2,1196
1,1,4,3,1198
1,1,4,4,1210
1,1,4,5,1182
1,1,4,6,1188
1,1,4,7,1194
1,1,4,8,1184
1,1,4,9,1187
1,1,4,10,1177
1,1,4,11,1185
1,1,4,12,1165
1,1,4,13,1178
1,1,4,14,1184
1,1,4,15,1172
1,1,4,16,1183
1,1,4,17,1184
1,1,4,18,1196
1,1,4,19,1190
1,1,4,20,1197
1,1,4,21,1196
1,1,4,22,1185
1,1,4,23,1188
1,1,4,24,1184
1,1,4,25,1189
1,1,4,26,1197
1,1,4,27,1187
1,1,4,28,1180
1,1,4,29,1181
1,1,4,30,1171
1,1,4,31,1172
1,1,4,32,1168
1,1,4,33,1202
1,1,4,34,1184
1,1,4,35,1175
1,1,4,36,1190
1,1,4,37,1180
1,1,4,38,1169
1,1,4,39,1175
1,1,4,40,1189
1,1,4,41,1172
1,1,4,42,1178
1,1,4,43,1176
1,1,4,44,1175
1,1,4,45,1188
1,1,4,46,1191
1,1,4,47,1200
1,1,4,48,1192
1,1,4,49,1184
1,1,4,50,1204
1,1,4,51,1198
1,1,4,52,1176
1,1,4,53,1186
1,1,4,54,1191
1,1,4,55,1189
1,1,4,56,1163
1,1,4,57,1190
1,1,4,58,1216
1,1,4,59,1177
1,1,4,60,1197
1,1,4,61,1188
1,1,4,62,1174
1,1,4,63,1166
1,1,5,0,1180
1,1,5,1,1168
1,1,5,2,1177
1,1,5,3,1162
1,1,5,4,1181
1,1,5,5,1166
1,1,5,6,1141
1,1,5,7,1171
1,1,5,8,1168
1,1,5,9,1180
1,1,5,10,1162
1,1,5,11,1200
1,1,5,12,1174
1,1,5,13,1171
1,1,5,14,1180
1,1,5,15,1189
1,1,5,16,1169
1,1,5,17,1184
1,1,5,18,1190
1,1,5,19,1192
1,1,5,20,1175
1,1,5,21,1176
1,1,5,22,1173
1,1,5,23,1160
1,1,5,24,1165
1,1,5,25,1172
1,1,5,26,1184
1,1,5,27,1194
1,1,5,28,1191
1,1,5,29,1185
1,1,5,30,1178
1,1,5,31,1210
1,1,5,32,1177
1,1,5,33,1188
1,1,5,34,1175
1,1,5,35,1188
1,1,5,36,1175
1,1,5,37,1200
1,1,5,38,1189
1,1,5,39,1162
1,1,5,40,1194
1,1,5,41,1168
1,1,5,42,1170
1,1,5,43,1183
1,1,5,44,1166
1,1,5,45,1179
1,1,5,46,1186
1,1,5,47,1178
1,1,5,48,1175
1,1,5,49,1174
1,1,5,50,1194
1,1,5,51,1163
1,1,5,52,1176
1,1,5,53,1190
1,1,5,54,1191
1,1,5,55,1195
1,1,5,56,1183
1,1,5,57,1181
1,1,5,58,1185
1,1,5,59,1172
1,1,5,60,1170
1,1,5,61,1184
1,1,5,62,1201
1,1,5,63,1162
1,0,5,0,1194
1,0,5,1,1208
1,0,5,2,1227
1,0,5,3,1212
1,0,5,4,1197
1,0,5,5,1202
1,0,5,6,1197
1,0,5,7,1187
1,0,5,8,1202
1,0,5,9,1179
1,0,5,10,1200
1,0,5,11,1205
1,0,5,12,1206
1,0,5,13,1196
1,0,5,14,1170
1,0,5,15,1194
1,0,5,16,1190
1,0,5,17,1199
1,0,5,18,1190
1,0,5,19,1191
1,0,5,20,1188
1,0,5,21,1183
1,0,5,22,1202
1,0,5,23,1191
1,0,5,24,1189
1,0,5,25,1177
1,0,5,26,1204
1,0,5,27,1202
1,0,5,28,1201
1,0,5,29,1189
1,0,5,30,1180
1,0,5,31,1185
1,0,5,32,1187
1,0,5,33,1185
1,0,5,34,1207
1,0,5,35,1187
1,0,5,36,1197
1,0,5,37,1195
1,0,5,38,1203
1,0,5,39,1236
1,0,5,40,1201
1,0,5,41,1201
1,0,5,42,1197
1,0,5,43,1191
1,0,5,44,1208
1,0,5,45,1220
1,0,5,46,1210
1,0,5,47,1207
1,0,5,48,1201
1,0,5,49,1214
1,0,5,50,1178
1,0,5,51,1169
1,0,5,52,1186
1,0,5,53,1205
1,0,5,54,1190
1,0,5,55,1190
1,0,5,56,1174
1,0,5,57,1184
1,0,5,58,1212
1,0,5,59,1185
1,0,5,60,1189
1,0,5,61,1173
1,0,5,62,1165
1,0,5,63,1191
1,0,6,0,1167
1,0,6,1,1184
1,0,6,2,1165
1,0,6,3,1177
1,0,6,4,1192
1,0,6,5,1191
1,0,6,6,1210
1,0,6,7,1187
1,0,6,8,1197
1,0,6,9,1208
1,0,6,10,1182
1,0,6,11,1196
1,0,6,12,1195
1,0,6,13,1191
1,0,6,14,1198
1,0,6,15,1175
1,0,6,16,1182
1,0,6,17,1190
1,0,6,18,1204
1,0,6,19,1196
1,0,6,20,1207
1,0,6,21,1197
1,0,6,22,1192
1,0,6,23,1193
1,0,6,24,1188
1,0,6,25,1189
1,0,6,26,1192
1,0,6,27,1198
1,0,6,28,1196
1,0,6,29,1207
1,0,6,30,1190
1,0,6,31,1179
1,0,6,32,1185
1,0,6,33,1177
1,0,6,34,1586
1,0,6,35,1216
1,0,6,36,1163
1,0,6,37,1183
1,0,6,38,1193
1,0,6,39,1184
1,0,6,40,1185
1,0,6,41,1190
1,0,6,42,1168
1,0,6,43,1188
1,0,6,44,1186
1,0,6,45,1207
1,0,6,46,1193
1,0,6,47,1186
1,0,6,48,1179
1,0,6,49,1204
1,0,6,50,1207
1,0,6,51,1190
1,0,6,52,1156
1,0,6,53,1209
1,0,6,54,1190
1,0,6,55,1192
1,0,6,56,1186
1,0,6,57,1185
1,0,6,58,1203
1,0,6,59,1186
1,0,6,60,1180
1,0,6,61,1167
1,0,6,62,1175
1,0,6,63,1203
1,1,6,0,1177
1,1,6,1,1207
1,1,6,2,1186
1,1,6,3,1227
1,1,6,4,1214
1,1,6,5,1168
1,1,6,6,1182
1,1,6,7,1185
1,1,6,8,1188
1,1,6,9,1174
1,1,6,10,1152
1,1,6,11,1169
1,1,6,12,1163
1,1,6,13,1185
1,1,6,14,1182
1,1,6,15,1169
1,1,6,16,1176
1,1,6,17,1165
1,1,6,18,1213
1,1,6,19,1161
1,1,6,20,1167
1,1,6,21,1195
1,1,6,22,1160
1,1,6,23,1163
1,1,6,24,1172
1,1,6,25,1173
1,1,6,26,1173
1,1,6,27,1180
1,1,6,28,1199
1,1,6,29,1193
1,1,6,30,1178
1,1,6,31,1208
1,1,6,32,1202
1,1,6,33,1195
1,1,6,34,1203
1,1,6,35,1192
1,1,6,36,1165
1,1,6,37,1177
1,1,6,38,1195
1,1,6,39,1203
1,1,6,40,1162
1,1,6,41,1201
1,1,6,42,1186
1,1,6,43,1184
1,1,6,44,1180
1,1,6,45,1203
1,1,6,46,1172
1,1,6,47,1182
1,1,6,48,1216
1,1,6,49,1166
1,1,6,50,1182
1,1,6,51,1163
1,1,6,52,1198
1,1,6,53,1169
1,1,6,54,1190
1,1,6,55,1182
1,1,6,56,1208
1,1,6,57,1173
1,1,6,58,1158
1,1,6,59,1178
1,1,6,60,1194
1,1,6,61,1175
1,1,6,62,1177
1,1,6,63,1196
1,1,7,0,1157
1,1,7,1,1215
1,1,7,2,1192
1,1,7,3,1183
1,1,7,4,1155
1,1,7,5,1174
1,1,7,6,1187
1,1,7,7,1203
1,1,7,8,1183
1,1,7,9,1165
1,1,7,10,1164
1,1,7,11,1175
1,1,7,12,1189
1,1,7,13,1173
1,1,7,14,1181
1,1,7,15,1196
1,1,7,16,1191
1,1,7,17,1186
1,1,7,18,1162
1,1,7,19,1179
1,1,7,20,1174
1,1,7,21,1181
1,1,7,22,1192
1,1,7,23,1194
1,1,7,24,1178
1,1,7,25,1165
1,1,7,26,1179
1,1,7,27,1182
1,1,7,28,1177
1,1,7,29,1162
1,1,7,30,1207
1,1,7,31,1181
1,1,7,32,1201
1,1,7,33,1182
1,1,7,34,1163
1,1,7,35,1190
1,1,7,36,1178
1,1,7,37,1186
1,1,7,38,1179
1,1,7,39,1147
1,1,7,40,1174
1,1,7,41,1182
1,1,7,42,1195
1,1,7,43,1189
1,1,7,44,1194
1,1,7,45,1189
1,1,7,46,1180
1,1,7,47,1174
1,1,7,48,1184
1,1,7,49,1190
1,1,7,50,1157
1,1,7,51,1188
1,1,7,52,1192
1,1,7,53,1198
1,1,7,54,1182
1,1,7,55,1186
1,1,7,56,1175
1,1,7,57,1187
1,1,7,58,1171
1,1,7,59,1182
1,1,7,60,1163
1,1,7,61,1181
1,1,7,62,1170
1,1,7,63,1183
1,0,7,0,1196
1,0,7,1,1211
1,0,7,2,1209
1,0,7,3,1223
1,0,7,4,1211
1,0,7,5,1196
1,0,7,6,1192
1,0,7,7,1215
1,0,7,8,1205
1,0,7,9,1206
1,0,7,10,1215
1,0,7,11,1216
1,0,7,12,1212
1,0,7,13,1169
1,0,7,14,1185
1,0,7,15,1191
1,0,7,16,1199
1,0,7,17,1184
1,0,7,18,1193
1,0,7,19,1191
1,0,7,20,1196
1,0,7,21,1188
1,0,7,22,1210
1,0,7,23,1190
1,0,7,24,1186
1,0,7,25,1197
1,0,7,26,1183
1,0,7,27,1179
1,0,7,28,1177
1,0,7,29,1187
1,0,7,30,1182
1,0,7,31,1180
1,0,7,32,1519
1,0,7,33,1228
1,0,7,34,1190
1,0,7,35,1209
1,0,7,36,1184
1,0,7,37,1180
1,0,7,38,1189
1,0,7,39,1207
1,0,7,40,1195
1,0,7,41,1181
1,0,7,42,1188
1,0,7,43,1179
1,0,7,44,1187
1,0,7,45,1208
1,0,7,46,1196
1,0,7,47,1199
1,0,7,48,1199
1,0,7,49,1184
1,0,7,50,1172
1,0,7,51,1180
1,0,7,52,1200
1,0,7,53,1172
1,0,7,54,1170
1,0,7,55,1185
1,0,7,56,1165
1,0,7,57,1178
1,0,7,58,1179
1,0,7,59,1175
1,0,7,60,1186
1,0,7,61,1179
1,0,7,62,1187
1,0,7,63,1172
2,0,0,0,19474
2,0,0,1,19294
2,0,0,2,19419
2,0,0,3,19389
2,0,0,4,19220
2,0,0,5,19707
2,0,0,6,19340
2,0,0,7,19393
2,0,0,8,20078
2,0,0,9,19550
2,0,0,10,19632
2,0,0,11,19325
2,0,0,12,19561
2,0,0,13,19497
2,0,0,14,19329
2,0,0,15,19723
2,0,0,16,19642
2,0,0,17,19392
2,0,0,18,19480
2,0,0,19,19482
2,0,0,20,19635
2,0,0,21,19504
2,0,0,22,19266
2,0,0,23,19540
2,0,0,24,19272
2,0,0,25,19641
2,0,0,26,20092
2,0,0,27,19694
2,0,0,28,19575
2,0,0,29,19722
2,0,0,30,19574
2,0,0,31,19277
2,0,0,32,19418
2,0,0,33,19594
2,0,0,34,19431
2,0,0,35,19400
2,0,0,36,19363
2,0,0,37,19524
2,0,0,38,19438
2,0,0,39,19722
2,0,0,40,19565
2,0,0,41,19232
2,0,0,42,19684
2,0,0,43,19211
2,0,0,44,19664
2,0,0,45,19497
2,0,0,46,19594
2,0,0,47,19576
2,0,0,48,19409
2,0,0,49,19362
2,0,0,50,19370
2,0,0,51,19444
2,0,0,52,19466
2,0,0,53,19758
2,0,0,54,19209
2,0,0,55,19208
2,0,0,56,19665
2,0,0,57,19270
2,0,0,58,19386
2,0,0,59,19406
2,0,0,60,19640
2,0,0,61,19196
2,0,0,62,19491
2,0,0,63,19852
2,1,0,0,19317
2,1,0,1,19406
2,1,0,2,19304
2,1,0,3,19640
2,1,0,4,19417
2,1,0,5,19313
2,1,0,6,19463
2,1,0,7,19303
2,1,0,8,19592
2,1,0,9,19472
2,1,0,10,19231
2,1,0,11,19331
2,1,0,12,19304
2,1,0,13,19924
2,1,0,14,19552
2,1,0,15,19328
2,1,0,16,19257
2,1,0,17,19541
2,1,0,18,19473
2,1,0,19,19544
2,1,0,20,21248
2,1,0,21,19392
2,1,0,22,19697
2,1,0,23,19546
2,1,0,24,19457
2,1,0,25,19244
2,1,0,26,19414
2,1,0,27,19304
2,1,0,28,19520
2,1,0,29,19605
2,1,0,30,19641
2,1,0,31,19424
2,1,0,32,19488
2,1,0,33,19614
2,1,0,34,19443
2,1,0,35,19531
2,1,0,36,24279
2,1,0,37,19619
2,1,0,38,19688
2,1,0,39,19453
2,1,0,40,19426
2,1,0,41,19400
2,1,0,42,19616
2,1,0,43,19578
2,1,0,44,19627
2,1,0,45,19656
2,1,0,46,19722
2,1,0,47,19519
2,1,0,48,19482
2,1,0,49,19746
2,1,0,50,19326
2,1,0,51,19545
2,1,0,52,19338
2,1,0,53,19433
2,1,0,54,19291
2,1,0,55,19216
2,1,0,56,19288
2,1,0,57,19692
2,1,0,58,19593
2,1,0,59,19593
2,1,0,60,19228
2,1,0,61,19278
2,1,0,62,19514
2,1,0,63,19746
2,1,1,0,19641
2,1,1,1,19274
2,1,1,2,19301
2,1,1,3,19387
2,1,1,4,19390
2,1,1,5,19526
2,1,1,6,24195
2,1,1,7,19246
2,1,1,8,19259
2,1,1,9,19310
2,1,1,10,19308
2,1,1,11,19252
2,1,1,12,19346
2,1,1,13,19617
2,1,1,14,19586
2,1,1,15,19673
2,1,1,16,19515
2,1,1,17,19322
2,1,1,18,19733
2,1,1,19,19623
2,1,1,20,19736
2,1,1,21,19338
2,1,1,22,19677
2,1,1,23,19331
2,1,1,24,24234
2,1,1,25,19673
2,1,1,26,19512
2,1,1,27,19640
2,1,1,28,19545
2,1,1,29,19140
2,1,1,30,19708
2,1,1,31,19452
2,1,1,32,19277
2,1,1,33,19390
2,1,1,34,19556
2,1,1,35,19581
2,1,1,36,20032
2,1,1,37,19496
2,1,1,38,19616
2,1,1,39,19534
2,1,1,40,19437
2,1,1,41,19291
2,1,1,42,19567
2,1,1,43,19601
2,1,1,44,19403
2,1,1,45,19372
2,1,1,46,19426
2,1,1,47,19552
2,1,1,48,19506
2,1,1,49,19334
2,1,1,50,19731
2,1,1,51,19549
2,1,1,52,19563
2,1,1,53,19680
2,1,1,54,19731
2,1,1,55,19540
2,1,1,56,19623
2,1,1,57,19415
2,1,1,58,19288
2,1,1,59,19424
2,1,1,60,19673
2,1,1,61,19334
2,1,1,62,24344
2,1,1,63,19329
2,0,1,0,19307
2,0,1,1,19654
2,0,1,2,19714
2,0,1,3,19437
2,0,1,4,19674
2,0,1,5,19542
2,0,1,6,19618
2,0,1,7,19600
2,0,1,8,19342
2,0,1,9,19641
2,0,1,10,19631
2,0,1,11,19232
2,0,1,12,19710
2,0,1,13,23944
2,0,1,14,19562
2,0,1,15,19331
2,0,1,16,19344
2,0,1,17,19225
2,0,1,18,19472
2,0,1,19,19314
2,0,1,20,19652
2,0,1,21,19359
2,0,1,22,19309
2,0,1,23,19682
2,0,1,24,19592
2,0,1,25,19205
2,0,1,26,19417
2,0,1,27,19447
2,0,1,28,19350
2,0,1,29,19708
2,0,1,30,19430
2,0,1,31,19439
2,0,1,32,19205
2,0,1,33,19701
2,0,1,34,19222
2,0,1,35,19544
2,0,1,36,19499
2,0,1,37,19497
2,0,1,38,19462
2,0,1,39,19392
2,0,1,40,19594
2,0,1,41,20033
2,0,1,42,19426
2,0,1,43,19292
2,0,1,44,19366
2,0,1,45,19540
2,0,1,46,19659
2,0,1,47,19295
2,0,1,48,19634
2,0,1,49,19342
2,0,1,50,19499
2,0,1,51,24145
2,0,1,52,19436
2,0,1,53,19540
2,0,1,54,19237
2,0,1,55,19201
2,0,1,56,19348
2,0,1,57,19276
2,0,1,58,19378
2,0,1,59,19866
2,0,1,60,19528
2,0,1,61,19440
2,0,1,62,19250
2,0,1,63,19563
2,0,2,0,19437
2,0,2,1,19580
2,0,2,2,19517
2,0,2,3,19290
2,0,2,4,19204
2,0,2,5,19610
2,0,2,6,19272
2,0,2,7,19169
2,0,2,8,19298
2,0,2,9,19342
2,0,2,10,19724
2,0,2,11,19449
2,0,2,12,19316
2,0,2,13,19749
2,0,2,14,19413
2,0,2,15,19522
2,0,2,16,19377
2,0,2,17,19637
2,0,2,18,19557
2,0,2,19,19406
2,0,2,20,19607
2,0,2,21,24403
2,0,2,22,19401
2,0,2,23,19384
2,0,2,24,19357
2,0,2,25,19460
2,0,2,26,19467
2,0,2,27,19489
2,0,2,28,19405
2,0,2,29,19441
2,0,2,30,19450
2,0,2,31,19630
2,0,2,32,19545
2,0,2,33,19571
2,0,2,34,19593
2,0,2,35,19668
2,0,2,36,19567
2,0,2,37,19137
2,0,2,38,19671
2,0,2,39,24317
2,0,2,40,19567
2,0,2,41,19610
2,0,2,42,19369
2,0,2,43,19604
2,0,2,44,19704
2,0,2,45,19867
2,0,2,46,19577
2,0,2,47,19504
2,0,2,48,19570
2,0,2,49,19667
2,0,2,50,19573
2,0,2,51,19251
2,0,2,52,19398
2,0,2,53,19263
2,0,2,54,19443
2,0,2,55,19453
2,0,2,56,19564
2,0,2,57,19351
2,0,2,58,24096
2,0,2,59,19686
2,0,2,60,19427
2,0,2,61,19478
2,0,2,62,19305
2,0,2,63,19773
2,1,2,0,19585
2,1,2,1,19734
2,1,2,2,19603
2,1,2,3,19303
2,1,2,4,19775
2,1,2,5,19129
2,1,2,6,19251
2,1,2,7,19301
2,1,2,8,19666
2,1,2,9,19537
2,1,2,10,19583
2,1,2,11,19270
2,1,2,12,19361
2,1,2,13,19496
2,1,2,14,20114
2,1,2,15,19459
2,1,2,16,19377
2,1,2,17,19310
2,1,2,18,19514
2,1,2,19,19606
2,1,2,20,19650
2,1,2,21,19481
2,1,2,22,19424
2,1,2,23,19341
2,1,2,24,19407
2,1,2,25,19554
2,1,2,26,19444
2,1,2,27,19418
2,1,2,28,19480
2,1,2,29,19686
2,1,2,30,19465
2,1,2,31,19391
2,1,2,32,20041
2,1,2,33,19318
2,1,2,34,19377
2,1,2,35,19463
2,1,2,36,19305
2,1,2,37,19328
2,1,2,38,19445
2,1,2,39,19704
2,1,2,40,19234
2,1,2,41,19227
2,1,2,42,19519
2,1,2,43,19346
2,1,2,44,19340
2,1,2,45,19237
2,1,2,46,24150
2,1,2,47,19524
2,1,2,48,19234
2,1,2,49,19485
2,1,2,50,19864
2,1,2,51,19407
2,1,2,52,19742
2,1,2,53,19264
2,1,2,54,19426
2,1,2,55,19788
2,1,2,56,19609
2,1,2,57,19456
2,1,2,58,19668
2,1,2,59,19456
2,1,2,60,19582
2,1,2,61,19582
2,1,2,62,19563
2,1,2,63,19345
2,1,3,0,19180
2,1,3,1,19825
2,1,3,2,19357
2,1,3,3,19263
2,1,3,4,19778
2,1,3,5,19473
2,1,3,6,19631
2,1,3,7,19362
2,1,3,8,19275
2,1,3,9,19283
2,1,3,10,19411
2,1,3,11,19349
2,1,3,12,19355
2,1,3,13,19550
2,1,3,14,19310
2,1,3,15,19319
2,1,3,16,19366
2,1,3,17,19358
2,1,3,18,19258
2,1,3,19,19986
2,1,3,20,19353
2,1,3,21,19465
2,1,3,22,19204
2,1,3,23,19443
2,1,3,24,19417
2,1,3,25,19275
2,1,3,26,19379
2,1,3,27,19529
2,1,3,28,19359
2,1,3,29,19323
2,1,3,30,19353
2,1,3,31,19339
2,1,3,32,19431
2,1,3,33,19389
2,1,3,34,19376
2,1,3,35,24053
2,1,3,36,19598
2,1,3,37,19806
2,1,3,38,19588
2,1,3,39,19713
2,1,3,40,19279
2,1,3,41,19263
2,1,3,42,19283
2,1,3,43,19746
2,1,3,44,19309
2,1,3,45,19559
2,1,3,46,19565
2,1,3,47,19332
2,1,3,48,19367
2,1,3,49,19356
2,1,3,50,19597
2,1,3,51,19789
2,1,3,52,19387
2,1,3,53,19352
2,1,3,54,23996
2,1,3,55,20070
2,1,3,56,19541
2,1,3,57,19323
2,1,3,58,19378
2,1,3,59,19355
2,1,3,60,19418
2,1,3,61,19280
2,1,3,62,19467
2,1,3,63,19640
2,0,3,0,19375
2,0,3,1,19545
2,0,3,2,19240
2,0,3,3,19530
2,0,3,4,19345
2,0,3,5,24800
2,0,3,6,19639
2,0,3,7,19444
2,0,3,8,19238
2,0,3,9,19299
2,0,3,10,19380
2,0,3,11,19291
2,0,3,12,19362
2,0,3,13,19401
2,0,3,14,19720
2,0,3,15,19397
2,0,3,16,19402
2,0,3,17,19528
2,0,3,18,19463
2,0,3,19,19474
2,0,3,20,19380
2,0,3,21,19386
2,0,3,22,19423
2,0,3,23,19271
2,0,3,24,19497
2,0,3,25,19447
2,0,3,26,19362
2,0,3,27,19820
2,0,3,28,19570
2,0,3,29,19534
2,0,3,30,19342
2,0,3,31,19342
2,0,3,32,19576
2,0,3,33,19386
2,0,3,34,19535
2,0,3,35,19771
2,0,3,36,19233
2,0,3,37,19294
2,0,3,38,19614
2,0,3,39,19568
2,0,3,40,19672
2,0,3,41,19284
2,0,3,42,19759
2,0,3,43,19419
2,0,3,44,19374
2,0,3,45,19398
2,0,3,46,19387
2,0,3,47,19432
2,0,3,48,19406
2,0,3,49,19420
2,0,3,50,19277
2,0,3,51,19369
2,0,3,52,19391
2,0,3,53,19271
2,0,3,54,19804
2,0,3,55,19614
2,0,3,56,19700
2,0,3,57,19232
2,0,3,58,19623
2,0,3,59,19482
2,0,3,60,19862
2,0,3,61,19413
2,0,3,62,19222
2,0,3,63,19429
2,0,4,0,19326
2,0,4,1,19449
2,0,4,2,19377
2,0,4,3,19449
2,0,4,4,19339
2,0,4,5,19586
2,0,4,6,19495
2,0,4,7,19633
2,0,4,8,19535
2,0,4,9,19650
2,0,4,10,19450
2,0,4,11,20158
2,0,4,12,24130
2,0,4,13,19302
2,0,4,14,19332
2,0,4,15,19350
2,0,4,16,19414
2,0,4,17,19312
2,0,4,18,19607
2,0,4,19,19390
2,0,4,20,19513
2,0,4,21,19622
2,0,4,22,19366
2,0,4,23,19398
2,0,4,24,19391
2,0,4,25,19609
2,0,4,26,19271
2,0,4,27,19341
2,0,4,28,19738
2,0,4,29,19404
2,0,4,30,19207
2,0,4,31,24034
2,0,4,32,19299
2,0,4,33,19610
2,0,4,34,19354
2,0,4,35,19346
2,0,4,36,19417
2,0,4,37,19539
2,0,4,38,19662
2,0,4,39,19606
2,0,4,40,19566
2,0,4,41,19347
2,0,4,42,19292
2,0,4,43,19332
2,0,4,44,19286
2,0,4,45,19600
2,0,4,46,19642
2,0,4,47,19522
2,0,4,48,19350
2,0,4,49,19764
2,0,4,50,24079
2,0,4,51,19392
2,0,4,52,19302
2,0,4,53,19511
2,0,4,54,19355
2,0,4,55,19357
2,0,4,56,19569
2,0,4,57,19589
2,0,4,58,19345
2,0,4,59,19343
2,0,4,60,19394
2,0,4,61,19358
2,0,4,62,19631
2,0,4,63,19595
2,1,4,0,19660
2,1,4,1,19440
2,1,4,2,19229
2,1,4,3,19411
2,1,4,4,19448
2,1,4,5,19440
2,1,4,6,19755
2,1,4,7,19288
2,1,4,8,19724
2,1,4,9,19423
2,1,4,10,19458
2,1,4,11,19660
2,1,4,12,19213
2,1,4,13,19396
2,1,4,14,19463
2,1,4,15,19842
2,1,4,16,19412
2,1,4,17,19722
2,1,4,18,19259
2,1,4,19,24332
2,1,4,20,19531
2,1,4,21,19475
2,1,4,22,19651
2,1,4,23,19534
2,1,4,24,19231
2,1,4,25,19355
2,1,4,26,19229
2,1,4,27,19639
2,1,4,28,19203
2,1,4,29,19347
2,1,4,30,19219
2,1,4,31,19297
2,1,4,32,19458
2,1,4,33,19865
2,1,4,34,19509
2,1,4,35,19435
2,1,4,36,19574
2,1,4,37,19700
2,1,4,38,19215
2,1,4,39,19707
2,1,4,40,19544
2,1,4,41,19542
2,1,4,42,19558
2,1,4,43,19725
2,1,4,44,19598
2,1,4,45,19412
2,1,4,46,19749
2,1,4,47,19612
2,1,4,48,19561
2,1,4,49,19184
2,1,4,50,19508
2,1,4,51,19977
2,1,4,52,19507
2,1,4,53,19257
2,1,4,54,19616
2,1,4,55,19387
2,1,4,56,19330
2,1,4,57,19686
2,1,4,58,19381
2,1,4,59,19534
2,1,4,60,19304
2,1,4,61,19311
2,1,4,62,19368
2,1,4,63,19681
2,1,5,0,19656
2,1,5,1,19410
2,1,5,2,20086
2,1,5,3,19655
2,1,5,4,19543
2,1,5,5,19309
2,1,5,6,19662
2,1,5,7,19579
2,1,5,8,24169
2,1,5,9,19303
2,1,5,10,19586
2,1,5,11,19712
2,1,5,12,19655
2,1,5,13,19258
2,1,5,14,19386
2,1,5,15,19360
2,1,5,16,19379
2,1,5,17,19461
2,1,5,18,19477
2,1,5,19,19327
2,1,5,20,20138
2,1,5,21,19492
2,1,5,22,19215
2,1,5,23,19396
2,1,5,24,19664
2,1,5,25,19227
2,1,5,26,19277
2,1,5,27,19360
2,1,5,28,19302
2,1,5,29,19485
2,1,5,30,19392
2,1,5,31,19249
2,1,5,32,19336
2,1,5,33,19305
2,1,5,34,19307
2,1,5,35,19342
2,1,5,36,19352
2,1,5,37,19300
2,1,5,38,19729
2,1,5,39,19563
2,1,5,40,19324
2,1,5,41,19445
2,1,5,42,19329
2,1,5,43,19231
2,1,5,44,19686
2,1,5,45,24306
2,1,5,46,19485
2,1,5,47,19372
2,1,5,48,19489
2,1,5,49,19422
2,1,5,50,19365
2,1,5,51,19619
2,1,5,52,19327
2,1,5,53,19247
2,1,5,54,19271
2,1,5,55,19345
2,1,5,56,19993
2,1,5,57,19374
2,1,5,58,19321
2,1,5,59,19695
2,1,5,60,19633
2,1,5,61,19442
2,1,5,62,19749
2,1,5,63,19681
2,0,5,0,19569
2,0,5,1,19759
2,0,5,2,19709
2,0,5,3,19670
2,0,5,4,19314
2,0,5,5,19717
2,0,5,6,19906
2,0,5,7,19295
2,0,5,8,19406
2,0,5,9,19283
2,0,5,10,19568
2,0,5,11,19376
2,0,5,12,19324
2,0,5,13,19475
2,0,5,14,19429
2,0,5,15,19399
2,0,5,16,19230
2,0,5,17,19703
2,0,5,18,19257
2,0,5,19,19373
2,0,5,20,19316
2,0,5,21,19375
2,0,5,22,19373
2,0,5,23,19667
2,0,5,24,19522
2,0,5,25,19928
2,0,5,26,19572
2,0,5,27,19370
2,0,5,28,19420
2,0,5,29,19272
2,0,5,30,19525
2,0,5,31,19568
2,0,5,32,19565
2,0,5,33,20964
2,0,5,34,19408
2,0,5,35,19523
2,0,5,36,19497
2,0,5,37,19759
2,0,5,38,19586
2,0,5,39,19627
2,0,5,40,19587
2,0,5,41,19386
2,0,5,42,19968
2,0,5,43,20188
2,0,5,44,19709
2,0,5,45,19323
2,0,5,46,19363
2,0,5,47,19430
2,0,5,48,19486
2,0,5,49,19272
2,0,5,50,19214
2,0,5,51,19239
2,0,5,52,20893
2,0,5,53,19512
2,0,5,54,19393
2,0,5,55,19504
2,0,5,56,19360
2,0,5,57,19534
2,0,5,58,19374
2,0,5,59,19310
2,0,5,60,19367
2,0,5,61,19640
2,0,5,62,19307
2,0,5,63,19408
2,0,6,0,19368
2,0,6,1,19463
2,0,6,2,19581
2,0,6,3,19316
2,0,6,4,24397
2,0,6,5,19285
2,0,6,6,19368
2,0,6,7,19480
2,0,6,8,19676
2,0,6,9,19613
2,0,6,10,19364
2,0,6,11,20081
2,0,6,12,19436
2,0,6,13,19634
2,0,6,14,19421
2,0,6,15,19438
2,0,6,16,19614
2,0,6,17,19282
2,0,6,18,19715
2,0,6,19,19442
2,0,6,20,19286
2,0,6,21,19393
2,0,6,22,19339
2,0,6,23,19506
2,0,6,24,19362
2,0,6,25,19278
2,0,6,26,19407
2,0,6,27,19620
2,0,6,28,19553
2,0,6,29,19750
2,0,6,30,19751
2,0,6,31,19782
2,0,6,32,19299
2,0,6,33,19323
2,0,6,34,19524
2,0,6,35,19580
2,0,6,36,19585
2,0,6,37,19652
2,0,6,38,19403
2,0,6,39,19422
2,0,6,40,19259
2,0,6,41,24117
2,0,6,42,19601
2,0,6,43,19469
2,0,6,44,19302
2,0,6,45,19310
2,0,6,46,19477
2,0,6,47,19791
2,0,6,48,19474
2,0,6,49,19449
2,0,6,50,19484
2,0,6,51,19299
2,0,6,52,19418
2,0,6,53,19562
2,0,6,54,19489
2,0,6,55,19559
2,0,6,56,19428
2,0,6,57,19311
2,0,6,58,19526
2,0,6,59,19338
2,0,6,60,19518
2,0,6,61,19518
2,0,6,62,19561
2,0,6,63,19242
2,1,6,0,19616
2,1,6,1,19364
2,1,6,2,19496
2,1,6,3,19696
2,1,6,4,19203
2,1,6,5,19553
2,1,6,6,19525
2,1,6,7,19711
2,1,6,8,19499
2,1,6,9,19359
2,1,6,10,19279
2,1,6,11,24155
2,1,6,12,19454
2,1,6,13,19416
2,1,6,14,19310
2,1,6,15,19224
2,1,6,16,19838
2,1,6,17,19466
2,1,6,18,19351
2,1,6,19,19416
2,1,6,20,19286
2,1,6,21,19571
2,1,6,22,19557
2,1,6,23,19600
2,1,6,24,19696
2,1,6,25,19557
2,1,6,26,19270
2,1,6,27,19609
2,1,6,28,19262
2,1,6,29,19176
2,1,6,30,24220
2,1,6,31,19565
2,1,6,32,19159
2,1,6,33,19372
2,1,6,34,19729
2,1,6,35,19296
2,1,6,36,19252
2,1,6,37,19324
2,1,6,38,19722
2,1,6,39,19609
2,1,6,40,19527
2,1,6,41,19730
2,1,6,42,19368
2,1,6,43,19320
2,1,6,44,19641
2,1,6,45,19379
2,1,6,46,19321
2,1,6,47,19477
2,1,6,48,19184
2,1,6,49,19592
2,1,6,50,19322
2,1,6,51,19523
2,1,6,52,19863
2,1,6,53,19655
2,1,6,54,19646
2,1,6,55,19590
2,1,6,56,19612
2,1,6,57,19443
2,1,6,58,19194
2,1,6,59,19416
2,1,6,60,19658
2,1,6,61,19592
2,1,6,62,19511
2,1,6,63,19555
2,1,7,0,19718
2,1,7,1,19240
2,1,7,2,19217
2,1,7,3,19843
2,1,7,4,19335
2,1,7,5,19540
2,1,7,6,19592
2,1,7,7,19274
2,1,7,8,19355
2,1,7,9,19394
2,1,7,10,19551
2,1,7,11,19240
2,1,7,12,19382
2,1,7,13,19383
2,1,7,14,19427
2,1,7,15,19222
2,1,7,16,19615
2,1,7,17,19616
2,1,7,18,19550
2,1,7,19,19638
2,1,7,20,19356
2,1,7,21,20072
2,1,7,22,19547
2,1,7,23,19464
2,1,7,24,19689
2,1,7,25,19408
2,1,7,26,19268
2,1,7,27,19507
2,1,7,28,19368
2,1,7,29,19595
2,1,7,30,19392
2,1,7,31,19415
2,1,7,32,19428
2,1,7,33,19270
2,1,7,34,19554
2,1,7,35,19413
2,1,7,36,19419
2,1,7,37,23924
2,1,7,38,19726
2,1,7,39,20020
2,1,7,40,19453
2,1,7,41,19494
2,1,7,42,19372
2,1,7,43,19437
2,1,7,44,19710
2,1,7,45,19341
2,1,7,46,19264
2,1,7,47,19274
2,1,7,48,19270
2,1,7,49,19299
2,1,7,50,19411
2,1,7,51,19227
2,1,7,52,19281
2,1,7,53,19338
2,1,7,54,19609
2,1,7,55,19679
2,1,7,56,24259
2,1,7,57,19974
2,1,7,58,19296
2,1,7,59,19284
2,1,7,60,19257
2,1,7,61,19728
2,1,7,62,19316
2,1,7,63,19526
2,0,7,0,19366
2,0,7,1,19612
2,0,7,2,19718
2,0,7,3,19425
2,0,7,4,19705
2,0,7,5,19315
2,0,7,6,19602
2,0,7,7,24025
2,0,7,8,20105
2,0,7,9,19620
2,0,7,10,19309
2,0,7,11,19767
2,0,7,12,19380
2,0,7,13,19354
2,0,7,14,19520
2,0,7,15,19494
2,0,7,16,19612
2,0,7,17,19369
2,0,7,18,19399
2,0,7,19,19726
2,0,7,20,19621
2,0,7,21,19667
2,0,7,22,19580
2,0,7,23,19379
2,0,7,24,19602
2,0,7,25,19307
2,0,7,26,24418
2,0,7,27,19305
2,0,7,28,19512
2,0,7,29,19414
2,0,7,30,19300
2,0,7,31,19400
2,0,7,32,19242
2,0,7,33,19547
2,0,7,34,19278
2,0,7,35,19226
2,0,7,36,19640
2,0,7,37,19275
2,0,7,38,19463
2,0,7,39,19315
2,0,7,40,19293
2,0,7,41,19540
2,0,7,42,19626
2,0,7,43,19439
2,0,7,44,24931
2,0,7,45,19425
2,0,7,46,19543
2,0,7,47,19632
2,0,7,48,19398
2,0,7,49,19542
2,0,7,50,19235
2,0,7,51,19472
2,0,7,52,19271
2,0,7,53,19470
2,0,7,54,19655
2,0,7,55,19251
2,0,7,56,19659
2,0,7,57,19582
2,0,7,58,19733
2,0,7,59,19393
2,0,7,60,19456
2,0,7,61,19437
2,0,7,62,20069
2,0,7,63,19444
