SLOTHY version: 0.2.0
Instructions in body: 78
Perform internal binary search for minimal number of stalls...
Attempt optimization with max 0 stalls...
Setting timeout of 30 seconds...
Objective: minimize cycles
Invoking external constraint solver (OR-Tools CP-SAT v9.15.6755) ...
INFEASIBLE, wall time: 0.016083 s
Attempt optimization with max 1 stalls...
Setting timeout of 30 seconds...
Objective: minimize cycles
Invoking external constraint solver (OR-Tools CP-SAT v9.15.6755) ...
INFEASIBLE, wall time: 0.001800 s
Attempt optimization with max 2 stalls...
Setting timeout of 30 seconds...
Objective: minimize cycles
Invoking external constraint solver (OR-Tools CP-SAT v9.15.6755) ...
INFEASIBLE, wall time: 0.001783 s
Attempt optimization with max 4 stalls...
Setting timeout of 30 seconds...
Objective: minimize cycles
Invoking external constraint solver (OR-Tools CP-SAT v9.15.6755) ...
INFEASIBLE, wall time: 0.002297 s
Attempt optimization with max 8 stalls...
Setting timeout of 30 seconds...
Objective: minimize cycles
Invoking external constraint solver (OR-Tools CP-SAT v9.15.6755) ...
INFEASIBLE, wall time: 0.001783 s
Attempt optimization with max 16 stalls...
Setting timeout of 30 seconds...
Objective: minimize cycles
Invoking external constraint solver (OR-Tools CP-SAT v9.15.6755) ...
INFEASIBLE, wall time: 0.001812 s
Attempt optimization with max 32 stalls...
Setting timeout of 30 seconds...
Objective: minimize cycles
Invoking external constraint solver (OR-Tools CP-SAT v9.15.6755) ...
INFEASIBLE, wall time: 0.011302 s
Attempt optimization with max 64 stalls...
Setting timeout of 30 seconds...
Objective: minimize cycles
Invoking external constraint solver (OR-Tools CP-SAT v9.15.6755) ...
INFEASIBLE, wall time: 0.127931 s
Attempt optimization with max 128 stalls...
Setting timeout of 30 seconds...
Objective: minimize cycles
Invoking external constraint solver (OR-Tools CP-SAT v9.15.6755) ...
[0.2353s]: Found 1 solutions so far... objective (minimize cycles): currently  (Cycles ~ 105.0, IPC ~ 0.74), bound  (Cycles ~ 74.0, IPC ~ 1.05)
[0.2640s]: Found 2 solutions so far... objective (minimize cycles): currently  (Cycles ~ 98.0, IPC ~ 0.80), bound  (Cycles ~ 74.0, IPC ~ 1.05)
[0.3184s]: Found 3 solutions so far... objective (minimize cycles): currently  (Cycles ~ 95.0, IPC ~ 0.82), bound  (Cycles ~ 83.0, IPC ~ 0.94)
[0.3541s]: Found 4 solutions so far... objective (minimize cycles): currently  (Cycles ~ 94.0, IPC ~ 0.83), bound  (Cycles ~ 83.0, IPC ~ 0.94)
[0.3791s]: Found 5 solutions so far... objective (minimize cycles): currently  (Cycles ~ 93.0, IPC ~ 0.84), bound  (Cycles ~ 91.0, IPC ~ 0.86)
OPTIMAL, wall time: 0.399381 s
Booleans in result: 356
OK!
LLVM (llvm-mc, llvm-nm, llvm-readobj) not found, disabling selftest. Consider installing LLVM.
Minimum number of stalls: 73
SLOTHY version: 0.2.0
Instructions in body: 54
Perform internal binary search for minimal number of stalls...
Attempt optimization with max 0 stalls...
Setting timeout of 30 seconds...
Objective: minimize cycles
Invoking external constraint solver (OR-Tools CP-SAT v9.15.6755) ...
INFEASIBLE, wall time: 0.001073 s
Attempt optimization with max 1 stalls...
Setting timeout of 30 seconds...
Objective: minimize cycles
Invoking external constraint solver (OR-Tools CP-SAT v9.15.6755) ...
INFEASIBLE, wall time: 0.001394 s
Attempt optimization with max 2 stalls...
Setting timeout of 30 seconds...
Objective: minimize cycles
Invoking external constraint solver (OR-Tools CP-SAT v9.15.6755) ...
INFEASIBLE, wall time: 0.001458 s
Attempt optimization with max 4 stalls...
Setting timeout of 30 seconds...
Objective: minimize cycles
Invoking external constraint solver (OR-Tools CP-SAT v9.15.6755) ...
INFEASIBLE, wall time: 0.001392 s
Attempt optimization with max 8 stalls...
Setting timeout of 30 seconds...
Objective: minimize cycles
Invoking external constraint solver (OR-Tools CP-SAT v9.15.6755) ...
INFEASIBLE, wall time: 0.001575 s
Attempt optimization with max 16 stalls...
Setting timeout of 30 seconds...
Objective: minimize cycles
Invoking external constraint solver (OR-Tools CP-SAT v9.15.6755) ...
INFEASIBLE, wall time: 0.001455 s
Attempt optimization with max 32 stalls...
Setting timeout of 30 seconds...
Objective: minimize cycles
Invoking external constraint solver (OR-Tools CP-SAT v9.15.6755) ...
INFEASIBLE, wall time: 0.007466 s
Attempt optimization with max 64 stalls...
Setting timeout of 30 seconds...
Objective: minimize cycles
Invoking external constraint solver (OR-Tools CP-SAT v9.15.6755) ...
INFEASIBLE, wall time: 0.026109 s
Attempt optimization with max 128 stalls...
Setting timeout of 30 seconds...
Objective: minimize cycles
Invoking external constraint solver (OR-Tools CP-SAT v9.15.6755) ...
[0.0531s]: Found 1 solutions so far... objective (minimize cycles): currently  (Cycles ~ 92.0, IPC ~ 0.59), bound  (Cycles ~ 88.0, IPC ~ 0.61)
[0.0593s]: Found 2 solutions so far... objective (minimize cycles): currently  (Cycles ~ 89.0, IPC ~ 0.61), bound  (Cycles ~ 88.0, IPC ~ 0.61)
OPTIMAL, wall time: 0.066925 s
Booleans in result: 81
OK!
LLVM (llvm-mc, llvm-nm, llvm-readobj) not found, disabling selftest. Consider installing LLVM.
Minimum number of stalls: 75
SLOTHY version: 0.2.0
Instructions in body: 54
Perform internal binary search for minimal number of stalls...
Attempt optimization with max 0 stalls...
Setting timeout of 30 seconds...
Objective: minimize cycles
Invoking external constraint solver (OR-Tools CP-SAT v9.15.6755) ...
INFEASIBLE, wall time: 0.001038 s
Attempt optimization with max 1 stalls...
Setting timeout of 30 seconds...
Objective: minimize cycles
Invoking external constraint solver (OR-Tools CP-SAT v9.15.6755) ...
INFEASIBLE, wall time: 0.001428 s
Attempt optimization with max 2 stalls...
Setting timeout of 30 seconds...
Objective: minimize cycles
Invoking external constraint solver (OR-Tools CP-SAT v9.15.6755) ...
INFEASIBLE, wall time: 0.001364 s
Attempt optimization with max 4 stalls...
Setting timeout of 30 seconds...
Objective: minimize cycles
Invoking external constraint solver (OR-Tools CP-SAT v9.15.6755) ...
INFEASIBLE, wall time: 0.001476 s
Attempt optimization with max 8 stalls...
Setting timeout of 30 seconds...
Objective: minimize cycles
Invoking external constraint solver (OR-Tools CP-SAT v9.15.6755) ...
INFEASIBLE, wall time: 0.001872 s
Attempt optimization with max 16 stalls...
Setting timeout of 30 seconds...
Objective: minimize cycles
Invoking external constraint solver (OR-Tools CP-SAT v9.15.6755) ...
INFEASIBLE, wall time: 0.001424 s
Attempt optimization with max 32 stalls...
Setting timeout of 30 seconds...
Objective: minimize cycles
Invoking external constraint solver (OR-Tools CP-SAT v9.15.6755) ...
INFEASIBLE, wall time: 0.007003 s
Attempt optimization with max 64 stalls...
Setting timeout of 30 seconds...
Objective: minimize cycles
Invoking external constraint solver (OR-Tools CP-SAT v9.15.6755) ...
INFEASIBLE, wall time: 0.038007 s
Attempt optimization with max 128 stalls...
Setting timeout of 30 seconds...
Objective: minimize cycles
Invoking external constraint solver (OR-Tools CP-SAT v9.15.6755) ...
[0.0283s]: Found 1 solutions so far... objective (minimize cycles): currently  (Cycles ~ 96.0, IPC ~ 0.56), bound  (Cycles ~ 67.0, IPC ~ 0.81)
[0.0386s]: Found 2 solutions so far... objective (minimize cycles): currently  (Cycles ~ 94.0, IPC ~ 0.57), bound  (Cycles ~ 68.0, IPC ~ 0.79)
[0.0493s]: Found 3 solutions so far... objective (minimize cycles): currently  (Cycles ~ 93.0, IPC ~ 0.58), bound  (Cycles ~ 68.0, IPC ~ 0.79)
[0.0503s]: Found 4 solutions so far... objective (minimize cycles): currently  (Cycles ~ 90.0, IPC ~ 0.60), bound  (Cycles ~ 68.0, IPC ~ 0.79)
OPTIMAL, wall time: 0.103526 s
Booleans in result: 72
OK!
LLVM (llvm-mc, llvm-nm, llvm-readobj) not found, disabling selftest. Consider installing LLVM.
Minimum number of stalls: 76
SLOTHY version: 0.2.0
Instructions in body: 59
Perform internal binary search for minimal number of stalls...
Attempt optimization with max 0 stalls...
Setting timeout of 30 seconds...
Objective: minimize cycles
Invoking external constraint solver (OR-Tools CP-SAT v9.15.6755) ...
INFEASIBLE, wall time: 0.001357 s
Attempt optimization with max 1 stalls...
Setting timeout of 30 seconds...
Objective: minimize cycles
Invoking external constraint solver (OR-Tools CP-SAT v9.15.6755) ...
INFEASIBLE, wall time: 0.001538 s
Attempt optimization with max 2 stalls...
Setting timeout of 30 seconds...
Objective: minimize cycles
Invoking external constraint solver (OR-Tools CP-SAT v9.15.6755) ...
INFEASIBLE, wall time: 0.001387 s
Attempt optimization with max 4 stalls...
Setting timeout of 30 seconds...
Objective: minimize cycles
Invoking external constraint solver (OR-Tools CP-SAT v9.15.6755) ...
INFEASIBLE, wall time: 0.001549 s
Attempt optimization with max 8 stalls...
Setting timeout of 30 seconds...
Objective: minimize cycles
Invoking external constraint solver (OR-Tools CP-SAT v9.15.6755) ...
INFEASIBLE, wall time: 0.001395 s
Attempt optimization with max 16 stalls...
Setting timeout of 30 seconds...
Objective: minimize cycles
Invoking external constraint solver (OR-Tools CP-SAT v9.15.6755) ...
INFEASIBLE, wall time: 0.001564 s
Attempt optimization with max 32 stalls...
Setting timeout of 30 seconds...
Objective: minimize cycles
Invoking external constraint solver (OR-Tools CP-SAT v9.15.6755) ...
INFEASIBLE, wall time: 0.007746 s
Attempt optimization with max 64 stalls...
Setting timeout of 30 seconds...
Objective: minimize cycles
Invoking external constraint solver (OR-Tools CP-SAT v9.15.6755) ...
INFEASIBLE, wall time: 0.033133 s
Attempt optimization with max 128 stalls...
Setting timeout of 30 seconds...
Objective: minimize cycles
Invoking external constraint solver (OR-Tools CP-SAT v9.15.6755) ...
[0.0728s]: Found 1 solutions so far... objective (minimize cycles): currently  (Cycles ~ 92.0, IPC ~ 0.64), bound  (Cycles ~ 86.0, IPC ~ 0.69)
[0.0757s]: Found 2 solutions so far... objective (minimize cycles): currently  (Cycles ~ 91.0, IPC ~ 0.65), bound  (Cycles ~ 91.0, IPC ~ 0.65)
Closer than 0 stalls to theoretical optimum... stop
OPTIMAL, wall time: 0.078503 s
Booleans in result: 167
OK!
LLVM (llvm-mc, llvm-nm, llvm-readobj) not found, disabling selftest. Consider installing LLVM.
Minimum number of stalls: 76
SLOTHY version: 0.2.0
Instructions in body: 58
Perform internal binary search for minimal number of stalls...
Attempt optimization with max 0 stalls...
Setting timeout of 30 seconds...
Objective: minimize cycles
Invoking external constraint solver (OR-Tools CP-SAT v9.15.6755) ...
INFEASIBLE, wall time: 0.001198 s
Attempt optimization with max 1 stalls...
Setting timeout of 30 seconds...
Objective: minimize cycles
Invoking external constraint solver (OR-Tools CP-SAT v9.15.6755) ...
INFEASIBLE, wall time: 0.001457 s
Attempt optimization with max 2 stalls...
Setting timeout of 30 seconds...
Objective: minimize cycles
Invoking external constraint solver (OR-Tools CP-SAT v9.15.6755) ...
INFEASIBLE, wall time: 0.001556 s
Attempt optimization with max 4 stalls...
Setting timeout of 30 seconds...
Objective: minimize cycles
Invoking external constraint solver (OR-Tools CP-SAT v9.15.6755) ...
INFEASIBLE, wall time: 0.001569 s
Attempt optimization with max 8 stalls...
Setting timeout of 30 seconds...
Objective: minimize cycles
Invoking external constraint solver (OR-Tools CP-SAT v9.15.6755) ...
INFEASIBLE, wall time: 0.001446 s
Attempt optimization with max 16 stalls...
Setting timeout of 30 seconds...
Objective: minimize cycles
Invoking external constraint solver (OR-Tools CP-SAT v9.15.6755) ...
INFEASIBLE, wall time: 0.001537 s
Attempt optimization with max 32 stalls...
Setting timeout of 30 seconds...
Objective: minimize cycles
Invoking external constraint solver (OR-Tools CP-SAT v9.15.6755) ...
INFEASIBLE, wall time: 0.015075 s
Attempt optimization with max 64 stalls...
Setting timeout of 30 seconds...
Objective: minimize cycles
Invoking external constraint solver (OR-Tools CP-SAT v9.15.6755) ...
INFEASIBLE, wall time: 0.078869 s
Attempt optimization with max 128 stalls...
Setting timeout of 30 seconds...
Objective: minimize cycles
Invoking external constraint solver (OR-Tools CP-SAT v9.15.6755) ...
[0.1130s]: Found 1 solutions so far... objective (minimize cycles): currently  (Cycles ~ 143.0, IPC ~ 0.41), bound  (Cycles ~ 70.0, IPC ~ 0.83)
[0.1207s]: Found 2 solutions so far... objective (minimize cycles): currently  (Cycles ~ 119.0, IPC ~ 0.49), bound  (Cycles ~ 70.0, IPC ~ 0.83)
[0.1220s]: Found 3 solutions so far... objective (minimize cycles): currently  (Cycles ~ 89.0, IPC ~ 0.65), bound  (Cycles ~ 70.0, IPC ~ 0.83)
[0.1280s]: Found 4 solutions so far... objective (minimize cycles): currently  (Cycles ~ 88.0, IPC ~ 0.66), bound  (Cycles ~ 70.0, IPC ~ 0.83)
OPTIMAL, wall time: 0.275980 s
Booleans in result: 169
OK!
LLVM (llvm-mc, llvm-nm, llvm-readobj) not found, disabling selftest. Consider installing LLVM.
Minimum number of stalls: 73
SLOTHY version: 0.2.0
Instructions in body: 49
Perform internal binary search for minimal number of stalls...
Attempt optimization with max 0 stalls...
Setting timeout of 30 seconds...
Objective: minimize cycles
Invoking external constraint solver (OR-Tools CP-SAT v9.15.6755) ...
INFEASIBLE, wall time: 0.001016 s
Attempt optimization with max 1 stalls...
Setting timeout of 30 seconds...
Objective: minimize cycles
Invoking external constraint solver (OR-Tools CP-SAT v9.15.6755) ...
INFEASIBLE, wall time: 0.001274 s
Attempt optimization with max 2 stalls...
Setting timeout of 30 seconds...
Objective: minimize cycles
Invoking external constraint solver (OR-Tools CP-SAT v9.15.6755) ...
INFEASIBLE, wall time: 0.001312 s
Attempt optimization with max 4 stalls...
Setting timeout of 30 seconds...
Objective: minimize cycles
Invoking external constraint solver (OR-Tools CP-SAT v9.15.6755) ...
INFEASIBLE, wall time: 0.001256 s
Attempt optimization with max 8 stalls...
Setting timeout of 30 seconds...
Objective: minimize cycles
Invoking external constraint solver (OR-Tools CP-SAT v9.15.6755) ...
INFEASIBLE, wall time: 0.001364 s
Attempt optimization with max 16 stalls...
Setting timeout of 30 seconds...
Objective: minimize cycles
Invoking external constraint solver (OR-Tools CP-SAT v9.15.6755) ...
INFEASIBLE, wall time: 0.001270 s
Attempt optimization with max 32 stalls...
Setting timeout of 30 seconds...
Objective: minimize cycles
Invoking external constraint solver (OR-Tools CP-SAT v9.15.6755) ...
INFEASIBLE, wall time: 0.010934 s
Attempt optimization with max 64 stalls...
Setting timeout of 30 seconds...
Objective: minimize cycles
Invoking external constraint solver (OR-Tools CP-SAT v9.15.6755) ...
[0.0613s]: Found 1 solutions so far... objective (minimize cycles): currently  (Cycles ~ 77.0, IPC ~ 0.64), bound  (Cycles ~ 33.0, IPC ~ 1.48)
[0.0640s]: Found 2 solutions so far... objective (minimize cycles): currently  (Cycles ~ 76.0, IPC ~ 0.64), bound  (Cycles ~ 33.0, IPC ~ 1.48)
[0.1092s]: Found 3 solutions so far... objective (minimize cycles): currently  (Cycles ~ 75.0, IPC ~ 0.65), bound  (Cycles ~ 39.0, IPC ~ 1.26)
[0.1155s]: Found 4 solutions so far... objective (minimize cycles): currently  (Cycles ~ 65.0, IPC ~ 0.75), bound  (Cycles ~ 39.0, IPC ~ 1.26)
[0.1825s]: Found 5 solutions so far... objective (minimize cycles): currently  (Cycles ~ 64.0, IPC ~ 0.77), bound  (Cycles ~ 51.0, IPC ~ 0.96)
[0.1854s]: Found 6 solutions so far... objective (minimize cycles): currently  (Cycles ~ 63.0, IPC ~ 0.78), bound  (Cycles ~ 51.0, IPC ~ 0.96)
[0.1957s]: Found 7 solutions so far... objective (minimize cycles): currently  (Cycles ~ 62.0, IPC ~ 0.79), bound  (Cycles ~ 51.0, IPC ~ 0.96)
[0.2288s]: Found 8 solutions so far... objective (minimize cycles): currently  (Cycles ~ 61.0, IPC ~ 0.80), bound  (Cycles ~ 51.0, IPC ~ 0.96)
[0.2354s]: Found 9 solutions so far... objective (minimize cycles): currently  (Cycles ~ 60.0, IPC ~ 0.82), bound  (Cycles ~ 51.0, IPC ~ 0.96)
OPTIMAL, wall time: 0.282737 s
Booleans in result: 158
OK!
LLVM (llvm-mc, llvm-nm, llvm-readobj) not found, disabling selftest. Consider installing LLVM.
Minimum number of stalls: 47
SLOTHY version: 0.2.0
Instructions in body: 67
Perform internal binary search for minimal number of stalls...
Attempt optimization with max 0 stalls...
Setting timeout of 30 seconds...
Objective: minimize cycles
Invoking external constraint solver (OR-Tools CP-SAT v9.15.6755) ...
INFEASIBLE, wall time: 0.001304 s
Attempt optimization with max 1 stalls...
Setting timeout of 30 seconds...
Objective: minimize cycles
Invoking external constraint solver (OR-Tools CP-SAT v9.15.6755) ...
INFEASIBLE, wall time: 0.001818 s
Attempt optimization with max 2 stalls...
Setting timeout of 30 seconds...
Objective: minimize cycles
Invoking external constraint solver (OR-Tools CP-SAT v9.15.6755) ...
INFEASIBLE, wall time: 0.001623 s
Attempt optimization with max 4 stalls...
Setting timeout of 30 seconds...
Objective: minimize cycles
Invoking external constraint solver (OR-Tools CP-SAT v9.15.6755) ...
INFEASIBLE, wall time: 0.001730 s
Attempt optimization with max 8 stalls...
Setting timeout of 30 seconds...
Objective: minimize cycles
Invoking external constraint solver (OR-Tools CP-SAT v9.15.6755) ...
INFEASIBLE, wall time: 0.001660 s
Attempt optimization with max 16 stalls...
Setting timeout of 30 seconds...
Objective: minimize cycles
Invoking external constraint solver (OR-Tools CP-SAT v9.15.6755) ...
INFEASIBLE, wall time: 0.001696 s
Attempt optimization with max 32 stalls...
Setting timeout of 30 seconds...
Objective: minimize cycles
Invoking external constraint solver (OR-Tools CP-SAT v9.15.6755) ...
INFEASIBLE, wall time: 0.011581 s
Attempt optimization with max 64 stalls...
Setting timeout of 30 seconds...
Objective: minimize cycles
Invoking external constraint solver (OR-Tools CP-SAT v9.15.6755) ...
[0.1327s]: Found 1 solutions so far... objective (minimize cycles): currently  (Cycles ~ 81.0, IPC ~ 0.83), bound  (Cycles ~ 69.0, IPC ~ 0.97)
[0.1489s]: Found 2 solutions so far... objective (minimize cycles): currently  (Cycles ~ 80.0, IPC ~ 0.84), bound  (Cycles ~ 71.0, IPC ~ 0.94)
[0.1642s]: Found 3 solutions so far... objective (minimize cycles): currently  (Cycles ~ 79.0, IPC ~ 0.85), bound  (Cycles ~ 75.0, IPC ~ 0.89)
OPTIMAL, wall time: 0.169995 s
Booleans in result: 244
OK!
LLVM (llvm-mc, llvm-nm, llvm-readobj) not found, disabling selftest. Consider installing LLVM.
Minimum number of stalls: 62
SLOTHY version: 0.2.0
Instructions in body: 57
Perform internal binary search for minimal number of stalls...
Attempt optimization with max 0 stalls...
Setting timeout of 30 seconds...
Objective: minimize cycles
Invoking external constraint solver (OR-Tools CP-SAT v9.15.6755) ...
INFEASIBLE, wall time: 0.001148 s
Attempt optimization with max 1 stalls...
Setting timeout of 30 seconds...
Objective: minimize cycles
Invoking external constraint solver (OR-Tools CP-SAT v9.15.6755) ...
INFEASIBLE, wall time: 0.001470 s
Attempt optimization with max 2 stalls...
Setting timeout of 30 seconds...
Objective: minimize cycles
Invoking external constraint solver (OR-Tools CP-SAT v9.15.6755) ...
INFEASIBLE, wall time: 0.001502 s
Attempt optimization with max 4 stalls...
Setting timeout of 30 seconds...
Objective: minimize cycles
Invoking external constraint solver (OR-Tools CP-SAT v9.15.6755) ...
INFEASIBLE, wall time: 0.001441 s
Attempt optimization with max 8 stalls...
Setting timeout of 30 seconds...
Objective: minimize cycles
Invoking external constraint solver (OR-Tools CP-SAT v9.15.6755) ...
INFEASIBLE, wall time: 0.001326 s
Attempt optimization with max 16 stalls...
Setting timeout of 30 seconds...
Objective: minimize cycles
Invoking external constraint solver (OR-Tools CP-SAT v9.15.6755) ...
INFEASIBLE, wall time: 0.001531 s
Attempt optimization with max 32 stalls...
Setting timeout of 30 seconds...
Objective: minimize cycles
Invoking external constraint solver (OR-Tools CP-SAT v9.15.6755) ...
INFEASIBLE, wall time: 0.007491 s
Attempt optimization with max 64 stalls...
Setting timeout of 30 seconds...
Objective: minimize cycles
Invoking external constraint solver (OR-Tools CP-SAT v9.15.6755) ...
INFEASIBLE, wall time: 0.031752 s
Attempt optimization with max 128 stalls...
Setting timeout of 30 seconds...
Objective: minimize cycles
Invoking external constraint solver (OR-Tools CP-SAT v9.15.6755) ...
[0.1433s]: Found 1 solutions so far... objective (minimize cycles): currently  (Cycles ~ 97.0, IPC ~ 0.59), bound  (Cycles ~ 95.0, IPC ~ 0.60)
OPTIMAL, wall time: 0.147579 s
Booleans in result: 193
OK!
LLVM (llvm-mc, llvm-nm, llvm-readobj) not found, disabling selftest. Consider installing LLVM.
Minimum number of stalls: 82
SLOTHY version: 0.2.0
Instructions in body: 58
Perform internal binary search for minimal number of stalls...
Attempt optimization with max 0 stalls...
Setting timeout of 30 seconds...
Objective: minimize cycles
Invoking external constraint solver (OR-Tools CP-SAT v9.15.6755) ...
INFEASIBLE, wall time: 0.001087 s
Attempt optimization with max 1 stalls...
Setting timeout of 30 seconds...
Objective: minimize cycles
Invoking external constraint solver (OR-Tools CP-SAT v9.15.6755) ...
INFEASIBLE, wall time: 0.001537 s
Attempt optimization with max 2 stalls...
Setting timeout of 30 seconds...
Objective: minimize cycles
Invoking external constraint solver (OR-Tools CP-SAT v9.15.6755) ...
INFEASIBLE, wall time: 0.001445 s
Attempt optimization with max 4 stalls...
Setting timeout of 30 seconds...
Objective: minimize cycles
Invoking external constraint solver (OR-Tools CP-SAT v9.15.6755) ...
INFEASIBLE, wall time: 0.001427 s
Attempt optimization with max 8 stalls...
Setting timeout of 30 seconds...
Objective: minimize cycles
Invoking external constraint solver (OR-Tools CP-SAT v9.15.6755) ...
INFEASIBLE, wall time: 0.001428 s
Attempt optimization with max 16 stalls...
Setting timeout of 30 seconds...
Objective: minimize cycles
Invoking external constraint solver (OR-Tools CP-SAT v9.15.6755) ...
INFEASIBLE, wall time: 0.001497 s
Attempt optimization with max 32 stalls...
Setting timeout of 30 seconds...
Objective: minimize cycles
Invoking external constraint solver (OR-Tools CP-SAT v9.15.6755) ...
INFEASIBLE, wall time: 0.007974 s
Attempt optimization with max 64 stalls...
Setting timeout of 30 seconds...
Objective: minimize cycles
Invoking external constraint solver (OR-Tools CP-SAT v9.15.6755) ...
INFEASIBLE, wall time: 0.026890 s
Attempt optimization with max 128 stalls...
Setting timeout of 30 seconds...
Objective: minimize cycles
Invoking external constraint solver (OR-Tools CP-SAT v9.15.6755) ...
[0.0630s]: Found 1 solutions so far... objective (minimize cycles): currently  (Cycles ~ 98.0, IPC ~ 0.59), bound  (Cycles ~ 80.0, IPC ~ 0.72)
[0.0741s]: Found 2 solutions so far... objective (minimize cycles): currently  (Cycles ~ 97.0, IPC ~ 0.60), bound  (Cycles ~ 80.0, IPC ~ 0.72)
OPTIMAL, wall time: 0.169002 s
Booleans in result: 211
OK!
LLVM (llvm-mc, llvm-nm, llvm-readobj) not found, disabling selftest. Consider installing LLVM.
Minimum number of stalls: 82
SLOTHY version: 0.2.0
Instructions in body: 50
Perform internal binary search for minimal number of stalls...
Attempt optimization with max 0 stalls...
Setting timeout of 30 seconds...
Objective: minimize cycles
Invoking external constraint solver (OR-Tools CP-SAT v9.15.6755) ...
INFEASIBLE, wall time: 0.000994 s
Attempt optimization with max 1 stalls...
Setting timeout of 30 seconds...
Objective: minimize cycles
Invoking external constraint solver (OR-Tools CP-SAT v9.15.6755) ...
INFEASIBLE, wall time: 0.001320 s
Attempt optimization with max 2 stalls...
Setting timeout of 30 seconds...
Objective: minimize cycles
Invoking external constraint solver (OR-Tools CP-SAT v9.15.6755) ...
INFEASIBLE, wall time: 0.001257 s
Attempt optimization with max 4 stalls...
Setting timeout of 30 seconds...
Objective: minimize cycles
Invoking external constraint solver (OR-Tools CP-SAT v9.15.6755) ...
INFEASIBLE, wall time: 0.001294 s
Attempt optimization with max 8 stalls...
Setting timeout of 30 seconds...
Objective: minimize cycles
Invoking external constraint solver (OR-Tools CP-SAT v9.15.6755) ...
INFEASIBLE, wall time: 0.002022 s
Attempt optimization with max 16 stalls...
Setting timeout of 30 seconds...
Objective: minimize cycles
Invoking external constraint solver (OR-Tools CP-SAT v9.15.6755) ...
INFEASIBLE, wall time: 0.001288 s
Attempt optimization with max 32 stalls...
Setting timeout of 30 seconds...
Objective: minimize cycles
Invoking external constraint solver (OR-Tools CP-SAT v9.15.6755) ...
INFEASIBLE, wall time: 0.006381 s
Attempt optimization with max 64 stalls...
Setting timeout of 30 seconds...
Objective: minimize cycles
Invoking external constraint solver (OR-Tools CP-SAT v9.15.6755) ...
INFEASIBLE, wall time: 0.032692 s
Attempt optimization with max 128 stalls...
Setting timeout of 30 seconds...
Objective: minimize cycles
Invoking external constraint solver (OR-Tools CP-SAT v9.15.6755) ...
[0.1020s]: Found 1 solutions so far... objective (minimize cycles): currently  (Cycles ~ 91.0, IPC ~ 0.55), bound  (Cycles ~ 80.0, IPC ~ 0.62)
[0.1226s]: Found 2 solutions so far... objective (minimize cycles): currently  (Cycles ~ 89.0, IPC ~ 0.56), bound  (Cycles ~ 82.0, IPC ~ 0.61)
OPTIMAL, wall time: 0.191148 s
Booleans in result: 112
OK!
LLVM (llvm-mc, llvm-nm, llvm-readobj) not found, disabling selftest. Consider installing LLVM.
Minimum number of stalls: 76
SLOTHY version: 0.2.0
Instructions in body: 63
Perform internal binary search for minimal number of stalls...
Attempt optimization with max 0 stalls...
Setting timeout of 30 seconds...
Objective: minimize cycles
Invoking external constraint solver (OR-Tools CP-SAT v9.15.6755) ...
INFEASIBLE, wall time: 0.001419 s
Attempt optimization with max 1 stalls...
Setting timeout of 30 seconds...
Objective: minimize cycles
Invoking external constraint solver (OR-Tools CP-SAT v9.15.6755) ...
INFEASIBLE, wall time: 0.001603 s
Attempt optimization with max 2 stalls...
Setting timeout of 30 seconds...
Objective: minimize cycles
Invoking external constraint solver (OR-Tools CP-SAT v9.15.6755) ...
INFEASIBLE, wall time: 0.001815 s
Attempt optimization with max 4 stalls...
Setting timeout of 30 seconds...
Objective: minimize cycles
Invoking external constraint solver (OR-Tools CP-SAT v9.15.6755) ...
INFEASIBLE, wall time: 0.001990 s
Attempt optimization with max 8 stalls...
Setting timeout of 30 seconds...
Objective: minimize cycles
Invoking external constraint solver (OR-Tools CP-SAT v9.15.6755) ...
INFEASIBLE, wall time: 0.001606 s
Attempt optimization with max 16 stalls...
Setting timeout of 30 seconds...
Objective: minimize cycles
Invoking external constraint solver (OR-Tools CP-SAT v9.15.6755) ...
INFEASIBLE, wall time: 0.001823 s
Attempt optimization with max 32 stalls...
Setting timeout of 30 seconds...
Objective: minimize cycles
Invoking external constraint solver (OR-Tools CP-SAT v9.15.6755) ...
INFEASIBLE, wall time: 0.008773 s
Attempt optimization with max 64 stalls...
Setting timeout of 30 seconds...
Objective: minimize cycles
Invoking external constraint solver (OR-Tools CP-SAT v9.15.6755) ...
[0.1319s]: Found 1 solutions so far... objective (minimize cycles): currently  (Cycles ~ 77.0, IPC ~ 0.82), bound  (Cycles ~ 63.0, IPC ~ 1.00)
[0.1611s]: Found 2 solutions so far... objective (minimize cycles): currently  (Cycles ~ 75.0, IPC ~ 0.84), bound  (Cycles ~ 64.0, IPC ~ 0.98)
OPTIMAL, wall time: 0.293651 s
Booleans in result: 346
OK!
LLVM (llvm-mc, llvm-nm, llvm-readobj) not found, disabling selftest. Consider installing LLVM.
Minimum number of stalls: 59
SLOTHY version: 0.2.0
Instructions in body: 52
Perform internal binary search for minimal number of stalls...
Attempt optimization with max 0 stalls...
Setting timeout of 30 seconds...
Objective: minimize cycles
Invoking external constraint solver (OR-Tools CP-SAT v9.15.6755) ...
INFEASIBLE, wall time: 0.001198 s
Attempt optimization with max 1 stalls...
Setting timeout of 30 seconds...
Objective: minimize cycles
Invoking external constraint solver (OR-Tools CP-SAT v9.15.6755) ...
INFEASIBLE, wall time: 0.001748 s
Attempt optimization with max 2 stalls...
Setting timeout of 30 seconds...
Objective: minimize cycles
Invoking external constraint solver (OR-Tools CP-SAT v9.15.6755) ...
INFEASIBLE, wall time: 0.002116 s
Attempt optimization with max 4 stalls...
Setting timeout of 30 seconds...
Objective: minimize cycles
Invoking external constraint solver (OR-Tools CP-SAT v9.15.6755) ...
INFEASIBLE, wall time: 0.001527 s
Attempt optimization with max 8 stalls...
Setting timeout of 30 seconds...
Objective: minimize cycles
Invoking external constraint solver (OR-Tools CP-SAT v9.15.6755) ...
INFEASIBLE, wall time: 0.001433 s
Attempt optimization with max 16 stalls...
Setting timeout of 30 seconds...
Objective: minimize cycles
Invoking external constraint solver (OR-Tools CP-SAT v9.15.6755) ...
INFEASIBLE, wall time: 0.001496 s
Attempt optimization with max 32 stalls...
Setting timeout of 30 seconds...
Objective: minimize cycles
Invoking external constraint solver (OR-Tools CP-SAT v9.15.6755) ...
INFEASIBLE, wall time: 0.007071 s
Attempt optimization with max 64 stalls...
Setting timeout of 30 seconds...
Objective: minimize cycles
Invoking external constraint solver (OR-Tools CP-SAT v9.15.6755) ...
INFEASIBLE, wall time: 0.149225 s
Attempt optimization with max 128 stalls...
Setting timeout of 30 seconds...
Objective: minimize cycles
Invoking external constraint solver (OR-Tools CP-SAT v9.15.6755) ...
[0.0912s]: Found 1 solutions so far... objective (minimize cycles): currently  (Cycles ~ 119.0, IPC ~ 0.44), bound  (Cycles ~ 65.0, IPC ~ 0.80)
[0.1042s]: Found 2 solutions so far... objective (minimize cycles): currently  (Cycles ~ 82.0, IPC ~ 0.63), bound  (Cycles ~ 65.0, IPC ~ 0.80)
[0.1190s]: Found 3 solutions so far... objective (minimize cycles): currently  (Cycles ~ 81.0, IPC ~ 0.64), bound  (Cycles ~ 70.0, IPC ~ 0.74)
[0.1236s]: Found 4 solutions so far... objective (minimize cycles): currently  (Cycles ~ 80.0, IPC ~ 0.65), bound  (Cycles ~ 71.0, IPC ~ 0.73)
[0.1498s]: Found 5 solutions so far... objective (minimize cycles): currently  (Cycles ~ 79.0, IPC ~ 0.66), bound  (Cycles ~ 72.0, IPC ~ 0.72)
OPTIMAL, wall time: 0.212072 s
Booleans in result: 176
OK!
LLVM (llvm-mc, llvm-nm, llvm-readobj) not found, disabling selftest. Consider installing LLVM.
Minimum number of stalls: 66
SLOTHY version: 0.2.0
Instructions in body: 68
Perform internal binary search for minimal number of stalls...
Attempt optimization with max 0 stalls...
Setting timeout of 30 seconds...
Objective: minimize cycles
Invoking external constraint solver (OR-Tools CP-SAT v9.15.6755) ...
INFEASIBLE, wall time: 0.001327 s
Attempt optimization with max 1 stalls...
Setting timeout of 30 seconds...
Objective: minimize cycles
Invoking external constraint solver (OR-Tools CP-SAT v9.15.6755) ...
INFEASIBLE, wall time: 0.005616 s
Attempt optimization with max 2 stalls...
Setting timeout of 30 seconds...
Objective: minimize cycles
Invoking external constraint solver (OR-Tools CP-SAT v9.15.6755) ...
INFEASIBLE, wall time: 0.001724 s
Attempt optimization with max 4 stalls...
Setting timeout of 30 seconds...
Objective: minimize cycles
Invoking external constraint solver (OR-Tools CP-SAT v9.15.6755) ...
INFEASIBLE, wall time: 0.001722 s
Attempt optimization with max 8 stalls...
Setting timeout of 30 seconds...
Objective: minimize cycles
Invoking external constraint solver (OR-Tools CP-SAT v9.15.6755) ...
INFEASIBLE, wall time: 0.001643 s
Attempt optimization with max 16 stalls...
Setting timeout of 30 seconds...
Objective: minimize cycles
Invoking external constraint solver (OR-Tools CP-SAT v9.15.6755) ...
INFEASIBLE, wall time: 0.001700 s
Attempt optimization with max 32 stalls...
Setting timeout of 30 seconds...
Objective: minimize cycles
Invoking external constraint solver (OR-Tools CP-SAT v9.15.6755) ...
INFEASIBLE, wall time: 0.009367 s
Attempt optimization with max 64 stalls...
Setting timeout of 30 seconds...
Objective: minimize cycles
Invoking external constraint solver (OR-Tools CP-SAT v9.15.6755) ...
[0.0973s]: Found 1 solutions so far... objective (minimize cycles): currently  (Cycles ~ 81.0, IPC ~ 0.84), bound  (Cycles ~ 74.0, IPC ~ 0.92)
[0.1255s]: Found 2 solutions so far... objective (minimize cycles): currently  (Cycles ~ 80.0, IPC ~ 0.85), bound  (Cycles ~ 74.0, IPC ~ 0.92)
OPTIMAL, wall time: 0.136768 s
Booleans in result: 305
OK!
LLVM (llvm-mc, llvm-nm, llvm-readobj) not found, disabling selftest. Consider installing LLVM.
Minimum number of stalls: 63
SLOTHY version: 0.2.0
Instructions in body: 54
Perform internal binary search for minimal number of stalls...
Attempt optimization with max 0 stalls...
Setting timeout of 30 seconds...
Objective: minimize cycles
Invoking external constraint solver (OR-Tools CP-SAT v9.15.6755) ...
INFEASIBLE, wall time: 0.001120 s
Attempt optimization with max 1 stalls...
Setting timeout of 30 seconds...
Objective: minimize cycles
Invoking external constraint solver (OR-Tools CP-SAT v9.15.6755) ...
INFEASIBLE, wall time: 0.001377 s
Attempt optimization with max 2 stalls...
Setting timeout of 30 seconds...
Objective: minimize cycles
Invoking external constraint solver (OR-Tools CP-SAT v9.15.6755) ...
INFEASIBLE, wall time: 0.001518 s
Attempt optimization with max 4 stalls...
Setting timeout of 30 seconds...
Objective: minimize cycles
Invoking external constraint solver (OR-Tools CP-SAT v9.15.6755) ...
INFEASIBLE, wall time: 0.001440 s
Attempt optimization with max 8 stalls...
Setting timeout of 30 seconds...
Objective: minimize cycles
Invoking external constraint solver (OR-Tools CP-SAT v9.15.6755) ...
INFEASIBLE, wall time: 0.001494 s
Attempt optimization with max 16 stalls...
Setting timeout of 30 seconds...
Objective: minimize cycles
Invoking external constraint solver (OR-Tools CP-SAT v9.15.6755) ...
INFEASIBLE, wall time: 0.001670 s
Attempt optimization with max 32 stalls...
Setting timeout of 30 seconds...
Objective: minimize cycles
Invoking external constraint solver (OR-Tools CP-SAT v9.15.6755) ...
INFEASIBLE, wall time: 0.008073 s
Attempt optimization with max 64 stalls...
Setting timeout of 30 seconds...
Objective: minimize cycles
Invoking external constraint solver (OR-Tools CP-SAT v9.15.6755) ...
INFEASIBLE, wall time: 0.026790 s
Attempt optimization with max 128 stalls...
Setting timeout of 30 seconds...
Objective: minimize cycles
Invoking external constraint solver (OR-Tools CP-SAT v9.15.6755) ...
[0.0516s]: Found 1 solutions so far... objective (minimize cycles): currently  (Cycles ~ 95.0, IPC ~ 0.57), bound  (Cycles ~ 90.0, IPC ~ 0.60)
[0.0582s]: Found 2 solutions so far... objective (minimize cycles): currently  (Cycles ~ 94.0, IPC ~ 0.57), bound  (Cycles ~ 90.0, IPC ~ 0.60)
[0.0612s]: Found 3 solutions so far... objective (minimize cycles): currently  (Cycles ~ 91.0, IPC ~ 0.59), bound  (Cycles ~ 91.0, IPC ~ 0.59)
Closer than 0 stalls to theoretical optimum... stop
OPTIMAL, wall time: 0.064033 s
Booleans in result: 161
OK!
LLVM (llvm-mc, llvm-nm, llvm-readobj) not found, disabling selftest. Consider installing LLVM.
Minimum number of stalls: 77
SLOTHY version: 0.2.0
Instructions in body: 54
Perform internal binary search for minimal number of stalls...
Attempt optimization with max 0 stalls...
Setting timeout of 30 seconds...
Objective: minimize cycles
Invoking external constraint solver (OR-Tools CP-SAT v9.15.6755) ...
INFEASIBLE, wall time: 0.001050 s
Attempt optimization with max 1 stalls...
Setting timeout of 30 seconds...
Objective: minimize cycles
Invoking external constraint solver (OR-Tools CP-SAT v9.15.6755) ...
INFEASIBLE, wall time: 0.003608 s
Attempt optimization with max 2 stalls...
Setting timeout of 30 seconds...
Objective: minimize cycles
Invoking external constraint solver (OR-Tools CP-SAT v9.15.6755) ...
INFEASIBLE, wall time: 0.001564 s
Attempt optimization with max 4 stalls...
Setting timeout of 30 seconds...
Objective: minimize cycles
Invoking external constraint solver (OR-Tools CP-SAT v9.15.6755) ...
INFEASIBLE, wall time: 0.001923 s
Attempt optimization with max 8 stalls...
Setting timeout of 30 seconds...
Objective: minimize cycles
Invoking external constraint solver (OR-Tools CP-SAT v9.15.6755) ...
INFEASIBLE, wall time: 0.001474 s
Attempt optimization with max 16 stalls...
Setting timeout of 30 seconds...
Objective: minimize cycles
Invoking external constraint solver (OR-Tools CP-SAT v9.15.6755) ...
INFEASIBLE, wall time: 0.001349 s
Attempt optimization with max 32 stalls...
Setting timeout of 30 seconds...
Objective: minimize cycles
Invoking external constraint solver (OR-Tools CP-SAT v9.15.6755) ...
INFEASIBLE, wall time: 0.007112 s
Attempt optimization with max 64 stalls...
Setting timeout of 30 seconds...
Objective: minimize cycles
Invoking external constraint solver (OR-Tools CP-SAT v9.15.6755) ...
[0.0261s]: Found 1 solutions so far... objective (minimize cycles): currently  (Cycles ~ 67.0, IPC ~ 0.81), bound  (Cycles ~ 42.0, IPC ~ 1.29)
[0.0287s]: Found 2 solutions so far... objective (minimize cycles): currently  (Cycles ~ 62.0, IPC ~ 0.87), bound  (Cycles ~ 43.0, IPC ~ 1.26)
[0.0547s]: Found 3 solutions so far... objective (minimize cycles): currently  (Cycles ~ 61.0, IPC ~ 0.89), bound  (Cycles ~ 43.0, IPC ~ 1.26)
[0.0591s]: Found 4 solutions so far... objective (minimize cycles): currently  (Cycles ~ 60.0, IPC ~ 0.90), bound  (Cycles ~ 43.0, IPC ~ 1.26)
[0.0799s]: Found 5 solutions so far... objective (minimize cycles): currently  (Cycles ~ 59.0, IPC ~ 0.92), bound  (Cycles ~ 43.0, IPC ~ 1.26)
OPTIMAL, wall time: 0.125317 s
Booleans in result: 69
OK!
LLVM (llvm-mc, llvm-nm, llvm-readobj) not found, disabling selftest. Consider installing LLVM.
Minimum number of stalls: 45
SLOTHY version: 0.2.0
Instructions in body: 59
Perform internal binary search for minimal number of stalls...
Attempt optimization with max 0 stalls...
Setting timeout of 30 seconds...
Objective: minimize cycles
Invoking external constraint solver (OR-Tools CP-SAT v9.15.6755) ...
INFEASIBLE, wall time: 0.001236 s
Attempt optimization with max 1 stalls...
Setting timeout of 30 seconds...
Objective: minimize cycles
Invoking external constraint solver (OR-Tools CP-SAT v9.15.6755) ...
INFEASIBLE, wall time: 0.001534 s
Attempt optimization with max 2 stalls...
Setting timeout of 30 seconds...
Objective: minimize cycles
Invoking external constraint solver (OR-Tools CP-SAT v9.15.6755) ...
INFEASIBLE, wall time: 0.001464 s
Attempt optimization with max 4 stalls...
Setting timeout of 30 seconds...
Objective: minimize cycles
Invoking external constraint solver (OR-Tools CP-SAT v9.15.6755) ...
INFEASIBLE, wall time: 0.001488 s
Attempt optimization with max 8 stalls...
Setting timeout of 30 seconds...
Objective: minimize cycles
Invoking external constraint solver (OR-Tools CP-SAT v9.15.6755) ...
INFEASIBLE, wall time: 0.001780 s
Attempt optimization with max 16 stalls...
Setting timeout of 30 seconds...
Objective: minimize cycles
Invoking external constraint solver (OR-Tools CP-SAT v9.15.6755) ...
INFEASIBLE, wall time: 0.001492 s
Attempt optimization with max 32 stalls...
Setting timeout of 30 seconds...
Objective: minimize cycles
Invoking external constraint solver (OR-Tools CP-SAT v9.15.6755) ...
INFEASIBLE, wall time: 0.008548 s
Attempt optimization with max 64 stalls...
Setting timeout of 30 seconds...
Objective: minimize cycles
Invoking external constraint solver (OR-Tools CP-SAT v9.15.6755) ...
INFEASIBLE, wall time: 0.093494 s
Attempt optimization with max 128 stalls...
Setting timeout of 30 seconds...
Objective: minimize cycles
Invoking external constraint solver (OR-Tools CP-SAT v9.15.6755) ...
[0.1100s]: Found 1 solutions so far... objective (minimize cycles): currently  (Cycles ~ 106.0, IPC ~ 0.56), bound  (Cycles ~ 75.0, IPC ~ 0.79)
[0.1870s]: Found 2 solutions so far... objective (minimize cycles): currently  (Cycles ~ 105.0, IPC ~ 0.56), bound  (Cycles ~ 79.0, IPC ~ 0.75)
[0.2093s]: Found 3 solutions so far... objective (minimize cycles): currently  (Cycles ~ 104.0, IPC ~ 0.57), bound  (Cycles ~ 79.0, IPC ~ 0.75)
[0.2181s]: Found 4 solutions so far... objective (minimize cycles): currently  (Cycles ~ 90.0, IPC ~ 0.66), bound  (Cycles ~ 80.0, IPC ~ 0.74)
[0.2218s]: Found 5 solutions so far... objective (minimize cycles): currently  (Cycles ~ 89.0, IPC ~ 0.66), bound  (Cycles ~ 80.0, IPC ~ 0.74)
[0.2313s]: Found 6 solutions so far... objective (minimize cycles): currently  (Cycles ~ 88.0, IPC ~ 0.67), bound  (Cycles ~ 80.0, IPC ~ 0.74)
[0.2394s]: Found 7 solutions so far... objective (minimize cycles): currently  (Cycles ~ 87.0, IPC ~ 0.68), bound  (Cycles ~ 80.0, IPC ~ 0.74)
OPTIMAL, wall time: 0.306622 s
Booleans in result: 399
OK!
LLVM (llvm-mc, llvm-nm, llvm-readobj) not found, disabling selftest. Consider installing LLVM.
Minimum number of stalls: 72
SLOTHY version: 0.2.0
Instructions in body: 58
Perform internal binary search for minimal number of stalls...
Attempt optimization with max 0 stalls...
Setting timeout of 30 seconds...
Objective: minimize cycles
Invoking external constraint solver (OR-Tools CP-SAT v9.15.6755) ...
INFEASIBLE, wall time: 0.001118 s
Attempt optimization with max 1 stalls...
Setting timeout of 30 seconds...
Objective: minimize cycles
Invoking external constraint solver (OR-Tools CP-SAT v9.15.6755) ...
INFEASIBLE, wall time: 0.001545 s
Attempt optimization with max 2 stalls...
Setting timeout of 30 seconds...
Objective: minimize cycles
Invoking external constraint solver (OR-Tools CP-SAT v9.15.6755) ...
INFEASIBLE, wall time: 0.001489 s
Attempt optimization with max 4 stalls...
Setting timeout of 30 seconds...
Objective: minimize cycles
Invoking external constraint solver (OR-Tools CP-SAT v9.15.6755) ...
INFEASIBLE, wall time: 0.001494 s
Attempt optimization with max 8 stalls...
Setting timeout of 30 seconds...
Objective: minimize cycles
Invoking external constraint solver (OR-Tools CP-SAT v9.15.6755) ...
INFEASIBLE, wall time: 0.001448 s
Attempt optimization with max 16 stalls...
Setting timeout of 30 seconds...
Objective: minimize cycles
Invoking external constraint solver (OR-Tools CP-SAT v9.15.6755) ...
INFEASIBLE, wall time: 0.001478 s
Attempt optimization with max 32 stalls...
Setting timeout of 30 seconds...
Objective: minimize cycles
Invoking external constraint solver (OR-Tools CP-SAT v9.15.6755) ...
INFEASIBLE, wall time: 0.007514 s
Attempt optimization with max 64 stalls...
Setting timeout of 30 seconds...
Objective: minimize cycles
Invoking external constraint solver (OR-Tools CP-SAT v9.15.6755) ...
INFEASIBLE, wall time: 0.038903 s
Attempt optimization with max 128 stalls...
Setting timeout of 30 seconds...
Objective: minimize cycles
Invoking external constraint solver (OR-Tools CP-SAT v9.15.6755) ...
[0.1515s]: Found 1 solutions so far... objective (minimize cycles): currently  (Cycles ~ 91.0, IPC ~ 0.64), bound  (Cycles ~ 79.0, IPC ~ 0.73)
[0.1579s]: Found 2 solutions so far... objective (minimize cycles): currently  (Cycles ~ 90.0, IPC ~ 0.64), bound  (Cycles ~ 79.0, IPC ~ 0.73)
OPTIMAL, wall time: 0.207908 s
Booleans in result: 220
OK!
LLVM (llvm-mc, llvm-nm, llvm-readobj) not found, disabling selftest. Consider installing LLVM.
Minimum number of stalls: 75
SLOTHY version: 0.2.0
Instructions in body: 49
Perform internal binary search for minimal number of stalls...
Attempt optimization with max 0 stalls...
Setting timeout of 30 seconds...
Objective: minimize cycles
Invoking external constraint solver (OR-Tools CP-SAT v9.15.6755) ...
INFEASIBLE, wall time: 0.001051 s
Attempt optimization with max 1 stalls...
Setting timeout of 30 seconds...
Objective: minimize cycles
Invoking external constraint solver (OR-Tools CP-SAT v9.15.6755) ...
INFEASIBLE, wall time: 0.001267 s
Attempt optimization with max 2 stalls...
Setting timeout of 30 seconds...
Objective: minimize cycles
Invoking external constraint solver (OR-Tools CP-SAT v9.15.6755) ...
INFEASIBLE, wall time: 0.001376 s
Attempt optimization with max 4 stalls...
Setting timeout of 30 seconds...
Objective: minimize cycles
Invoking external constraint solver (OR-Tools CP-SAT v9.15.6755) ...
INFEASIBLE, wall time: 0.001422 s
Attempt optimization with max 8 stalls...
Setting timeout of 30 seconds...
Objective: minimize cycles
Invoking external constraint solver (OR-Tools CP-SAT v9.15.6755) ...
INFEASIBLE, wall time: 0.001478 s
Attempt optimization with max 16 stalls...
Setting timeout of 30 seconds...
Objective: minimize cycles
Invoking external constraint solver (OR-Tools CP-SAT v9.15.6755) ...
INFEASIBLE, wall time: 0.001473 s
Attempt optimization with max 32 stalls...
Setting timeout of 30 seconds...
Objective: minimize cycles
Invoking external constraint solver (OR-Tools CP-SAT v9.15.6755) ...
INFEASIBLE, wall time: 0.011514 s
Attempt optimization with max 64 stalls...
Setting timeout of 30 seconds...
Objective: minimize cycles
Invoking external constraint solver (OR-Tools CP-SAT v9.15.6755) ...
[0.0494s]: Found 1 solutions so far... objective (minimize cycles): currently  (Cycles ~ 66.0, IPC ~ 0.74), bound  (Cycles ~ 47.0, IPC ~ 1.04)
[0.0561s]: Found 2 solutions so far... objective (minimize cycles): currently  (Cycles ~ 65.0, IPC ~ 0.75), bound  (Cycles ~ 47.0, IPC ~ 1.04)
[0.1401s]: Found 3 solutions so far... objective (minimize cycles): currently  (Cycles ~ 64.0, IPC ~ 0.77), bound  (Cycles ~ 53.0, IPC ~ 0.92)
[0.1780s]: Found 4 solutions so far... objective (minimize cycles): currently  (Cycles ~ 63.0, IPC ~ 0.78), bound  (Cycles ~ 54.0, IPC ~ 0.91)
[0.1878s]: Found 5 solutions so far... objective (minimize cycles): currently  (Cycles ~ 62.0, IPC ~ 0.79), bound  (Cycles ~ 54.0, IPC ~ 0.91)
[0.2092s]: Found 6 solutions so far... objective (minimize cycles): currently  (Cycles ~ 61.0, IPC ~ 0.80), bound  (Cycles ~ 61.0, IPC ~ 0.80)
Closer than 0 stalls to theoretical optimum... stop
OPTIMAL, wall time: 0.212680 s
Booleans in result: 68
OK!
LLVM (llvm-mc, llvm-nm, llvm-readobj) not found, disabling selftest. Consider installing LLVM.
Minimum number of stalls: 48
