SLOTHY version: 0.2.0
Instructions in body: 35
Perform internal binary search for minimal number of stalls...
Attempt optimization with max 0 stalls...
Setting timeout of 120 seconds...
Objective: minimize cycles
Invoking external constraint solver (OR-Tools CP-SAT v9.15.6755) ...
INFEASIBLE, wall time: 0.016967 s
Attempt optimization with max 1 stalls...
Setting timeout of 120 seconds...
Objective: minimize cycles
Invoking external constraint solver (OR-Tools CP-SAT v9.15.6755) ...
INFEASIBLE, wall time: 0.003013 s
Attempt optimization with max 2 stalls...
Setting timeout of 120 seconds...
Objective: minimize cycles
Invoking external constraint solver (OR-Tools CP-SAT v9.15.6755) ...
INFEASIBLE, wall time: 0.002933 s
Attempt optimization with max 4 stalls...
Setting timeout of 120 seconds...
Objective: minimize cycles
Invoking external constraint solver (OR-Tools CP-SAT v9.15.6755) ...
INFEASIBLE, wall time: 0.002880 s
Attempt optimization with max 8 stalls...
Setting timeout of 120 seconds...
Objective: minimize cycles
Invoking external constraint solver (OR-Tools CP-SAT v9.15.6755) ...
INFEASIBLE, wall time: 0.002960 s
Attempt optimization with max 16 stalls...
Setting timeout of 120 seconds...
Objective: minimize cycles
Invoking external constraint solver (OR-Tools CP-SAT v9.15.6755) ...
INFEASIBLE, wall time: 0.018596 s
Attempt optimization with max 32 stalls...
Setting timeout of 120 seconds...
Objective: minimize cycles
Invoking external constraint solver (OR-Tools CP-SAT v9.15.6755) ...
[0.2274s]: Found 1 solutions so far... objective (minimize cycles): currently  (Cycles ~ 39.0, IPC ~ 0.90), bound  (Cycles ~ 27.0, IPC ~ 1.30)
[0.2972s]: Found 2 solutions so far... objective (minimize cycles): currently  (Cycles ~ 38.0, IPC ~ 0.92), bound  (Cycles ~ 27.0, IPC ~ 1.30)
[0.3109s]: Found 3 solutions so far... objective (minimize cycles): currently  (Cycles ~ 37.0, IPC ~ 0.95), bound  (Cycles ~ 27.0, IPC ~ 1.30)
[0.3646s]: Found 4 solutions so far... objective (minimize cycles): currently  (Cycles ~ 34.0, IPC ~ 1.03), bound  (Cycles ~ 29.0, IPC ~ 1.21)
[0.3885s]: Found 5 solutions so far... objective (minimize cycles): currently  (Cycles ~ 33.0, IPC ~ 1.06), bound  (Cycles ~ 29.0, IPC ~ 1.21)
[0.4112s]: Found 6 solutions so far... objective (minimize cycles): currently  (Cycles ~ 32.0, IPC ~ 1.09), bound  (Cycles ~ 30.0, IPC ~ 1.17)
[0.4442s]: Found 7 solutions so far... objective (minimize cycles): currently  (Cycles ~ 31.0, IPC ~ 1.13), bound  (Cycles ~ 31.0, IPC ~ 1.13)
Closer than 0 stalls to theoretical optimum... stop
OPTIMAL, wall time: 0.450127 s
Booleans in result: 728
OK!
LLVM (llvm-mc, llvm-nm, llvm-readobj) not found, disabling selftest. Consider installing LLVM.
Minimum number of stalls: 22
